[06:53:14] [spechunter] PR loaded: #14 riscv-non-isa/riscv-hart-trace-interface — "Notrace"
[06:53:14] [spechunter]   diff: 6623 chars  body: 77 chars  reviews: 0
[06:53:14] [spechunter] Global pre-filter running...
[06:53:37] [spechunter] [text] {"should_skip": false}
[06:53:38] [spechunter] pre-filter: should_skip=False reason=""
[06:53:49] [spechunter] [text] {"should_skip": true, "skip_reason": "Hardware-level trace encoder interface signals (hart-to-trace-encoder wiring) with...
[06:53:51] [spechunter] [text] {"should_skip": true, "skip_reason": "Hardware trace encoder interface spec; QEMU does not emulate the physical hart-to-...
[06:53:52] [spechunter] [text] {"should_skip": false}
[06:53:54] [spechunter] [text] {"should_skip": true, "skip_reason": "Hardware trace encoder interface signal definition (trcstate) with no software-vis...
[06:53:59] [spechunter] [text] {"should_skip": true, "skip_reason": "Hart-to-trace-encoder interface signal changes (trcstate) affect debug/trace hardw...
[06:54:35] [spechunter] [Write] /home/yzs/riscv/XiangShan/smidctrl_threshold_findings.json
[06:54:39] [spechunter] [Read] /home/yzs/riscv/XiangShan/smidctrl_threshold_findings.json
[06:55:47] [spechunter] [Write] /home/yzs/riscv/XiangShan/smidctrl_threshold_findings.json
[06:55:56] [spechunter] [text] ```json {   "violation_condition": "In XiangShan RTL trace interface, the spec-mandated trcstate priority rule ('priorit...
[06:56:11] [spechunter] [TodoWrite] 6 items
[06:56:13] [spechunter] [Grep] pattern='trcstate'
[06:56:13] [spechunter] [Grep] pattern='sec_inhibit'
[06:56:13] [spechunter] [Grep] pattern='halted'
[06:56:13] [spechunter] [Grep] pattern='WFI'
[06:56:23] [spechunter] [Agent] description, prompt
[06:56:34] [spechunter] [text] The initial searches for "trcstate", "sec_inhibit", and "halted" found nothing in `src/main/scala`. Let me broaden the s...
[06:56:34] [spechunter] [Grep] pattern='trcstate'
[06:56:34] [spechunter] [Grep] pattern='sec_inhibit'
[06:56:34] [spechunter] [Grep] pattern='halted'
[06:56:34] [spechunter] [Grep] pattern='notrace'
[06:56:34] [spechunter] [Grep] pattern='TrcState|TRCSTATE|trc_state|TraceState'
[06:56:37] [spechunter] [Glob] **/*trace*/**
[06:56:37] [spechunter] [Glob] **/*trcstate*
[06:56:37] [spechunter] [Glob] **/*Trace*
[06:56:37] [spechunter] [Glob] **/*trace*
[06:56:37] [spechunter] [Glob] **/*encoder*/**
[06:56:37] [spechunter] [Glob] **/*arbitration*/**
[06:57:03] [spechunter] [text] Let me dig deeper into the relevant files — DebugLevel.scala for the `halted` constant, and search for trace-related mod...
[06:57:03] [spechunter] [Read] /home/yzs/riscv/XiangShan/src/main/scala/xiangshan/backend/fu/NewCSR/DebugLevel.scala
[06:57:03] [spechunter] [Grep] pattern='trace|Trace'
[06:57:03] [spechunter] [Grep] pattern='haltGroup|haltReq|halt"'
[06:57:03] [spechunter] [Grep] pattern='inhibit'
[06:57:04] [spechunter] [Grep] pattern='trcstate'
[06:57:04] [spechunter] [Grep] pattern='sec_inhibit'
[06:57:04] [spechunter] [Grep] pattern='Mux1H'
[06:57:04] [spechunter] [Grep] pattern='halted.*trace|trace.*halted'
[06:57:04] [spechunter] [Grep] pattern='synchronization|sync_packet'
[06:57:04] [spechunter] [Grep] pattern='trace.*encoder|trace.*decoder|encoder.*trace|decoder.*trace'
[06:57:04] [spechunter] [Grep] pattern='multihart|multi.?hart|multi_hart'
[06:57:04] [spechunter] [Grep] pattern='halted'
[06:57:04] [spechunter] [Grep] pattern='security'
[06:57:04] [spechunter] [Glob] **/backend/trace/**
[06:57:14] [spechunter] [text] Let me look at the trace subsystem more closely and check for halted-related logic.  
[06:57:14] [spechunter] [Grep] pattern='halted'
[06:57:14] [spechunter] [Grep] pattern='halted'
[06:57:14] [spechunter] [Read] /home/yzs/riscv/XiangShan/src/main/scala/xiangshan/backend/trace/Trace.scala
[06:57:14] [spechunter] [Read] /home/yzs/riscv/XiangShan/src/main/scala/xiangshan/backend/trace/Interface.scala
[06:57:26] [spechunter] [Read] /home/yzs/riscv/XiangShan/src/main/scala/xiangshan/backend/trace/Trace.scala
[06:57:26] [spechunter] [Read] /home/yzs/riscv/XiangShan/src/main/scala/xiangshan/backend/trace/TraceBuffer.scala
[06:57:26] [spechunter] [Read] /home/yzs/riscv/XiangShan/src/main/scala/xiangshan/backend/trace/Interface.scala
[06:57:26] [spechunter] [Grep] pattern='trace'
[06:57:26] [spechunter] [Read] /home/yzs/riscv/XiangShan/src/main/scala/xiangshan/mem/MemTrace.scala
[06:57:26] [spechunter] [Read] /home/yzs/riscv/XiangShan/docs/XSPdb/examples/csr_trace.fsm
[06:57:44] [spechunter] [text] Let me look deeper at the trace buffer and CSR trace-related logic, plus search for debug halt/resume logic.  
[06:57:44] [spechunter] [Read] /home/yzs/riscv/XiangShan/src/main/scala/xiangshan/backend/trace/TraceBuffer.scala
[06:57:44] [spechunter] [Grep] pattern='debugMode|DebugMode|debug_mode|halt|Halt'
[06:57:44] [spechunter] [Grep] pattern='TraceInterface|hart_trace|HartTrace|traceInterface'
[06:57:44] [spechunter] [Grep] pattern='wfi_enable|wfiEnable|wfi_event|wfiEvent|wfiSafe'
[06:58:02] [spechunter] [text] Let me check for a few more relevant patterns to be thorough.  
[06:58:02] [spechunter] [Grep] pattern='srnctl|SRNCTL|SRnctl'
[06:58:02] [spechunter] [Grep] pattern='sdsec|Sdsec|SDSEC'
[06:58:02] [spechunter] [Grep] pattern='singleStepFlag|single_step|SingleStep'
[06:58:02] [spechunter] [Read] /home/yzs/riscv/XiangShan/src/main/scala/xiangshan/backend/fu/NewCSR/CSRCustom.scala
[06:58:07] [spechunter] [Grep] pattern='trace'
[06:58:07] [spechunter] [Grep] pattern='trace'
[06:58:07] [spechunter] [Grep] pattern='trace'
[06:58:07] [spechunter] [Grep] pattern='trace'
[06:58:07] [spechunter] [Grep] pattern='trace'
[06:58:07] [spechunter] [Grep] pattern='trace'
[06:58:07] [spechunter] [Grep] pattern='trace'
[06:58:07] [spechunter] [Grep] pattern='trace'
[06:58:07] [spechunter] [Grep] pattern='trace'
[06:58:07] [spechunter] [Grep] pattern='trace'
[06:58:40] [spechunter] [text] Let me check the srnctl module definition and verify a few more connections.  
[06:58:40] [spechunter] [Read] /home/yzs/riscv/XiangShan/src/main/scala/xiangshan/backend/fu/NewCSR/CSRCustom.scala
[06:58:40] [spechunter] [Grep] pattern='WFI_ENABLE|wfi_enable|wfiEnable'
[06:58:40] [spechunter] [Grep] pattern='traceCoreInterface'
[06:58:43] [spechunter] [Grep] pattern='trace'
[06:58:43] [spechunter] [Grep] pattern='trace'
[06:58:43] [spechunter] [Grep] pattern='trace'
[06:58:43] [spechunter] [Grep] pattern='trace'
[06:58:43] [spechunter] [Grep] pattern='trace'
[06:58:43] [spechunter] [Grep] pattern='trace'
[06:58:43] [spechunter] [Grep] pattern='trace'
[06:58:43] [spechunter] [Grep] pattern='trace'
[06:58:43] [spechunter] [Grep] pattern='trace'
[06:58:43] [spechunter] [Grep] pattern='trace'
[06:58:43] [spechunter] [Grep] pattern='trace'
[06:59:15] [spechunter] [Grep] pattern='trace'
[06:59:15] [spechunter] [Grep] pattern='trace'
[06:59:15] [spechunter] [Grep] pattern='trace'
[06:59:15] [spechunter] [Grep] pattern='trace'
[06:59:15] [spechunter] [Grep] pattern='trace'
[06:59:15] [spechunter] [Grep] pattern='trace'
[06:59:15] [spechunter] [Grep] pattern='trace'
[06:59:15] [spechunter] [Glob] **/*TestTop*
[06:59:15] [spechunter] [Grep] pattern='trace'
[06:59:27] [spechunter] [Grep] pattern='trace'
[06:59:27] [spechunter] [Grep] pattern='trace'
[06:59:27] [spechunter] [Grep] pattern='trace'
[06:59:27] [spechunter] [Glob] **/*trc*
[06:59:27] [spechunter] [Grep] pattern='TraceGroupNum|TraceCoreInterface|FromEncoder|TraceParams|traceParams'
[06:59:30] [spechunter] [text] Now I have a comprehensive picture. Let me summarize the findings.  ```json {   "locations": [     {       "file_path": ...
[07:00:11] [spechunter] [Grep] pattern='trace'
[07:00:11] [spechunter] [Grep] pattern='trace'
[07:00:11] [spechunter] [Grep] pattern='trace'
[07:00:11] [spechunter] [Glob] **/smidctrl_threshold_findings.json
[07:00:11] [spechunter] [Grep] pattern='trcstate|sec_inhibit|halted.*trace|trace.*halted|synchronization|sync_packet|multihart|multi.?hart'
[07:00:11] [spechunter] [Grep] pattern='Mux1H.*trace|trace.*Mux1H'
[07:00:18] [spechunter] [Grep] pattern='trace|trcstate|sec_inhibit|halted|synchronization|sync_packet|multihart'
[07:00:18] [spechunter] [Grep] pattern='Mux1H.*trace|trace.*Mux1H'
[07:01:37] [spechunter] [text] Now let me read the core trace files to understand the actual implementation and find semantically equivalent logic.  
[07:01:37] [spechunter] [Read] /home/yzs/riscv/XiangShan/src/main/scala/xiangshan/backend/trace/Interface.scala
[07:01:37] [spechunter] [Read] /home/yzs/riscv/XiangShan/src/main/scala/xiangshan/backend/trace/Trace.scala
[07:01:37] [spechunter] [Read] /home/yzs/riscv/XiangShan/src/main/scala/xiangshan/backend/trace/TraceBuffer.scala
[07:01:49] [spechunter] [TodoWrite] 6 items
[07:01:58] [spechunter] [text] Now let me dig into the CSR Mux1H trace priority logic, the trace enable/stall mechanism, and multi-hart routing.  
[07:01:58] [spechunter] [Read] /home/yzs/riscv/XiangShan/src/main/scala/xiangshan/backend/fu/NewCSR/NewCSR.scala
[07:01:58] [spechunter] [Read] /home/yzs/riscv/XiangShan/src/main/scala/xiangshan/backend/CtrlBlock.scala
[07:01:58] [spechunter] [Read] /home/yzs/riscv/XiangShan/src/main/scala/xiangshan/L2Top.scala
[07:02:05] [spechunter] [text] Now let me trace the multi-hart trace routing and the debug mode interaction at the top level.  
[07:02:05] [spechunter] [Read] /home/yzs/riscv/XiangShan/src/main/scala/top/Top.scala
[07:02:05] [spechunter] [Read] /home/yzs/riscv/XiangShan/src/main/scala/top/XSNoCTop.scala
[07:02:05] [spechunter] [Read] /home/yzs/riscv/XiangShan/src/main/scala/xiangshan/backend/fu/NewCSR/NewCSR.scala
[07:02:20] [spechunter] [text] Now let me look at the Makefile for "notrace" context, and check the debug module and WFI interaction more closely.  
[07:02:20] [spechunter] [Grep] pattern='notrace|NOTRACE|no_trace|trace.*inhibit|inhibit.*trace'
[07:02:20] [spechunter] [Grep] pattern='debugMode|debug_mode|DebugMode'
[07:02:20] [spechunter] [Grep] pattern='cpu_wfi|WFI|wfi'
[07:02:36] [spechunter] [Grep] pattern='notrace|no_trace|trace.*sec|sec.*trace'
[07:02:36] [spechunter] [Grep] pattern='sec_inhibit|secInhibit|security_inhibit|securityInhibit'
[07:02:36] [spechunter] [Grep] pattern='Mux1H|PriorityEncoder|priority.*encod|MuxLookup'
[07:02:41] [spechunter] [text] Let me check the top-level multi-hart trace routing and the debug-CSR interaction more closely.  
[07:02:41] [spechunter] [Read] /home/yzs/riscv/XiangShan/src/main/scala/top/Top.scala
[07:02:41] [spechunter] [Read] /home/yzs/riscv/XiangShan/src/main/scala/xiangshan/XSTile.scala
[07:03:02] [spechunter] [text] Now I have a comprehensive picture. Let me check a few more specific areas: the trace CSR reset values, and the decode p...
[07:03:02] [spechunter] [Grep] pattern='xRetPermitMod|dretEvent|trapEntryDEvent'
[07:03:03] [spechunter] [Read] /home/yzs/riscv/XiangShan/src/main/scala/xiangshan/backend/fu/NewCSR/NewCSR.scala
[07:03:03] [spechunter] [Read] /home/yzs/riscv/XiangShan/src/main/scala/xiangshan/backend/fu/NewCSR/NewCSR.scala
[07:03:15] [spechunter] [TodoWrite] 6 items
[07:04:13] [spechunter] [text] Now let me write the findings report.  
[07:04:13] [spechunter] [Write] /home/yzs/riscv/XiangShan/smidctrl_threshold_findings.json
[07:04:15] [spechunter] [Read] /home/yzs/riscv/XiangShan/smidctrl_threshold_findings.json
[07:06:01] [spechunter] [text] The file already contains spec-level findings. I'll now add the concrete RTL findings I discovered, mapping the spec vio...
[07:06:01] [spechunter] [Write] /home/yzs/riscv/XiangShan/smidctrl_threshold_findings.json
[07:06:08] [spechunter] [TodoWrite] 6 items
[07:06:19] [spechunter] [text] Analysis complete. Here's a summary of what was found:  **XiangShan currently has NO `sec_inhibit` or `trcstate` in RTL*...
[07:06:37] [spechunter] [text] I'll cross-validate the locations against the PR context of "notrace" by first checking the code for any existing `notra...
[07:06:37] [spechunter] [Grep] pattern='notrace|noTrace|no_trace|Notrace'
[07:06:37] [spechunter] [Grep] pattern='trcstate|trcState'
[07:06:37] [spechunter] [Read] /home/yzs/riscv/XiangShan/src/main/scala/xiangshan/backend/trace/Trace.scala
[07:06:58] [spechunter] [text] Now let me look more deeply at the trace interface and critical trace-related files.  
[07:06:58] [spechunter] [Read] /home/yzs/riscv/XiangShan/src/main/scala/xiangshan/backend/trace/Interface.scala
[07:06:58] [spechunter] [Read] /home/yzs/riscv/XiangShan/src/main/scala/xiangshan/backend/trace/TraceBuffer.scala
[07:06:58] [spechunter] [Grep] pattern='blockCommit'
[07:07:09] [spechunter] [text] Let me look at the CtrlBlock trace wiring and the Rob commit blocking context more carefully.  
[07:07:09] [spechunter] [Read] /home/yzs/riscv/XiangShan/src/main/scala/xiangshan/backend/CtrlBlock.scala
[07:07:09] [spechunter] [Read] /home/yzs/riscv/XiangShan/src/main/scala/xiangshan/backend/rob/Rob.scala
[07:07:09] [spechunter] [Read] /home/yzs/riscv/XiangShan/src/main/scala/xiangshan/backend/rob/Rob.scala
[07:07:24] [spechunter] [text] Let me check the remaining trace-related files to understand the full picture.  
[07:07:24] [spechunter] [Read] /home/yzs/riscv/XiangShan/src/main/scala/xiangshan/XSTileWrap.scala
[07:07:24] [spechunter] [Read] /home/yzs/riscv/XiangShan/src/main/scala/xiangshan/backend/CtrlBlock.scala
[07:07:24] [spechunter] [Grep] pattern='traceCoreInterface|HasTraceIO|traceIO|trace.*io'
[07:08:11] [spechunter] [text] Let me check a few more details to verify the wiring points.  
[07:08:11] [spechunter] [Grep] pattern='wfi_enable|wfi\\.safeFromMem|wfi\\.safeFromFrontend|wfiEvent|wfiSafe'
[07:08:11] [spechunter] [Grep] pattern='traceCoreInterface|toEncoder|fromEncoder'
[07:08:11] [spechunter] [Read] /home/yzs/riscv/XiangShan/src/main/scala/xiangshan/backend/fu/NewCSR/DebugLevel.scala
[07:09:23] [spechunter] [text] Now let me verify the current trace-core interface (which would need new notrace fields) and the key trace output path: ...
[07:09:23] [spechunter] [Read] /home/yzs/riscv/XiangShan/src/main/scala/xiangshan/backend/CtrlBlock.scala
[07:09:23] [spechunter] [Read] /home/yzs/riscv/XiangShan/src/main/scala/xiangshan/backend/fu/NewCSR/NewCSR.scala
[07:09:23] [spechunter] [Read] /home/yzs/riscv/XiangShan/src/main/scala/xiangshan/backend/fu/NewCSR/CSRCustom.scala
[07:10:04] [spechunter] [text] Now I have a complete picture. Let me cross-validate and produce the final ranked set.  **Analysis**: "Notrace" is about...
[07:10:28] [spechunter] [text] I'll systematically search the codebase for each security-relevant code location related to the trace interface.  
[07:10:28] [spechunter] [Agent] description, subagent_type
[07:10:28] [spechunter] [Grep] pattern='trcstate|trcState'
[07:10:28] [spechunter] [Grep] pattern='sec_inhibit|secInhibit'
[07:11:01] [spechunter] [Grep] pattern='trcstate|trcState'
[07:11:01] [spechunter] [Grep] pattern='sec_inhibit|secInhibit|sec_inhi'
[07:11:01] [spechunter] [Grep] pattern='trace.*inhibit|inhibit.*trace|debugInhibit|debug_inhibit'
[07:11:01] [spechunter] [Grep] pattern='TraceEncoder|TraceInterconnect|TraceArbiter|trace_encoder|trace_interconnect|trace_arbit'
[07:11:01] [spechunter] [Grep] pattern='Mux1H.*trc|trc.*Mux1H'
[07:11:01] [spechunter] [Grep] pattern='synchronization.*(packet|timing)|sync_packet|syncPacket'
[07:11:01] [spechunter] [Grep] pattern='halted.*trace|trace.*halted|haltReq.*trace|trace.*haltReq'
[07:11:01] [spechunter] [Grep] pattern='multi.?hart.*trace|trace.*multi.?hart|hartId.*trace|trace.*hart'
[07:11:25] [spechunter] [Grep] pattern='\\bTrace\\b'
[07:11:25] [spechunter] [Grep] pattern='\\btrace\\b'
[07:11:25] [spechunter] [Glob] **/*trace*
[07:11:25] [spechunter] [Glob] **/*Trace*
[07:11:25] [spechunter] [Glob] **/*trc*/**/*.{scala,sv,v,vhd}
[07:11:25] [spechunter] [Glob] **/*debug*/**/*.{scala,sv,v,vhd}
[07:11:46] [spechunter] [Read] /home/yzs/riscv/XiangShan/src/main/scala/xiangshan/backend/trace/Trace.scala
[07:11:46] [spechunter] [Read] /home/yzs/riscv/XiangShan/src/main/scala/xiangshan/backend/trace/TraceBuffer.scala
[07:11:46] [spechunter] [Read] /home/yzs/riscv/XiangShan/src/main/scala/xiangshan/backend/trace/Interface.scala
[07:11:46] [spechunter] [Read] /home/yzs/riscv/XiangShan/src/main/scala/xiangshan/mem/MemTrace.scala
[07:11:46] [spechunter] [Read] /home/yzs/riscv/XiangShan/src/main/scala/xiangshan/XSTile.scala
[07:11:46] [spechunter] [Read] /home/yzs/riscv/XiangShan/src/main/scala/xiangshan/XSCore.scala
[07:12:34] [spechunter] [Grep] pattern='trace|trcstate|sec_inhibit|inhibit|synchronization|Mux1H.*trc'
[07:12:34] [spechunter] [Grep] pattern='trace|trcstate|sec_inhibit|inhibit'
[07:12:34] [spechunter] [Grep] pattern='trace|trcstate|sec_inhibit|inhibit'
[07:12:34] [spechunter] [Grep] pattern='trace|trcstate'
[07:12:34] [spechunter] [Grep] pattern='trace|trcstate'
[07:12:34] [spechunter] [Grep] pattern='trace|trcstate'
[07:12:34] [spechunter] [Grep] pattern='trace|trcstate'
[07:12:34] [spechunter] [Grep] pattern='trace|trcstate|sec_inhibit|inhibit'
[07:13:02] [spechunter] [Grep] pattern='trace|trcstate|sec_inhibit|inhibit'
[07:13:02] [spechunter] [Grep] pattern='trace|trcstate'
[07:13:02] [spechunter] [Grep] pattern='trace|trcstate|encoder|inhibit'
[07:13:02] [spechunter] [Grep] pattern='trace|trcstate|encoder|inhibit'
[07:13:02] [spechunter] [Grep] pattern='trace|trcstate|encoder|inhibit'
[07:13:02] [spechunter] [Grep] pattern='trace|trcstate|encoder|inhibit'
[07:13:02] [spechunter] [Grep] pattern='trace|trcstate|encoder|inhibit'
[07:13:02] [spechunter] [Grep] pattern='trace|trcstate|encoder|inhibit'
[07:13:20] [spechunter] [Grep] pattern='encoder|encode|arbit|interconnect|sink'
[07:13:20] [spechunter] [Read] /home/yzs/riscv/XiangShan/docs/XSPdb/examples/csr_trace.fsm
[07:13:20] [spechunter] [Grep] pattern='FromEncoder|toEncoder|fromEncoder|traceCoreInterface'
[07:13:20] [spechunter] [Read] /home/yzs/riscv/XiangShan/notrace_security_trace_findings.json
[07:13:20] [spechunter] [Read] /home/yzs/riscv/XiangShan/src/main/scala/xiangshan/mem/MemBlock.scala
[07:13:36] [spechunter] [Grep] pattern='trace|Trace|FromEncoder|toEncoder|fromEncoder'
[07:13:36] [spechunter] [Grep] pattern='trace|Trace|trcState|notrace|inhibit|halted|synchronization|Mux1H'
[07:13:36] [spechunter] [Grep] pattern='TraceOn|TraceOff|TraceNotify|traceOn|traceOff|traceNotify'
[07:13:36] [spechunter] [Grep] pattern='trace|trcstate|encoder|inhibit'
[07:13:36] [spechunter] [Grep] pattern='mcountinhibit|Mcountinhibit'
[07:13:47] [spechunter] [Read] /home/yzs/riscv/XiangShan/src/main/scala/xiangshan/backend/CtrlBlock.scala
[07:13:47] [spechunter] [Read] /home/yzs/riscv/XiangShan/src/main/scala/xiangshan/backend/rename/Rename.scala
[07:13:47] [spechunter] [Read] /home/yzs/riscv/XiangShan/src/main/scala/xiangshan/backend/rob/Rob.scala
[07:13:47] [spechunter] [Read] /home/yzs/riscv/XiangShan/src/main/scala/xiangshan/backend/fu/NewCSR/NewCSR.scala
[07:13:47] [spechunter] [Read] /home/yzs/riscv/XiangShan/src/main/scala/xiangshan/backend/fu/NewCSR/DebugLevel.scala
[07:13:47] [spechunter] [Read] /home/yzs/riscv/XiangShan/src/main/scala/xiangshan/backend/fu/NewCSR/DebugLevel.scala
[07:13:47] [spechunter] [Read] /home/yzs/riscv/XiangShan/src/main/scala/xiangshan/Bundle.scala
[07:13:58] [spechunter] [Read] /home/yzs/riscv/XiangShan/src/main/scala/xiangshan/mem/MemBlock.scala
[07:13:58] [spechunter] [Read] /home/yzs/riscv/XiangShan/src/main/scala/xiangshan/backend/fu/NewCSR/MachineLevel.scala
[07:13:58] [spechunter] [Grep] pattern='mcountinhibit'
[07:13:58] [spechunter] [Read] /home/yzs/riscv/XiangShan/src/main/scala/xiangshan/backend/fu/util/Trigger.scala
[07:13:58] [spechunter] [Read] /home/yzs/riscv/XiangShan/src/main/scala/xiangshan/backend/dispatch/Dispatch.scala
[07:13:58] [spechunter] [Grep] pattern='halted|halt|notrace|debug_halt'
[07:14:10] [spechunter] [Grep] pattern='TraceCause|TraceTval|TracePriv|TraceStatus|TraceGrpNum|TraceIaddr|TraceItype|TraceIretire|TraceIlastsize|traceParams'
[07:14:10] [spechunter] [Read] /home/yzs/riscv/XiangShan/src/main/scala/xiangshan/backend/fu/NewCSR/DebugLevel.scala
[07:14:10] [spechunter] [Read] /home/yzs/riscv/XiangShan/src/main/scala/xiangshan/backend/fu/util/DebugCSR.scala
[07:14:10] [spechunter] [Read] /home/yzs/riscv/XiangShan/src/main/scala/xiangshan/backend/fu/CSR.scala
[07:14:29] [spechunter] [Grep] pattern='tracePipe|TracePipe|traceBlockInPipe|TraceBlockInPipe'
[07:14:29] [spechunter] [Grep] pattern='Mux1H.*Sec|Mux1H.*sec|Mux1H.*trace|Mux1H.*Trace|Mux1H.*priv'
[07:14:29] [spechunter] [Grep] pattern='traceSink|trace_sink|TraceSink|TraceEncoder|traceEncoder'
[07:17:55] [spechunter] [text] Now let me read the most critical files to confirm the findings with exact line numbers.  
[07:17:55] [spechunter] [Read] /home/yzs/riscv/XiangShan/src/main/scala/xiangshan/backend/trace/Interface.scala
[07:17:55] [spechunter] [Read] /home/yzs/riscv/XiangShan/src/main/scala/xiangshan/backend/trace/TraceBuffer.scala
[07:17:55] [spechunter] [Read] /home/yzs/riscv/XiangShan/src/main/scala/xiangshan/backend/trace/Trace.scala
[07:17:55] [spechunter] [Read] /home/yzs/riscv/XiangShan/src/main/scala/xiangshan/backend/fu/NewCSR/DebugLevel.scala
[07:18:10] [spechunter] [text] Let me read the remaining critical files.  
[07:18:10] [spechunter] [Read] /home/yzs/riscv/XiangShan/src/main/scala/xiangshan/backend/fu/NewCSR/DebugLevel.scala
[07:18:10] [spechunter] [Read] /home/yzs/riscv/XiangShan/src/main/scala/xiangshan/backend/fu/NewCSR/NewCSR.scala
[07:18:10] [spechunter] [Read] /home/yzs/riscv/XiangShan/src/main/scala/xiangshan/backend/rob/Rob.scala
[07:18:10] [spechunter] [Read] /home/yzs/riscv/XiangShan/src/main/scala/xiangshan/XSTileWrap.scala
[07:18:10] [spechunter] [Read] /home/yzs/riscv/XiangShan/src/main/scala/top/Top.scala
[07:18:58] [spechunter] [Read] /home/yzs/riscv/XiangShan/src/main/scala/xiangshan/backend/CtrlBlock.scala
[07:18:58] [spechunter] [Read] /home/yzs/riscv/XiangShan/src/main/scala/top/XSNoCTop.scala
[07:18:58] [spechunter] [Read] /home/yzs/riscv/XiangShan/src/main/scala/xiangshan/backend/rob/Rob.scala
[07:19:22] [spechunter] [text] Now I have all the data needed. Let me produce the analysis.  
[07:19:22] [spechunter] [Read] /home/yzs/riscv/XiangShan/src/main/scala/xiangshan/backend/fu/NewCSR/NewCSR.scala
[07:20:11] [spechunter] [text] Now I have all the evidence. Here is the complete analysis.  ```json {   "findings": [     {       "file_path": "src/mai...
[19:52:11] [spechunter] PR loaded: #14 riscv-non-isa/riscv-hart-trace-interface — "Notrace"
[19:52:11] [spechunter]   diff: 6623 chars  body: 77 chars  reviews: 0
[19:52:11] [spechunter] Global pre-filter running...
[19:52:23] [spechunter] [text] {"should_skip": false}
[19:52:24] [spechunter] pre-filter: should_skip=False reason=""
[19:52:36] [spechunter] [text] {"should_skip": true, "skip_reason": "Hardware-level hart-to-trace-encoder interface signal change; no software-visible ...
[19:52:41] [spechunter] [text] {"should_skip": true, "skip_reason": "Hardware trace encoder interface signal definition (trcstate sideband signal betwe...
[19:52:47] [spechunter] [text] {"should_skip": true, "skip_reason": "Hardware-level trace encoder sideband signal (trcstate) with no CSR or software-vi...
[19:52:48] [spechunter] [text] {"should_skip": true, "skip_reason": "This is a hardware-level trace encoder interface signal (trcstate) spec between ha...
[19:52:57] [spechunter] [text] {"should_skip": false}
[19:53:29] [spechunter] [text] {  ```json {   "violation_condition": "In XiangShan RTL, if the trace encoder interface implements trcstate[1:0] priorit...
[19:53:46] [spechunter] [Grep] pattern='notrace'
[19:53:46] [spechunter] [Grep] pattern='Notrace'
[19:53:57] [spechunter] [Grep] pattern='notrace'
[19:53:57] [spechunter] [Grep] pattern='notrace'
[19:53:57] [spechunter] [Grep] pattern='notrace'
[19:54:13] [spechunter] [Grep] pattern='notrace|no_trace|NoTrace|NOTRACE'
[19:54:13] [spechunter] [Grep] pattern='trace'
[19:54:15] [spechunter] [text] No results found for "notrace" in the Scala/JSON source files. Let me check a few more locations and variant spellings. ...
[19:54:15] [spechunter] [Bash] Find notrace files at repo root
[19:54:15] [spechunter] [Grep] pattern='[Nn][Oo][Tt][Rr][Aa][Cc][Ee]'
[19:54:15] [spechunter] [Grep] pattern='notrace|NOTRACE|NoTrace'
[19:54:29] [spechunter] [Grep] pattern='notrace'
[19:54:29] [spechunter] [Grep] pattern='Notrace'
[19:54:29] [spechunter] [Grep] pattern='notrace|NOTRACE|no_trace|NoTrace'
[19:54:35] [spechunter] [text] Let me also check the git log for any "notrace" references and look for the trace-related CSR infrastructure
[19:54:35] [spechunter] [Bash] Search git history for notrace references
[19:54:35] [spechunter] [Grep] pattern='NoTrace|no_trace|No_Trace'
[19:54:35] [spechunter] [Grep] pattern='trace'
[19:54:53] [spechunter] [Glob] src/main/scala/**/csr/**/*.scala
[19:54:53] [spechunter] [Grep] pattern='trace'
[19:54:53] [spechunter] [Glob] src/main/scala/**/*trace*
[19:54:59] [spechunter] [text] No literal "notrace" references exist in the codebase. This PR is about a feature that needs to be *introduced*. Let me ...
[19:54:59] [spechunter] [Grep] pattern='WFI|wfi'
[19:54:59] [spechunter] [Grep] pattern='TraceEnable|traceEn|trace_en|TraceEn'
[19:54:59] [spechunter] [Grep] pattern='trcen|TrcEn|TRCEN|trace.*enable|enable.*trace'
[19:55:03] [spechunter] [Read] /home/yzs/riscv/XiangShan/src/main/scala/xiangshan/backend/trace/Trace.scala
[19:55:03] [spechunter] [Read] /home/yzs/riscv/XiangShan/src/main/scala/xiangshan/backend/trace/Interface.scala
[19:55:03] [spechunter] [Read] /home/yzs/riscv/XiangShan/src/main/scala/xiangshan/backend/trace/TraceBuffer.scala
[19:55:11] [spechunter] [text] Let me dig into the trace infrastructure, security mechanisms, and CSR definitions.  
[19:55:11] [spechunter] [Read] /home/yzs/riscv/XiangShan/src/main/scala/xiangshan/backend/trace/TraceBuffer.scala
[19:55:11] [spechunter] [Read] /home/yzs/riscv/XiangShan/src/main/scala/xiangshan/backend/trace/Interface.scala
[19:55:11] [spechunter] [Read] /home/yzs/riscv/XiangShan/src/main/scala/xiangshan/backend/trace/Trace.scala
[19:55:23] [spechunter] [text] Now let me look at the CSR modules for trace-related registers, security mechanisms, and WFI handling
[19:55:23] [spechunter] [Grep] pattern='trace|Trace|TRCEN|trcen'
[19:55:23] [spechunter] [Grep] pattern='WFI|wfi|wait.*interrupt'
[19:55:23] [spechunter] [Grep] pattern='mstateen|mseccfg|security|sec'
[19:55:27] [spechunter] [text] No references to "notrace" were found anywhere in the RTL source tree. The concept has not been implemented yet — the PR...
[19:55:42] [spechunter] [Grep] pattern='fromEncoder|toEncoder|TraceCoreInterface'
[19:55:42] [spechunter] [Grep] pattern='srnctl|SRNCTL|SRnctl'
[19:55:52] [spechunter] [text] Now let me trace the actual WFI interaction with trace, the Srnctl bundle, and how trace is controlled.  
[19:55:52] [spechunter] [Read] /home/yzs/riscv/XiangShan/src/main/scala/xiangshan/backend/fu/NewCSR/CSRCustom.scala
[19:55:52] [spechunter] [Read] /home/yzs/riscv/XiangShan/src/main/scala/xiangshan/backend/CtrlBlock.scala
[19:56:05] [spechunter] [text] Now let me look at how the trace enable path flows and the WFI interaction  
[19:56:05] [spechunter] [Read] /home/yzs/riscv/XiangShan/src/main/scala/xiangshan/XSTileWrap.scala
[19:56:05] [spechunter] [Grep] pattern='wfi|WFI|wfi_enable|wfiEvent|cpu_wfi'
[19:56:25] [spechunter] [text] Now let me trace the full path of the trace pipeline and understand how WFI interacts with trace generation.    
[19:56:25] [spechunter] [Grep] pattern='trace|Trace'
[19:56:25] [spechunter] [Grep] pattern='isWFI|isWFI'
[19:56:38] [spechunter] [text] Let me dig deeper into the ROB trace blocks to see how WFI is recorded in the trace stream
[19:56:38] [spechunter] [Read] /home/yzs/riscv/XiangShan/src/main/scala/xiangshan/backend/rob/Rob.scala
[19:56:38] [spechunter] [Read] /home/yzs/riscv/XiangShan/src/main/scala/xiangshan/backend/rob/RobBundles.scala
[19:56:58] [spechunter] [text] Now let me look for how the trace interacts with the ROB's blockCommit and exception/trap paths for the "notrace" contex...
[19:56:58] [spechunter] [Grep] pattern='blockCommit|traceBlock|blockRobCommit'
[19:56:58] [spechunter] [Grep] pattern='Security|security|notrace|no_trace'
[19:57:10] [spechunter] [Read] /home/yzs/riscv/XiangShan/src/main/scala/xiangshan/backend/fu/NewCSR/MachineLevel.scala
[19:57:10] [spechunter] [Grep] pattern='customCtrl|CustomCSRCtrlIO'
[19:57:15] [spechunter] [Grep] pattern='class CustomCSRCtrlIO|CustomCSRCtrlIO'
[19:57:21] [spechunter] [Read] /home/yzs/riscv/XiangShan/src/main/scala/xiangshan/Bundle.scala
[19:57:21] [spechunter] [Grep] pattern='wfi_enable|wfiEvent|customCtrl'
[19:58:17] [spechunter] [text] Let me check for any existing references in test/documentation files and the CSR definition  
[19:58:17] [spechunter] [Grep] pattern='notrace'
[19:58:17] [spechunter] [Grep] pattern='itrace|iaddrTransType|instrAddrTransType'
[19:58:17] [spechunter] [Grep] pattern='DbEntry|trac'
[19:58:54] [spechunter] [text] Prompt is too long
[19:59:17] [spechunter] [text] Let me verify the actual code at these locations to cross-validate relevance before producing the final set.  
[19:59:17] [spechunter] [Read] /home/yzs/riscv/XiangShan/src/main/scala/xiangshan/backend/trace/Interface.scala
[19:59:17] [spechunter] [Read] /home/yzs/riscv/XiangShan/src/main/scala/xiangshan/backend/trace/Trace.scala
[19:59:17] [spechunter] [Read] /home/yzs/riscv/XiangShan/src/main/scala/xiangshan/backend/trace/TraceBuffer.scala
[19:59:17] [spechunter] [Read] /home/yzs/riscv/XiangShan/notrace_security_trace_findings.json
[19:59:38] [spechunter] [text] Let me also verify the referenced locations in CtrlBlock, Rob, and Rename.  
[19:59:38] [spechunter] [Read] /home/yzs/riscv/XiangShan/src/main/scala/xiangshan/backend/CtrlBlock.scala
[19:59:38] [spechunter] [Read] /home/yzs/riscv/XiangShan/src/main/scala/xiangshan/backend/rob/Rob.scala
[19:59:38] [spechunter] [Read] /home/yzs/riscv/XiangShan/src/main/scala/xiangshan/backend/rename/Rename.scala
[20:00:12] [spechunter] [text] Now let me verify the CtrlBlock trace section and the NewCSR lastPriv sampling referenced in the findings.  
[20:00:12] [spechunter] [Read] /home/yzs/riscv/XiangShan/src/main/scala/xiangshan/backend/CtrlBlock.scala
[20:00:12] [spechunter] [Read] /home/yzs/riscv/XiangShan/src/main/scala/xiangshan/backend/fu/NewCSR/NewCSR.scala
[20:03:34] [spechunter] [text] Now I have enough data to cross-validate. Let me analyze what's real vs. what doesn't belong.  **Analysis:**  1. **Inter...
[20:03:34] [spechunter] [Write] /home/yzs/riscv/XiangShan/notrace_cross_validated_locations.json
[20:03:50] [spechunter] [text] **Cross-validation complete.** Here's the summary:  ### Final location set (8 locations, ranked by relevance)  | Rank | ...
[20:04:12] [spechunter] [text] Let me first read the notrace-related files to find the code locations to analyze.  
[20:04:12] [spechunter] [Read] /home/yzs/riscv/XiangShan/notrace_cross_validated_locations.json
[20:04:12] [spechunter] [Read] /home/yzs/riscv/XiangShan/notrace_security_trace_findings.json
[20:04:34] [spechunter] [text] Now let me read the actual RTL code at all the identified locations.  
[20:04:34] [spechunter] [Read] /home/yzs/riscv/XiangShan/src/main/scala/xiangshan/backend/trace/TraceBuffer.scala
[20:04:34] [spechunter] [Read] /home/yzs/riscv/XiangShan/src/main/scala/xiangshan/backend/trace/Interface.scala
[20:04:34] [spechunter] [Read] /home/yzs/riscv/XiangShan/src/main/scala/xiangshan/backend/trace/Trace.scala
[20:05:07] [spechunter] [Read] /home/yzs/riscv/XiangShan/src/main/scala/xiangshan/backend/CtrlBlock.scala
[20:05:07] [spechunter] [Read] /home/yzs/riscv/XiangShan/src/main/scala/xiangshan/backend/fu/NewCSR/NewCSR.scala
[20:05:07] [spechunter] [Read] /home/yzs/riscv/XiangShan/src/main/scala/xiangshan/backend/rob/Rob.scala
[20:05:07] [spechunter] [Read] /home/yzs/riscv/XiangShan/src/main/scala/xiangshan/backend/rename/Rename.scala
[20:07:15] [spechunter] [text] Now let me check the spec reference directory for any trace-related specifications
[20:07:15] [spechunter] [Bash] List spec reference files
[20:07:15] [spechunter] [Read] /home/yzs/riscv/XiangShan/src/main/scala/xiangshan/backend/fu/NewCSR/NewCSR.scala
[20:07:22] [spechunter] [Bash] Find non-iopmp spec files
[20:11:36] [spechunter] [text] Let me also check the spec references for trace-related specifications, and look at the `Priv` encoding and `NewCSR` con...
[20:11:36] [spechunter] [Bash] List spec directories
[20:11:36] [spechunter] [Grep] pattern='class CircularQueuePtr'
[20:13:07] [spechunter] [text] Let me check some additional details before producing the final analysis.  
[20:13:07] [spechunter] [Grep] pattern='isSystemOp'
[20:13:07] [spechunter] [Grep] pattern='isWFI|isWfi|wfiValid|WFI'
[20:13:07] [spechunter] [Grep] pattern='Ecall|EBREAK|ebreak|ecall|isEcall'
[20:13:15] [spechunter] [Grep] pattern='isXRet|isEcall|isEbreak|isWfi'
[20:13:15] [spechunter] [Grep] pattern='isWfi|isSystemOp|CSROpType'
[20:13:31] [spechunter] [Read] /home/yzs/riscv/XiangShan/src/main/scala/xiangshan/package.scala
[20:13:31] [spechunter] [Grep] pattern='def (jmp|wfi|sys|system)'
[20:22:28] [spechunter] [Grep] pattern='class ArchPrivState|privState :=|privState\\s*:='
[20:22:28] [spechunter] [Grep] pattern='mstatus\\.regOut|mstatus :='
[20:26:04] [spechunter] [text] Now, let me check the spec reference directory for any trace-related specifications.  
[20:26:04] [spechunter] [Bash] Look for trace-related spec files
[20:26:18] [spechunter] [text] Let me read the trace-related spec files (smctr is about "S-mode CSR Trace") and the CSR encoding spec
[20:26:18] [spechunter] [Read] /home/yzs/riscv/rv-isa-sec/spec_ref/riscv-isa-manual/modules/priv/pages/smctr.adoc
[20:26:18] [spechunter] [Grep] pattern='notrace|trcen|trace'
[20:26:54] [spechunter] [Grep] pattern='notrace|trcen|scontext|mcontext|hcontext'
[20:27:35] [spechunter] [text] Let me check a few more details before producing the final analysis.  
[20:27:35] [spechunter] [Grep] pattern='privState :="'
[20:27:35] [spechunter] [Grep] pattern='class PrivState|val privState'
[20:27:36] [spechunter] [text] API Error: 400 {"detail":"Model not found. Please check your BIG_MODEL and SMALL_MODEL configuration."}
