[16:16:06] [spechunter] PR loaded: #164 riscv/riscv-p-spec — "Adding mention of Zmmul dependency"
[16:16:06] [spechunter]   diff: 476 chars  body: 184 chars  reviews: 0
[16:16:06] [spechunter] Global pre-filter running...
[16:16:20] [spechunter] [text] {"should_skip": false}
[16:16:21] [spechunter] pre-filter: should_skip=False reason=""
[16:16:37] [spechunter] [text] {"should_skip": true, "skip_reason": "Documentation clarification of P-extension dependencies; FreeBSD does not support ...
[16:16:39] [spechunter] [text] {"should_skip": true, "skip_reason": "P-extension (Packed SIMD) dependency documentation change has no relevance to M-mo...
[16:16:40] [spechunter] [text] {"should_skip": true, "skip_reason": "Pure documentation clarification adding explicit Zmmul dependency mention in P ext...
[16:16:40] [spechunter] [text] ```json {"should_skip": true, "skip_reason": "Documentation-only change in P-extension (Packed SIMD/DSP) spec adding exp...
[16:16:43] [spechunter] [text] {"should_skip": true, "skip_reason": "Pure documentation clarification making an implicit Zmmul dependency explicit in P...
[13:59:30] [spechunter] PR loaded: #164 riscv/riscv-p-spec — "Adding mention of Zmmul dependency"
[13:59:30] [spechunter]   diff: 476 chars  body: 184 chars  reviews: 0
[13:59:30] [spechunter] Global pre-filter running...
[13:59:48] [spechunter] [text] {"should_skip": false}
[13:59:49] [spechunter] pre-filter: should_skip=False reason=""
[14:00:00] [spechunter] [text] {"should_skip": true, "skip_reason": "P extension (packed SIMD/DSP) spec documentation change adding Zmmul dependency; O...
[14:00:01] [spechunter] [text] {"should_skip": true, "skip_reason": "P extension (Packed SIMD DSP) is not implemented in QEMU and there are no plans to...
[14:00:04] [spechunter] [text] {"should_skip": true, "skip_reason": "P extension (Packed SIMD) is not supported by FreeBSD, and this is a documentation...
[14:00:07] [spechunter] [text] {"should_skip": true, "skip_reason": "Documentation-only dependency clarification for the P (Packed SIMD) extension, whi...
[14:00:09] [spechunter] [text] {"should_skip": true, "skip_reason": "P-extension is a packed SIMD/DSP extension with no Linux kernel support; this is a...
