[18:48:10] [spechunter] PR loaded: #2472 riscv/riscv-isa-manual — "Add note about highest-address TOR in RV32"
[18:48:10] [spechunter]   diff: 973 chars  body: 14 chars  reviews: 0
[18:48:10] [spechunter] Global pre-filter running...
[18:48:19] [spechunter] [text] {"should_skip": false, "skip_reason": "adds security-relevant note about PMP TOR addressing limitation in RV32 — PMP is ...
[18:48:20] [spechunter] pre-filter: should_skip=False reason="adds security-relevant note about PMP TOR addressing limitation in RV32 — PMP is a core hardware security isolation mechanism"
[18:48:27] [spechunter] [text] {"should_skip": false}
[18:48:29] [spechunter] [text] {"should_skip": false}
[18:48:30] [spechunter] [text] {"should_skip": false}
[18:48:36] [spechunter] [text] {"should_skip": false}
[18:48:45] [spechunter] [text] {"should_skip": true, "skip_reason": "Documentation-only note about an RV32 PMP edge case; FreeBSD runs in S-mode and pr...
[18:49:05] [spechunter] [text] {  
[18:49:05] [spechunter] [Grep] pattern='pmp.*tor|TOR.*pmp|pmpaddr.*compare|pmp.*match'
[18:49:05] [spechunter] [Grep] pattern='pmpaddr|pmpcfg|pmp_hart|pmp_is_range'
[18:49:06] [spechunter] [text] ```json {   "violation_condition": "OpenSBI on RV32 with physical address width > XLEN (e.g., 34-bit PA on RV32) uses PM...
[18:49:19] [spechunter] [Read] /home/yzs/riscv/qemu/target/riscv/pmp.c
[18:49:19] [spechunter] [Read] /home/yzs/riscv/qemu/target/riscv/pmp.h
[18:49:23] [spechunter] [Agent] description, subagent_type
[18:49:24] [spechunter] [Grep] pattern='pmpaddr'
[18:49:24] [spechunter] [Grep] pattern='pmpcfg'
[18:49:24] [spechunter] [Grep] pattern='pmp_set|pmp_region_info|SBI_PMU_PMP_SET|smepmp|TOR.*pmpaddr'
[18:49:32] [spechunter] [Bash] List top-level directory structure
[18:49:32] [spechunter] [Glob] **/*pmp*
[18:49:32] [spechunter] [Glob] **/*PMP*
[18:49:33] [spechunter] [Agent] description, subagent_type
[18:49:37] [spechunter] [Read] /home/yzs/riscv/opensbi/include/sbi/sbi_hart_pmp.h
[18:49:37] [spechunter] [Read] /home/yzs/riscv/opensbi/lib/sbi/sbi_hart_pmp.c
[18:49:37] [spechunter] [Read] /home/yzs/riscv/opensbi/locations/pmp_rule_review.json
[18:49:38] [spechunter] [text] {  
[18:49:38] [spechunter] [Agent] description, subagent_type
[18:49:42] [spechunter] [Grep] pattern='PMP_ADDR_MASK|PMP_SHIFT|__riscv_xlen|PMP_COUNT'
[18:49:42] [spechunter] [Grep] pattern='CSR_PMPADDR|CSR_PMPCFG'
[18:49:42] [spechunter] [Grep] pattern='TOR'
[18:49:42] [spechunter] [Grep] pattern='TOR'
[18:49:46] [spechunter] [Glob] src/main/scala/**/*PMP*
[18:49:46] [spechunter] [Glob] src/main/scala/**/*Pmp*
[18:49:46] [spechunter] [Glob] src/main/scala/**/*pmp*
[18:49:48] [spechunter] [Grep] pattern='PMP_SHIFT|PMPADDR_SHIFT|PMP_ADDR_MASK|PMP_SHIFT'
[18:49:48] [spechunter] [Glob] **/riscv_encoding.h
[18:49:48] [spechunter] [Glob] **/riscv_asm.c
[18:49:55] [spechunter] [Read] /home/yzs/riscv/opensbi/include/sbi/riscv_encoding.h
[18:49:55] [spechunter] [Grep] pattern='pmp_set|pmp_get|pmp_disable'
[18:50:00] [spechunter] [Read] /home/yzs/riscv/XiangShan/src/main/scala/xiangshan/PMParameters.scala
[18:50:00] [spechunter] [Read] /home/yzs/riscv/XiangShan/src/main/scala/xiangshan/backend/fu/NewCSR/CSRPMP.scala
[18:50:00] [spechunter] [Read] /home/yzs/riscv/XiangShan/src/main/scala/xiangshan/backend/fu/NewCSR/PMPEntryModule.scala
[18:50:00] [spechunter] [Read] /home/yzs/riscv/XiangShan/src/main/scala/xiangshan/backend/fu/PMP.scala
[18:50:03] [spechunter] [Grep] pattern='pmpaddr|pmpcfg|PMP|TOR|NAPOT'
[18:50:03] [spechunter] [Grep] pattern='pmp|PMP'
[18:50:03] [spechunter] [Grep] pattern='hgatp'
[18:50:03] [spechunter] [Grep] pattern='RV32|rv32|riscv32'
[18:50:03] [spechunter] [Grep] pattern='memblock|phys_addr|max_pfn|max_low_pfn'
[18:50:03] [spechunter] [Grep] pattern='sbi.*pmp|pmp.*sbi|SBI_PMP|sbi_ecall.*pmp'
[18:50:04] [spechunter] [Grep] pattern='PMP_A_TOR|PMP_A_NAPOT|PMP_A_OFF|_PMP_A_'
[18:50:04] [spechunter] [Grep] pattern='SBI_SMEPMP_RESV_ENTRY|SBI_PMP'
[18:50:04] [spechunter] [Grep] pattern='pmp_region_info|pmp_region'
[18:50:05] [spechunter] [text] Now let me check what physical address width combinations QEMU supports for RV32.  
[18:50:05] [spechunter] [Grep] pattern='sv32pa|pa_bits.*34|PHYS_ADDR.*34|rv32.*pa'
[18:50:05] [spechunter] [Grep] pattern='target_ulong.*hwaddr|hwaddr.*target_ulong'
[18:50:05] [spechunter] [Read] /home/yzs/riscv/opensbi/lib/sbi/riscv_asm.c
[18:50:05] [spechunter] [Glob] **/sbi_hart_protection.c
[18:50:05] [spechunter] [Glob] **/sbi_hart_protection.h
[18:50:10] [spechunter] [Read] /home/yzs/riscv/opensbi/include/sbi/riscv_encoding.h
[18:50:10] [spechunter] [Read] /home/yzs/riscv/opensbi/lib/sbi/riscv_asm.c
[18:50:10] [spechunter] [Grep] pattern='PMP_A\\b'
[18:50:13] [spechunter] [Grep] pattern='PMPAddrBits'
[18:50:13] [spechunter] [Grep] pattern='PMPChecker|PMPCheck'
[18:50:13] [spechunter] [Grep] pattern='torMatch|tor_match|lowerBoundMatch|boundMatch'
[18:50:18] [spechunter] [Read] /home/yzs/riscv/opensbi/lib/sbi/sbi_hart_protection.c
[18:50:18] [spechunter] [Read] /home/yzs/riscv/opensbi/include/sbi/sbi_hart_protection.h
[18:50:18] [spechunter] [Grep] pattern='pmp_set|PMP_SHIFT|pmpaddr|TOR|PMP_A_TOR'
[18:50:18] [spechunter] [Grep] pattern='pmp_set|PMP_SHIFT|pmpaddr|TOR|PMP_A_TOR|sbi_platform_pmp'
[18:50:19] [spechunter] [Grep] pattern='\\bpmp\\b|\\bPMP\\b|pmpcfg|pmpaddr'
[18:50:19] [spechunter] [Grep] pattern='\\bTOR\\b|\\bNAPOT\\b|\\btor\\b|\\bnapot\\b'
[18:50:19] [spechunter] [Grep] pattern='hgatp'
[18:50:19] [spechunter] [Read] /home/yzs/riscv/linux/arch/riscv/include/asm/csr.h
[18:50:19] [spechunter] [Read] /home/yzs/riscv/linux/arch/riscv/mm/init.c
[18:50:19] [spechunter] [Read] /home/yzs/riscv/linux/arch/riscv/include/asm/pgtable-32.h
[18:50:24] [spechunter] [Read] /home/yzs/riscv/opensbi/lib/sbi/sbi_domain.c
[18:50:24] [spechunter] [Read] /home/yzs/riscv/opensbi/lib/sbi/riscv_asm.c
[18:50:26] [spechunter] [Grep] pattern='PAddrBits'
[18:50:26] [spechunter] [Grep] pattern='PMPChecker|pmp_check|pmp_match'
[18:50:26] [spechunter] [Grep] pattern='PMPChecker|pmp_check'
[18:50:30] [spechunter] [Read] /home/yzs/riscv/opensbi/lib/sbi/sbi_hart_pmp.c
[18:50:30] [spechunter] [Read] /home/yzs/riscv/opensbi/include/sbi/sbi_domain.h
[18:50:43] [spechunter] [text] Now let me check for TOR-specific address handling in `pmp_set` and domain context switch code.  
[18:50:43] [spechunter] [Grep] pattern='pmp_disable|is_pmp_entry_mapped'
[18:50:43] [spechunter] [Grep] pattern='sbi_domain_context|domain_context'
[18:50:49] [spechunter] [Read] /home/yzs/riscv/opensbi/lib/sbi/sbi_domain_context.c
[18:50:49] [spechunter] [Read] /home/yzs/riscv/opensbi/lib/sbi/riscv_asm.c
[18:50:49] [spechunter] [Read] /home/yzs/riscv/opensbi/include/sbi/riscv_asm.h
[18:50:49] [spechunter] [Grep] pattern='\\bpmp\\b|\\bPMP\\b|pmpcfg|pmpaddr'
[18:50:49] [spechunter] [Grep] pattern='\\bpmp\\b|\\bPMP\\b|pmpcfg|pmpaddr'
[18:50:49] [spechunter] [Grep] pattern='sbi_ext_pmu|SBI_EXT_|sbi_ecall|sbi_major'
[18:50:49] [spechunter] [Grep] pattern='hgatp'
[18:50:49] [spechunter] [Grep] pattern='TOR|NAPOT|tor|napot'
[18:50:49] [spechunter] [Read] /home/yzs/riscv/linux/arch/riscv/include/asm/sbi.h
[18:50:56] [spechunter] [text] Let me check the PMP detection/hart features code and any remaining references.  
[18:50:56] [spechunter] [Read] /home/yzs/riscv/opensbi/lib/sbi/sbi_hart.c
[18:50:56] [spechunter] [Read] /home/yzs/riscv/opensbi/lib/sbi/sbi_hart.c
[18:50:59] [spechunter] [Grep] pattern='pmp_set|PMP_SHIFT|pmpaddr|TOR|PMP_A_TOR'
[18:50:59] [spechunter] [Grep] pattern='pmp_set|PMP_SHIFT|pmpaddr|TOR|PMP_A_TOR'
[18:50:59] [spechunter] [Grep] pattern='pmp_set|PMP_SHIFT|pmpaddr|TOR|PMP_A_TOR'
[18:50:59] [spechunter] [Grep] pattern='pmp_set|PMP_SHIFT|pmpaddr|TOR|PMP_A_TOR'
[18:50:59] [spechunter] [Grep] pattern='pmp_set|PMP_SHIFT|pmpaddr|TOR|PMP_A_TOR'
[18:50:59] [spechunter] [Grep] pattern='pmp_set|PMP_SHIFT|pmpaddr|TOR|PMP_A_TOR'
[18:51:03] [spechunter] [Grep] pattern='case object SoCParamsKey|PAddrBits'
[18:51:03] [spechunter] [Read] /home/yzs/riscv/XiangShan/src/main/scala/xiangshan/cache/mmu/TLB.scala
[18:51:03] [spechunter] [Grep] pattern='class SoCParams|PAddrBits'
[18:51:13] [spechunter] [text] Now I have a comprehensive picture. Let me check a few remaining platform files and the include headers.  
[18:51:13] [spechunter] [Grep] pattern='pmp_set|pmp_disable|PMP_A_TOR|pmpaddr'
[18:51:13] [spechunter] [Read] /home/yzs/riscv/opensbi/include/sbi/sbi_hart_pmp.h
[18:51:13] [spechunter] [Read] /home/yzs/riscv/opensbi/include/sbi/sbi_domain_context.h
[18:51:23] [spechunter] [text] Now let me verify the Sv32 physical address handling in QEMU.  
[18:51:23] [spechunter] [Grep] pattern='sv32|SV32|PGSEL_32'
[18:51:23] [spechunter] [Grep] pattern='pa_size|PGSEL_32|PGSEL|pgsize.*34|phys.*addr.*bits'
[18:51:26] [spechunter] [Grep] pattern='pmp_addr_bits|pmpaddr|pmp_set|PMP_SHIFT|PMP_A_TOR'
[18:51:26] [spechunter] [Read] /home/yzs/riscv/opensbi/include/sbi/sbi_platform.h
[18:51:26] [spechunter] [Grep] pattern='sbi_platform_pmp_set|pmp_set'
[18:51:26] [spechunter] [Grep] pattern='pmp_set|PMP_SHIFT|PMP_A_TOR|TOR'
[18:51:30] [spechunter] [Grep] pattern='pmp|PMP|TOR|NAPOT|pmpcfg|pmpaddr'
[18:51:30] [spechunter] [Read] /home/yzs/riscv/linux/arch/riscv/include/asm/csr.h
[18:51:30] [spechunter] [Grep] pattern='HGATP|CSR_HGATP|hgatp'
[18:51:30] [spechunter] [Grep] pattern='MAX_POSSIBLE_PHYSMEM_BITS|__virt_to_phys|__phys_to_virt|phys_addr'
[18:51:30] [spechunter] [Grep] pattern='tor|TOR|napot|NAPOT|pmp'
[18:51:30] [spechunter] [Read] /home/yzs/riscv/linux/arch/riscv/include/asm/pgtable.h
[18:51:32] [spechunter] [Read] /home/yzs/riscv/XiangShan/src/main/scala/system/SoC.scala
[18:51:32] [spechunter] [Read] /home/yzs/riscv/XiangShan/src/main/scala/xiangshan/frontend/Frontend.scala
[18:51:32] [spechunter] [Grep] pattern='pmp_check|pmpCheck|PMPChecker'
[18:51:45] [spechunter] [Read] /home/yzs/riscv/XiangShan/src/main/scala/xiangshan/backend/fu/PMA.scala
[18:51:45] [spechunter] [Read] /home/yzs/riscv/XiangShan/src/main/scala/xiangshan/backend/fu/NewCSR/NewCSR.scala
[18:51:45] [spechunter] [Read] /home/yzs/riscv/XiangShan/src/main/scala/xiangshan/cache/mmu/TLB.scala
[18:51:50] [spechunter] [Read] /home/yzs/riscv/opensbi/platform/generic/sifive/sifive_dev_platform.c
[18:51:50] [spechunter] [Read] /home/yzs/riscv/opensbi/platform/generic/eswin/eic770x.c
[18:51:50] [spechunter] [Read] /home/yzs/riscv/opensbi/lib/sbi/sbi_hart.c
[18:51:56] [spechunter] [Read] /home/yzs/riscv/linux/arch/riscv/kvm/mmu.c
[18:51:56] [spechunter] [Read] /home/yzs/riscv/linux/arch/riscv/kernel/head.S
[18:51:56] [spechunter] [Read] /home/yzs/riscv/linux/arch/riscv/mm/physaddr.c
[18:51:56] [spechunter] [Grep] pattern='high_memory|highmem|IS_ERR_VALUE|ERR_PTR'
[18:51:56] [spechunter] [Grep] pattern='kvm_riscv_gstage_mode|gstage_pgd_levels|kvm_riscv_gstage_pgd_size'
[18:51:56] [spechunter] [Grep] pattern='PMP|pmp|NAPOT|napot|CSR_PMP'
[18:52:08] [spechunter] [Read] /home/yzs/riscv/XiangShan/src/main/scala/xiangshan/backend/fu/NewCSR/NewCSR.scala
[18:52:08] [spechunter] [Grep] pattern='PMPEntryModule|PMPEntryHandle'
[18:52:08] [spechunter] [Grep] pattern='sbi_domain_get_oldpmp_flags|sbi_domain_get_smepmp_flags'
[18:52:08] [spechunter] [Grep] pattern='pmp_addr_max|pmp_bits|pmp_addr_bits'
[18:52:08] [spechunter] [Grep] pattern='PMP_A_TOR|PMP_A_TOR'
[18:52:28] [spechunter] [Grep] pattern='sbi_domain_get_oldpmp_flags|sbi_domain_get_smepmp_flags'
[18:52:28] [spechunter] [Read] /home/yzs/riscv/opensbi/include/sbi/sbi_domain.h
[18:52:28] [spechunter] [Read] /home/yzs/riscv/XiangShan/src/main/scala/xiangshan/backend/fu/NewCSR/NewCSR.scala
[18:52:28] [spechunter] [Grep] pattern='PMPConst|HasPMParameters'
[18:52:40] [spechunter] [Read] /home/yzs/riscv/XiangShan/src/main/scala/xiangshan/cache/mmu/L2TLB.scala
[18:52:40] [spechunter] [Grep] pattern='PAddrWidth|PAddrBits.*34|paddr.*wider|XLEN.*phys'
[18:52:40] [spechunter] [Grep] pattern='PMPNameMem|IsVirtual|no_translate|pmp_addr'
[18:52:41] [spechunter] [text] Now I have a thorough understanding of the code. Let me finalize the analysis.  ```json {   "violation_condition": "In Q...
[18:52:50] [spechunter] [Read] /home/yzs/riscv/XiangShan/src/main/scala/xiangshan/backend/fu/PMP.scala
[18:52:50] [spechunter] [Read] /home/yzs/riscv/XiangShan/src/main/scala/xiangshan/backend/fu/PMA.scala
[18:52:51] [spechunter] [text] Now I have a complete picture. Here is the JSON report.  ```json {   "locations": [     {       "file_path": "include/sb...
[18:52:55] [spechunter] [Read] /home/yzs/riscv/linux/arch/riscv/kvm/gstage.c
[18:52:55] [spechunter] [Read] /home/yzs/riscv/linux/arch/riscv/include/asm/page.h
[18:52:55] [spechunter] [Grep] pattern='kvm_riscv_gstage_pgd_size|kvm_riscv_gstage_gpa_size|kvm_riscv_gstage_index_bits|kvm_riscv_gstage_pgd_xbits|kvm_riscv_gstage_vmid_bits'
[18:52:58] [spechunter] [Grep] pattern='pmpaddr'
[18:52:58] [spechunter] [Grep] pattern='pmpcfg'
[18:52:58] [spechunter] [Grep] pattern='pmp_update_rule_addr'
[18:52:58] [spechunter] [Grep] pattern='pmp_update_rule_addr.*TOR.*prev_addr << 2|target_ulong.*<< *2.*pmp|pmp.*tor.*target_ulong'
[18:53:02] [spechunter] [TodoWrite] 9 items
[18:53:18] [spechunter] [Read] /home/yzs/riscv/qemu/target/riscv/pmp.c
[18:53:18] [spechunter] [Read] /home/yzs/riscv/qemu/target/riscv/pmp.h
[18:53:18] [spechunter] [Grep] pattern='pmp_update_rule'
[18:53:19] [spechunter] [Grep] pattern='TOR|NAPOT|tor|napot'
[18:53:19] [spechunter] [Grep] pattern='opensbi|OpenSBI|fw_base|fw_dynamic'
[18:53:19] [spechunter] [Grep] pattern='CONFIG_RISCV_M_MODE|M_MODE'
[18:53:19] [spechunter] [Grep] pattern='__virt_to_phys|__phys_to_virt|PAGE_OFFSET|ADDRESS_SPACE_END|MAX_POSSIBLE_PHYSMEM_BITS'
[18:53:19] [spechunter] [Read] /home/yzs/riscv/linux/arch/riscv/include/asm/pgtable.h
[18:53:19] [spechunter] [Grep] pattern='CSR_PMPCFG|CSR_PMPADDR'
[18:53:22] [spechunter] [Grep] pattern='pmp_update_rule_addr'
[18:53:22] [spechunter] [Grep] pattern='pmp_update_rule_addr'
[18:53:22] [spechunter] [Grep] pattern='pmp_update_rule_addr'
[18:53:22] [spechunter] [Grep] pattern='pmpaddr|TOR|pmp_update_rule|prev_addr'
[18:53:27] [spechunter] [Grep] pattern='hart_pmp_get_allowed_addr'
[18:53:27] [spechunter] [Read] /home/yzs/riscv/opensbi/lib/sbi/sbi_domain.c
[18:53:34] [spechunter] [Read] /home/yzs/riscv/qemu/target/riscv/pmp.c
[18:53:34] [spechunter] [Read] /home/yzs/riscv/qemu/target/riscv/pmp.c
[18:53:34] [spechunter] [Grep] pattern='pmpcfg'
[18:53:39] [spechunter] [Grep] pattern='__va_to_pa_nodebug'
[18:53:39] [spechunter] [Grep] pattern='kvm_riscv_gstage_gpa_bits|gpa_bits|gpa_size'
[18:53:39] [spechunter] [Grep] pattern='PMP|pmp'
[18:53:39] [spechunter] [Grep] pattern='PMP|pmp|FWFT'
[18:53:39] [spechunter] [Read] /home/yzs/riscv/linux/arch/riscv/include/asm/pgtable-64.h
[18:53:41] [spechunter] [text] Now let me trace the full call graph and search for related patterns.  
[18:53:41] [spechunter] [Read] /home/yzs/riscv/qemu/target/riscv/machine.c
[18:53:41] [spechunter] [Grep] pattern='pmpaddr_csr_write|pmpcfg_csr_write|pmpaddr_csr_read|pmpcfg_csr_read'
[18:53:41] [spechunter] [Grep] pattern='<< *2.*pmp|pmp.*<< *2|target_ulong.*<<'
[18:53:57] [spechunter] [Grep] pattern='pmpcfg_csr_write|pmp_get_a_field|PMP_AMATCH_TOR'
[18:53:57] [spechunter] [Grep] pattern='PMP_AMATCH_TOR'
[18:53:57] [spechunter] [Grep] pattern='pmpaddr|pmpcfg'
[18:53:57] [spechunter] [Grep] pattern='pmpaddr|pmpcfg|TOR'
[18:54:02] [spechunter] [text] Now let me look at the CSR registration in csr.c and find CPU reset/init and GDB/KVM code paths.  
[18:54:02] [spechunter] [Read] /home/yzs/riscv/qemu/target/riscv/csr.c
[18:54:02] [spechunter] [Grep] pattern='pmp_state|pmpaddr|pmpcfg'
[18:54:02] [spechunter] [Grep] pattern='pmpaddr|pmpcfg|pmp_state'
[18:54:02] [spechunter] [Grep] pattern='pmpaddr|pmpcfg|pmp_state'
[18:54:06] [spechunter] [Read] /home/yzs/riscv/qemu/target/riscv/pmp.c
[18:54:06] [spechunter] [Read] /home/yzs/riscv/qemu/target/riscv/machine.c
[18:54:06] [spechunter] [Read] /home/yzs/riscv/qemu/target/riscv/pmp.c
[18:54:07] [spechunter] [Read] /home/yzs/riscv/opensbi/lib/sbi/sbi_hart.c
[18:54:07] [spechunter] [Grep] pattern='pmp_region_info|PMP_A_TOR|tor'
[18:54:07] [spechunter] [Grep] pattern='PMP_COUNT|pmp_count'
[18:54:07] [spechunter] [Grep] pattern='PMPADDR'
[18:54:11] [spechunter] [TodoWrite] 9 items
[18:54:18] [spechunter] [Read] /home/yzs/riscv/qemu/target/riscv/pmp.h
[18:54:18] [spechunter] [Grep] pattern='pmpaddr|pmpcfg|pmp_entry|pmp_state'
[18:54:18] [spechunter] [text] Now let me check CPU reset/init for PMP, the KVM path, and the CSR registration ranges.  
[18:54:18] [spechunter] [Grep] pattern='pmp|pmpaddr|pmpcfg|pmp_state'
[18:54:18] [spechunter] [Grep] pattern='pmpaddr|pmpcfg|pmp_state'
[18:54:35] [spechunter] [Read] /home/yzs/riscv/qemu/target/riscv/csr.c
[18:54:35] [spechunter] [Grep] pattern='pmp|pmpaddr|pmpcfg'
[18:54:37] [spechunter] [Read] /home/yzs/riscv/qemu/target/riscv/pmp.c
[18:54:37] [spechunter] [Grep] pattern='pmpaddr|pmpcfg|pmp_update_rule'
[18:54:37] [spechunter] [Grep] pattern='pmpaddr|pmpcfg|pmp_update_rule'
[18:54:37] [spechunter] [Grep] pattern='pmpaddr|pmpcfg|pmp_update_rule'
[18:54:40] [spechunter] [Read] /home/yzs/riscv/qemu/target/riscv/csr.c
[18:54:51] [spechunter] [Grep] pattern='pmpaddr|pmpcfg'
[18:54:51] [spechunter] [Grep] pattern='pmpaddr|pmpcfg'
[18:54:51] [spechunter] [Grep] pattern='target_ulong'
[18:55:04] [spechunter] [Grep] pattern='opcode.*CSRRW|CSRRS|CSRRC|CSRRWI|CSRRSI|CSRRCI'
[18:55:04] [spechunter] [Grep] pattern='target_ulong|hwaddr'
[18:55:04] [spechunter] [Grep] pattern='pmp_regions|pmp_num|num_rules'
[18:55:17] [spechunter] [Grep] pattern='PMP_A_TOR'
[18:55:17] [spechunter] [Grep] pattern='pmp_configure|pmp_set|sbi_hart_protection_configure'
[18:55:17] [spechunter] [Grep] pattern='pmp_configure|pmp_set'
[18:55:19] [spechunter] [text] Now let me check the TCG CSR instruction translation path and understand the full write path from instruction to PMP upd...
[18:55:19] [spechunter] [Grep] pattern='trans_csrrw|trans_csrrs|trans_csrrc|trans_csrrwi|trans_csrrsi|trans_csrrci'
[18:55:19] [spechunter] [Grep] pattern='MAX_RISCV_PMPS'
[18:55:25] [spechunter] [Grep] pattern='trans_csrrw|trans_csrrs|trans_csrrc|trans_csrrwi|trans_csrrsi|trans_csrrci'
[18:55:25] [spechunter] [Read] /home/yzs/riscv/qemu/target/riscv/cpu.h
[18:55:34] [spechunter] [text] ```json {   "locations": [     {       "file_path": "target/riscv/pmp.c",       "function_name": "pmp_update_rule_addr",...
[18:55:47] [spechunter] [text] Let me check a few more paths - the TCG CSR translation to see how CSR writes flow, and the `pmp_hart_has_privs` callers...
[18:55:47] [spechunter] [Read] /home/yzs/riscv/qemu/target/riscv/insn_trans/trans_rvi.c.inc
[18:55:47] [spechunter] [Read] /home/yzs/riscv/qemu/target/riscv/cpu_helper.c
[18:55:47] [spechunter] [Read] /home/yzs/riscv/qemu/target/riscv/cpu_helper.c
[18:55:55] [spechunter] [text] Now let me check the `pmp_decode_napot` function for similar shift issues and trace callers of `pmp_update_rule_addr` mo...
[18:55:55] [spechunter] [Read] /home/yzs/riscv/qemu/target/riscv/pmp.c
[18:55:55] [spechunter] [Grep] pattern='pmp_update_rule'
[18:56:06] [spechunter] [text] Let me look at the kernel's PMP handling more directly.  
[18:56:06] [spechunter] [Grep] pattern='PMP|pmp|TOR|NAPOT'
[18:56:06] [spechunter] [Grep] pattern='sbi.*pmp|pmp.*sbi'
[18:56:26] [spechunter] [Grep] pattern='\\bpmp\\b'
[18:56:26] [spechunter] [Grep] pattern='pmpaddr|pmpcfg'
[18:56:34] [spechunter] [Read] /home/yzs/riscv/linux/arch/riscv/kernel/head.S
[18:56:34] [spechunter] [Grep] pattern='PMP'
[18:56:35] [spechunter] [text] Let me check the IOMMU code for related PMP address shift patterns and the TCG CSR write helpers.  
[18:56:35] [spechunter] [Grep] pattern='<< *2|target_ulong.*shift|pmpaddr|pmpcfg'
[18:56:35] [spechunter] [Grep] pattern='do_csrw|do_csrrw'
[18:56:35] [spechunter] [Grep] pattern='static bool do_csrrw|static bool do_csrw'
[18:56:42] [spechunter] [Read] /home/yzs/riscv/qemu/target/riscv/insn_trans/trans_rvi.c.inc
[18:56:42] [spechunter] [Read] /home/yzs/riscv/qemu/target/riscv/cpu.c
[18:56:49] [spechunter] [Grep] pattern='pmp_state|memset.*pmp'
[18:56:49] [spechunter] [Grep] pattern='memset.*env'
[18:56:52] [spechunter] [Read] /home/yzs/riscv/opensbi/platform/generic/eswin/eic770x.c
[18:56:52] [spechunter] [Grep] pattern='csr_write_num|csr_read_num'
[18:56:52] [spechunter] [Grep] pattern='EIC770X_MEMPORT|PMP_FW_START|PMP_COUNT|PMP_FREE|PMP_RESERVED'
[18:57:44] [spechunter] [text] ```json {   "violation_condition": "On RV32 with >32-bit physical addresses (Sv32 PTE format allows PA ≤ 34 bits), M-mod...
[18:57:49] [spechunter] [text] Now I have a comprehensive understanding of the code. Let me check one more thing - the `pmp_decode_napot` call site for...
[18:57:49] [spechunter] [Read] /home/yzs/riscv/qemu/target/riscv/pmp.c
[18:57:49] [spechunter] [Grep] pattern='addr_reg.*=.*val|val.*addr_reg'
[18:57:49] [spechunter] [Read] /home/yzs/riscv/XiangShan/src/main/scala/xiangshan/backend/fu/PMP.scala
[18:57:49] [spechunter] [Read] /home/yzs/riscv/XiangShan/src/main/scala/xiangshan/backend/fu/PMP.scala
[18:57:58] [spechunter] [TodoWrite] 5 items
[18:58:08] [spechunter] [Agent] description, prompt
[18:58:09] [spechunter] [Grep] pattern='pmpaddr'
[18:58:09] [spechunter] [Grep] pattern='PMP_A_TOR|TOR.*pmpcfg|pmpcfg.*TOR'
[18:58:09] [spechunter] [Grep] pattern='Sv32|SV32|sv32'
[18:58:09] [spechunter] [Grep] pattern='CONFIG_RISCV_M_MODE'
[18:58:09] [spechunter] [Grep] pattern='PMP_GRAIN|pmp_grain|pmpgran'
[18:58:10] [spechunter] [Grep] pattern='sbi_domain_root_add_memrange'
[18:58:10] [spechunter] [Read] /home/yzs/riscv/opensbi/findings.json
[18:58:10] [spechunter] [Read] /home/yzs/riscv/opensbi/lib/sbi/sbi_domain.c
[18:58:20] [spechunter] [TodoWrite] 9 items
[18:58:26] [spechunter] [Grep] pattern='pmp|PMP'
[18:58:26] [spechunter] [Grep] pattern='pmp|PMP'
[18:58:26] [spechunter] [Grep] pattern='phys_addr_max|riscv_pmp|sbi_ecall|mstatus'
[18:58:26] [spechunter] [Grep] pattern='XLEN|xlen'
[18:58:29] [spechunter] [Grep] pattern='csr_write_allowed|csr_read_allowed'
[18:58:29] [spechunter] [Glob] **/eswin/eic770x.h
[18:58:29] [spechunter] [Grep] pattern='EIC770X_MEMPORT_BASE|EIC770X_MEMPORT_LIMIT|EIC770X_D|MEMPORT'
[18:58:30] [spechunter] [Glob] arch/riscv/**/*pmp*
[18:58:30] [spechunter] [Glob] arch/riscv/**/*PMP*
[18:58:30] [spechunter] [Grep] pattern='pmp'
[18:58:30] [spechunter] [Grep] pattern='pmpaddr'
[18:58:30] [spechunter] [Grep] pattern='pmpcfg'
[18:58:30] [spechunter] [Grep] pattern='TOR'
[18:58:30] [spechunter] [Grep] pattern='CONFIG_RISCV_M_MODE'
[18:58:38] [spechunter] [Read] /home/yzs/riscv/opensbi/lib/sbi/riscv_asm.c
[18:58:38] [spechunter] [Read] /home/yzs/riscv/opensbi/lib/sbi/sbi_domain.c
[18:58:43] [spechunter] [Grep] pattern='pmp'
[18:58:43] [spechunter] [Grep] pattern='pmp|PMP'
[18:58:43] [spechunter] [Grep] pattern='phys_addr_max'
[18:58:43] [spechunter] [Grep] pattern='sbi_ecall'
[18:58:56] [spechunter] [text] ```json {   "violation_condition": "In an RV32 XiangShan configuration where PAddrBits > XLEN (e.g., PAddrBits=34 with X...
[18:59:11] [spechunter] [Read] /home/yzs/riscv/linux/arch/riscv/include/asm/csr.h
[18:59:11] [spechunter] [Read] /home/yzs/riscv/linux/arch/riscv/kernel/head.S
[18:59:11] [spechunter] [Read] /home/yzs/riscv/linux/arch/riscv/kernel/entry.S
[18:59:11] [spechunter] [Grep] pattern='pmp'
[18:59:11] [spechunter] [Grep] pattern='pmp'
[18:59:13] [spechunter] [Grep] pattern='pmpaddr'
[18:59:13] [spechunter] [Grep] pattern='PMPChecker'
[18:59:13] [spechunter] [Grep] pattern='torMatch|TOR.*match'
[18:59:13] [spechunter] [Grep] pattern='PMPAddrBits|XLEN.*PMP|PMP.*XLEN'
[18:59:13] [spechunter] [Grep] pattern='pmpcfg'
[18:59:13] [spechunter] [Grep] pattern='PMP|pmp'
[18:59:13] [spechunter] [Grep] pattern='pmp|PMP|CSR_PMP'
[18:59:13] [spechunter] [Grep] pattern='riscv_pmp|pmp_set|pmp_get|__sbi_set_pmp'
[18:59:13] [spechunter] [Grep] pattern='CSR_PMP|PMP_A_|PMP_R|PMP_W|PMP_X|PMP_L'
[18:59:20] [spechunter] [Agent] description, prompt
[18:59:20] [spechunter] [Grep] pattern='pmpaddr.*write|WARL.*pmpaddr|pmpaddr.*mask|writeAddr.*pmp|CSRPMP.*addr.*write'
[18:59:20] [spechunter] [Grep] pattern='compare_addr|compareAddr|torMatch|TOR.*match|compare.*pmp'
[18:59:34] [spechunter] [Glob] **/CSRPMP.scala
[18:59:34] [spechunter] [Glob] **/PMPEntryModule.scala
[18:59:34] [spechunter] [Glob] **/PMP.scala
[18:59:34] [spechunter] [Glob] **/PMPChecker.scala
[18:59:34] [spechunter] [Glob] **/PMP*.scala
[18:59:40] [spechunter] [Read] /home/yzs/riscv/linux/arch/riscv/kernel/head.S
[18:59:40] [spechunter] [Read] /home/yzs/riscv/linux/arch/riscv/include/asm/csr.h
[18:59:40] [spechunter] [Read] /home/yzs/riscv/linux/tools/arch/riscv/include/asm/csr.h
[18:59:40] [spechunter] [Grep] pattern='CSR_PMPADDR|CSR_PMPCFG'
[18:59:41] [spechunter] [Read] /home/yzs/riscv/linux/arch/riscv/include/asm/csr.h
[18:59:41] [spechunter] [Grep] pattern='pmp|PMP'
[18:59:41] [spechunter] [Grep] pattern='pmpaddr|pmpcfg|PMPADDR|PMPCFG'
[18:59:41] [spechunter] [Grep] pattern='0xFFFFFFFF'
[18:59:41] [spechunter] [Grep] pattern='0xffffffff|GRAIN|grain'
[18:59:41] [spechunter] [Grep] pattern='sv32|SV32'
[18:59:41] [spechunter] [Grep] pattern='sobpmdpment_csr|sobpmdr_deparse|sbi_ext_pmp'
[18:59:41] [spechunter] [Grep] pattern='__riscv_xlen'
[18:59:41] [spechunter] [Grep] pattern='pmpaddr|PMPAddr|pmp_addr|PMP_Addr'
[18:59:41] [spechunter] [Grep] pattern='torMatch|TOR|tor_'
[18:59:41] [spechunter] [Grep] pattern='pmpaddr|PMPAddr|pmp_addr'
[18:59:41] [spechunter] [Grep] pattern='pmpaddr|PMPAddr|pmp_addr'
[18:59:41] [spechunter] [Grep] pattern='PMPChecker|PmpChecker|pmpChecker|pmp_check'
[18:59:41] [spechunter] [Grep] pattern='PMPChecker|PmpChecker'
[18:59:43] [spechunter] [text] Now I have a complete picture. Let me compile the final report.  
[18:59:43] [spechunter] [Write] /home/yzs/riscv/qemu/analysis_pmp_tor_32bit_wrap.json
[18:59:43] [spechunter] [Read] /home/yzs/riscv/XiangShan/src/main/scala/xiangshan/backend/fu/NewCSR/CSRPMP.scala
[18:59:43] [spechunter] [Read] /home/yzs/riscv/XiangShan/src/main/scala/xiangshan/backend/fu/NewCSR/PMPEntryModule.scala
[18:59:43] [spechunter] [Read] /home/yzs/riscv/XiangShan/src/main/scala/xiangshan/backend/fu/PMP.scala
[18:59:43] [spechunter] [Read] /home/yzs/riscv/XiangShan/src/main/scala/xiangshan/PMParameters.scala
[18:59:55] [spechunter] [Grep] pattern='PMP'
[18:59:55] [spechunter] [Grep] pattern='pmp'
[18:59:55] [spechunter] [Grep] pattern='pmp'
[18:59:55] [spechunter] [Grep] pattern='pmp'
[18:59:55] [spechunter] [Read] /home/yzs/riscv/linux/arch/riscv/include/asm/sbi.h
[18:59:55] [spechunter] [Read] /home/yzs/riscv/linux/arch/riscv/kernel/cpu.c
[19:00:07] [spechunter] [Read] /home/yzs/riscv/XiangShan/src/main/scala/xiangshan/backend/fu/PMP.scala
[19:00:07] [spechunter] [Read] /home/yzs/riscv/XiangShan/src/main/scala/xiangshan/backend/fu/PMP.scala
[19:00:07] [spechunter] [Read] /home/yzs/riscv/XiangShan/src/main/scala/xiangshan/backend/fu/PMP.scala
[19:00:07] [spechunter] [Read] /home/yzs/riscv/XiangShan/src/main/scala/xiangshan/backend/fu/NewCSR/CSRPMP.scala
[19:00:07] [spechunter] [Read] /home/yzs/riscv/XiangShan/src/main/scala/xiangshan/PMParameters.scala
[19:00:07] [spechunter] [Grep] pattern='class PMPChecker'
[19:00:11] [spechunter] [Grep] pattern='writeAddr|write_addr|write\\.addr|pmpaddr.*write|pmpAddr.*write'
[19:00:11] [spechunter] [Grep] pattern='XLEN|xlen|PAddrBits|PMPAddrBits'
[19:00:11] [spechunter] [Grep] pattern='XLEN|xlen|PAddrBits|PMPAddrBits'
[19:00:11] [spechunter] [Grep] pattern='XLEN|xlen|PAddrBits|PMPAddrBits'
[19:00:11] [spechunter] [Grep] pattern='XLEN|xlen|PAddrBits|PMPAddrBits'
[19:00:21] [spechunter] [TodoWrite] 9 items
[19:00:28] [spechunter] [text] Let me also check the tools csr.h and relevant Sv32/PMP references in more detail.  
[19:00:28] [spechunter] [Grep] pattern='PMP_A_TOR|PMP_A_NAPOT|PMP_R|PMP_W|PMP_X|PMP_L|CSR_PMP'
[19:00:28] [spechunter] [Grep] pattern='Sv32|SV32|SV32X4'
[19:00:28] [spechunter] [Grep] pattern='Sv32|SV32'
[19:00:28] [spechunter] [Grep] pattern='Sv32|SV32'
[19:00:28] [spechunter] [Grep] pattern='Sv32|SV32|SV32X4'
[19:00:30] [spechunter] [Read] /home/yzs/riscv/XiangShan/src/main/scala/xiangshan/backend/fu/PMP.scala
[19:00:30] [spechunter] [Read] /home/yzs/riscv/XiangShan/src/main/scala/xiangshan/backend/fu/PMP.scala
[19:00:30] [spechunter] [Read] /home/yzs/riscv/XiangShan/src/main/scala/xiangshan/backend/fu/NewCSR/PMPEntryModule.scala
[19:00:30] [spechunter] [Grep] pattern='pmpaddr|PMPAddr|pmp_addr|writeAddr|addrWrite'
[19:00:30] [spechunter] [Grep] pattern='PMPChecker|PmpChecker|pmp_checker'
[19:00:37] [spechunter] [Grep] pattern='wNoFilter|WARLApply|wfiltermask|WARL.*apply|def wfiltermask|WARL.*mask'
[19:00:37] [spechunter] [Grep] pattern='torMatch|tor_match|compare_addr|compareAddr'
[19:00:37] [spechunter] [Grep] pattern='torMatch|tor_match|compare_addr|compareAddr'
[19:00:39] [spechunter] [Grep] pattern='sv32|SV32|SV32X4'
[19:00:39] [spechunter] [Grep] pattern='sv32|SV32|SV32X4'
[19:00:39] [spechunter] [Grep] pattern='CSR_PMPADDR|CSR_PMPCFG|pmpaddr|PMP_ADDR'
[19:00:39] [spechunter] [Grep] pattern='0x3fffff|.-1'
[19:00:39] [spechunter] [Grep] pattern='max.*addr|MAX.*ADDR|PHYS_MASK|phys_mask'
[19:00:39] [spechunter] [Grep] pattern='pmp_set|setup_pmp|init_pmp|pmp_init'
[19:00:39] [spechunter] [Glob] arch/riscv/kvm/**/*.c
[19:00:43] [spechunter] [Grep] pattern='write_addr|read_addr|writeAddr|readAddr'
[19:00:43] [spechunter] [Grep] pattern='pmpaddr0'
[19:00:43] [spechunter] [Read] /home/yzs/riscv/XiangShan/src/main/scala/xiangshan/backend/fu/PMP.scala
[19:00:43] [spechunter] [Read] /home/yzs/riscv/XiangShan/src/main/scala/xiangshan/backend/fu/NewCSR/NewCSR.scala
[19:00:43] [spechunter] [Read] /home/yzs/riscv/XiangShan/src/main/scala/xiangshan/backend/fu/NewCSR/NewCSR.scala
[19:00:43] [spechunter] [Grep] pattern='pmpaddr'
[19:00:44] [spechunter] [Read] /home/yzs/riscv/linux/arch/riscv/include/asm/pgtable-32.h
[19:00:44] [spechunter] [Grep] pattern='riscv_cbom_block_size|l1tf|pmp|PMP'
[19:00:44] [spechunter] [Grep] pattern='SBI_EXT_PMP|sbi_pmp|SBI_PMP'
[19:00:44] [spechunter] [Grep] pattern='0xFFFFFFFF|0xffffffff'
[19:00:49] [spechunter] [Read] /home/yzs/riscv/XiangShan/src/main/scala/xiangshan/backend/fu/NewCSR/CSRFields.scala
[19:00:49] [spechunter] [Read] /home/yzs/riscv/XiangShan/src/main/scala/xiangshan/backend/fu/NewCSR/CSRFields.scala
[19:00:49] [spechunter] [Grep] pattern='MaskedRegMap'
[19:00:54] [spechunter] [Grep] pattern='PMP_A_TOR|PMP_A_NA4|PMP_A_NAPOT'
[19:00:54] [spechunter] [Grep] pattern='PMP_A_TOR|PMP_A_NA4|PMP_A_NAPOT'
[19:00:54] [spechunter] [Grep] pattern='PMP_A_TOR|PMP_A_NA4|PMP_A_NAPOT'
[19:00:54] [spechunter] [Grep] pattern='mips_p8700_pmp_set'
[19:00:55] [spechunter] [Grep] pattern='pmp|PMP'
[19:00:55] [spechunter] [Grep] pattern='pmp|PMP'
[19:00:55] [spechunter] [Grep] pattern='pmp|PMP'
[19:00:55] [spechunter] [Grep] pattern='pmp|PMU'
[19:00:55] [spechunter] [Grep] pattern='tor|NAPOT|NA4|pmp_a'
[19:00:55] [spechunter] [Grep] pattern='MSECCFG|mseccfg|PMM'
[19:00:55] [spechunter] [Grep] pattern='__riscv_xlen'
[19:00:58] [spechunter] [text] Let me also check the PMP write/read address methods more closely and the remaining consumer files.  
[19:00:58] [spechunter] [Read] /home/yzs/riscv/XiangShan/src/main/scala/xiangshan/backend/fu/PMP.scala
[19:00:58] [spechunter] [Grep] pattern='PMPChecker|pmp_checker|pmp_check\\b'
[19:00:58] [spechunter] [Grep] pattern='PMPChecker|pmp_check'
[19:00:58] [spechunter] [Grep] pattern='PMPChecker|pmp_check|PMP'
[19:00:58] [spechunter] [Grep] pattern='PMPChecker|pmp_check|PMP'
[19:00:58] [spechunter] [Grep] pattern='PMPChecker|TOR|torMatch|pmpaddr'
[19:01:03] [spechunter] [Glob] **/MaskedRegMap*
[19:01:03] [spechunter] [Grep] pattern='RV32|xlen.*32|XLEN.*32|isRV32|rv32'
[19:01:03] [spechunter] [Grep] pattern='RV32|xlen.*32|XLEN.*32|isRV32|rv32'
[19:01:03] [spechunter] [Grep] pattern='RV32|xlen.*32|XLEN.*32|isRV32|rv32'
[19:01:03] [spechunter] [Grep] pattern='RV32|xlen.*32|XLEN.*32|isRV32|rv32'
[19:01:06] [spechunter] [Grep] pattern='kalp|KALP|sobpm|SOBPM'
[19:01:06] [spechunter] [Read] /home/yzs/riscv/linux/arch/riscv/kernel/machine_kexec_file.c
[19:01:06] [spechunter] [Grep] pattern='RISCV_M_MODE'
[19:01:06] [spechunter] [Grep] pattern='RISCV_M_MODE'
[19:01:06] [spechunter] [Read] /home/yzs/riscv/linux/arch/riscv/kernel/alternative.c
[19:01:06] [spechunter] [Grep] pattern='PMP|pmp'
[19:01:07] [spechunter] [Grep] pattern='pmpaddr|PMPAddr|pmp_addr|TOR|torMatch|PMPChecker'
[19:01:07] [spechunter] [Read] /home/yzs/riscv/XiangShan/src/main/scala/xiangshan/backend/fu/NewCSR/NewCSR.scala
[19:01:07] [spechunter] [Grep] pattern='class PMPMethod|trait PMPMethod'
[19:01:07] [spechunter] [Read] /home/yzs/riscv/linux/arch/riscv/Kconfig
[19:01:07] [spechunter] [Grep] pattern='CONFIG_RISCV_M_MODE'
[19:01:07] [spechunter] [Grep] pattern='CONFIG_RISCV_M_MODE'
[19:01:07] [spechunter] [Grep] pattern='SATP_MODE_SV32|SATP_MODE_32|SATP32_MODE|SV32'
[19:01:10] [spechunter] [Grep] pattern='trait PMPCheckMethod|pmp_match_res|is_match'
[19:01:13] [spechunter] [text] Now let me read the core file to verify the exact line numbers and content.  
[19:01:13] [spechunter] [Read] /home/yzs/riscv/qemu/target/riscv/pmp.c
[19:01:13] [spechunter] [Read] /home/yzs/riscv/qemu/target/riscv/pmp.c
[19:01:13] [spechunter] [Read] /home/yzs/riscv/qemu/target/riscv/pmp.c
[19:01:17] [spechunter] [Glob] **/MaskedRegMap*.scala
[19:01:17] [spechunter] [Grep] pattern='hardwire|HardWire|hardWire|hard.*wire.*pmp|pmp.*hard.*wire|upper.*bits.*zero|xlen.*pmpaddr'
[19:01:17] [spechunter] [Grep] pattern='PMPAddrBits.*XLEN|XLEN.*PMPAddr|PAddrBits.*XLEN|XLEN.*PAddrBits|WARL.*mask.*upper'
[19:01:21] [spechunter] [Read] /home/yzs/riscv/XiangShan/src/main/scala/xiangshan/backend/fu/PMP.scala
[19:01:21] [spechunter] [Grep] pattern='pmp_check|PMPChecker'
[19:01:36] [spechunter] [text] Let me look for additional relevant files related to PMP and Sv32 memory configuration.  
[19:01:36] [spechunter] [Grep] pattern='max_pfn|phys_addr|MAX_PHYSMEM|PFN_PHYS|pfn_base'
[19:01:36] [spechunter] [Grep] pattern='RISCV_M_MODE|M_MODE'
[19:01:36] [spechunter] [Grep] pattern='MAX_POSSIBLE_PHYSMEM_BITS'
[19:01:36] [spechunter] [Grep] pattern='RISCV_ALTERNATIVE_EARLY|M_MODE'
[19:01:36] [spechunter] [Grep] pattern='SATP_MODE_32|SATP32_MODE'
[19:01:40] [spechunter] [Grep] pattern='RISCV_M_MODE|PMP'
[19:01:40] [spechunter] [Grep] pattern='RISCV_M_MODE|PMP'
[19:01:40] [spechunter] [Grep] pattern='RISCV_M_MODE|PMP'
[19:01:40] [spechunter] [Grep] pattern='RISCV_M_MODE|PMP'
[19:01:40] [spechunter] [Read] /home/yzs/riscv/linux/tmp/pmap_rule_audit.json
[19:01:40] [spechunter] [Read] /home/yzs/riscv/linux/tmp/pr2397_audit.json
[19:01:40] [spechunter] [Read] /home/yzs/riscv/linux/tools/arch/riscv/include/asm/csr.h
[19:01:44] [spechunter] [Read] /home/yzs/riscv/qemu/target/riscv/machine.c
[19:01:44] [spechunter] [Read] /home/yzs/riscv/qemu/target/riscv/pmp.c
[19:01:56] [spechunter] [Grep] pattern='TOR.*pmpaddr|pmpaddr.*TOR|highest.*TOR|TOR.*highest|PMP.*unwrap|wrap.*PMP'
[19:01:56] [spechunter] [Read] /home/yzs/riscv/linux/arch/riscv/kernel/head.S
[19:01:56] [spechunter] [Read] /home/yzs/riscv/linux/arch/riscv/kernel/head.S
[19:01:56] [spechunter] [Read] /home/yzs/riscv/linux/arch/riscv/mm/init.c
[19:02:00] [spechunter] [Read] /home/yzs/riscv/linux/tmp/pmap_rule_audit.json
[19:02:00] [spechunter] [Read] /home/yzs/riscv/linux/tmp/pr2397_audit.json
[19:02:00] [spechunter] [Grep] pattern='pmp|RISCV_M_MODE'
[19:02:00] [spechunter] [Grep] pattern='pmp|RISCV_M_MODE'
[19:02:09] [spechunter] [Grep] pattern='MaskedRegMap'
[19:02:09] [spechunter] [Grep] pattern='class CSRModule|def write|w\\.wdata|w\\.wen|\\.wdata\\b'
[19:02:24] [spechunter] [Read] /home/yzs/riscv/opensbi/lib/sbi/sbi_domain.c
[19:02:24] [spechunter] [Grep] pattern='sbi_domain_root_add_memrange'
[19:02:24] [spechunter] [Glob] **/generic_early_init*
[19:02:39] [spechunter] [text] Here is the complete JSON result:  ```json {   "locations": [     {       "file_path": "src/main/scala/xiangshan/backend...
[19:02:39] [spechunter] [Grep] pattern='sbi_domain_root_add_memrange.*fw|FW.*sbi_domain_root_add_memrange'
[19:02:39] [spechunter] [Grep] pattern='sbi_domain_root_add_memrange'
[19:02:41] [spechunter] [text] Now let me check the remaining files for line accuracy.  
[19:02:41] [spechunter] [Read] /home/yzs/riscv/qemu/target/riscv/pmp.c
[19:02:41] [spechunter] [Read] /home/yzs/riscv/qemu/target/riscv/pmp.c
[19:02:42] [spechunter] [Grep] pattern='class CSRAddrWriteBundle|wdata.*wfn|wfn.*wdata|write.*reg|w\\.bits|\\.reg := '
[19:02:42] [spechunter] [Glob] **/CSRBundles.scala
[19:02:48] [spechunter] [text] Now I have all the data needed. Here is the JSON report:  ```json {   "locations": [     {       "file_path": "arch/risc...
[19:03:35] [spechunter] [text] Now let me verify the remaining referenced locations for line accuracy:  
[19:03:35] [spechunter] [Read] /home/yzs/riscv/qemu/target/riscv/pmp.h
[19:03:35] [spechunter] [Read] /home/yzs/riscv/qemu/target/riscv/csr.c
[19:03:43] [spechunter] [Grep] pattern='fw_start|fw_size'
[19:03:43] [spechunter] [Grep] pattern='pmpaddr_csr|CSR_PMPADDR'
[19:04:18] [spechunter] [Read] /home/yzs/riscv/XiangShan/src/main/scala/xiangshan/backend/fu/NewCSR/CSRBundles.scala
[19:04:18] [spechunter] [Grep] pattern='class CSRModule|class CSRAddrWriteBundle|def regUpdate|\\.reg\\b.*:=|writeReg|w\\.wdata|wfn'
[02:12:02] [spechunter] PR loaded: #2472 riscv/riscv-isa-manual — "Add note about highest-address TOR in RV32"
[02:12:02] [spechunter]   diff: 973 chars  body: 14 chars  reviews: 0
[02:12:02] [spechunter] Global pre-filter running...
[02:12:17] [spechunter] [text] {"should_skip": false}
[02:12:18] [spechunter] pre-filter: should_skip=False reason=""
[02:12:31] [spechunter] [text] {"should_skip": false}
[02:12:32] [spechunter] [text] {"should_skip": false}
[02:12:38] [spechunter] [text] {"should_skip": false}
[02:12:46] [spechunter] [text] {"should_skip": true, "skip_reason": "informational PMP documentation note with no CSR/instruction/behavior change"}
[02:12:53] [spechunter] [text] ```json {"should_skip": false, "skip_reason": "PMP is a security mechanism used by the Linux kernel; this note documents...
[02:13:26] [spechunter] [text] ```json {   "violation_condition": "In XiangShan RTL, PMP TOR (Top-of-Range) entry i with pmpaddr_i = all-1s (maximum re...
[02:13:33] [spechunter] [text] ```json {   "violation_condition": "On RV32 with Sv32p34 (34-bit physical addresses), the kernel configures a TOR PMP en...
[02:13:46] [spechunter] [Agent] description, prompt
[02:13:51] [spechunter] [Grep] pattern='pmpaddr'
[02:13:51] [spechunter] [Grep] pattern='pmpcfg'
[02:13:51] [spechunter] [Grep] pattern='PMP_.*TOR|TOR.*pmpaddr|tor.*pmp'
[02:14:02] [spechunter] [Glob] **/*[Pp][Mm][Pp]*.{scala,v}
[02:14:02] [spechunter] [Grep] pattern='PMPChecker'
[02:14:02] [spechunter] [Grep] pattern='pmpaddr|pmpcfg'
[02:14:02] [spechunter] [Grep] pattern='TopOfRange|TOR'
[02:14:02] [spechunter] [Grep] pattern='PhysicalMemoryProtection'
[02:14:05] [spechunter] [TodoWrite] 5 items
[02:14:08] [spechunter] [Grep] pattern='pmpaddr'
[02:14:08] [spechunter] [Grep] pattern='pmpcfg'
[02:14:08] [spechunter] [Grep] pattern='PMPChecker'
[02:14:08] [spechunter] [Grep] pattern='class PMP\\b|object PMP\\b|PMP\\b.*Module|def\\s+.*PMP|when.*PMP|PMP\\w+Addr'
[02:14:08] [spechunter] [Grep] pattern='TOR'
[02:14:13] [spechunter] [text] ```json {   "violation_condition": "In OpenSBI on RV32 with physical address width > 32 bits (e.g., Sv32x4 with 34-bit P...
[02:14:17] [spechunter] [Read] /home/yzs/riscv/XiangShan/src/main/scala/xiangshan/backend/fu/PMP.scala
[02:14:17] [spechunter] [Read] /home/yzs/riscv/XiangShan/src/main/scala/xiangshan/backend/fu/NewCSR/CSRPMP.scala
[02:14:17] [spechunter] [Read] /home/yzs/riscv/XiangShan/src/main/scala/xiangshan/backend/fu/NewCSR/PMPEntryModule.scala
[02:14:17] [spechunter] [Read] /home/yzs/riscv/XiangShan/src/main/scala/xiangshan/PMParameters.scala
[02:14:17] [spechunter] [Read] /home/yzs/riscv/XiangShan/src/main/scala/xiangshan/backend/fu/NewCSR/NewCSR.scala
[02:14:23] [spechunter] [Read] /home/yzs/riscv/XiangShan/src/main/scala/xiangshan/backend/fu/PMP.scala
[02:14:23] [spechunter] [Read] /home/yzs/riscv/XiangShan/src/main/scala/xiangshan/backend/fu/PMP.scala
[02:14:23] [spechunter] [Read] /home/yzs/riscv/XiangShan/src/main/scala/xiangshan/backend/fu/PMP.scala
[02:14:23] [spechunter] [Read] /home/yzs/riscv/XiangShan/src/main/scala/xiangshan/backend/fu/NewCSR/CSRPMP.scala
[02:14:23] [spechunter] [Read] /home/yzs/riscv/XiangShan/src/main/scala/xiangshan/backend/fu/NewCSR/PMPEntryModule.scala
[02:14:23] [spechunter] [Read] /home/yzs/riscv/XiangShan/src/main/scala/xiangshan/PMParameters.scala
[02:14:24] [spechunter] [Grep] pattern='__pmp_set|pmp_set_range|riscv_pmp'
[02:14:24] [spechunter] [Grep] pattern='pmpaddr.*TOR|TOR.*pmpaddr|PMP_.*TOR'
[02:14:24] [spechunter] [Glob] **/pmp*
[02:14:24] [spechunter] [text] The initial searches hit mostly tmp/ artifacts. Let me search the actual kernel source tree.  
[02:14:24] [spechunter] [Grep] pattern='pmpaddr|pmpcfg'
[02:14:24] [spechunter] [Grep] pattern='__pmp_set|pmp_set_range|riscv_pmp'
[02:14:24] [spechunter] [Grep] pattern='PMPADDR|PMPCFG|PMP_|TOR'
[02:14:33] [spechunter] [Grep] pattern='pmpaddr'
[02:14:33] [spechunter] [Grep] pattern='pmpcfg'
[02:14:33] [spechunter] [Grep] pattern='TOR'
[02:14:33] [spechunter] [Grep] pattern='Sv32|physical.?address.?extension'
[02:14:33] [spechunter] [Grep] pattern='pmp_set|pmp_region|sbi_domain.*addr|PMP_TOR.*addr|pmpaddr.*=(0x[fF]|~0|PMP_ADDR_MASK)|__pmp_entry_new|domain_memregion.*end'
[02:14:35] [spechunter] [TodoWrite] 4 items
[02:14:39] [spechunter] [Grep] pattern='pmp'
[02:14:39] [spechunter] [Grep] pattern='__pmp_set|pmp_set_range|riscv_pmp'
[02:14:46] [spechunter] [text] Found the PMP CSR definitions. Let me now search for actual PMP implementation code throughout the kernel tree.  
[02:14:46] [spechunter] [Grep] pattern='pmp|CSR_PMP'
[02:14:46] [spechunter] [Grep] pattern='pmp|CSR_PMP'
[02:14:49] [spechunter] [Grep] pattern='PMPChecker|PMPCheck'
[02:14:49] [spechunter] [Grep] pattern='PMPChecker|PMPCheck'
[02:14:49] [spechunter] [Grep] pattern='PMPChecker|PMPCheck'
[02:14:49] [spechunter] [Grep] pattern='PMPChecker|PMPCheck'
[02:14:49] [spechunter] [Grep] pattern='PMPChecker|PMPCheck'
[02:14:49] [spechunter] [Grep] pattern='pmp|PMP'
[02:14:54] [spechunter] [text] Let me drill into the key files more closely.  
[02:14:54] [spechunter] [Grep] pattern='PMP_TOR|PMP_NAPOT|PMP_OFF|PMP_A_|pmp_flags|PMP_ADDR_MASK'
[02:14:54] [spechunter] [Grep] pattern='PMP_SHIFT|__riscv_xlen|XLEN|RV32'
[02:14:54] [spechunter] [Read] /home/yzs/riscv/opensbi/lib/sbi/sbi_hart_pmp.c
[02:14:54] [spechunter] [Read] /home/yzs/riscv/opensbi/lib/sbi/riscv_asm.c
[02:14:55] [spechunter] [Read] /home/yzs/riscv/linux/arch/riscv/kernel/head.S
[02:14:55] [spechunter] [Grep] pattern='pmpaddr|pmpcfg'
[02:14:55] [spechunter] [Grep] pattern='CSR_PMPADDR|CSR_PMPCFG|write_pmp|set_pmp'
[02:15:03] [spechunter] [Read] /home/yzs/riscv/opensbi/include/sbi/riscv_encoding.h
[02:15:03] [spechunter] [Read] /home/yzs/riscv/opensbi/lib/sbi/sbi_domain.c
[02:15:03] [spechunter] [Read] /home/yzs/riscv/opensbi/include/sbi/sbi_domain.h
[02:15:03] [spechunter] [Grep] pattern='pmp_addr_max|pmp_bits|addrbits'
[02:15:03] [spechunter] [text] Let me now do more targeted searches for the actual PMP implementation, TOR usage, and related functions.  
[02:15:03] [spechunter] [Grep] pattern='PMP_A_TOR|PMP_A_NAPOT|PMP_A_NA4|PMP_R\\b|PMP_W\\b|PMP_X\\b|PMP_L\\b'
[02:15:03] [spechunter] [Grep] pattern='CSR_PMP'
[02:15:03] [spechunter] [Grep] pattern='pmp_addr|pmp_cfg|pmp_set|pmp_check|pmp_init|_pmp_'
[02:15:05] [spechunter] [Grep] pattern='pmp.*tor|pmpaddr.*<<|PMP_SHIFT|pmp_is_range_in_tor|pmp_hart_has_privs'
[02:15:05] [spechunter] [Grep] pattern='target_ulong.*pmpaddr|pmpaddr.*target_ulong|uint32_t.*pmp'
[02:15:12] [spechunter] [Agent] description, subagent_type
[02:15:12] [spechunter] [Grep] pattern='pmp_set|pmp_region|__pmp_entry_new|pmpaddr'
[02:15:12] [spechunter] [Grep] pattern='PMP_TOR|PMP_ADDR_MASK|PMP_ACCS_MASK'
[02:15:12] [spechunter] [Grep] pattern='domain_memregion|sbi_domain.*addr|memregion.*end'
[02:15:14] [spechunter] [Grep] pattern='pmp_check|pmpChecker|pmp_checker'
[02:15:14] [spechunter] [Grep] pattern='pmp_check|pmpChecker|pmp_checker'
[02:15:14] [spechunter] [Grep] pattern='pmp_check|pmpChecker|pmp_checker'
[02:15:14] [spechunter] [Grep] pattern='pmpcfg0|pmpaddr0|pmpcfg|pmpaddr'
[02:15:14] [spechunter] [Grep] pattern='PMPChecker|PMPCheck'
[02:15:14] [spechunter] [Grep] pattern='pmp|PMP'
[02:15:19] [spechunter] [Grep] pattern='pmp_set|pmp_region|PMP_CFG|PMPCFG|PMPADDR|TOR'
[02:15:19] [spechunter] [Grep] pattern='pmp'
[02:15:22] [spechunter] [Read] /home/yzs/riscv/qemu/target/riscv/pmp.c
[02:15:22] [spechunter] [Read] /home/yzs/riscv/qemu/target/riscv/pmp.h
[02:15:24] [spechunter] [Grep] pattern='pmp|PMP'
[02:15:24] [spechunter] [Grep] pattern='pmp|PMP'
[02:15:24] [spechunter] [Grep] pattern='TOR'
[02:15:29] [spechunter] [Glob] **/*pmp*
[02:15:29] [spechunter] [Glob] **/*domain*
[02:15:29] [spechunter] [Grep] pattern='pmp_set|pmp_region|__pmp_entry_new|pmp_entry'
[02:15:29] [spechunter] [Grep] pattern='PMP_TOR|pmpaddr|PMP_ADDR_MASK'
[02:15:29] [spechunter] [Grep] pattern='memregion|mem_region'
[02:15:35] [spechunter] [Grep] pattern='pmp|PMP'
[02:15:35] [spechunter] [Grep] pattern='SBI_EXT.*PMP|sbi.*pmp|pmp.*sbi'
[02:15:35] [spechunter] [Grep] pattern='pmp'
[02:15:35] [spechunter] [text] Let me narrow the search to RISC-V specific files and look for PMP logic in the kernel and KVM.  
[02:15:35] [spechunter] [Bash] Search for PMP CSR references in arch/riscv, drivers, include
[02:15:35] [spechunter] [Bash] Search PMP in KVM directory
[02:15:41] [spechunter] [Grep] pattern='PMA|pma|PMAMethod|PMACheckMethod'
[02:15:41] [spechunter] [Grep] pattern='pmp|PMP'
[02:15:41] [spechunter] [Grep] pattern='pmp|PMP'
[02:15:41] [spechunter] [Grep] pattern='pmp|PMP'
[02:15:41] [spechunter] [Read] /home/yzs/riscv/XiangShan/src/main/scala/device/TLPMA/TLPMA.scala
[02:15:41] [spechunter] [Read] /home/yzs/riscv/XiangShan/ChiselIOPMP/src/main/scala/IopmpChecker.scala
[02:15:42] [spechunter] [text] Let me read the critical TOR matching logic more closely.  
[02:15:42] [spechunter] [Read] /home/yzs/riscv/XiangShan/src/main/scala/xiangshan/backend/fu/PMP.scala
[02:15:42] [spechunter] [Read] /home/yzs/riscv/XiangShan/src/main/scala/xiangshan/backend/fu/PMP.scala
[02:15:42] [spechunter] [Read] /home/yzs/riscv/XiangShan/src/main/scala/xiangshan/backend/fu/PMP.scala
[02:15:42] [spechunter] [Grep] pattern='pmp_match_res|pma_match_res|ParallelPriorityMux|pmpDefault'
[02:15:42] [spechunter] [Grep] pattern='pmp_addr_bits|pmp_gran|PMP_SHIFT|pmp_bits|pmp_log2gran|pmp_count'
[02:15:42] [spechunter] [Read] /home/yzs/riscv/opensbi/lib/sbi/sbi_init.c
[02:15:42] [spechunter] [Read] /home/yzs/riscv/opensbi/include/sbi/sbi_hart_pmp.h
[02:15:43] [spechunter] [Grep] pattern='pmpaddr|pmpcfg|pmp_set|pmp_region|CSR_PMP'
[02:15:53] [spechunter] [text] Let me check for SBI PMP extension references and OpenSBI PMP bindings.  
[02:15:53] [spechunter] [Grep] pattern='PMP|pmp'
[02:15:53] [spechunter] [Grep] pattern='CSR_PMP|PMP_A_TOR|pmpaddr|pmpcfg'
[02:15:53] [spechunter] [Read] /home/yzs/riscv/linux/arch/riscv/include/asm/csr.h
[02:15:54] [spechunter] [Read] /home/yzs/riscv/opensbi/include/sbi/sbi_hart_pmp.h
[02:15:54] [spechunter] [Read] /home/yzs/riscv/opensbi/lib/sbi/sbi_hart_pmp.c
[02:15:54] [spechunter] [Read] /home/yzs/riscv/opensbi/include/sbi/sbi_domain.h
[02:15:54] [spechunter] [Read] /home/yzs/riscv/opensbi/lib/sbi/sbi_domain.c
[02:15:54] [spechunter] [Read] /home/yzs/riscv/opensbi/include/sbi/riscv_encoding.h
[02:15:54] [spechunter] [Read] /home/yzs/riscv/opensbi/include/sbi/sbi_domain_data.h
[02:15:54] [spechunter] [Read] /home/yzs/riscv/opensbi/lib/sbi/sbi_domain_data.c
[02:15:54] [spechunter] [Read] /home/yzs/riscv/opensbi/include/sbi/sbi_domain_context.h
[02:16:00] [spechunter] [Grep] pattern='pmpaddr|pmpcfg|pmp_set|PMP'
[02:16:00] [spechunter] [Grep] pattern='pmpaddr|pmpcfg|pmp_set|PMP'
[02:16:00] [spechunter] [Bash] Search for PMP-related code in core kernel
[02:16:00] [spechunter] [Read] /home/yzs/riscv/linux/arch/riscv/kernel/head.S
[02:16:00] [spechunter] [Grep] pattern='pmp|CSR_PMP|pmpaddr|pmpcfg'
[02:16:05] [spechunter] [Grep] pattern='PMAMethod|PMACheckMethod|PMAConfigEntry|PMAConst'
[02:16:05] [spechunter] [Grep] pattern='pmp|PMP'
[02:16:05] [spechunter] [Grep] pattern='pmp_check\\(|pmp\\('
[02:16:05] [spechunter] [Grep] pattern='pmp|PMP'
[02:16:05] [spechunter] [Grep] pattern='HasPMP|HasPMA|PMParameters'
[02:16:05] [spechunter] [Read] /home/yzs/riscv/opensbi/platform/generic/mips/p8700.c
[02:16:05] [spechunter] [Read] /home/yzs/riscv/opensbi/platform/generic/eswin/eic770x.c
[02:16:05] [spechunter] [Grep] pattern='pmp_set|pmp_disable|pmp_get'
[02:16:08] [spechunter] [Bash] Search PMP in arch/riscv non-boot files
[02:16:10] [spechunter] [Grep] pattern='pmp|PMP|TOR'
[02:16:10] [spechunter] [Grep] pattern='pmp|TOR'
[02:16:10] [spechunter] [Grep] pattern='pmp|PMP'
[02:16:14] [spechunter] [Read] /home/yzs/riscv/opensbi/include/sbi/riscv_asm.h
[02:16:14] [spechunter] [Read] /home/yzs/riscv/opensbi/lib/sbi/riscv_asm.c
[02:16:14] [spechunter] [Grep] pattern='pmpaddr|pmp_set|pmp_disable|is_pmp_entry_mapped|__pmp_entry'
[02:16:14] [spechunter] [Read] /home/yzs/riscv/opensbi/include/sbi_utils/fdt/fdt_domain.h
[02:16:14] [spechunter] [Read] /home/yzs/riscv/opensbi/lib/utils/fdt/fdt_domain.c
[02:16:14] [spechunter] [Read] /home/yzs/riscv/opensbi/lib/sbi/sbi_domain_context.c
[02:16:14] [spechunter] [Grep] pattern='PMP_TOR|pmp_set|pmp_region|pmpaddr|PMP_ADDR_MASK'
[02:16:22] [spechunter] [Read] /home/yzs/riscv/opensbi/lib/sbi/sbi_domain.c
[02:16:22] [spechunter] [Grep] pattern='domain_memregion.*end|reg->base|reg->order|rend|rstart'
[02:16:22] [spechunter] [Read] /home/yzs/riscv/opensbi/include/sbi/sbi_platform.h
[02:16:24] [spechunter] [Read] /home/yzs/riscv/XiangShan/src/main/scala/xiangshan/backend/fu/PMA.scala
[02:16:24] [spechunter] [Read] /home/yzs/riscv/XiangShan/src/main/scala/xiangshan/backend/fu/NewCSR/CSRPMA.scala
[02:16:24] [spechunter] [Read] /home/yzs/riscv/XiangShan/src/main/scala/xiangshan/backend/fu/NewCSR/PMAEntryModule.scala
[02:16:24] [spechunter] [Grep] pattern='pmp|PMP'
[02:16:24] [spechunter] [Grep] pattern='pmp|PMP'
[02:16:24] [spechunter] [text] Let me also search for PMP in mm/ and other relevant paths, plus check for the CSR number definitions context.  
[02:16:24] [spechunter] [Grep] pattern='pmp|CSR_PMP|PMP_A_TOR'
[02:16:24] [spechunter] [Read] /home/yzs/riscv/linux/arch/riscv/include/asm/csr.h
[02:16:24] [spechunter] [Read] /home/yzs/riscv/linux/arch/riscv/kernel/head.S
[02:16:25] [spechunter] [text] Let me read the remaining critical files for TOR matching and PMP usage in TLB/MMU.  
[02:16:25] [spechunter] [Read] /home/yzs/riscv/XiangShan/src/main/scala/xiangshan/cache/mmu/TLB.scala
[02:16:25] [spechunter] [Grep] pattern='pmp_check|PMPChecker|pmp_checker|PMPReq|PMPResp|\\.pmp\\b|\\.pma\\b'
[02:16:25] [spechunter] [Read] /home/yzs/riscv/XiangShan/src/main/scala/xiangshan/cache/mmu/MMUBundle.scala
[02:16:25] [spechunter] [Grep] pattern='pmp_check|PMPChecker|pmp_checker|PMPReq|PMPResp'
[02:16:25] [spechunter] [Grep] pattern='pmp_check|PMPChecker|pmp_checker|PMPReq|PMPResp'
[02:16:25] [spechunter] [Grep] pattern='pmp_check|PMPChecker|pmp_checker|PMPReq|PMPResp'
[02:16:26] [spechunter] [text] Let me now look deeper at the related code — context switch, KVM, and the csr.h definitions to understand the PMP config...
[02:16:26] [spechunter] [Read] /home/yzs/riscv/linux/arch/riscv/include/asm/csr.h
[02:16:26] [spechunter] [Read] /home/yzs/riscv/linux/arch/riscv/include/asm/csr.h
[02:16:26] [spechunter] [Grep] pattern='tor|TOR'
[02:16:40] [spechunter] [text] Let me look deeper at the context-switch, suspend/hibernate, and any SBI-related paths that might involve PMP.  
[02:16:40] [spechunter] [Read] /home/yzs/riscv/linux/arch/riscv/kernel/suspend.c
[02:16:40] [spechunter] [Read] /home/yzs/riscv/linux/arch/riscv/kernel/hibernate.c
[02:16:42] [spechunter] [text] Let me also check KVM for PMP CSR handling and SBI PMP extensions.  
[02:16:42] [spechunter] [Grep] pattern='CSR_PMP|0x3a0|0x3b0|pmpcfg|pmpaddr'
[02:16:42] [spechunter] [Grep] pattern='SBI_EXT.*PMP|SBI_PMP'
[02:16:42] [spechunter] [Read] /home/yzs/riscv/linux/tools/arch/riscv/include/asm/csr.h
[02:16:43] [spechunter] [Grep] pattern='pmp|PMP'
[02:16:43] [spechunter] [Grep] pattern='pmp_resp|pmpResp'
[02:16:43] [spechunter] [Grep] pattern='pmp|PMP'
[02:16:43] [spechunter] [Grep] pattern='pmp|PMP'
[02:16:43] [spechunter] [Grep] pattern='partialStaticPMP|pmpStatic|staticPMP'
[02:16:43] [spechunter] [Grep] pattern='pmp|PMP'
[02:16:53] [spechunter] [Read] /home/yzs/riscv/XiangShan/src/main/scala/xiangshan/cache/mmu/TLB.scala
[02:16:53] [spechunter] [Read] /home/yzs/riscv/XiangShan/src/main/scala/xiangshan/cache/mmu/TLB.scala
[02:16:53] [spechunter] [Grep] pattern='pmp_check|pmp|PMP'
[02:16:53] [spechunter] [Grep] pattern='pmp|PMP'
[02:16:53] [spechunter] [Grep] pattern='rv32|RV32|xlen32|XLEN32'
[02:16:53] [spechunter] [Grep] pattern='highest|all-one|all-1|all_ones|0xFFFFFFFF|0x3FFFFFFF'
[02:16:55] [spechunter] [Glob] **/vSegmentUnit.scala
[02:16:55] [spechunter] [Grep] pattern='PmacfgBase|PmaaddrBase|PMPOffBits'
[02:16:55] [spechunter] [Grep] pattern='partialStaticPMP|pmpStatic'
[02:16:55] [spechunter] [Grep] pattern='pmp|PMP'
[02:16:55] [spechunter] [Grep] pattern='pmp|PMP'
[02:16:59] [spechunter] [Grep] pattern='pmpcfg|pmpaddr|CSR_PMP|PMP_A_TOR'
[02:16:59] [spechunter] [Grep] pattern='TOR.*pmp|pmp.*TOR"'
[02:16:59] [spechunter] [Grep] pattern='pmp|PMP'
[02:17:03] [spechunter] [Grep] pattern='PMP_TOR'
[02:17:03] [spechunter] [Grep] pattern='pmp_set|pmp_region|pmp_configure'
[02:17:03] [spechunter] [Grep] pattern='pmp_count|pmp_log2gran|pmp_addr_bits|PMP_COUNT'
[02:17:03] [spechunter] [Read] /home/yzs/riscv/opensbi/platform/generic/include/mips/p8700.h
[02:17:03] [spechunter] [Read] /home/yzs/riscv/opensbi/platform/generic/mips/p8700.c
[02:17:03] [spechunter] [Read] /home/yzs/riscv/opensbi/lib/utils/fdt/fdt_fixup.c
[02:17:09] [spechunter] [text] Let me also check the physical address configuration for RV32.  
[02:17:09] [spechunter] [Grep] pattern='TARGET_PHYS_ADDR_SPACE_BITS|phys_addr|phys-bits'
[02:17:09] [spechunter] [Grep] pattern='target_ulong|TARGET_LONG_BITS'
[02:17:10] [spechunter] [text] Let me look for Sv32p34 references and check whether there are PMP proxy paths through SBI or OpenSBI interfaces.  
[02:17:10] [spechunter] [Grep] pattern='Sv32p34|sv32p34|p34'
[02:17:10] [spechunter] [Grep] pattern='pmp_set|sbi_pmp|SBI_EXT_PMP|pmp_region'
[02:17:10] [spechunter] [Grep] pattern='NORVD|nORVD|non-riscv|semantic.gap|virt_to_phys.*overflow|pmp.*overflow'
[02:17:12] [spechunter] [Grep] pattern='pmp|PMP'
[02:17:12] [spechunter] [Grep] pattern='pmp|PMP|PMA|pma'
[02:17:12] [spechunter] [Read] /home/yzs/riscv/XiangShan/src/main/scala/xiangshan/backend/fu/PMA.scala
[02:17:12] [spechunter] [Grep] pattern='ParallelPriorityMux'
[02:17:33] [spechunter] [text] Let me look at the KVM context-switch paths, SBI definitions, and check for Svpamp or other PMP-related extensions.  
[02:17:33] [spechunter] [Grep] pattern='SBI_EXT|sbi_ecall|SBI_SUSP|SBI_HSM|SBI_FWFT'
[02:17:33] [spechunter] [Read] /home/yzs/riscv/linux/arch/riscv/kvm/vcpu_switch.S
[02:17:33] [spechunter] [Bash] Search PMP config in arch/riscv/Kconfig
[02:17:38] [spechunter] [text] Now I have a comprehensive picture. Let me compile the results.  ```json {   "locations": [     {       "file_path": "in...
[02:17:43] [spechunter] [text] Here is the complete report of all PMP-related references in the kernel tree.  ```json {   "locations": [     {       "f...
[02:17:50] [spechunter] [TodoWrite] 5 items
[02:17:53] [spechunter] [Grep] pattern='pmp|PMP'
[02:17:53] [spechunter] [Grep] pattern='pmp|PMP|pf.*pmp|pmp.*pf'
[02:17:53] [spechunter] [Grep] pattern='pmp|PMP'
[02:17:53] [spechunter] [Read] /home/yzs/riscv/XiangShan/src/main/scala/xiangshan/cache/mmu/TLB.scala
[02:17:53] [spechunter] [Read] /home/yzs/riscv/XiangShan/src/main/scala/xiangshan/frontend/Frontend.scala
[02:17:53] [spechunter] [Grep] pattern='PMP|pmp'
[02:18:05] [spechunter] [text] Now let me look at the context switch and entry paths, and also search for any M-mode PMP management code in the kernel....
[02:18:05] [spechunter] [Read] /home/yzs/riscv/linux/arch/riscv/kernel/entry.S
[02:18:05] [spechunter] [Read] /home/yzs/riscv/linux/arch/riscv/kernel/suspend_entry.S
[02:18:09] [spechunter] [text] Now let me verify the physical address width configuration for RV32.  
[02:18:09] [spechunter] [Grep] pattern='PMPADDR_MASK|pmpaddr.*mask|addr_reg'
[02:18:09] [spechunter] [Grep] pattern='MAX_RISCV_PMPS|pmp_regions'
[02:18:29] [spechunter] [text] Excellent, I have a comprehensive map. Let me now read the core files to understand the actual address handling for the ...
[02:18:29] [spechunter] [TodoWrite] 4 items
[02:18:33] [spechunter] [text] Now let me check for any RV32-specific code paths and the NewCSR PMP integration.  
[02:18:33] [spechunter] [Grep] pattern='rv32|RV32|xlen32|XLEN32|isRV32'
[02:18:33] [spechunter] [Grep] pattern='isRV32|isRv32|RV32|rv32'
[02:18:33] [spechunter] [Read] /home/yzs/riscv/XiangShan/src/main/scala/xiangshan/backend/fu/NewCSR/NewCSR.scala
[02:18:33] [spechunter] [Read] /home/yzs/riscv/XiangShan/src/main/scala/xiangshan/backend/fu/NewCSR/NewCSR.scala
[02:18:33] [spechunter] [Grep] pattern='pmp|PMP|pma'
[02:18:45] [spechunter] [Read] /home/yzs/riscv/opensbi/lib/sbi/riscv_asm.c
[02:18:45] [spechunter] [Read] /home/yzs/riscv/opensbi/include/sbi/riscv_encoding.h
[02:18:45] [spechunter] [Read] /home/yzs/riscv/opensbi/lib/sbi/sbi_domain.c
[02:18:45] [spechunter] [Read] /home/yzs/riscv/opensbi/lib/sbi/sbi_hart_pmp.c
[02:18:46] [spechunter] [Read] /home/yzs/riscv/XiangShan/src/main/scala/xiangshan/backend/fu/PMP.scala
[02:19:13] [spechunter] [text] Let me now look at the tools copy and check for memory region setup code that might be affected.    
[02:19:13] [spechunter] [Read] /home/yzs/riscv/linux/tools/arch/riscv/include/asm/csr.h
[02:19:13] [spechunter] [Grep] pattern='pmpaddr|pmpcfg|PMPCFG|PMPADDR'
[02:19:13] [spechunter] [Grep] pattern='memblock.*end|max_low_pfn|max_pfn|highest.*memory|physmem|ram_end|ram_top'
[02:19:28] [spechunter] [text] Now let me check for any related tests and the complete file paths for PMA-related files.  
[02:19:28] [spechunter] [Grep] pattern='pmp|PMP'
[02:19:28] [spechunter] [Read] /home/yzs/riscv/XiangShan/src/main/scala/xiangshan/backend/fu/PMP.scala
[02:19:28] [spechunter] [Read] /home/yzs/riscv/XiangShan/src/main/scala/xiangshan/backend/fu/NewCSR/CSRPMP.scala
[02:19:37] [spechunter] [text] Now let me dig deeper into the specific address handling and Sv32x4-relevant code.  
[02:19:37] [spechunter] [Read] /home/yzs/riscv/opensbi/lib/sbi/sbi_hart.c
[02:19:37] [spechunter] [Read] /home/yzs/riscv/opensbi/lib/sbi/sbi_domain.c
[02:19:37] [spechunter] [Read] /home/yzs/riscv/opensbi/lib/sbi/sbi_hart_pmp.c
[02:19:37] [spechunter] [Grep] pattern='hart_pmp_get_allowed_addr|pmp_addr_bits|pmp_log2gran'
[02:19:38] [spechunter] [text] ```json {   "violation_condition": "In QEMU RV32 TCG or KVM mode, when pmpaddr CSR values are used in TOR (Top of Range)...
[02:19:39] [spechunter] [text] Now let me read the NewCSR PMP entry module to check for any special handling of the all-1s case.  
[02:19:39] [spechunter] [Read] /home/yzs/riscv/XiangShan/src/main/scala/xiangshan/backend/fu/NewCSR/PMPEntryModule.scala
[02:19:58] [spechunter] [TodoWrite] 9 items
[02:20:00] [spechunter] [Read] /home/yzs/riscv/opensbi/lib/sbi/sbi_hart.c
[02:20:00] [spechunter] [Read] /home/yzs/riscv/opensbi/lib/sbi/sbi_hart_pmp.c
[02:20:00] [spechunter] [Read] /home/yzs/riscv/opensbi/include/sbi/sbi_hart.h
[02:20:00] [spechunter] [Read] /home/yzs/riscv/opensbi/lib/sbi/sbi_domain_context.c
[02:20:01] [spechunter] [Grep] pattern='pmp_update_rule_addr'
[02:20:01] [spechunter] [Grep] pattern='PMP_AMATCH_TOR'
[02:20:01] [spechunter] [Grep] pattern='pmpaddr'
[02:20:01] [spechunter] [Grep] pattern='target_ulong.*<<\\s*2'
[02:20:01] [spechunter] [Grep] pattern='prev_addr\\s*<<\\s*2|this_addr\\s*<<\\s*2'
[02:20:09] [spechunter] [text] Let me also check for Kconfig options related to PMP and any memory address limit definitions that could interact with t...
[02:20:09] [spechunter] [Grep] pattern='MMU|M_MODE|RISCV_M_MODE|CONFIG_64BIT'
[02:20:09] [spechunter] [Read] /home/yzs/riscv/linux/arch/riscv/mm/init.c
[02:20:11] [spechunter] [text] Let me read the core function to get precise line numbers.  
[02:20:11] [spechunter] [Read] /home/yzs/riscv/qemu/target/riscv/pmp.c
[02:20:11] [spechunter] [Read] /home/yzs/riscv/qemu/target/riscv/pmp.c
[02:20:11] [spechunter] [Read] /home/yzs/riscv/qemu/target/riscv/pmp.c
[02:20:11] [spechunter] [Read] /home/yzs/riscv/qemu/target/riscv/machine.c
[02:20:18] [spechunter] [text] Let me also check the PMP struct and CSR dispatch functions.  
[02:20:18] [spechunter] [Read] /home/yzs/riscv/qemu/target/riscv/pmp.h
[02:20:18] [spechunter] [Read] /home/yzs/riscv/qemu/target/riscv/csr.c
[02:20:18] [spechunter] [Read] /home/yzs/riscv/qemu/target/riscv/csr.c
[02:20:18] [spechunter] [Read] /home/yzs/riscv/qemu/target/riscv/machine.c
[02:20:19] [spechunter] [Agent] description, prompt
[02:20:19] [spechunter] [Agent] description, prompt
[02:20:24] [spechunter] [text] Let me also look at `pmp_write_cfg` to confirm the cfg-write path that triggers `pmp_update_rule_addr`.  
[02:20:24] [spechunter] [Grep] pattern='pmp_write_cfg'
[02:20:24] [spechunter] [Grep] pattern='pmpcfg_csr_write'
[02:20:25] [spechunter] [text] Now let me check KVM's VCPU CSR handling and the suspend/hibernate entry paths for PMP-related CSR save/restore.    
[02:20:25] [spechunter] [Grep] pattern='pmp|PMP|pmpaddr|pmpcfg'
[02:20:25] [spechunter] [Grep] pattern='Svpamp|svpamp|pmp'
[02:20:25] [spechunter] [Grep] pattern='Svpamp|svpamp'
[02:20:28] [spechunter] [Read] /home/yzs/riscv/qemu/target/riscv/pmp.c
[02:20:45] [spechunter] [Grep] pattern='pmpaddr'
[02:20:45] [spechunter] [Grep] pattern='pmpaddr'
[02:20:45] [spechunter] [Grep] pattern='pmpaddr'
[02:20:45] [spechunter] [Grep] pattern='pmpaddr'
[02:20:45] [spechunter] [Grep] pattern='pmpaddr'
[02:20:49] [spechunter] [text] Let me also check the downstream consumers of the computed `sa`/`ea` values and any PMP-related functions in the memory ...
[02:20:49] [spechunter] [Grep] pattern='pmp_hart_has_privs|pmp_get_tlb_size|get_physical_address_pmp'
[02:20:49] [spechunter] [Grep] pattern='pmp_is_in_range'
[02:21:04] [spechunter] [text] Now I have a complete picture. Here is the JSON report:  ```json {   "locations": [     {       "file_path": "src/main/s...
[02:21:06] [spechunter] [text] Let me check for PMP in the tools directory and look for any out-of-tree drivers or firmware interaction code.  
[02:21:06] [spechunter] [Bash] Search PMP in tools/arch/riscv
[02:21:06] [spechunter] [Read] /home/yzs/riscv/linux/arch/riscv/kernel/hibernate-asm.S
[02:21:06] [spechunter] [Grep] pattern='0x3b0|0x3a0|CSR_PMP'
[02:21:09] [spechunter] [Grep] pattern='pmp_update_rule_addr|pmp_update_rule'
[02:21:09] [spechunter] [Grep] pattern='pmpaddr_csr|pmpcfg_csr|pmp_address_read|pmp_address_write|pmpaddr_read|pmpaddr_write|read_pmpaddr|write_pmpaddr|pmp_read_cfg|pmp_write_cfg'
[02:21:09] [spechunter] [Grep] pattern='pmp_tor|PMP_TOR|pmp_is_range_in_tor|TOR'
[02:21:09] [spechunter] [Grep] pattern='pmp_table|pmpaddr|pmpcfg|pmp_state|PMP_ENTRY|pmp_tor|PMP_WRITE|PMP_READ|PMP_EXEC|PMP_LOCK|pmp_rule'
[02:21:09] [spechunter] [Glob] **/*pmp*
[02:21:09] [spechunter] [Glob] **/*pmp*
[02:21:14] [spechunter] [text] Let me now check the NewCSR PMP bundles and look at the `PMPAddrBundle` and `PMPCfgBundle` definitions for any bit posit...
[02:21:14] [spechunter] [Read] /home/yzs/riscv/XiangShan/src/main/scala/xiangshan/backend/fu/NewCSR/CSRPMP.scala
[02:21:14] [spechunter] [Read] /home/yzs/riscv/XiangShan/src/main/scala/xiangshan/PMParameters.scala
[02:21:27] [spechunter] [Grep] pattern='pmp_state|pmp_table|typedef.*pmp|pmp_entry_t|pmp_rule_t'
[02:21:27] [spechunter] [Read] /home/yzs/riscv/qemu/target/riscv/pmp.h
[02:21:27] [spechunter] [Grep] pattern='pmp_is_range_in_tor|PMP_AMATCH_TOR|pmp_index_prev|pmp_get_tlb_size|get_physical_address_pmp|pmp_hart_has_privs_default'
[02:21:27] [spechunter] [Grep] pattern='pmp_state|PMP_RULE|pmpreg'
[02:21:28] [spechunter] [Grep] pattern='pmpaddr'
[02:21:28] [spechunter] [Grep] pattern='pmpaddr'
[02:21:28] [spechunter] [Grep] pattern='memset.*pmpaddr|pmpaddr.*memset|pmpaddr.*=.*-1|pmpaddr.*=.*0|pmpaddr.*reset'
[02:21:28] [spechunter] [Grep] pattern='pmpaddr'
[02:21:28] [spechunter] [Grep] pattern='pmpaddr'
[02:21:28] [spechunter] [Grep] pattern='VMSTATE.*pmpaddr|pmpaddr.*VMState'
[02:21:37] [spechunter] [text] ```json {   "locations": [     {       "file_path": "target/riscv/pmp.c",       "function_name": "pmp_update_rule_addr",...
[02:21:40] [spechunter] [text] Let me continue reading more of the codebase to understand the full picture.  
[02:21:40] [spechunter] [Read] /home/yzs/riscv/opensbi/lib/sbi/sbi_hart_pmp.c
[02:21:40] [spechunter] [Read] /home/yzs/riscv/opensbi/lib/sbi/sbi_domain.c
[02:21:40] [spechunter] [Read] /home/yzs/riscv/opensbi/include/sbi/sbi_domain.h
[02:21:40] [spechunter] [Read] /home/yzs/riscv/opensbi/lib/utils/fdt/fdt_domain.c
[02:21:48] [spechunter] [Grep] pattern='MAX_RISCV_PMPS|pmp_table_t|pmp_entry_t|pmp_addr_t|pmp_priv_t|pmp_am_t|pmp_state'
[02:21:48] [spechunter] [Read] /home/yzs/riscv/qemu/target/riscv/pmp.c
[02:21:48] [spechunter] [Read] /home/yzs/riscv/qemu/target/riscv/pmp.c
[02:21:48] [spechunter] [Read] /home/yzs/riscv/qemu/target/riscv/pmp.c
[02:21:48] [spechunter] [Read] /home/yzs/riscv/qemu/target/riscv/pmp.c
[02:21:48] [spechunter] [Read] /home/yzs/riscv/qemu/target/riscv/pmp.c
[02:21:48] [spechunter] [Read] /home/yzs/riscv/qemu/target/riscv/pmp.c
[02:21:53] [spechunter] [Grep] pattern='target_ulong pmpaddr|pmpaddr\\['
[02:21:53] [spechunter] [Grep] pattern='pmpaddr'
[02:21:53] [spechunter] [Grep] pattern='pmpaddr'
[02:21:53] [spechunter] [Grep] pattern='VMState|vmstate'
[02:21:53] [spechunter] [Grep] pattern='memset.*pmp|pmp_addr|pmpaddr|pmp_rule|pmp\\.addr'
[02:22:04] [spechunter] [TodoWrite] 5 items
[02:22:08] [spechunter] [Read] /home/yzs/riscv/qemu/target/riscv/pmp.c
[02:22:08] [spechunter] [Read] /home/yzs/riscv/qemu/target/riscv/pmp.c
[02:22:08] [spechunter] [Read] /home/yzs/riscv/qemu/target/riscv/pmp.c
[02:22:08] [spechunter] [Read] /home/yzs/riscv/qemu/target/riscv/machine.c
[02:22:08] [spechunter] [Read] /home/yzs/riscv/qemu/target/riscv/cpu_helper.c
[02:22:08] [spechunter] [Read] /home/yzs/riscv/qemu/target/riscv/csr.c
[02:22:11] [spechunter] [Read] /home/yzs/riscv/qemu/target/riscv/machine.c
[02:22:11] [spechunter] [Read] /home/yzs/riscv/qemu/target/riscv/pmp.h
[02:22:11] [spechunter] [Grep] pattern='\\.addr_reg|pmp_state|pmp_table|\\.pmp\\[|env->pmp'
[02:22:11] [spechunter] [Grep] pattern='pmp_entry_t|pmp_state_t|pmp_entry'
[02:22:12] [spechunter] [text] Let me search for any special handling of the all-1s or end-of-address-space edge case in the PMP and TLB code.  
[02:22:12] [spechunter] [Grep] pattern='all.?one|all.?1s|max.*pmpaddr|pmpaddr.*max|end.*address|top.*address|upper.*bound.*pmp|pmp.*upper.*bound'
[02:22:12] [spechunter] [Grep] pattern='pmpaddr.*=.*all|all.*=.*pmpaddr|highest.*address|tor.*special|special.*tor'
[02:22:23] [spechunter] [Bash] Check recent commits for context
[02:22:23] [spechunter] [Bash] Check GitHub issue #519
[02:22:34] [spechunter] [Grep] pattern='pmp_state'
[02:22:34] [spechunter] [Grep] pattern='pmp_state|pmp_reset|pmp.*reset|reset.*pmp'
[02:22:34] [spechunter] [Grep] pattern='pmpaddr|pmp_state'
[02:22:34] [spechunter] [Glob] **/*kvm*
[02:22:34] [spechunter] [Glob] **/*gdb*
[02:22:34] [spechunter] [Grep] pattern='pmpaddr'
[02:22:52] [spechunter] [Read] /home/yzs/riscv/linux/arch/riscv/include/asm/csr.h
[02:22:52] [spechunter] [Read] /home/yzs/riscv/linux/arch/riscv/kernel/head.S
[02:22:52] [spechunter] [Read] /home/yzs/riscv/linux/tools/arch/riscv/include/asm/csr.h
[02:22:53] [spechunter] [Grep] pattern='pmp_is_in_range'
[02:22:53] [spechunter] [Grep] pattern='pmp_unlock_entries'
[02:22:53] [spechunter] [Grep] pattern='CSR_PMPCFG'
[02:22:53] [spechunter] [Grep] pattern='pmp_decode_napot'
[02:22:53] [spechunter] [Grep] pattern='pmp_regions|ext_smpmpmt|ext_smepmp|ext_smmpm|pmp_granularity'
[02:22:59] [spechunter] [Grep] pattern='pmp'
[02:22:59] [spechunter] [Grep] pattern='pmp'
[02:22:59] [spechunter] [Grep] pattern='pmp'
[02:22:59] [spechunter] [Grep] pattern='pmp'
[02:22:59] [spechunter] [Grep] pattern='riscv_cpu_reset|cpu_reset.*riscv|cpu_state_reset'
[02:23:05] [spechunter] [Grep] pattern='pmp_regions|ext_smpmpmt|ext_smepmp|ext_smmpm|pmp_granularity'
[02:23:05] [spechunter] [Read] /home/yzs/riscv/qemu/target/riscv/pmp.c
[02:23:05] [spechunter] [Read] /home/yzs/riscv/qemu/target/riscv/pmp.c
[02:23:05] [spechunter] [Read] /home/yzs/riscv/qemu/target/riscv/csr.c
[02:23:13] [spechunter] [Grep] pattern='pmp_regions|pmp_granularity|ext_smepmp|ext_smpmpmt'
[02:23:13] [spechunter] [Grep] pattern='pmp_regions'
[02:23:16] [spechunter] [Read] /home/yzs/riscv/qemu/target/riscv/cpu.c
[02:23:16] [spechunter] [Grep] pattern='pmp'
[02:23:16] [spechunter] [Grep] pattern='pmp'
[02:23:16] [spechunter] [Grep] pattern='pmpaddr|pmp_addr'
[02:23:22] [spechunter] [text] Now let me check the tools/ CSR file for the PMPADDR0/CFG0 definitions to complete cross-validation.  
[02:23:22] [spechunter] [Read] /home/yzs/riscv/linux/tools/arch/riscv/include/asm/csr.h
[02:23:22] [spechunter] [Read] /home/yzs/riscv/linux/arch/riscv/include/asm/csr.h
[02:23:26] [spechunter] [Grep] pattern='pmp_regions|pmp_granularity|bool pmp'
[02:23:26] [spechunter] [Glob] **/cpu_cfg*
[02:23:28] [spechunter] [Grep] pattern='assert|Assert|Assertion|require.*pmpaddr|require.*TOR|tor.*order|pmpaddr.*order'
[02:23:28] [spechunter] [Grep] pattern='tor.*pmp|pmp.*tor|TOR'
[02:23:32] [spechunter] [Read] /home/yzs/riscv/XiangShan/ChiselIOPMP/src/main/scala/IopmpChecker.scala
[02:23:33] [spechunter] [text] Now let me look at the spec file and a few more important locations.  
[02:23:33] [spechunter] [Glob] **/machine.adoc
[02:23:33] [spechunter] [Grep] pattern='PMP_A_TOR|TOR|pmp.*tor'
[02:23:33] [spechunter] [Read] /home/yzs/riscv/opensbi/include/sbi/sbi_domain.h
[02:23:33] [spechunter] [Read] /home/yzs/riscv/opensbi/lib/sbi/sbi_domain.c
[02:23:41] [spechunter] [Grep] pattern='pmp'
[02:23:41] [spechunter] [Grep] pattern='pmp'
[02:23:46] [spechunter] [Read] /home/yzs/riscv/qemu/target/riscv/pmp.c
[02:23:46] [spechunter] [Read] /home/yzs/riscv/qemu/target/riscv/pmp.c
[02:23:46] [spechunter] [Read] /home/yzs/riscv/qemu/target/riscv/pmp.c
[02:23:46] [spechunter] [Read] /home/yzs/riscv/qemu/target/riscv/pmp.c
[02:23:46] [spechunter] [Read] /home/yzs/riscv/qemu/target/riscv/pmp.c
[02:23:46] [spechunter] [Read] /home/yzs/riscv/qemu/target/riscv/csr.c
[02:24:00] [spechunter] [Read] /home/yzs/riscv/linux/arch/riscv/kernel/head.S
[02:24:19] [spechunter] [Grep] pattern='pmp_post_load|pmp_needed'
[02:24:19] [spechunter] [Grep] pattern='pmp_post_load|pmp_needed'
[02:24:19] [spechunter] [Grep] pattern='addr_reg'
[02:24:19] [spechunter] [Grep] pattern='CSR_PMPADDR'
[02:24:19] [spechunter] [Grep] pattern='pmp'
[02:24:35] [spechunter] [Grep] pattern='CSR_PMPADDR'
[02:24:35] [spechunter] [Read] /home/yzs/riscv/qemu/target/riscv/machine.c
[02:24:35] [spechunter] [Grep] pattern='pmp_get_tlb_size'
[02:24:35] [spechunter] [Read] /home/yzs/riscv/qemu/target/riscv/pmp.c
[02:24:35] [spechunter] [Read] /home/yzs/riscv/qemu/target/riscv/pmp.c
[02:24:48] [spechunter] [Read] /home/yzs/riscv/qemu/target/riscv/csr.c
[02:24:48] [spechunter] [Grep] pattern='MAX_RISCV_PMPS|OLD_MAX_RISCV_PMPS|MIN_RISCV_PMP_GRANULARITY'
[02:24:48] [spechunter] [Grep] pattern='pmp.*debug|debug.*pmp'
[02:24:51] [spechunter] [Bash] Search git history for related TOR/RV32 commits
[02:24:59] [spechunter] [Grep] pattern='pmp'
[02:24:59] [spechunter] [Grep] pattern='pmpaddr'
[02:24:59] [spechunter] [Grep] pattern='pmp_state|pmp_table'
[02:25:05] [spechunter] [TodoWrite] 4 items
[02:25:05] [spechunter] [text] Now let me check if there are any assertions related to PMP address ordering.  
[02:25:05] [spechunter] [Grep] pattern='assert.*pmp|pmp.*assert|assert.*addr.*TOR|assert.*tor|assertion.*pmp'
[02:25:05] [spechunter] [Grep] pattern='pmpaddr.*>=|pmpaddr.*<=|addr.*order|tor.*order'
[02:25:16] [spechunter] [Read] /home/yzs/riscv/qemu/target/riscv/csr.c
[02:25:16] [spechunter] [Grep] pattern='pmpaddr'
[02:25:56] [spechunter] [text] Let me dig deeper into the tval write path and how instruction addresses flow to tval during exceptions.  
[02:25:56] [spechunter] [Grep] pattern='tval|stval|mtval|htval'
[02:25:56] [spechunter] [Grep] pattern='Tval|tval|stval|mtval'
[02:26:15] [spechunter] [text] Let me check the existing location format and a few more code locations.  
[02:26:15] [spechunter] [Bash] List existing location files
[02:26:15] [spechunter] [Read] /home/yzs/riscv/opensbi/findings.json
[02:26:15] [spechunter] [Read] /home/yzs/riscv/opensbi/include/sbi/riscv_encoding.h
[02:26:39] [spechunter] [TodoWrite] 9 items
[02:26:54] [spechunter] [Grep] pattern='compare_addr|boundMatch|lowerBoundMatch|higherBoundMatch'
[02:26:54] [spechunter] [Grep] pattern='PMPOffBits|PMPAddrBits|PAddrBits'
[02:26:54] [spechunter] [text] Let me now read the core vulnerable code paths in detail.  
[02:26:54] [spechunter] [Read] /home/yzs/riscv/qemu/target/riscv/pmp.c
[02:26:54] [spechunter] [Read] /home/yzs/riscv/qemu/target/riscv/pmp.c
[02:26:54] [spechunter] [Read] /home/yzs/riscv/qemu/target/riscv/machine.c
[02:27:03] [spechunter] [text] Now let me check the actual PR diff to see what changed.  
[02:27:03] [spechunter] [Bash] Check for any uncommitted changes matching the PR
[02:27:03] [spechunter] [Grep] pattern='highest.*TOR|TOR.*highest|highest.*address.*PMP|PMP.*highest|PMP.*RV32|RV32.*PMP'
[02:27:26] [spechunter] [text] Now let me check the granularity masking, NA4 case, the KVM paths, GDB stub, and reset code.  
[02:27:26] [spechunter] [Read] /home/yzs/riscv/qemu/target/riscv/pmp.c
[02:27:26] [spechunter] [Read] /home/yzs/riscv/qemu/target/riscv/cpu.c
[02:27:26] [spechunter] [Grep] pattern='pmpaddr|pmp_addr|pmp_state'
[02:27:26] [spechunter] [Grep] pattern='pmpaddr|pmp_addr|pmp_state'
[02:27:44] [spechunter] [text] Let me check a few more things — the `pmp_decode_napot` function, the `pmp_get_granularity_g` helper, and how `target_ul...
[02:27:44] [spechunter] [Read] /home/yzs/riscv/qemu/target/riscv/pmp.c
[02:27:44] [spechunter] [Grep] pattern='pmp_get_granularity_g'
[02:27:44] [spechunter] [Grep] pattern='typedef.*hwaddr|define TARGET_LONG_BITS'
[02:28:08] [spechunter] [Read] /home/yzs/riscv/qemu/target/riscv/cpu-param.h
[02:28:08] [spechunter] [Read] /home/yzs/riscv/qemu/target/riscv/pmp.c
[02:28:08] [spechunter] [Read] /home/yzs/riscv/qemu/target/riscv/pmp.c
[02:28:11] [spechunter] [text] Now let me check if there's any TOR usage in the kernel beyond what we've already seen, and verify the nature of the PR ...
[02:28:11] [spechunter] [Grep] pattern='PMP_A_TOR'
[02:28:46] [spechunter] [text] Let me check the pmpcfg write path and a few more details.  
[02:28:46] [spechunter] [Read] /home/yzs/riscv/qemu/target/riscv/pmp.c
[02:28:46] [spechunter] [Read] /home/yzs/riscv/qemu/target/riscv/csr.c
[02:28:58] [spechunter] [text] Now let me check if there's an actual change in the PMP area that would confirm where the note goes.  
[02:28:58] [spechunter] [Grep] pattern='highest|TOR.*RV32|RV32.*TOR|top.of.range|PMADDR.*note'
[02:29:11] [spechunter] [text] Now let me look at a few more critical locations for completeness.  
[02:29:11] [spechunter] [Read] /home/yzs/riscv/opensbi/lib/sbi/sbi_domain.c
[02:29:11] [spechunter] [Read] /home/yzs/riscv/opensbi/lib/sbi/riscv_asm.c
[02:29:11] [spechunter] [Grep] pattern='BIT\\(reg->order\\)|BIT\\(.*order\\)'
[02:29:25] [spechunter] [text] Now let me search for any assertion handling or verification related to PMP TOR ordering.  
[02:29:25] [spechunter] [Grep] pattern='assert|Assert|require.*order|order.*require|pmpaddr_i|TOR.*bound|bound.*TOR'
[02:29:25] [spechunter] [Grep] pattern='assert|Assert|require'
[02:29:30] [spechunter] [text] Now let me check the NA4 case and a few other surrounding details.  
[02:29:30] [spechunter] [Read] /home/yzs/riscv/qemu/target/riscv/pmp.h
[02:29:30] [spechunter] [Read] /home/yzs/riscv/qemu/target/riscv/pmp.c
[02:30:08] [spechunter] [text] Now I have full context. Let me cross-validate and produce the final location set.  ```json {   "locations": [     {    ...
[02:30:27] [spechunter] [Agent] description, subagent_type
[02:30:39] [spechunter] [text] Now I have a thorough understanding of the codebase. Let me synthesize the findings.  Key insight: OpenSBI does **not** ...
[02:30:39] [spechunter] [Read] /home/yzs/riscv/opensbi/lib/sbi/sbi_hart.c
[02:30:39] [spechunter] [Read] /home/yzs/riscv/opensbi/lib/sbi/sbi_domain.c
[02:30:40] [spechunter] [Read] /home/yzs/riscv/qemu/target/riscv/pmp.c
[02:30:40] [spechunter] [Read] /home/yzs/riscv/qemu/target/riscv/pmp.c
[02:30:44] [spechunter] [text] Now let me check if there are any additional assertion/verification files or test infrastructure for PMP.  
[02:30:44] [spechunter] [Grep] pattern='pmp.*asser|asser.*pmp|pmp.*check.*bound|bound.*check.*pmp'
[02:30:44] [spechunter] [Grep] pattern='PMP.*test|pmp.*test|test.*pmp|TestPMP'
[02:30:53] [spechunter] [Grep] pattern='pmp.*asser|asser.*pmp'
[02:30:58] [spechunter] [Grep] pattern='pmpaddr'
[02:30:58] [spechunter] [Grep] pattern='__pmp_set|pmp_set_range|riscv_pmp|pmp_init'
[02:30:58] [spechunter] [Grep] pattern='PMP.*TOR|TOR.*PMP'
[02:30:58] [spechunter] [Grep] pattern='set_pmp|pmp_set|pmp_present'
[02:30:58] [spechunter] [Glob] **/riscv/**/pmp*
[02:30:58] [spechunter] [Grep] pattern='PMP_ADDR|pmpaddr'
[02:31:22] [spechunter] [Grep] pattern='pmp'
[02:31:22] [spechunter] [Glob] arch/riscv/**/*pmp*
[02:31:22] [spechunter] [Grep] pattern='pmp'
[02:31:31] [spechunter] [text] Let me check one more detail about how the WARL validation works.  
[02:31:31] [spechunter] [Grep] pattern='pmp_is_readonly|pmp_is_invalid'
[02:31:31] [spechunter] [Grep] pattern='target_ulong|typedef.*hwaddr'
[02:31:39] [spechunter] [text] Now let me check the CSR write path for PMP address to see if there is implicit handling.    
[02:31:39] [spechunter] [Grep] pattern='pmpcheck|PMPCheck|pmp_match|pmp_check'
[02:31:41] [spechunter] [Bash] List RISC-V arch directory
[02:31:41] [spechunter] [Grep] pattern='PMP|pmpcfg|pmpaddr'
[02:31:41] [spechunter] [Grep] pattern='PMP|pmpcfg|pmpaddr'
[02:32:05] [spechunter] [Grep] pattern='pmp|PMP'
[02:32:05] [spechunter] [Grep] pattern='PMP'
[02:32:05] [spechunter] [Grep] pattern='TOR|tor'
[02:32:05] [spechunter] [Bash] Search for any RISC-V PMP-related config or driver source
[02:32:13] [spechunter] [text] Now I have a complete picture. Let me write the findings.  
[02:32:13] [spechunter] [Write] /home/yzs/riscv/opensbi/findings.json
[02:32:19] [spechunter] [TodoWrite] 4 items
[02:32:22] [spechunter] [text] Let me verify the JSON is valid.  
[02:32:22] [spechunter] [Bash] Validate JSON syntax
[02:32:24] [spechunter] [Bash] Check Linux version
[02:32:24] [spechunter] [Grep] pattern='pmp_set|pmp_init|__pmp_set|pmp_range|riscv_pmp|pmp_probe|set_pmp|pmp_region|pmp_entry'
[02:32:24] [spechunter] [Grep] pattern='CSR_PMPADDR|CSR_PMPCFG|CSR_TSELECT|tor_pmp|PMP_NAPOT'
[02:32:37] [spechunter] [Read] /home/yzs/riscv/XiangShan/src/main/scala/xiangshan/backend/fu/NewCSR/CSREvents/TrapEntryMEvent.scala
[02:32:38] [spechunter] [Read] /home/yzs/riscv/linux/arch/riscv/kernel/head.S
[02:32:38] [spechunter] [Read] /home/yzs/riscv/linux/arch/riscv/include/asm/csr.h
[02:32:38] [spechunter] [Grep] pattern='PMP|pmp'
[02:32:42] [spechunter] [text] Findings written to `findings.json`. Here's a summary of the analysis:  ## Key Insight  OpenSBI **does not use TOR PMP a...
[02:32:56] [spechunter] [Grep] pattern='CSR_PMPCFG|CSR_PMPADDR'
[02:32:56] [spechunter] [Grep] pattern='PMP_A_TOR|PMP_A_NA4|PMP_A_NAPOT|PMP_R|PMP_W|PMP_X'
[02:33:12] [spechunter] [text] Let me examine the relevant code to understand the RV32 TOR issue and cross-validate the locations.  
[02:33:12] [spechunter] [Bash] Check recent git history for context on the PR
[02:33:12] [spechunter] [Read] /home/yzs/riscv/opensbi/lib/sbi/riscv_asm.c
[02:33:12] [spechunter] [Read] /home/yzs/riscv/opensbi/lib/sbi/sbi_hart_pmp.c
[02:33:20] [spechunter] [Grep] pattern='PMP|pmp'
[02:33:20] [spechunter] [Grep] pattern='sbi_pmp|SBI_PMP'
[02:33:20] [spechunter] [Grep] pattern='pmp'
[02:33:20] [spechunter] [Bash] List all drivers/soc subdirs for RISC-V related SoCs
[02:33:23] [spechunter] [text] Now I have a thorough understanding of the PMP code. Let me verify my analysis by checking if there is any handling of t...
[02:33:23] [spechunter] [Read] /home/yzs/riscv/XiangShan/src/main/scala/xiangshan/backend/fu/CSR.scala
[02:33:23] [spechunter] [Grep] pattern='all.*1|max.*value|maximum|pmpaddr.*max|max.*pmpaddr'
[02:33:30] [spechunter] [text] Now I have all the details. Let me compile the report.  
[02:33:30] [spechunter] [TodoWrite] 9 items
[02:33:33] [spechunter] [Grep] pattern='CONFIG.*PMP'
[02:33:33] [spechunter] [Bash] Check git log history for PMP-related commits
[02:33:33] [spechunter] [Grep] pattern='pmp'
[02:33:33] [spechunter] [Grep] pattern='tor_pmp|pmp.*tor|tor.*entry|pmp.*chain|chain.*pmp'
[02:33:36] [spechunter] [text] Let me look deeper at the RV32 TOR handling and the specific encode/decode logic.  
[02:33:36] [spechunter] [Grep] pattern='TOR'
[02:33:36] [spechunter] [Grep] pattern='PMP_A_TOR'
[02:33:36] [spechunter] [Read] /home/yzs/riscv/opensbi/lib/sbi/sbi_domain.c
[02:33:52] [spechunter] [text] Let me check the actual PR changes and look at the key `pmp_addr_max` computation and the encoding file more carefully. ...
[02:33:52] [spechunter] [Bash] Check git diff for recent commits related to this PR
[02:33:52] [spechunter] [Read] /home/yzs/riscv/opensbi/include/sbi/riscv_encoding.h
[02:33:52] [spechunter] [Read] /home/yzs/riscv/opensbi/lib/sbi/sbi_domain.c
[02:33:57] [spechunter] [Read] /home/yzs/riscv/qemu/target/riscv/cpu_helper.c
[02:33:57] [spechunter] [Read] /home/yzs/riscv/qemu/target/riscv/pmp.c
[02:34:12] [spechunter] [Grep] pattern='PMP|pmp'
[02:34:12] [spechunter] [Grep] pattern='PMP|pmp'
[02:34:12] [spechunter] [Grep] pattern='PMP_A_TOR|PMP_A_NA4|PMP_A_NAPOT'
[02:34:23] [spechunter] [Grep] pattern='pmp|riscv-pmp|RISCV_PMP'
[02:34:23] [spechunter] [Grep] pattern='CSR_PMPCFG|CSR_PMPADDR'
[02:34:29] [spechunter] [text] Now I have a thorough understanding. Let me compile the report.  
[02:34:29] [spechunter] [TodoWrite] 9 items
[02:35:07] [spechunter] [text] Let me also check the pmp_addr_max computation pattern and how it relates to TOR on RV32.  
[02:35:07] [spechunter] [Grep] pattern='pmp_addr_max'
[02:35:07] [spechunter] [Grep] pattern='-1UL|__riscv_xlen'
[02:35:07] [spechunter] [Grep] pattern='rend|rstart.*reg->order'
[02:35:54] [spechunter] [text] Let me read the actual code to verify the findings.  
[02:35:54] [spechunter] [Read] /home/yzs/riscv/linux/arch/riscv/kernel/head.S
[02:35:54] [spechunter] [Grep] pattern='PMP_A_TOR'
[02:35:54] [spechunter] [Grep] pattern='pmpaddr|pmp_set|__pmp_set|pmp_set_range|riscv_pmp'
[02:35:55] [spechunter] [text] Now let me check whether the `PMPEntry` addr field width could truncate when holding all-1s values, and check if there a...
[02:35:55] [spechunter] [Grep] pattern='checkfullva|fullva.*mask|mask.*fullva|vaNeedExt|mask.*fault'
[02:36:21] [spechunter] [text] Let me also check for any SBI-related PMP handling or RISC-V KVM PMP code.  
[02:36:21] [spechunter] [Grep] pattern='PMP|pmp'
[02:36:21] [spechunter] [Grep] pattern='PMP|pmp'
[02:36:21] [spechunter] [Glob] arch/riscv/**/pmp*
[02:36:27] [spechunter] [text] ```json {   "target": "qemu",   "pr_title": "Add note about highest-address TOR in RV32",   "pr_body": "Resolves #519\n\...
[02:36:27] [spechunter] [TodoWrite] 9 items
[02:36:34] [spechunter] [text] The JSON report above covers **18 affected locations** across 6 files, plus 4 verified-not-affected locations. Key findi...
[02:36:39] [spechunter] [text] Now I have a thorough understanding of the PMP code. Let me analyze the violation condition trace through the RTL.  The ...
[02:36:39] [spechunter] [Grep] pattern='pmp_check|pmp_match|PMPResp|pmp.*resp'
[02:36:39] [spechunter] [Grep] pattern='pmp_check|pmp_match|PMPResp|pmp.*resp|PMPChecker'
[02:36:39] [spechunter] [Grep] pattern='pmp_check|pmp_match|PMPResp|pmp.*resp|PMPChecker'
[02:36:54] [spechunter] [text] Now I have a clear picture of the code. Let me finalize the analysis.  The PR is about adding a note/documentation about...
[02:36:58] [spechunter] [text] Let me first read the key code to understand the actual issue before cross-validating.  
[02:36:58] [spechunter] [Read] /home/yzs/riscv/qemu/target/riscv/pmp.c
[02:36:58] [spechunter] [Read] /home/yzs/riscv/qemu/target/riscv/pmp.c
[02:36:58] [spechunter] [Read] /home/yzs/riscv/qemu/target/riscv/pmp.h
[02:37:05] [spechunter] [Read] /home/yzs/riscv/opensbi/security_spec.json
[02:37:05] [spechunter] [Read] /home/yzs/riscv/opensbi/findings.json
[02:37:05] [spechunter] [Read] /home/yzs/riscv/opensbi/semantic_findings.json
[02:37:05] [spechunter] [text] Now I have a complete picture. Let me compile the analysis.  ---  ## Security Audit: RISC-V PMP TOR Entry Overflow on RV...
[02:37:05] [spechunter] [text] Now I have a comprehensive understanding of the PMP codebase. Let me read one more file to check the TLB's use of PMP de...
[02:37:05] [spechunter] [Read] /home/yzs/riscv/XiangShan/src/main/scala/xiangshan/cache/mmu/TLB.scala
[02:37:26] [spechunter] [Read] /home/yzs/riscv/qemu/target/riscv/pmp.c
[02:37:26] [spechunter] [Read] /home/yzs/riscv/qemu/target/riscv/pmp.c
[02:37:26] [spechunter] [Read] /home/yzs/riscv/qemu/target/riscv/pmp.c
[02:37:26] [spechunter] [Read] /home/yzs/riscv/qemu/target/riscv/pmp.c
[02:37:26] [spechunter] [Read] /home/yzs/riscv/qemu/target/riscv/pmp.c
[02:37:26] [spechunter] [Read] /home/yzs/riscv/qemu/target/riscv/machine.c
[02:37:35] [spechunter] [text] Now let me read all the code locations referenced in the semantic findings.  
[02:37:35] [spechunter] [Read] /home/yzs/riscv/opensbi/lib/sbi/sbi_hart.c
[02:37:35] [spechunter] [Read] /home/yzs/riscv/opensbi/include/sbi/sbi_domain.h
[02:37:35] [spechunter] [Read] /home/yzs/riscv/opensbi/lib/sbi/sbi_domain.c
[02:37:35] [spechunter] [Read] /home/yzs/riscv/opensbi/lib/sbi/sbi_domain.c
[02:37:35] [spechunter] [Read] /home/yzs/riscv/opensbi/lib/sbi/sbi_hart_pmp.c
[02:37:35] [spechunter] [Read] /home/yzs/riscv/opensbi/lib/sbi/sbi_trap.c
[02:37:35] [spechunter] [Read] /home/yzs/riscv/opensbi/lib/sbi/sbi_domain_context.c
[02:37:35] [spechunter] [Read] /home/yzs/riscv/opensbi/lib/sbi/sbi_init.c
[02:37:35] [spechunter] [Read] /home/yzs/riscv/opensbi/include/sbi/riscv_encoding.h
[02:37:35] [spechunter] [Read] /home/yzs/riscv/opensbi/lib/sbi/sbi_hart.c
[02:37:39] [spechunter] [text] Now I have a thorough understanding of the PMP code. Let me analyze the specific trace.  **Core finding**: On RV64 56-bi...
[02:37:39] [spechunter] [Read] /home/yzs/riscv/XiangShan/src/main/scala/xiangshan/backend/fu/NewCSR/CSREvents/TrapEntryHSEvent.scala
[02:37:54] [spechunter] [Read] /home/yzs/riscv/opensbi/lib/sbi/sbi_hart.c
[02:37:54] [spechunter] [Grep] pattern='sbi_hart_reinit'
[02:37:54] [spechunter] [Read] /home/yzs/riscv/opensbi/lib/sbi/sbi_hart.c
[02:38:12] [spechunter] [text] Let me also look at the `mstatus_init` function from the beginning to understand what it does, and check how `sbi_hart_p...
[02:38:12] [spechunter] [Grep] pattern='^static.*mstatus_init|^int.*mstatus_init|^void.*mstatus_init'
[02:38:12] [spechunter] [Grep] pattern='sbi_hart_protection_configure|sbi_hart_protection_unconfigure'
[02:38:29] [spechunter] [text] Now let me also check the csr.c and cpu_helper.c references to verify the wrappers.  
[02:38:29] [spechunter] [Grep] pattern='read_pmpaddr|write_pmpaddr'
[02:38:29] [spechunter] [Grep] pattern='get_physical_address_pmp'
[02:38:42] [spechunter] [text] Let me check the actual diff to understand what this PR changes.  
[02:38:42] [spechunter] [Bash] Check current uncommitted changes
[02:38:47] [spechunter] [text] I'll verify the key files before finalizing the location set.  
[02:38:47] [spechunter] [Read] /home/yzs/riscv/XiangShan/src/main/scala/xiangshan/backend/fu/PMP.scala
[02:38:47] [spechunter] [Read] /home/yzs/riscv/XiangShan/src/main/scala/xiangshan/backend/fu/PMP.scala
[02:38:47] [spechunter] [Read] /home/yzs/riscv/XiangShan/src/main/scala/xiangshan/backend/fu/NewCSR/CSRPMP.scala
[02:39:10] [spechunter] [Read] /home/yzs/riscv/opensbi/lib/sbi/sbi_hart.c
[02:39:10] [spechunter] [Read] /home/yzs/riscv/opensbi/lib/sbi/sbi_hart_protection.c
[02:39:21] [spechunter] [text] Now let me also check what #519 references — the actual PR issue.  
[02:39:21] [spechunter] [Bash] Check git log for #519 references
[02:39:46] [spechunter] [text] Let me also verify the key side-effect handler for PMP CSR writes.  
[02:39:46] [spechunter] [Read] /home/yzs/riscv/XiangShan/src/main/scala/xiangshan/backend/fu/NewCSR/PMPEntryModule.scala
[02:39:46] [spechunter] [Read] /home/yzs/riscv/XiangShan/src/main/scala/xiangshan/PMParameters.scala
[02:40:30] [spechunter] [text] Now I have the full picture. Let me cross-validate each location against the PR's actual scope.  ## Cross-validation ana...
[02:40:43] [spechunter] [Grep] pattern='pmp_update_rule_addr|PM_AMATCH_TOR|prev_addr\\s*<<\\s*2|this_addr\\s*<<\\s*2'
[02:40:43] [spechunter] [Grep] pattern='target_ulong.*<<\\s*2.*hwaddr|hwaddr.*<<.*pmp'
[02:40:48] [spechunter] [Read] /home/yzs/riscv/qemu/target/riscv/pmp.c
[02:41:08] [spechunter] [text] Now let me cross-validate every location against the PR context. The PR is about **adding a note** about highest-address...
[02:41:16] [spechunter] [Grep] pattern='typedef.*target_ulong'
[02:41:16] [spechunter] [Grep] pattern='#define TARGET_LONG_BITS'
[02:41:16] [spechunter] [Grep] pattern='typedef.*hwaddr'
[02:41:23] [spechunter] [text] I'll start by searching for the PMP implementation files in the XiangShan codebase.  
[02:41:23] [spechunter] [Agent] description, prompt
[02:41:23] [spechunter] [Grep] pattern='pmpaddr'
[02:41:23] [spechunter] [Grep] pattern='class PMP'
[02:41:24] [spechunter] [text] Now I have all the code I need. Let me compile my findings based on directly reading each location.  
[02:41:24] [spechunter] [Write] /home/yzs/riscv/opensbi/cbo_audit_findings.json
[02:41:25] [spechunter] [Grep] pattern='typedef.*target_ulong'
[02:41:25] [spechunter] [Grep] pattern='TARGET_LONG_BITS|target_ulong'
[02:41:42] [spechunter] [text] Here is the firmware security audit covering all 16 code locations from the semantic findings. I read every function and...
[02:41:49] [spechunter] [Glob] **/*PMP*
[02:41:49] [spechunter] [Glob] **/*pmp*
[02:41:49] [spechunter] [Grep] pattern='pmp'
[02:41:49] [spechunter] [Bash] List main scala source directories
[02:41:50] [spechunter] [Grep] pattern='pmp_addr_t|addr_reg'
[02:41:50] [spechunter] [Read] /home/yzs/riscv/qemu/target/riscv/pmp.c
[02:42:04] [spechunter] [Read] /home/yzs/riscv/XiangShan/src/main/scala/xiangshan/backend/fu/PMP.scala
[02:42:04] [spechunter] [Read] /home/yzs/riscv/XiangShan/src/main/scala/xiangshan/backend/fu/NewCSR/CSRPMP.scala
[02:42:04] [spechunter] [Read] /home/yzs/riscv/XiangShan/src/main/scala/xiangshan/backend/fu/NewCSR/PMPEntryModule.scala
[02:42:04] [spechunter] [Read] /home/yzs/riscv/XiangShan/src/main/scala/xiangshan/PMParameters.scala
[02:42:04] [spechunter] [Glob] **/*
[02:42:04] [spechunter] [Read] /home/yzs/riscv/XiangShan/iopmp_hwcfg_v081_findings.json
[02:42:19] [spechunter] [text] Let me also check the `pmp_decode_napot` function and the PMP address matching function for completeness.  
[02:42:19] [spechunter] [Read] /home/yzs/riscv/qemu/target/riscv/pmp.c
[02:42:19] [spechunter] [Read] /home/yzs/riscv/qemu/target/riscv/pmp.c
[02:42:23] [spechunter] [Read] /home/yzs/riscv/XiangShan/src/main/scala/xiangshan/backend/fu/PMP.scala
[02:42:23] [spechunter] [Read] /home/yzs/riscv/XiangShan/src/main/scala/xiangshan/backend/fu/NewCSR/CSRPMP.scala
[02:42:23] [spechunter] [Read] /home/yzs/riscv/XiangShan/src/main/scala/xiangshan/backend/fu/NewCSR/PMPEntryModule.scala
[02:42:23] [spechunter] [Read] /home/yzs/riscv/XiangShan/src/main/scala/xiangshan/cache/mmu/TLB.scala
[02:42:23] [spechunter] [Read] /home/yzs/riscv/XiangShan/src/main/scala/xiangshan/cache/mmu/MMUBundle.scala
[02:42:24] [spechunter] [text] Let me also verify the `pmp_state_t` struct and how the `addr` field is defined.  
[02:42:24] [spechunter] [Read] /home/yzs/riscv/qemu/target/riscv/pmp.h
[02:42:47] [spechunter] [Read] /home/yzs/riscv/XiangShan/src/main/scala/xiangshan/backend/fu/PMP.scala
[02:42:47] [spechunter] [Grep] pattern='PMPChecker|PMPReqBundle|class PMP'
[02:42:47] [spechunter] [Read] /home/yzs/riscv/XiangShan/src/main/scala/xiangshan/cache/mmu/MMUBundle.scala
[02:42:47] [spechunter] [Read] /home/yzs/riscv/XiangShan/src/main/scala/xiangshan/cache/mmu/MMUConst.scala
[02:42:47] [spechunter] [Grep] pattern='pmp|PMP'
[02:43:10] [spechunter] [Read] /home/yzs/riscv/XiangShan/ChiselIOPMP/src/main/scala/Iopmp.scala
[02:43:10] [spechunter] [Read] /home/yzs/riscv/XiangShan/ChiselIOPMP/src/main/scala/IopmpChecker.scala
[02:43:10] [spechunter] [Read] /home/yzs/riscv/XiangShan/ChiselIOPMP/src/main/scala/IopmpBridge.scala
[02:43:10] [spechunter] [Grep] pattern='pmp|PMP'
[02:43:10] [spechunter] [Read] /home/yzs/riscv/XiangShan/src/main/scala/xiangshan/cache/mmu/BitmapCheck.scala
[02:43:33] [spechunter] [text] Let me also check the current uncommitted modifications to see if there's already a partial fix or note being added.  
[02:43:33] [spechunter] [Bash] Check uncommitted changes to riscv-iommu.c
[02:43:33] [spechunter] [Read] /home/yzs/riscv/qemu/target/riscv/pmp.c
[02:43:46] [spechunter] [Grep] pattern='pmp|PMP'
[02:43:46] [spechunter] [Grep] pattern='PMP'
[02:43:46] [spechunter] [Read] /home/yzs/riscv/XiangShan/src/main/scala/xiangshan/backend/fu/CSR.scala
[02:43:46] [spechunter] [Read] /home/yzs/riscv/XiangShan/src/main/scala/xiangshan/cache/mmu/PageTableWalker.scala
[02:43:46] [spechunter] [Grep] pattern='pmp|PMP'
[02:44:41] [spechunter] [text] Now I have all the information needed to produce the analysis. Let me verify one more detail about the NAPOT path to con...
[02:44:41] [spechunter] [Read] /home/yzs/riscv/qemu/target/riscv/pmp.c
[02:45:13] [spechunter] [text] Let me also check the CSR write path for pmpaddr to see if there's a truncation there.  
[02:45:13] [spechunter] [Grep] pattern='pmpaddr_csr_write'
[02:45:18] [spechunter] [Read] /home/yzs/riscv/qemu/target/riscv/pmp.c
[02:45:49] [spechunter] [text] Now let me also check if there's already a comment or note about this issue in the code.  
[02:45:49] [spechunter] [Grep] pattern='highest|RV32|overflow|wrap|note|32-bit'
[02:45:53] [spechunter] [text] Let me read the core PMP files to analyze the TOR matching logic.  
[02:45:53] [spechunter] [Read] /home/yzs/riscv/XiangShan/src/main/scala/xiangshan/backend/fu/PMP.scala
[02:45:53] [spechunter] [Read] /home/yzs/riscv/XiangShan/src/main/scala/xiangshan/backend/fu/NewCSR/CSRPMP.scala
[02:45:53] [spechunter] [Read] /home/yzs/riscv/XiangShan/src/main/scala/xiangshan/backend/fu/NewCSR/PMPEntryModule.scala
[02:46:59] [spechunter] [text] Now I have all the data I need. Let me produce the analysis.  ---  ## Security Audit: PMP TOR/NA4 Address Computation (R...
[02:47:32] [spechunter] [text] Let me also check the IOPMP checker and the parameters file for completeness.  
[02:47:32] [spechunter] [Read] /home/yzs/riscv/XiangShan/src/main/scala/xiangshan/PMParameters.scala
[02:47:32] [spechunter] [Read] /home/yzs/riscv/XiangShan/ChiselIOPMP/src/main/scala/IopmpChecker.scala
[02:49:21] [spechunter] [text] Now let me verify the platform configuration to check if RV32 is relevant and confirm address widths.  
[02:49:21] [spechunter] [Grep] pattern='RV32|XLen.*32|xlen.*32'
[02:49:21] [spechunter] [Grep] pattern='PAddrBits|PMPAddrBits'
[02:52:03] [spechunter] [text] Now let me also look at the IOPMP TOR handling and any relevant test files.  
[02:52:03] [spechunter] [Grep] pattern='tor_en|tor.*enable|TOR.*en'
[02:52:03] [spechunter] [Grep] pattern='all.*1|allOne|max.*pmp|pmp.*max|assert.*pmpaddr|assert.*pmp'
[02:54:22] [spechunter] [text] Now let me check how the Smepmp configuration (MML/MMWP/RLB) actually flows into the checker logic.  
[02:54:22] [spechunter] [Grep] pattern='mseccfg|MML|MMWP|RLB'
[02:54:22] [spechunter] [Grep] pattern='mseccfg|MML|MMWP|RLB'
[02:54:22] [spechunter] [Grep] pattern='mseccfg|MML|MMWP|RLB'
[02:56:28] [spechunter] [text] Now I have all the information needed to produce the audit. Let me compile my findings.  
[02:56:28] [spechunter] [Write] /home/yzs/riscv/XiangShan/pmp_tor_top_of_memory_audit.json
[02:56:47] [spechunter] [text] Here is a summary of the PMP TOR highest-address audit findings:  ## Summary  **Overall severity: `potential_risk`** — N...
