[12:57:20] [spechunter] PR loaded: #196 riscv/riscv-p-spec — "P-ext: add PM4 Horizontal Multiply-Add instruction definitions"
[12:57:20] [spechunter]   diff: 6338 chars  body: 170 chars  reviews: 0
[12:57:20] [spechunter] Global pre-filter running...
[12:57:40] [spechunter] [text] {"should_skip": false}
[12:57:41] [spechunter] pre-filter: should_skip=False reason=""
[12:57:47] [spechunter] [text] {"should_skip": true, "skip_reason": "P-ext packed SIMD multiply-accumulate instructions are application-level computati...
[12:57:54] [spechunter] [text] {"should_skip": false}
[12:57:54] [spechunter] [text] {"should_skip": true, "skip_reason": "P-ext is an embedded/DSP SIMD extension operating on existing X registers with no ...
[12:57:57] [spechunter] [text] {"should_skip": true, "skip_reason": "P-ext packed-SIMD multiply-accumulate instruction encodings only; no CSR, privileg...
[12:58:24] [spechunter] [text] {"should_skip": true, "skip_reason": "P-ext (Packed SIMD) is not an extension that XiangShan implements; these are DSP-o...
[12:58:49] [spechunter] [text] ```json {   "violation_condition": "QEMU TCG incorrectly applies sign-extension (sext32) instead of zero-extension (zext...
[12:59:05] [spechunter] [Grep] pattern='PM4ADDA\\.B|PM4ADDASU\\.B|PM4ADDAU\\.B|PM4ADDA\\.H'
[12:59:05] [spechunter] [Grep] pattern='pm4adda|pm4addasu|pm4addau|PM4ADDA'
[12:59:05] [spechunter] [Grep] pattern='pm4.*horizontal|PM4.*multiply.?add|horizontal.*multiply.*add'
[12:59:16] [spechunter] [Agent] description, prompt
[12:59:35] [spechunter] [Grep] pattern='p.ext|p_ext|P.ext|packed.simd|packed SIMD'
[12:59:35] [spechunter] [Grep] pattern='pm4|PM4|pm4adda|PM4ADD|pm4addu|pm4addasu'
[12:59:35] [spechunter] [Glob] target/riscv/insn_trans/*packed*
[12:59:35] [spechunter] [Glob] target/riscv/insn_trans/*rvp*
[12:59:35] [spechunter] [Glob] target/riscv/insn_trans/*p_ext*
[12:59:35] [spechunter] [Bash] List insn_trans directory contents
[12:59:40] [spechunter] [text] No direct matches found. Let me broaden the search to find any PM4-related code and the P-ext infrastructure.  
[12:59:40] [spechunter] [Grep] pattern='PM4'
[12:59:40] [spechunter] [Grep] pattern='PM4'
[12:59:40] [spechunter] [Grep] pattern='p.?ext|packed.*simd|packed.*dsp'
[13:00:07] [spechunter] [Grep] pattern='addsub|add4|muladd|madd|smul16|smul8|umul8|umul16|sclip|uclip|sra\\.u|ksl|kdm|khmb|kabb|kab'
[13:00:07] [spechunter] [Glob] target/riscv/insn32/*.decode
[13:00:07] [spechunter] [Glob] target/riscv/insn_trans/*.inc.c
[13:00:13] [spechunter] [Grep] pattern='p.ext|P.ext'
[13:00:13] [spechunter] [Grep] pattern='p.ext|P.ext'
[13:00:13] [spechunter] [Grep] pattern='p.ext|P.ext'
[13:00:13] [spechunter] [Grep] pattern='horizontal|multiply.add|madd|madd4'
[13:00:13] [spechunter] [Grep] pattern='packed'
[13:00:41] [spechunter] [Grep] pattern='p.ext|xpulp|packed.simd'
[13:00:41] [spechunter] [Grep] pattern='sm4|SM4'
[13:00:41] [spechunter] [Grep] pattern='ext_zpn|ext_zpsfoperand|ext_zpn32|ext_p|ext_xp'
[13:00:41] [spechunter] [Bash] List all decode files in target/riscv
[13:00:41] [spechunter] [Grep] pattern='\\\\.b\\b.*madd|madd.*\\\\.b|mul.*byte|byte.*mul'
[13:00:41] [spechunter] [Grep] pattern='OP.32.*packed|packed.*OP.32|custom.0|custom.1|custom.2|custom.3'
[13:00:44] [spechunter] [text] Let me also search the decode/translate files and check for any P-ext related infrastructure in this QEMU version.  
[13:00:44] [spechunter] [Grep] pattern='zp[nsf]|zpn|zpsf|zpsfoperand|dsp32|dsp64|packed_simd|packed_dsp|xpn|xpsf'
[13:00:44] [spechunter] [Grep] pattern='0x77|OPC_RISC.*77|opcode_p|p-ext'
[13:00:44] [spechunter] [Bash] List decode/directory structure in target/riscv
[13:00:50] [spechunter] [Bash] Check for any P-ext related commits in git history
[13:00:50] [spechunter] [Grep] pattern='pm4adda|PM4ADDA|pm4_adda|PM4_ADD'
[13:01:00] [spechunter] [Grep] pattern='ext_zpn|ext_p|ext_xp|riscv_cpu_extensions|riscv_cpu_vendor_exts|riscv_cpu_experimental'
[13:01:00] [spechunter] [Read] /home/yzs/riscv/qemu/target/riscv/translate.c
[13:01:00] [spechunter] [Bash] List files in tcg directory
[13:01:00] [spechunter] [Grep] pattern='decoder|decode.*init'
[13:01:10] [spechunter] [text] Let me do one final comprehensive sweep to be absolutely certain.  
[13:01:10] [spechunter] [Grep] pattern='PM4ADDA|pm4adda'
[13:01:10] [spechunter] [Grep] pattern='horizontal.*multiply|HLAT.*MUL|MULADD.*B\\b|ADDA.*SU\\b|ADDASU|ADDAU|packed.*muladd'
[13:01:10] [spechunter] [Grep] pattern='riscv_p_ext|zp[ns]f|0x77.*decode|p-ext'
[13:01:21] [spechunter] [text] Let me verify those tangential references aren't relevant.  
[13:01:21] [spechunter] [Grep] pattern='p-ext|packed.*simd|zp[ns]f'
[13:01:21] [spechunter] [Grep] pattern='p-ext|packed.*simd'
[13:01:29] [spechunter] [text] ```json {   "locations": [] } ```  **Summary**: After exhaustive search of the entire QEMU repository, **zero references...
[13:01:41] [spechunter] [Read] /home/yzs/riscv/qemu/target/riscv/cpu.c
[13:01:41] [spechunter] [Read] /home/yzs/riscv/qemu/target/riscv/cpu.c
[13:01:41] [spechunter] [Bash] Search git history for P-ext related commits
[13:01:41] [spechunter] [Read] /home/yzs/riscv/qemu/target/riscv/translate.c
[13:01:41] [spechunter] [Grep] pattern='has_xthead_p|has_xmips_p|has_xlrbr_p|has_xventana'
[13:01:41] [spechunter] [Read] /home/yzs/riscv/qemu/target/riscv/insn_trans/trans_xlrbr.c.inc
[13:01:59] [spechunter] [Bash] Search for P-ext related git branches
[13:01:59] [spechunter] [Bash] Show recent git commits
[13:01:59] [spechunter] [Read] /home/yzs/riscv/qemu/target/riscv/insn32.decode
[13:01:59] [spechunter] [Grep] pattern='zpn|zpsfoperand'
[13:01:59] [spechunter] [Grep] pattern='decode_insn32```'
[13:01:59] [spechunter] [Grep] pattern='__attribute__.*unused|MAYBE_UNUSED|unused.*dec'
[13:01:59] [spechunter] [Read] /home/yzs/riscv/qemu/target/riscv/insn_trans/trans_rvi.c.inc
[13:02:21] [spechunter] [Read] /home/yzs/riscv/qemu/analysis_pli_load_immediate.json
[13:02:21] [spechunter] [Bash] Show recent RISC-V target git history
[13:02:21] [spechunter] [Grep] pattern='pext|p.ext'
[13:02:21] [spechunter] [Read] /home/yzs/riscv/qemu/target/riscv/xlrbr.decode
[13:02:21] [spechunter] [Read] /home/yzs/riscv/qemu/target/riscv/xthead.decode
[13:02:21] [spechunter] [Grep] pattern='RISCVDecoder|riscv_cpu_decode_fn|always_true_p'
[13:02:57] [spechunter] [Bash] List all analysis files
[13:02:57] [spechunter] [Grep] pattern='pm4|pm4adda|packed.simd|p.ext|zpn|zps'
[13:02:57] [spechunter] [Grep] pattern='\\.insn_format|insn_format|0x77|1110111|1010011|0010011|0110011|OP.32|custom'
[13:02:57] [spechunter] [Read] /home/yzs/riscv/qemu/target/riscv/cpu_bits.h
[13:02:57] [spechunter] [Read] /home/yzs/riscv/qemu/target/riscv/insn_trans/trans_rvm.c.inc
[13:02:57] [spechunter] [Grep] pattern='gen_set_gpri'
[13:03:21] [spechunter] [Read] /home/yzs/riscv/qemu/target/riscv/xmips.decode
[13:03:21] [spechunter] [Grep] pattern='dot|dotp|maddr|msubr|sdot|udot|sadd|uadd|ksadd|ksub|kadd|uksub|radd|sub8|add8|mul8|sra8|srl8|sll8|pack|pkbb|pkbt|pktt|pktb|swap8'
[13:03:21] [spechunter] [Grep] pattern='RVP|rvp|x-p|x_p'
[13:03:21] [spechunter] [Read] /home/yzs/riscv/qemu/target/riscv/insn_trans/trans_rvb.c.inc
[13:03:21] [spechunter] [Bash] List analysis JSON files at repo root
[13:03:35] [spechunter] [Read] /home/yzs/riscv/qemu/analysis_integrated_matrix_arith.json
[13:03:35] [spechunter] [Grep] pattern='packed.*simd|simd.*packed|pm4|zpn|zps'
[13:03:35] [spechunter] [Glob] disas/riscv*
[13:03:35] [spechunter] [Grep] pattern='packed.*simd|simd.*packed|pm4|zpn|zps|p-ext|pext'
[13:03:52] [spechunter] [Bash] Find CPU config fields file
[13:03:52] [spechunter] [Grep] pattern='ext_zpn|ext_zps|ext_p'
[13:03:52] [spechunter] [Grep] pattern='crc32|p.ext|packed'
[13:03:52] [spechunter] [Grep] pattern='crc32|p.ext|packed'
[13:03:52] [spechunter] [Read] /home/yzs/riscv/qemu/target/riscv/insn_trans/trans_rva.c.inc
[13:03:52] [spechunter] [Read] /home/yzs/riscv/qemu/target/riscv/insn_trans/trans_rvk.c.inc
[13:04:06] [spechunter] [Read] /home/yzs/riscv/qemu/target/riscv/cpu_cfg_fields.h.inc
[13:04:06] [spechunter] [Glob] **/*pext*
[13:04:06] [spechunter] [Glob] **/*packed*simd*
[13:04:06] [spechunter] [Glob] **/*pm4*
[13:04:06] [spechunter] [Bash] Search git history for P-ext related changes
[13:05:41] [spechunter] [text] Let me look deeper for semantically related patterns — existing multiply-add code in other RISC-V extensions that could ...
[13:05:41] [spechunter] [Grep] pattern='tcg_gen_mul|tcg_gen_add.*mul|gen_helper.*mul.*add|sext.*mul|zext.*mul'
[13:05:41] [spechunter] [Grep] pattern='sextract|sext_i32|zext_i32|ext_i32'
[13:05:41] [spechunter] [Grep] pattern='horizontal|dot_product|dotp|sm4|sm3|packed_simd|pmul'
[13:06:06] [spechunter] [Grep] pattern='vsm4|vsm3|sm4ed|sm4ks|sm3p[01]'
[13:06:06] [spechunter] [Grep] pattern='trans_vsm4|trans_vsm3|sm4ed|sm3p|gen_sm4|gen_sm3'
[13:06:06] [spechunter] [Grep] pattern='tcg_gen_mul|tcg_gen_add|sext.*mul|zext.*mul|sextract'
[13:06:29] [spechunter] [Grep] pattern='trans_sm4|trans_sm3|sm4ed|sm3p[01]'
[13:06:29] [spechunter] [Grep] pattern='sm4|sm3|SM4|SM3'
[13:06:29] [spechunter] [Grep] pattern='zpn|zps|zpn32|zpn64|P.ext|p_ext|packed_simd'
[13:07:06] [spechunter] [Grep] pattern='sext|zext|mul|extract'
[13:07:06] [spechunter] [Grep] pattern='tcg_gen_mul|tcg_gen_sari|tcg_gen_ext|sextract32|sextract64|extract32|extract64|deposit'
[13:07:06] [spechunter] [Grep] pattern='zext\\.tl|sext\\.tl|zext32|sext32|zext64|sext64'
[13:07:25] [spechunter] [Bash] Check recent commits for any P-ext related work
[13:07:25] [spechunter] [Grep] pattern='pm4adda|PM4ADDA|p-ext|P.ext|zpn32|zpn64|zpn_|zps_|zpn |zps '
[13:07:25] [spechunter] [Bash] Check all branches for P-ext related branches
[13:08:09] [spechunter] [text] Let me examine the existing multiply-add patterns and the extension infrastructure that PM4 would need to interface with...
[13:08:09] [spechunter] [Grep] pattern='EXT_SIGN|EXT_ZERO|EXT_NONE|gen_arith_per_ol'
[13:08:09] [spechunter] [Read] /home/yzs/riscv/qemu/target/riscv/insn_trans/trans_rvm.c.inc
[13:08:09] [spechunter] [Read] /home/yzs/riscv/qemu/target/riscv/translate.c
[13:08:23] [spechunter] [Read] /home/yzs/riscv/qemu/target/riscv/translate.c
[13:08:23] [spechunter] [Read] /home/yzs/riscv/qemu/target/riscv/translate.c
[13:08:23] [spechunter] [Read] /home/yzs/riscv/qemu/target/riscv/insn_trans/trans_rvb.c.inc
[13:08:42] [spechunter] [text] Let me check the existing analysis files for patterns and also look at the xlrbr extension (the closest analog — a custo...
[13:08:42] [spechunter] [Read] /home/yzs/riscv/qemu/analysis_pli_load_immediate.json
[13:08:42] [spechunter] [Grep] pattern='tcg_gen_mul|sext|zext|extract|add_i|mul_i'
[13:08:42] [spechunter] [Read] /home/yzs/riscv/qemu/target/riscv/insn_trans/trans_xthead.c.inc
[13:08:42] [spechunter] [Grep] pattern='MUL.*ADD|madd|macu|mac\\.|multiply.*accumulate|horizontal.*add'
[13:09:04] [spechunter] [text] Let me examine the existing multiply-add implementations in the FPU and vector code, which are the closest semantic anal...
[13:09:04] [spechunter] [Grep] pattern='fmadd|fmul|fadd|gen_muladd|macc'
[13:09:04] [spechunter] [Grep] pattern='fmadd|fmul|fmacc|OP-FP'
[13:09:04] [spechunter] [Grep] pattern='fmadd|fmul|FMADD|macc'
[13:09:04] [spechunter] [Grep] pattern='vmacc|vmul|vmadd|vwmacc|dot.*mul|horizontal'
[13:09:16] [spechunter] [Grep] pattern='vmacc_vv|vwmacc_vv|vwmaccsu_vv|vmadd_vv|vext_vv'
[13:09:25] [spechunter] [Grep] pattern='DO_MACC|DO_MADD|OP_SSS_B|OP_SSU|WOP_SSS'
[13:09:25] [spechunter] [Grep] pattern='DO_MUL|DO_MACC|DO_MADD'
[13:09:25] [spechunter] [Grep] pattern='OP_SSS_B|OP_SSU_B|WOP_SSS_B|WOP_SSU_B'
[13:10:04] [spechunter] [Grep] pattern='DO_MACC|DO_MADD'
[13:10:04] [spechunter] [Grep] pattern='OP_SSS_B|OP_SSU_B|WOP_SSS|WOP_SSU'
[13:10:44] [spechunter] [text] Now I have a comprehensive understanding. Let me verify the key infrastructure files that would host or influence a PM4 ...
[13:10:44] [spechunter] [Read] /home/yzs/riscv/qemu/target/riscv/vector_helper.c
[13:10:44] [spechunter] [Read] /home/yzs/riscv/qemu/target/riscv/translate.c
[13:11:18] [spechunter] [text] Let me check the CPU extension infrastructure patterns more closely — these are the semantic templates a PM4 implementer...
[13:11:18] [spechunter] [Grep] pattern='has_.*_p|decode_|decoder_table|cpu_bump_multi_ext_priv_ver'
[13:11:18] [spechunter] [Grep] pattern='has_.*_p|always_true_p'
[13:11:18] [spechunter] [Read] /home/yzs/riscv/qemu/target/riscv/translate.c
[13:13:15] [spechunter] [text] Now I have a comprehensive understanding of the codebase. The PM4 instructions are completely unimplemented in this QEMU...
[13:13:15] [spechunter] [Write] /home/yzs/riscv/qemu/analysis_pm4_missing.json
[13:13:33] [spechunter] [text] ## Results  **PM4 Horizontal Multiply-Add instructions are completely unimplemented** in this QEMU tree. No decode entri...
[13:14:13] [spechunter] [text] Let me search the codebase for existing PM4 instruction patterns and the relevant decode/translate files.  
[13:14:13] [spechunter] [Agent] description, prompt
[13:14:31] [spechunter] [Grep] pattern='pm4|PM4'
[13:14:31] [spechunter] [Grep] pattern='PM4ADDA'
[13:14:31] [spechunter] [Grep] pattern='p-ext|pext|packed'
[13:14:31] [spechunter] [Glob] target/riscv/insn32/*
[13:14:31] [spechunter] [Grep] pattern='PM4|pm4'
[13:15:10] [spechunter] [Bash] List riscv target directory contents
[13:15:10] [spechunter] [Read] /home/yzs/riscv/qemu/analysis_pm4_missing.json
[13:15:10] [spechunter] [Grep] pattern='MULADD|muladd|mul_add|multiply.add'
[13:15:10] [spechunter] [Grep] pattern='opcode|insn|decode|translate'
[13:15:52] [spechunter] [Grep] pattern='pm4|PM4|PM4ADD|pm4add'
[13:15:52] [spechunter] [Bash] List insn_trans directory
[13:15:52] [spechunter] [Bash] List tcg directory
[13:15:52] [spechunter] [Grep] pattern='has_zpn|has_zps|ext_zpn|ext_zps|pext|p-ext|Zpn|Zps'
[13:15:52] [spechunter] [Grep] pattern='packed.simd|packed simd|P-ext|p.ext'
[13:15:52] [spechunter] [Grep] pattern='decode_insn32|decode_rv|decoder_table|decode_xmv|decode_xth|decode_xlr|decode_XV'
[13:16:17] [spechunter] [Read] /home/yzs/riscv/qemu/target/riscv/translate.c
[13:16:17] [spechunter] [Read] /home/yzs/riscv/qemu/target/riscv/translate.c
[13:16:17] [spechunter] [Read] /home/yzs/riscv/qemu/target/riscv/translate.c
[13:16:17] [spechunter] [Read] /home/yzs/riscv/qemu/target/riscv/cpu_cfg_fields.h.inc
[13:16:17] [spechunter] [Read] /home/yzs/riscv/qemu/target/riscv/insn_trans/trans_rvm.c.inc
[13:16:17] [spechunter] [Read] /home/yzs/riscv/qemu/target/riscv/meson.build
[13:16:44] [spechunter] [Read] /home/yzs/riscv/qemu/target/riscv/translate.c
[13:16:44] [spechunter] [Read] /home/yzs/riscv/qemu/target/riscv/insn32.decode
[13:16:44] [spechunter] [Read] /home/yzs/riscv/qemu/target/riscv/tcg/tcg-cpu.c
[13:16:44] [spechunter] [Read] /home/yzs/riscv/qemu/target/riscv/helper.h
[13:16:44] [spechunter] [Grep] pattern='riscv_cpu_extensions|riscv_cpu_vendor_exts|riscv_cpu_experimental_exts'
[13:16:44] [spechunter] [Grep] pattern='mstatus|pstate|XS|ext_status'
[13:17:19] [spechunter] [Read] /home/yzs/riscv/qemu/target/riscv/cpu.c
[13:17:19] [spechunter] [Read] /home/yzs/riscv/qemu/target/riscv/cpu.c
[13:17:19] [spechunter] [Read] /home/yzs/riscv/qemu/target/riscv/cpu.c
[13:17:19] [spechunter] [Grep] pattern='multi_ext_cfgs'
[13:17:19] [spechunter] [Grep] pattern='custom|CUSTOM|xxxx011|xxxx100|xxxx101|xxxx110|xxxx111'
[13:17:19] [spechunter] [Grep] pattern='gdb|disas'
[13:17:57] [spechunter] [Read] /home/yzs/riscv/qemu/target/riscv/arch_dump.c
[13:17:57] [spechunter] [Grep] pattern='vmstate|VMState|migration_state|riscv_cpu_post'
[13:17:57] [spechunter] [Grep] pattern='^mulhu |^mulhsu |^mulh |^mulw |^mul '
[13:17:57] [spechunter] [Grep] pattern='ol|get_ol|get_xl|ctx'
[13:17:57] [spechunter] [Grep] pattern='ext_|isa|xstatus|FS|XS'
[13:17:57] [spechunter] [Grep] pattern='riscv'
[13:18:27] [spechunter] [Grep] pattern='0110011|0111011|0111111'
[13:18:27] [spechunter] [Grep] pattern='@r$|@r\\b'
[13:18:27] [spechunter] [Grep] pattern='rvp|rv32p|rv64p|packed|p-ext|pext'
[13:18:27] [spechunter] [Grep] pattern='rvp|rv32p|rv64p|packed|p-ext|pext'
[13:18:27] [spechunter] [Grep] pattern='decode|has_zpn|has_zps|always_true|decoder'
[13:18:27] [spechunter] [Read] /home/yzs/riscv/qemu/target/riscv/cpu_bits.h
[13:18:48] [spechunter] [Grep] pattern='RISCVCPUConfig'
[13:18:48] [spechunter] [Grep] pattern='MSTATUS_XS|MSTATUS_FS|mstatus'
[13:18:48] [spechunter] [Grep] pattern='@r[^2_]'
[13:18:48] [spechunter] [Bash] Count lines in translate.c
[13:18:48] [spechunter] [Bash] Count lines in insn32.decode
[13:20:46] [spechunter] [text] Let me verify the critical files to lock in precise line numbers.  
[13:20:46] [spechunter] [Grep] pattern='decodetree\\.process'
[13:20:46] [spechunter] [Grep] pattern='decoder_table\\[\\]'
[13:20:46] [spechunter] [Grep] pattern='^@r\\b|^&r\\b'
[13:21:07] [spechunter] [Grep] pattern='riscv_cpu_experimental_exts'
[13:21:07] [spechunter] [Grep] pattern='MATERIALISE_EXT_PREDICATE'
[13:21:07] [spechunter] [Grep] pattern='has_xthead_p|has_xmips_p|has_XVentanaCondOps_p'
[13:21:55] [spechunter] [text] Let me check if there are any existing P-ext or packed-SIMD patterns in the decode file.  
[13:21:55] [spechunter] [Grep] pattern='packed|pext|zpn|zpsf|add[0-9]|sadd|uadd|km[a-z]'
[13:21:55] [spechunter] [Grep] pattern='^### RVP|RVP-packed|P-ext|Packed SIMD'
[13:21:55] [spechunter] [Grep] pattern='1010111|1110111'
[13:22:28] [spechunter] [text] Let me also check the current working state of the repo and look at what's in the modified file to understand the contex...
[13:22:28] [spechunter] [Bash] Check current working state
[13:22:28] [spechunter] [Grep] pattern='pm4adda|PM4ADDA|pm4_adda|horizontal.multiply'
[13:23:10] [spechunter] [text] Now I have a complete picture. The codebase has **zero** existing P-ext (Packed SIMD) infrastructure — the `hw/riscv/ris...
[13:23:43] [spechunter] [Agent] description, subagent_type
[13:24:08] [spechunter] [Grep] pattern='PM4ADD'
[13:24:08] [spechunter] [Grep] pattern='pm4'
[13:24:08] [spechunter] [Grep] pattern='OP.?32'
[13:24:08] [spechunter] [Grep] pattern='horizontal.*multiply|multiply.*add.*horizontal'
[13:24:36] [spechunter] [Grep] pattern='XP|P.ext|Zpn|Zpsf|Zpbp|Zp'
[13:24:36] [spechunter] [Grep] pattern='ext_xp|ext_zpn|ext_zpsf|ext_p'
[13:24:36] [spechunter] [Glob] target/riscv/**/*p*
[13:24:36] [spechunter] [Grep] pattern='packed|SIMD|P.extension'
[13:25:09] [spechunter] [Grep] pattern='pm4add|PM4ADD'
[13:25:09] [spechunter] [Grep] pattern='horizontal|hmadd|hmul|smbb|smbt|smtt|kmda|kdm'
[13:25:09] [spechunter] [Grep] pattern='ADD32|add32|mulh|MULH'
[13:25:09] [spechunter] [Read] /home/yzs/riscv/qemu/target/riscv/helper.h
[13:25:41] [spechunter] [Bash] Count lines in helper.h
[13:25:41] [spechunter] [Grep] pattern='pm4|PM4|P.ext|Zpn|Zpsf|packed'
[13:25:41] [spechunter] [Glob] target/riscv/*.decode*
[13:25:41] [spechunter] [Grep] pattern='pm4|PM4|P.ext|Zpn|Zpsf|packed'
[13:26:05] [spechunter] [Grep] pattern='packed'
[13:26:05] [spechunter] [Grep] pattern='packed'
[13:26:05] [spechunter] [Grep] pattern='^OP-32|^OP_32|OPIV32|RVP_|rvp_'
[13:26:05] [spechunter] [Glob] target/riscv/insn_trans/*.inc
[13:27:14] [spechunter] [Grep] pattern='PM4ADD|pm4add'
[13:27:14] [spechunter] [Grep] pattern='Zpn|Zpsf|Zpbp|Zpn64|XP|ext_zpn|ext_zpsf'
[13:27:14] [spechunter] [Grep] pattern='riscv_cpu_extensions'
[13:27:33] [spechunter] [Grep] pattern='riscv_cpu_extensions'
[13:27:33] [spechunter] [Grep] pattern='riscv_cpu_experimental_exts'
[13:27:33] [spechunter] [Grep] pattern='riscv_cpu_experimental_exts'
[13:28:07] [spechunter] [Grep] pattern='pm4|PM4|lp32|lp64|packed_simd|zpn'
[13:28:07] [spechunter] [Grep] pattern='pm4|PM4|lp32|lp64|packed_simd|zpn'
[13:28:07] [spechunter] [Read] /home/yzs/riscv/qemu/analysis_pm4_missing.json
[13:28:24] [spechunter] [Read] /home/yzs/riscv/qemu/target/riscv/translate.c
[13:28:24] [spechunter] [Read] /home/yzs/riscv/qemu/target/riscv/translate.c
[13:28:24] [spechunter] [Read] /home/yzs/riscv/qemu/target/riscv/translate.c
[13:28:24] [spechunter] [Grep] pattern='pm4|PM4|pext|P_EXT|packed.*mul|horizontal'
[13:28:24] [spechunter] [Grep] pattern='pm4|PM4|pext|packed.*mul|zpn'
[13:28:39] [spechunter] [Grep] pattern='pext'
[13:28:39] [spechunter] [Grep] pattern='horizontal'
[13:28:39] [spechunter] [Grep] pattern='pm4|pext|packed.mul|zpn'
[13:29:10] [spechunter] [Grep] pattern='pm4|PM4|P.ext|Zpn|Zpsf|packed|horizontal.*mul'
[13:29:10] [spechunter] [Grep] pattern='add16|add32|add64|mul16|mul32|mul64|sma|kabs|kadd|ksub|khm|umul'
[13:29:10] [spechunter] [Bash] Search entire QEMU tree for gen_helper.*pm4
[13:30:54] [spechunter] [text] Now let me verify the current state of the modified file (`riscv-iommu.c`) to make sure the git diff doesn't contain any...
[13:30:54] [spechunter] [Bash] Check if git diff contains PM4 code
[13:30:54] [spechunter] [Read] /home/yzs/riscv/qemu/analysis_pm4_missing.json
[13:31:08] [spechunter] [text] Now let me verify there's truly no PM4 instruction implementation anywhere in the tree.  
[13:31:08] [spechunter] [Grep] pattern='PM4|pm4add'
[13:31:08] [spechunter] [Grep] pattern='PM4|pm4add'
[13:31:11] [spechunter] [Grep] pattern='PM4|pm4add'
[13:32:55] [spechunter] [text] The PM4 "hits" in `hw/display/ati_regs.h` are AMD GPU Command Processor Microcode 4 registers — completely unrelated to ...
