[10:35:26] [spechunter] PR loaded: #181 riscv-non-isa/riscv-iopmp — "Add two subsections to Application Note"
[10:35:26] [spechunter]   diff: 4973 chars  body: 567 chars  reviews: 0
[10:35:26] [spechunter] Global pre-filter running...
[10:35:35] [spechunter] [text] {"should_skip": false}
[10:35:36] [spechunter] pre-filter: should_skip=False reason=""
[10:35:53] [spechunter] [text] {"should_skip": true, "skip_reason": "IOPMP application note changes for hardware implementers; OpenSBI implements PMP/e...
[10:35:55] [spechunter] [text] {"should_skip": false}
[10:35:59] [spechunter] [text] {"should_skip": true, "skip_reason": "IOPMP is a SoC-level I/O memory protection unit (separate IP block on the system b...
[10:36:01] [spechunter] [text] {"should_skip": true, "skip_reason": "Application note additions to IOPMP spec; HWCFG3.xinr is a read-only hardware capa...
[10:36:11] [spechunter] [text] {"should_skip": true, "skip_reason": "IOPMP is a hardware I/O physical memory protection mechanism that QEMU does not em...
[10:36:21] [spechunter] [Grep] pattern='iopmp|IOPMP'
[10:37:10] [spechunter] [text] ```json {   "violation_condition": "In the Linux kernel, when an IOPMP driver writes ENTRY_CFG with r=1 (data read only)...
[10:37:24] [spechunter] [Grep] pattern='iopmp|IOPMP'
[10:37:24] [spechunter] [Grep] pattern='HWCFG3|xinr|ENTRY_CFG|SRCMD_X|SRCMD_XH'
[10:38:00] [spechunter] [Grep] pattern='HWCFG3'
[10:38:00] [spechunter] [Grep] pattern='xinr'
[10:38:00] [spechunter] [Grep] pattern='ENTRY_CFG'
[10:38:00] [spechunter] [Grep] pattern='SRCMD_X'
[10:38:00] [spechunter] [Grep] pattern='IOPMP'
[10:38:25] [spechunter] [text] The initial search shows no IOPMP driver exists in this kernel tree. Let me broaden the search to find any related DMA a...
[10:38:25] [spechunter] [Grep] pattern='dma.*permission|dma.*read.only|dma.*access.*right|SRCMD|srcmd'
[10:38:25] [spechunter] [Grep] pattern='iopmp|io.?pmp|dma.?protection|dma.?access.?control|dma.?firewall|bus.?master.?protection'
[10:38:25] [spechunter] [Grep] pattern='entry_cfg|entrycfg|hwcfg[0-9]|hw_cfg'
[10:38:28] [spechunter] [text] Let me also check RISC-V specific paths and the tools directory for any IOPMP-related files.  
[10:38:28] [spechunter] [Grep] pattern='iopmp'
[10:38:28] [spechunter] [Grep] pattern='iopmp'
[10:38:28] [spechunter] [Grep] pattern='iopmp'
[10:38:28] [spechunter] [Grep] pattern='iopmp'
[10:38:28] [spechunter] [Grep] pattern='iopmp'
[10:38:28] [spechunter] [Grep] pattern='iopmp'
[10:38:37] [spechunter] [Grep] pattern='iopmp'
[10:38:37] [spechunter] [Grep] pattern='iopmp'
[10:38:39] [spechunter] [Grep] pattern='riscv.*iommu|iommu.*riscv|RISC-V.*IOMMU|IOMMU.*RISC'
[10:38:39] [spechunter] [Grep] pattern='riscv.*pmp|pmp.*riscv|PMPCFG|pmpcfg|pmpaddr'
[10:38:39] [spechunter] [Glob] drivers/iommu/**riscv*/**
[10:38:39] [spechunter] [Glob] drivers/iommu/riscv*
[10:38:48] [spechunter] [Read] /home/yzs/riscv/linux/drivers/iommu/riscv/iommu-bits.h
[10:38:48] [spechunter] [Read] /home/yzs/riscv/linux/drivers/iommu/riscv/iommu.h
[10:38:48] [spechunter] [Read] /home/yzs/riscv/linux/drivers/iommu/riscv/iommu.c
[10:39:02] [spechunter] [text] ```json {   "locations": [] } ```  **Summary of findings:**  None of the affected entities exist in the Linux kernel tre...
[10:39:26] [spechunter] [text] 在 RISC-V IOMMU 驱动中寻找语义上类似的位置。  
[10:39:26] [spechunter] [Grep] pattern='_PAGE_EXEC|_PAGE_READ|_PAGE_WRITE|_PAGE_BASE|_PAGE_DIRTY|_PAGE_LEAF|_PAGE_PROT_NONE|_PAGE_TABLE|_PAGE_PFN_MASK|_PAGE_PFN_SHIFT'
[10:39:26] [spechunter] [Grep] pattern='IOMMU_EXEC|IOMMU_READ|IOMMU_WRITE|IOMMU_PRIV|IOMMU_MMIO|_iommu_prot'
[10:39:26] [spechunter] [Grep] pattern='IOMMU_EXEC|IOMMU_NOEXEC|prot.*exec|execute.*perm|exec.*perm'
[10:39:48] [spechunter] [Read] /home/yzs/riscv/linux/drivers/iommu/dma-iommu.c
[10:39:48] [spechunter] [Read] /home/yzs/riscv/linux/drivers/iommu/dma-iommu.c
[10:39:48] [spechunter] [Grep] pattern='IOMMU_NOEXEC|iommu_prot.*NOEXEC|prot.*NOEXEC'
[10:40:57] [spechunter] [Grep] pattern='IOMMU_CAP_NOEXEC|_PAGE_EXEC|prot.*exec|execute'
[10:40:57] [spechunter] [Read] /home/yzs/riscv/linux/include/linux/iommu.h
[10:40:57] [spechunter] [Grep] pattern='IOMMU_CAP_NOEXEC'
[10:41:28] [spechunter] [Grep] pattern='_PAGE_BASE|_PAGE_EXEC|_PAGE_READ|_PAGE_WRITE|_PAGE_DIRTY|_PAGE_LEAF|_PAGE_PFN_MASK|_PAGE_PFN_SHIFT|_PAGE_PROT_NONE|_PAGE_PRESENT|_PAGE_TABLE'
[10:41:28] [spechunter] [Grep] pattern='iommu_noexec|cap_noexec|NOEXEC'
[10:41:44] [spechunter] [text] Now let me look at the RISC-V IOMMU map path for the critical vulnerability pattern — where execute/write permissions ar...
[10:41:44] [spechunter] [Read] /home/yzs/riscv/linux/drivers/iommu/riscv/iommu.c
[10:41:44] [spechunter] [Grep] pattern='IOMMU_WRITE|IOMMU_READ|IOMMU_NOEXEC|iommu_prot'
[10:42:39] [spechunter] [text] Now let me look deeper at the RISC-V IOMMU driver's permission handling, especially the critical `_PAGE_BASE` definition...
[10:42:39] [spechunter] [Grep] pattern='iopmp|iommu.*perm|dma.*permission|dma.*protection.*entry|mdcfg|entry_cfg.*write|srcmd'
[10:42:39] [spechunter] [Grep] pattern='xinr|HW_CFG|hw_cfg|hardware_config.*read|capability.*permission|perm.*cap|cap.*perm'
[10:43:27] [spechunter] [text] Let me now trace the critical permission-setting paths in the RISC-V IOMMU and related drivers more carefully.  
[10:43:27] [spechunter] [Read] /home/yzs/riscv/linux/arch/riscv/include/asm/pgtable.h
[10:43:27] [spechunter] [Grep] pattern='_PAGE_EXEC'
[10:43:35] [spechunter] [text] Now let me look at the RISC-V PMP, KVM gstage, and other DMA access-control paths that could be semantically affected.  
[10:43:35] [spechunter] [Read] /home/yzs/riscv/linux/arch/riscv/kvm/gstage.c
[10:43:35] [spechunter] [Grep] pattern='IOMMU_PGFAULT_PERM_EXEC|IMPL_EXEC|_PAGE_EXEC|prot.*exec|perm.*exec|DMA_ATTR.*EXEC'
[10:43:35] [spechunter] [Grep] pattern='_PAGE_EXEC|pmp.*exec|pmp.*perm|pmpcfg.*X|pmpcfg.*L|riscv_pmp'
[10:44:43] [spechunter] [text] Prompt is too long
[10:44:55] [spechunter] [text] Both the entity-index (fast-path) and semantic-search (slow-path) searches returned empty result sets. This aligns with ...
[10:45:25] [spechunter] [Grep] pattern='iopmp'
[10:45:25] [spechunter] [Glob] **/iopmp*
[10:45:25] [spechunter] [Grep] pattern='ENTRY_CFG'
[10:45:25] [spechunter] [Grep] pattern='xinr'
[10:45:43] [spechunter] [Grep] pattern='iopmp|IOPMP'
[10:45:43] [spechunter] [Grep] pattern='HWCFG'
[10:45:43] [spechunter] [Grep] pattern='SRCMD_X|SRCMD_XH'
[10:46:09] [spechunter] [Grep] pattern='iopmp|IOPMP'
[10:46:09] [spechunter] [Grep] pattern='entry_cfg|ENTRY_CFG'
[10:46:09] [spechunter] [Bash] Check git history for any iopmp driver commits
[10:46:39] [spechunter] [Grep] pattern='HWCFG3.*xinr|xinr.*HWCFG3'
[10:46:39] [spechunter] [Glob] **/drivers/soc/**/pmp*
[10:46:39] [spechunter] [Glob] **/pmp*
[10:46:39] [spechunter] [Bash] Check for any staging or pending iopmp/pmp driver files
[10:47:03] [spechunter] [text] Let me also check if there's any RISC-V-specific PMP or security memory protection code in arch/riscv.  
[10:47:03] [spechunter] [Grep] pattern='iopmp|IOPMP|ENTRY_CFG|HWCFG3|SRCMD_X'
[10:47:03] [spechunter] [Grep] pattern='iopmp|IOPMP'
[10:47:03] [spechunter] [Glob] **/pmp*
[10:47:03] [spechunter] [Grep] pattern='iopmp|IOPMP'
[10:47:10] [spechunter] [Read] /home/yzs/riscv/linux/drivers/clk/thead/clk-th1520-ap.c
[10:47:30] [spechunter] [text] Based on my thorough search of this kernel tree, here is my analysis:  ```json {   "findings": [     {       "file_path"...
