[10:48:40] [spechunter] PR loaded: #193 riscv-non-isa/riscv-iopmp — "Reference Model: Several fixes for stall-related features"
[10:48:40] [spechunter]   diff: 12695 chars  body: 1 chars  reviews: 0
[10:48:40] [spechunter] Global pre-filter running...
[10:48:50] [spechunter] [text] {"should_skip": false}
[10:48:52] [spechunter] pre-filter: should_skip=False reason=""
[10:49:00] [spechunter] [text] {"should_skip": true, "skip_reason": "Reference model implementation fixes only; no spec, CSR, or software-visible inter...
[10:49:04] [spechunter] [text] {"should_skip": false}
[10:49:05] [spechunter] [text] {"should_skip": true, "skip_reason": "PR targets the IOPMP reference model (C implementation for hardware verification),...
[10:49:11] [spechunter] [text] {"should_skip": true, "skip_reason": "IOPMP reference model changes are about I/O-side physical memory protection, which...
[10:49:13] [spechunter] [text] {"should_skip": true, "skip_reason": "PR affects only the IOPMP reference model C implementation (iopmp_ref_model/), not...
[10:49:34] [spechunter] [text] ```json {   "violation_condition": "In XiangShan RTL, when IOPMP implements stall buffer (imp_stall_buffer=1) and MDSTAL...
[10:49:53] [spechunter] [Agent] description, subagent_type
[10:49:53] [spechunter] [Grep] pattern='stall_buffer|stall_buf|stall_cntr|mdstall'
[10:49:53] [spechunter] [Grep] pattern='IOPMP|iopmp|Iopmp'
[10:49:55] [spechunter] [Grep] pattern='mdstall'
[10:49:55] [spechunter] [Grep] pattern='stall_cntr'
[10:49:55] [spechunter] [Grep] pattern='stall_violation_en'
[10:49:55] [spechunter] [Grep] pattern='stall_buffer.*flush|stall_buf.*clear|stall_cntr.*:=.*0|mdstall.*flush'
[10:50:11] [spechunter] [Grep] pattern='IOPMP|iopmp'
[10:50:11] [spechunter] [Grep] pattern='stall_buffer|stall.buffer|stall_buf|stall_cntr|mdstall'
[10:50:11] [spechunter] [Grep] pattern='ERR_CFG|stall_violation'
[10:50:11] [spechunter] [Glob] **/*[Ii][Oo][Pp][Mm][Pp]*
[10:50:11] [spechunter] [Glob] **/*stall_buf*
[10:50:18] [spechunter] [text] Nothing in `src/main/scala`. Let me broaden to the full repo and try alternate patterns.  
[10:50:18] [spechunter] [Grep] pattern='mdstall'
[10:50:18] [spechunter] [Grep] pattern='stall_cntr'
[10:50:18] [spechunter] [Grep] pattern='stall_violation'
[10:50:18] [spechunter] [Grep] pattern='stallBuffer|stall_buffer|StallBuffer'
[10:50:18] [spechunter] [Grep] pattern='ERR_CFG|ErrCfg'
[10:50:32] [spechunter] [Read] /home/yzs/riscv/XiangShan/ChiselIOPMP/src/main/scala/Iopmp.scala
[10:50:32] [spechunter] [Read] /home/yzs/riscv/XiangShan/ChiselIOPMP/src/main/scala/IopmpChecker.scala
[10:50:32] [spechunter] [Read] /home/yzs/riscv/XiangShan/ChiselIOPMP/src/main/scala/IopmpBridge.scala
[10:50:32] [spechunter] [Read] /home/yzs/riscv/XiangShan/ChiselIOPMP/build.sc
[10:50:32] [spechunter] [Read] /home/yzs/riscv/XiangShan/ChiselIOPMP/Makefile
[10:50:32] [spechunter] [Read] /home/yzs/riscv/XiangShan/ChiselIOPMP/README.md
[10:50:32] [spechunter] [Read] /home/yzs/riscv/XiangShan/iopmp_hwcfg_v081_findings.json
[10:50:36] [spechunter] [text] Found references only in IOPMP. Let me dig deeper into that file and search for the vulnerability pattern and the refere...
[10:50:36] [spechunter] [Read] /home/yzs/riscv/XiangShan/ChiselIOPMP/src/main/scala/IopmpChecker.scala
[10:50:36] [spechunter] [Read] /home/yzs/riscv/XiangShan/ChiselIOPMP/src/main/scala/IopmpChecker.scala
[10:50:36] [spechunter] [Read] /home/yzs/riscv/XiangShan/ChiselIOPMP/src/main/scala/IopmpChecker.scala
[10:50:36] [spechunter] [Grep] pattern='stall'
[10:50:36] [spechunter] [Grep] pattern='mdstall'
[10:51:03] [spechunter] [text] Let me read the key regions around the stall/flush logic and the reference model.  
[10:51:03] [spechunter] [Read] /home/yzs/riscv/XiangShan/ChiselIOPMP/src/main/scala/IopmpChecker.scala
[10:51:03] [spechunter] [Read] /home/yzs/riscv/XiangShan/ChiselIOPMP/src/main/scala/IopmpChecker.scala
[10:51:03] [spechunter] [Read] /home/yzs/riscv/XiangShan/ChiselIOPMP/src/main/scala/IopmpChecker.scala
[10:51:03] [spechunter] [Read] /home/yzs/riscv/XiangShan/ChiselIOPMP/src/main/scala/IopmpChecker.scala
[10:51:03] [spechunter] [Read] /home/yzs/riscv/XiangShan/ChiselIOPMP/src/main/scala/IopmpChecker.scala
[10:51:03] [spechunter] [Read] /home/yzs/riscv/XiangShan/ChiselIOPMP/src/main/scala/IopmpChecker.scala
[10:51:12] [spechunter] [Grep] pattern='IOPMP|iopmp'
[10:51:12] [spechunter] [Grep] pattern='IOPMP|iopmp'
[10:51:12] [spechunter] [Grep] pattern='IOPMP|iopmp'
[10:51:12] [spechunter] [Grep] pattern='IOPMP|iopmp'
[10:51:12] [spechunter] [Grep] pattern='IOPMP|iopmp'
[10:51:12] [spechunter] [Grep] pattern='IOPMP|iopmp'
[10:51:12] [spechunter] [Bash] List ChiselIOPMP top-level directory
[10:51:30] [spechunter] [Glob] **/*.scala
[10:51:30] [spechunter] [Glob] **/*
[10:51:37] [spechunter] [text] Now let me search the reference model (difftest) and any other directories for stall-related references, plus the vulner...
[10:51:37] [spechunter] [Grep] pattern='mdstall|stall_cntr|stall_violation|stall_buffer|StallBuffer'
[10:51:37] [spechunter] [Grep] pattern='mdstall|stall_cntr|stall_violation|stall_buffer|StallBuffer'
[10:51:37] [spechunter] [Grep] pattern='mdstall|stall_cntr|stall_violation|stall_buffer|StallBuffer'
[10:51:37] [spechunter] [Grep] pattern='EdgeDetect.falling'
[10:51:37] [spechunter] [Grep] pattern='imp_stall_buffer|imp_stall|stall_buf'
[10:51:49] [spechunter] [Grep] pattern='stall'
[10:51:49] [spechunter] [Grep] pattern='stall'
[10:51:49] [spechunter] [Glob] **/difftest/**/*.cpp
[10:51:49] [spechunter] [Glob] **/ref**/model**
[10:52:01] [spechunter] [Grep] pattern='stall'
[10:52:01] [spechunter] [Grep] pattern='stall'
[10:52:01] [spechunter] [Bash] List git submodules
[10:52:19] [spechunter] [Bash] Check difftest submodule contents
[10:52:19] [spechunter] [Glob] **/*.cpp
[10:52:29] [spechunter] [text] Let me check the IopmpBridge for the stall handling and look for any reference model or test files related to IOPMP stal...
[10:52:29] [spechunter] [Read] /home/yzs/riscv/XiangShan/ChiselIOPMP/src/main/scala/IopmpBridge.scala
[10:52:29] [spechunter] [Glob] **/*mdstall*
[10:52:29] [spechunter] [Glob] **/*Iopmp*
[10:52:45] [spechunter] [Read] /home/yzs/riscv/XiangShan/ChiselIOPMP/src/main/scala/IopmpChecker.scala
[10:52:47] [spechunter] [Grep] pattern='stall|flush|mdstall'
[10:52:47] [spechunter] [Read] /home/yzs/riscv/XiangShan/ChiselIOPMP/src/main/scala/IopmpChecker.scala
[10:52:47] [spechunter] [Grep] pattern='class Ctrl'
[10:52:54] [spechunter] [Glob] **/*IOPMP*
[10:52:54] [spechunter] [Grep] pattern='iopmp|IOPMP|Iopmp'
[10:53:08] [spechunter] [Read] /home/yzs/riscv/XiangShan/src/test/scala/top/SimMMIO.scala
[10:53:08] [spechunter] [Grep] pattern='iopmp|IOPMP'
[10:53:08] [spechunter] [Grep] pattern='stall'
[10:53:56] [spechunter] [text] Now let me check the reference model mentioned in the PR context.  
[10:53:56] [spechunter] [Glob] **/iopmp_ref_model/**
[10:53:56] [spechunter] [Grep] pattern='iopmp_ref_model|iopmp\\.h'
[10:53:56] [spechunter] [Grep] pattern='stall_buffer|stall_buf|stall_cntr|mdstall'
[10:54:13] [spechunter] [text] ```json {   "locations": [     {       "file_path": "ChiselIOPMP/src/main/scala/IopmpChecker.scala",       "function_nam...
[10:54:21] [spechunter] [text] Now let me check the bridge and top-level files for any stall buffer or flush related logic.  
[10:54:21] [spechunter] [Grep] pattern='stall|flush|stall_cntr|stall_buf|mdstall'
[10:54:21] [spechunter] [Grep] pattern='stall|flush|stall_cntr|stall_buf|mdstall'
[10:54:53] [spechunter] [text] Now let me read the commented-out MDSTALL register definitions and the Ctrl flush logic more carefully to see what's mis...
[10:54:53] [spechunter] [Read] /home/yzs/riscv/XiangShan/ChiselIOPMP/src/main/scala/IopmpChecker.scala
[10:54:53] [spechunter] [Read] /home/yzs/riscv/XiangShan/ChiselIOPMP/src/main/scala/IopmpChecker.scala
[10:55:16] [spechunter] [text] Let me also check the `iopmp.h` reference model and the bridge's stall handling.  
[10:55:16] [spechunter] [Bash] Find iopmp.h reference header files
[10:55:16] [spechunter] [Read] /home/yzs/riscv/XiangShan/ChiselIOPMP/src/main/scala/IopmpBridge.scala
[10:56:53] [spechunter] [text] Now I have a complete picture. Let me compile the findings.  
[10:56:53] [spechunter] [Write] /home/yzs/riscv/XiangShan/smidctrl_threshold_findings.json
[10:56:56] [spechunter] [Read] /home/yzs/riscv/XiangShan/smidctrl_threshold_findings.json
[10:58:42] [spechunter] [Write] /home/yzs/riscv/XiangShan/smidctrl_threshold_findings.json
[10:59:01] [spechunter] [text] ## Findings Summary  The IOPMP stall buffer vulnerability pattern was searched across the XiangShan RTL codebase. Here's...
[11:00:54] [spechunter] [text] ```json {   "locations": [     {       "file": "ChiselIOPMP/src/main/scala/IopmpChecker.scala",       "lines": "480-516"...
[11:01:06] [spechunter] [Agent] description, subagent_type
[11:01:40] [spechunter] [Glob] **/*IOPMP*
[11:01:40] [spechunter] [Glob] **/*iopmp*
[11:01:40] [spechunter] [Grep] pattern='stall_buffer|stall_buf|stall_cntr|stall_cnt'
[11:01:40] [spechunter] [Grep] pattern='mdstall|MDSTALL'
[11:01:40] [spechunter] [Grep] pattern='stall_buffer_flush|stall_buf_clear'
[11:01:40] [spechunter] [Grep] pattern='imp_stall_buffer|ImpStallBuffer'
[11:02:11] [spechunter] [Grep] pattern='mdstall|MDSTALL'
[11:02:11] [spechunter] [Read] /home/yzs/riscv/XiangShan/iopmp_hwcfg_v081_findings.json
[11:02:11] [spechunter] [Read] /home/yzs/riscv/XiangShan/smidctrl_threshold_findings.json
[11:02:11] [spechunter] [Bash] List ChiselIOPMP directory
[11:02:11] [spechunter] [Bash] Check for TL-IOPMP directory
[11:02:32] [spechunter] [Glob] **/*.scala
[11:02:32] [spechunter] [Glob] **/*.{v,sv}
[11:02:32] [spechunter] [Read] /home/yzs/riscv/XiangShan/ChiselIOPMP/src/main/scala/IopmpChecker.scala
[11:02:32] [spechunter] [Grep] pattern='stall_buffer|stall_buf|stall_cntr|stall_cnt|mdstall|MDSTALL|stall_buffer_flush|stall_buf_clear|imp_stall_buffer|ImpStallBuffer|stall_en|stall_feature|stall_related'
[11:02:55] [spechunter] [Read] /home/yzs/riscv/XiangShan/ChiselIOPMP/src/main/scala/IopmpChecker.scala
[11:02:55] [spechunter] [Read] /home/yzs/riscv/XiangShan/ChiselIOPMP/src/main/scala/IopmpChecker.scala
[11:02:55] [spechunter] [Read] /home/yzs/riscv/XiangShan/ChiselIOPMP/src/main/scala/IopmpChecker.scala
[11:02:55] [spechunter] [Grep] pattern='stall|STALL|flush|clear|buf'
[11:03:14] [spechunter] [Read] /home/yzs/riscv/XiangShan/ChiselIOPMP/src/main/scala/Iopmp.scala
[11:03:14] [spechunter] [Read] /home/yzs/riscv/XiangShan/ChiselIOPMP/src/main/scala/IopmpBridge.scala
[11:03:14] [spechunter] [Grep] pattern='stall.*buffer|stall.*buf|stall.*flush|stall.*cnt|stall.*clear|stall.*reset'
[11:03:14] [spechunter] [Read] /home/yzs/riscv/XiangShan/smidctrl_threshold_findings.json
[11:03:14] [spechunter] [Read] /home/yzs/riscv/XiangShan/iopmp_hwcfg_v081_findings.json
[11:03:39] [spechunter] [Grep] pattern='IOPMP|iopmp|Iopmp'
[11:03:39] [spechunter] [Bash] List ChiselIOPMP utility directory
[11:03:39] [spechunter] [Glob] **/*iopmp*
[11:03:39] [spechunter] [Read] /home/yzs/riscv/XiangShan/ChiselIOPMP/src/main/scala/IopmpChecker.scala
[11:03:51] [spechunter] [Grep] pattern='IOPMP|iopmp|Iopmp'
[11:03:51] [spechunter] [Read] /home/yzs/riscv/XiangShan/ChiselIOPMP/src/main/scala/IopmpChecker.scala
[11:03:51] [spechunter] [Read] /home/yzs/riscv/XiangShan/ChiselIOPMP/src/main/scala/IopmpChecker.scala
[11:03:51] [spechunter] [Grep] pattern='stall|Stall|flush|Flush|clear|Clear'
[11:04:00] [spechunter] [Read] /home/yzs/riscv/XiangShan/ChiselIOPMP/src/main/scala/IopmpChecker.scala
[11:04:00] [spechunter] [Read] /home/yzs/riscv/XiangShan/ChiselIOPMP/src/main/scala/IopmpChecker.scala
[11:04:00] [spechunter] [Read] /home/yzs/riscv/XiangShan/ChiselIOPMP/src/main/scala/IopmpChecker.scala
[11:04:00] [spechunter] [Read] /home/yzs/riscv/XiangShan/ChiselIOPMP/src/main/scala/IopmpChecker.scala
[11:06:05] [spechunter] [text] Good, let me now read the key sections of the RTL to verify the findings and check bit-level correctness.  
[11:06:05] [spechunter] [Read] /home/yzs/riscv/XiangShan/ChiselIOPMP/src/main/scala/IopmpChecker.scala
[11:06:05] [spechunter] [Read] /home/yzs/riscv/XiangShan/ChiselIOPMP/src/main/scala/IopmpChecker.scala
[11:06:05] [spechunter] [Read] /home/yzs/riscv/XiangShan/ChiselIOPMP/src/main/scala/IopmpChecker.scala
[11:06:14] [spechunter] [Read] /home/yzs/riscv/XiangShan/ChiselIOPMP/src/main/scala/IopmpChecker.scala
[11:06:14] [spechunter] [Read] /home/yzs/riscv/XiangShan/ChiselIOPMP/src/main/scala/IopmpChecker.scala
[11:06:14] [spechunter] [Read] /home/yzs/riscv/XiangShan/ChiselIOPMP/src/main/scala/IopmpChecker.scala
[11:06:36] [spechunter] [text] Let me also verify the Ctrl FSM states and the IopmpBridge architecture.  
[11:06:36] [spechunter] [Read] /home/yzs/riscv/XiangShan/ChiselIOPMP/src/main/scala/IopmpChecker.scala
[11:06:36] [spechunter] [Read] /home/yzs/riscv/XiangShan/ChiselIOPMP/src/main/scala/IopmpChecker.scala
[11:06:36] [spechunter] [Read] /home/yzs/riscv/XiangShan/ChiselIOPMP/src/main/scala/IopmpBridge.scala
[11:06:48] [spechunter] [Read] /home/yzs/riscv/XiangShan/ChiselIOPMP/src/main/scala/IopmpBridge.scala
[11:06:48] [spechunter] [Read] /home/yzs/riscv/XiangShan/ChiselIOPMP/src/main/scala/IopmpBridge.scala
[11:07:14] [spechunter] [text] Now let me verify the HWCFG0 bit layout correctness against the spec, since the PR mentions reference model fixes.  
[11:07:14] [spechunter] [Read] /home/yzs/riscv/XiangShan/ChiselIOPMP/src/main/scala/IopmpChecker.scala
[11:07:14] [spechunter] [Read] /home/yzs/riscv/XiangShan/ChiselIOPMP/src/main/scala/IopmpChecker.scala
[11:07:49] [spechunter] [text] Now I have a complete picture. Let me also check if there's a reference model or spec document that covers the stall-rel...
[11:07:49] [spechunter] [Grep] pattern='stall_violation_en|mdstall'
[11:07:49] [spechunter] [Grep] pattern='reference.*model|ref.*model|RefModel'
[11:08:15] [spechunter] [text] Let me check the address decoding for completeness.  
[11:08:15] [spechunter] [Read] /home/yzs/riscv/XiangShan/ChiselIOPMP/src/main/scala/IopmpChecker.scala
[11:09:56] [spechunter] [text] Now I have a complete picture of the IOPMP stall buffer implementation. Let me produce the analysis.  ---  ## Analysis  ...
[01:04:36] [spechunter] PR loaded: #193 riscv-non-isa/riscv-iopmp — "Reference Model: Several fixes for stall-related features"
[01:04:36] [spechunter]   diff: 12695 chars  body: 1 chars  reviews: 0
[01:04:36] [spechunter] Global pre-filter running...
[01:05:03] [spechunter] [text] {"should_skip": false}
[01:05:04] [spechunter] pre-filter: should_skip=False reason=""
[01:05:18] [spechunter] [text] {"should_skip": true, "skip_reason": "IOPMP reference model changes for I/O devices — unrelated to M-mode firmware PMP/e...
[01:05:25] [spechunter] [text] ```json {"should_skip": true, "skip_reason": "IOPMP reference model implementation change (C code), not a specification ...
[01:05:38] [spechunter] [text] {"should_skip": false}
[01:05:38] [spechunter] [text] {"should_skip": true, "skip_reason": "Reference model internal implementation fixes (stall buffer tracking) in a verific...
[01:05:41] [spechunter] [text] {"should_skip": true, "skip_reason": "Reference model implementation changes only; no spec or software-visible interface...
[01:06:11] [spechunter] [text] ```json {   "violation_condition": "In XiangShan RTL, the err_cfg.stall_violation_en CSR field is unconditionally writab...
[01:06:32] [spechunter] [Agent] description, subagent_type
[01:06:33] [spechunter] [Grep] pattern='IOPMP_err_cfg|IOPMPErrCfg|iopmp_err_cfg'
[01:06:33] [spechunter] [Grep] pattern='IOPMP_hwcfg2|IOPMPHwcfg2|iopmp_hwcfg2'
[01:06:33] [spechunter] [Grep] pattern='mdstall|MdStall|MDStall|mdStall|md_stall|MDSTALL'
[01:06:33] [spechunter] [Grep] pattern='stall_violation_en|stallViolationEn|StallViolationEn'
[01:06:33] [spechunter] [Grep] pattern='err_cfg.*stall|stall.*err_cfg'
[01:06:53] [spechunter] [text] No matches in the primary RTL tree. Let me broaden the search across the entire repo and test directories, and also try ...
[01:06:53] [spechunter] [Grep] pattern='IOPMP.err.cfg|IOPMPErrCfg'
[01:06:53] [spechunter] [Grep] pattern='IOPMP_hwcfg2|IOPMPHwcfg2'
[01:06:53] [spechunter] [Grep] pattern='mdstall|md_stall'
[01:06:53] [spechunter] [Grep] pattern='err_cfg'
[01:06:53] [spechunter] [Grep] pattern='ErrCfg|ERR_CFG'
[01:06:54] [spechunter] [Glob] **/*iopmp*
[01:06:54] [spechunter] [Glob] **/*IOPMP*
[01:06:54] [spechunter] [Glob] **/*err_cfg*
[01:06:54] [spechunter] [Glob] **/*ErrCfg*
[01:06:54] [spechunter] [Grep] pattern='stall_violation_en|stallViolationEn|StallViolationEn'
[01:06:54] [spechunter] [Grep] pattern='err_cfg|ErrCfg|errCfg'
[01:07:15] [spechunter] [Grep] pattern='hwcfg2|Hwcfg2|hwCfg2'
[01:07:15] [spechunter] [Grep] pattern='stall_en|stallEn|StallEn'
[01:07:15] [spechunter] [Grep] pattern='mdstall|mdStall|MDSTALL|MdStall'
[01:07:15] [spechunter] [Grep] pattern='RegErrcfg|reg_errcfg|regErcfg'
[01:07:15] [spechunter] [Glob] **/*.scala
[01:07:37] [spechunter] [text] Found references in `ChiselIOPMP/`. Let me now search more specifically within that file and also look for `stall_violat...
[01:07:37] [spechunter] [Grep] pattern='stall|hwcfg2|err_cfg|ErrCfg|ERR_CFG|stall_viol|Hwcfg2|HWCFG2'
[01:07:37] [spechunter] [Grep] pattern='stall|hwcfg2|err_cfg|stall_viol|Hwcfg2|HWCFG2'
[01:07:37] [spechunter] [Glob] ChiselIOPMP/src/main/scala/**/*.scala
[01:07:38] [spechunter] [Read] /home/yzs/riscv/XiangShan/ChiselIOPMP/src/main/scala/IopmpChecker.scala
[01:07:38] [spechunter] [Read] /home/yzs/riscv/XiangShan/ChiselIOPMP/src/main/scala/IopmpChecker.scala
[01:07:38] [spechunter] [Read] /home/yzs/riscv/XiangShan/ChiselIOPMP/src/main/scala/IopmpChecker.scala
[01:07:38] [spechunter] [Read] /home/yzs/riscv/XiangShan/ChiselIOPMP/src/main/scala/IopmpChecker.scala
[01:07:38] [spechunter] [Read] /home/yzs/riscv/XiangShan/ChiselIOPMP/src/main/scala/IopmpChecker.scala
[01:07:57] [spechunter] [Grep] pattern='stall_violation_en|stall_en'
[01:07:57] [spechunter] [Read] /home/yzs/riscv/XiangShan/ChiselIOPMP/src/main/scala/IopmpChecker.scala
[01:07:57] [spechunter] [Read] /home/yzs/riscv/XiangShan/ChiselIOPMP/src/main/scala/IopmpChecker.scala
[01:08:11] [spechunter] [Grep] pattern='stall_violation_en'
[01:08:11] [spechunter] [Grep] pattern='hwcfg0.*stall|stall.*hwcfg0'
[01:08:11] [spechunter] [Read] /home/yzs/riscv/XiangShan/ChiselIOPMP/src/main/scala/IopmpChecker.scala
[01:08:11] [spechunter] [Grep] pattern='mdstall|MdStall|MDSTALL'
[01:08:26] [spechunter] [text] Now let me get the remaining relevant sections — the write gate logic around line 830 and the Ctrl stall logic.  
[01:08:26] [spechunter] [Read] /home/yzs/riscv/XiangShan/ChiselIOPMP/src/main/scala/IopmpChecker.scala
[01:08:26] [spechunter] [Read] /home/yzs/riscv/XiangShan/ChiselIOPMP/src/main/scala/IopmpChecker.scala
[01:08:26] [spechunter] [Read] /home/yzs/riscv/XiangShan/ChiselIOPMP/src/main/scala/IopmpChecker.scala
[01:08:26] [spechunter] [Read] /home/yzs/riscv/XiangShan/ChiselIOPMP/src/main/scala/IopmpChecker.scala
[01:08:26] [spechunter] [Read] /home/yzs/riscv/XiangShan/ChiselIOPMP/src/main/scala/IopmpChecker.scala
[01:08:26] [spechunter] [Read] /home/yzs/riscv/XiangShan/ChiselIOPMP/src/main/scala/IopmpChecker.scala
[01:08:28] [spechunter] [Read] /home/yzs/riscv/XiangShan/ChiselIOPMP/src/main/scala/IopmpChecker.scala
[01:08:28] [spechunter] [Grep] pattern='stall|err_cfg|ErrCfg|errcfg'
[01:08:28] [spechunter] [Grep] pattern='stall|err_cfg|ErrCfg|errcfg'
[01:08:28] [spechunter] [Grep] pattern='reg_hwcfg0\\.stall_en'
[01:08:42] [spechunter] [text] Now let me read the RegHwcfg2 class and check for any additional references in the test directory and other submodules. ...
[01:08:42] [spechunter] [Read] /home/yzs/riscv/XiangShan/ChiselIOPMP/src/main/scala/IopmpChecker.scala
[01:08:42] [spechunter] [Grep] pattern='stall_violation_en|stall_en|RegErrcfg|RegHwcfg2|RegMdstall'
[01:08:42] [spechunter] [Grep] pattern='stall_violation_en|stall_en|RegErrcfg|RegHwcfg2|RegMdstall'
[01:08:42] [spechunter] [Grep] pattern='IOPMP|iopmp|Iopmp'
[01:08:47] [spechunter] [Grep] pattern='class Ctrl|class IopmpChecker|io\\.reg\\.o_reg_errcfg'
[01:08:47] [spechunter] [Grep] pattern='o_reg_errcfg|io\\.reg'
[01:08:47] [spechunter] [Read] /home/yzs/riscv/XiangShan/ChiselIOPMP/src/main/scala/IopmpChecker.scala
[01:09:08] [spechunter] [Read] /home/yzs/riscv/XiangShan/ChiselIOPMP/src/main/scala/IopmpChecker.scala
[01:09:08] [spechunter] [Read] /home/yzs/riscv/XiangShan/ChiselIOPMP/src/main/scala/IopmpChecker.scala
[01:09:57] [spechunter] [text] Now I have all the data needed. Here is the complete location report:  ```json {   "locations": [     {       "file_path...
[01:10:42] [spechunter] [text] Let me verify the key code sections directly.  
[01:10:42] [spechunter] [Read] /home/yzs/riscv/XiangShan/ChiselIOPMP/src/main/scala/IopmpChecker.scala
[01:10:42] [spechunter] [Read] /home/yzs/riscv/XiangShan/ChiselIOPMP/src/main/scala/IopmpChecker.scala
[01:10:42] [spechunter] [Read] /home/yzs/riscv/XiangShan/ChiselIOPMP/src/main/scala/IopmpChecker.scala
[01:10:58] [spechunter] [text] Let me also check the hwcfg0 initialization and the hwcfg2 reg definition.  
[01:10:58] [spechunter] [Read] /home/yzs/riscv/XiangShan/ChiselIOPMP/src/main/scala/IopmpChecker.scala
[01:10:58] [spechunter] [Read] /home/yzs/riscv/XiangShan/ChiselIOPMP/src/main/scala/IopmpChecker.scala
[01:10:58] [spechunter] [Read] /home/yzs/riscv/XiangShan/ChiselIOPMP/src/main/scala/IopmpChecker.scala
[01:11:06] [spechunter] [Read] /home/yzs/riscv/XiangShan/ChiselIOPMP/src/main/scala/IopmpChecker.scala
[01:11:06] [spechunter] [Read] /home/yzs/riscv/XiangShan/ChiselIOPMP/src/main/scala/IopmpChecker.scala
[01:11:19] [spechunter] [text] Now let me check the reference model's IOPMP header for comparison on how `stall_violation_en` should be gated.  
[01:11:19] [spechunter] [Glob] **/iopmp.h
[01:11:25] [spechunter] [Glob] **/iopmp_ref*/**
[01:11:25] [spechunter] [Glob] **/iopmp*.h
[01:11:36] [spechunter] [Grep] pattern='stall_violation_en|stallViolationEn|stall_en.*stall_violation'
[01:11:36] [spechunter] [Grep] pattern='hwcfg2.*stall|stall.*hwcfg2'
[01:11:39] [spechunter] [Grep] pattern='iopmp_ref_model'
[01:11:54] [spechunter] [Glob] **/iopmp*/**
[01:11:57] [spechunter] [Grep] pattern='iopmp.ref|iopmp_ref|iopmp-ref'
[01:12:23] [spechunter] [text] Now I have all the evidence. Let me write the findings
[01:12:23] [spechunter] [Write] /home/yzs/riscv/XiangShan/err_cfg_stall_violation_gate_findings.json
[01:12:43] [spechunter] [text] ## Findings: `err_cfg.stall_violation_en` — Missing HWCFG0.stall_en Gate  **Single file affected:** `ChiselIOPMP/src/mai...
[01:13:11] [spechunter] [text] I'll first verify the key locations against the actual file to ensure accuracy before producing the final set.  
[01:13:11] [spechunter] [Read] /home/yzs/riscv/XiangShan/ChiselIOPMP/src/main/scala/IopmpChecker.scala
[01:13:12] [spechunter] [Read] /home/yzs/riscv/XiangShan/ChiselIOPMP/src/main/scala/IopmpChecker.scala
[01:13:12] [spechunter] [Read] /home/yzs/riscv/XiangShan/ChiselIOPMP/src/main/scala/IopmpChecker.scala
[01:13:12] [spechunter] [Read] /home/yzs/riscv/XiangShan/ChiselIOPMP/src/main/scala/IopmpChecker.scala
[01:13:35] [spechunter] [Read] /home/yzs/riscv/XiangShan/ChiselIOPMP/src/main/scala/IopmpChecker.scala
[01:13:35] [spechunter] [Read] /home/yzs/riscv/XiangShan/ChiselIOPMP/src/main/scala/IopmpChecker.scala
[01:13:35] [spechunter] [Read] /home/yzs/riscv/XiangShan/ChiselIOPMP/src/main/scala/IopmpChecker.scala
[01:13:35] [spechunter] [Read] /home/yzs/riscv/XiangShan/ChiselIOPMP/src/main/scala/IopmpChecker.scala
[01:14:11] [spechunter] [text] Now let me verify the Ctrl FSM stall gate line number precisely
[01:14:11] [spechunter] [Read] /home/yzs/riscv/XiangShan/ChiselIOPMP/src/main/scala/IopmpChecker.scala
[01:15:11] [spechunter] [text] Now I have cross-validated every fast-path location against the actual file. Here is the final reviewed location set:  `...
[01:15:33] [spechunter] [Agent] description, prompt
[01:16:02] [spechunter] [Grep] pattern='stall_violation_en'
[01:16:02] [spechunter] [Grep] pattern='stallViolationEn'
[01:16:02] [spechunter] [Grep] pattern='err_cfg|errCfg|ErrCfg'
[01:16:02] [spechunter] [Grep] pattern='stall_en|stallEn'
[01:16:02] [spechunter] [Glob] **/IOPMP*
[01:16:02] [spechunter] [Glob] **/iopmp*
[01:16:35] [spechunter] [Grep] pattern='stall_violation_en|stallViolationEn'
[01:16:35] [spechunter] [Grep] pattern='stall_en|stallEn'
[01:16:35] [spechunter] [Grep] pattern='errCfg|ErrCfg|err_cfg'
[01:16:35] [spechunter] [Read] /home/yzs/riscv/XiangShan/err_cfg_stall_violation_gate_findings.json
[01:16:35] [spechunter] [Read] /home/yzs/riscv/XiangShan/errcfg_stall_violation_en_findings.json
[01:16:35] [spechunter] [Read] /home/yzs/riscv/XiangShan/iopmp_security_audit.json
[01:16:35] [spechunter] [Read] /home/yzs/riscv/XiangShan/hwcfg2_msi_en_findings.json
[01:16:35] [spechunter] [Read] /home/yzs/riscv/XiangShan/hwcfg2_bit_reassignment_findings.json
[01:16:35] [spechunter] [Read] /home/yzs/riscv/XiangShan/hwcfg_en_w1ss_findings.json
[01:17:07] [spechunter] [Read] /home/yzs/riscv/XiangShan/ChiselIOPMP/src/main/scala/IopmpChecker.scala
[01:17:07] [spechunter] [Read] /home/yzs/riscv/XiangShan/ChiselIOPMP/src/main/scala/IopmpChecker.scala
[01:17:07] [spechunter] [Read] /home/yzs/riscv/XiangShan/ChiselIOPMP/src/main/scala/IopmpChecker.scala
[01:17:07] [spechunter] [Read] /home/yzs/riscv/XiangShan/ChiselIOPMP/src/main/scala/IopmpChecker.scala
[01:17:07] [spechunter] [Read] /home/yzs/riscv/XiangShan/ChiselIOPMP/src/main/scala/IopmpChecker.scala
[01:17:07] [spechunter] [Read] /home/yzs/riscv/XiangShan/ChiselIOPMP/src/main/scala/IopmpChecker.scala
[01:17:07] [spechunter] [Read] /home/yzs/riscv/XiangShan/ChiselIOPMP/src/main/scala/IopmpChecker.scala
[01:17:07] [spechunter] [Read] /home/yzs/riscv/XiangShan/ChiselIOPMP/src/main/scala/IopmpChecker.scala
[01:17:07] [spechunter] [Glob] **/ChiselIOPMP/**/*.scala
[01:17:36] [spechunter] [Grep] pattern='stall_violation_en|stallViolationEn|stall_en|stallEn|err_cfg|errCfg|ErrCfg'
[01:17:36] [spechunter] [Grep] pattern='stall_violation_en|stallViolationEn|stall_en|stallEn|err_cfg|errCfg|ErrCfg'
[01:17:36] [spechunter] [Read] /home/yzs/riscv/XiangShan/ChiselIOPMP/src/main/scala/IopmpChecker.scala
[01:17:36] [spechunter] [Read] /home/yzs/riscv/XiangShan/ChiselIOPMP/src/main/scala/IopmpChecker.scala
[01:17:36] [spechunter] [Grep] pattern='mdstall|rridscp|MDSTALL|RRIDSCP|Mdstall|Rridscp|stall'
[01:19:09] [spechunter] [text] Let me read the actual RTL to verify the findings and produce the authoritative audit
[01:19:09] [spechunter] [Read] /home/yzs/riscv/XiangShan/ChiselIOPMP/src/main/scala/IopmpChecker.scala
[01:19:09] [spechunter] [Read] /home/yzs/riscv/XiangShan/ChiselIOPMP/src/main/scala/IopmpChecker.scala
[01:19:09] [spechunter] [Read] /home/yzs/riscv/XiangShan/ChiselIOPMP/src/main/scala/IopmpChecker.scala
[01:19:56] [spechunter] [Read] /home/yzs/riscv/XiangShan/ChiselIOPMP/src/main/scala/IopmpChecker.scala
[01:19:56] [spechunter] [Read] /home/yzs/riscv/XiangShan/ChiselIOPMP/src/main/scala/IopmpChecker.scala
[01:19:56] [spechunter] [Read] /home/yzs/riscv/XiangShan/ChiselIOPMP/src/main/scala/IopmpChecker.scala
[01:19:56] [spechunter] [Read] /home/yzs/riscv/XiangShan/ChiselIOPMP/src/main/scala/IopmpChecker.scala
[01:20:11] [spechunter] [text] Now let me check the IOPMP spec for the normative requirement about stall_violation_en gating.  
[01:20:11] [spechunter] [Bash] List spec reference directories
[01:20:11] [spechunter] [Read] /home/yzs/riscv/XiangShan/err_cfg_stall_violation_gate_findings.json
[01:20:11] [spechunter] [Read] /home/yzs/riscv/XiangShan/errcfg_stall_violation_en_findings.json
[01:20:30] [spechunter] [text] Now let me locate the IOPMP spec to find the normative requirement for stall_violation_en gating
[01:20:30] [spechunter] [Bash] List IOPMP spec directory
[01:20:30] [spechunter] [Read] /home/yzs/riscv/XiangShan/ChiselIOPMP/src/main/scala/IopmpChecker.scala
[01:20:30] [spechunter] [Read] /home/yzs/riscv/XiangShan/ChiselIOPMP/src/main/scala/IopmpChecker.scala
[01:20:30] [spechunter] [Read] /home/yzs/riscv/XiangShan/ChiselIOPMP/src/main/scala/IopmpChecker.scala
[01:20:56] [spechunter] [Grep] pattern='stall_violation_en|stall_en|stallViolationEn'
[01:21:21] [spechunter] [Grep] pattern='stall_violation_en|stall_en'
[01:21:21] [spechunter] [Grep] pattern='stall_violation_en|stall_en'
[01:21:21] [spechunter] [Grep] pattern='stall_violation_en|stall_en'
[01:21:44] [spechunter] [text] Now I have all the evidence needed. Let me construct the authoritative audit.  
[01:21:44] [spechunter] [Read] /home/yzs/riscv/rv-isa-sec/spec_ref/riscv-iopmp/iopmp_ref_model/src/iopmp_reg.c
[01:21:44] [spechunter] [Read] /home/yzs/riscv/rv-isa-sec/spec_ref/riscv-iopmp/extensions/registers.adoc
[01:22:01] [spechunter] [Read] /home/yzs/riscv/rv-isa-sec/spec_ref/riscv-iopmp/extensions/registers.adoc
[01:22:42] [spechunter] [text] Let me check whether the error handling logic in the Ctrl FSM ever references stall_violation_en (etype 0x07 = stalled t...
[01:22:42] [spechunter] [Grep] pattern='stall_violation|0x07|etype.*7|errinfo_etype'
[01:23:12] [spechunter] [text] Let me check how the `etype` signal is generated in the Ctrl module to confirm stall-violation etype 0x07 is never produ...
[01:23:12] [spechunter] [Grep] pattern='etype\\s*:=|val etype'
[01:23:12] [spechunter] [Read] /home/yzs/riscv/rv-isa-sec/spec_ref/riscv-iopmp/extensions/registers.adoc
[01:23:52] [spechunter] [text] Now I have all the evidence. Let me verify one final detail — the reference model's gating pattern for `msi_en` vs the R...
[01:23:52] [spechunter] [Read] /home/yzs/riscv/rv-isa-sec/spec_ref/riscv-iopmp/iopmp_ref_model/src/iopmp_reg.c
[01:25:17] [spechunter] [text] Now I have all the evidence. Here is the authoritative audit.  ```json {   "findings": [     {       "file_path": "Chise...
