[16:06:46] [spechunter] PR loaded: #2369 riscv/riscv-isa-manual — "Add Zvbc32e and Zvkgs specifications (into vector crypto chapter)"
[16:06:46] [spechunter]   diff: 21030 chars  body: 2326 chars  reviews: 0
[16:06:46] [spechunter] Global pre-filter running...
[16:07:04] [spechunter] [text] {"should_skip": false}
[16:07:07] [spechunter] pre-filter: should_skip=False reason=""
[16:07:15] [spechunter] [text] {"should_skip": false}
[16:07:17] [spechunter] [text] {"should_skip": false, "skip_reason": "New vector crypto instructions (Zvbc32e extending vclmul to SEW≤32, Zvkgs adding ...
[16:07:25] [spechunter] [text] {"should_skip": true, "skip_reason": "Zvbc32e and Zvkgs are unprivileged vector crypto instructions with no CSR, privile...
[16:07:26] [spechunter] [text] {"should_skip": true, "skip_reason": "Zvbc32e and Zvkgs are unprivileged vector crypto instructions operating on existin...
[16:07:37] [spechunter] [text] {"should_skip": true, "skip_reason": "Vector crypto ISA extensions (unprivileged) do not affect M-mode firmware behavior...
[16:07:55] [spechunter] [text] ```json {   "violation_condition": "QEMU executes vghsh.vs or vgmul.vs without checking that the vd register group overl...
[16:08:09] [spechunter] [Grep] pattern='vghsh\\.vs|vgmul\\.vs|vghsh_vs|vgmul_vs'
[16:08:09] [spechunter] [Grep] pattern='vghsh|vgmul'
[16:08:09] [spechunter] [Grep] pattern='vd.*overlap.*vs2|vs2.*overlap.*vd'
[16:08:09] [spechunter] [Grep] pattern='vext_check_isa_ill'
[16:08:10] [spechunter] [TodoWrite] 6 items
[16:08:21] [spechunter] [Grep] pattern='vghsh|vgmul'
[16:08:21] [spechunter] [Grep] pattern='Zvkg|zvkg'
[16:08:21] [spechunter] [Grep] pattern='Zvkgs|zvkgs'
[16:08:21] [spechunter] [text] ```json {   "violation_condition": "When executing vghsh.vs or vgmul.vs, the XiangShan vector pipeline does not detect t...
[16:08:24] [spechunter] [Read] /home/yzs/riscv/qemu/target/riscv/insn_trans/trans_rvvk.c.inc
[16:08:24] [spechunter] [Read] /home/yzs/riscv/qemu/target/riscv/vcrypto_helper.c
[16:08:24] [spechunter] [Grep] pattern='Zvbc32e|zvbc32e|ZVBC32E'
[16:08:24] [spechunter] [Grep] pattern='Zvkgs|zvkgs|ZVKGS'
[16:08:36] [spechunter] [TodoWrite] 5 items
[16:08:39] [spechunter] [text] No Zvkgs at all. Let me read the existing implementation files to understand the current state.  
[16:08:39] [spechunter] [Read] /home/yzs/riscv/qemu/target/riscv/insn32.decode
[16:08:39] [spechunter] [Grep] pattern='vghsh|vgmul'
[16:08:39] [spechunter] [Read] /home/yzs/riscv/qemu/target/riscv/insn_trans/trans_rvvk.c.inc
[16:08:39] [spechunter] [Read] /home/yzs/riscv/qemu/target/riscv/vcrypto_helper.c
[16:08:40] [spechunter] [Grep] pattern='vghsh'
[16:08:40] [spechunter] [Grep] pattern='vgmul'
[16:08:40] [spechunter] [Grep] pattern='Zvkg'
[16:08:40] [spechunter] [Grep] pattern='vghsh\\.vs|vgmul\\.vs'
[16:08:45] [spechunter] [text] Let me also search for the instruction encoding definitions and the riscv-opcodes encoding patterns.  
[16:08:45] [spechunter] [Grep] pattern='vghsh|vgmul'
[16:08:45] [spechunter] [Grep] pattern='vghsh|vgmul'
[16:08:45] [spechunter] [Grep] pattern='vclmul'
[16:08:45] [spechunter] [Grep] pattern='overlap|vext_check_isa_ill|reserved.*encod'
[16:08:46] [spechunter] [Grep] pattern='vghsh|vgmul'
[16:08:46] [spechunter] [Grep] pattern='vext_vghsh|vext_vgmul|Vghsh|Vgmul'
[16:08:46] [spechunter] [Grep] pattern='overlap|vOverlap|v_overlap|voverlap'
[16:08:53] [spechunter] [Read] /home/yzs/riscv/XiangShan/ghash_vd_vs2_overlap_findings.json
[16:08:53] [spechunter] [Read] /home/yzs/riscv/XiangShan/src/main/scala/xiangshan/backend/decode/VecExceptionGen.scala
[16:08:54] [spechunter] [Grep] pattern='notAllowOverlap'
[16:08:54] [spechunter] [Grep] pattern='vghsh|vgmul'
[16:08:54] [spechunter] [Grep] pattern='crypto.*vector|Zvk|zvkg|zvbc'
[16:08:54] [spechunter] [Grep] pattern='GHASH|GMUL|vclmul'
[16:09:03] [spechunter] [text] Now let me trace the overlap-checking infrastructure and look at the remaining paths.  
[16:09:03] [spechunter] [Grep] pattern='opivv_check'
[16:09:03] [spechunter] [Grep] pattern='is_overlapped'
[16:09:03] [spechunter] [Read] /home/yzs/riscv/qemu/target/riscv/helper.h
[16:09:03] [spechunter] [Grep] pattern='vghsh|vgmul'
[16:09:04] [spechunter] [Read] /home/yzs/riscv/XiangShan/src/main/scala/xiangshan/backend/decode/VecExceptionGen.scala
[16:09:04] [spechunter] [Grep] pattern='vs1Constraint|vs2Constraint|vdConstraint|overlap'
[16:09:08] [spechunter] [text] Let me also check the disassembler and any encoding/Makefile configuration.  
[16:09:08] [spechunter] [Grep] pattern='vghsh|vgmul'
[16:09:08] [spechunter] [Grep] pattern='vghsh|vgmul'
[16:09:08] [spechunter] [Read] /home/yzs/riscv/qemu/target/riscv/insn_trans/trans_rvvk.c.inc
[16:09:08] [spechunter] [Grep] pattern='Zvkg|zvkg|ext_zvkg'
[16:09:11] [spechunter] [TodoWrite] 5 items
[16:09:13] [spechunter] [Grep] pattern='static bool opivv_check'
[16:09:13] [spechunter] [Grep] pattern='vext_check_ss\\b'
[16:09:13] [spechunter] [Grep] pattern='is_overlapped'
[16:09:18] [spechunter] [text] Let me also check the disassembler for the encoding lookup logic around these opcodes.  
[16:09:18] [spechunter] [Read] /home/yzs/riscv/qemu/disas/riscv.c
[16:09:18] [spechunter] [Read] /home/yzs/riscv/qemu/target/riscv/insn32.decode
[16:09:23] [spechunter] [Grep] pattern='v[a-z]+_vv|v[a-z]+_vs|v[a-z]+_vx|V[a-z]+_VV|V[a-z]+_VS|V[a-z]+_VX'
[16:09:23] [spechunter] [Grep] pattern='vector.*crypto|VANDN|VBREV|VCLZ|VCTZ|VPOPC|VROL|VROR|VWSLL|VREV8|VCLMUL|VGHMAC|VAES'
[16:09:31] [spechunter] [text] Now let me look at how existing vector crypto instructions (Zvkg) are decoded, particularly how `.vs` variants are handl...
[16:09:31] [spechunter] [Grep] pattern='vghsh|vgmul|zvkg|Zvkg|zvkgs|Zvkgs|vclmul|zvbc'
[16:09:31] [spechunter] [Grep] pattern='VGH|VGM|Zvkg|ghsh|gmul'
[16:09:39] [spechunter] [TodoWrite] 7 items
[16:09:43] [spechunter] [Grep] pattern='VGMUL|vghsh|vgmul|VGHMAC|vaes'
[16:09:43] [spechunter] [Grep] pattern='VGMUL|vghsh|vgmul|VGHMAC|vaes'
[16:09:43] [spechunter] [Grep] pattern='VGMUL|vghsh|vgmul|VGHMAC|vaes'
[16:09:43] [spechunter] [Grep] pattern='VGMUL|vghsh|vgmul|VGHMAC|vaes'
[16:09:55] [spechunter] [text] Now I have a complete picture. Let me look at a few more encoding patterns to understand the `.vs` variant encoding conv...
[16:09:55] [spechunter] [Read] /home/yzs/riscv/qemu/disas/riscv.c
[16:09:55] [spechunter] [Grep] pattern='vaesdm_vs|vaesdf_vs|vaesem_vs|vaesef_vs|vaesz_vs|vsm4r_vs|vsm3me|vsm3c'
[16:09:56] [spechunter] [Grep] pattern='vghsh|vgmul|VGHMAC|vaes'
[16:09:56] [spechunter] [Grep] pattern='vghsh|vgmul|VGHMAC|vaes'
[16:09:56] [spechunter] [Grep] pattern='VGHMAC|VGMUL'
[16:09:57] [spechunter] [text] Now let me check the CPU config, KVM, and GDB paths.  
[16:09:57] [spechunter] [Grep] pattern='ext_zvkg'
[16:09:57] [spechunter] [Grep] pattern='ZVKG'
[16:09:57] [spechunter] [Read] /home/yzs/riscv/qemu/disas/riscv.c
[16:09:57] [spechunter] [Grep] pattern='vghsh|vgmul'
[16:10:08] [spechunter] [text] Let me look at the instruction decode tables and FuType definitions to understand how vector crypto instructions are str...
[16:10:08] [spechunter] [Grep] pattern='zvbc|zvkg|Zvbc|Zvkg'
[16:10:08] [spechunter] [Grep] pattern='clmul|CLMUL|VCLMUL'
[16:10:13] [spechunter] [text] Let me also check the TCG CPU init for Zvkg dependencies, the GDB stub, and the `vext_check_input_eew` which is used in ...
[16:10:13] [spechunter] [Read] /home/yzs/riscv/qemu/target/riscv/tcg/tcg-cpu.c
[16:10:13] [spechunter] [Grep] pattern='vext_check_input_eew'
[16:10:13] [spechunter] [Grep] pattern='vghsh|vgmul|zvkg|ZVKG'
[16:10:13] [spechunter] [Grep] pattern='vghsh|vgmul|zvkg'
[16:10:19] [spechunter] [Grep] pattern='ghash|vgmul'
[16:10:19] [spechunter] [Grep] pattern='vector.*overlap.*vs2|overlap.*vs2.*vector|EGW.*128|128.*EGW'
[16:10:23] [spechunter] [Read] /home/yzs/riscv/XiangShan/src/main/scala/xiangshan/backend/fu/Bku.scala
[16:10:23] [spechunter] [Grep] pattern='vclmul|VCLMUL|vghsh|vgmul'
[16:10:23] [spechunter] [Grep] pattern='VCLMUL|vclmul'
[16:10:29] [spechunter] [text] Now let me look at the vector crypto instruction definitions and the vector decode tables to understand how `.vs` varian...
[16:10:29] [spechunter] [Grep] pattern='vext|Vext|vector.*crypto|Zvbb|zvbb'
[16:10:29] [spechunter] [Glob] src/main/scala/xiangshan/backend/decode/**/*.scala
[16:10:34] [spechunter] [text] Let me check the decode format definitions and understand how `.vs` variants differ.  
[16:10:34] [spechunter] [Grep] pattern='@r_vm_1|@r2_vm_1|r_vm_1|r2_vm_1'
[16:10:34] [spechunter] [Grep] pattern='@r_vm_1|@r2_vm_1'
[16:10:35] [spechunter] [Grep] pattern='VAES|VSM3|VSM4|VSHA|VCLMUL|VANDN'
[16:10:35] [spechunter] [Read] /home/yzs/riscv/XiangShan/src/main/scala/xiangshan/backend/decode/Instructions.scala
[16:10:46] [spechunter] [Read] /home/yzs/riscv/XiangShan/src/main/scala/xiangshan/backend/decode/VecDecoder.scala
[16:10:46] [spechunter] [Grep] pattern='vs2Constraint1|vs2Constraint2|notAllowOverlapInst'
[16:11:12] [spechunter] [Grep] pattern='VGH|VGM|ghsh|gmul|crypto'
[16:11:12] [spechunter] [Grep] pattern='vghsh|vgmul|clmul|VCLMUL|VGH|VGM'
[16:11:12] [spechunter] [text] All searches complete. Here is the final report:  ```json {   "locations": [     {       "file_path": "target/riscv/insn...
[16:11:25] [spechunter] [text] Now I have a comprehensive picture. Let me also verify there's no Zvkgs anywhere in the codebase.  
[16:11:25] [spechunter] [Grep] pattern='zvkgs|Zvkgs|ZVKGS'
[16:11:25] [spechunter] [Grep] pattern='Zvbc32e|zvbc32e|ZVBC32E'
[16:11:25] [spechunter] [Grep] pattern='vghsh|vgmul|zvkgs|zvbc32e|Zvkgs|Zvbc32e'
[16:11:25] [spechunter] [Grep] pattern='crypto|vghsh|vgmul|zvkgs|zvbc32'
[16:11:59] [spechunter] [text] Let me look at how the vector unit handles other `.vs`-variant instructions (e.g., redInst, vmv), and check for vector c...
[16:11:59] [spechunter] [Read] /home/yzs/riscv/XiangShan/src/main/scala/xiangshan/backend/decode/VecDecoder.scala
[16:12:00] [spechunter] [text] Now I have a complete picture. Let me write the analysis JSON.  
[16:12:00] [spechunter] [TodoWrite] 5 items
[16:12:12] [spechunter] [text] Here is the search report:  ```json {   "locations": [     {       "file_path": "src/main/scala/xiangshan/backend/decode...
[16:12:40] [spechunter] [text] Now let me look at how the `notAllowOverlapInst` set is constructed and trace through the overlap-checking logic to unde...
[16:12:40] [spechunter] [Grep] pattern='Zvbb|zvbb|Zvbc|zvbc|Zvkg|zvkg'
[16:12:40] [spechunter] [Grep] pattern='vghsh|vgmul|vclmul|Zvbc|Zvkg|zvbc|zvkg'
[16:12:56] [spechunter] [Read] /home/yzs/riscv/XiangShan/src/main/scala/xiangshan/backend/decode/Instructions.scala
[16:13:19] [spechunter] [text] Let me look at the yunsuan submodule for vector crypto and the vector microarchitecture decode logic more carefully.  
[16:13:19] [spechunter] [Glob] **/yunsuan/**/*.scala
[16:13:19] [spechunter] [Grep] pattern='ghsh|gmul|vclmul|zvkg|zvbc'
[16:13:28] [spechunter] [Bash] Check for vector FU directory
[16:13:28] [spechunter] [Glob] **/Bundles*.scala
[16:13:41] [spechunter] [Write] /home/yzs/riscv/qemu/analysis_zvkgs.json
[16:13:48] [spechunter] [text] Let me look at the vector functional unit types and how the `.vs` variant overlap check would interact with the generic ...
[16:13:48] [spechunter] [Grep] pattern='vs2|overlap|EW|EGW|egw|Sew|sew'
[16:13:50] [spechunter] [Grep] pattern='vext_check_isa_ill'
[16:14:15] [spechunter] [text] Now let me look at the instruction bitfield definitions and how the `DecodeOutUop` connects vecWen and srcType to unders...
[16:14:15] [spechunter] [Grep] pattern='RiscvInst|XSInst'
[16:14:15] [spechunter] [Read] /home/yzs/riscv/XiangShan/src/main/scala/xiangshan/backend/decode/isa/bitfield/RiscvInst.scala
[16:14:27] [spechunter] [TodoWrite] 5 items
[16:14:28] [spechunter] [TodoWrite] 5 items
[16:14:38] [spechunter] [text] Analysis complete. Results written to `analysis_zvkgs.json`.  **Summary of findings:**  Zvkgs (`.vs` variants for `vghsh...
[16:14:54] [spechunter] [text] Let me validate the fast-path locations against the actual source files.  
[16:14:54] [spechunter] [Read] /home/yzs/riscv/qemu/target/riscv/insn32.decode
[16:14:54] [spechunter] [Read] /home/yzs/riscv/qemu/target/riscv/helper.h
[16:14:54] [spechunter] [Read] /home/yzs/riscv/qemu/target/riscv/insn_trans/trans_rvvk.c.inc
[16:14:54] [spechunter] [Read] /home/yzs/riscv/qemu/target/riscv/vcrypto_helper.c
[16:15:04] [spechunter] [text] Now let me validate the remaining locations.  
[16:15:04] [spechunter] [Read] /home/yzs/riscv/qemu/disas/riscv.c
[16:15:04] [spechunter] [Read] /home/yzs/riscv/qemu/disas/riscv.c
[16:15:04] [spechunter] [Read] /home/yzs/riscv/qemu/disas/riscv.c
[16:15:04] [spechunter] [Read] /home/yzs/riscv/qemu/target/riscv/cpu_cfg_fields.h.inc
[16:15:08] [spechunter] [text] Let me search for any existing EGW-awareness in the overlap logic, and also check the `Vsetu.scala` and surrounding deco...
[16:15:08] [spechunter] [Grep] pattern='overlap|EGW|egw|srcType|SrcType'
[16:15:08] [spechunter] [Grep] pattern='overlap|srcType|SrcType|vecWen'
[16:15:18] [spechunter] [Grep] pattern='SrcType'
[16:15:40] [spechunter] [Grep] pattern='srcType|SrcType|vecWen'
[16:15:52] [spechunter] [text] Let me start by reading the key source files to cross-validate the fast-path locations against the actual codebase.  
[16:15:52] [spechunter] [Read] /home/yzs/riscv/XiangShan/src/main/scala/xiangshan/backend/decode/VecExceptionGen.scala
[16:15:52] [spechunter] [Read] /home/yzs/riscv/XiangShan/src/main/scala/xiangshan/backend/decode/Instructions.scala
[16:15:52] [spechunter] [Read] /home/yzs/riscv/XiangShan/ghash_vd_vs2_overlap_findings.json
[16:16:12] [spechunter] [text] Now let me check the VecDecoder for the current state of crypto instruction support.  
[16:16:12] [spechunter] [Grep] pattern='vghsh|vgmul|zvkg|zvkgs|hasZvkg'
[16:16:12] [spechunter] [Grep] pattern='vclmul|zvbc|Zvbc|hasZvbc'
[16:16:28] [spechunter] [Grep] pattern='vghsh|vgmul|zvkg|zvkgs'
[16:16:28] [spechunter] [Grep] pattern='vclmul|zvbc|Zvbc'
[16:16:34] [spechunter] [text] Now let me verify the CPU config, KVM, and TCG locations, and also check for Zvbc/SOW=32 context for Zvbc32e.  
[16:16:34] [spechunter] [Read] /home/yzs/riscv/qemu/target/riscv/cpu.c
[16:16:34] [spechunter] [Read] /home/yzs/riscv/qemu/target/riscv/cpu.c
[16:16:34] [spechunter] [Read] /home/yzs/riscv/qemu/target/riscv/cpu.c
[16:16:34] [spechunter] [Read] /home/yzs/riscv/qemu/target/riscv/cpu.c
[16:16:34] [spechunter] [Read] /home/yzs/riscv/qemu/target/riscv/kvm/kvm-cpu.c
[16:16:34] [spechunter] [Read] /home/yzs/riscv/qemu/target/riscv/tcg/tcg-cpu.c
[16:16:41] [spechunter] [Grep] pattern='zvk|Zvk|vsha|vsm3|vsm4|zvkg|Zvkg'
[16:16:41] [spechunter] [Grep] pattern='VGHSH|VGMUL|vghsh|vgmul'
[16:16:53] [spechunter] [Grep] pattern='Zv|zvb|vsha|vsm3|ghash|clmul'
[16:16:53] [spechunter] [Grep] pattern='HasZv|IsaExt|Zvbc|Zvkg'
[16:17:24] [spechunter] [text] Let me check the VecDecoder more precisely for the relevant crypto instruction areas.  
[16:17:24] [spechunter] [Grep] pattern='Zvbb|OPIVE.*|vandn|vbrev|vrev8|vclz|vctz|vcpop|vrol|vror|vwsll'
[16:17:24] [spechunter] [Grep] pattern='class VecDecoder|object VecDecoder|val table|def table|VecDecodeTable|MicroOp'
[16:17:24] [spechunter] [Grep] pattern='FuType|fuType|srcType'
[16:17:42] [spechunter] [text] Let me also check for Zvbc32e-related locations, since the fast-path only covered Zvkgs but the PR also covers Zvbc32e. ...
[16:17:42] [spechunter] [Grep] pattern='vclmulh?v'
[16:17:42] [spechunter] [Grep] pattern='vclmul'
[16:17:42] [spechunter] [Grep] pattern='HELPER\\(vclmul'
[16:17:42] [spechunter] [Grep] pattern='vclmul'
[16:18:19] [spechunter] [text] Let me check whether vclmul (Zvbc) instructions already exist in XiangShan's decoder.  
[16:18:19] [spechunter] [Grep] pattern='vclmul|VCLMUL|clmul'
[16:18:24] [spechunter] [text] Let me check the vclmul check function to understand the SEW constraint for Zvbc32e.  
[16:18:24] [spechunter] [Read] /home/yzs/riscv/qemu/target/riscv/insn_trans/trans_rvvk.c.inc
[16:18:24] [spechunter] [Grep] pattern='vclmul'
[16:18:35] [spechunter] [Grep] pattern='VCLMUL|vclmulv|vclmulh|vclmul_vv|VCLMUL_VV|VCLMUL_VX'
[16:18:57] [spechunter] [text] Let me check whether the XiangShan codebase has any vector crypto extension support at all (Zvbc, Zvkg, Zvkgb, etc.).  
[16:18:57] [spechunter] [Grep] pattern='vghsh|vgmul|vsha2|vsm3|vsm4|vaes|zvknh|zvkgb|vandn_vv'
[16:18:57] [spechunter] [Grep] pattern='vclmul|VCLMUL|vghsh|Vghsh|vgmul|Vgmul|zvbc|zvkg|zvkgs|Zvbc|Zvkg|Zvkgs'
[16:19:07] [spechunter] [Grep] pattern='vandn|vclmul|vghsh|vgmul|zvbc|zvkg|zvkgs'
[16:19:07] [spechunter] [Grep] pattern='vandn|vclmul|vghsh|vgmul|zvbc|zvkg|zvkgs'
[16:19:16] [spechunter] [text] Now let me also check for the Zvbc32e-related decode encodings and the existing vclmul helper pattern.  
[16:19:16] [spechunter] [Grep] pattern='vclmul'
[16:19:16] [spechunter] [Grep] pattern='vclmul'
[16:19:56] [spechunter] [Grep] pattern='zvbc|zvkg|zvkgs|Zvbc32e|Zvkgs'
[16:20:11] [spechunter] [text] Now I have all the data needed for cross-validation. Let me verify one more thing — the `zwbc32e` config handling and th...
[16:20:11] [spechunter] [Grep] pattern='zvbc32e'
[16:20:11] [spechunter] [Grep] pattern='zvkgs'
[16:20:11] [spechunter] [Grep] pattern='vsm4r_vs'
[16:20:40] [spechunter] [text] Let me check the ISA extension configuration mechanism and the full extent of the crypto support.  
[16:20:40] [spechunter] [Read] /home/yzs/riscv/XiangShan/src/main/scala/xiangshan/Parameters.scala
[16:20:40] [spechunter] [Grep] pattern='zvbb|zvfh|zvfhmin|zvkt'
[16:20:40] [spechunter] [Read] /home/yzs/riscv/XiangShan/src/main/scala/xiangshan/backend/decode/VecDecoder.scala
[16:21:12] [spechunter] [text] Now let me also check what the PR actually changed by looking at the git diff to understand the scope.  
[16:21:12] [spechunter] [Bash] Check git log for recent relevant commits
[16:21:15] [spechunter] [text] Let me check the VecDecoder's OPMVV section more completely, since vghsh.vs and vgmul.vs are single-source (vs2+vd) OPMV...
[16:21:15] [spechunter] [Grep] pattern='OPMVV|opmvv'
[16:22:39] [spechunter] [text] Now let me also check the VecDecoder's full table structure to understand how new OPMVV instructions would be integrated...
[16:22:39] [spechunter] [Read] /home/yzs/riscv/XiangShan/src/main/scala/xiangshan/backend/decode/VecDecoder.scala
[16:22:39] [spechunter] [Read] /home/yzs/riscv/XiangShan/src/main/scala/xiangshan/backend/decode/VecDecoder.scala
[16:23:05] [spechunter] [text] Now I have all data for full cross-validation. Here is the analysis.  ---  **Key finding: Fast-path completely missed Zv...
[16:23:17] [spechunter] [text] I need to find the relevant code locations myself since none were provided. Let me search for the vghsh.vs, vgmul.vs, an...
[16:23:17] [spechunter] [Grep] pattern='vghsh|vgmul'
[16:23:17] [spechunter] [Grep] pattern='Zvbc32e|Zvkgs'
[16:23:17] [spechunter] [Grep] pattern='vext_check_isa_ill|opivv.*vghsh|opivv.*vgmul'
[16:23:23] [spechunter] [Read] /home/yzs/riscv/qemu/target/riscv/insn_trans/trans_rvvk.c.inc
[16:23:23] [spechunter] [Read] /home/yzs/riscv/qemu/target/riscv/vcrypto_helper.c
[16:23:39] [spechunter] [text] Now I have a complete picture. Let me cross-validate all fast-path locations against the actual code.  **Key findings fr...
[16:23:54] [spechunter] [text] Let me check the decode file and the check functions to understand the overlap detection.  
[16:23:54] [spechunter] [Read] /home/yzs/riscv/qemu/target/riscv/insn32.decode
[16:23:54] [spechunter] [Grep] pattern='vghsh|vgmul'
[16:23:54] [spechunter] [Grep] pattern='vext_check_ss\\b'
[16:23:59] [spechunter] [text] The code locations provided are empty (`:0-0`). I need to find the relevant RTL code that handles `vghsh.vs`/`vgmul.vs` ...
[16:23:59] [spechunter] [Agent] description, prompt
[16:24:08] [spechunter] [Grep] pattern='r_vm_1|r2_vm_1'
[16:24:08] [spechunter] [Grep] pattern='bool vext_check_ss\\b'
[16:24:08] [spechunter] [Grep] pattern='opivv_check\\b'
[16:24:19] [spechunter] [Grep] pattern='vghsh'
[16:24:19] [spechunter] [Grep] pattern='vgmul'
[16:24:19] [spechunter] [Grep] pattern='zvkg'
[16:24:19] [spechunter] [Grep] pattern='zvbc'
[16:24:19] [spechunter] [Grep] pattern='overlap'
[16:24:19] [spechunter] [Grep] pattern='WAR'
[16:24:19] [spechunter] [Grep] pattern='illegal.?instruction'
[16:24:37] [spechunter] [Read] /home/yzs/riscv/XiangShan/ghash_vd_vs2_overlap_findings.json
[16:24:37] [spechunter] [Grep] pattern='zvk|vector.?crypto'
[16:24:37] [spechunter] [Grep] pattern='vediv|VecDecodeTable|vector.?opcode|VecOpcode'
[16:24:37] [spechunter] [Grep] pattern='VecExceptionGen|Vsetu'
[16:24:54] [spechunter] [Read] /home/yzs/riscv/XiangShan/src/main/scala/xiangshan/backend/decode/VecExceptionGen.scala
[16:24:54] [spechunter] [Grep] pattern='zvk|Zvk|ZVK'
[16:24:54] [spechunter] [Read] /home/yzs/riscv/XiangShan/src/main/scala/xiangshan/backend/decode/DecodeUnitComp.scala
[16:25:10] [spechunter] [text] Let me check a few more functions to verify overlap detection.  
[16:25:10] [spechunter] [Grep] pattern='bool vext_check_sss\\b'
[16:25:10] [spechunter] [Grep] pattern='is_overlapped'
[16:25:23] [spechunter] [Glob] **/*DecodeTable*
[16:25:23] [spechunter] [Glob] **/*Zv*
[16:25:23] [spechunter] [Read] /home/yzs/riscv/XiangShan/src/main/scala/xiangshan/backend/fu/Vsetu.scala
[16:25:23] [spechunter] [Grep] pattern='ghash|ghash|GHASH'
[16:25:23] [spechunter] [Grep] pattern='VGH?SH|vgmul|GMUL'
[16:25:36] [spechunter] [Glob] **/*
[16:25:36] [spechunter] [Grep] pattern='notAllowOverlapInst'
[16:25:36] [spechunter] [Grep] pattern='overlap'
[16:26:05] [spechunter] [Read] /home/yzs/riscv/XiangShan/src/main/scala/xiangshan/backend/decode/VecDecoder.scala
[16:26:05] [spechunter] [Read] /home/yzs/riscv/XiangShan/src/main/scala/xiangshan/backend/decode/Instructions.scala
[16:26:22] [spechunter] [Read] /home/yzs/riscv/XiangShan/vkeccak_vi_timing_egs_findings.json
[16:26:22] [spechunter] [Read] /home/yzs/riscv/XiangShan/vlmul_vtype_check_findings.json
[16:26:22] [spechunter] [Grep] pattern='WAR.*hazard|hazard.*WAR|write.after.read'
[16:26:22] [spechunter] [Grep] pattern='zvk|zks|zvb|zbc|reserved'
[16:26:22] [spechunter] [Read] /home/yzs/riscv/XiangShan/src/main/scala/xiangshan/backend/issue/DataArray.scala
[16:27:05] [spechunter] [text] Let me also check the Zvbc32e part of the PR and the decode formats.  
[16:27:05] [spechunter] [Grep] pattern='zvbc32e|Zvbc32e'
[16:27:05] [spechunter] [Grep] pattern='vgmul_vv|vghsh_vv'
[16:27:05] [spechunter] [Grep] pattern='vghsh|vgmul|zvkg'
[16:27:12] [spechunter] [Grep] pattern='VecWbCheck|vecWbCheck|writeback.*check|hazardCheck|WbCheck'
[16:27:12] [spechunter] [Grep] pattern='readPort|read.*port.*conflict|srcConf|conflict.*check'
[16:27:12] [spechunter] [Grep] pattern='reserved.*encoding|encoding.*reserved'
[16:27:12] [spechunter] [Read] /home/yzs/riscv/XiangShan/src/main/scala/xiangshan/backend/decode/DecodeUnit.scala
[16:27:57] [spechunter] [Bash] Check current diff status
[16:27:57] [spechunter] [Grep] pattern='vext_check_input_eew'
[16:29:08] [spechunter] [text] Let me read the critical code directly to confirm the findings.  
[16:29:08] [spechunter] [Read] /home/yzs/riscv/XiangShan/src/main/scala/xiangshan/backend/decode/VecExceptionGen.scala
[16:29:08] [spechunter] [Grep] pattern='vghsh|vgmul|zvkg|zvkgs'
[16:29:23] [spechunter] [text] Let me also check whether vghsh/vgmul are in the existing audit report and verify the decoder tables.  
[16:29:23] [spechunter] [Read] /home/yzs/riscv/XiangShan/ghash_vd_vs2_overlap_findings.json
[16:29:23] [spechunter] [Grep] pattern='VGH|VGM|ghash|gmul'
[16:29:34] [spechunter] [text] Now let me verify the decoder default behavior for unrecognized instructions.  
[16:29:34] [spechunter] [Grep] pattern='illegalInstr|SelImm.INVALID_INSTR|exceptionVec.*EX_II'
[16:29:45] [spechunter] [text] Let me read the default decode path to confirm behavior for unrecognized instructions.  
[16:29:45] [spechunter] [Read] /home/yzs/riscv/XiangShan/src/main/scala/xiangshan/backend/decode/DecodeUnit.scala
[16:29:45] [spechunter] [Read] /home/yzs/riscv/XiangShan/src/main/scala/xiangshan/backend/decode/DecodeUnit.scala
[16:29:51] [spechunter] [text] Let me check the VecDecoder tables to confirm no vghsh/vgmul entries exist there either.  
[16:29:51] [spechunter] [Grep] pattern='opmvv|opmvx'
[16:30:44] [spechunter] [text] Now I have all the evidence. Here is the audit report.  ---  ## Audit Report: vghsh.vs / vgmul.vs Register Overlap (WAR ...
[16:31:19] [spechunter] [text] Now let me check a few more comparison patterns to confirm my analysis.  
[16:31:19] [spechunter] [Grep] pattern='is_overlapped'
[16:32:52] [spechunter] [Grep] pattern='&rmr|&rmrr'
[16:33:41] [spechunter] [Read] /home/yzs/riscv/qemu/analysis_zvkgs.json
[16:35:50] [spechunter] [text] Now I have a complete picture of the code. Let me provide the analysis.  ```json {   "findings": [     {       "file_pat...
