[16:56:38] [spechunter] PR loaded: #102 riscv-non-isa/riscv-server-platform — "Initial changes for issue 100"
[16:56:38] [spechunter]   diff: 2931 chars  body: 31 chars  reviews: 0
[16:56:38] [spechunter] Global pre-filter running...
[16:57:00] [spechunter] [text] {"should_skip": false, "skip_reason": "FIRM_140 change from conditional to unconditional IOMMU RIMT ACPI table requireme...
[16:57:02] [spechunter] pre-filter: should_skip=False reason="FIRM_140 change from conditional to unconditional IOMMU RIMT ACPI table requirement is a substantive spec change with security implications for DMA protection and device isolation."
[16:57:20] [spechunter] [text] {"should_skip": true, "skip_reason": "Server platform spec doc clarifications about UEFI firmware requirements and Secur...
[16:57:20] [spechunter] [text] {"should_skip": true, "skip_reason": "Firmware-level requirement change in server platform spec (RIMT ACPI table descrip...
[16:57:26] [spechunter] [text] {"should_skip": true, "skip_reason": "Firmware-level server platform requirements (IOMMU ACPI table description and Secu...
[16:57:30] [spechunter] [text] {"should_skip": true, "skip_reason": "Changes only affect server platform requirements documentation (wording clarificat...
[16:57:35] [spechunter] [text] {"should_skip": false}
[16:57:58] [spechunter] [text] ```json {   "violation_condition": "QEMU's RISC-V virt machine instantiates an IOMMU (riscv-iommu) but does not generate...
[16:58:20] [spechunter] [Grep] pattern='riscv_iommu.*acpi|acpi.*iommu'
[16:58:20] [spechunter] [Grep] pattern='RIMT|rimt|build_rimt'
[16:58:20] [spechunter] [Grep] pattern='iort.*riscv|riscv.*iort'
[16:58:20] [spechunter] [Grep] pattern='riscv-iommu'
[16:58:27] [spechunter] [Agent] description, subagent_type
[16:58:32] [spechunter] [Read] /home/yzs/riscv/qemu/hw/riscv/virt-acpi-build.c
[16:58:32] [spechunter] [Read] /home/yzs/riscv/qemu/hw/riscv/virt-acpi-build.c
[16:58:32] [spechunter] [Read] /home/yzs/riscv/qemu/hw/riscv/virt-acpi-build.c
[16:58:32] [spechunter] [Grep] pattern='riscv_iommu|iommu_sys|RISCV_IOMMU'
[16:58:44] [spechunter] [Read] /home/yzs/riscv/qemu/hw/riscv/virt-acpi-build.c
[16:58:44] [spechunter] [Read] /home/yzs/riscv/qemu/hw/riscv/virt.c
[16:58:44] [spechunter] [Read] /home/yzs/riscv/qemu/hw/riscv/virt.c
[16:58:44] [spechunter] [Read] /home/yzs/riscv/qemu/hw/riscv/virt.c
[16:59:06] [spechunter] [Grep] pattern='RIMT'
[16:59:06] [spechunter] [Grep] pattern='build_rimt'
[16:59:06] [spechunter] [Grep] pattern='rimt'
[16:59:06] [spechunter] [Grep] pattern='riscv-iommu'
[16:59:06] [spechunter] [Glob] hw/riscv/*acpi*
[16:59:06] [spechunter] [Glob] hw/riscv/*iommu*
[16:59:06] [spechunter] [Bash] List hw/riscv directory contents
[16:59:06] [spechunter] [Read] /home/yzs/riscv/qemu/hw/riscv/virt.c
[16:59:06] [spechunter] [Read] /home/yzs/riscv/qemu/hw/riscv/virt.c
[16:59:06] [spechunter] [Read] /home/yzs/riscv/qemu/hw/riscv/virt-acpi-build.c
[16:59:24] [spechunter] [Read] /home/yzs/riscv/qemu/hw/riscv/virt-acpi-build.c
[16:59:24] [spechunter] [Grep] pattern='riscv.iommu\\|riscv-iommu\\|RISCV_IOMMU\\|iommu'
[16:59:24] [spechunter] [Read] /home/yzs/riscv/qemu/hw/riscv/riscv-iommu.h
[16:59:24] [spechunter] [Read] /home/yzs/riscv/qemu/hw/riscv/virt-acpi-build.c
[16:59:41] [spechunter] [Grep] pattern='virt_is_iommu_sys_enabled|pci_iommu_bdf|VIRT_IOMMU'
[16:59:41] [spechunter] [Grep] pattern='iommu'
[16:59:41] [spechunter] [Read] /home/yzs/riscv/qemu/hw/riscv/virt-acpi-build.c
[16:59:41] [spechunter] [Read] /home/yzs/riscv/qemu/hw/riscv/riscv-iommu-pci.c
[16:59:41] [spechunter] [Read] /home/yzs/riscv/qemu/hw/riscv/riscv-iommu-sys.c
[16:59:41] [spechunter] [text] Let me also check the header and key source files for the IOMMU type definitions.  
[16:59:41] [spechunter] [Read] /home/yzs/riscv/qemu/include/hw/riscv/iommu.h
[16:59:41] [spechunter] [Grep] pattern='TYPE_RISCV_IOMMU'
[17:00:53] [spechunter] [Read] /home/yzs/riscv/qemu/hw/riscv/virt.c
[17:00:53] [spechunter] [Read] /home/yzs/riscv/qemu/hw/riscv/virt.c
[17:00:53] [spechunter] [Read] /home/yzs/riscv/qemu/hw/riscv/virt.c
[17:00:53] [spechunter] [Read] /home/yzs/riscv/qemu/hw/riscv/virt.c
[17:00:53] [spechunter] [Grep] pattern='iommu_sys\\b|iommu'
[17:00:53] [spechunter] [Read] /home/yzs/riscv/qemu/hw/riscv/virt-acpi-build.c
[17:01:05] [spechunter] [text] ```json {   "locations": [     {       "file_path": "hw/riscv/virt-acpi-build.c",       "function_name": "acpi_dsdt_add_...
[17:01:08] [spechunter] [Read] /home/yzs/riscv/qemu/include/hw/riscv/virt.h
[17:01:08] [spechunter] [Read] /home/yzs/riscv/qemu/hw/riscv/virt-acpi-build.c
[17:01:08] [spechunter] [Grep] pattern='build_madt|build_rhct|build_dsdt|build_fadt|build_spcr|build_mcfg|build_srat|build_slit|build_xsdt|build_xsdt|build_rsdp'
[17:01:51] [spechunter] [Read] /home/yzs/riscv/qemu/hw/riscv/virt-acpi-build.c
[17:01:51] [spechunter] [Read] /home/yzs/riscv/qemu/hw/riscv/virt-acpi-build.c
[17:01:51] [spechunter] [Read] /home/yzs/riscv/qemu/hw/riscv/virt-acpi-build.c
[17:01:51] [spechunter] [Read] /home/yzs/riscv/qemu/hw/riscv/virt-acpi-build.c
[17:01:51] [spechunter] [Read] /home/yzs/riscv/qemu/hw/riscv/riscv-iommu.c
[17:01:51] [spechunter] [Read] /home/yzs/riscv/qemu/hw/riscv/riscv-iommu.c
[17:02:11] [spechunter] [Grep] pattern='build_iort'
[17:02:11] [spechunter] [Grep] pattern='RIMT|IORT'
[17:02:11] [spechunter] [Grep] pattern='IORT'
[17:02:11] [spechunter] [Grep] pattern='build_iort'
[17:02:11] [spechunter] [Read] /home/yzs/riscv/qemu/hw/riscv/virt-acpi-build.c
[17:02:45] [spechunter] [Grep] pattern='TYPE_RISCV_IOMMU_PCI|TYPE_RISCV_IOMMU_SYS|TYPE_RISCV_IOMMU'
[17:02:45] [spechunter] [Grep] pattern='RISCV_IOMMU_INTR_COUNT|RISCV_IOMMU_INTR_'
[17:02:45] [spechunter] [Read] /home/yzs/riscv/qemu/hw/riscv/virt-acpi-build.c
[17:02:45] [spechunter] [Grep] pattern='virt_acpi_setup'
[17:03:11] [spechunter] [Read] /home/yzs/riscv/qemu/include/hw/riscv/iommu.h
[17:05:30] [spechunter] [text] Let me read the RIMT builder code and surrounding context carefully to identify any malformation issues
[17:05:30] [spechunter] [Read] /home/yzs/riscv/qemu/hw/riscv/virt-acpi-build.c
[17:05:30] [spechunter] [Read] /home/yzs/riscv/qemu/hw/riscv/virt.c
[17:05:54] [spechunter] [text] Let me look at the DSDT IOMMU entry and also verify some suspicious details I noticed in the RIMT builder
[17:05:54] [spechunter] [Read] /home/yzs/riscv/qemu/hw/riscv/virt-acpi-build.c
[17:05:54] [spechunter] [Read] /home/yzs/riscv/qemu/hw/riscv/virt-acpi-build.c
[17:05:54] [spechunter] [Read] /home/yzs/riscv/qemu/hw/riscv/virt-acpi-build.c
[17:07:50] [spechunter] [text] Let me check a few more things — the IOMMU migration code, and the ARM IORT builder for comparison.  
[17:07:50] [spechunter] [Grep] pattern='vmstate.*iommu|iommu.*vmstate|IOMMU.*migration|iommu.*pre_save|iommu.*post_load'
[17:07:50] [spechunter] [Grep] pattern='build_iort|iort.*interrupt|interrupt.*array|num.*interrupt.*wire'
[17:07:50] [spechunter] [Grep] pattern='num_ids|source_id_base|id_mapping|IdMapping'
[17:09:47] [spechunter] [text] Let me look at more details of the IOMMU state and migration code
[17:09:47] [spechunter] [Read] /home/yzs/riscv/qemu/hw/riscv/riscv-iommu-pci.c
[17:09:47] [spechunter] [Read] /home/yzs/riscv/qemu/hw/riscv/riscv-iommu.c
[17:09:47] [spechunter] [Grep] pattern='virt_machine_device_plug_cb|pci_iommu_bdf|iommu_sys|virt_is_iommu_sys_enabled'
[17:12:01] [spechunter] [text] Now let me also look at the FDT IOMMU creation for the system IOMMU to check for other wiring issues, and also look at t...
[17:12:01] [spechunter] [Read] /home/yzs/riscv/qemu/hw/riscv/virt.c
[17:12:01] [spechunter] [Grep] pattern='IOMMU_SYS_IRQ|VIRT_IOMMU_SYS'
[17:12:01] [spechunter] [Grep] pattern='virt_high_pcie_memmap|VIRT_HIGH_PCIE'
[17:14:17] [spechunter] [text] Let me check a few more critical things - the migration state and interrupt wire handling
[17:14:17] [spechunter] [Read] /home/yzs/riscv/qemu/hw/riscv/riscv-iommu.c
[17:14:17] [spechunter] [Read] /home/yzs/riscv/qemu/hw/riscv/virt-acpi-build.c
[17:15:54] [spechunter] [text] Now let me verify the critical `dest_id_base` bug more carefully and check the IOMMU sys device migration
[17:15:54] [spechunter] [Read] /home/yzs/riscv/qemu/hw/riscv/riscv-iommu-sys.c
[17:15:54] [spechunter] [Grep] pattern='vmstate|migratable|pre_save|post_load'
[17:18:56] [spechunter] [text] Now let me check the interrupt wire offset spelling error and verify the struct layout more carefully.  
[17:18:56] [spechunter] [Read] /home/yzs/riscv/qemu/hw/riscv/virt-acpi-build.c
[17:18:56] [spechunter] [Grep] pattern='RISCV_INTERRUPT_WIRE_OFFSSET|OFFSSET'
[17:40:57] [spechunter] [Read] /home/yzs/riscv/qemu/hw/riscv/virt-acpi-build.c
[17:42:39] [spechunter] [text] Now I have a thorough understanding. Let me verify one more edge case — the FSC capability check that's the subject of t...
[17:42:39] [spechunter] [Bash] Check recent commits on current branch
[17:42:39] [spechunter] [Grep] pattern='fsc|FSC'
[17:43:38] [spechunter] [text] Now I have a complete picture. Let me verify one more thing about the IOMMU node size to ensure correctness.  
[17:43:38] [spechunter] [Read] /home/yzs/riscv/qemu/hw/riscv/virt-acpi-build.c
[17:43:38] [spechunter] [Grep] pattern='virt_is_iommu_sys_enabled'
[17:53:10] [spechunter] [text] Now I have a comprehensive understanding of all the issues. Let me compile the findings.  
[17:53:10] [spechunter] [Bash] Get current commit hash
[17:54:34] [spechunter] [text] Now I have a thorough picture. Let me compile the final findings.  
[17:54:34] [spechunter] [Grep] pattern='num_ids|source_id_base'
[17:57:03] [spechunter] [text] I now have a thorough understanding of the code. Let me compile the findings into the JSON output format.  ```json {   "...
[17:57:25] [spechunter] [Bash] Check recent commits on this branch
[17:57:25] [spechunter] [Bash] Check what files changed vs master
[17:57:43] [spechunter] [Bash] See the actual diff on this branch
[17:58:07] [spechunter] [Grep] pattern='riscv_iommu_validate_device_ctx'
[17:58:07] [spechunter] [Grep] pattern='RISCV_IOMMU_DC_FSC_IOSATP_MODE_SV32'
[17:58:07] [spechunter] [Grep] pattern='RISCV_IOMMU_CAP_SV32'
[17:58:38] [spechunter] [text] Now let me look at the specific function context around the fix
[17:58:38] [spechunter] [Read] /home/yzs/riscv/qemu/hw/riscv/riscv-iommu.c
[17:58:38] [spechunter] [Read] /home/yzs/riscv/qemu/hw/riscv/riscv-iommu.c
[17:59:04] [spechunter] [text] Now let me look at the function definition and call site for completeness.  
[17:59:04] [spechunter] [Read] /home/yzs/riscv/qemu/hw/riscv/riscv-iommu.c
[17:59:43] [spechunter] [text] Now I have a clear picture. The actual PR is a single-line fix:  - **Change**: `riscv_iommu_validate_device_ctx()` at `h...
[18:00:26] [spechunter] [Agent] description, subagent_type
[18:00:26] [spechunter] [Agent] description, subagent_type
[18:00:43] [spechunter] [Grep] pattern='riscv-iommu|riscv_iommu|RISC_V_IOMMU'
[18:00:43] [spechunter] [Grep] pattern='TYPE_RISCV_IOMMU'
[18:00:43] [spechunter] [Grep] pattern='riscv.iommu'
[18:00:43] [spechunter] [Glob] hw/riscv/riscv-iommu*
[18:00:43] [spechunter] [Glob] hw/riscv/acpi*
[18:01:06] [spechunter] [Grep] pattern='iommu'
[18:01:06] [spechunter] [Read] /home/yzs/riscv/qemu/include/hw/riscv/iommu.h
[18:01:06] [spechunter] [Glob] hw/riscv/virt-acpi*
[18:01:06] [spechunter] [Grep] pattern='iommu|IOMMU|RIMT|rimt'
[18:01:06] [spechunter] [Grep] pattern='IOMMU|iommu'
[18:01:07] [spechunter] [Grep] pattern='rimt|RIMT'
[18:01:07] [spechunter] [Grep] pattern='build_rimt'
[18:01:07] [spechunter] [Grep] pattern='riscv_iommu.*acpi|acpi.*riscv_iommu'
[18:01:07] [spechunter] [Grep] pattern='iort'
[18:01:07] [spechunter] [Glob] hw/riscv/virt*
[18:01:07] [spechunter] [Glob] hw/acpi/*riscv*
[18:01:07] [spechunter] [Glob] hw/acpi/*rimt*
[18:01:26] [spechunter] [Read] /home/yzs/riscv/qemu/hw/riscv/virt-acpi-build.c
[18:01:26] [spechunter] [Read] /home/yzs/riscv/qemu/hw/riscv/virt.c
[18:01:26] [spechunter] [Read] /home/yzs/riscv/qemu/hw/riscv/virt.c
[18:01:26] [spechunter] [Read] /home/yzs/riscv/qemu/hw/riscv/virt.c
[18:01:26] [spechunter] [Read] /home/yzs/riscv/qemu/hw/riscv/virt.c
[18:01:26] [spechunter] [Read] /home/yzs/riscv/qemu/hw/riscv/virt.c
[18:01:28] [spechunter] [Read] /home/yzs/riscv/qemu/hw/riscv/virt-acpi-build.c
[18:01:28] [spechunter] [Grep] pattern='riscv_iommu.*iort|riscv_iommu.*acpi|iommu.*acpi.*table'
[18:01:28] [spechunter] [Grep] pattern='iommu'
[18:01:28] [spechunter] [Grep] pattern='riscv_iommu'
[18:01:28] [spechunter] [Grep] pattern='riscv_iommu|iommu'
[18:02:05] [spechunter] [Read] /home/yzs/riscv/qemu/hw/riscv/virt-acpi-build.c
[18:02:05] [spechunter] [Grep] pattern='virt_is_iommu_sys_enabled'
[18:02:05] [spechunter] [Grep] pattern='pci_iommu_bdf'
[18:02:05] [spechunter] [Grep] pattern='VIRT_IOMMU'
[18:02:05] [spechunter] [Grep] pattern='IOMMU_SYS_IRQ'
[18:02:05] [spechunter] [Grep] pattern='build_rimt|virt_acpi_build'
[18:02:28] [spechunter] [Grep] pattern='IOMMU_SYS_IRQ'
[18:02:28] [spechunter] [Read] /home/yzs/riscv/qemu/hw/riscv/virt.c
[18:02:28] [spechunter] [Read] /home/yzs/riscv/qemu/hw/riscv/virt.c
[18:02:28] [spechunter] [Read] /home/yzs/riscv/qemu/include/hw/riscv/virt.h
[18:02:48] [spechunter] [Grep] pattern='RIMT|rimt'
[18:02:48] [spechunter] [Grep] pattern='AcpiRimt'
[18:02:48] [spechunter] [Grep] pattern='virt_acpi_setup'
[18:02:55] [spechunter] [Read] /home/yzs/riscv/qemu/hw/riscv/virt-acpi-build.c
[18:04:13] [spechunter] [Read] /home/yzs/riscv/qemu/hw/riscv/virt.c
[18:04:13] [spechunter] [Read] /home/yzs/riscv/qemu/hw/riscv/virt.c
[18:04:13] [spechunter] [Read] /home/yzs/riscv/qemu/hw/riscv/riscv-iommu-sys.c
[18:04:13] [spechunter] [Read] /home/yzs/riscv/qemu/hw/riscv/riscv-iommu-sys.c
[18:04:13] [spechunter] [Read] /home/yzs/riscv/qemu/hw/riscv/riscv-iommu-pci.c
[18:04:13] [spechunter] [Read] /home/yzs/riscv/qemu/hw/riscv/virt.c
[18:05:04] [spechunter] [Grep] pattern='riscv_iommu_pci_setup_iommu'
[18:05:04] [spechunter] [Read] /home/yzs/riscv/qemu/hw/riscv/riscv-iommu.c
[18:05:04] [spechunter] [Read] /home/yzs/riscv/qemu/hw/riscv/riscv-iommu.h
[18:05:04] [spechunter] [Read] /home/yzs/riscv/qemu/hw/riscv/meson.build
[18:05:04] [spechunter] [Grep] pattern='IOMMU|iommu'
[18:05:04] [spechunter] [Grep] pattern='iommu'
[18:05:26] [spechunter] [Read] /home/yzs/riscv/qemu/hw/riscv/riscv-iommu.h
[18:05:26] [spechunter] [Read] /home/yzs/riscv/qemu/hw/riscv/riscv-iommu.c
[18:05:26] [spechunter] [Read] /home/yzs/riscv/qemu/hw/riscv/riscv-iommu.c
[18:05:26] [spechunter] [Read] /home/yzs/riscv/qemu/hw/riscv/Kconfig
[18:05:26] [spechunter] [Grep] pattern='IOMMU|iommu_sys|pci_iommu'
[18:06:51] [spechunter] [text] Let me now read the actual code and spec documents to perform the detailed audit.  
[18:06:51] [spechunter] [Read] /home/yzs/riscv/qemu/hw/riscv/virt-acpi-build.c
[18:06:51] [spechunter] [Bash] List spec reference directories
[18:06:51] [spechunter] [Grep] pattern='rimt|RIMT'
[18:07:17] [spechunter] [text] Let me read more of the code to find potential bugs, and also check for any spec references
[18:07:17] [spechunter] [Read] /home/yzs/riscv/qemu/hw/riscv/virt-acpi-build.c
[18:07:17] [spechunter] [Read] /home/yzs/riscv/qemu/hw/riscv/virt-acpi-build.c
[18:07:17] [spechunter] [Read] /home/yzs/riscv/qemu/hw/riscv/virt-acpi-build.c
[18:08:41] [spechunter] [text] Now let me look for RIMT spec references and check for the specific bug pattern more carefully.  
[18:08:41] [spechunter] [Bash] Check spec references
[18:08:41] [spechunter] [Grep] pattern='rimt|RIMT|IOMMU.*ACPI|acpi.*iommu'
[18:10:48] [spechunter] [text] Now let me examine the potential off-by-one bug more carefully and look at related FDT code for comparison
[18:10:48] [spechunter] [Read] /home/yzs/riscv/qemu/hw/riscv/virt.c
[18:10:48] [spechunter] [Read] /home/yzs/riscv/qemu/hw/riscv/virt.c
[18:12:49] [spechunter] [text] Now let me also check the current commit to see what's changed.  
[18:12:49] [spechunter] [Bash] Check recent commits on this branch
[18:12:49] [spechunter] [Bash] Check diff for virt-acpi-build.c
[18:17:13] [spechunter] [text] Now let me look at the full context around the critical bug area and also check the `build_rimt` function's PCI IOMMU ha...
[18:17:13] [spechunter] [Read] /home/yzs/riscv/qemu/hw/riscv/virt-acpi-build.c
[18:17:13] [spechunter] [Read] /home/yzs/riscv/qemu/hw/riscv/virt.c
[18:19:16] [spechunter] [text] Now let me verify my findings by double-checking the FDT iommu-map format to confirm the PCI IOMMU ID mapping divergence
[18:19:16] [spechunter] [Read] /home/yzs/riscv/qemu/hw/riscv/virt-acpi-build.c
[18:31:07] [spechunter] [text] Now I have a thorough understanding of the code. Let me finalize my analysis by verifying one more aspect of the system ...
[18:31:07] [spechunter] [Read] /home/yzs/riscv/qemu/hw/riscv/virt-acpi-build.c
[18:36:04] [spechunter] [text] Now I have a thorough understanding of the code. Let me compile my final analysis. I've identified several concrete bugs...
[18:36:04] [spechunter] [Bash] Check if there are local changes to virt-acpi-build.c
[18:38:33] [spechunter] [text] Now I have a thorough understanding of the code. Let me consolidate the findings.  
[18:38:33] [spechunter] [Bash] Get total line count
[18:42:09] [spechunter] [text] Now let me also verify the FDT iommu-map format and the PCI IOMMU case to make sure my analysis is complete
[18:42:09] [spechunter] [Read] /home/yzs/riscv/qemu/hw/riscv/virt.c
[18:42:09] [spechunter] [Read] /home/yzs/riscv/qemu/hw/riscv/virt.c
[18:46:12] [spechunter] [text] Now I have a complete understanding of the code. Here is my detailed audit:  ```json {   "findings": [     {       "file...
