[18:46:28] [spechunter] PR loaded: #239 riscv/riscv-smmtt — "Add missing constraints on SRL/SML when SSRM=1/SSMM=1"
[18:46:28] [spechunter]   diff: 2262 chars  body: 1 chars  reviews: 1
[18:46:28] [spechunter] Global pre-filter running...
[18:46:34] [spechunter] [text] {"should_skip": false}
[18:46:35] [spechunter] pre-filter: should_skip=False reason=""
[18:46:56] [spechunter] [text] {"should_skip": true, "skip_reason": "SMMTT (Supervisor-level Memory System Resource Monitoring) is not supported by Fre...
[18:46:58] [spechunter] [text] {"should_skip": false}
[18:47:00] [spechunter] [text] {"should_skip": false}
[18:47:04] [spechunter] [text] {"should_skip": true, "skip_reason": "Smscsr/SMMTT (supervisor memory system CSRs for resource partitioning/monitoring) ...
[18:47:04] [spechunter] [text] {"should_skip": true, "skip_reason": "Smmtt is a supervisor-level memory QoS/resource-control extension; while msdcfg is...
[18:47:24] [spechunter] [Grep] pattern='msdcfg|srmcfg|RCIDLEN|MCIDLEN|smsdid|Smsdid'
[18:47:29] [spechunter] [text] ```json {   "violation_condition": "M-mode firmware (or any msdcfg writer) sets SSRM=1 with SRL ≥ RCIDLEN, or SSMM=1 wit...
[18:47:48] [spechunter] [Grep] pattern='smsdid|SmSdid|Smsdid'
[18:47:55] [spechunter] [Grep] pattern='msdcfg|Mnrmcfg|mnrmcfg|srmcfg'
[18:47:57] [spechunter] [TodoWrite] 6 items
[18:48:01] [spechunter] [Grep] pattern='msdcfg|srmcfg|SSRM|SSMM|RCID|MCID|RCIDLEN|MCIDLEN|SRL|SML'
[18:48:01] [spechunter] [Grep] pattern='msdcfg|srmcfg|SSRM|SSMM|RCID|MCID|RCIDLEN|MCIDLEN|SRL|SML'
[18:48:01] [spechunter] [Grep] pattern='msdcfg|srmcfg|SSRM|SSMM|RCID|MCID|RCIDLEN|MCIDLEN|SRL|SML'
[18:48:01] [spechunter] [Grep] pattern='msdcfg|srmcfg|SSRM|SSMM|RCID|MCID|RCIDLEN|MCIDLEN|SRL|SML'
[18:48:21] [spechunter] [text] The initial search found only unrelated `SRLI` (shift instruction) matches. Let me broaden the search across the entire ...
[18:48:21] [spechunter] [Grep] pattern='\\bmsdcfg\\b|\\bsrmcfg\\b|\\bSSRM\\b|\\bSSMM\\b'
[18:48:21] [spechunter] [Grep] pattern='\\bRCID\\b|\\bMCID\\b|\\bRCIDLEN\\b|\\bMCIDLEN\\b'
[18:48:21] [spechunter] [Grep] pattern='\\bSRL\\b.*RCIDLEN|\\bSML\\b.*MCIDLEN'
[18:48:21] [spechunter] [Grep] pattern='CSR_MSDCFG|CSR_SRMCFG'
[18:48:21] [spechunter] [Grep] pattern='CSR_.*CID|CSR_.*CIDLEN'
[18:48:22] [spechunter] [Agent] description, prompt
[18:48:22] [spechunter] [Agent] description, prompt
[18:48:27] [spechunter] [text] This spec defines WARL constraints for the Smsdid extension's `msdcfg` CSR fields — not yet implemented in QEMU. Here's ...
[18:48:42] [spechunter] [TodoWrite] 8 items
[18:48:43] [spechunter] [Grep] pattern='msdcfg'
[18:48:43] [spechunter] [Grep] pattern='srmcfg'
[18:48:43] [spechunter] [Grep] pattern='SRL|SML'
[18:48:47] [spechunter] [text] Let me also check for any indirect references via the qos/smmpm subsystem and general CSR definitions
[18:48:47] [spechunter] [Grep] pattern='menu_riscv_smm|menu_riscv_qos|riscv.*qos|qos.*riscv'
[18:48:47] [spechunter] [Grep] pattern='RISCV_ISA_SSQOS|RISCV_ISA_SM|RISCV_ISA_SS.*MSDC'
[18:48:47] [spechunter] [Grep] pattern='csr_write.*0x7[cd]|csr_read.*0x7[cd]|#define CSR_.*0x[0-9a-fA-F]{3}'
[18:48:52] [spechunter] [Agent] description, subagent_type
[18:48:55] [spechunter] [Grep] pattern='context_id|contextid|CONTEXTID|CONTEXT_ID'
[18:48:55] [spechunter] [Grep] pattern='context_id|contextid|CONTEXTID|CONTEXT_ID'
[18:48:55] [spechunter] [Read] /home/yzs/riscv/linux/arch/riscv/kernel/asm-offsets.c
[18:48:55] [spechunter] [Read] /home/yzs/riscv/linux/arch/riscv/include/asm/switch_to.h
[18:48:59] [spechunter] [text] No matches found for `msdcfg` or `srmcfg`. Let me search for related RISC-V domain/shadow-stack extensions and CSR patte...
[18:48:59] [spechunter] [Grep] pattern='ssrm|smdid|srmdid|RCIDLEN|RCID|MCID'
[18:48:59] [spechunter] [Grep] pattern='msdcfg|srmcfg|sdcfg'
[18:48:59] [spechunter] [Grep] pattern='domain.*csr|supervisor.*domain|memory.*domain'
[18:49:06] [spechunter] [Grep] pattern='msdcfg'
[18:49:06] [spechunter] [Grep] pattern='srmcfg'
[18:49:06] [spechunter] [Grep] pattern='RCIDLEN|MCIDLEN'
[18:49:06] [spechunter] [Grep] pattern='SSRM|SSMM|SRL|SML'
[18:49:06] [spechunter] [Grep] pattern='msdcfg|srmcfg'
[18:49:09] [spechunter] [TodoWrite] 8 items
[18:49:12] [spechunter] [Grep] pattern='smdid'
[18:49:12] [spechunter] [Grep] pattern='SSRM|SSMM|Smdid|SRM'
[18:49:12] [spechunter] [Grep] pattern='ssrm|ssmm|smdid'
[18:49:13] [spechunter] [Grep] pattern='msdcfg'
[18:49:13] [spechunter] [Grep] pattern='srmcfg'
[18:49:13] [spechunter] [Grep] pattern='CSR_MSDCFG|CSR_SRMCFG'
[18:49:13] [spechunter] [Grep] pattern='\\bSRL\\b'
[18:49:13] [spechunter] [Grep] pattern='\\bSML\\b'
[18:49:13] [spechunter] [Grep] pattern='\\bSSRM\\b'
[18:49:13] [spechunter] [Grep] pattern='\\bSSMM\\b'
[18:49:13] [spechunter] [Grep] pattern='\\bRCID\\b'
[18:49:13] [spechunter] [Grep] pattern='\\bMCID\\b'
[18:49:13] [spechunter] [Grep] pattern='\\bRCIDLEN\\b'
[18:49:13] [spechunter] [Grep] pattern='\\bMCIDLEN\\b'
[18:49:15] [spechunter] [text] Let me also check for any indirect references in Kconfig, extension names, and device tree bindings.  
[18:49:15] [spechunter] [Grep] pattern='smmpm|smm.pm|ssqosid|sqosid|cache.*monitor.*quality|qos.*register'
[18:49:15] [spechunter] [Grep] pattern='smmpm|smm.pm|ssqosid|sqosid'
[18:49:15] [spechunter] [Grep] pattern='\\b0x7c[0-9a-fA-F]|0x7d[0-9a-fA-F]'
[18:49:15] [spechunter] [Grep] pattern='CSR_.*CFG'
[18:49:25] [spechunter] [Grep] pattern='domain|smdomain|domaincfg'
[18:49:25] [spechunter] [Grep] pattern='srmcfg|msdcfg|mdcfg'
[18:49:25] [spechunter] [Grep] pattern='0x[0-9a-fA-F]+.*domain|domain.*0x[0-9a-fA-F]+'
[18:49:28] [spechunter] [Grep] pattern='mseccfg'
[18:49:28] [spechunter] [Grep] pattern='Smmpm|Smrnmi|pointer.masking|pmask|PM.*CSR'
[18:49:28] [spechunter] [Grep] pattern='smmpm|smrnmi|pointer_mask|pmlen'
[18:49:28] [spechunter] [Grep] pattern='0x747|0x749|CSR_MCONFIGPTR|CSR_MSECCFG|CSR_SRMCFG|CSR_MSDCFG'
[18:49:28] [spechunter] [Grep] pattern='smstate|smmtt|Smmpm|smmpm|Smmtt|Smsdid'
[18:49:33] [spechunter] [Bash] List KVM directory contents
[18:49:33] [spechunter] [Grep] pattern='msdcfg|MSDCFG|srmcfg|SRMCFG'
[18:49:33] [spechunter] [Grep] pattern='legal|valid|illegal'
[18:49:33] [spechunter] [Grep] pattern='csrind|CSRIND|csr_ind|CSR_IND'
[18:49:36] [spechunter] [Grep] pattern='msdcfg|srmcfg'
[18:49:36] [spechunter] [Grep] pattern='RCIDLEN|MCIDLEN|RCID[^_]|MCID[^_]'
[18:49:36] [spechunter] [Grep] pattern='SSRM|SSMM'
[18:49:36] [spechunter] [Grep] pattern='_SRL_|_SML_|CSR_SRL|CSR_SML'
[18:49:36] [spechunter] [Grep] pattern='RCID|MCID'
[18:49:36] [spechunter] [Grep] pattern='MSDC|SRMC|mcsr|MCSR'
[18:49:40] [spechunter] [text] Let me search more broadly, including in CSR definitions and extension lists.  
[18:49:40] [spechunter] [Grep] pattern='msdcfg|srmcfg'
[18:49:40] [spechunter] [Grep] pattern='smsdid|ssrm|ssmm|smrnmi|smehv'
[18:49:40] [spechunter] [Bash] Check recent commits for any domain/SRM related changes
[18:49:49] [spechunter] [Read] /home/yzs/riscv/linux/arch/riscv/kernel/process.c
[18:49:49] [spechunter] [Read] /home/yzs/riscv/linux/arch/riscv/kernel/cpufeature.c
[18:49:49] [spechunter] [Read] /home/yzs/riscv/linux/arch/riscv/kvm/vcpu_onereg.c
[18:49:49] [spechunter] [Grep] pattern='MSECCFG|mseccfg'
[18:49:49] [spechunter] [Grep] pattern='srmcfg|SRMCFG'
[18:49:49] [spechunter] [Grep] pattern='pmlen|PMLEN|RCIDLEN|MCIDLEN|srl|SRL|sml|SML'
[18:49:49] [spechunter] [Grep] pattern='ssrm|SSRM|ssmm|SSMM|mml|MML|rlbd|RLBD'
[18:49:56] [spechunter] [Grep] pattern='msdcfg|srmcfg|sstateen3|sstateen[12]|ssrm|ssmm'
[18:49:56] [spechunter] [Grep] pattern='0x7[46][Cc]|0x4[Pp]5|_MCSR|mcsr'
[18:49:56] [spechunter] [Grep] pattern='CSR_RES|CSR_RSV'
[18:49:56] [spechunter] [Grep] pattern='0x7[45][0-9a-fA-F]'
[18:49:56] [spechunter] [Grep] pattern='SSCCFG|ssccfg|ssqosid'
[18:49:56] [spechunter] [Bash] Count lines in csr.h
[18:49:57] [spechunter] [Grep] pattern='shadow.stack|shadow_stack'
[18:49:57] [spechunter] [Grep] pattern='RCIDLEN|rcidlen|mcidlen|MCIDLEN'
[18:49:57] [spechunter] [Grep] pattern='SMSDID|smsdid|smsd|sdid'
[18:50:01] [spechunter] [Bash] Check recent git log for RISC-V related changes
[18:50:01] [spechunter] [Bash] Check current branch and related branches
[18:50:01] [spechunter] [Grep] pattern='MSECCFG|mseccfg'
[18:50:13] [spechunter] [text] Based on exhaustive searching, none of the affected entities are present in this Linux kernel tree.  ```json {   "locati...
[18:50:14] [spechunter] [Read] /home/yzs/riscv/linux/arch/riscv/include/asm/csr.h
[18:50:14] [spechunter] [Grep] pattern='CSR_SSTATEEN|sstateen|CSR_MENVCFG|CSR_SENVCFG|CSR_HENVCFG'
[18:50:14] [spechunter] [Grep] pattern='SSTATEEN|sstateen'
[18:50:14] [spechunter] [Grep] pattern='SHPM|SSHPM|shpm|_SHPM'
[18:50:14] [spechunter] [Grep] pattern='SCIDMLEN|scidmlen|SCID|scid'
[18:50:14] [spechunter] [Bash] View top commit details to understand context
[18:50:14] [spechunter] [Grep] pattern='mseccfg_csr_(read|write)'
[18:50:14] [spechunter] [Grep] pattern='smstateen|sstateen|hstateen'
[18:50:16] [spechunter] [Grep] pattern='smdid|smdomain|domain_id'
[18:50:16] [spechunter] [Grep] pattern='CSR_.*DOMAIN|CSR_.*SDID|CSR_.*SRM|CSR_.*MSD'
[18:50:16] [spechunter] [Grep] pattern='srmcfg|msdcfg|SM_MDC|sm_mdc|smdcfg'
[18:50:30] [spechunter] [Grep] pattern='msdcfg|MSDCFG|srmcfg|SRMCFG|scontext|SCONTEXT|mcontext|MCONTEXT'
[18:50:30] [spechunter] [Grep] pattern='msdcfg|MSDCFG|srmcfg|SRMCFG|scontext|SCONTEXT|mcontext|MCONTEXT'
[18:50:30] [spechunter] [Read] /home/yzs/riscv/linux/arch/riscv/kvm/vcpu_switch.S
[18:50:30] [spechunter] [Read] /home/yzs/riscv/linux/arch/riscv/kernel/entry.S
[18:50:37] [spechunter] [Grep] pattern='msdcfg|srmcfg|SSRM|SSMM'
[18:50:37] [spechunter] [Grep] pattern='msdcfg|srmcfg|SSRM|SSMM|SRL|SML'
[18:50:37] [spechunter] [Bash] Search for SRL/SML CSR field in QEMU RISC-V
[18:50:42] [spechunter] [Read] /home/yzs/riscv/linux/arch/riscv/include/asm/csr.h
[18:50:42] [spechunter] [Grep] pattern='SMSTATEEN|smstateen'
[18:50:42] [spechunter] [Grep] pattern='shpm|sqosid|sqos|scidml|rcidml'
[18:50:42] [spechunter] [Grep] pattern='0xcc0|0xcc1|0xcc2|0xcc3|0xcc4|0xcc5|0xcc6|0xcc7'
[18:50:42] [spechunter] [Bash] Search entire kernel tree for msdcfg, srmcfg, RCID, MCID case-insensitively
[18:50:50] [spechunter] [Grep] pattern='msdcfg|msd_cfg|MSDCFG|MSDCfg'
[18:50:50] [spechunter] [Grep] pattern='msdcfg|msd_cfg|MSDCFG|MSDCfg'
[18:50:50] [spechunter] [Grep] pattern='srmcfg|SRMCFG|srm_cfg|srmcfg'
[18:50:50] [spechunter] [Grep] pattern='RCIDLEN|rcidlen|MCIDLEN|mcidlen'
[18:51:02] [spechunter] [Grep] pattern='MSDCFG|SRMCFG'
[18:51:02] [spechunter] [Grep] pattern='RCIDLEN|MCIDLEN'
[18:51:02] [spechunter] [Grep] pattern='msdcfg|srmcfg'
[18:51:03] [spechunter] [Grep] pattern='SSRM|SSMM|SMRMD|Smrmd|SMRM'
[18:51:03] [spechunter] [Grep] pattern='SSRM|SSMM|SRL|SML|srmcfg|msdcfg'
[18:51:12] [spechunter] [Read] /home/yzs/riscv/linux/arch/riscv/kernel/entry.S
[18:51:12] [spechunter] [Grep] pattern='CSR_|csr_write|csr_read|csr_set|csr_clear'
[18:51:12] [spechunter] [Grep] pattern='envcfg|ENVCFG|senvcfg|SENVCFG|menvcfg|MENVCFG|henvcfg|HENVCFG'
[18:51:12] [spechunter] [Grep] pattern='context|hirq|HIRQ'
[18:51:16] [spechunter] [Grep] pattern='pointer_mask|pmlen|PMLEN|sup_domain|SSDM|Smmpm|smmpm|Smrnmi|smrnmi|smmtt|Smmtt'
[18:51:16] [spechunter] [Grep] pattern='pointer_mask|pmlen|sup_domain|SSDM|Smmpm|Smrnmi|smmtt|Smmtt'
[18:51:16] [spechunter] [Grep] pattern='pointer_mask|pmlen|sup_domain|SSDM|Smmpm|Smrnmi|smmtt|Smmtt'
[18:51:16] [spechunter] [Grep] pattern='pointer_mask|pmlen|sup_domain|SSDM|Smmpm|Smrnmi|smmtt|Smmtt'
[18:51:20] [spechunter] [Read] /home/yzs/riscv/linux/arch/riscv/include/asm/csr.h
[18:51:20] [spechunter] [Grep] pattern='0xCC|0xCD|0xCE|0xCF|0xD0|0xD1'
[18:51:20] [spechunter] [Grep] pattern='SSQOSID|sqosid'
[18:51:39] [spechunter] [Grep] pattern='mseccfg|MSECCFG|msdcfg|MSDCFG|srmcfg|SRMCFG|mcontext|scontext|MCONTEXT|SCONTEXT|misdcfg|MISDCFG'
[18:51:39] [spechunter] [Grep] pattern='S*CSRIND|Smcsrind|Ssccfg|Smcdeleg|Smsdid|misdt|MISDT'
[18:51:39] [spechunter] [Grep] pattern='RISCV_ISA_EXT_SMS|RISCV_ISA_EXT_SRM|RISCV_ISA_EXT_SRN|RISCV_ISA_EXT_SSM|RISCV_ISA_EXT_SSR|RISCV_ISA_EXT_sm|RISCV_ISA_EXT_ss|RISCV_ISA_EXT_SV'
[18:51:39] [spechunter] [Grep] pattern='RISCV_ISA_EXT'
[18:51:39] [spechunter] [Read] /home/yzs/riscv/linux/arch/riscv/include/asm/csr.h
[18:51:39] [spechunter] [Read] /home/yzs/riscv/linux/arch/riscv/include/asm/csr.h
[18:51:39] [spechunter] [Grep] pattern='sqos|qos_id|qosid|rcid|mcid|scidml|rcidml'
[18:51:39] [spechunter] [Glob] **/qos*
[18:51:39] [spechunter] [Grep] pattern='shpm|ssqosid|ssqos'
[18:51:41] [spechunter] [text] The search is conclusive — `msdcfg`, `srmcfg`, `SSRM`, `SSMM`, `RCIDLEN`, `MCIDLEN`, and related Smdid/smdomain identifi...
[18:51:43] [spechunter] [Grep] pattern='supervisor.domain|mem.domain|smmtr|Smmtr|smsdid|Smsdid|SDID|sdsidn'
[18:51:43] [spechunter] [Grep] pattern='supervisor.domain|mem.domain|Smsdid|smsdid|SDID|sdsidn'
[18:51:43] [spechunter] [Grep] pattern='rime|RIME|RMIS|rmis'
[18:51:43] [spechunter] [Bash] Search for msdcfg in the entire QEMU repository
[18:51:50] [spechunter] [TodoWrite] 8 items
[18:52:08] [spechunter] [Grep] pattern='msdcfg|srmcfg|MSDCFG|SRMCFG'
[18:52:08] [spechunter] [Grep] pattern='RCIDLEN|MCIDLEN|rcidlen|mcidlen|SRL[^A-Z]|SML[^A-Z]'
[18:52:08] [spechunter] [Bash] Check if smsded extension exists (supervisor domain)
[18:52:08] [spechunter] [Grep] pattern='0x750|0x751|0x752|0x753|0x754|0x755|0x756|CSR_.*DCFG|CSR_.*RMCFG'
[18:52:15] [spechunter] [Grep] pattern='SSQOSID|ssqosid'
[18:52:15] [spechunter] [Grep] pattern='SSCSRIND|sscsrind|SISELECT'
[18:52:15] [spechunter] [Grep] pattern='SSCSRIND|sscsrind'
[18:52:15] [spechunter] [Grep] pattern='SSCCFG|ssccfg'
[18:52:15] [spechunter] [Bash] Check git tags/branches for recent riscv QOS commits
[18:52:15] [spechunter] [Grep] pattern='msdcfg|srmcfg|ssqosid|ssccfg|shpm'
[18:52:34] [spechunter] [Grep] pattern='CSR_'
[18:52:34] [spechunter] [Grep] pattern='domain|DOMAIN|isolation|ISOLATION'
[18:52:34] [spechunter] [Bash] List all branches
[18:52:34] [spechunter] [Grep] pattern='Smsded|smsded|smdomain|sm_domain|MSM|msm|rcid'
[18:52:42] [spechunter] [Read] /home/yzs/riscv/linux/arch/riscv/kvm/vcpu_exit.c
[18:52:42] [spechunter] [Read] /home/yzs/riscv/linux/arch/riscv/kvm/nacl.c
[18:52:42] [spechunter] [Grep] pattern='field.?length|flen|FLEN|XLEN|STATUS.*XL|bit.?width|field.?size'
[18:52:42] [spechunter] [Grep] pattern='XLEN|xlen|32bit|64bit|__riscv_xlen|rv32|rv64|__riscv_xlen'
[18:53:12] [spechunter] [Bash] Search for msdcfg across all local and remote branches
[18:53:12] [spechunter] [Bash] Check the specific CSR branches for mseccfg related fix and smsded content
[18:53:12] [spechunter] [Bash] Check fix-vmstate-mseccfg branch for changes
[18:53:20] [spechunter] [Read] /home/yzs/riscv/linux/arch/riscv/include/asm/kvm_nacl.h
[18:53:20] [spechunter] [Read] /home/yzs/riscv/linux/arch/riscv/include/asm/csr.h
[18:53:20] [spechunter] [Grep] pattern='S?mcsrind|Smcsrind|Smcsrid|Srmcfg|SSCCFG|mcsrind'
[18:53:50] [spechunter] [Bash] Check all CSRs in the 0x74x-0x75x range
[18:53:50] [spechunter] [Bash] Search for SSRM, SSMM, SRL, SML bit fields in any form
[18:53:50] [spechunter] [Bash] Search for SMSDED/SMMTT in all git history
[18:54:05] [spechunter] [Grep] pattern='MSECCFG|mseccfg'
[18:54:05] [spechunter] [Grep] pattern='CONTEXTID|contextid|context_id'
[18:54:05] [spechunter] [Grep] pattern='csr_write.*sr.*cfg|write.*sr.*cfg|cfg.*write|cfg.*legal'
[18:54:27] [spechunter] [text] Let me look deeper at the pattern analogies — especially MSECCFG (closest analog to msdcfg as a machine-mode config CSR)...
[18:54:27] [spechunter] [Read] /home/yzs/riscv/linux/arch/riscv/include/asm/csr.h
[18:54:29] [spechunter] [Grep] pattern='CSR_S|CSR_M|CSR_V'
[18:54:29] [spechunter] [Bash] Check all CSRs in the 0x740-0x75F range
[18:54:29] [spechunter] [Bash] Search for CSRs in 0x750-0x75F range
[18:55:04] [spechunter] [TodoWrite] 6 items
[18:55:54] [spechunter] [text] Now let me trace the semantic analog: the MSECCFG↔ENVCFG PMM constraint pattern that mirrors msdcfg↔srmcfg SRL/SML const...
[18:55:54] [spechunter] [TaskOutput] task_id, block
[18:55:54] [spechunter] [Grep] pattern='MSECCFG|mseccfg'
[18:55:54] [spechunter] [Grep] pattern='ENVCFG_PMM|PMLEN|pmlen|pointer.mask'
[18:55:54] [spechunter] [Grep] pattern='_REG_FIELD|_REG_FIELD_GENERIC|REG_FIELD'
[18:56:08] [spechunter] [text] Let me do a quick independent verification to confirm the agent's findings.  
[18:56:08] [spechunter] [Grep] pattern='msdcfg|MSDCFG'
[18:56:08] [spechunter] [Grep] pattern='srmcfg|SRMCFG'
[18:56:08] [spechunter] [Grep] pattern='RCIDLEN|MCIDLEN|rcidlen|mcidlen'
[18:56:08] [spechunter] [Grep] pattern='SSRM|SSMM|Smsded|smsded'
[18:56:27] [spechunter] [text] Confirmed. The four grep searches across the entire repo returned zero matches for `msdcfg`, `srmcfg`, `RCIDLEN`/`MCIDLE...
[18:56:39] [spechunter] [text] Now let me trace the deep semantic analog — machine-mode CSR constraints on supervisor-mode CSR writes, and where valida...
[18:56:39] [spechunter] [Grep] pattern='MENVCFG|menvcfg|CSR_MENVCFG'
[18:56:39] [spechunter] [Grep] pattern='envcfg_update_bits|ENVCFG_PMM'
[18:56:39] [spechunter] [Grep] pattern='csr_write.*ENVCFG|csr_set.*ENVCFG|csr_clear.*ENVCFG'
[18:56:56] [spechunter] [Read] /home/yzs/riscv/linux/arch/riscv/include/asm/switch_to.h
[18:56:56] [spechunter] [Read] /home/yzs/riscv/linux/arch/riscv/kernel/usercfi.c
[18:56:56] [spechunter] [Read] /home/yzs/riscv/linux/arch/riscv/kernel/suspend.c
[18:57:03] [spechunter] [Agent] description, prompt
[18:57:27] [spechunter] [Grep] pattern='\\bsrl\\b'
[18:57:27] [spechunter] [Grep] pattern='\\bsml\\b'
[18:57:27] [spechunter] [Grep] pattern='ssrm|SSRM'
[18:57:27] [spechunter] [Grep] pattern='ssmm|SSMM'
[18:57:27] [spechunter] [Grep] pattern='mstateen|sstateen|hstateen'
[18:57:27] [spechunter] [Grep] pattern='stateen|state_en'
[18:57:37] [spechunter] [text] Now let me look at the KVM CSR handling and extension detection paths — the critical semantic analogs.  
[18:57:37] [spechunter] [Read] /home/yzs/riscv/linux/arch/riscv/kvm/vcpu.c
[18:57:37] [spechunter] [Read] /home/yzs/riscv/linux/arch/riscv/kernel/cpufeature.c
[18:57:37] [spechunter] [Grep] pattern='RISCV_ISA_EXT_SsQoSID|SSQOSID|SsQoSID|RISCV_ISA_EXT_SS.*QOS'
[18:57:54] [spechunter] [Read] /home/yzs/riscv/qemu/target/riscv/cpu_bits.h
[18:57:54] [spechunter] [Read] /home/yzs/riscv/qemu/target/riscv/csr.c
[18:57:54] [spechunter] [Read] /home/yzs/riscv/qemu/target/riscv/csr.c
[18:57:54] [spechunter] [Grep] pattern='siselect|sireg'
[18:57:54] [spechunter] [Grep] pattern='SMSTATEEN0_|SMSTATEEN_STATEEN|SMSTATEEN_MAX'
[18:57:54] [spechunter] [Read] /home/yzs/riscv/qemu/target/riscv/csr.c
[18:58:18] [spechunter] [Grep] pattern='RISCV_ISA_EXT_SSTC|RISCV_ISA_EXT_SSCOFPMF|RISCV_ISA_EXT_SMNPM|RISCV_ISA_EXT_SUPM'
[18:58:18] [spechunter] [Grep] pattern='ssqosid|SSQOSID|SsQoSID'
[18:58:18] [spechunter] [Grep] pattern='\\bsrl\\b'
[18:58:18] [spechunter] [Grep] pattern='\\bsml\\b'
[18:58:18] [spechunter] [Grep] pattern='srl|SRL'
[18:58:18] [spechunter] [Grep] pattern='\\bsml\\b|SML'
[18:58:18] [spechunter] [Grep] pattern='state.enable|stateenable|state_enable'
[18:58:18] [spechunter] [Read] /home/yzs/riscv/qemu/target/riscv/csr.c
[18:58:37] [spechunter] [Read] /home/yzs/riscv/linux/arch/riscv/include/asm/hwcap.h
[18:58:37] [spechunter] [Grep] pattern='smstateen|SMSTATEEN|hstateen|HSTATEEN'
[18:58:39] [spechunter] [Grep] pattern='srstateen|smlstateen'
[18:58:39] [spechunter] [Grep] pattern='SSRM|ssrm'
[18:58:39] [spechunter] [Grep] pattern='SSMM|ssmm'
[18:58:39] [spechunter] [Grep] pattern='ext_ssstateen|ext_smstateen'
[18:58:39] [spechunter] [Read] /home/yzs/riscv/qemu/target/riscv/csr.c
[18:58:39] [spechunter] [Read] /home/yzs/riscv/qemu/target/riscv/csr.c
[18:58:57] [spechunter] [Read] /home/yzs/riscv/qemu/target/riscv/csr.c
[18:58:57] [spechunter] [Read] /home/yzs/riscv/qemu/target/riscv/cpu.h
[18:58:57] [spechunter] [Read] /home/yzs/riscv/qemu/target/riscv/machine.c
[18:58:57] [spechunter] [Grep] pattern='CSR_SSTATEEN|CSR_MSTATEEN|CSR_HSTATEEN'
[18:58:57] [spechunter] [Grep] pattern='srl|sml'
[18:59:01] [spechunter] [Grep] pattern='SMSTATEEN|smstateen|SSTATEEN0|MENVCFG.*ADUE|ADUE|hstateen'
[18:59:01] [spechunter] [Read] /home/yzs/riscv/linux/arch/riscv/kvm/vcpu.c
[18:59:27] [spechunter] [Grep] pattern='SMSTATEEN.*(?:SRM|SMM|SRL|SML)'
[18:59:27] [spechunter] [Grep] pattern='state.?enable|stateen'
[18:59:27] [spechunter] [Grep] pattern='(?:SRL|SML|SRM|SMM)\\b.*state|state.*\\b(?:SRL|SML|SRM|SMM)'
[18:59:27] [spechunter] [Grep] pattern='ext_ssrm|ext_ssmm|ext_sml|ext_srl'
[18:59:27] [spechunter] [Read] /home/yzs/riscv/qemu/target/riscv/cpu_bits.h
[19:00:00] [spechunter] [text] Now let me check the SBI FWFT PMLEN path in detail — the closest semantic analog to msdcfg→srmcfg
[19:00:00] [spechunter] [Read] /home/yzs/riscv/linux/arch/riscv/kvm/vcpu_sbi_fwft.c
[19:00:00] [spechunter] [Read] /home/yzs/riscv/linux/arch/riscv/kernel/process.c
[19:00:20] [spechunter] [text] Now let me trace additional semantic analog paths.  
[19:00:20] [spechunter] [Read] /home/yzs/riscv/linux/arch/riscv/kvm/vcpu_onereg.c
[19:00:20] [spechunter] [Grep] pattern='kvm_riscv_vcpu_setup_config|kvm_arch_vcpu_create|kvm_arch_vcpu_setup'
[19:00:43] [spechunter] [Read] /home/yzs/riscv/linux/arch/riscv/kvm/vcpu.c
[19:00:43] [spechunter] [Grep] pattern='arch_has_hw_pte_young'
[19:01:27] [spechunter] [text] Let me examine the relevant code sections to produce precise locations
[19:01:27] [spechunter] [Read] /home/yzs/riscv/qemu/target/riscv/csr.c
[19:01:27] [spechunter] [Read] /home/yzs/riscv/qemu/target/riscv/csr.c
[19:01:27] [spechunter] [Read] /home/yzs/riscv/qemu/target/riscv/csr.c
[19:01:27] [spechunter] [Read] /home/yzs/riscv/qemu/target/riscv/csr.c
[19:01:27] [spechunter] [Read] /home/yzs/riscv/qemu/target/riscv/cpu_bits.h
[19:01:40] [spechunter] [Grep] pattern='kvm_arch_vcpu_create|kvm_riscv_vcpu_setup_config'
[19:01:40] [spechunter] [Read] /home/yzs/riscv/linux/arch/riscv/kernel/process.c
[19:01:40] [spechunter] [Grep] pattern='menvcfg|MENVCFG|mseccfg.*pmm|mseccfg.*PMM'
[19:02:15] [spechunter] [TodoWrite] 6 items
[19:02:39] [spechunter] [text] Now let me also check if there are any existing references to related extension names that might clarify what "SRL/SML/S...
[19:02:39] [spechunter] [Grep] pattern='ssrm|ssmm|ext_srm|ext_smm|STATEEN0_SR|STATEEN0_SM'
[19:02:39] [spechunter] [Grep] pattern='smstateen|stateen|STATEEN'
[19:02:57] [spechunter] [text] Now let me compile the comprehensive findings into the JSON output
[19:02:57] [spechunter] [Bash] Get current commit hash
[19:03:05] [spechunter] [text] Now let me check the current commit to understand exactly what was already changed  
[19:03:05] [spechunter] [Bash] Check recent commits
[19:03:05] [spechunter] [Bash] Check diff stats on current branch
[19:03:25] [spechunter] [Grep] pattern='csr_set.*ENVCFG|csr_clear.*ENVCFG|csr_write.*ENVCFG|csr_read.*ENVCFG'
[19:03:25] [spechunter] [text] Now let me check the exact RISC-V spec context to understand bit positions. Let me look at what "SRM" and "SMM" refer to...
[19:03:25] [spechunter] [Grep] pattern='SSRM|SSMM|SRL|SML|smcdeleg|srmcfg|smmpm|smmtt'
[19:03:25] [spechunter] [Grep] pattern='smmpm|smnpm|ssnpm|smcdeleg|srmcfg'
[19:03:42] [spechunter] [Grep] pattern='csr_write\\(CSR_ENVCFG'
[19:03:42] [spechunter] [Grep] pattern='csr_write\\(CSR_HENVCFG'
[19:04:13] [spechunter] [Agent] description, prompt
[19:04:57] [spechunter] [text] Based on thorough codebase search, here is the cross-validation result:  - **SRL, SML, SSRM, SSMM** — zero representatio...
[19:04:59] [spechunter] [Grep] pattern='#define\\s+ENVCFG_SRL\\b'
[19:04:59] [spechunter] [Grep] pattern='#define\\s+ENVCFG_SML\\b'
[19:04:59] [spechunter] [Grep] pattern='#define\\s+ENVCFG_SSRM\\b'
[19:04:59] [spechunter] [Grep] pattern='#define\\s+ENVCFG_SSMM\\b'
[19:04:59] [spechunter] [Grep] pattern='#define\\s+ENVCFG_CBCFE\\b'
[19:04:59] [spechunter] [Grep] pattern='#define\\s+ENVCFG_CBIE\\b'
[19:04:59] [spechunter] [Grep] pattern='#define\\s+ENVCFG_CBCBE\\b'
[19:04:59] [spechunter] [Grep] pattern='ENVCFG_SRL|ENVCFG_SML|ENVCFG_SSRM|ENVCFG_SSMM'
[19:04:59] [spechunter] [Grep] pattern='ENVCFG_CBCFE|ENVCFG_CBIE|ENVCFG_CBCBE'
[19:05:07] [spechunter] [text] Let me find and read the relevant msdcfg CSR handling code in QEMU
[19:05:07] [spechunter] [Grep] pattern='msdcfg'
[19:05:07] [spechunter] [Grep] pattern='srmcfg'
[19:05:07] [spechunter] [Glob] /home/yzs/riscv/rv-isa-sec/spec_ref/**/*.adoc
[19:05:26] [spechunter] [text] No files found for "msdcfg" or "srmcfg" in the QEMU codebase. Let me verify more thoroughly and check the spec documents
[19:05:26] [spechunter] [Grep] pattern='msdcfg|srmcfg|MSDCFG|SRMCFG|smrm'
[19:05:26] [spechunter] [Grep] pattern='msdcfg|srmcfg|SMRM'
[19:05:26] [spechunter] [Grep] pattern='SSRM|SSMM|RCIDLEN|MCIDLEN'
[19:05:26] [spechunter] [Grep] pattern='SMSRL|SMSML|SMSSRM|SMSSMM|Smstateen_SRL|Smstateen_SML|Smstateen_SSRM|Smstateen_SSMM'
[19:05:26] [spechunter] [Grep] pattern='\\bSRL\\b|\\bSML\\b|\\bSSRM\\b|\\bSSMM\\b'
[19:05:26] [spechunter] [Grep] pattern='supervisor.*restrict|smstateen.*extension|RISCV_ISA_EXT_SM'
[19:05:26] [spechunter] [Grep] pattern='RISCV_ISA_EXT_SM'
[19:05:26] [spechunter] [Grep] pattern='SSTATEEN.*SR|Smstateen.*SR|_SRL|_SML|_SSRM|_SSMM'
[19:05:26] [spechunter] [Grep] pattern='ENVCFG'
[19:05:42] [spechunter] [Grep] pattern='ENVCFG_CBCBE|CBCBE'
[19:05:42] [spechunter] [Grep] pattern='SRL|SML|SSRM|SSMM'
[19:05:42] [spechunter] [Grep] pattern='Smcsrind|Sscsrind|smcsrind|sscsrind'
[19:05:42] [spechunter] [Grep] pattern='\\bSRL\\b|\\bSML\\b|\\bSSRM\\b|\\bSSMM\\b'
[19:05:42] [spechunter] [Grep] pattern='SRL|SML|SSRM|SSMM'
[19:05:56] [spechunter] [text] Let me check the spec for SMQM/SMRM and SSQOSID contexts, and also search QEMU for related QoS ID handling.  
[19:05:56] [spechunter] [Grep] pattern='msdcfg|srmcfg|SRL|SML|RCID|MCID|SSRM|SSMM'
[19:05:56] [spechunter] [Grep] pattern='RCID|MCID|rcid|mcid|quality.of.service|qosid'
[19:05:56] [spechunter] [Grep] pattern='msdcfg|srmcfg'
[19:05:58] [spechunter] [Grep] pattern='ENVCFG'
[19:05:58] [spechunter] [Grep] pattern='envcfg'
[19:05:58] [spechunter] [Read] /home/yzs/riscv/linux/arch/riscv/include/asm/csr.h
[19:06:05] [spechunter] [text] Let me look deeper at the spec and also confirm QEMU doesn't have any QoS ID implementation
[19:06:05] [spechunter] [Grep] pattern='msdcfg|MSDCFG|SSRM|SSMM|SRL|SML|RCIDLEN|MCIDLEN|RCIDL|MCIDL'
[19:06:05] [spechunter] [Grep] pattern='msdcfg|srmcfg|srm'
[19:06:05] [spechunter] [Grep] pattern='msdcfg|srmcfg|SSRM|SSMM|RCIDLEN|MCIDLEN|qosid|Ssqosid'
[19:06:07] [spechunter] [Grep] pattern='ENVCFG_CBIE|ENVCFG_CBCFE|ENVCFG_CBZE'
[19:06:07] [spechunter] [Grep] pattern='menvcfg.*SRL|menvcfg.*SML|menvcfg.*CBCFE|menvcfg.*CBIE'
[19:06:07] [spechunter] [Grep] pattern='CBIE'
[19:06:21] [spechunter] [text] Let me check the spec broader and also verify the pc-bios file is a false match.  
[19:06:21] [spechunter] [Grep] pattern='msdcfg|srmcfg|SSRM|SSMM|RCIDLEN|MCIDLEN'
[19:06:21] [spechunter] [Grep] pattern='msdcfg|MSDCFG|SSRM|SSMM|RCIDLEN|MCIDLEN'
[19:07:30] [spechunter] [Grep] pattern='MSDCFG|msdcfg|Software.Domain.Config'
[19:07:30] [spechunter] [Grep] pattern='RCIDLEN|MCIDLEN|SSRM|SSMM|SRL|SML'
[19:07:30] [spechunter] [Glob] /home/yzs/riscv/rv-isa-sec/spec_ref/*/
[19:07:31] [spechunter] [text] ## 审查结果：SRL/SML/SSRM/SSMM 约束 - 空定位集  ### 发现内容  两个输入位置集均为空，穷举代码搜索确认了原因：  **SRL、SML、SSRM 和 SSMM — 全部缺失。** 这些是 Smcsrind/Ssc...
[19:07:46] [spechunter] [text] I'll systematically search the Linux kernel source for code related to the msdcfg CSR and the SSRM/SSMM constraints desc...
[19:07:46] [spechunter] [Agent] description, prompt
[19:08:22] [spechunter] [Bash] List spec reference directories
[19:08:38] [spechunter] [Grep] pattern='msdcfg'
[19:08:38] [spechunter] [Grep] pattern='SSRM|SSMM'
[19:08:38] [spechunter] [Grep] pattern='SRL|SML|RCIDLEN|MCIDLEN'
[19:08:38] [spechunter] [Grep] pattern='srmcfg'
[19:08:38] [spechunter] [Grep] pattern='smdcfg'
[19:08:45] [spechunter] [Grep] pattern='SSRM|SSMM|MSDCFG'
[19:08:45] [spechunter] [Grep] pattern='supervisor.domain|SRMD|Smrnm|SMRM'
[19:08:52] [spechunter] [text] Let me search more broadly for the msdcfg and related concepts
[19:08:52] [spechunter] [Grep] pattern='msdcfg|MSDCFG|sdcfg|SDCFG|supervisor.domain.config'
[19:08:52] [spechunter] [Grep] pattern='SSRM|srm|SSMM|sml'
[19:09:15] [spechunter] [Grep] pattern='msdcfg|MSDCFG'
[19:09:15] [spechunter] [Grep] pattern='SSRM|SSMM|ssrm|ssmm'
[19:09:15] [spechunter] [Grep] pattern='RCIDLEN|MCIDLEN|rcidlen|mcidlen'
[19:09:15] [spechunter] [Grep] pattern='srmcfg|SRMCFG'
[19:09:15] [spechunter] [Grep] pattern='smdcfg|SMDCFG'
[19:09:25] [spechunter] [text] Let me also verify that the closest existing code (`srmcfg`/Ssqosid in QEMU) doesn't contain any partial implementation ...
[19:09:25] [spechunter] [Read] /home/yzs/riscv/rv-isa-sec/spec_ref/riscv-isa-manual/src/priv/ssqosid.adoc
[19:09:25] [spechunter] [Grep] pattern='CSR_SRMCFG|srmcfg|ssqosid|Ssqosid|qosid'
[19:09:33] [spechunter] [text] Now let me also verify there's no related supervisor domain (Smsdid/SMRM) code in QEMU
[19:09:33] [spechunter] [Grep] pattern='smrm|smsdid|supervisor.domain|SRMD|mdtcfg|MDTCFG'
[19:09:46] [spechunter] [text] The analysis is complete. Neither `msdcfg`, `SSRM`, `SSMM`, `SRL`, `SML`, `RCIDLEN`, `MCIDLEN`, nor the supervisor domai...
[19:09:46] [spechunter] [Grep] pattern='msdcfg|MSDCFG|SSRM|SSMM|SRL.*RCIDLEN|SML.*MCIDLEN'
[19:09:55] [spechunter] [text] The QEMU `target/riscv/` directory has zero implementation of `msdcfg`, SSRM, SSMM, SRL, SML, RCIDLEN, MCIDLEN, supervis...
[19:09:59] [spechunter] [Grep] pattern='SSRM|SSMM'
[19:09:59] [spechunter] [Grep] pattern='SSRM|SSMM'
[19:09:59] [spechunter] [Grep] pattern='MSCONT|mscont|MSCONTEXT|mscontext|mmreg'
[19:09:59] [spechunter] [Grep] pattern='msdcfg|msdcfg|msdcfg5'
[19:10:34] [spechunter] [Grep] pattern='ssp|ssp_csr|shadow.stack|shadow_stack|CSR_SSP|RISCV_ISA_SS'
[19:10:34] [spechunter] [Grep] pattern='memory.isolation|msi_|MSI.*csr'
[19:10:34] [spechunter] [Grep] pattern='msdcfg|srmcfg|smdcfg|SSRM|SSMM|RCIDLEN|MCIDLEN'
[19:10:34] [spechunter] [Grep] pattern='msdcfg|srmcfg|smdcfg|SSRM|SSMM|RCIDLEN|MCIDLEN'
[19:10:34] [spechunter] [Grep] pattern='msdcfg|srmcfg|smdcfg|SSRM|SSMM|RCIDLEN|MCIDLEN'
[19:10:59] [spechunter] [Grep] pattern='0x7A0|0x7a0'
[19:10:59] [spechunter] [Grep] pattern='0x757|0x321|0x331|CSR_MEM|CSR_MSE'
[19:10:59] [spechunter] [Grep] pattern='mdisable|mseccfg|MENVCFG|SENVCFG|HENVCFG'
[19:11:20] [spechunter] [Grep] pattern='msdcfg|srmcfg|smdcfg|ssrm|ssmm|rcidlen|mcidlen'
[19:11:20] [spechunter] [Grep] pattern='0x321|0x331|0x361|0x371|0xB0a|0xB1a'
[19:11:28] [spechunter] [Read] /home/yzs/riscv/linux/Documentation/arch/x86/resume.svg
[19:11:28] [spechunter] [Read] /home/yzs/riscv/linux/Documentation/arch/x86/suspend.svg
[19:11:50] [spechunter] [Grep] pattern='ssrm|ssmm'
[19:11:50] [spechunter] [Grep] pattern='ssrm|ssmm'
[19:12:11] [spechunter] [Grep] pattern='SSRm|SSmM|ssrm|ssmm'
[19:12:11] [spechunter] [Grep] pattern='msdcfg|MSDCFG'
[19:12:51] [spechunter] [text] Let me verify these results directly and check the spec documents.  
[19:12:51] [spechunter] [Grep] pattern='msdcfg|MSDCFG|srmcfg|SRMCFG|smdcfg|SMDCFG'
[19:12:51] [spechunter] [Grep] pattern='SSRM|SSMM|RCIDLEN|MCIDLEN'
[19:12:51] [spechunter] [Glob] **/spec_ref/**
[19:13:10] [spechunter] [text] The search confirms these CSRs don't exist in the kernel. Let me check the spec documents for the msdcfg specification a...
[19:13:10] [spechunter] [Grep] pattern='msdcfg|MSDCFG|srmcfg|SRMCFG|SSRM|SSMM|RCIDLEN|MCIDLEN'
[19:13:40] [spechunter] [Grep] pattern='msdcfg|MSDCFG|SSRM|SSMM|SRL|SML|RCIDLEN|MCIDLEN|srmcfg|SRMCFG|smdcfg|SMDCFG'
[19:13:40] [spechunter] [Grep] pattern='msdcfg|MSDCFG|SSRM|SSMM|SRL|SML|RCIDLEN|MCIDLEN|srmcfg|SRMCFG|smdcfg|SMDCFG'
[19:13:40] [spechunter] [Grep] pattern='msdcfg|MSDCFG|SSRM|SSMM|SRL|SML|RCIDLEN|MCIDLEN|srmcfg|SRMCFG|smdcfg|SMDCFG'
[19:13:55] [spechunter] [text] Let me search the spec for the msdcfg register and the SSRM/SSMM constraint rules.  
[19:13:55] [spechunter] [Grep] pattern='msdcfg|MSDCFG|SSRM|SSMM|SRL|SML|RCIDLEN|MCIDLEN'
[19:13:55] [spechunter] [Grep] pattern='msdcfg|MSDCFG|SSRM|SSMM|SRL|SML|RCIDLEN|MCIDLEN'
[19:14:34] [spechunter] [text] The matches in unpriv are all false positives (e.g., SRLI instruction). Let me search the spec more precisely for msdcfg...
[19:14:34] [spechunter] [Grep] pattern='msdcfg'
[19:14:34] [spechunter] [Grep] pattern='SSRM|SSMM|SRL|SML|RCIDLEN|MCIDLEN|msdcfg'
[19:14:34] [spechunter] [Grep] pattern='SSRM|SSMM|SRL|SML|RCIDLEN|MCIDLEN|msdcfg'
[19:15:01] [spechunter] [text] The analysis is complete. The `msdcfg` CSR and its associated fields (SSRM, SSMM, SRL, SML, RCIDLEN, MCIDLEN) do not exi...
[19:15:01] [spechunter] [Bash] Output final JSON analysis
[19:15:14] [spechunter] [text] ## Analysis Result: `not_implemented`  **Summary:** The `msdcfg` CSR, along with its associated bitfields (`SSRM`, `SSMM...
