[12:00:14] [spechunter] PR loaded: #2974 riscv/riscv-isa-manual — "Clarify `mip` and `mie` register implementation and WARL field requirements"
[12:00:14] [spechunter]   diff: 1504 chars  body: 168 chars  reviews: 0
[12:00:14] [spechunter] Global pre-filter running...
[12:00:42] [spechunter] [text] {"should_skip": false}
[12:00:43] [spechunter] pre-filter: should_skip=False reason=""
[12:01:00] [spechunter] [text] {"should_skip": false}
[12:01:09] [spechunter] [text] {"should_skip": false}
[12:01:24] [spechunter] [text] {"should_skip": true, "skip_reason": "M-mode mip/mie register implementation requirement clarification for hardware desi...
[12:01:33] [spechunter] [text] ```json {"should_skip": true, "skip_reason": "Clarifies M-mode mip/mie WARL behavior; Linux runs in S-mode and uses sip/...
[12:01:34] [spechunter] [text] {"should_skip": false}
[12:01:34] [spechunter] [text] {    "violation_condition": "QEMU does not always implement the mip or mie CSR (e.g., traps on access when a dependent e...
[12:01:48] [spechunter] [Grep] pattern='riscv_csr_ops.*\\bmi[pe]\\b'
[12:01:48] [spechunter] [Grep] pattern='write_mie|read_mie|write_mip|read_mip'
[12:01:48] [spechunter] [Grep] pattern='\\bmi[pe]\\b'
[12:01:50] [spechunter] [text] ```json {   "violation_condition": "In XiangShan RTL, the CSR module implements mie as a fixed-width register where cert...
[12:01:56] [spechunter] [text] API Error: 400 {"detail":"Rate limit exceeded. Please wait and try again, or upgrade your API plan."}
[12:02:06] [spechunter] [Grep] pattern='rmw_mie|rmw_mip'
[12:02:06] [spechunter] [Grep] pattern='\\bCSR_MIE\\b|\\bCSR_MIP\\b'
[12:02:06] [spechunter] [Grep] pattern='\\bCSR_MIE\\b|\\bCSR_MIP\\b|\\bCSR_SIE\\b|\\bCSR_SIP\\b'
[12:02:06] [spechunter] [Grep] pattern='mie|mip'
[12:02:20] [spechunter] [text] API Error: 400 {"detail":"Rate limit exceeded. Please wait and try again, or upgrade your API plan."}
[12:02:36] [spechunter] [TodoWrite] 5 items
[12:02:40] [spechunter] [Grep] pattern='csr[cwrs].*\\b(mip|mie)\\b'
[12:02:40] [spechunter] [Grep] pattern='mip|mie'
[12:02:49] [spechunter] [text] API Error: 400 {"detail":"Rate limit exceeded. Please wait and try again, or upgrade your API plan."}
[12:02:57] [spechunter] [Read] /home/yzs/riscv/opensbi/lib/sbi/sbi_hsm.c
[12:02:57] [spechunter] [Read] /home/yzs/riscv/opensbi/lib/sbi/sbi_hart.c
[12:02:57] [spechunter] [Read] /home/yzs/riscv/opensbi/lib/utils/hsm/fdt_hsm_sifive_tmc0.c
[12:03:01] [spechunter] [Agent] description, subagent_type
[12:03:11] [spechunter] [Agent] description, prompt
[12:03:27] [spechunter] [Grep] pattern='CSR_MIE|CSR_MIP'
[12:03:27] [spechunter] [Grep] pattern='0x304|0x344'
[12:03:27] [spechunter] [Grep] pattern='\\bmie\\b|\\bmip\\b'
[12:03:27] [spechunter] [Glob] **/xiangshan/**/*CSR*.scala
[12:03:48] [spechunter] [Read] /home/yzs/riscv/opensbi/lib/sbi/sbi_hsm.c
[12:03:57] [spechunter] [Grep] pattern='CSR_MIP|CSR_MIE'
[12:03:57] [spechunter] [Grep] pattern='\\bmip\\b|\\bmie\\b'
[12:03:57] [spechunter] [Grep] pattern='\\bmip\\b|\\bmie\\b'
[12:03:57] [spechunter] [Grep] pattern='\\bmip\\b|\\bmie\\b'
[12:03:57] [spechunter] [Glob] target/riscv/*.h
[12:04:10] [spechunter] [Read] /home/yzs/riscv/XiangShan/src/main/scala/xiangshan/backend/decode/isa/CSRs.scala
[12:04:10] [spechunter] [Read] /home/yzs/riscv/XiangShan/src/main/scala/xiangshan/backend/fu/NewCSR/InterruptBundle.scala
[12:04:10] [spechunter] [Read] /home/yzs/riscv/XiangShan/src/main/scala/xiangshan/backend/fu/NewCSR/InterruptFilter.scala
[12:04:10] [spechunter] [Grep] pattern='\\bmie\\b|\\bmip\\b'
[12:04:10] [spechunter] [Grep] pattern='\\bmie\\b|\\bmip\\b'
[12:04:10] [spechunter] [Grep] pattern='\\bmie\\b|\\bmip\\b'
[12:04:10] [spechunter] [Grep] pattern='\\bmie\\b|\\bmip\\b'
[12:04:22] [spechunter] [Grep] pattern='rmw_mie|rmw_mip[^h]|rmw_mieh|rmw_miph'
[12:04:22] [spechunter] [Grep] pattern='MIP_|MIE_|mie_mask|mip_mask|wr_mask'
[12:04:22] [spechunter] [Grep] pattern='riscv_aia_ids|mip_Mask|~mip|mip\\s*&='
[12:04:22] [spechunter] [Grep] pattern='writable|read_only_zero|RO.*zero|read.only'
[12:04:36] [spechunter] [text] ```json {   "violation_condition": "OpenSBI unconditionally writes csr_write(CSR_MIP, 0) during sbi_hart_init() (lib/sbi...
[12:04:46] [spechunter] [Read] /home/yzs/riscv/XiangShan/src/main/scala/xiangshan/backend/fu/NewCSR/MachineLevel.scala
[12:04:46] [spechunter] [Read] /home/yzs/riscv/XiangShan/src/main/scala/xiangshan/backend/fu/NewCSR/MachineLevel.scala
[12:04:46] [spechunter] [Read] /home/yzs/riscv/XiangShan/src/main/scala/xiangshan/backend/fu/NewCSR/MachineLevel.scala
[12:04:46] [spechunter] [Read] /home/yzs/riscv/XiangShan/src/main/scala/xiangshan/backend/fu/NewCSR/MachineLevel.scala
[12:04:46] [spechunter] [Grep] pattern='MieBundle|MipBundle'
[12:04:46] [spechunter] [Grep] pattern='mie|Mie|mip|Mip'
[12:04:49] [spechunter] [text] API Error: 400 {"detail":"Rate limit exceeded. Please wait and try again, or upgrade your API plan."}
[12:05:05] [spechunter] [TodoWrite] 8 items
[12:05:10] [spechunter] [Grep] pattern='readOnly|hardwired|dontCare'
[12:05:10] [spechunter] [Grep] pattern='class CSRModule|class CSRBundle|def setRW|def setRO|def isRW|def isRO|class CSRRWField|class CSRROField'
[12:05:10] [spechunter] [Grep] pattern='mie|mip|MIE|MIP'
[12:05:10] [spechunter] [Grep] pattern='mie|mip|MIE|MIP'
[12:05:10] [spechunter] [Grep] pattern='MipToMvip|MvipToMip|SipToMip|VSipToMip|MipToHvip'
[12:05:15] [spechunter] [Read] /home/yzs/riscv/opensbi/lib/sbi/sbi_hart.c
[12:05:15] [spechunter] [Read] /home/yzs/riscv/opensbi/lib/sbi/sbi_hsm.c
[12:05:15] [spechunter] [Grep] pattern='csr_write.*CSR_MIP'
[12:05:29] [spechunter] [Read] /home/yzs/riscv/XiangShan/src/main/scala/xiangshan/backend/fu/NewCSR/MachineLevel.scala
[12:05:29] [spechunter] [Read] /home/yzs/riscv/XiangShan/src/main/scala/xiangshan/backend/fu/NewCSR/CSRModule.scala
[12:05:29] [spechunter] [Read] /home/yzs/riscv/XiangShan/src/main/scala/xiangshan/backend/fu/NewCSR/CSRBundles.scala
[12:05:29] [spechunter] [Read] /home/yzs/riscv/XiangShan/src/main/scala/xiangshan/backend/fu/NewCSR/CSRFields.scala
[12:05:29] [spechunter] [Grep] pattern='mie|mip|0x304|0x344'
[12:05:29] [spechunter] [Grep] pattern='mie|mip'
[12:05:30] [spechunter] [Read] /home/yzs/riscv/qemu/target/riscv/csr.c
[12:05:30] [spechunter] [Read] /home/yzs/riscv/qemu/target/riscv/csr.c
[12:05:30] [spechunter] [Read] /home/yzs/riscv/qemu/target/riscv/csr.c
[12:05:30] [spechunter] [Read] /home/yzs/riscv/qemu/target/riscv/cpu_bits.h
[12:05:30] [spechunter] [Read] /home/yzs/riscv/qemu/target/riscv/cpu_bits.h
[12:05:37] [spechunter] [Grep] pattern='saved_mip'
[12:05:37] [spechunter] [Grep] pattern='csr_write.*CSR_MIE'
[12:05:37] [spechunter] [Grep] pattern='csr_read.*CSR_MIP'
[12:05:37] [spechunter] [Grep] pattern='csr_set.*CSR_MIP'
[12:05:53] [spechunter] [Read] /home/yzs/riscv/XiangShan/src/main/scala/xiangshan/backend/fu/NewCSR/CSROoORead.scala
[12:05:53] [spechunter] [Read] /home/yzs/riscv/XiangShan/src/main/scala/xiangshan/backend/fu/NewCSR/SupervisorLevel.scala
[12:05:53] [spechunter] [Read] /home/yzs/riscv/XiangShan/src/main/scala/xiangshan/backend/fu/NewCSR/SupervisorLevel.scala
[12:05:53] [spechunter] [Read] /home/yzs/riscv/XiangShan/src/main/scala/xiangshan/backend/fu/NewCSR/VirtualSupervisorLevel.scala
[12:05:53] [spechunter] [Read] /home/yzs/riscv/XiangShan/src/main/scala/xiangshan/backend/fu/NewCSR/HypervisorLevel.scala
[12:05:53] [spechunter] [Grep] pattern='\\bmie\\b|\\bmip\\b'
[12:05:53] [spechunter] [Grep] pattern='mie|mip|0x304|0x344'
[12:06:00] [spechunter] [Grep] pattern='all_ints|delegable_ints|LOCAL_INTERRUPTS'
[12:06:00] [spechunter] [Grep] pattern='riscv_cpu_update_mip'
[12:06:00] [spechunter] [Grep] pattern='IRQ_U_SOFT|IRQ_S_SOFT|IRQ_M_SOFT|IRQ_VS_SOFT'
[12:06:00] [spechunter] [Grep] pattern='\\bmip\\b|\\bmie\\b'
[12:06:00] [spechunter] [Grep] pattern='LOCAL_INTERRUPTS'
[12:06:08] [spechunter] [TodoWrite] 8 items
[12:06:13] [spechunter] [Read] /home/yzs/riscv/XiangShan/src/main/scala/xiangshan/backend/fu/CSR.scala
[12:06:13] [spechunter] [Read] /home/yzs/riscv/XiangShan/src/main/scala/xiangshan/backend/fu/CSR.scala
[12:06:13] [spechunter] [Read] /home/yzs/riscv/XiangShan/src/main/scala/xiangshan/backend/fu/CSR.scala
[12:06:13] [spechunter] [Read] /home/yzs/riscv/XiangShan/src/main/scala/xiangshan/backend/fu/CSR.scala
[12:06:13] [spechunter] [Read] /home/yzs/riscv/XiangShan/src/main/scala/xiangshan/backend/fu/CSR.scala
[12:06:13] [spechunter] [Read] /home/yzs/riscv/XiangShan/src/main/scala/xiangshan/backend/fu/CSR.scala
[12:06:14] [spechunter] [Read] /home/yzs/riscv/qemu/target/riscv/cpu_bits.h
[12:06:14] [spechunter] [Read] /home/yzs/riscv/qemu/target/riscv/csr.c
[12:06:14] [spechunter] [Read] /home/yzs/riscv/qemu/target/riscv/cpu_helper.c
[12:06:14] [spechunter] [Read] /home/yzs/riscv/qemu/target/riscv/cpu.c
[12:06:14] [spechunter] [Read] /home/yzs/riscv/qemu/target/riscv/cpu.c
[12:06:36] [spechunter] [Read] /home/yzs/riscv/XiangShan/src/main/scala/xiangshan/backend/fu/NewCSR/NewCSR.scala
[12:06:36] [spechunter] [Read] /home/yzs/riscv/XiangShan/src/main/scala/xiangshan/backend/fu/NewCSR/NewCSR.scala
[12:06:36] [spechunter] [Read] /home/yzs/riscv/XiangShan/src/main/scala/xiangshan/backend/fu/NewCSR/NewCSR.scala
[12:06:36] [spechunter] [Read] /home/yzs/riscv/XiangShan/src/main/scala/xiangshan/backend/fu/NewCSR/NewCSR.scala
[12:06:36] [spechunter] [Read] /home/yzs/riscv/XiangShan/src/main/scala/xiangshan/backend/fu/NewCSR/NewCSR.scala
[12:06:36] [spechunter] [Read] /home/yzs/riscv/XiangShan/src/main/scala/xiangshan/backend/fu/NewCSR/NewCSR.scala
[12:06:36] [spechunter] [Read] /home/yzs/riscv/XiangShan/src/main/scala/xiangshan/backend/fu/NewCSR/NewCSR.scala
[12:06:37] [spechunter] [Read] /home/yzs/riscv/opensbi/lib/sbi/sbi_hsm.c
[12:06:37] [spechunter] [Read] /home/yzs/riscv/opensbi/lib/sbi/sbi_ipi.c
[12:06:37] [spechunter] [Read] /home/yzs/riscv/opensbi/lib/sbi/sbi_timer.c
[12:06:37] [spechunter] [Read] /home/yzs/riscv/opensbi/lib/sbi/sbi_hart.c
[12:06:37] [spechunter] [Read] /home/yzs/riscv/opensbi/lib/sbi/sbi_hsm.c
[12:06:57] [spechunter] [Grep] pattern='HasSoCParameter|HasAIABundle|HasLocalInterruptReqBundle'
[12:06:57] [spechunter] [Grep] pattern='0x304|0x344|mie|mip'
[12:06:57] [spechunter] [Grep] pattern='0x304|0x344|mie|mip'
[12:06:57] [spechunter] [Grep] pattern='sieMask|sipMask'
[12:07:09] [spechunter] [text] Let me trace the call graph and initialization chains more deeply.  
[12:07:09] [spechunter] [Read] /home/yzs/riscv/opensbi/lib/sbi/sbi_hart.c
[12:07:09] [spechunter] [Read] /home/yzs/riscv/opensbi/lib/sbi/sbi_hart.c
[12:07:09] [spechunter] [Grep] pattern='sbi_hart_init\\('
[12:07:09] [spechunter] [Grep] pattern='sbi_hart_switch_mode'
[12:07:16] [spechunter] [Read] /home/yzs/riscv/XiangShan/src/main/scala/xiangshan/backend/fu/NewCSR/MachineLevel.scala
[12:07:16] [spechunter] [Read] /home/yzs/riscv/XiangShan/src/main/scala/xiangshan/backend/fu/NewCSR/CSRAIA.scala
[12:07:16] [spechunter] [Read] /home/yzs/riscv/XiangShan/src/main/scala/xiangshan/backend/fu/CSR.scala
[12:07:16] [spechunter] [Grep] pattern='class Interrupt|MSIP|MTIP|MEIP|SSIP|STIP|SEIP'
[12:07:22] [spechunter] [Read] /home/yzs/riscv/opensbi/lib/sbi/sbi_init.c
[12:07:22] [spechunter] [Read] /home/yzs/riscv/opensbi/lib/sbi/sbi_init.c
[12:07:22] [spechunter] [Read] /home/yzs/riscv/opensbi/lib/sbi/sbi_hart.c
[12:07:33] [spechunter] [Read] /home/yzs/riscv/XiangShan/src/main/scala/xiangshan/backend/fu/CSR.scala
[12:07:38] [spechunter] [Grep] pattern='class Priv|mipWire\\.'
[12:07:39] [spechunter] [Grep] pattern='delegate_traps'
[12:07:39] [spechunter] [Grep] pattern='sbi_hart_reinit'
[12:07:39] [spechunter] [Grep] pattern='sbi_ipi_init'
[12:07:39] [spechunter] [Grep] pattern='sbi_hart_pmp_init'
[12:07:45] [spechunter] [Read] /home/yzs/riscv/XiangShan/src/main/scala/xiangshan/backend/fu/CSR.scala
[12:07:54] [spechunter] [Read] /home/yzs/riscv/opensbi/lib/sbi/sbi_hart.c
[12:07:54] [spechunter] [Read] /home/yzs/riscv/opensbi/lib/sbi/sbi_ipi.c
[12:07:54] [spechunter] [Read] /home/yzs/riscv/opensbi/lib/sbi/sbi_init.c
[12:08:12] [spechunter] [Read] /home/yzs/riscv/opensbi/lib/sbi/sbi_hart_pmp.c
[12:08:12] [spechunter] [Read] /home/yzs/riscv/opensbi/lib/sbi/sbi_hart.c
[12:08:32] [spechunter] [TodoWrite] 8 items
[12:08:39] [spechunter] [Read] /home/yzs/riscv/opensbi/lib/utils/hsm/fdt_hsm_andes_atcsmu.c
[12:08:39] [spechunter] [Read] /home/yzs/riscv/opensbi/lib/utils/hsm/fdt_hsm_sifive_tmc0.c
[12:08:39] [spechunter] [Grep] pattern='sbi_ipi_raw_clear'
[12:08:42] [spechunter] [Read] /home/yzs/riscv/qemu/target/riscv/csr.c
[12:08:42] [spechunter] [Read] /home/yzs/riscv/qemu/target/riscv/csr.c
[12:08:42] [spechunter] [Read] /home/yzs/riscv/qemu/target/riscv/csr.c
[12:08:42] [spechunter] [Read] /home/yzs/riscv/qemu/target/riscv/csr.c
[12:08:42] [spechunter] [Read] /home/yzs/riscv/qemu/target/riscv/cpu.h
[12:08:47] [spechunter] [Read] /home/yzs/riscv/opensbi/lib/sbi/sbi_ipi.c
[12:08:47] [spechunter] [Read] /home/yzs/riscv/opensbi/lib/sbi/sbi_timer.c
[12:08:52] [spechunter] [Read] /home/yzs/riscv/qemu/target/riscv/csr.c
[12:08:52] [spechunter] [Read] /home/yzs/riscv/qemu/target/riscv/csr.c
[12:08:52] [spechunter] [Read] /home/yzs/riscv/qemu/target/riscv/csr.c
[12:08:52] [spechunter] [Read] /home/yzs/riscv/qemu/target/riscv/csr.c
[12:08:52] [spechunter] [Read] /home/yzs/riscv/qemu/target/riscv/cpu_bits.h
[12:08:54] [spechunter] [text] Now let me look at the M-mode trap handlers and CSR write ordering patterns more broadly.  
[12:08:54] [spechunter] [Grep] pattern='mtrap_handler|trap_handler'
[12:08:54] [spechunter] [Grep] pattern='WARL|warl|read.only|read-only'
[12:08:54] [spechunter] [Grep] pattern='mstatus_init'
[12:09:06] [spechunter] [Read] /home/yzs/riscv/opensbi/lib/sbi/sbi_hart.c
[12:09:06] [spechunter] [Read] /home/yzs/riscv/opensbi/firmware/fw_base.S
[12:09:06] [spechunter] [Read] /home/yzs/riscv/opensbi/firmware/fw_base.S
[12:09:11] [spechunter] [Read] /home/yzs/riscv/qemu/target/riscv/csr.c
[12:09:11] [spechunter] [Grep] pattern='rmw_sip|read_sip'
[12:09:11] [spechunter] [Grep] pattern='CSR_SIP|CSR_SIE|CSR_VSIP|CSR_VSIE|CSR_HIP|CSR_HIE|CSR_HVIP|CSR_HVIPRIO'
[12:09:11] [spechunter] [Read] /home/yzs/riscv/qemu/target/riscv/cpu_helper.c
[12:09:11] [spechunter] [Read] /home/yzs/riscv/qemu/target/riscv/cpu.h
[12:09:13] [spechunter] [Grep] pattern='sbi_trap_handler'
[12:09:13] [spechunter] [Read] /home/yzs/riscv/opensbi/lib/sbi/sbi_hsm.c
[12:09:13] [spechunter] [Read] /home/yzs/riscv/opensbi/lib/sbi/sbi_pmu.c
[12:09:21] [spechunter] [Grep] pattern='mip\\s*=\\s*0|mie\\s*=\\s*0'
[12:09:21] [spechunter] [Grep] pattern='env->mie|env->mip'
[12:09:21] [spechunter] [Read] /home/yzs/riscv/qemu/target/riscv/csr.c
[12:09:21] [spechunter] [Read] /home/yzs/riscv/qemu/target/riscv/csr.c
[12:09:21] [spechunter] [Read] /home/yzs/riscv/qemu/target/riscv/csr.c
[12:09:26] [spechunter] [Read] /home/yzs/riscv/opensbi/lib/sbi/sbi_trap.c
[12:09:26] [spechunter] [Read] /home/yzs/riscv/opensbi/lib/sbi/sbi_hsm.c
[12:09:34] [spechunter] [text] Now let me trace the interrupt trap handlers and SBI domain context path that writes privilege CSRs.  
[12:09:34] [spechunter] [Grep] pattern='sbi_trap_nonaia_irq|sbi_trap_aia_irq'
[12:09:34] [spechunter] [Grep] pattern='csr_write.*CSR_SATP|csr_write.*CSR_STVEC|csr_write.*CSR_SSCRATCH|csr_write.*CSR_SIE'
[12:09:34] [spechunter] [Grep] pattern='csr_write64.*CSR_STIMECMP|csr_clear.*MIP_STIP|csr_set.*MIP_STIP'
[12:09:35] [spechunter] [Read] /home/yzs/riscv/qemu/target/riscv/cpu_helper.c
[12:09:35] [spechunter] [Read] /home/yzs/riscv/qemu/target/riscv/kvm/kvm-cpu.c
[12:09:35] [spechunter] [Grep] pattern='typedef struct riscv_csr_operations|riscv_csr_ops'
[12:09:35] [spechunter] [Grep] pattern='hideleg|hvien|hvip|vsie'
[12:09:35] [spechunter] [Read] /home/yzs/riscv/qemu/target/riscv/cpu_bits.h
[12:09:45] [spechunter] [Read] /home/yzs/riscv/opensbi/lib/utils/hsm/fdt_hsm_spacemit.c
[12:09:45] [spechunter] [Read] /home/yzs/riscv/opensbi/lib/sbi/sbi_domain_context.c
[12:09:45] [spechunter] [Read] /home/yzs/riscv/opensbi/lib/sbi/sbi_hart.c
[12:09:52] [spechunter] [Grep] pattern='struct riscv_csr_operations|csr_ops\\['
[12:09:52] [spechunter] [Grep] pattern='riscv_csr_operations'
[12:10:04] [spechunter] [TodoWrite] 5 items
[12:10:08] [spechunter] [Grep] pattern='riscv_csr_operations'
[12:10:08] [spechunter] [Grep] pattern='typedef struct.*riscv_csr_operations|riscv_csr_operations\\s*\\{|\\.read\\s*=|\\.write\\s*=|\\.op\\s*="'
[12:10:08] [spechunter] [Grep] pattern='riscv_csr_operations'
[12:10:11] [spechunter] [text] Let me now read the specific source files to verify and get exact line numbers for the findings.  
[12:10:11] [spechunter] [Read] /home/yzs/riscv/XiangShan/src/main/scala/xiangshan/backend/fu/NewCSR/InterruptBundle.scala
[12:10:11] [spechunter] [Read] /home/yzs/riscv/XiangShan/src/main/scala/xiangshan/backend/fu/NewCSR/MachineLevel.scala
[12:10:11] [spechunter] [Read] /home/yzs/riscv/XiangShan/src/main/scala/xiangshan/backend/fu/NewCSR/MachineLevel.scala
[12:10:16] [spechunter] [Grep] pattern='typedef struct.*riscv_csr_operations|riscv_csr_operations'
[12:10:16] [spechunter] [Grep] pattern='riscv_csr_operations'
[12:10:17] [spechunter] [text] Now let me look at a few more files for completeness.  
[12:10:17] [spechunter] [Read] /home/yzs/riscv/opensbi/lib/sbi/sbi_hart.c
[12:10:17] [spechunter] [Read] /home/yzs/riscv/opensbi/lib/utils/suspend/fdt_suspend_andes_atcsmu.c
[12:10:17] [spechunter] [Read] /home/yzs/riscv/opensbi/lib/sbi/sbi_timer.c
[12:10:21] [spechunter] [Read] /home/yzs/riscv/qemu/target/riscv/cpu.h
[12:10:21] [spechunter] [Read] /home/yzs/riscv/qemu/target/riscv/csr.c
[12:10:24] [spechunter] [Read] /home/yzs/riscv/XiangShan/src/main/scala/xiangshan/backend/fu/NewCSR/MachineLevel.scala
[12:10:24] [spechunter] [Read] /home/yzs/riscv/XiangShan/src/main/scala/xiangshan/backend/fu/CSR.scala
[12:10:24] [spechunter] [Read] /home/yzs/riscv/XiangShan/src/main/scala/xiangshan/backend/fu/NewCSR/CSRFields.scala
[12:10:41] [spechunter] [text] Let me search the codebase for code related to `mip` and `mie` register implementation.  
[12:10:41] [spechunter] [Agent] description, subagent_type
[12:11:12] [spechunter] [Grep] pattern='mip|mie'
[12:11:12] [spechunter] [Grep] pattern='MIP_|MIE_'
[12:11:12] [spechunter] [Grep] pattern='csr_read|csr_write|csr_set|csr_clear|CSR_READ|CSR_WRITE|CSR_SET|CSR_CLEAR'
[12:11:12] [spechunter] [Grep] pattern='WARL'
[12:11:26] [spechunter] [Read] /home/yzs/riscv/XiangShan/src/main/scala/xiangshan/backend/fu/NewCSR/CSRFields.scala
[12:11:26] [spechunter] [Read] /home/yzs/riscv/XiangShan/src/main/scala/xiangshan/backend/fu/NewCSR/CSRModule.scala
[12:11:26] [spechunter] [Read] /home/yzs/riscv/XiangShan/src/main/scala/xiangshan/backend/fu/CSR.scala
[12:11:47] [spechunter] [text] Now let me check the MaskedRegMap function to see if mie could be missing from the map, and also check the old CSR's `mi...
[12:11:47] [spechunter] [Read] /home/yzs/riscv/XiangShan/src/main/scala/xiangshan/backend/fu/CSR.scala
[12:11:47] [spechunter] [Read] /home/yzs/riscv/XiangShan/src/main/scala/xiangshan/backend/fu/CSR.scala
[12:11:47] [spechunter] [Read] /home/yzs/riscv/XiangShan/src/main/scala/xiangshan/backend/fu/NewCSR/MachineLevel.scala
[12:11:59] [spechunter] [Grep] pattern='MIP_|MIE_'
[12:11:59] [spechunter] [Grep] pattern='mip|mie'
[12:11:59] [spechunter] [Grep] pattern='mip|mie'
[12:11:59] [spechunter] [Grep] pattern='mip|mie'
[12:11:59] [spechunter] [Grep] pattern='mip|mie'
[12:11:59] [spechunter] [Grep] pattern='mip|mie'
[12:11:59] [spechunter] [Grep] pattern='mip|mie'
[12:11:59] [spechunter] [Read] /home/yzs/riscv/opensbi/lib/utils/ipi/fdt_ipi_mswi.c
[12:11:59] [spechunter] [Read] /home/yzs/riscv/opensbi/lib/utils/timer/fdt_timer_mtimer.c
[12:12:29] [spechunter] [Grep] pattern='CSR_MIP|CSR_MIE|CSR_MIDELEG|CSR_SIP|CSR_SIE'
[12:12:29] [spechunter] [Grep] pattern='IRQ_S_SOFT|IRQ_S_TIMER|IRQ_S_EXT|IRQ_M_SOFT|IRQ_M_TIMER|IRQ_M_EXT|IRQ_VS_SOFT|IRQ_VS_TIMER|IRQ_VS_EXT|IRQ_S_GEXT|IRQ_PMU_OVF'
[12:12:29] [spechunter] [Grep] pattern='CSR_MIP|CSR_MIE|CSR_MIDELEG|csr_write.*MIP|csr_write.*MIE|csr_read.*MIP|csr_read.*MIE|csr_set.*MIP|csr_set.*MIE|csr_clear.*MIP|csr_clear.*MIE|CSR_SET.*MIP|CSR_SET.*MIE|CSR_CLEAR.*MIP|CSR_CLEAR.*MIE'
[12:12:29] [spechunter] [Read] /home/yzs/riscv/opensbi/lib/sbi/sbi_emulate_csr.c
[12:12:29] [spechunter] [Read] /home/yzs/riscv/opensbi/lib/sbi/sbi_trap.c
[12:12:44] [spechunter] [Read] /home/yzs/riscv/opensbi/lib/sbi/sbi_hart.c
[12:12:44] [spechunter] [Read] /home/yzs/riscv/opensbi/lib/sbi/sbi_hart.c
[12:12:44] [spechunter] [Read] /home/yzs/riscv/opensbi/lib/sbi/sbi_hart.c
[12:12:44] [spechunter] [Read] /home/yzs/riscv/opensbi/lib/sbi/sbi_hsm.c
[12:12:44] [spechunter] [Read] /home/yzs/riscv/opensbi/lib/sbi/sbi_hsm.c
[12:12:44] [spechunter] [Read] /home/yzs/riscv/opensbi/lib/sbi/sbi_timer.c
[12:12:44] [spechunter] [Read] /home/yzs/riscv/opensbi/lib/sbi/sbi_ipi.c
[12:12:44] [spechunter] [Read] /home/yzs/riscv/opensbi/lib/sbi/sbi_ipi.c
[12:12:47] [spechunter] [text] Let me verify the key locations before producing the final set.  
[12:12:47] [spechunter] [Read] /home/yzs/riscv/qemu/target/riscv/csr.c
[12:12:47] [spechunter] [Read] /home/yzs/riscv/qemu/target/riscv/csr.c
[12:12:47] [spechunter] [Read] /home/yzs/riscv/qemu/target/riscv/csr.c
[12:12:47] [spechunter] [Read] /home/yzs/riscv/qemu/target/riscv/csr.c
[12:13:07] [spechunter] [text] API Error: 400 {"detail":"Rate limit exceeded. Please wait and try again, or upgrade your API plan."}
[12:13:21] [spechunter] [Read] /home/yzs/riscv/qemu/target/riscv/csr.c
[12:13:21] [spechunter] [Read] /home/yzs/riscv/qemu/target/riscv/cpu.h
[12:13:21] [spechunter] [Read] /home/yzs/riscv/qemu/target/riscv/cpu_helper.c
[12:13:44] [spechunter] [text] API Error: 400 {"detail":"Rate limit exceeded. Please wait and try again, or upgrade your API plan."}
[12:14:01] [spechunter] [text] Let me check a few more specific areas for configuration-gated mip absence and the old CSR's MaskedRegMap mechanism.  
[12:14:01] [spechunter] [Read] /home/yzs/riscv/XiangShan/src/main/scala/xiangshan/backend/fu/NewCSR/NewCSR.scala
[12:14:01] [spechunter] [Read] /home/yzs/riscv/XiangShan/src/main/scala/xiangshan/backend/fu/NewCSR/InterruptFilter.scala
[12:14:01] [spechunter] [Grep] pattern='MaskedRegMap\\(Mie|MaskedRegMap\\(Mip'
[12:14:26] [spechunter] [text] Now I have all the verified data. Here is the final location set:  ```json {   "locations": [     {       "file": "targe...
[12:14:31] [spechunter] [text] API Error: 400 {"detail":"Rate limit exceeded. Please wait and try again, or upgrade your API plan."}
[12:14:56] [spechunter] [text] Let me start by searching for the relevant `mip` and `mie` CSR implementations in the QEMU RISC-V codebase.  
[12:14:56] [spechunter] [Grep] pattern='riscv_csr_ops.*\\bmi[pe]\\b|write_mie|read_mip|write_mip|read_mie'
[12:14:56] [spechunter] [Grep] pattern='\\.name\\s*=\\s*"(mie|mip|mvip|mvien|mideleg)"'
[12:14:56] [spechunter] [Grep] pattern='warl_zero|WARL.*mie|WARL.*mip'
[12:15:12] [spechunter] [Agent] description, prompt
[12:15:16] [spechunter] [text] Let me search more broadly for the mip/mie CSR definitions.  
[12:15:16] [spechunter] [Grep] pattern='\\"mi[pe]\\"'
[12:15:16] [spechunter] [Grep] pattern='write_mie|read_mie|write_mip|read_mip'
[12:15:34] [spechunter] [Grep] pattern='\\bmip\\b'
[12:15:34] [spechunter] [Grep] pattern='\\bmie\\b'
[12:15:34] [spechunter] [Grep] pattern='"mip"|"mie"'
[12:15:35] [spechunter] [Grep] pattern='0x344|0x304'
[12:15:35] [spechunter] [Grep] pattern='MEIP|MTIP|MSIP|SEIP|STIP|SSIP'
[12:15:35] [spechunter] [Grep] pattern='MIP|MIE'
[12:15:35] [spechunter] [Grep] pattern='\\bmip\\b|\\bmie\\b'
[12:15:35] [spechunter] [Grep] pattern='\\bmip\\b|\\bmie\\b'
[12:15:54] [spechunter] [text] Now let me read the `rmw_mie` and `rmw_mip` function implementations.  
[12:15:54] [spechunter] [Grep] pattern='rmw_mie|rmw_mip'
[12:16:05] [spechunter] [text] Let me read the core `rmw_mie64` and `rmw_mip64` functions, along with their callers.  
[12:16:05] [spechunter] [Read] /home/yzs/riscv/qemu/target/riscv/csr.c
[12:16:05] [spechunter] [Read] /home/yzs/riscv/qemu/target/riscv/csr.c
[12:16:05] [spechunter] [Read] /home/yzs/riscv/qemu/target/riscv/csr.c
[12:16:20] [spechunter] [text] Now let me check the critical constants and the `any` predicate.  
[12:16:20] [spechunter] [Grep] pattern='^static.*all_ints|^uint64_t all_ints|all_ints ='
[12:16:20] [spechunter] [Grep] pattern='delegable_ints\\s*='
[12:16:20] [spechunter] [Grep] pattern='any\\b|any32|smode|hmode|vs'
[12:16:24] [spechunter] [Read] /home/yzs/riscv/qemu/target/riscv/csr.c
[12:16:24] [spechunter] [Read] /home/yzs/riscv/qemu/target/riscv/csr.c
[12:16:27] [spechunter] [Grep] pattern='\\bmip\\b|\\bmie\\b|0x344|0x304|MEIP|MTIP|MSIP|SEIP|MIP|MIE'
[12:16:27] [spechunter] [Grep] pattern='\\bmip\\b|\\bmie\\b|MEIP|MTIP|MSIP|SEIP|MIP|MIE'
[12:16:27] [spechunter] [Grep] pattern='\\bmip\\b|\\bmie\\b|MEIP|MTIP|MSIP|SEIP|MIP|MIE|0x344|0x304|Interrupt'
[12:16:27] [spechunter] [Grep] pattern='\\bmip\\b|\\bmie\\b|MEIP|MTIP|MSIP|SEIP|MIP|MIE|0x344|0x304'
[12:16:27] [spechunter] [Grep] pattern='\\bmip\\b|\\bmie\\b|MEIP|MTIP|MSIP|SEIP|MIP|MIE'
[12:16:27] [spechunter] [Grep] pattern='\\bmip\\b|\\bmie\\b|MEIP|MTIP|MSIP|SEIP|MIP|MIE'
[12:16:27] [spechunter] [Grep] pattern='\\bmip\\b|\\bmie\\b|MEIP|MTIP|MSIP|SEIP|MIP|MIE|0x344|0x304'
[12:16:43] [spechunter] [text] Now let me check the interrupt bit definitions and the `any` predicate to understand the full context.  
[12:16:43] [spechunter] [Grep] pattern='M_MODE_INTERRUPTS|S_MODE_INTERRUPTS|HS_MODE_INTERRUPTS|VS_MODE_INTERRUPTS|LOCAL_INTERRUPTS'
[12:16:43] [spechunter] [Grep] pattern='^static RISCVException any\\('
[12:16:53] [spechunter] [Grep] pattern='LOCAL_INTERRUPTS'
[12:16:53] [spechunter] [Grep] pattern='MIP_SEIP|MIP_SSIP|MIP_STIP|MIP_MSIP|MIP_MTIP|MIP_MEIP'
[12:16:53] [spechunter] [Grep] pattern='csr_must_exist|must_exist'
[12:17:02] [spechunter] [Grep] pattern='LOCAL_INTERRUPTS'
[12:17:02] [spechunter] [Grep] pattern='LOCAL_INTERRUPTS'
[12:17:02] [spechunter] [Grep] pattern='mip|mie'
[12:17:07] [spechunter] [Grep] pattern='LOCAL_INTERRUPTS'
[12:17:11] [spechunter] [Read] /home/yzs/riscv/XiangShan/src/main/scala/xiangshan/backend/decode/isa/CSRs.scala
[12:17:11] [spechunter] [Read] /home/yzs/riscv/XiangShan/src/main/scala/xiangshan/backend/decode/isa/CSRs.scala
[12:17:11] [spechunter] [Read] /home/yzs/riscv/XiangShan/src/main/scala/xiangshan/backend/fu/util/CSRConst.scala
[12:17:11] [spechunter] [Read] /home/yzs/riscv/XiangShan/src/main/scala/xiangshan/backend/fu/NewCSR/MachineLevel.scala
[12:17:11] [spechunter] [Read] /home/yzs/riscv/XiangShan/src/main/scala/xiangshan/backend/fu/NewCSR/MachineLevel.scala
[12:17:11] [spechunter] [Read] /home/yzs/riscv/XiangShan/src/main/scala/xiangshan/backend/fu/NewCSR/MachineLevel.scala
[12:17:11] [spechunter] [Read] /home/yzs/riscv/XiangShan/src/main/scala/xiangshan/backend/fu/NewCSR/InterruptBundle.scala
[12:17:11] [spechunter] [Read] /home/yzs/riscv/XiangShan/src/main/scala/xiangshan/backend/fu/NewCSR/InterruptFilter.scala
[12:17:27] [spechunter] [text] Let me check how CSR access control works with the predicate system.  
[12:17:27] [spechunter] [Grep] pattern='csr_ops.*predicate|predicate|RISCVException.*csrno'
[12:17:27] [spechunter] [Grep] pattern='^static RISCVException (any|smode|hmode|umode|mmode)\\b'
[12:17:36] [spechunter] [text] Now let me check the sip/sie CSRs to understand the full delegation picture.    
[12:17:36] [spechunter] [Read] /home/yzs/riscv/qemu/target/riscv/csr.c
[12:17:36] [spechunter] [Read] /home/yzs/riscv/qemu/target/riscv/csr.c
[12:17:36] [spechunter] [Read] /home/yzs/riscv/XiangShan/src/main/scala/xiangshan/backend/fu/CSR.scala
[12:17:36] [spechunter] [Read] /home/yzs/riscv/XiangShan/src/main/scala/xiangshan/backend/fu/CSR.scala
[12:17:36] [spechunter] [Read] /home/yzs/riscv/XiangShan/src/main/scala/xiangshan/backend/fu/CSR.scala
[12:17:36] [spechunter] [Read] /home/yzs/riscv/XiangShan/src/main/scala/xiangshan/backend/fu/CSR.scala
[12:17:36] [spechunter] [Read] /home/yzs/riscv/XiangShan/rocket-chip/src/main/scala/rocket/CSR.scala
[12:17:36] [spechunter] [Grep] pattern='\\bmip\\b|\\bmie\\b|0x344|0x304'
[12:17:36] [spechunter] [Read] /home/yzs/riscv/XiangShan/src/main/scala/xiangshan/backend/fu/NewCSR/NewCSR.scala
[12:17:36] [spechunter] [Read] /home/yzs/riscv/XiangShan/src/main/scala/xiangshan/backend/fu/NewCSR/NewCSR.scala
[12:17:36] [spechunter] [Read] /home/yzs/riscv/XiangShan/src/main/scala/xiangshan/backend/fu/NewCSR/NewCSR.scala
[12:17:36] [spechunter] [Read] /home/yzs/riscv/XiangShan/src/main/scala/xiangshan/backend/fu/NewCSR/NewCSR.scala
[12:17:36] [spechunter] [Read] /home/yzs/riscv/XiangShan/src/main/scala/xiangshan/backend/fu/NewCSR/NewCSR.scala
[12:17:36] [spechunter] [Read] /home/yzs/riscv/XiangShan/src/main/scala/xiangshan/backend/fu/NewCSR/NewCSR.scala
[12:17:41] [spechunter] [text] Now let me look at the sip CSR access path and the `riscv_cpu_update_mip` function.  
[12:17:41] [spechunter] [Read] /home/yzs/riscv/qemu/target/riscv/csr.c
[12:17:41] [spechunter] [Grep] pattern='^uint64_t riscv_cpu_update_mip'
[12:17:45] [spechunter] [Read] /home/yzs/riscv/qemu/target/riscv/cpu_helper.c
[12:17:45] [spechunter] [Read] /home/yzs/riscv/qemu/target/riscv/machine.c
[12:18:03] [spechunter] [Grep] pattern='\\bmip\\b|\\bmie\\b|MEIP|MTIP|MSIP|SEIP|toMip|fromMip|toMie|fromMie'
[12:18:03] [spechunter] [Grep] pattern='\\bmip\\b|\\bmie\\b|MEIP|MTIP|MSIP|SEIP|toMip|fromMip|toMie|fromMie'
[12:18:03] [spechunter] [Grep] pattern='\\bmip\\b|\\bmie\\b|toMip|fromMip|toMie|fromMie'
[12:18:03] [spechunter] [Grep] pattern='\\bmip\\b|\\bmie\\b'
[12:18:03] [spechunter] [Grep] pattern='\\bmip\\b|\\bmie\\b|MEIP|MTIP|MSIP|SEIP'
[12:18:03] [spechunter] [Grep] pattern='\\bmip\\b|\\bmie\\b'
[12:18:03] [spechunter] [Grep] pattern='\\bmip\\b|\\bmie\\b'
[12:18:46] [spechunter] [Read] /home/yzs/riscv/XiangShan/src/main/scala/xiangshan/backend/fu/NewCSR/CSROoORead.scala
[12:18:46] [spechunter] [Read] /home/yzs/riscv/XiangShan/src/main/scala/xiangshan/backend/fu/NewCSR/SupervisorLevel.scala
[12:18:46] [spechunter] [Read] /home/yzs/riscv/XiangShan/src/main/scala/xiangshan/backend/fu/NewCSR/HypervisorLevel.scala
[12:18:46] [spechunter] [Read] /home/yzs/riscv/XiangShan/src/main/scala/xiangshan/backend/fu/NewCSR/VirtualSupervisorLevel.scala
[12:18:46] [spechunter] [Read] /home/yzs/riscv/XiangShan/src/main/scala/xiangshan/backend/fu/NewCSR/MachineLevel.scala
[12:18:54] [spechunter] [Grep] pattern='0x344|0x304|mip|mie|readOnly|lowestAccess'
[12:18:54] [spechunter] [Read] /home/yzs/riscv/XiangShan/src/main/scala/xiangshan/backend/fu/wrapper/CSR.scala
[12:18:54] [spechunter] [Grep] pattern='\\bmip\\b|\\bmie\\b'
[12:20:40] [spechunter] [text] Now let me check a few more details about the CSR dispatch mechanism and how the interrupt re-evaluation works after mie...
[12:20:40] [spechunter] [Grep] pattern='void riscv_cpu_interrupt'
[12:20:40] [spechunter] [Grep] pattern='mie.*write_mie|csr_must_exist|write_mie'
[12:20:40] [spechunter] [Read] /home/yzs/riscv/qemu/target/riscv/csr.c
[12:21:27] [spechunter] [text] Now let me verify the key code locations to confirm their exact content and line numbers.  
[12:21:27] [spechunter] [Read] /home/yzs/riscv/XiangShan/src/main/scala/xiangshan/backend/fu/NewCSR/MachineLevel.scala
[12:21:27] [spechunter] [Read] /home/yzs/riscv/XiangShan/src/main/scala/xiangshan/backend/fu/NewCSR/InterruptBundle.scala
[12:21:27] [spechunter] [Read] /home/yzs/riscv/XiangShan/src/main/scala/xiangshan/backend/fu/util/CSRConst.scala
[12:21:43] [spechunter] [Read] /home/yzs/riscv/XiangShan/src/main/scala/xiangshan/backend/fu/NewCSR/MachineLevel.scala
[12:21:43] [spechunter] [Read] /home/yzs/riscv/XiangShan/src/main/scala/xiangshan/backend/fu/NewCSR/MachineLevel.scala
[12:21:53] [spechunter] [Read] /home/yzs/riscv/XiangShan/src/main/scala/xiangshan/backend/decode/isa/CSRs.scala
[12:21:53] [spechunter] [Read] /home/yzs/riscv/XiangShan/src/main/scala/xiangshan/backend/fu/CSR.scala
[12:21:53] [spechunter] [Read] /home/yzs/riscv/XiangShan/src/main/scala/xiangshan/backend/fu/NewCSR/InterruptFilter.scala
[12:23:20] [spechunter] [text] Let me check the KVM path and reset values for completeness.  
[12:23:20] [spechunter] [Grep] pattern='mip|mie'
[12:23:20] [spechunter] [Grep] pattern='env->mie|env->mip'
[12:23:20] [spechunter] [Grep] pattern='miprio'
[12:23:37] [spechunter] [text] Let me check the KVM path and the KVM reset values more carefully.  
[12:23:37] [spechunter] [Read] /home/yzs/riscv/qemu/target/riscv/kvm/kvm-cpu.c
[12:23:37] [spechunter] [Read] /home/yzs/riscv/qemu/target/riscv/kvm/kvm-cpu.c
[12:25:11] [spechunter] [text] Now I have all the evidence needed. Let me cross-validate, deduplicate, and rank by relevance to the PR about `mip`/`mie...
[12:25:25] [spechunter] [text] Let me find the relevant CSR implementation files for `mie` and `mip` in the XiangShan codebase.  
[12:25:25] [spechunter] [Agent] description, prompt
[12:25:40] [spechunter] [TodoWrite] 5 items
[12:25:49] [spechunter] [Bash] List top-level scala source directories
[12:25:49] [spechunter] [Glob] **/CSR*.scala
[12:25:49] [spechunter] [Grep] pattern='"\\bmie\\b"'
[12:26:08] [spechunter] [Grep] pattern='mie'
[12:26:08] [spechunter] [Grep] pattern='mip'
[12:26:08] [spechunter] [Grep] pattern='Mie|Mip'
[12:26:22] [spechunter] [TodoWrite] 5 items
[12:26:31] [spechunter] [text] Now let me check how the CSR dispatch mechanism confirms this is indeed the `mie`/`mip` code path.  
[12:26:31] [spechunter] [Grep] pattern='riscv_csrrw\\b|csrrw_helper|csr_read_helper'
[12:26:31] [spechunter] [Grep] pattern='riscv_cpu_exec_interrupt'
[12:26:38] [spechunter] [Read] /home/yzs/riscv/qemu/target/riscv/csr.c
[12:26:38] [spechunter] [Grep] pattern='bool riscv_cpu_exec_interrupt|static bool riscv_cpu_exec_interrupt'
[12:26:41] [spechunter] [Grep] pattern='\\bMie\\b'
[12:26:41] [spechunter] [Grep] pattern='\\bMip\\b'
[12:26:41] [spechunter] [Grep] pattern='\\bMie\\b'
[12:26:41] [spechunter] [Grep] pattern='\\bMip\\b'
[12:26:49] [spechunter] [Read] /home/yzs/riscv/XiangShan/src/main/scala/xiangshan/backend/fu/NewCSR/MachineLevel.scala
[12:26:54] [spechunter] [Read] /home/yzs/riscv/XiangShan/src/main/scala/xiangshan/backend/fu/NewCSR/MachineLevel.scala
[12:26:56] [spechunter] [text] Let me check the CSR access check mechanism and the riscv_csrrw_do64 function.  
[12:26:56] [spechunter] [Read] /home/yzs/riscv/qemu/target/riscv/csr.c
[12:26:56] [spechunter] [Read] /home/yzs/riscv/qemu/target/riscv/csr.c
[12:27:10] [spechunter] [Read] /home/yzs/riscv/XiangShan/src/main/scala/xiangshan/backend/fu/NewCSR/MachineLevel.scala
[12:27:35] [spechunter] [Grep] pattern='MieBundle|MipBundle'
[12:27:35] [spechunter] [Grep] pattern='mie|mip'
[12:27:35] [spechunter] [Grep] pattern='mie|mip'
[12:28:02] [spechunter] [Read] /home/yzs/riscv/XiangShan/src/main/scala/xiangshan/backend/fu/NewCSR/MachineLevel.scala
[12:28:02] [spechunter] [Read] /home/yzs/riscv/XiangShan/src/main/scala/xiangshan/backend/decode/isa/CSRs.scala
[12:28:02] [spechunter] [Grep] pattern='class InterruptEnableBundle|class InterruptPendingBundle'
[12:28:08] [spechunter] [Read] /home/yzs/riscv/XiangShan/src/main/scala/xiangshan/backend/fu/NewCSR/InterruptBundle.scala
[12:28:21] [spechunter] [Read] /home/yzs/riscv/XiangShan/src/main/scala/xiangshan/backend/fu/NewCSR/InterruptBundle.scala
[12:28:34] [spechunter] [Read] /home/yzs/riscv/XiangShan/src/main/scala/xiangshan/backend/fu/NewCSR/InterruptBundle.scala
[12:28:34] [spechunter] [Grep] pattern='HasIpIeBundle'
[12:28:51] [spechunter] [Grep] pattern='class CSRModule'
[12:28:51] [spechunter] [Grep] pattern='wdata|wmask|wen|WARL|warl|regOut|rdata'
[12:28:51] [spechunter] [Read] /home/yzs/riscv/XiangShan/src/main/scala/xiangshan/backend/fu/NewCSR/NewCSR.scala
[12:29:00] [spechunter] [Read] /home/yzs/riscv/XiangShan/src/main/scala/xiangshan/backend/fu/NewCSR/CSRModule.scala
[12:29:00] [spechunter] [Grep] pattern='class CSRROField|class CSRRWField|class CSRRW|WARLType|WARL|isLegal|warl'
[12:29:11] [spechunter] [Grep] pattern='mie|mip|Mie|Mip'
[12:29:11] [spechunter] [Grep] pattern='class CSRROField|class CSRRWField|class CSRRW\\b|abstract class.*CSRField|sealed.*CSRRWType|case.*ROType|case.*RWType|case.*WARLType|def isRW|def isRO|def isLegal'
[12:29:16] [spechunter] [Read] /home/yzs/riscv/XiangShan/src/main/scala/xiangshan/backend/fu/NewCSR/CSRDefines.scala
[12:29:16] [spechunter] [Read] /home/yzs/riscv/XiangShan/src/main/scala/xiangshan/backend/fu/CSR.scala
[12:29:33] [spechunter] [Read] /home/yzs/riscv/XiangShan/src/main/scala/xiangshan/backend/fu/CSR.scala
[12:29:33] [spechunter] [Grep] pattern='class CSRField|class CSREnum|class CSREnumType|abstract class.*CSR|trait.*WARLApply|trait.*ROApply|trait.*RWApply|def setRW|def setRO|def isRW|def isRO'
[12:29:46] [spechunter] [Read] /home/yzs/riscv/XiangShan/src/main/scala/xiangshan/backend/fu/NewCSR/CSRFields.scala
[12:29:46] [spechunter] [Read] /home/yzs/riscv/XiangShan/src/main/scala/xiangshan/backend/fu/NewCSR/CSRFields.scala
[12:29:46] [spechunter] [Read] /home/yzs/riscv/XiangShan/src/main/scala/xiangshan/backend/fu/NewCSR/CSRFields.scala
[12:29:54] [spechunter] [Read] /home/yzs/riscv/XiangShan/src/main/scala/xiangshan/backend/fu/CSR.scala
[12:29:54] [spechunter] [Grep] pattern='class Interrupt|class Sie|class Sip|class Mie|class Mip'
[12:29:54] [spechunter] [Read] /home/yzs/riscv/XiangShan/src/main/scala/xiangshan/backend/fu/NewCSR/CSRBundles.scala
[12:30:13] [spechunter] [Read] /home/yzs/riscv/XiangShan/src/main/scala/xiangshan/backend/fu/CSR.scala
[12:30:13] [spechunter] [Read] /home/yzs/riscv/XiangShan/src/main/scala/xiangshan/backend/fu/CSR.scala
[12:30:13] [spechunter] [Grep] pattern='MaskedRegMap\\(Mie|MaskedRegMap\\(Mip|MaskedRegMap\\(Sie|MaskedRegMap\\(Sip|MaskedRegMap\\(Hie|MaskedRegMap\\(Hip|MaskedRegMap\\(Vsie|MaskedRegMap\\(Vsip'
[12:30:27] [spechunter] [Grep] pattern='sie|Sie|sip|Sip|hie|Hie|hip|Hip'
[12:30:27] [spechunter] [Grep] pattern='hie|Hie|hip|Hip|SieToMie|SipToMip|SieToMie|SipToMvip|HieToMie|VSieToMie'
[12:30:45] [spechunter] [Read] /home/yzs/riscv/XiangShan/src/main/scala/xiangshan/backend/fu/NewCSR/SupervisorLevel.scala
[12:30:45] [spechunter] [Read] /home/yzs/riscv/XiangShan/src/main/scala/xiangshan/backend/fu/NewCSR/SupervisorLevel.scala
[12:30:50] [spechunter] [Read] /home/yzs/riscv/XiangShan/src/main/scala/xiangshan/backend/fu/NewCSR/HypervisorLevel.scala
[12:30:50] [spechunter] [Read] /home/yzs/riscv/XiangShan/src/main/scala/xiangshan/backend/fu/NewCSR/HypervisorLevel.scala
[12:30:55] [spechunter] [Read] /home/yzs/riscv/XiangShan/src/main/scala/xiangshan/backend/fu/NewCSR/VirtualSupervisorLevel.scala
[12:30:55] [spechunter] [Grep] pattern='VSieToMie|VSieToSie|VSipToMip|VSipToMvip|VSipToHvip'
[12:31:00] [spechunter] [Read] /home/yzs/riscv/XiangShan/src/main/scala/xiangshan/backend/fu/NewCSR/CSRBundle.scala
[12:31:00] [spechunter] [Read] /home/yzs/riscv/XiangShan/src/main/scala/xiangshan/backend/fu/NewCSR/CSRFields.scala
[12:31:06] [spechunter] [Grep] pattern='class IeValidBundle|class IpValidBundle|class.*ValidBundle'
[12:31:06] [spechunter] [Grep] pattern='class MidelegBundle|class Mideleg'
[12:31:19] [spechunter] [Read] /home/yzs/riscv/XiangShan/src/main/scala/xiangshan/backend/fu/NewCSR/MachineLevel.scala
[12:31:19] [spechunter] [Read] /home/yzs/riscv/XiangShan/src/main/scala/xiangshan/backend/fu/NewCSR/InterruptBundle.scala
[12:31:25] [spechunter] [Read] /home/yzs/riscv/XiangShan/src/main/scala/xiangshan/backend/fu/wrapper/CSR.scala
[12:31:25] [spechunter] [Read] /home/yzs/riscv/XiangShan/src/main/scala/xiangshan/backend/fu/NewCSR/DebugLevel.scala
[12:31:25] [spechunter] [Grep] pattern='mie|mip'
[12:31:39] [spechunter] [Grep] pattern='mie|mip|Mie|Mip'
[12:31:39] [spechunter] [Grep] pattern='mie|mip'
[12:31:54] [spechunter] [Grep] pattern='MaskedRegMap\\(Vsie|MaskedRegMap\\(Vsip|MaskedRegMap\\(Hie|MaskedRegMap\\(Hip|MaskedRegMap\\(Hvip'
[12:31:54] [spechunter] [Grep] pattern='HasMachineEnvBundle'
[12:31:54] [spechunter] [Grep] pattern='HasMachineEnvBundle'
[12:32:12] [spechunter] [Read] /home/yzs/riscv/XiangShan/src/main/scala/xiangshan/backend/fu/NewCSR/MachineLevel.scala
[12:32:12] [spechunter] [Grep] pattern='class MachineLevelCSRMap|machineLevelCSR'
[12:32:12] [spechunter] [Read] /home/yzs/riscv/XiangShan/src/main/scala/xiangshan/backend/fu/NewCSR/InterruptFilter.scala
[12:32:34] [spechunter] [TodoWrite] 5 items
[12:34:49] [spechunter] [text] Now let me read the specific implementation files to do the detailed security analysis.  
[12:34:49] [spechunter] [Read] /home/yzs/riscv/XiangShan/src/main/scala/xiangshan/backend/fu/NewCSR/MachineLevel.scala
[12:34:49] [spechunter] [Read] /home/yzs/riscv/XiangShan/src/main/scala/xiangshan/backend/fu/NewCSR/MachineLevel.scala
[12:34:49] [spechunter] [Read] /home/yzs/riscv/XiangShan/src/main/scala/xiangshan/backend/fu/NewCSR/InterruptBundle.scala
[12:35:00] [spechunter] [text] Now let me read the MieBundle/MipBundle definitions and the CSRModule base class for WARL behavior.  
[12:35:00] [spechunter] [Read] /home/yzs/riscv/XiangShan/src/main/scala/xiangshan/backend/fu/NewCSR/MachineLevel.scala
[12:35:00] [spechunter] [Read] /home/yzs/riscv/XiangShan/src/main/scala/xiangshan/backend/fu/NewCSR/CSRModule.scala
[12:35:00] [spechunter] [Read] /home/yzs/riscv/XiangShan/src/main/scala/xiangshan/backend/fu/CSR.scala
[12:35:14] [spechunter] [text] Let me read the legacy CSR MaskedRegMap entries for mie and mip, and also check the interrupt filter wiring.  
[12:35:14] [spechunter] [Read] /home/yzs/riscv/XiangShan/src/main/scala/xiangshan/backend/fu/CSR.scala
[12:35:14] [spechunter] [Grep] pattern='MSIE|MSIP|mie.*MSI|mip.*MSI'
[12:35:14] [spechunter] [Read] /home/yzs/riscv/XiangShan/src/main/scala/xiangshan/backend/fu/NewCSR/NewCSR.scala
[12:38:40] [spechunter] [text] Now let me also check how the interrupts are wired for consumption and verify the pipeline hazard handling.  
[12:38:40] [spechunter] [Read] /home/yzs/riscv/XiangShan/src/main/scala/xiangshan/backend/fu/NewCSR/CSRFields.scala
[12:38:40] [spechunter] [Grep] pattern='interruptFilter|mip.*mip_|mie.*mie_'
[12:38:50] [spechunter] [text] Let me check the InterruptFilter consumption side and verify mip is always present.  
[12:38:50] [spechunter] [Grep] pattern='\\bmip\\b|\\bmie\\b'
[12:38:50] [spechunter] [Read] /home/yzs/riscv/XiangShan/src/main/scala/xiangshan/backend/fu/NewCSR/InterruptFilter.scala
[12:41:13] [spechunter] [text] Let me check the delegation write bundles and some specific details about alias write paths.  
[12:41:13] [spechunter] [Grep] pattern='class SipToMip|class MvipToMip|class SieToMie|class HieToMie|toMvip\\.STIP|toMip\\.STIP|fromSip\\.STIP'
[12:41:13] [spechunter] [Grep] pattern='STIP.*valid|STIP.*bits|STIP.*alias'
[12:44:19] [spechunter] [Grep] pattern='trait HasAIABundle|HasMachineEnvBundle|HasLocalInterruptReqBundle'
[12:44:19] [spechunter] [Grep] pattern='MSI|MTI|MEI'
[12:46:00] [spechunter] [Read] /home/yzs/riscv/XiangShan/src/main/scala/xiangshan/backend/fu/NewCSR/SupervisorLevel.scala
[12:48:07] [spechunter] [text] Let me read the sip module implementation carefully to check alias write paths.  
[12:48:07] [spechunter] [Read] /home/yzs/riscv/XiangShan/src/main/scala/xiangshan/backend/fu/NewCSR/SupervisorLevel.scala
[12:53:48] [spechunter] [text] Now I have a thorough understanding of the implementation. Let me produce the security audit.  
[12:53:48] [spechunter] [Write] /home/yzs/riscv/XiangShan/err_csr_mie_mip_security_audit.json
[12:54:04] [spechunter] [text] ## Security Audit: `mip` and `mie` CSR Implementation  **Overall severity: `compliant`** -- No confirmed bugs in the mie...
