[23:45:41] [spechunter] PR loaded: #955 riscv/riscv-cheri — "Invert which branches are reserved"
[23:45:41] [spechunter]   diff: 527 chars  body: 79 chars  reviews: 0
[23:45:41] [spechunter] Global pre-filter running...
[23:46:00] [spechunter] [text] {"should_skip": false}
[23:46:01] [spechunter] pre-filter: should_skip=False reason=""
[23:46:20] [spechunter] [text] {"should_skip": true, "skip_reason": "CHERI instruction encoding detail (which redundant branch encodings are RESERVED) ...
[23:46:24] [spechunter] [text] {"should_skip": true, "skip_reason": "CHERI unprivileged instruction encoding reservation change for BEQ/BNE does not af...
[23:46:26] [spechunter] [text] {"should_skip": true, "skip_reason": "CHERI branch encoding reservation change (beq/bne redundant encodings) with no beh...
[01:59:13] [spechunter] PR loaded: #955 riscv/riscv-cheri — "Invert which branches are reserved"
[01:59:13] [spechunter]   diff: 527 chars  body: 79 chars  reviews: 0
[01:59:13] [spechunter] Global pre-filter running...
[01:59:18] [spechunter] [text] {"should_skip": false}
[01:59:19] [spechunter] pre-filter: should_skip=False reason=""
[01:59:34] [spechunter] [Grep] pattern='[Cc][Hh][Ee][Rr][Ii]'
[01:59:38] [spechunter] [text] {"should_skip": true, "skip_reason": "CHERI is not supported in mainline Linux; this PR only swaps which redundant BEQ/B...
[01:59:44] [spechunter] [text] {"should_skip": true, "skip_reason": "CHERI branch instruction encoding reservation change in the unprivileged spec does...
[01:59:44] [spechunter] [Grep] pattern='CHERI|cheri|capability'
[01:59:50] [spechunter] [text] {"should_skip": true, "skip_reason": "CHERI extension spec change; XiangShan does not implement the CHERI capability ext...
[02:00:02] [spechunter] [text] {"should_skip": true, "skip_reason": "CHERI is not implemented in upstream QEMU RISC-V; this encoding reservation change...
[02:00:04] [spechunter] [text] {"should_skip": true, "skip_reason": "CHERI-specific encoding change (BEQ/BNE reserved encodings) in the riscv-cheri rep...
