[07:39:19] [spechunter] PR loaded: #67 riscv-non-isa/riscv-hart-trace-interface — "Added missing CM.POPRETZ"
[07:39:19] [spechunter]   diff: 918 chars  body: 1 chars  reviews: 0
[07:39:19] [spechunter] Global pre-filter running...
[07:39:39] [spechunter] [text] {"should_skip": false}
[07:39:40] [spechunter] pre-filter: should_skip=False reason=""
[07:39:49] [spechunter] [text] {"should_skip": true, "skip_reason": "Pure debug/trace spec change (hart trace interface classification tables) with no ...
[07:39:50] [spechunter] [text] {"should_skip": true, "skip_reason": "Debug/trace spec documentation fix adding a missing Zcmt instruction to a trace cl...
[07:39:54] [spechunter] [text] {"should_skip": true, "skip_reason": "Hart trace interface spec change (CM.POPRETZ instruction classification) — only af...
[07:39:54] [spechunter] [text] {"should_skip": true, "skip_reason": "Non-ISA hart-trace-interface spec change adding a missing CM.POPRETZ encoding to t...
[07:40:06] [spechunter] [text] {"should_skip": true, "skip_reason": "Non-ISA trace interface documentation fix adding CM.POPRETZ (Zcmt extension) to tr...
[20:41:01] [spechunter] PR loaded: #67 riscv-non-isa/riscv-hart-trace-interface — "Added missing CM.POPRETZ"
[20:41:01] [spechunter]   diff: 918 chars  body: 1 chars  reviews: 0
[20:41:01] [spechunter] Global pre-filter running...
[20:41:12] [spechunter] [text] {"should_skip": false}
[20:41:14] [spechunter] pre-filter: should_skip=False reason=""
[20:41:26] [spechunter] [text] {"should_skip": true, "skip_reason": "Debug/trace spec change (hart trace interface encoding) that only affects external...
[20:41:27] [spechunter] [text] {"should_skip": true, "skip_reason": "Hart Trace Interface spec change adding a missing CM.POPRETZ entry to trace encodi...
[20:41:33] [spechunter] [text] {"should_skip": true, "skip_reason": "Debug/trace spec change in riscv-hart-trace-interface — adds a missing instruction...
[20:41:40] [spechunter] [text] {"should_skip": true, "skip_reason": "Non-ISA trace interface spec: adds CM.POPRETZ to trace encoding tables for Zcmt ex...
[20:41:57] [spechunter] [text] {"should_skip": true, "skip_reason": "Trace interface spec change for hart debug hardware; no kernel-visible interface o...
