[08:34:21] [spechunter] PR loaded: #72 riscv/riscv-high-assurance-cryptography — "ISA-architecture: align acecrstatus with sstatus.ACES"
[08:34:21] [spechunter]   diff: 8572 chars  body: 806 chars  reviews: 1
[08:34:21] [spechunter] Global pre-filter running...
[08:34:29] [spechunter] [text] {"should_skip": false}
[08:34:31] [spechunter] pre-filter: should_skip=False reason=""
[08:34:46] [spechunter] [text] {"should_skip": true, "skip_reason": "ACE cryptographic extension CSR changes are S-mode/VS-mode context-switching optim...
[08:34:49] [spechunter] [text] {"should_skip": true, "skip_reason": "ACE (High-Assurance Cryptography) extension is an early draft spec not yet support...
[08:34:52] [spechunter] [text] {"should_skip": true, "skip_reason": "ACE (High Assurance Cryptography) is a specialized crypto hardware extension not i...
[08:34:53] [spechunter] [text] {"should_skip": true, "skip_reason": "The ACE high-assurance cryptography extension is an early-draft non-ratified exten...
[08:34:53] [spechunter] [text] {"should_skip": true, "skip_reason": "ACE (High Assurance Cryptography) extension is not implemented in XiangShan; CSR c...
[21:30:45] [spechunter] PR loaded: #72 riscv/riscv-high-assurance-cryptography — "ISA-architecture: align acecrstatus with sstatus.ACES"
[21:30:45] [spechunter]   diff: 8572 chars  body: 806 chars  reviews: 1
[21:30:45] [spechunter] Global pre-filter running...
[21:30:58] [spechunter] [text] {"should_skip": false}
[21:30:59] [spechunter] pre-filter: should_skip=False reason=""
[21:31:08] [spechunter] [text] ```json {"should_skip": false} ```
[21:31:23] [spechunter] [text] {"should_skip": true, "skip_reason": "Defines only S/VS-mode CSRs (sacecrstatus, vsacecrstatus) for ACE crypto extension...
[21:31:32] [spechunter] [Bash] Check current commit for context
[21:31:38] [spechunter] [text] {"should_skip": true, "skip_reason": "FreeBSD does not support the ACE (High-Assurance Cryptography) extension; the sace...
[21:31:43] [spechunter] [text] {"should_skip": true, "skip_reason": "XiangShan does not implement the ACE (High Assurance Cryptography) extension; this...
[21:31:50] [spechunter] [text] ```json {   "violation_condition": "QEMU fails to redirect sacecrstatus CSR accesses to vsacecrstatus when V=1 in the hy...
[21:31:53] [spechunter] [text] {"should_skip": true, "skip_reason": "ACE (High-Assurance Cryptography) is not currently supported in the Linux kernel, ...
[21:32:06] [spechunter] [Grep] pattern='sacecrstatus|vsacecrstatus|acecrstatus'
[21:32:06] [spechunter] [Grep] pattern='acecrstatus.*csr_ops|ace.*crstatus.*read|ace.*crstatus.*write|riscv_csrrw.*acecrstatus'
[21:32:06] [spechunter] [Grep] pattern='sacecrstatush|vsacecrstatush'
[21:32:10] [spechunter] [Grep] pattern='acecrstatus|acecrstatush|ace_cr_status|ACE_CR_STATUS|ace\\.cr.*status'
[21:32:10] [spechunter] [Grep] pattern='sacecrstatus|vsacecrstatus|sacecrstatush|vsacecrstatush'
[21:32:10] [spechunter] [Grep] pattern='acecrstatus'
[21:32:26] [spechunter] [text] No direct matches found. Let me broaden the search to find any ACE-related CR infrastructure that may already exist.  
[21:32:26] [spechunter] [Grep] pattern='acecr|ACE.*CR|ace.*cr_status'
[21:32:26] [spechunter] [Grep] pattern='ACES|sstatus.*ACE|ace.*sstatus'
[21:32:26] [spechunter] [Grep] pattern='ACE|ace\\.clean|ace\\.reset'
[21:32:39] [spechunter] [text] The string "acecrstatus" doesn't appear anywhere in the current QEMU codebase. This is a new CSR being introduced by the...
[21:32:39] [spechunter] [Grep] pattern='ace_cr|ACE_CR|ace\\..*cr\\b|CR_STATE|cr_state'
[21:32:39] [spechunter] [Grep] pattern='sstatus.*ACE|ACES|acext|ace_ext|cpu_cfg_ext_ace|ext_ace'
[21:32:39] [spechunter] [Grep] pattern='scounteren|vscounteren|hcounteren'
[21:32:39] [spechunter] [Grep] pattern='V=1.*csr|csr.*V=1|riscv_csrrw.*v=1|virt.*csr|csr.*virtual'
[21:32:46] [spechunter] [text] No matches found for the specific entities. Let me search for the existing sstatus and CSR infrastructure to understand ...
[21:32:46] [spechunter] [Grep] pattern='sstatus.*field|mstatus.*ACES|ACE_STATE|ace_state'
[21:32:46] [spechunter] [Grep] pattern='ACES'
[21:32:46] [spechunter] [Grep] pattern='ACES'
[21:32:56] [spechunter] [Grep] pattern='virt.*scounteren|scounteren.*virt|V.*scounteren|scounteren.*V'
[21:32:56] [spechunter] [Grep] pattern='vs_counteren|vscounteren'
[21:32:56] [spechunter] [Grep] pattern='ace'
[21:33:07] [spechunter] [text] No matches found for the affected entities — these CSRs do not yet exist in the QEMU codebase. Let me look at the existi...
[21:33:07] [spechunter] [Grep] pattern='sstatus|vsstatus|SSTATUS'
[21:33:07] [spechunter] [Grep] pattern='RISCV_ISA_SUPER_CSR|RISCV_ISA_VIRT_CSR'
[21:33:07] [spechunter] [Glob] target/riscv/insn32/**/*.c
[21:33:17] [spechunter] [Grep] pattern='ace'
[21:33:17] [spechunter] [Grep] pattern='ace'
[21:33:17] [spechunter] [Grep] pattern='ace'
[21:33:35] [spechunter] [TodoWrite] 4 items
[21:33:37] [spechunter] [text] Let me also check for any existing ACE-related infrastructure and the CSR registration patterns
[21:33:37] [spechunter] [Grep] pattern='acecr|ace_cr|ACE.*extension|ext_ace'
[21:33:37] [spechunter] [Grep] pattern='CSR_SSTATUS'
[21:33:37] [spechunter] [Grep] pattern='csr_ops.*sstatus|sstatus.*csr_ops'
[21:33:52] [spechunter] [text] The affected entities do not yet exist in the QEMU RISC-V codebase — they need to be created. Let me identify the precis...
[21:33:52] [spechunter] [Grep] pattern='CSR_SSTATUS|\\[CSR_.*\\]'
[21:33:52] [spechunter] [Grep] pattern='#define CSR_SSTATUS|#define CSR_VSSTATUS|#define CSR_.*STATUS'
[21:33:52] [spechunter] [Grep] pattern='SSTATUS_SPELP|SSTATUS_SDT'
[21:34:09] [spechunter] [Grep] pattern='sscounterenw|ssccounterenw|scounterinhibit|enablew'
[21:34:09] [spechunter] [Grep] pattern='read_scounterinhibit|scountinhibit'
[21:34:09] [spechunter] [Grep] pattern='smode.*read|smode.*write|\\.csr_ops.*smode|privilege.*smode|s_count|srw'
[21:34:35] [spechunter] [text] Let me look at the CSR table registration area and search for any existing ACE-related definitions.  
[21:34:35] [spechunter] [Read] /home/yzs/riscv/qemu/target/riscv/csr.c
[21:34:35] [spechunter] [Grep] pattern='ext_zicfiss|ext_zicfilp|ext_zjpm|ext_smrnmi'
[21:34:35] [spechunter] [Grep] pattern='predicate_smrnmi|predicate_zicfilp|predicate_sm|predicate.*ace'
[21:34:39] [spechunter] [Read] /home/yzs/riscv/qemu/target/riscv/csr.c
[21:34:39] [spechunter] [Read] /home/yzs/riscv/qemu/target/riscv/csr.c
[21:34:39] [spechunter] [Read] /home/yzs/riscv/qemu/target/riscv/csr.c
[21:35:00] [spechunter] [text] Let me check for the CSR number ranges and the VS-mode CSR table area
[21:35:00] [spechunter] [Grep] pattern='CSR_VSSTATUS|\\[CSR_VS'
[21:35:00] [spechunter] [Grep] pattern='0x900|0x200.*CSR'
[21:35:00] [spechunter] [Read] /home/yzs/riscv/qemu/target/riscv/csr.c
[21:35:07] [spechunter] [text] Let me also check whether any ISA extension names related to "ACE" exist in cpu.h
[21:35:07] [spechunter] [Grep] pattern='ext_ace|ace_cr|ACE_CR'
[21:35:07] [spechunter] [Grep] pattern='acecr|sacecr'
[21:35:11] [spechunter] [text] Now let me look at the ACE-related CSR definitions and search for how the hypervisor V=1 delegation is handled for other...
[21:35:11] [spechunter] [Grep] pattern='virt_enabled'
[21:35:11] [spechunter] [Grep] pattern='SCOUNTINHIBIT|SCOUNTEREN|COUNTINHIBIT|COUNTEREN'
[21:35:11] [spechunter] [Grep] pattern='MENVCFG_CDE'
[21:35:28] [spechunter] [text] Let me check for any existing ACE/CR state in the CPUState and also search disas for completeness
[21:35:28] [spechunter] [Grep] pattern='ace.*cr|cr.*ace|ziccrse|Ziccrse'
[21:35:28] [spechunter] [Grep] pattern='acecrstatus|sacecrstatus'
[21:35:28] [spechunter] [Grep] pattern='ziccrse|smcdeleg|smcsps|smmpm|smcdeleg'
[21:35:29] [spechunter] [Read] /home/yzs/riscv/qemu/target/riscv/csr.c
[21:35:29] [spechunter] [Grep] pattern='CSR_VSCOUNTEREN|CSR_VSCOUNTERINHIBIT|VSCOUNTEREN|VSCOUNTINHIBIT|vs_counteren|vs_countinhibit'
[21:35:29] [spechunter] [Grep] pattern='CSR_VS|CSR_V'
[21:35:39] [spechunter] [text] Good — I found `ext_ziccrse` mentioned in the codebase but no `acecrstatus` CSRs. Let me now check what Ziccrse already ...
[21:35:39] [spechunter] [Grep] pattern='ziccrse|ext_ziccrse'
[21:35:39] [spechunter] [Grep] pattern='SSTATUS_'
[21:35:39] [spechunter] [Grep] pattern='CDE|cde'
[21:35:47] [spechunter] [Grep] pattern='SSTATUS64|VSSTATUS64'
[21:35:47] [spechunter] [Grep] pattern='CDE.*csr|csr.*cde|cde.*read|cde.*write|rmw.*cde'
[21:35:47] [spechunter] [Grep] pattern='MENVCFG_CDE|CDE'
[21:36:10] [spechunter] [Grep] pattern='#define CSR_.*0x900|0x90[0-9a-f]'
[21:36:10] [spechunter] [Grep] pattern='read_vsstatus|write_vsstatus|read_sstatus|write_sstatus'
[21:36:19] [spechunter] [Read] /home/yzs/riscv/qemu/target/riscv/csr.c
[21:36:19] [spechunter] [Grep] pattern='_ACES|ACES_|sstatus.*ace|ace.*sstatus'
[21:36:19] [spechunter] [Read] /home/yzs/riscv/qemu/target/riscv/csr.c
[21:36:20] [spechunter] [text] Now let me search for ACE extension in QEMU more broadly and look at the git diff of the current branch.  
[21:36:20] [spechunter] [Bash] Check recent commits
[21:36:20] [spechunter] [Bash] Check what the last commit changed
[21:36:20] [spechunter] [Grep] pattern='ace'
[21:36:33] [spechunter] [Bash] Show the diff from the last commit
[21:36:41] [spechunter] [text] Now let me check the remaining key files — `cpu.h` for state fields, `cpu_bits.h` for the relevant register/bit definiti...
[21:36:41] [spechunter] [Grep] pattern='uint64_t vsstatus|target_ulong vsstatus|mstatus'
[21:36:41] [spechunter] [Grep] pattern='csrrw|csrrs|csrrc'
[21:36:41] [spechunter] [Read] /home/yzs/riscv/qemu/target/riscv/cpu_bits.h
[21:36:58] [spechunter] [Glob] target/riscv/insn32/*trans*
[21:36:58] [spechunter] [Grep] pattern='csrrw|csrrs|csrrc|csr_ops|trans_privileged|CSR_OP'
[21:37:07] [spechunter] [text] Now let me dig deeper into the patterns that would affect the new ACE CR status CSRs
[21:37:07] [spechunter] [Read] /home/yzs/riscv/qemu/target/riscv/csr.c
[21:37:07] [spechunter] [Read] /home/yzs/riscv/qemu/target/riscv/csr.c
[21:37:12] [spechunter] [Glob] target/riscv/insn*/**/*.c
[21:37:12] [spechunter] [Grep] pattern='csr_op|csrrw|csrrs|csrrc|helper_csrrw|helper_csrrs|helper_csrrc'
[21:37:17] [spechunter] [text] Now let me look at the wider CSR delegation / V=1 redirect pattern and search for any ACE extension infrastructure
[21:37:17] [spechunter] [Agent] description, subagent_type
[21:37:25] [spechunter] [Grep] pattern='gdb_read_csr|gdb.*csr|csr.*gdb'
[21:37:25] [spechunter] [Grep] pattern='sstatus|vsstatus'
[21:37:25] [spechunter] [Grep] pattern='sstatus|vsstatus'
[21:38:04] [spechunter] [Grep] pattern='\\bace\\b'
[21:38:04] [spechunter] [Grep] pattern='ACE'
[21:38:04] [spechunter] [Grep] pattern='ssccfg|smcdeleg'
[21:38:04] [spechunter] [Grep] pattern='MENVCFG_CDE'
[21:38:04] [spechunter] [Grep] pattern='ext_ssccfg|ext_smcdeleg'
[21:38:04] [spechunter] [Grep] pattern='ACES'
[21:38:04] [spechunter] [Grep] pattern='saccr|acecr|crstatus'
[21:38:04] [spechunter] [Grep] pattern='0x10[0-9a-fA-F]|0x11[0-9a-fA-F]|0x12[0-9a-fA-F]|0x13[0-9a-fA-F]|0x14[0-9a-fA-F]|0x15[0-9a-fA-F]|0x16[0-9a-fA-F]|0x17[0-9a-fA-F]|0x18[0-9a-fA-F]|0x19[0-9a-fA-F]|0x1[a-fA-F][0-9a-fA-F]'
[21:38:45] [spechunter] [Grep] pattern='CDE|custom.datapath|custom.extension|sscdeleg'
[21:38:45] [spechunter] [Grep] pattern='menvcfg|senvcfg'
[21:38:45] [spechunter] [Grep] pattern='cr_status|CR_STATUS|cstatus|CRSTATUS'
[21:38:45] [spechunter] [Grep] pattern='ace_cr|acecr|ace_status'
[21:38:45] [spechunter] [Grep] pattern='ACE|CR_'
[21:38:45] [spechunter] [Grep] pattern='sstatus'
[21:39:22] [spechunter] [Read] /home/yzs/riscv/qemu/target/riscv/cpu_bits.h
[21:39:22] [spechunter] [Read] /home/yzs/riscv/qemu/target/riscv/cpu_bits.h
[21:39:22] [spechunter] [Read] /home/yzs/riscv/qemu/target/riscv/cpu_cfg_fields.h.inc
[21:39:22] [spechunter] [Read] /home/yzs/riscv/qemu/target/riscv/csr.c
[21:39:22] [spechunter] [Grep] pattern='SENVCFG|senvcfg'
[21:39:22] [spechunter] [Read] /home/yzs/riscv/qemu/target/riscv/machine.c
[21:39:51] [spechunter] [text] ```json {   "locations": [     {       "file_path": "target/riscv/cpu_bits.h",       "function_name": null,       "line_...
[21:39:56] [spechunter] [Read] /home/yzs/riscv/qemu/target/riscv/machine.c
[21:39:56] [spechunter] [Read] /home/yzs/riscv/qemu/target/riscv/csr.c
[21:39:56] [spechunter] [Read] /home/yzs/riscv/qemu/target/riscv/csr.c
[21:39:56] [spechunter] [Grep] pattern='scountinhibit|SCOUNTEREN'
[21:39:56] [spechunter] [Grep] pattern='0x1[2-9][0-9a-fA-F]|0x[2-9][0-9a-fA-F][0-9a-fA-F]'
[21:39:56] [spechunter] [Grep] pattern='attach|cache|custom'
[21:40:11] [spechunter] [Grep] pattern='CSR_VS'
[21:40:11] [spechunter] [Grep] pattern='sselect|sireg|siselect'
[21:40:11] [spechunter] [Grep] pattern='sctrctl|sctrstatus|vsctrctl'
[21:40:11] [spechunter] [Read] /home/yzs/riscv/qemu/target/riscv/csr.c
[21:40:11] [spechunter] [Grep] pattern='CSR_VSSTATUS|CSR_VSIP|CSR_VSIE|CSR_VSTVEC|CSR_VSSCRATCH|CSR_VSEPC|CSR_VSCAUSE|CSR_VSTVAL|CSR_VSATP'
[21:40:11] [spechunter] [Grep] pattern='vsstatus|vsscratch|vsepc|vscause|vstval|vsip|vsie|vsatp'
[21:40:21] [spechunter] [Grep] pattern='predicate_wrapper|PRED_VIRT|virt_enabled'
[21:40:21] [spechunter] [Read] /home/yzs/riscv/qemu/target/riscv/csr.c
[21:40:21] [spechunter] [Grep] pattern='CSR_VSISELECT|CSR_VSIREG|CSR_VSCTRCTL'
[21:40:21] [spechunter] [Grep] pattern='ssccfg|smcdeleg'
[21:40:21] [spechunter] [Grep] pattern='ISELECT_CD|counter.delegat'
[21:40:41] [spechunter] [Read] /home/yzs/riscv/qemu/target/riscv/cpu_bits.h
[21:40:41] [spechunter] [Read] /home/yzs/riscv/qemu/target/riscv/csr.c
[21:40:41] [spechunter] [Grep] pattern='CSR_SCTRCTL|CSR_SCTRSTATUS|CSR_SCTRDEPTH|CSR_VSCTRCTL|CSR_MCTRCTL'
[21:40:41] [spechunter] [Grep] pattern='smode\\b|hmode\\b|vmode\\b|smode32\\b'
[21:40:41] [spechunter] [Grep] pattern='\\bctr_smode\\b|\\bctr_hmode\\b'
[21:41:02] [spechunter] [Read] /home/yzs/riscv/qemu/target/riscv/csr.c
[21:41:02] [spechunter] [Read] /home/yzs/riscv/qemu/target/riscv/cpu_bits.h
[21:41:02] [spechunter] [Grep] pattern='CSR_VSSELECT|VS_SELECT|CSR_.*0x2'
[21:41:02] [spechunter] [Read] /home/yzs/riscv/qemu/target/riscv/csr.c
[21:41:02] [spechunter] [Grep] pattern='CSR_SCTRSTATUS|SCTRSTATUS'
[21:41:23] [spechunter] [Read] /home/yzs/riscv/qemu/target/riscv/cpu_bits.h
[21:41:23] [spechunter] [Grep] pattern='CSR_VSCOUNTINHIBIT|vscountinhibit'
[21:41:23] [spechunter] [Grep] pattern='cpu\\.cfg\\.ext_scr|ext_scr'
[21:41:23] [spechunter] [Grep] pattern='vs.*status|vs.*ctl'
[21:41:23] [spechunter] [Read] /home/yzs/riscv/qemu/target/riscv/cpu.h
[21:41:57] [spechunter] [Grep] pattern='sacecrstatus|acecrstatus|crstatus'
[21:41:57] [spechunter] [Grep] pattern='ext_ace|ext_cr|ext_scr'
[21:41:57] [spechunter] [Grep] pattern='sscdeleg|attached.cache'
[21:42:37] [spechunter] [Grep] pattern='CSR_SCOUNTEREN|CSR_SCOUNTINHIBIT'
[21:42:37] [spechunter] [Read] /home/yzs/riscv/qemu/target/riscv/csr.c
[21:42:37] [spechunter] [Grep] pattern='mcountinhibit|scountinhibit'
[21:42:37] [spechunter] [Grep] pattern='scountinhibit|senvcfg|menvcfg'
[21:42:59] [spechunter] [Grep] pattern='mstatus|MSTATUS|mstatush'
[21:42:59] [spechunter] [Grep] pattern='\\bace\\b'
[21:42:59] [spechunter] [Read] /home/yzs/riscv/qemu/target/riscv/cpu_bits.h
[21:44:12] [spechunter] [text] Now let me deeply investigate the CSR redirect pattern for V=1 and the privilege level handling.  
[21:44:12] [spechunter] [TodoWrite] 4 items
[21:44:19] [spechunter] [Read] /home/yzs/riscv/qemu/target/riscv/csr.c
[21:44:19] [spechunter] [Grep] pattern='virtual_inst_fault|v.*fault.*pred|virt.*pred.*csr'
[21:44:19] [spechunter] [Grep] pattern='ssccfg|smcdeleg|ext_ssccfg|ext_smcdeleg'
[21:44:35] [spechunter] [text] Now let me look at the CSR redirect pattern for S→VS when V=1 and the privilege model (`smode`, `hmode`) functions.  
[21:44:35] [spechunter] [Grep] pattern='^static RISCVException smode\\('
[21:44:35] [spechunter] [Grep] pattern='static RISCVException hmode\\('
[21:44:35] [spechunter] [Grep] pattern='static RISCVException umode\\('
[21:44:54] [spechunter] [Read] /home/yzs/riscv/qemu/target/riscv/csr.c
[21:45:53] [spechunter] [text] Now let me look at the full riscv_csrrw_do64 flow to understand how V=1 redirects work, and find the privilege-level fun...
[21:45:53] [spechunter] [Read] /home/yzs/riscv/qemu/target/riscv/csr.c
[21:45:53] [spechunter] [Grep] pattern='static inline int riscv_csrrw_check'
[21:46:07] [spechunter] [Grep] pattern='^static RISCVException riscv_csrrw_check'
[21:46:25] [spechunter] [Grep] pattern='csrrw_check'
[21:48:25] [spechunter] [text] ## Cross-Validation Analysis  **PR intent**: Add two new CSRs (`sacecrstatus`, `vsacecrstatus`) that mirror the `sstatus...
[21:49:01] [spechunter] [Grep] pattern='sacecrstatus|vsacecrstatus|acecrstatus'
[21:49:01] [spechunter] [Grep] pattern='ace.*crstatus|crstatus.*ace'
[21:49:01] [spechunter] [Glob] **/ace*
[21:49:17] [spechunter] [text] The provided code locations are all `:0-0` (empty), so I need to search the codebase for any ACE-related implementation....
[21:49:17] [spechunter] [Grep] pattern='sacecr|vsacecr|acecr|ACE.*crypto|ace.*status'
[21:49:17] [spechunter] [Grep] pattern='ACE|ace_'
[21:49:17] [spechunter] [Glob] **/spec_ref/**/*ace*
[21:49:17] [spechunter] [Glob] **/spec_ref/**/*ACE*
[21:49:44] [spechunter] [text] The broad "ACE" search is matching on many unrelated terms. Let me search more specifically for the cryptographic extens...
[21:49:44] [spechunter] [Grep] pattern='acecr|sacecr|vsacecr|ace_cr|ACE_CR'
[21:49:44] [spechunter] [Grep] pattern='acecr|sacecr|vsacecr'
[21:49:44] [spechunter] [Grep] pattern='CRYPT|zkg|zvk|zkn|zks|zkr|zbc|sm3|sm4|aes|sha'
[21:49:44] [spechunter] [Glob] **/crypto*
[21:50:28] [spechunter] [Grep] pattern='ace.*crypto|crypto.*reg|crypto.*status|crypto.*reg.*status'
[21:50:28] [spechunter] [Grep] pattern='crypto|CRYPT'
[21:50:28] [spechunter] [Grep] pattern='acecr|crypto.*status|ACE'
[21:50:28] [spechunter] [Glob] **/*ace*
[21:50:28] [spechunter] [Glob] **/*ACE*
[21:50:42] [spechunter] [text] Let me also check the spec_ref more broadly and look for any ACE/CR status-related documentation or spec files.  
[21:50:42] [spechunter] [Bash] List spec ref directories
[21:50:42] [spechunter] [Grep] pattern='sacecrstatus|vsacecrstatus|acecrstatus|ace.*crypto.*reg.*status'
[21:51:06] [spechunter] [Grep] pattern='ACE|ace_cr|crypto.*reg|cr_status'
[21:51:06] [spechunter] [Grep] pattern='ACE|ace_cr|crypto.*reg'
[21:51:06] [spechunter] [Bash] Search git history for ACE CR status related commits
[21:51:35] [spechunter] [text] Let me search more broadly - the ACE extension might use different naming patterns in the code
[21:51:35] [spechunter] [Grep] pattern='cr_status|CR_STATUS|crstatus'
[21:51:35] [spechunter] [Grep] pattern='ACES|aces|aces_status'
[21:51:35] [spechunter] [Bash] Search git history for ACES / crstatus
[21:51:35] [spechunter] [Grep] pattern='CRYPTO|crypto'
[21:51:47] [spechunter] [Read] /home/yzs/riscv/qemu/target/riscv/cpu_bits.h
[21:51:47] [spechunter] [Grep] pattern='zkg|zvk|zkn|zks|zkr|zbc|ZKG|ZVK|ZKN|ZKS|ZKR|ZBC'
[21:52:15] [spechunter] [text] Let me verify there's really no implementation and check the spec reference for these CSRs  
[21:52:15] [spechunter] [Grep] pattern='SEED|seed'
[21:52:15] [spechunter] [Bash] Search all RISC-V dirs for ACE/CR status
[21:52:15] [spechunter] [Grep] pattern='ace.*cr|cryptographic.*register|cr.*status|ACES'
[21:52:29] [spechunter] [Grep] pattern='ACES'
[21:52:29] [spechunter] [Grep] pattern='ACES|acecr|ace_cr'
[21:52:29] [spechunter] [Bash] Search ACE-specific CSRs in the RISC-V ISA spec
[21:52:56] [spechunter] [text] Let me also check if there's a separate high-assurance crypto spec repo and look for any related spec or implementation
[21:52:56] [spechunter] [Bash] Search all spec refs for ACE/CR status
[21:52:56] [spechunter] [Bash] Search for ACE/Crypto spec directories
[21:52:56] [spechunter] [Grep] pattern='mstatus|sstatus|ACES'
[21:53:03] [spechunter] [Bash] Search all spec refs for ACE/high-assurance crypto
[21:53:03] [spechunter] [Grep] pattern='sstatus.*aces|ACES|aces.status'
[21:53:10] [spechunter] [Grep] pattern='ace|ACE|crypto.*reg|cr.*status'
[21:53:10] [spechunter] [Bash] Search entire QEMU repo for acecr references (excluding .git and analysis files)
[21:54:05] [spechunter] [text] Here is my complete analysis:  ```json {   "findings": [     {       "file_path": "target/riscv/cpu_bits.h",       "func...
