[23:19:42] [spechunter] PR loaded: #868 riscv/riscv-cheri — "YTOPR"
[23:19:42] [spechunter]   diff: 6570 chars  body: 181 chars  reviews: 1
[23:19:42] [spechunter] Global pre-filter running...
[23:19:52] [spechunter] [text] {"should_skip": false}
[23:19:53] [spechunter] pre-filter: should_skip=False reason=""
[23:20:07] [spechunter] [text] {"should_skip": true, "skip_reason": "CHERI unprivileged instruction addition (GCTOP for reading capability top bound) w...
[23:20:12] [spechunter] [text] ```json {"should_skip": true, "skip_reason": "YTOPR is a pure unprivileged convenience instruction replacing GCBASE+GCLE...
[23:20:18] [spechunter] [text] {"should_skip": false}
[23:20:57] [spechunter] [text] ```json {   "violation_condition": "Kernel code computes a capability's top bound as saturating_add(GCBASE(cap), GCLEN(c...
[23:21:18] [spechunter] [TodoWrite] 6 items
[23:21:19] [spechunter] [Grep] pattern='GCTOP'
[23:21:19] [spechunter] [Grep] pattern='GCBASE'
[23:21:19] [spechunter] [Grep] pattern='GCLEN'
[23:21:19] [spechunter] [Grep] pattern='Zytopr'
[23:21:19] [spechunter] [Grep] pattern='ytopr'
[23:21:37] [spechunter] [text] Let me also search for the vulnerability pattern and related RISC-V capability/top references.  
[23:21:37] [spechunter] [Grep] pattern='saturating.*add.*(GCBASE|CGetBase|YBASER).*(GCLEN|CGetLen|YLENER)'
[23:21:37] [spechunter] [Grep] pattern='top\\s*=\\s*(base|GCBASE|csr_base).*\\+.*(len|GCLEN|csr_len)'
[23:21:37] [spechunter] [Grep] pattern='(((base)|(csr_base))\\s*\\+\\s*((len)|(csr_len)))'
[23:21:37] [spechunter] [Grep] pattern='cheriot'
[23:21:37] [spechunter] [Grep] pattern='gcbase|gctop|gclen'
[23:21:46] [spechunter] [Agent] description, subagent_type
[23:21:46] [spechunter] [Agent] description, subagent_type
[23:21:46] [spechunter] [Agent] description, subagent_type
[23:21:49] [spechunter] [text] ```json {   "locations": [] } ```  **No references found.** None of the affected entities — `GCTOP`, `GCBASE`, `GCLEN`, ...
[23:22:09] [spechunter] [Grep] pattern='base\\s*\\+\\s*len'
[23:22:09] [spechunter] [Grep] pattern='base\\s*\\+\\s*length'
[23:22:09] [spechunter] [Grep] pattern='addr\\s*\\+\\s*size'
[23:22:09] [spechunter] [Grep] pattern='saturating_add'
[23:22:09] [spechunter] [Grep] pattern='saturating_add'
[23:22:09] [spechunter] [Grep] pattern='top\\s*='
[23:22:09] [spechunter] [Grep] pattern='upper_bound'
[23:22:09] [spechunter] [Grep] pattern='capability|cap_bounds|bounds_check'
[23:22:09] [spechunter] [Grep] pattern='GCTOP'
[23:22:09] [spechunter] [Grep] pattern='GCBASE'
[23:22:09] [spechunter] [Grep] pattern='GCLEN'
[23:22:09] [spechunter] [Grep] pattern='Zytopr'
[23:22:09] [spechunter] [Grep] pattern='saturating_add'
[23:22:09] [spechunter] [Grep] pattern='CGetBase|CGetLen|CGetTop'
[23:22:09] [spechunter] [Grep] pattern='cheri_'
[23:22:09] [spechunter] [Glob] **/cheri*
[23:22:09] [spechunter] [Grep] pattern='cheri|capability'
[23:22:09] [spechunter] [Glob] **/cheri*
[23:22:12] [spechunter] [Glob] arch/riscv/kvm/**/*.c
[23:22:12] [spechunter] [Glob] arch/riscv/kvm/**/*.h
[23:22:12] [spechunter] [Grep] pattern='cheri|CHERI|capability|cap_'
[23:22:12] [spechunter] [Grep] pattern='cheri|CHERI|capability|cap_'
[23:22:12] [spechunter] [Grep] pattern='cheri|CHERI|capability|cap_'
[23:22:12] [spechunter] [Grep] pattern='csr_read|csr_write|csr_set|csr_clear|CSR_'
[23:22:12] [spechunter] [Grep] pattern='cheri|CHERI|capability'
[23:22:12] [spechunter] [Bash] Check if asm-offsets.c exists
[23:22:12] [spechunter] [Grep] pattern='switch_to|__switch_to'
[23:22:23] [spechunter] [Grep] pattern='cheri|CHERI'
[23:22:23] [spechunter] [Grep] pattern='capability'
[23:22:23] [spechunter] [Grep] pattern='cap|top.*base.*len|base.*len.*top'
[23:22:24] [spechunter] [Grep] pattern='base\\s*\\+\\s*(len|sz|size|length)'
[23:22:24] [spechunter] [Grep] pattern='(end|top|limit|bound)\\s*=\\s*(addr|base|start|ptr)\\s*\\+\\s*'
[23:22:24] [spechunter] [Grep] pattern='addr\\s*\\+\\s*(size|len|length)'
[23:22:24] [spechunter] [Grep] pattern='CHERI|cheri|cap_bounds|capability_t'
[23:22:24] [spechunter] [Grep] pattern='overflow|wrap|saturat'
[23:22:27] [spechunter] [Read] /home/yzs/riscv/linux/arch/riscv/kvm/vm.c
[23:22:27] [spechunter] [Read] /home/yzs/riscv/linux/arch/riscv/include/asm/csr.h
[23:22:27] [spechunter] [Read] /home/yzs/riscv/linux/arch/riscv/include/asm/switch_to.h
[23:22:27] [spechunter] [Read] /home/yzs/riscv/linux/arch/riscv/kernel/asm-offsets.c
[23:22:27] [spechunter] [Read] /home/yzs/riscv/linux/arch/riscv/include/asm/kvm_host.h
[23:22:27] [spechunter] [Read] /home/yzs/riscv/linux/arch/riscv/kernel/cpufeature.c
[23:22:27] [spechunter] [Read] /home/yzs/riscv/linux/arch/riscv/kvm/vcpu_onereg.c
[23:22:27] [spechunter] [Grep] pattern='cheri|CHERI|capability'
[23:22:41] [spechunter] [Read] /home/yzs/riscv/linux/arch/riscv/kernel/usercfi.c
[23:22:41] [spechunter] [Read] /home/yzs/riscv/linux/arch/riscv/kvm/gstage.c
[23:22:41] [spechunter] [Read] /home/yzs/riscv/linux/arch/riscv/kernel/patch.c
[23:22:41] [spechunter] [Read] /home/yzs/riscv/linux/arch/riscv/mm/pageattr.c
[23:22:41] [spechunter] [Read] /home/yzs/riscv/linux/arch/riscv/kernel/probes/kprobes.c
[23:22:41] [spechunter] [Grep] pattern='CHERI|CHERIOT|__capability|capability\\s*\\(|__CAPABILITY'
[23:22:54] [spechunter] [Read] /home/yzs/riscv/linux/arch/riscv/kvm/vcpu.c
[23:22:54] [spechunter] [Read] /home/yzs/riscv/linux/arch/riscv/include/asm/processor.h
[23:22:54] [spechunter] [Grep] pattern='cheri|CHERI'
[23:22:54] [spechunter] [Grep] pattern='cheri|CHERI'
[23:22:54] [spechunter] [Grep] pattern='__kvm_riscv_switch_to'
[23:22:54] [spechunter] [Grep] pattern='ccap|pcc|ddc|c3[012]|MSCRATCHC'
[23:22:54] [spechunter] [Read] /home/yzs/riscv/linux/arch/riscv/kvm/main.c
[23:22:59] [spechunter] [Grep] pattern='CHERI'
[23:22:59] [spechunter] [Grep] pattern='CHERI'
[23:22:59] [spechunter] [Grep] pattern='CHERI'
[23:22:59] [spechunter] [Grep] pattern='cheri'
[23:22:59] [spechunter] [Grep] pattern='capability'
[23:22:59] [spechunter] [Grep] pattern='capability'
[23:22:59] [spechunter] [Glob] **/*cheri*
[23:22:59] [spechunter] [Glob] **/*capability*
[23:22:59] [spechunter] [Grep] pattern='base.*length.*top|top.*base.*length'
[23:23:01] [spechunter] [Read] /home/yzs/riscv/linux/Documentation/devicetree/bindings/arm/arm,morello.yaml
[23:23:01] [spechunter] [Grep] pattern='__capability'
[23:23:01] [spechunter] [Grep] pattern='(top|end)\\s*=\\s*\\w+\\s*\\+\\s*(len|size|length)'
[23:23:01] [spechunter] [Grep] pattern='bounds.*check|check.*bounds|bounds_check|overflow_check'
[23:23:01] [spechunter] [Grep] pattern='check_zeroed_user|copy_from_user|copy_to_user|access_ok'
[23:23:23] [spechunter] [Read] /home/yzs/riscv/linux/arch/riscv/kvm/vcpu_switch.S
[23:23:23] [spechunter] [Grep] pattern='cheri|cheriot'
[23:23:23] [spechunter] [Grep] pattern='CONFIG_CHERI|CONFIG_RISCV_CHERI'
[23:23:23] [spechunter] [Grep] pattern='ncsr_read|ncsr_write|ncsr_swap'
[23:23:23] [spechunter] [Grep] pattern='nacl_csr|nacl_scratch'
[23:23:23] [spechunter] [Read] /home/yzs/riscv/linux/arch/riscv/include/asm/kvm_nacl.h
[23:23:24] [spechunter] [Read] /home/yzs/riscv/linux/arch/riscv/kernel/entry.S
[23:23:24] [spechunter] [Read] /home/yzs/riscv/linux/arch/riscv/include/asm/uaccess.h
[23:23:24] [spechunter] [Read] /home/yzs/riscv/linux/include/linux/compiler-context-analysis.h
[23:23:24] [spechunter] [Grep] pattern='(base|addr|ptr)\\s*\\+\\s*(size|len|length|offset)\\s*[<>!]'
[23:23:24] [spechunter] [Grep] pattern='_chk_user_ptr|__user|tagged_addr|untagged_addr'
[23:23:26] [spechunter] [Grep] pattern='cheri|capability'
[23:23:26] [spechunter] [Grep] pattern='CHERI|cheri'
[23:23:26] [spechunter] [Grep] pattern='CHERI'
[23:23:26] [spechunter] [Grep] pattern='allochi|cheri|alcheri'
[23:23:42] [spechunter] [Read] /home/yzs/riscv/linux/arch/riscv/kernel/hibernate.c
[23:23:42] [spechunter] [Grep] pattern='__access_ok'
[23:23:42] [spechunter] [Grep] pattern='end\\s*=\\s*start\\s*\\+\\s*size'
[23:23:42] [spechunter] [Grep] pattern='end\\s*=\\s*\\w+\\s*\\+\\s*(len|size)\\s*-'
[23:23:42] [spechunter] [Read] /home/yzs/riscv/linux/arch/riscv/net/bpf_jit_comp64.c
[23:23:42] [spechunter] [Grep] pattern='target_size|no_fail|MAX_ERRNO|untagged|pointer_ok'
[23:23:42] [spechunter] [Read] /home/yzs/riscv/linux/lib/crypto/riscv/poly1305-riscv.pl
[23:23:42] [spechunter] [Grep] pattern='alcheri|karicheri|Karicheri'
[23:23:42] [spechunter] [Grep] pattern='CHERI|capacity|cap'
[23:23:53] [spechunter] [Read] /home/yzs/riscv/linux/include/asm-generic/access_ok.h
[23:23:53] [spechunter] [Grep] pattern='(start|base|addr|ptr)\\s*\\+\\s*(sz|size|len|length)\\s*[<>!=]'
[23:23:53] [spechunter] [Grep] pattern='walk_page|page_table_range|pte_offset'
[23:23:53] [spechunter] [Grep] pattern='offset_in_page.*\\+.*len|len.*\\+.*offset_in_page'
[23:24:11] [spechunter] [Read] /home/yzs/riscv/linux/arch/riscv/kernel/hibernate.c
[23:24:11] [spechunter] [Grep] pattern='pointer_masking|pmask|pointer_mask|pm_enable'
[23:24:11] [spechunter] [Grep] pattern='TASK_SIZE|TASK_SIZE_MAX|user_addr_max'
[23:24:11] [spechunter] [Grep] pattern='flush_icache_range|flush_dcache_range'
[23:24:23] [spechunter] [Glob] arch/riscv/kernel/*switch*
[23:24:23] [spechunter] [Glob] arch/riscv/kernel/entry*
[23:24:23] [spechunter] [Grep] pattern='cheri|CHERI|morello|MORELLO'
[23:24:23] [spechunter] [Bash] List all .c and .S files in arch/riscv/kernel/
[23:24:26] [spechunter] [Read] /home/yzs/riscv/linux/arch/riscv/kernel/kgdb.c
[23:24:26] [spechunter] [Read] /home/yzs/riscv/linux/arch/riscv/net/bpf_jit.h
[23:24:26] [spechunter] [Grep] pattern='poe|PORTB|PORTA|.\\_PAGE_PO'
[23:24:26] [spechunter] [Grep] pattern='end\\s*=\\s*(addr|start|base|ptr)\\s*\\+\\s*(size|len)'
[23:24:26] [spechunter] [Grep] pattern='off_in_page|offset_in_page.*\\+'
[23:24:35] [spechunter] [Grep] pattern='__switch_to|context_switch|_save|_restore|csrr|csrw|csrrw'
[23:24:35] [spechunter] [Grep] pattern='cheri|CHERI|capability|cap_'
[23:24:35] [spechunter] [Grep] pattern='cheri|CHERI|capability|cap_'
[23:24:35] [spechunter] [Grep] pattern='cheri|CHERI|capability'
[23:24:37] [spechunter] [Read] /home/yzs/riscv/linux/arch/riscv/kernel/sbi.c
[23:24:37] [spechunter] [Read] /home/yzs/riscv/linux/arch/riscv/include/asm/cacheflush.h
[23:24:37] [spechunter] [Grep] pattern='saturating_add'
[23:24:37] [spechunter] [Grep] pattern='capability.*bound|bound.*capability|CHERI_RISC|riscv.*capability'
[23:24:37] [spechunter] [Read] /home/yzs/riscv/linux/arch/riscv/kernel/usercfi.c
[23:24:46] [spechunter] [Grep] pattern='__CHERI_PURE_CAPABILITY__'
[23:24:46] [spechunter] [Grep] pattern='__SIZEOF_POINTER__'
[23:24:46] [spechunter] [Grep] pattern='uintcap_t|intcap_t|__capability|__intcap'
[23:24:46] [spechunter] [Grep] pattern='csetaddr|csetbounds|csetoffset|cclear|cincoffset'
[23:24:46] [spechunter] [Grep] pattern='caddi|csc|clc|cmove|cload|cstore'
[23:24:46] [spechunter] [Grep] pattern='cheri|csetaddr|csetbounds|capability|__capability'
[23:24:46] [spechunter] [Grep] pattern='morello|Morello'
[23:24:52] [spechunter] [Read] /home/yzs/riscv/linux/arch/riscv/kernel/usercfi.c
[23:24:52] [spechunter] [Read] /home/yzs/riscv/linux/arch/riscv/mm/init.c
[23:24:52] [spechunter] [Read] /home/yzs/riscv/linux/arch/riscv/include/asm/pgtable.h
[23:24:52] [spechunter] [Grep] pattern='shadow_stack|shstk.*base|shstk.*size|set_shstk_base|get_shstk_base'
[23:24:52] [spechunter] [Read] /home/yzs/riscv/linux/arch/riscv/kernel/usercfi.c
[23:25:09] [spechunter] [Read] /home/yzs/riscv/linux/arch/riscv/kernel/usercfi.c
[23:25:09] [spechunter] [Read] /home/yzs/riscv/linux/arch/riscv/include/asm/usercfi.h
[23:25:09] [spechunter] [Grep] pattern='SCRIPTS|pmlen|pointer_mask'
[23:25:09] [spechunter] [Grep] pattern='pmlen'
[23:25:09] [spechunter] [Grep] pattern='TOP.*BASE|base.*top|upper.*(bound|limit)|lower.*(bound|limit)'
[23:25:25] [spechunter] [Read] /home/yzs/riscv/linux/arch/arm64/boot/dts/arm/morello-fvp.dts
[23:25:25] [spechunter] [Read] /home/yzs/riscv/linux/arch/arm64/boot/dts/arm/morello-sdp.dts
[23:25:25] [spechunter] [Grep] pattern='csetaddr|csetbounds|csetoffset|cclear|cincoffset'
[23:25:25] [spechunter] [Grep] pattern='CHERI|morello'
[23:25:25] [spechunter] [Grep] pattern='CHERIoT|cheriot'
[23:25:25] [spechunter] [Glob] **/*capability*
[23:25:28] [spechunter] [Read] /home/yzs/riscv/linux/arch/riscv/kernel/usercfi.c
[23:25:28] [spechunter] [Read] /home/yzs/riscv/linux/arch/riscv/kernel/signal.c
[23:25:28] [spechunter] [Read] /home/yzs/riscv/linux/arch/riscv/kernel/signal.c
[23:25:28] [spechunter] [Grep] pattern='end\\s*=\\s*\\w+\\s*\\+\\s*\\w+.*-\\s*1|end\\s*=\\s*\\w+\\s*\\+\\s*\\w+\\s*\\-\\s*\\w+'
[23:25:28] [spechunter] [Grep] pattern='check_object_size|__check_object_size'
[23:25:43] [spechunter] [Read] /home/yzs/riscv/linux/rust/kernel/uaccess.rs
[23:25:43] [spechunter] [Read] /home/yzs/riscv/linux/rust/kernel/uaccess.rs
[23:25:43] [spechunter] [Grep] pattern='addr\\s*\\+\\s*\\w+\\s*>\\s*\\w+|addr\\s*\\+\\s*\\w+\\s*<\\s*\\w+|check.*addr.*size|addr.*\\+.*size.*TASK'
[23:25:43] [spechunter] [Grep] pattern='va_start|va_end|range_start|range_end'
[23:25:43] [spechunter] [Grep] pattern='limit\\s*-\\s*size|limit\\s*-\\s*addr|addr\\s*<=\\s*\\w+\\s*-\\s*\\w+'
[23:26:06] [spechunter] [Read] /home/yzs/riscv/linux/mm/kasan/sw_tags.c
[23:26:06] [spechunter] [Read] /home/yzs/riscv/linux/mm/kasan/generic.c
[23:26:06] [spechunter] [Grep] pattern='start\\s*\\+\\s*size|start\\s*\\+\\s*len|addr\\s*\\+\\s*numpages|addr\\s*\\+\\s*length'
[23:26:06] [spechunter] [Grep] pattern='is_vmalloc_or_module_addr|untagged_addr'
[23:26:06] [spechunter] [Read] /home/yzs/riscv/linux/arch/riscv/mm/pageattr.c
[23:26:17] [spechunter] [Grep] pattern='check_add_overflow|add_would_overflow|overflow.*UADD'
[23:26:17] [spechunter] [Grep] pattern='addr\\s*\\+\\s*size\\s*<\\s*addr'
[23:26:17] [spechunter] [Grep] pattern='end\\s*=\\s*\\w+\\s*\\+\\s*\\w+\\s*-\\s*1'
[23:26:17] [spechunter] [Grep] pattern='max_mapped_addr|linear_map|PAGE_OFFSET.*\\+'
[23:28:30] [spechunter] [TodoWrite] 7 items
[23:28:43] [spechunter] [text] Let me deep-dive into the most semantically relevant files now.  
[23:28:43] [spechunter] [Read] /home/yzs/riscv/linux/arch/riscv/kernel/usercfi.c
[23:28:43] [spechunter] [Read] /home/yzs/riscv/linux/arch/riscv/include/asm/usercfi.h
[23:28:43] [spechunter] [Read] /home/yzs/riscv/linux/include/asm-generic/access_ok.h
[23:28:56] [spechunter] [Read] /home/yzs/riscv/linux/arch/riscv/kvm/gstage.c
[23:28:56] [spechunter] [Read] /home/yzs/riscv/linux/arch/riscv/mm/pageattr.c
[23:28:56] [spechunter] [Read] /home/yzs/riscv/linux/arch/riscv/mm/init.c
[23:29:09] [spechunter] [TodoWrite] 7 items
[23:29:18] [spechunter] [text] Now let me trace context-switch and CSR paths.  
[23:29:18] [spechunter] [Grep] pattern='CSR_ENVCFG|CSR_SSP|ssp|senvcfg'
[23:29:18] [spechunter] [Grep] pattern='envcfg|ssp|shadow.stack'
[23:29:18] [spechunter] [Grep] pattern='cheri|capability|cap.*csr|GCTOP|cap.*bounds'
[23:29:33] [spechunter] [Read] /home/yzs/riscv/linux/arch/riscv/include/asm/switch_to.h
[23:29:33] [spechunter] [Read] /home/yzs/riscv/linux/arch/riscv/include/asm/kvm_host.h
[23:29:40] [spechunter] [text] Now let me examine the KVM CSR save/restore paths and the Rust saturating_add patterns more closely.  
[23:29:40] [spechunter] [Grep] pattern='senvcfg|host_senvcfg'
[23:29:40] [spechunter] [Read] /home/yzs/riscv/linux/rust/kernel/uaccess.rs
[23:29:40] [spechunter] [Read] /home/yzs/riscv/linux/rust/kernel/uaccess.rs
[23:29:47] [spechunter] [Grep] pattern='senvcfg|host_senvcfg'
[23:29:47] [spechunter] [Grep] pattern='top|upper.bound|bounds'
[23:29:47] [spechunter] [Read] /home/yzs/riscv/linux/arch/riscv/include/asm/csr.h
[23:30:02] [spechunter] [text] Let me also check the deeper KVM CSR handling and bounds checking patterns.  
[23:30:02] [spechunter] [Read] /home/yzs/riscv/linux/arch/riscv/kvm/vcpu.c
[23:30:02] [spechunter] [Grep] pattern='saturating_add|saturating_int|checked_add|wrapping_add'
[23:30:02] [spechunter] [Grep] pattern='top.*=.*base.*\\+.*len|base.*\\+.*len|upper.*bound.*=.*base.*\\+'
[23:30:31] [spechunter] [Grep] pattern='cincoffset|CIncOffset|GCTOP|gctop|ytop'
[23:30:31] [spechunter] [Grep] pattern='base.*\\+.*size|addr.*\\+.*len|start.*\\+.*size'
[23:30:31] [spechunter] [Read] /home/yzs/riscv/linux/lib/crypto/riscv/poly1305-riscv.pl
[23:30:39] [spechunter] [Read] /home/yzs/riscv/linux/arch/riscv/kvm/mmu.c
[23:30:39] [spechunter] [Grep] pattern='src/cheri/attributes.adoc|cheri.*top|Zytop|ytopr|GCTOP'
[23:30:39] [spechunter] [Grep] pattern='cheri'
[23:31:16] [spechunter] [TodoWrite] 7 items
[23:32:29] [spechunter] [text] Now I have a complete picture of the codebase. Let me compile the findings.  This kernel tree has **zero CHERI support c...
[23:32:29] [spechunter] [TodoWrite] 7 items
[23:32:38] [spechunter] [text] ## Summary  This Linux kernel tree (7.0-rc5, master branch) contains **no CHERI ISA support code**. There are zero defin...
[23:33:01] [spechunter] [text] ## Cross-validation Result  Both input location sets are empty — nothing to cross-validate, deduplicate, or rank.  ```js...
[23:33:17] [spechunter] [text] I'll search the codebase for the vulnerability pattern described in the spec: software computation of capability top bou...
[23:33:17] [spechunter] [Grep] pattern='saturating.*add.*(GCBASE|CGetBase|YBASER).*(GCLEN|CGetLen|YLENER)|top\\s*=\\s*(base|GCBASE|csr_base).*\\+.*(len|GCLEN|csr_len)|(((base)|(csr_base))\\s*\\+\\s*((len)|(csr_len)))'
[23:33:17] [spechunter] [Grep] pattern='GCTOP|gctop|gc_top'
[23:33:17] [spechunter] [Grep] pattern='GCBASE|GCLEN|CGetBase|CGetLen|CGetTop|YBASER|YLENER|YTOPER'
[23:33:34] [spechunter] [text] Let me also check the RISC-V specific architecture code for any capability-related patterns.  
[23:33:34] [spechunter] [Grep] pattern='capability|CHERI|cap_bound|cap_top|top_bound'
[23:33:34] [spechunter] [Grep] pattern='saturating_add'
[23:33:47] [spechunter] [text] The initial search found no CHERI/capability-related code (GCBASE, GCLEN, CGetBase, CGetLen, CGetTop, YBASER, YLENER, YT...
[23:33:47] [spechunter] [Grep] pattern='CHERI|Morello|capability_mode|user_cap|cap_meta|sealed_cap|unseal_cap'
[23:33:47] [spechunter] [Grep] pattern='cheri|capability'
[23:33:47] [spechunter] [Grep] pattern='GCTOP|gctop'
[23:34:01] [spechunter] [text] The search is definitive. Let me confirm there's no CHERI capability code anywhere in the kernel source tree.  
[23:34:01] [spechunter] [Grep] pattern='cheriot|riscv_cheri|cheri_riscv|__CHERI|__cheri|cap_tight|cap_exact|representable'
[23:34:01] [spechunter] [Grep] pattern='ybase|ylen|ytop|YBAS|YLEN|YTOP'
[23:35:13] [spechunter] [text] Based on comprehensive analysis of the kernel tree, here is the finding:  ```json {   "findings": [     {       "file_pa...
[00:56:50] [spechunter] PR loaded: #868 riscv/riscv-cheri — "YTOPR"
[00:56:50] [spechunter]   diff: 6570 chars  body: 181 chars  reviews: 1
[00:56:50] [spechunter] Global pre-filter running...
[00:56:59] [spechunter] [text] {"should_skip": false}
[00:57:01] [spechunter] pre-filter: should_skip=False reason=""
[00:57:14] [spechunter] [text] {"should_skip": true, "skip_reason": "CHERI YTOPR is an unprivileged ISA instruction for reading capability top bounds w...
[00:57:16] [spechunter] [text] {"should_skip": false}
[00:57:25] [spechunter] [text] {"should_skip": false}
[00:57:28] [spechunter] [text] {"should_skip": true, "skip_reason": "CHERI capability extension (Zytopr) is not implemented by XiangShan; this adds a n...
[00:57:30] [spechunter] [text] {"should_skip": true, "skip_reason": "Adds YTOPR instruction to the CHERI capability extension (Zytopr), which FreeBSD's...
[00:57:55] [spechunter] [Read] /home/yzs/riscv/qemu/target/riscv/translate.c
[00:57:55] [spechunter] [Grep] pattern='gctype|gclen|gcbase|ytoper|ytopr|gctop|cheri.*top'
[00:58:03] [spechunter] [text] ```json {   "violation_condition": "Linux kernel capability-bounds validation code computes the top bound via saturating...
[00:58:06] [spechunter] [Grep] pattern='cheri|capability|cbld|scmode|gcmode'
[00:58:06] [spechunter] [Grep] pattern='GCBASE|GCLEN|GCTYPE|GCTOP|YTOPR|ytoper'
[00:58:22] [spechunter] [Grep] pattern='GCTOP|YTOPR|Zytopr|GCBASE|GCLEN'
[00:58:22] [spechunter] [Grep] pattern='saturating.*GCBASE.*GCLEN|GCBASE.*\\+.*GCLEN|top.*=.*base.*\\+.*len|ytopr|GCTOP|alternative.*Zytopr|riscv_has_extension.*Zytopr'
[00:58:35] [spechunter] [Grep] pattern='GCBASE|GCLEN|GCTOP'
[00:58:35] [spechunter] [Grep] pattern='ytopr|YTOPR|Zytopr'
[00:58:35] [spechunter] [Grep] pattern='riscv_has_extension'
[00:58:35] [spechunter] [Grep] pattern='cheri|capability'
[00:58:40] [spechunter] [text] No matches found for any of the target entities. Let me also do a broader search for any related CSR or extension refere...
[00:58:40] [spechunter] [Grep] pattern='ytopr|gctop|gclen|gcbase'
[00:58:40] [spechunter] [Grep] pattern='Zytopr'
[00:58:40] [spechunter] [Grep] pattern='cheri'
[00:58:51] [spechunter] [text] ```json {   "locations": [] } ```  The target entities — GCTOP, YTOPR, Zytopr, GCBASE, GCLEN — have **zero references** ...
[00:59:08] [spechunter] [text] Since CHERI is not yet implemented in this QEMU tree, I'm analyzing from the perspective of how the instruction *would* ...
[00:59:14] [spechunter] [text] No direct hits for GCBASE/GCLEN/GCTOP or Zytopr in the kernel source. Let me search deeper — CSRs, KVM emulation paths, ...
[00:59:14] [spechunter] [Grep] pattern='cheri|CHERI'
[00:59:14] [spechunter] [Grep] pattern='capability.*bound|bounds.*check|top.*base.*bound'
[00:59:14] [spechunter] [Grep] pattern='alternative|ALT_'
[00:59:14] [spechunter] [Grep] pattern='CSR.*cap|cap.*CSR|capability.*reg|reg.*capability'
[00:59:14] [spechunter] [Glob] arch/riscv/kvm/**/*.c
[00:59:27] [spechunter] [Agent] description, subagent_type
[00:59:29] [spechunter] [Grep] pattern='YTOPR'
[00:59:29] [spechunter] [Grep] pattern='GCBASE'
[00:59:29] [spechunter] [Grep] pattern='GCLEN'
[00:59:29] [spechunter] [Grep] pattern='ytopr'
[00:59:29] [spechunter] [Grep] pattern='cap_top'
[00:59:39] [spechunter] [Read] /home/yzs/riscv/linux/arch/riscv/include/asm/switch_to.h
[00:59:39] [spechunter] [Read] /home/yzs/riscv/linux/arch/riscv/kernel/cpufeature.c
[00:59:39] [spechunter] [Grep] pattern='CSR_|csr_read|csr_write|__asmnop|riscv_csr|cpu_csr'
[00:59:49] [spechunter] [Grep] pattern='ytopr|YTOPR'
[00:59:49] [spechunter] [Grep] pattern='cap_top|get_cap_top|\\.top\\b'
[00:59:49] [spechunter] [Grep] pattern='GCBASE|GCLEN|gcb_cap_top'
[00:59:49] [spechunter] [Grep] pattern='CSetBounds|CSetAddr|csetbounds|csetaddr'
[00:59:49] [spechunter] [Grep] pattern='cap_register_t|cap_t\\b|typedef.*cap_'
[00:59:53] [spechunter] [Grep] pattern='cheri'
[00:59:53] [spechunter] [Grep] pattern='capability'
[00:59:53] [spechunter] [Grep] pattern='get_cap_top'
[00:59:53] [spechunter] [Grep] pattern='top.*base.*len|cap.*top'
[01:00:07] [spechunter] [Grep] pattern='cheri'
[01:00:07] [spechunter] [Grep] pattern='cheri'
[01:00:07] [spechunter] [Glob] target/riscv/*cheri*
[01:00:07] [spechunter] [Glob] **/cheri*
[01:00:13] [spechunter] [Grep] pattern='cheri'
[01:00:13] [spechunter] [Grep] pattern='cap_top|cap_top_bs|\\.top\\s*[=,) ]'
[01:00:13] [spechunter] [Grep] pattern='ytopr|YTOPR'
[01:00:13] [spechunter] [Glob] **/cheri*
[01:00:13] [spechunter] [Glob] **/*cap*.[ch]
[01:00:28] [spechunter] [TodoWrite] 5 items
[01:00:30] [spechunter] [Grep] pattern='ytop'
[01:00:30] [spechunter] [Grep] pattern='gcbase'
[01:00:30] [spechunter] [Grep] pattern='gclen'
[01:00:30] [spechunter] [Grep] pattern='cheriot'
[01:00:31] [spechunter] [Bash] Check current branch and recent commits
[01:00:31] [spechunter] [Bash] List files in target/riscv directory
[01:00:31] [spechunter] [Grep] pattern='top\\s*=\\s*'
[01:00:31] [spechunter] [Bash] Search for CHERI branches
[01:00:50] [spechunter] [Grep] pattern='funct5.*00100|funct7.*0001000'
[01:00:50] [spechunter] [Grep] pattern='CAP_TOP|cap_top|GC_BASE|GC_LEN|YTOPR|gclen|gcbase'
[01:00:50] [spechunter] [Grep] pattern='opivv|opfvv|opmv'
[01:00:50] [spechunter] [Grep] pattern='vendor|chamber|genoa'
[01:00:54] [spechunter] [text] Let me trace through the context-switch flow, KVM CSR handling, and other relevant paths
[01:00:54] [spechunter] [Read] /home/yzs/riscv/linux/arch/riscv/kernel/process.c
[01:00:54] [spechunter] [Read] /home/yzs/riscv/linux/arch/riscv/include/asm/cpufeature.h
[01:00:54] [spechunter] [Read] /home/yzs/riscv/linux/arch/riscv/include/asm/csr.h
[01:00:59] [spechunter] [Grep] pattern='cheri|csetbounds|csetaddr|cgetbase|cgetlen|capability|sealed|unseal|representable'
[01:00:59] [spechunter] [Grep] pattern='GCBASE|GCLEN|capBounds|capAddr|capBase|capLen|capTop'
[01:00:59] [spechunter] [Grep] pattern='YIELD.*TOP|yieldtop'
[01:00:59] [spechunter] [Bash] Check if CHERI is in git log
[01:00:59] [spechunter] [Grep] pattern='feat_top|_top\\b.*capability|cap_.*_top|top.*bound|bound.*top'
[01:01:04] [spechunter] [text] Now let me trace the semantic paths — the context-switch assembly, KVM CSR emulation, and ptrace paths where capability ...
[01:01:04] [spechunter] [Read] /home/yzs/riscv/linux/arch/riscv/kernel/ptrace.c
[01:01:04] [spechunter] [Grep] pattern='__switch_to|switch_to'
[01:01:04] [spechunter] [Grep] pattern='kvm_riscv_csr|struct kvm_riscv_csr'
[01:01:13] [spechunter] [Grep] pattern='cheriot|cheri'
[01:01:13] [spechunter] [Grep] pattern='top.*field|metadata|cap_s'
[01:01:13] [spechunter] [Grep] pattern='zicond|zca|zcb|zcf|zcd|zcmb|zcmp|zcmt'
[01:01:13] [spechunter] [text] Let me look at the KVM CSR structure and the entry.S context switch, plus the hwcap definitions.  
[01:01:13] [spechunter] [Read] /home/yzs/riscv/linux/arch/riscv/include/uapi/asm/kvm.h
[01:01:13] [spechunter] [Read] /home/yzs/riscv/linux/arch/riscv/kernel/entry.S
[01:01:13] [spechunter] [Read] /home/yzs/riscv/linux/arch/riscv/kvm/vcpu_onereg.c
[01:01:32] [spechunter] [text] Now let me check a few more crucial files — the hwcap definitions, processor structure, and signal handling paths.  
[01:01:32] [spechunter] [Read] /home/yzs/riscv/linux/arch/riscv/include/asm/hwcap.h
[01:01:32] [spechunter] [Read] /home/yzs/riscv/linux/arch/riscv/include/asm/processor.h
[01:01:32] [spechunter] [Grep] pattern='capability|CHERI|cap_reg|cap_csr|GCBASE|GCLEN|GCTOP'
[01:01:39] [spechunter] [text] ```json {   "locations": [],   "summary": "No references found for YTOPR, GCBASE, GCLEN, or capability metadata (top fie...
[01:01:41] [spechunter] [Grep] pattern='cheri'
[01:01:41] [spechunter] [Grep] pattern='cheri'
[01:01:41] [spechunter] [Grep] pattern='cheri'
[01:01:41] [spechunter] [Grep] pattern='riscv.*cheri|cheri.*riscv|riscv_cheri|cheri_riscv'
[01:01:41] [spechunter] [Grep] pattern='TARGET_CHERI|CONFIG_CHERI|HAVE_CHERI'
[01:02:49] [spechunter] [Grep] pattern='cheri|CHERI|capability|YTOPR|GCBASE|GCLEN|CSetBounds|CSetAddr|cap_top|get_cap'
[01:02:49] [spechunter] [Grep] pattern='cheri|CHERI|capability|YTOPR'
[01:02:57] [spechunter] [Grep] pattern='cheri|CHERI|YTOPR'
[01:02:57] [spechunter] [Grep] pattern='cheri|CHERI|YTOPR'
[01:02:57] [spechunter] [TodoWrite] 5 items
[01:03:33] [spechunter] [text] This QEMU repository contains **no CHERI capability extension code** whatsoever. After exhaustive searching, there are n...
[01:03:44] [spechunter] [text] Let me check a few more key files before compiling the final results
[01:03:44] [spechunter] [Read] /home/yzs/riscv/linux/arch/riscv/include/asm/cpufeature-macros.h
[01:03:44] [spechunter] [Grep] pattern='signal|sigframe|sigret'
[01:03:44] [spechunter] [Grep] pattern='add.*overflow|saturat|underflow|bounds.*check|top.*base.*\\+|base.*\\+.*bound'
[01:04:00] [spechunter] [text] Let me investigate the working tree and recent commit to understand the actual PR context, since the title "YTOPR" appea...
[01:04:00] [spechunter] [Bash] Show working tree diff for riscv-iommu.c
[01:04:00] [spechunter] [Bash] Recent commit history
[01:04:00] [spechunter] [Bash] Show HEAD commit details
[01:04:20] [spechunter] [Bash] Show diff between master and current branch HEAD
[01:04:20] [spechunter] [Bash] Commits on branch not on master
[01:04:25] [spechunter] [TodoWrite] 5 items
[01:04:38] [spechunter] [text] Now let me verify the key code that supports the committed fix.  
[01:04:38] [spechunter] [Grep] pattern='MENVCFG_CDE'
[01:04:38] [spechunter] [Grep] pattern='scountinhibit_pred'
[01:04:46] [spechunter] [Read] /home/yzs/riscv/qemu/target/riscv/csr.c
[01:05:19] [spechunter] [text] Now let me verify the CSR registration entry
[01:05:19] [spechunter] [Read] /home/yzs/riscv/qemu/target/riscv/csr.c
[01:05:19] [spechunter] [Read] /home/yzs/riscv/qemu/target/riscv/cpu_bits.h
[01:05:45] [spechunter] [text] Now let me check the working tree change to understand if it's relevant to this branch.  
[01:05:45] [spechunter] [Read] /home/yzs/riscv/qemu/hw/riscv/riscv-iommu.c
[01:06:19] [spechunter] [Bash] Show full commit message of HEAD
[01:06:19] [spechunter] [Grep] pattern='scountinhibit'
[01:06:52] [spechunter] [text] The semantic audit is complete. All 14 integration scaffold locations across the kernel have been cataloged — from CSR d...
[01:06:53] [spechunter] [text] Now let me check the read/write functions for completeness
[01:06:53] [spechunter] [Read] /home/yzs/riscv/qemu/target/riscv/csr.c
[01:07:15] [spechunter] [text] I'll search the codebase for references to RISC-V TOP CSR and related CHERI/pointer-masking functionality
[01:07:15] [spechunter] [Grep] pattern='TOP|ytopr|YTOPR'
[01:07:15] [spechunter] [Grep] pattern='CSR_TOP|csr_top|TOP_CSR|ytopr'
[01:07:15] [spechunter] [Grep] pattern='cheri|CHERI|capability|cheriot'
[01:07:15] [spechunter] [Grep] pattern='pm\\.top|pm_top|pointer_mask.*top|pmcfg|PMPCFG|pmpcfg'
[01:07:35] [spechunter] [text] Now I have a full picture. Let me cross-validate the locations for this emulation correctness fix.  ## Final Location Se...
[01:07:59] [spechunter] [text] I'll start by searching for the relevant code patterns in the QEMU codebase
[01:07:59] [spechunter] [Agent] description, prompt
[01:08:08] [spechunter] [text] Let me check the CHERI reference in sbi.h and look for any existing pointer masking or CHERI-related CSR definitions
[01:08:08] [spechunter] [Grep] pattern='cheri|CHERI'
[01:08:08] [spechunter] [Grep] pattern='ytop|YTOP|ytopr|YTOPR'
[01:08:08] [spechunter] [Grep] pattern='pointer_mask|pointer.mask|ptr_mask|senvcfg|menvcfg.*PM|PME|Smnpm|Ssnpm|Smmpm'
[01:08:08] [spechunter] [Grep] pattern='capability.*top|cap.*bound|top.*bound|cheriot'
[01:08:20] [spechunter] [Grep] pattern='get_cap_top'
[01:08:20] [spechunter] [Grep] pattern='[Yy][Tt][Oo][Pp][Rr]'
[01:08:20] [spechunter] [Grep] pattern='cap_top'
[01:08:20] [spechunter] [Grep] pattern='top\\s*=\\s*base'
[01:08:20] [spechunter] [Grep] pattern='cap_top_update'
[01:08:20] [spechunter] [Grep] pattern='helper.*ytopr'
[01:08:53] [spechunter] [text] Both the fast-path (entity-index) and slow-path (semantic) pipelines returned zero locations, and my own exhaustive sear...
[01:08:57] [spechunter] [Grep] pattern='capability'
[01:08:57] [spechunter] [Grep] pattern='cheri|CHERI'
[01:08:57] [spechunter] [Grep] pattern='opcode.*ytopr|ytopr.*opcode|funct5.*top|top.*funct5'
[01:08:57] [spechunter] [Grep] pattern='cap_'
[01:08:57] [spechunter] [Grep] pattern='top_skip|top_correction|bound|representable'
[01:08:57] [spechunter] [Glob] target/riscv/**/*cap*
[01:08:57] [spechunter] [Glob] target/riscv/**/*cheri*
[01:09:36] [spechunter] [text] I'll start by searching the kernel codebase for code locations matching the vulnerability pattern, and also look at the ...
[01:09:36] [spechunter] [Agent] description, prompt
[01:09:36] [spechunter] [Agent] description, prompt
[01:09:41] [spechunter] [Grep] pattern='capability'
[01:09:41] [spechunter] [Grep] pattern='capability'
[01:09:41] [spechunter] [Grep] pattern='cap_'
[01:09:41] [spechunter] [Grep] pattern='ytopr|YTOPR'
[01:09:41] [spechunter] [Grep] pattern='vmstate.*cap|cap.*vmstate'
[01:09:41] [spechunter] [Grep] pattern='opcode|funct5|funct3'
[01:09:56] [spechunter] [Bash] List all files under spec_ref directory
[01:09:56] [spechunter] [Bash] List top-level content of spec_ref
[01:10:02] [spechunter] [Grep] pattern='cheri|CHERI|capability.*pointer|sealed.*cap|cap.*sealed'
[01:10:02] [spechunter] [Grep] pattern='cflags|cperms|cursor_base|cap_register|capreg|cap_reg'
[01:10:02] [spechunter] [Bash] Check recent git commits
[01:10:02] [spechunter] [Bash] List git branches
[01:10:02] [spechunter] [Grep] pattern='ytopr'
[01:10:02] [spechunter] [Grep] pattern='GCTOP|gctop'
[01:10:02] [spechunter] [Grep] pattern='GCBASE|gcbase'
[01:10:02] [spechunter] [Grep] pattern='GCLEN|gclen'
[01:10:02] [spechunter] [Grep] pattern='Zytopr'
[01:10:02] [spechunter] [Grep] pattern='riscv_has_extension.*Zytopr'
[01:10:02] [spechunter] [Grep] pattern='top\\s*=.*base\\s*\\+.*len|saturating.*GCBASE'
[01:10:19] [spechunter] [Grep] pattern='Zytopr'
[01:10:19] [spechunter] [Grep] pattern='GCTOP'
[01:10:19] [spechunter] [Grep] pattern='GCBASE'
[01:10:19] [spechunter] [Grep] pattern='GCLEN'
[01:10:19] [spechunter] [Grep] pattern='capabilit(y|ies).*bound'
[01:10:19] [spechunter] [Grep] pattern='CHERI'
[01:10:29] [spechunter] [Grep] pattern='riscv_has_extension.*ytop|riscv_has_extension.*gctop|riscv_has_extension.*gcbase'
[01:10:29] [spechunter] [Grep] pattern='ytop|gctop|gcbase|gclen|zytopr'
[01:10:29] [spechunter] [Grep] pattern='capability.*bound|bound.*validat|capability.*check|cheri|Zcheri'
[01:10:29] [spechunter] [Grep] pattern='RISCV_ISA_EXT.*ytop|RISCV_ISA_EXT.*gct|RISCV_ISA_EXT.*gcb'
[01:10:32] [spechunter] [Grep] pattern='cap|sealed|otype|bounds'
[01:10:32] [spechunter] [Grep] pattern='DEF_HELPER|HELPER'
[01:10:32] [spechunter] [Grep] pattern='opcode_'
[01:10:32] [spechunter] [Grep] pattern='top'
[01:10:32] [spechunter] [Grep] pattern='top|base.*cap|cap.*base'
[01:10:32] [spechunter] [Grep] pattern='vmstate'
[01:10:50] [spechunter] [Grep] pattern='cheri|capability|Zcheri|morello|CHERI'
[01:10:50] [spechunter] [Grep] pattern='cheri|capability|Zcheri|morello|CHERI'
[01:10:50] [spechunter] [Read] /home/yzs/riscv/linux/Documentation/devicetree/bindings/arm/arm,morello.yaml
[01:10:50] [spechunter] [Grep] pattern='capability'
[01:10:50] [spechunter] [Grep] pattern='RISCV_ISA_EXT'
[01:10:59] [spechunter] [Read] /home/yzs/riscv/rv-isa-sec/spec_ref/riscv-cheri/src/cheri/insns/gctop_32bit.adoc
[01:10:59] [spechunter] [Read] /home/yzs/riscv/rv-isa-sec/spec_ref/riscv-cheri/src/cheri/insns/gcbase_32bit.adoc
[01:10:59] [spechunter] [Read] /home/yzs/riscv/rv-isa-sec/spec_ref/riscv-cheri/src/cheri/insns/gclen_32bit.adoc
[01:10:59] [spechunter] [Read] /home/yzs/riscv/rv-isa-sec/spec_ref/riscv-cheri/src/cheri/attributes.adoc
[01:10:59] [spechunter] [Read] /home/yzs/riscv/rv-isa-sec/spec_ref/riscv-cheri/src/cheri/riscv-unpriv-integration.adoc
[01:10:59] [spechunter] [Read] /home/yzs/riscv/rv-isa-sec/spec_ref/riscv-cheri/src/cheri/scripts/generate_tables.py
[01:11:05] [spechunter] [Grep] pattern='cheri|CHERI|ytopr|YTOPR|cap_top|cap_base|cap_bound|captable|cap_table|cap_load|cap_store|cap_seal|cap_unseal|cap_inspect|cap_modify'
[01:11:05] [spechunter] [Bash] Search git tags for cheri-related tags
[01:11:05] [spechunter] [Bash] Search git branches for cheri-related branches
[01:11:05] [spechunter] [Grep] pattern='pointer.*auth|pauth|PAC|ptrauth|memory.*tag|MTE|memtag|tag_mem'
[01:11:05] [spechunter] [Grep] pattern='gpr|register.*array|struct.*CPURISCVState'
[01:11:05] [spechunter] [Grep] pattern='gen_helper|helper_call'
[01:11:17] [spechunter] [Grep] pattern='rvy_topr_insn_ext_name|Zytopr|YTOPR'
[01:11:17] [spechunter] [Grep] pattern='cheri_base_ext_name'
[01:11:17] [spechunter] [Read] /home/yzs/riscv/rv-isa-sec/spec_ref/riscv-cheri/src/cheri/riscv-unpriv-integration.adoc
[01:11:17] [spechunter] [Read] /home/yzs/riscv/rv-isa-sec/spec_ref/riscv-cheri/src/cheri/attributes.adoc
[01:11:17] [spechunter] [Read] /home/yzs/riscv/rv-isa-sec/spec_ref/riscv-cheri/src/cheri/csv/CHERI_ISA.csv
[01:11:22] [spechunter] [Grep] pattern='ytopr|YTOPR|cap_top|get_cap_top|cap_top_update'
[01:11:22] [spechunter] [Grep] pattern='CHERI|cheri_capability|capability_register|capreg'
[01:11:22] [spechunter] [Grep] pattern='zicfilp|zicfiss|elp|ssp|shadow_stack|shadow-stack|lpad'
[01:11:22] [spechunter] [Read] /home/yzs/riscv/qemu/target/riscv/cpu.h
[01:11:27] [spechunter] [Read] /home/yzs/riscv/linux/arch/riscv/include/asm/hwcap.h
[01:11:27] [spechunter] [Grep] pattern='capability.*bound|bound.*check|cap.*check|cap.*valid'
[01:11:27] [spechunter] [Grep] pattern='bounds|cap_bounds|capability_bounds'
[01:11:27] [spechunter] [Grep] pattern='zytopr|gctop|gcbase|gclen'
[01:11:32] [spechunter] [Grep] pattern='rvy_topr_insn_ext_name'
[01:11:32] [spechunter] [Read] /home/yzs/riscv/rv-isa-sec/spec_ref/riscv-cheri/src/cheri/rvy64-encoding.adoc
[01:11:32] [spechunter] [Read] /home/yzs/riscv/rv-isa-sec/spec_ref/riscv-cheri/src/cheri/riscv-unpriv-integration.adoc
[01:11:32] [spechunter] [Read] /home/yzs/riscv/rv-isa-sec/spec_ref/riscv-cheri/src/cheri/attributes.adoc
[01:11:32] [spechunter] [Read] /home/yzs/riscv/rv-isa-sec/spec_ref/riscv-cheri/src/cheri/insns/gctag_32bit.adoc
[01:11:32] [spechunter] [Read] /home/yzs/riscv/rv-isa-sec/spec_ref/riscv-cheri/src/cheri/insns/gcperm_32bit.adoc
[01:11:34] [spechunter] [Grep] pattern='ytopr|YTOPR|cap_top|CHERI|cheri|captab|cap_tab|capability'
[01:11:34] [spechunter] [Grep] pattern='cheri|cap_top|ytopr'
[01:11:34] [spechunter] [Grep] pattern='cheri|cap_top|ytopr|capability.*pointer|sealed|capture|cap_reg|capreg|cap_load|cap_store|cap_move|cap_mov|cap_set|cap_get|cap_addr|cap_size|cap_perm|capperm|capflag|captab|croot|cap_root|capbounds|cap_bounds|capbound_set|capboundexact|caproundexact'
[01:11:34] [spechunter] [Bash] Search git history for CHERI/ytoPR mentions
[01:11:34] [spechunter] [Bash] Check git remotes
[01:11:46] [spechunter] [Grep] pattern='rvy_topr|rvy_bnd|rvy_insp|Zytopr'
[01:11:46] [spechunter] [Read] /home/yzs/riscv/rv-isa-sec/spec_ref/riscv-cheri/src/cheri/attributes.adoc
[01:11:46] [spechunter] [Read] /home/yzs/riscv/rv-isa-sec/spec_ref/riscv-cheri/src/cheri/rvy64-encoding.adoc
[01:11:46] [spechunter] [Read] /home/yzs/riscv/rv-isa-sec/spec_ref/riscv-cheri/src/cheri/rvy64-encoding.adoc
[01:11:46] [spechunter] [Read] /home/yzs/riscv/rv-isa-sec/spec_ref/riscv-cheri/src/cheri/rvy64-encoding.adoc
[01:12:03] [spechunter] [Grep] pattern='rvy_topr_insn_ext_name'
[01:12:03] [spechunter] [Grep] pattern='rvy_topr'
[01:12:03] [spechunter] [Bash] List contents of riscv-isa-manual directory
[01:12:03] [spechunter] [Grep] pattern='CHERI|GCTOP|GCBASE|GCLEN|Zytopr|capability.bound'
[01:12:03] [spechunter] [Read] /home/yzs/riscv/rv-isa-sec/spec_ref/riscv-cheri/src/cheri/insns/gctype_32bit.adoc
[01:12:11] [spechunter] [Grep] pattern='cheri|capability|CHERI|Zcheri|morello|Zytopr|ytopr'
[01:12:11] [spechunter] [Grep] pattern='Zytopr|ytopr|GCTOP|gctop|GCBASE|gcbase|GCLEN|gclen'
[01:12:11] [spechunter] [Grep] pattern='Zytopr|ytopr|GCTOP|gctop|GCBASE|gcbase|GCLEN|gclen'
[01:12:11] [spechunter] [Bash] Search git history for Zytopr-related commits
[01:12:11] [spechunter] [Grep] pattern='Zytopr|ytopr|GCTOP|gctop|GCBASE|gcbase|GCLEN|gclen'
[01:12:18] [spechunter] [text] Let me verify independently with a few targeted searches.  
[01:12:18] [spechunter] [Grep] pattern='cap_top|get_cap_top|YTOPR|ytopr'
[01:12:18] [spechunter] [Grep] pattern='cheri|CHERI'
[01:12:18] [spechunter] [Grep] pattern='cap_reg|capreg|cap_base|cursor_base'
[01:12:20] [spechunter] [Grep] pattern='rvy_topr_insn_ext_name\\s*:'
[01:12:20] [spechunter] [Read] /home/yzs/riscv/rv-isa-sec/spec_ref/riscv-cheri/src/cheri/attributes.adoc
[01:12:20] [spechunter] [Grep] pattern='topr_insn'
[01:12:31] [spechunter] [Read] /home/yzs/riscv/rv-isa-sec/spec_ref/riscv-cheri/src/cheri/scripts/generate_tables.py
[01:12:31] [spechunter] [Read] /home/yzs/riscv/rv-isa-sec/spec_ref/riscv-cheri/src/cheri/riscv-unpriv-integration.adoc
[01:12:31] [spechunter] [Read] /home/yzs/riscv/rv-isa-sec/spec_ref/riscv-cheri/src/cheri/insns/gchi_32bit.adoc
[01:12:31] [spechunter] [Read] /home/yzs/riscv/rv-isa-sec/spec_ref/riscv-cheri/src/cheri/insns/gcmode_32bit.adoc
[01:12:36] [spechunter] [Bash] Check recent git commits
[01:12:36] [spechunter] [Grep] pattern='Zytopr|ytopr|GCTOP|gctop|GCBASE|gcbase|GCLEN|gclen'
[01:12:36] [spechunter] [Bash] List git branches
[01:12:39] [spechunter] [text] The search confirms there is **no CHERI capability code** (no `get_cap_top`, no `YTOPR`, no `cap_top`, no capability reg...
[01:14:48] [spechunter] [text] Let me read the key spec documents for precise citations
[01:14:48] [spechunter] [Read] /home/yzs/riscv/rv-isa-sec/spec_ref/riscv-cheri/src/cheri/insns/gctop_32bit.adoc
[01:14:48] [spechunter] [Read] /home/yzs/riscv/rv-isa-sec/spec_ref/riscv-cheri/src/cheri/insns/gclen_32bit.adoc
[01:14:48] [spechunter] [Read] /home/yzs/riscv/rv-isa-sec/spec_ref/riscv-cheri/src/cheri/riscv-unpriv-integration.adoc
[01:15:11] [spechunter] [text] Now I have all the information needed for the analysis. Let me verify there truly is no Zytopr-related code in the kerne...
[01:15:11] [spechunter] [Grep] pattern='ytopr|Zytopr|GCTOP|gctop|GCBASE|gcbase|GCLEN'
[01:16:18] [spechunter] [text] The kernel tree has no Zytopr extension support whatsoever — no CSR definitions, no `riscv_has_extension` checks, no cap...
