[12:30:40] [spechunter] PR loaded: #2979 riscv/riscv-isa-manual — "Add Zvfofp8min v0.9 spec"
[12:30:40] [spechunter]   diff: 6231 chars  body: 1 chars  reviews: 0
[12:30:40] [spechunter] Global pre-filter running...
[12:30:49] [spechunter] [text] {"should_skip": false}
[12:30:51] [spechunter] pre-filter: should_skip=False reason=""
[12:31:14] [spechunter] [text] {"should_skip": false}
[12:31:15] [spechunter] [text] {"should_skip": true, "skip_reason": "Zvfofp8min is an unprivileged vector floating-point extension (OFP8 formats) for a...
[12:31:17] [spechunter] [text] {"should_skip": true, "skip_reason": "Zvfofp8min is an unratified (v0.9) AI-specific extension for 8-bit floating-point ...
[12:31:17] [spechunter] [text] {"should_skip": true, "skip_reason": "Zvfofp8min is a purely unprivileged vector extension adding OFP8 conversion instru...
[12:31:24] [spechunter] [text] {"should_skip": true, "skip_reason": "Zvfofp8min is a pure unprivileged vector extension for 8-bit floating-point comput...
[12:32:12] [spechunter] [text] {  
[12:32:12] [spechunter] [Grep] pattern='vfncvt.*emul|EMUL.*vfncvt|narrow.*emul|emul.*narrow'
[12:32:12] [spechunter] [Grep] pattern='altfmt|s->altfmt|set_altfmt|alt_fmt'
[12:32:40] [spechunter] [Grep] pattern='altfmt'
[12:32:40] [spechunter] [Grep] pattern='altfmt'
[12:32:40] [spechunter] [Grep] pattern='vfncvtbf16|vfwcvtbf16'
[12:33:43] [spechunter] [Grep] pattern='opfv_narrow_check|vext_check_narrow|require_narrow'
[12:33:43] [spechunter] [Grep] pattern='vfncvtbf16\\.f\\.f\\.w|vfncvt_bf16|vfncvtbf16'
[12:34:53] [spechunter] [text] Now let me check how the `vext_check_sd` and related narrow checks work, and whether any 4× narrow exists.  
[12:34:53] [spechunter] [Grep] pattern='vext_check_sd\\b'
[12:34:53] [spechunter] [Grep] pattern='vext_check_single|vext_check_ds|vext_check_dd|vext_check_dss'
[12:35:21] [spechunter] [Grep] pattern='vext_narrow_check_common'
[12:36:05] [spechunter] [text] ```json {   "violation_condition": "QEMU implements vfncvt.f.f.q (FP32→OFP8 quad-width narrowing) reusing the existing o...
[12:36:22] [spechunter] [Grep] pattern='vfncvt\\.f\\.f\\.q'
[12:36:22] [spechunter] [Grep] pattern='vfncvt\\.sat\\.f\\.f\\.q'
[12:36:22] [spechunter] [Grep] pattern='vext_check_sd'
[12:36:22] [spechunter] [Grep] pattern='vext_narrow_check_common'
[12:36:31] [spechunter] [TodoWrite] 6 items
[12:36:32] [spechunter] [Grep] pattern='quad.*narrow|vnarrow.*quad|EMUL.*4|emu[lL].*4'
[12:36:32] [spechunter] [Grep] pattern='vext_check.*quad'
[12:36:32] [spechunter] [Grep] pattern='vfncvt'
[12:36:45] [spechunter] [Grep] pattern='vext_narrow_check_common|vext_check_sd|opfv_narrow_check'
[12:36:45] [spechunter] [Grep] pattern='vfncvt\\.f\\.f\\.q|vfncvt\\.sat\\.f\\.f\\.q'
[12:36:45] [spechunter] [Glob] **/target/riscv/**/*vector*
[12:36:45] [spechunter] [Glob] **/target/riscv/*vector*
[12:36:54] [spechunter] [Grep] pattern='vext_narrow_check_common|vext_check_sd|opfv_narrow_check'
[12:36:54] [spechunter] [Grep] pattern='vfncvt'
[12:37:08] [spechunter] [Read] /home/yzs/riscv/qemu/target/riscv/insn_trans/trans_rvv.c.inc
[12:37:08] [spechunter] [Grep] pattern='Zvfofp8min|zvfofp8min|zvfofp8'
[12:37:08] [spechunter] [Grep] pattern='OPFVV1.*H4.*H8|OPFVV1.*H8'
[12:37:12] [spechunter] [Read] /home/yzs/riscv/qemu/target/riscv/insn_trans/trans_rvv.c.inc
[12:37:12] [spechunter] [Read] /home/yzs/riscv/qemu/target/riscv/insn_trans/trans_rvv.c.inc
[12:37:18] [spechunter] [text] Now let me look for the OPFVV1 macro definition and check for any existing quad support patterns in the narrow/wide chec...
[12:37:18] [spechunter] [Grep] pattern='^#define OPFVV1'
[12:37:18] [spechunter] [Grep] pattern='^#define NOP_UU|^#define WOP_UU'
[12:37:18] [spechunter] [Grep] pattern='H8|H16'
[12:37:23] [spechunter] [Grep] pattern='define OPFVV1|define NOP_UU|define RVVCALL'
[12:37:23] [spechunter] [Grep] pattern='H4'
[12:37:26] [spechunter] [text] Now let me trace the vector helper code and look for the vext_check_input_eew and other related functions.  
[12:37:26] [spechunter] [Grep] pattern='vext_check_input_eew'
[12:37:26] [spechunter] [Grep] pattern='vext_check_isa_ill'
[12:37:39] [spechunter] [text] Now let me look at the vector helper implementations, CSRs, and migration code.  
[12:37:39] [spechunter] [TodoWrite] 6 items
[12:37:41] [spechunter] [Grep] pattern='define RVVCALL'
[12:37:41] [spechunter] [Grep] pattern='GEN_OPFV_NARROW_TRANS|GEN_OPFV_NARROW_BFA_TRANS|GEN_VEXT_V_ENV'
[12:37:55] [spechunter] [Grep] pattern='vfncvt'
[12:37:55] [spechunter] [Grep] pattern='vfncvt'
[12:37:58] [spechunter] [Grep] pattern='opffv_narrow_check|opffv_rod_narrow_check|opfxv_narrow_check'
[12:37:58] [spechunter] [Grep] pattern='vfncvt.*float128|float128.*vfncvt|int64.*float|GEN_VEXT_V_ENV'
[12:38:04] [spechunter] [Grep] pattern='static bool opfv_narrow_check'
[12:38:04] [spechunter] [Grep] pattern='define GEN_VEXT_V_ENV'
[12:38:07] [spechunter] [Grep] pattern='OPFVV1'
[12:38:07] [spechunter] [Grep] pattern='OPFVV1|OPIVV1|RVVCALL'
[12:38:07] [spechunter] [Greo] -n, pattern
[12:38:13] [spechunter] [Grep] pattern='OPFVV1|RVVCALL'
[12:38:13] [spechunter] [Grep] pattern='vreg_ofs'
[12:38:19] [spechunter] [Grep] pattern='GEN_VEXT_V_ENV'
[12:38:19] [spechunter] [Grep] pattern='OPFVV1'
[12:38:39] [spechunter] [text] Now I have a comprehensive picture. The key finding: `vfncvt.f.f.q` and `vfncvt.sat.f.f.q` do **not exist** in the curre...
[12:38:46] [spechunter] [Grep] pattern='GEN_VEXT_V_ENV'
[12:38:46] [spechunter] [Grep] pattern='OPFVV1'
[12:38:51] [spechunter] [Grep] pattern='GEN_VEXT_V_ENV|OPFVV1|OPIVV1'
[12:39:05] [spechunter] [Read] /home/yzs/riscv/qemu/target/riscv/vector_helper.c
[12:39:05] [spechunter] [Read] /home/yzs/riscv/qemu/target/riscv/vector_helper.c
[12:39:26] [spechunter] [text] Now let me look at the CSR, migration, KVM, and GDB code.  
[12:39:26] [spechunter] [Task] Find vector CSR read/write helpers
[12:39:26] [spechunter] [Task] Find vext_check_isa_ill and narrow semantics
[12:39:59] [spechunter] [Grep] pattern='(vstart|vxsat|vxrm|vcsr|vl|vtype|vlenb)'
[12:39:59] [spechunter] [Grep] pattern='(vstart|vxsat|vxrm|vcsr|vl|vtype|vlenb|vreg)'
[12:39:59] [spechunter] [Grep] pattern='(vstart|vxsat|vxrm|vcsr|vl|vtype|vlenb|vector)'
[12:39:59] [spechunter] [Grep] pattern='(vstart|vxsat|vxrm|vcsr|vl|vtype|vlenb|vector)'
[12:39:59] [spechunter] [Grep] pattern='(vstart|vxsat|vxrm|vcsr|vl[^a-z]|vtype|vlenb|vector)'
[12:39:59] [spechunter] [Grep] pattern='(vstart|vxsat|vxrm|vcsr|vl[^a-z]|vtype|vlenb|vector)'
[12:40:12] [spechunter] [Grep] pattern='^static bool vext_narrow_check_common\\b'
[12:40:12] [spechunter] [Grep] pattern='^static bool vext_check_sd\\b'
[12:40:12] [spechunter] [Grep] pattern='^static bool opfv_narrow_check\\b'
[12:40:12] [spechunter] [Grep] pattern='#define GEN_OPFV_NARROW_TRANS'
[12:40:12] [spechunter] [Grep] pattern='vext_check_input_eew'
[12:40:12] [spechunter] [Grep] pattern='quad|Quad|QUAD'
[12:40:12] [spechunter] [Grep] pattern='vext_get_total_elems'
[12:40:12] [spechunter] [Grep] pattern='#define H[1248]\\b'
[12:40:12] [spechunter] [Grep] pattern='sew \\+ 2|lmul \\+ 2|\\+2'
[12:40:24] [spechunter] [Read] /home/yzs/riscv/qemu/target/riscv/csr.c
[12:40:24] [spechunter] [Read] /home/yzs/riscv/qemu/target/riscv/machine.c
[12:40:24] [spechunter] [Read] /home/yzs/riscv/qemu/target/riscv/kvm/kvm-cpu.c
[12:40:24] [spechunter] [Read] /home/yzs/riscv/qemu/target/riscv/kvm/kvm-cpu.c
[12:40:24] [spechunter] [Read] /home/yzs/riscv/qemu/target/riscv/kvm/kvm-cpu.c
[12:40:24] [spechunter] [Read] /home/yzs/riscv/qemu/target/riscv/gdbstub.c
[12:40:24] [spechunter] [Read] /home/yzs/riscv/qemu/target/riscv/cpu.c
[12:40:34] [spechunter] [Read] /home/yzs/riscv/qemu/target/riscv/insn_trans/trans_rvv.c.inc
[12:40:34] [spechunter] [Read] /home/yzs/riscv/qemu/target/riscv/insn_trans/trans_rvv.c.inc
[12:40:34] [spechunter] [Read] /home/yzs/riscv/qemu/target/riscv/insn_trans/trans_rvv.c.inc
[12:40:34] [spechunter] [Read] /home/yzs/riscv/qemu/target/riscv/insn_trans/trans_rvv.c.inc
[12:40:34] [spechunter] [Read] /home/yzs/riscv/qemu/target/riscv/vector_internals.h
[12:40:48] [spechunter] [Grep] pattern='(env->vstart|env->vl\\b|env->vtype|env->vxrm|env->vxsat|env->vill)'
[12:40:48] [spechunter] [Grep] pattern='(env->vstart|env->vl\\b|env->vtype|env->vxrm|env->vxsat|env->vill)'
[12:40:48] [spechunter] [Grep] pattern='(vstart|vxsat|vxrm|vcsr|vl\\b|vtype|vlenb)'
[12:40:51] [spechunter] [Grep] pattern='^(static )?(inline )?(uint32_t|int32_t|int) vext_get_total_elems\\b'
[12:40:51] [spechunter] [Grep] pattern='^static bool vext_wide_check_common\\b'
[12:41:18] [spechunter] [Grep] pattern='vext_get_total_elems'
[12:41:18] [spechunter] [Grep] pattern='vext_get_total_elems'
[12:41:18] [spechunter] [Read] /home/yzs/riscv/qemu/target/riscv/insn_trans/trans_rvv.c.inc
[12:41:24] [spechunter] [Read] /home/yzs/riscv/qemu/target/riscv/cpu.c
[12:41:24] [spechunter] [Read] /home/yzs/riscv/qemu/target/riscv/csr.c
[12:41:24] [spechunter] [Grep] pattern='VCSR_VXRM_SHIFT|VCSR_VXSAT_SHIFT|VCSR_VXRM|VCSR_VXSAT'
[12:41:24] [spechunter] [Grep] pattern='RISCV_VECTOR_CSR_REG'
[12:41:24] [spechunter] [Read] /home/yzs/riscv/qemu/target/riscv/vector_internals.h
[12:43:50] [spechunter] [TodoWrite] 6 items
[12:44:07] [spechunter] [text] Let me do a few final checks to verify completeness.  
[12:44:07] [spechunter] [Grep] pattern='zvfofp8min|ofp8|OFP8|zfofp'
[12:44:07] [spechunter] [Grep] pattern='cpu_get_tb_cpu_state'
[12:44:07] [spechunter] [Grep] pattern='vext_check_isa_ill|set vill|VILL'
[12:44:15] [spechunter] [Grep] pattern='cpu_get_tb_cpu_state'
[12:44:15] [spechunter] [Grep] pattern='vill'
[12:44:57] [spechunter] [Grep] pattern='cpu_get_tb_cpu_state|vill'
[12:44:57] [spechunter] [Read] /home/yzs/riscv/qemu/target/riscv/insn_trans/trans_rvv.c.inc
[12:46:14] [spechunter] [text] Now let me check one more important detail — how `tcg_gen_gvec_3_ptr` interacts with the narrow check and the helper's m...
[12:46:14] [spechunter] [Grep] pattern='require_align'
[12:46:14] [spechunter] [Grep] pattern='require_noover'
[12:48:33] [spechunter] [text] Now I have all the information needed. Let me compile the final JSON output.  
[12:48:33] [spechunter] [Write] /home/yzs/riscv/qemu/analysis_zvfofp8min_quad_narrow.json
[12:48:53] [spechunter] [text] I'll start by validating the key locations against the actual codebase to cross-reference the fast-path claims.  
[12:48:53] [spechunter] [Read] /home/yzs/riscv/qemu/target/riscv/insn_trans/trans_rvv.c.inc
[12:48:53] [spechunter] [Read] /home/yzs/riscv/qemu/target/riscv/vector_helper.c
[12:48:53] [spechunter] [Read] /home/yzs/riscv/qemu/target/riscv/vector_internals.h
[12:49:05] [spechunter] [Read] /home/yzs/riscv/qemu/target/riscv/insn_trans/trans_rvv.c.inc
[12:49:05] [spechunter] [Read] /home/yzs/riscv/qemu/target/riscv/insn32.decode
[12:49:05] [spechunter] [Read] /home/yzs/riscv/qemu/target/riscv/helper.h
[12:49:15] [spechunter] [WebSearch] RISC-V Zvfofp8min extension v0.9 specification vector narrowing floating point
[12:49:15] [spechunter] [Grep] pattern='zvfofp8min'
[12:49:15] [spechunter] [Grep] pattern='quad.*narrow|vfncvt.*\\\\.q'
[12:49:25] [spechunter] [Read] /home/yzs/riscv/qemu/analysis_zvfofp8min_quad_narrow.json
[12:49:25] [spechunter] [Grep] pattern='zvfhmin|zvfh|zvfbf'
[12:49:25] [spechunter] [Grep] pattern='vfncvtbf16'
[12:49:36] [spechunter] [Grep] pattern='vfncvt_f_f_w'
[12:49:36] [spechunter] [Read] /home/yzs/riscv/qemu/target/riscv/insn32.decode
[12:50:01] [spechunter] [Grep] pattern='rv32_funct_fp_narrow'
[12:50:01] [spechunter] [Grep] pattern='vfncvt_f_f_w'
[12:51:15] [spechunter] [text] Now let me verify the `vext_check_input_eew` and `vreg_ofs` functions referenced in the analysis but not the fast path. ...
[12:51:15] [spechunter] [Read] /home/yzs/riscv/qemu/target/riscv/insn_trans/trans_rvv.c.inc
[12:51:15] [spechunter] [Read] /home/yzs/riscv/qemu/target/riscv/insn_trans/trans_rvv.c.inc
[12:51:15] [spechunter] [Grep] pattern='ext_zvfofp8min'
[12:52:40] [spechunter] [text] Now I have all the context needed for cross-validation. Let me verify one more item — the disassembler decode switch for...
[12:52:40] [spechunter] [Read] /home/yzs/riscv/qemu/disas/riscv.c
[12:53:40] [spechunter] [Grep] pattern='rv_op_vfncvt'
[12:53:40] [spechunter] [Glob] disas/riscv*
[12:54:59] [spechunter] [text] Now I have all the data needed for cross-validation. Let me verify one more critical detail — the actual behavior at `ve...
[12:55:21] [spechunter] [Agent] description, subagent_type
[12:55:54] [spechunter] [Grep] pattern='zvfofp8min|Zvfofp8min'
[12:55:54] [spechunter] [Grep] pattern='vfncvt\\.f\\.f\\.q|vfncvt_sat'
[12:55:54] [spechunter] [Grep] pattern='opfv_narrow_check'
[12:55:54] [spechunter] [Grep] pattern='vext_check_sd'
[12:55:54] [spechunter] [Grep] pattern='quad'
[12:55:54] [spechunter] [Grep] pattern='gen_helper_vfncvt'
[12:55:54] [spechunter] [Grep] pattern='EMUL|emul'
[12:56:15] [spechunter] [Read] /home/yzs/riscv/qemu/analysis_zvfofp8min_quad_narrow.json
[12:56:15] [spechunter] [Grep] pattern='opfv_narrow_check'
[12:56:15] [spechunter] [Grep] pattern='vext_check_sd'
[12:56:15] [spechunter] [Grep] pattern='opfv_narrow_check'
[12:56:15] [spechunter] [Grep] pattern='gen_helper_vfncvt'
[12:56:15] [spechunter] [Grep] pattern='vfncvt'
[12:56:32] [spechunter] [Read] /home/yzs/riscv/qemu/target/riscv/insn_trans/trans_rvv.c.inc
[12:56:32] [spechunter] [Read] /home/yzs/riscv/qemu/target/riscv/insn_trans/trans_rvv.c.inc
[12:56:32] [spechunter] [Read] /home/yzs/riscv/qemu/target/riscv/insn_trans/trans_rvv.c.inc
[12:56:32] [spechunter] [Read] /home/yzs/riscv/qemu/target/riscv/insn_trans/trans_rvv.c.inc
[12:56:32] [spechunter] [Read] /home/yzs/riscv/qemu/target/riscv/insn_trans/trans_rvbf16.c.inc
[12:57:06] [spechunter] [Grep] pattern='vfncvt'
[12:57:06] [spechunter] [Grep] pattern='vfncvt'
[12:57:06] [spechunter] [Grep] pattern='vext_get_total_elems|vext_lmul|vext_set_elems_1s|VSTART_CHECK_EARLY_EXIT'
[12:57:06] [spechunter] [Grep] pattern='require_align|require_noover|require_rvv|require_vm'
[12:57:06] [spechunter] [Grep] pattern='OPFVV1|GEN_VEXT_V_ENV|do_vfncvt'
[12:57:06] [spechunter] [Grep] pattern='quad|4x|quadruple|lmul\\+2|sew\\+2'
[12:57:31] [spechunter] [Read] /home/yzs/riscv/qemu/target/riscv/insn_trans/trans_rvv.c.inc
[12:57:31] [spechunter] [Read] /home/yzs/riscv/qemu/target/riscv/insn_trans/trans_rvv.c.inc
[12:57:31] [spechunter] [Read] /home/yzs/riscv/qemu/target/riscv/vector_internals.h
[12:57:31] [spechunter] [Read] /home/yzs/riscv/qemu/target/riscv/vector_internals.h
[12:57:31] [spechunter] [Read] /home/yzs/riscv/qemu/target/riscv/vector_internals.h
[12:57:31] [spechunter] [Read] /home/yzs/riscv/qemu/target/riscv/vector_helper.c
[12:58:11] [spechunter] [Grep] pattern='OPFVF2|OP_UU_B|OP_UU_W|OP_UU_H'
[12:58:11] [spechunter] [Grep] pattern='vfncvt_f_f_w'
[12:58:11] [spechunter] [Grep] pattern='is_overlapped'
[12:58:11] [spechunter] [Grep] pattern='emul'
[12:58:11] [spechunter] [Grep] pattern='emul'
[12:58:27] [spechunter] [Read] /home/yzs/riscv/qemu/target/riscv/insn_trans/trans_rvv.c.inc
[12:58:27] [spechunter] [Grep] pattern='^#define NOP_UU_|^#define OP_UU_'
[12:58:27] [spechunter] [Read] /home/yzs/riscv/qemu/target/riscv/insn_trans/trans_rvv.c.inc
[12:58:27] [spechunter] [Grep] pattern='vfncvt_f_f_w_h|vfncvt_f_f_w_w'
[12:58:27] [spechunter] [Read] /home/yzs/riscv/qemu/target/riscv/vector_helper.c
[12:58:27] [spechunter] [Grep] pattern='VDATA|VSTART_CHECK_EARLY_EXIT'
[12:58:47] [spechunter] [Grep] pattern='ofp8|fp8|float8'
[12:58:47] [spechunter] [Grep] pattern='^static.*vfncvtffv16|^float16 vfncvtffv16'
[12:58:47] [spechunter] [Grep] pattern='^static.*NOP_UU|conversion helper|narrow.*helper'
[12:58:47] [spechunter] [Read] /home/yzs/riscv/qemu/target/riscv/vector_helper.c
[13:02:28] [spechunter] [text] Let me read the key source files to confirm the findings.  
[13:02:28] [spechunter] [Read] /home/yzs/riscv/qemu/target/riscv/insn_trans/trans_rvv.c.inc
[13:02:28] [spechunter] [Read] /home/yzs/riscv/qemu/target/riscv/insn_trans/trans_rvv.c.inc
[13:02:28] [spechunter] [Grep] pattern='vfncvt\\.f\\.f\\.q|vfncvt_sat|zvfofp8min|quad.*narrow|opfv_quad'
[13:02:42] [spechunter] [text] Let me check what changes have actually been made in the working tree.  
[13:02:42] [spechunter] [Bash] Show diff stats for changed files
[13:02:46] [spechunter] [Bash] Show actual diff
[13:03:25] [spechunter] [Read] /home/yzs/riscv/qemu/analysis_zvfofp8min_quad_narrow.json
[13:03:25] [spechunter] [Grep] pattern='vfncvt\\.f\\.f\\.q|vfncvt_sat\\.f\\.f\\.q|zvfofp8min|Zvfofp8min'
[13:04:03] [spechunter] [text] Now let me verify the IOMMU change context to make sure the analysis is comprehensive.  
[13:04:03] [spechunter] [Read] /home/yzs/riscv/qemu/hw/riscv/riscv-iommu.c
[13:04:03] [spechunter] [Grep] pattern='RISCV_IOMMU_DC_IOHGATP_MODE_BARE|RISCV_IOMMU_DC_MSIPTP_MODE'
[13:06:35] [spechunter] [text] Now I have a complete picture. Let me produce the final analysis.  ```json {   "findings": [     {       "file_path": "t...
[09:46:40] [spechunter] PR loaded: #2979 riscv/riscv-isa-manual — "Add Zvfofp8min v0.9 spec"
[09:46:40] [spechunter]   diff: 6231 chars  body: 1 chars  reviews: 0
[09:46:40] [spechunter] Global pre-filter running...
[09:46:56] [spechunter] [text] {"should_skip": false}
[09:46:58] [spechunter] pre-filter: should_skip=False reason=""
[09:47:13] [spechunter] [text] {"should_skip": true, "skip_reason": "Zvfofp8min is a user-space vector floating-point extension with no new CSR state o...
[09:47:16] [spechunter] [text] {"should_skip": false}
[09:47:19] [spechunter] [text] {"should_skip": true, "skip_reason": "Zvfofp8min is an unprivileged vector floating-point conversion extension with no r...
[09:47:24] [spechunter] [text] {"should_skip": true, "skip_reason": "New Zvfofp8min v0.9 OFP8 conversion extension is an unratified draft spec for nich...
[09:47:24] [spechunter] [text] {"should_skip": true, "skip_reason": "Zvfofp8min is a pure unprivileged vector compute extension (FP8 conversion instruc...
[09:48:06] [spechunter] [Grep] pattern='zvfofp8min|OFP8|E4M3|E5M2|altfmt|vfwcvtbf16|vfncvtbf16'
[09:48:06] [spechunter] [Grep] pattern='altfmt'
[09:48:25] [spechunter] [Grep] pattern='vfncvtbf16|vfwcvtbf16|OFP8|ofp8|e4m3|e5m2'
[09:48:25] [spechunter] [Grep] pattern='vfncvt.f.f.q|vfncvt.sat|vfncvtbf16.sat'
[09:48:59] [spechunter] [Read] /home/yzs/riscv/qemu/target/riscv/insn_trans/trans_rvbf16.c.inc
[09:49:42] [spechunter] [Grep] pattern='bfloat16_to_float32|float32_to_bfloat16'
[09:49:42] [spechunter] [Grep] pattern='bfloat16_to_float32|float32_to_bfloat16'
[09:49:42] [spechunter] [Grep] pattern='bfloat16_to_float32|float32_to_bfloat16'
[09:49:56] [spechunter] [Grep] pattern='bfloat16_to_float32|float32_to_bfloat16'
[09:49:56] [spechunter] [Grep] pattern='altfmt'
[09:50:36] [spechunter] [Grep] pattern='float8_e5m2|float8_e4m3|e5m2|e4m3'
[09:50:36] [spechunter] [Grep] pattern='vfncvt|vfwcvtbf|010010'
[09:50:36] [spechunter] [Grep] pattern='ext_zvfbfmin|ext_zvfbfa|ext_zvfofp8min'
[09:51:18] [spechunter] [Grep] pattern='float8_e4m3_to_bfloat16|float8_e5m2_to_bfloat16|bfloat16_to_float8'
[09:51:18] [spechunter] [Grep] pattern='11101 001|01101 001'
[09:53:11] [spechunter] [Grep] pattern='parts_float_to_e5m2'
[09:53:51] [spechunter] [Grep] pattern='parts_uncanon'
[09:53:51] [spechunter] [Grep] pattern='float_expmax_e4m3'
[09:55:37] [spechunter] [text] ```json {   "violation_condition": "QEMU's TCG translator allows vfwcvtbf16.f.f.v or vfncvtbf16.f.f.w at SEW=8 without g...
[09:56:04] [spechunter] [TodoWrite] 6 items
[09:56:10] [spechunter] [Grep] pattern='vfwcvtbf16\\.f\\.f\\.v'
[09:56:10] [spechunter] [Grep] pattern='vfncvtbf16\\.f\\.f\\.w'
[09:56:10] [spechunter] [Grep] pattern='altfmt'
[09:56:10] [spechunter] [Grep] pattern='zvfofp8min'
[09:56:10] [spechunter] [Grep] pattern='zvfbfa'
[09:56:29] [spechunter] [Grep] pattern='vfwcvtbf16'
[09:56:29] [spechunter] [Grep] pattern='vfncvtbf16'
[09:56:29] [spechunter] [Grep] pattern='Zvfofp8min'
[09:56:29] [spechunter] [Grep] pattern='altfmt'
[09:56:29] [spechunter] [Grep] pattern='zvfofp8min'
[09:56:30] [spechunter] [Grep] pattern='vfwcvtbf16|vfncvtbf16'
[09:56:30] [spechunter] [Grep] pattern='require_zvfh'
[09:56:30] [spechunter] [Grep] pattern='require_scale_rvf'
[09:56:30] [spechunter] [Grep] pattern='zvfbfmin|zvfbfwma'
[09:56:30] [spechunter] [Grep] pattern='ext_zvfofp8min|zvfofp8min'
[09:56:47] [spechunter] [Read] /home/yzs/riscv/qemu/target/riscv/insn_trans/trans_rvbf16.c.inc
[09:56:47] [spechunter] [Read] /home/yzs/riscv/qemu/target/riscv/insn32.decode
[09:56:47] [spechunter] [Grep] pattern='vfwcvtbf16|vfncvtbf16'
[09:56:55] [spechunter] [Read] /home/yzs/riscv/qemu/target/riscv/insn_trans/trans_rvbf16.c.inc
[09:56:55] [spechunter] [Read] /home/yzs/riscv/qemu/target/riscv/insn_trans/trans_rvv.c.inc
[09:56:55] [spechunter] [Read] /home/yzs/riscv/qemu/target/riscv/insn_trans/trans_rvv.c.inc
[09:57:07] [spechunter] [text] Now let me trace the altfmt routing and the require macros
[09:57:07] [spechunter] [Read] /home/yzs/riscv/qemu/target/riscv/insn_trans/trans_rvv.c.inc
[09:57:07] [spechunter] [Read] /home/yzs/riscv/qemu/target/riscv/insn_trans/trans_rvv.c.inc
[09:57:07] [spechunter] [Grep] pattern='require_zvfh|require_zvfhmin|require_rvvf|require_scale_rvf'
[09:57:32] [spechunter] [Read] /home/yzs/riscv/qemu/target/riscv/insn_trans/trans_rvv.c.inc
[09:57:32] [spechunter] [Grep] pattern='vext_check_altfmt'
[09:57:32] [spechunter] [Grep] pattern='GEN_OPFV_WIDEN_BFA_TRANS|GEN_OPFV_NARROW_BFA_TRANS'
[09:57:50] [spechunter] [Read] /home/yzs/riscv/qemu/target/riscv/insn_trans/trans_rvv.c.inc
[09:57:50] [spechunter] [Read] /home/yzs/riscv/qemu/target/riscv/insn_trans/trans_rvv.c.inc
[09:57:50] [spechunter] [Read] /home/yzs/riscv/qemu/target/riscv/insn_trans/trans_rvv.c.inc
[09:57:57] [spechunter] [Read] /home/yzs/riscv/qemu/target/riscv/insn_trans/trans_rvv.c.inc
[09:57:57] [spechunter] [Read] /home/yzs/riscv/qemu/target/riscv/insn_trans/trans_rvv.c.inc
[09:57:57] [spechunter] [Read] /home/yzs/riscv/qemu/target/riscv/insn_trans/trans_rvbf16.c.inc
[09:57:58] [spechunter] [Read] /home/yzs/riscv/qemu/target/riscv/insn_trans/trans_rvv.c.inc
[09:58:25] [spechunter] [text] Now let me trace the altfmt/vtype CSR, ext_zvfofp8min config, and the helper functions  
[09:58:25] [spechunter] [TodoWrite] 6 items
[09:59:00] [spechunter] [Grep] pattern='ext_zvfofp8min'
[09:59:00] [spechunter] [Grep] pattern='altfmt'
[09:59:00] [spechunter] [Grep] pattern='altfmt'
[09:59:00] [spechunter] [Grep] pattern='ext_zvfbfa'
[09:59:06] [spechunter] [Read] /home/yzs/riscv/qemu/target/riscv/vector_helper.c
[09:59:06] [spechunter] [Read] /home/yzs/riscv/qemu/target/riscv/vector_helper.c
[09:59:06] [spechunter] [Read] /home/yzs/riscv/qemu/target/riscv/insn_trans/trans_rvv.c.inc
[09:59:44] [spechunter] [Grep] pattern='opfv_widen_check|opffv_widen_check|opffv_narrow_check|opfv_narrow_check|opffv_rod_narrow_check'
[09:59:44] [spechunter] [Grep] pattern='GEN_OPFV_WIDEN_BFA_TRANS|GEN_OPFV_NARROW_BFA_TRANS'
[10:01:29] [spechunter] [Read] /home/yzs/riscv/qemu/target/riscv/insn_trans/trans_rvv.c.inc
[10:01:29] [spechunter] [Read] /home/yzs/riscv/qemu/target/riscv/insn_trans/trans_rvv.c.inc
[10:01:29] [spechunter] [Read] /home/yzs/riscv/qemu/target/riscv/insn_trans/trans_rvv.c.inc
[10:01:29] [spechunter] [Read] /home/yzs/riscv/qemu/target/riscv/insn_trans/trans_rvv.c.inc
[10:01:37] [spechunter] [Grep] pattern='R_VTYPE_ALTFMT_SHIFT|R_VTYPE_RESERVED_SHIFT|VTYPE_ALTFMT'
[10:01:37] [spechunter] [Read] /home/yzs/riscv/qemu/target/riscv/vector_helper.c
[10:01:45] [spechunter] [Grep] pattern='R_VTYPE_ALTFMT_SHIFT|R_VTYPE_RESERVED_SHIFT|VTYPE_ALTFMT'
[10:01:45] [spechunter] [Grep] pattern='ALTFMT'
[10:02:10] [spechunter] [Read] /home/yzs/riscv/qemu/target/riscv/vector_helper.c
[10:02:10] [spechunter] [Read] /home/yzs/riscv/qemu/target/riscv/translate.c
[10:02:10] [spechunter] [Read] /home/yzs/riscv/qemu/target/riscv/insn_trans/trans_rvv.c.inc
[10:03:17] [spechunter] [text] ```json {   "locations": [     {       "file_path": "target/riscv/insn_trans/trans_rvbf16.c.inc",       "function_name":...
[10:04:39] [spechunter] [text] Now let me check the CSR and peripheral paths for vtype altfmt, frm, fflags, and the ext_zvfofp8min config fields.  
[10:04:39] [spechunter] [Grep] pattern='ALTFMT|altfmt'
[10:04:39] [spechunter] [Grep] pattern='ext_zvfbfa'
[10:04:39] [spechunter] [Grep] pattern='vfbfa|zvfbfa'
[10:04:39] [spechunter] [Grep] pattern='vtype|VTYPE'
[10:09:04] [spechunter] [text] Now let me look at the GDB stub, CSR definitions, and config fields to complete the picture
[10:09:04] [spechunter] [Grep] pattern='vtype|VTYPE'
[10:09:04] [spechunter] [Grep] pattern='vtype|VTYPE'
[10:09:04] [spechunter] [Grep] pattern='R_VTYPE_ALTFMT|VTYPE_ALTFMT'
[10:09:04] [spechunter] [Grep] pattern='ALTFMT_SHIFT'
[10:09:25] [spechunter] [Grep] pattern='R_VTYPE_ALTFMT_SHIFT'
[10:09:25] [spechunter] [Read] /home/yzs/riscv/qemu/target/riscv/csr.c
[10:09:25] [spechunter] [Grep] pattern='vtype'
[10:09:25] [spechunter] [Grep] pattern='vtype'
[10:09:36] [spechunter] [Grep] pattern='R_VTYPE_ALTFMT_SHIFT'
[10:09:36] [spechunter] [Grep] pattern='R_VTYPE_ALTFMT'
[10:09:36] [spechunter] [Grep] pattern='EXT_TB_FLAGS.*ALTFMT|ALTFMT.*EXT_TB_FLAGS'
[10:10:19] [spechunter] [Grep] pattern='R_VTYPE_ALTFMT_SHIFT'
[10:10:19] [spechunter] [Read] /home/yzs/riscv/qemu/target/riscv/tcg/tcg-cpu.c
[10:10:19] [spechunter] [Grep] pattern='ALTFMT'
[10:11:12] [spechunter] [text] Now let me check the SEW=8 path in the require functions more carefully and look for any SEW=8 helper dispatch
[10:11:12] [spechunter] [Grep] pattern='MO_8|sew == 0'
[10:11:12] [spechunter] [Grep] pattern='vext_set_vsew|vext_get_vsew'
[10:11:12] [spechunter] [Grep] pattern='vfwcvtbf16_f_f_v|vfncvtbf16_f_f_w'
[10:11:45] [spechunter] [text] Now let me look at the complete CPU config fields to confirm `ext_zvfofp8min` doesn't exist, and then compile the final ...
[10:11:45] [spechunter] [Grep] pattern='zvfofp8min'
[10:11:45] [spechunter] [Grep] pattern='zvfbfa'
[10:14:10] [spechunter] [TodoWrite] 6 items
[10:14:22] [spechunter] [Grep] pattern='frm|fflags'
[10:14:22] [spechunter] [Read] /home/yzs/riscv/qemu/target/riscv/tcg/tcg-cpu.c
[10:14:22] [spechunter] [Grep] pattern='vtype'
[10:14:22] [spechunter] [Grep] pattern='altfmt'
[10:15:19] [spechunter] [text] Now I have all the information needed. Let me compile the findings.  
[10:15:19] [spechunter] [TodoWrite] 6 items
[10:18:13] [spechunter] [text] Now let me compile the comprehensive JSON output with all findings.  
[10:18:13] [spechunter] [Write] /home/yzs/riscv/qemu/analysis_zvfofp8min.json
[10:21:00] [spechunter] [text] I'll cross-validate the fast-path locations against the PR context (Zvfofp8min v0.9 spec — adding SEW=8 BF8 support to t...
[10:21:27] [spechunter] [Agent] description, prompt
[10:21:55] [spechunter] [Grep] pattern='vfwcvtbf16|vfncvtbf16'
[10:21:55] [spechunter] [Grep] pattern='gen_helper_vfwcvtbf16|gen_helper_vfncvtbf16'
[10:21:55] [spechunter] [Grep] pattern='require_zvfh|require_scale_rvf'
[10:21:55] [spechunter] [Grep] pattern='Zvfofp8min|zvfofp8min'
[10:21:55] [spechunter] [Grep] pattern='Zvfbfa|zvfbfa'
[10:22:26] [spechunter] [Read] /home/yzs/riscv/qemu/target/riscv/insn_trans/trans_rvbf16.c.inc
[10:22:26] [spechunter] [Read] /home/yzs/riscv/qemu/target/riscv/insn32.decode
[10:22:26] [spechunter] [Grep] pattern='vfwcvtbf16|vfncvtbf16'
[10:22:26] [spechunter] [Grep] pattern='vfwcvtbf16|vfncvtbf16'
[10:22:26] [spechunter] [Read] /home/yzs/riscv/qemu/target/riscv/insn_trans/trans_rvv.c.inc
[10:22:26] [spechunter] [Grep] pattern='Zvfbfa'
[10:22:50] [spechunter] [Grep] pattern='vfwcvtbf16|vfncvtbf16'
[10:22:50] [spechunter] [Grep] pattern='zvfbfa'
[10:22:50] [spechunter] [Grep] pattern='Zvfbfa|zvfbfa'
[10:22:50] [spechunter] [Grep] pattern='Zvfbfa|zvfbfa'
[10:22:50] [spechunter] [Grep] pattern='Zvfbfa|zvfbfa'
[10:22:50] [spechunter] [Grep] pattern='vext_check_altfmt'
[10:22:50] [spechunter] [Read] /home/yzs/riscv/qemu/target/riscv/insn32.decode
[10:23:27] [spechunter] [Read] /home/yzs/riscv/qemu/target/riscv/insn_trans/trans_rvv.c.inc
[10:23:27] [spechunter] [Read] /home/yzs/riscv/qemu/target/riscv/vector_helper.c
[10:23:27] [spechunter] [Grep] pattern='trans_rvbf16\\.c\\.inc'
[10:23:27] [spechunter] [Grep] pattern='opfv_widen_check|opfv_narrow_check'
[10:23:27] [spechunter] [Grep] pattern='@r2_vm'
[10:23:27] [spechunter] [Grep] pattern='r2_vm|r2_vm_1'
[10:23:44] [spechunter] [Read] /home/yzs/riscv/qemu/target/riscv/insn_trans/trans_rvv.c.inc
[10:23:44] [spechunter] [Read] /home/yzs/riscv/qemu/target/riscv/insn_trans/trans_rvv.c.inc
[10:23:44] [spechunter] [Grep] pattern='include.*trans_rvbf16|include.*rvbf16'
[10:23:44] [spechunter] [Grep] pattern='&rmr'
[10:23:44] [spechunter] [Grep] pattern='require_zvfh[^m]'
[10:23:58] [spechunter] [Grep] pattern='require_zvfh'
[10:23:58] [spechunter] [Read] /home/yzs/riscv/qemu/target/riscv/insn_trans/trans_rvv.c.inc
[10:23:58] [spechunter] [Read] /home/yzs/riscv/qemu/target/riscv/insn_trans/trans_rvv.c.inc
[10:23:58] [spechunter] [Read] /home/yzs/riscv/qemu/target/riscv/insn_trans/trans_rvv.c.inc
[10:23:58] [spechunter] [Read] /home/yzs/riscv/qemu/target/riscv/translate.c
[10:24:25] [spechunter] [Read] /home/yzs/riscv/qemu/target/riscv/insn_trans/trans_rvv.c.inc
[10:24:25] [spechunter] [Grep] pattern='zvfbfmin|zvfbfwma|ext_zvfbfmin|ext_zvfbfwma'
[10:24:25] [spechunter] [Grep] pattern='zvfofp8min|Zvfofp8min'
[10:24:25] [spechunter] [Grep] pattern='require_zvfhmin|require_zvfh\\b'
[10:24:25] [spechunter] [Grep] pattern='zvfbfa'
[10:26:28] [spechunter] [Grep] pattern='#define WOP_UU_H|#define NOP_UU_H'
[10:26:28] [spechunter] [Grep] pattern='#define OPFVV1'
[10:26:28] [spechunter] [Grep] pattern='bfloat16_to_float32|float32_to_bfloat16'
[10:26:28] [spechunter] [Grep] pattern='#define GEN_VEXT_V_ENV'
[10:27:12] [spechunter] [Grep] pattern='#define OPFVV1|#define GEN_VEXT_V_ENV|#define RVVCALL'
[10:27:12] [spechunter] [Grep] pattern='bfloat16_to_float32|float32_to_bfloat16'
[10:27:12] [spechunter] [Grep] pattern='bfloat16_to_float32|float32_to_bfloat16'
[10:30:03] [spechunter] [text] Now let me read the actual source files to get exact line numbers and verify the findings.  
[10:30:03] [spechunter] [Read] /home/yzs/riscv/qemu/target/riscv/insn_trans/trans_rvbf16.c.inc
[10:30:03] [spechunter] [Read] /home/yzs/riscv/qemu/target/riscv/insn_trans/trans_rvv.c.inc
[10:30:03] [spechunter] [Read] /home/yzs/riscv/qemu/target/riscv/vector_helper.c
[10:31:17] [spechunter] [Read] /home/yzs/riscv/qemu/target/riscv/insn_trans/trans_rvv.c.inc
[10:31:17] [spechunter] [Read] /home/yzs/riscv/qemu/target/riscv/insn_trans/trans_rvv.c.inc
[10:31:17] [spechunter] [Read] /home/yzs/riscv/qemu/target/riscv/insn_trans/trans_rvv.c.inc
[10:31:17] [spechunter] [Bash] List spec reference directory
[10:32:10] [spechunter] [Bash] List riscv-isa-manual spec files
[10:32:10] [spechunter] [Grep] pattern='zvfofp8min|Zvfofp8min|zvfof8pmin'
[10:32:10] [spechunter] [Grep] pattern='altfmt.*MO_8|MO_8.*altfmt'
[10:34:34] [spechunter] [text] Let me check more details about the SEW=8 altfmt paths and the helpers involved
[10:34:34] [spechunter] [Grep] pattern='vf[wn]cvt_f_x.*_b_bf16|vfwcvt_f_x.*b_bf16|vfncvt_xu_f.*b_bf16'
[10:34:34] [spechunter] [Grep] pattern='helper.*vfwcvt_f_x.*_b_bf|helper.*vfncvt_xu_f.*_b_bf'
[10:34:34] [spechunter] [Read] /home/yzs/riscv/qemu/target/riscv/insn_trans/trans_rvv.c.inc
[10:36:47] [spechunter] [Grep] pattern='vfncvt_x_f_w.*bf16|vfwcvt_f_x.*b_bf|vfncvt_xu_f_w.*bf16'
[10:36:47] [spechunter] [Read] /home/yzs/riscv/qemu/target/riscv/helper.h
[10:36:48] [spechunter] [text] API Error: 400 {"detail":"Error code: 400 - {'detail': 'Rate limit exceeded for team: AI_PRD_SELF-ygOCagDg1IJPqSZyFTZ2lU...
