[17:31:11] [spechunter] PR loaded: #192 riscv/riscv-p-spec — "P-ext: add Multiply High instruction definitions"
[17:31:11] [spechunter]   diff: 4314 chars  body: 145 chars  reviews: 0
[17:31:11] [spechunter] Global pre-filter running...
[17:31:24] [spechunter] [text] {"should_skip": false}
[17:31:25] [spechunter] pre-filter: should_skip=False reason=""
[17:31:40] [spechunter] [text] {"should_skip": true, "skip_reason": "P-ext packed SIMD multiply instructions are unprivileged ISA extensions with no im...
[17:31:43] [spechunter] [text] {"should_skip": true, "skip_reason": "P-ext (packed SIMD) is a DSP extension not implemented by XiangShan's RV64GC/VH-fo...
[17:31:44] [spechunter] [text] {"should_skip": true, "skip_reason": "P-ext is a packed SIMD extension with no new privileged state; these multiply-high...
[17:31:54] [spechunter] [text] {"should_skip": true, "skip_reason": "P-ext packed SIMD multiply-high instructions operate on existing integer registers...
[17:31:56] [spechunter] [text] {"should_skip": false}
[17:32:47] [spechunter] [text] ```json {   "violation_condition": "In QEMU TCG, if the decoder disambiguates PMULHR.W and MULHR incorrectly due to thei...
[17:33:05] [spechunter] [TodoWrite] 5 items
[17:33:13] [spechunter] [text] I'll search for all the Multiply High instruction references across the QEMU codebase in parallel.  
[17:33:13] [spechunter] [Grep] pattern='PMULHU\\.H|PMULHU_H|pmulhu\\.h|pmulhu_h'
[17:33:13] [spechunter] [Grep] pattern='PMULH\\.W|PMULH_W|pmulh\\.w|pmulh_w'
[17:33:13] [spechunter] [Grep] pattern='PMULHR\\.W|PMULHR_W|pmulhr\\.w|pmulhr_w'
[17:33:13] [spechunter] [Grep] pattern='MULHR[^_\\s]|mulhr[^_\\s]'
[17:33:13] [spechunter] [Grep] pattern='zpnh|ZPNH|Zpnh'
[17:33:13] [spechunter] [Grep] pattern='trans_pmulh'
[17:33:13] [spechunter] [Grep] pattern='PMULH|pmulh|MULHR|mulhr'
[17:33:13] [spechunter] [Grep] pattern='zpnh|ZPNH|zpn'
[17:33:13] [spechunter] [Glob] **/trans_pmulh*
[17:33:25] [spechunter] [text] These instructions don't exist yet in QEMU. Let me search for the existing P-ext infrastructure and the decode table str...
[17:33:25] [spechunter] [Grep] pattern='zpnh|ZPNH'
[17:33:25] [spechunter] [Grep] pattern='OP-32|OP_32|op32|funct2.*0x3'
[17:33:25] [spechunter] [Glob] target/riscv/insn_trans/*
[17:33:42] [spechunter] [Glob] target/riscv/*decode*
[17:33:42] [spechunter] [Grep] pattern='trans_pmul|pmul\\.h|mulh'
[17:33:42] [spechunter] [Grep] pattern='has_ext.*zpn|ZPN|zpnh|ZPNH'
[17:33:42] [spechunter] [text] The initial searches returned no RISC-V-specific results for any of the four instructions. Let me do broader searches to...
[17:33:42] [spechunter] [Grep] pattern='mulh[ur]|MULH[UR]'
[17:33:42] [spechunter] [Grep] pattern='mulh[ur]|MULH[UR]'
[17:33:42] [spechunter] [Grep] pattern='p-ext|P.ext|PEXT|packed_simd|packed.simd'
[17:33:42] [spechunter] [Grep] pattern='pmul|PMUL|P_MUL'
[17:33:42] [spechunter] [Grep] pattern='0x03.*funct2|funct2.*0x03|funct2.*0x3'
[17:33:42] [spechunter] [Grep] pattern='decode_op32|decode_vp'
[17:33:53] [spechunter] [text] Now let me study the decode infrastructure, op32 patterns, RV64 guards, and extension checks in depth.  
[17:33:53] [spechunter] [TodoWrite] 5 items
[17:33:56] [spechunter] [Read] /home/yzs/riscv/qemu/target/riscv/insn32.decode
[17:34:07] [spechunter] [text] Let me also check for any broader P-extension packed multiply patterns and the disassembler/decoder.  
[17:34:07] [spechunter] [Grep] pattern='zpnh|zpn_ext|ZPNH_EXT|P_EXT|p_ext'
[17:34:07] [spechunter] [Grep] pattern='PMULH[^U]|pmulh[^u]'
[17:34:07] [spechunter] [Grep] pattern='xperm|packw|packh|pack\\b|pkbb|pkbt|pktt|pktb'
[17:34:07] [spechunter] [Grep] pattern='zpn|Zpn\\b'
[17:34:18] [spechunter] [Grep] pattern='OP-32|OP_32|0111011|OPIW'
[17:34:18] [spechunter] [Grep] pattern='decode_op32|op32|decode.*0111011'
[17:34:18] [spechunter] [Grep] pattern='zpnh|ZPNH|zpn|ZPN|p-ext|P_EXT|pext'
[17:34:33] [spechunter] [text] Let me do a few more targeted searches for packed multiply patterns and the ZPN/ZPNH ISA extension registration.  
[17:34:33] [spechunter] [Grep] pattern='Zpn\\b|zpnh|zpn\\b'
[17:34:33] [spechunter] [Grep] pattern='PMULH[UG]\\.|pmulhu|pmulh\\.w|PMULH\\.W'
[17:34:33] [spechunter] [Grep] pattern='riscv_has_ext|cpu->cfg\\.ext_'
[17:34:33] [spechunter] [Grep] pattern='ext_zpn|ext_zpnh|ext_zpn32|ext_zpn64'
[17:34:43] [spechunter] [text] Now let me trace the key infrastructure: how decode works for the OP-32 opcode space, how RV64 instruction gating works,...
[17:34:43] [spechunter] [Grep] pattern='has_ext|RISCV_CPU_CFG|ext_zpn|ext_z'
[17:34:43] [spechunter] [Grep] pattern='decode_opcode|decode.*trans|decode.*DECODE|trans_func|\\.decode'
[17:34:46] [spechunter] [text] Let me do a final comprehensive sweep across the entire repo for any remaining patterns.  
[17:34:46] [spechunter] [Grep] pattern='mulh_res_lo|mulh_res_hi|gen_mulh[^u]|trans_mulh[^u]'
[17:34:46] [spechunter] [Grep] pattern='PMULH[UH]\\.|pmulhu\\.h|pmulh\\.w'
[17:34:46] [spechunter] [Grep] pattern='PMULH|pmulh'
[17:34:48] [spechunter] [Grep] pattern='0111011|OPIW|decode_insn32|trans_.*insn'
[17:34:55] [spechunter] [Read] /home/yzs/riscv/qemu/target/riscv/translate.c
[17:34:55] [spechunter] [Grep] pattern='ext_zp|riscv_has_ext'
[17:34:57] [spechunter] [text] ```json {   "locations": [] } ```  **Summary**: None of the four P-extension Multiply High instructions (PMULHU.H, PMULH...
[17:35:07] [spechunter] [Read] /home/yzs/riscv/qemu/target/riscv/insn_trans/trans_rvm.c.inc
[17:35:07] [spechunter] [Grep] pattern='RV64|MXL_RV64|xl.*64|get_xl|get_ol'
[17:35:07] [spechunter] [Grep] pattern='gen_arith_per_ol|gen_arith\\b'
[17:35:20] [spechunter] [text] Now let me find the critical infrastructure: the `gen_arith_per_ol` function, `REQUIRE_64_OR_128BIT`, and how the 011101...
[17:35:20] [spechunter] [Grep] pattern='gen_arith_per_ol|gen_arith\\b'
[17:35:20] [spechunter] [Grep] pattern='REQUIRE_64BIT|REQUIRE_64_OR_128BIT|REQUIRE_128BIT'
[17:35:25] [spechunter] [Read] /home/yzs/riscv/qemu/target/riscv/translate.c
[17:35:42] [spechunter] [Grep] pattern='get_olen|get_ol\\b|static.*olen|static.*ol\\b'
[17:36:04] [spechunter] [Grep] pattern='ext_zp|\\"zpn|\\"zpnh|zp'
[17:36:04] [spechunter] [Read] /home/yzs/riscv/qemu/target/riscv/machine.c
[17:36:04] [spechunter] [Grep] pattern='misal_ext|misa_ext_mask|misa_info|riscv_ext'
[17:36:46] [spechunter] [Read] /home/yzs/riscv/qemu/target/riscv/gdbstub.c
[17:36:46] [spechunter] [Grep] pattern='gpr|misa_ext|misa_mxl|xl'
[17:36:46] [spechunter] [Grep] pattern='RISCVCPUConfig|ext_zp|ext_zv|ext_zf|ext_sm|ext_ss'
[17:37:30] [spechunter] [Read] /home/yzs/riscv/qemu/target/riscv/cpu.h
[17:37:30] [spechunter] [Grep] pattern='struct RISCVCPUConfig'
[17:37:30] [spechunter] [Read] /home/yzs/riscv/qemu/target/riscv/cpu.h
[17:37:36] [spechunter] [Grep] pattern='struct RISCVCPUConfig \\{'
[17:37:36] [spechunter] [Grep] pattern='ext_zp|bool ext_z'
[17:37:54] [spechunter] [Read] /home/yzs/riscv/qemu/target/riscv/cpu_cfg_fields.h.inc
[17:37:54] [spechunter] [Read] /home/yzs/riscv/qemu/target/riscv/cpu_cfg.h
[17:39:56] [spechunter] [text] Now let me look at how the decodetree handles duplicate encodings, and check the KVM and reset code paths.  
[17:39:56] [spechunter] [Grep] pattern='misa_ext|ext_zmmul|ext_zpn'
[17:39:56] [spechunter] [Grep] pattern='REQUIRE_EXT|REQUIRE_M_OR'
[17:39:56] [spechunter] [Read] /home/yzs/riscv/qemu/target/riscv/insn32.decode
[17:40:35] [spechunter] [Grep] pattern='PMULHU|PMULH\\.|PMULHR|MULHR'
[17:40:35] [spechunter] [Grep] pattern='pmulhu|pmulh\\.|pmulhr|mulhr'
[17:40:35] [spechunter] [Grep] pattern='mulh[^i]'
[17:40:54] [spechunter] [Grep] pattern='P.ext|packed.*simd|XTheadP|p-ext'
[17:40:54] [spechunter] [Grep] pattern='pmulhu|pmulh\\.|pmulhr|mulhr'
[17:40:54] [spechunter] [Glob] **/target/riscv/*p*.[ch]
[17:40:54] [spechunter] [Glob] **/target/riscv/insn_trans/trans_rvp*
[17:41:20] [spechunter] [Grep] pattern='Zpn|zpnd|zpne|zpn.h|P_extension|p-ext'
[17:41:20] [spechunter] [Glob] **/target/riscv/*zpn*
[17:41:20] [spechunter] [Grep] pattern='SIMD|packed_simd|_packed|packed_'
[17:41:20] [spechunter] [Glob] **/target/riscv/insn_trans/trans_simd*
[17:41:39] [spechunter] [Grep] pattern='XTheadP'
[17:41:39] [spechunter] [Grep] pattern='XTheadP'
[17:41:39] [spechunter] [Grep] pattern='add16|add8|sub16|sub8|mul16|mul8|muls|mulx|macu|macs|machhs|machhu|machhsu|mulr'
[17:41:47] [spechunter] [Bash] Check git diff stats to see what files are changed
[17:42:09] [spechunter] [Bash] Check recent commits on master
[17:42:24] [spechunter] [text] Both fast-path and slow-path searches returned no results. My independent verification confirms this: there are no exist...
[17:42:43] [spechunter] [Agent] description, prompt
[17:43:06] [spechunter] [Glob] target/riscv/**/*pmulh*
[17:43:06] [spechunter] [Glob] target/riscv/**/*mulh*
[17:43:06] [spechunter] [Grep] pattern='pmulh|mulh'
[17:43:06] [spechunter] [Grep] pattern='decode_op32|op32'
[17:43:06] [spechunter] [Grep] pattern='zpnh|zpnb'
[17:43:06] [spechunter] [Glob] target/riscv/**/translate*
[17:43:06] [spechunter] [Glob] target/riscv/**/decode*
[17:43:35] [spechunter] [Glob] target/riscv/insn_trans/trans_rvp*
[17:43:35] [spechunter] [Glob] target/riscv/**/*rvp*
[17:43:35] [spechunter] [Glob] target/riscv/**/*p_ext*
[17:43:35] [spechunter] [Grep] pattern='pmulh'
[17:43:35] [spechunter] [Grep] pattern='mulh'
[17:43:35] [spechunter] [Grep] pattern='mulh'
[17:43:35] [spechunter] [Grep] pattern='decode_op32'
[17:43:35] [spechunter] [Grep] pattern='op32'
[17:43:54] [spechunter] [Grep] pattern='zbkb|zpn|p_ext|P.ext|packed_simd|SIMD|XTheadVector|rvp'
[17:43:54] [spechunter] [Glob] target/riscv/insn_trans/*
[17:43:54] [spechunter] [Read] /home/yzs/riscv/qemu/target/riscv/translate.c
[17:43:54] [spechunter] [Grep] pattern='decode|opcode32|RV32|RV64|op32|@r'
[17:44:30] [spechunter] [Grep] pattern='gen_arith_per_ol'
[17:44:30] [spechunter] [Grep] pattern='decode_op|case 0x33|case 0x3b|OP_IMM|case 0x1b|0110011|0111011'
[17:44:30] [spechunter] [Grep] pattern='^static bool gen_arith_per_ol'
[17:44:30] [spechunter] [Read] /home/yzs/riscv/qemu/target/riscv/insn_trans/trans_rvm.c.inc
[17:44:30] [spechunter] [Grep] pattern='decode_opcode|decode_insn32|decode.*opcode|trans_.*opcode'
[17:44:30] [spechunter] [Glob] target/riscv/insn_trans/trans_rvp*
[17:44:30] [spechunter] [Glob] target/riscv/*pb*
[17:44:51] [spechunter] [Grep] pattern='decode_insn32'
[17:44:51] [spechunter] [Grep] pattern='decode_insn32'
[17:44:51] [spechunter] [Grep] pattern='get_olen|set_olen|ol'
[17:44:51] [spechunter] [Grep] pattern='%opcode_major|opcode_major|0x33|0x3b|0110011|0111011'
[17:44:51] [spechunter] [Bash] List all .decode files in target/riscv
[17:45:15] [spechunter] [Grep] pattern='decode_insn32'
[17:45:15] [spechunter] [Grep] pattern='get_olen'
[17:45:15] [spechunter] [Grep] pattern='zpnh|zpnb'
[17:45:15] [spechunter] [Bash] Recent commits to trans_rvm.c.inc
[17:45:15] [spechunter] [Bash] Search for deleted P-extension files in git history
[17:45:27] [spechunter] [Read] /home/yzs/riscv/qemu/target/riscv/translate.c
[17:45:27] [spechunter] [Grep] pattern='zpn\\b'
[17:45:27] [spechunter] [Grep] pattern='zp'
[17:45:27] [spechunter] [Grep] pattern='zpn'
[17:45:42] [spechunter] [Grep] pattern='zpn'
[17:45:42] [spechunter] [Grep] pattern='mulh|zbkb|packed'
[17:45:42] [spechunter] [Grep] pattern='zbkb\\b'
[17:45:42] [spechunter] [Grep] pattern='P-ext|P_EXT|packed_simd|Packed SIMD'
[17:45:42] [spechunter] [Grep] pattern='# \\*\\*\\*.*Zb'
[17:46:05] [spechunter] [Read] /home/yzs/riscv/qemu/target/riscv/insn32.decode
[17:46:05] [spechunter] [Read] /home/yzs/riscv/qemu/target/riscv/insn32.decode
[17:46:05] [spechunter] [Read] /home/yzs/riscv/qemu/target/riscv/insn32.decode
[17:46:05] [spechunter] [Grep] pattern='pack|pmul|padd|psub|p_s'
[17:46:05] [spechunter] [Grep] pattern='1101011|1101111|1110011|1110111|1111011'
[17:46:31] [spechunter] [Grep] pattern='mulh'
[17:46:31] [spechunter] [Grep] pattern='mulh'
[17:46:31] [spechunter] [Grep] pattern='1101011'
[17:46:31] [spechunter] [Grep] pattern='zpn|zbkb|packed'
[17:46:31] [spechunter] [Grep] pattern='zbkb|ext_zbkb'
[17:46:39] [spechunter] [Grep] pattern='0110011|0111011|1101011'
[17:46:39] [spechunter] [Grep] pattern='1101011'
[17:46:39] [spechunter] [Grep] pattern='pack.*mul|mul.*pack|SIMD|simd'
[17:48:16] [spechunter] [text] Let me verify the key files directly to confirm the complete absence of P-ext multiply-high support.  
[17:48:16] [spechunter] [Grep] pattern='pmulh|PMULH|zpnh|zpnb'
[17:48:16] [spechunter] [Grep] pattern='1101011|decode_op32'
[17:48:16] [spechunter] [Glob] target/riscv/insn_trans/trans_rvp*
[17:48:16] [spechunter] [Glob] target/riscv/*p*ext*
[17:48:53] [spechunter] [text] Let me also verify the decode file and the modified `riscv-iommu.c` to ensure completeness.  
[17:48:53] [spechunter] [Grep] pattern='mulh|MULH'
[17:48:53] [spechunter] [Grep] pattern='0110011|0111011|1101011|1111011'
[17:48:53] [spechunter] [Read] /home/yzs/riscv/qemu/target/riscv/insn32.decode
[17:49:06] [spechunter] [text] Let me also check the actual modified files to see if there's any P-ext related change at all.  
[17:49:06] [spechunter] [Bash] Check what changed in riscv-iommu.c
[17:49:06] [spechunter] [Grep] pattern='P.ext|p.ext|packed.*simd|packed.*mult'
[17:49:25] [spechunter] [Grep] pattern='P.ext|p.ext|packed.*simd|packed.*mult|zpn|zpsfoperand'
[17:50:28] [spechunter] [text] Based on thorough investigation, here is the complete analysis:  **Summary**: This QEMU tree has **zero** P-ext support....
[15:34:10] [spechunter] PR loaded: #192 riscv/riscv-p-spec — "P-ext: add Multiply High instruction definitions"
[15:34:10] [spechunter]   diff: 4314 chars  body: 145 chars  reviews: 0
[15:34:10] [spechunter] Global pre-filter running...
[15:34:24] [spechunter] [text] {"should_skip": false}
[15:34:25] [spechunter] pre-filter: should_skip=False reason=""
[15:34:32] [spechunter] [text] {"should_skip": true, "skip_reason": "P-extension packed multiply instructions are user-level ISA computational operatio...
[15:34:41] [spechunter] [text] {"should_skip": true, "skip_reason": "P-ext packed SIMD multiply instructions (PMULHU.H, PMULH.W, PMULHR.W, MULHR) are u...
[15:34:43] [spechunter] [text] {"should_skip": true, "skip_reason": "P-extension (Packed SIMD) is not implemented by XiangShan, which uses the V-extens...
[15:34:54] [spechunter] [text] {"should_skip": true, "skip_reason": "P-extension (packed SIMD) is a draft extension not currently implemented in QEMU's...
[15:34:58] [spechunter] [text] {"should_skip": true, "skip_reason": "P-extension packed multiply-high instructions use only integer registers with no n...
