[14:56:54] [spechunter] PR loaded: #91 riscv/riscv-memory-tagging — "Fix M-mode tag check logic"
[14:56:54] [spechunter]   diff: 624 chars  body: 1 chars  reviews: 0
[14:56:54] [spechunter] Global pre-filter running...
[14:57:10] [spechunter] [text] {"should_skip": false, "skip_reason": "This is a critical semantic fix flipping the tag check exemption logic ('is'→'is ...
[14:57:12] [spechunter] pre-filter: should_skip=False reason="This is a critical semantic fix flipping the tag check exemption logic ('is'→'is not'), directly affecting memory tagging security enforcement — highly relevant for security analysis."
[14:57:28] [spechunter] [text] {"should_skip": false}
[14:57:29] [spechunter] [text] {"should_skip": false}
[14:57:40] [spechunter] [text] {"should_skip": true, "skip_reason": "Documentation typo fix (missing 'not') in M-mode memory tagging spec text, no soft...
[14:57:41] [spechunter] [text] {"should_skip": false}
[14:57:42] [spechunter] [text] {"should_skip": true, "skip_reason": "One-word M-mode spec correction in the memory tagging extension, which FreeBSD doe...
[14:58:05] [spechunter] [text] {  
[14:58:05] [spechunter] [Write] /home/yzs/riscv/XiangShan/mte_tag_check_logic_findings.json
[14:58:08] [spechunter] [text] ```json {   "violation_condition": "QEMU TCG or helper code inverts the tagcheck-exempt page condition when deciding whe...
[14:58:18] [spechunter] [text] ```json {   "violation_condition": "OpenSBI incorrectly sets or clears the tagcheck-exempt PTE attribute on a code page ...
[14:58:22] [spechunter] [text] The fix inverts the condition — the old spec said "is on a tagcheck-exempt code page" (wrong), the new one says "is not ...
[14:58:24] [spechunter] [Grep] pattern='mte_tag_check'
[14:58:24] [spechunter] [Grep] pattern='riscv_cpu_tcg_ldst_mte'
[14:58:24] [spechunter] [Grep] pattern='helper_mte_tag_check'
[14:58:24] [spechunter] [Grep] pattern='tagcheck_exempt|tag_check.*exempt|check_tag.*exempt|mte_tag_check.*page.*exempt'
[14:58:34] [spechunter] [Grep] pattern='mte_tag_check'
[14:58:34] [spechunter] [Grep] pattern='tagcheck_exempt|tag_check.*exempt|tag_check_needed'
[14:58:34] [spechunter] [Grep] pattern='riscv_cpu_tcg_ldst_mte'
[14:58:39] [spechunter] [TodoWrite] 4 items
[14:58:41] [spechunter] [text] No direct matches. Let me broaden the search to look for related MTE/tag-check infrastructure in the RISC-V code.  
[14:58:41] [spechunter] [Grep] pattern='mte|tag.?check|tag_check|MEMTAG'
[14:58:41] [spechunter] [Grep] pattern='mte|tag.?check|tag_check|MEMTAG'
[14:58:41] [spechunter] [Grep] pattern='mte|tag.?check|tag_check|MEMTAG'
[14:58:41] [spechunter] [Grep] pattern='tag.*check|tagCheck|TagCheck|tag_check'
[14:58:41] [spechunter] [Grep] pattern='MTE|mte|MemTag|memtag|mem_tag'
[14:58:41] [spechunter] [Grep] pattern='Mmode.*tag|mmode.*tag|M_Mode.*tag|m_mode.*tag'
[14:58:41] [spechunter] [Agent] description, subagent_type
[14:58:49] [spechunter] [Glob] **/*mte*/**
[14:58:49] [spechunter] [Glob] **/*MTE*
[14:58:49] [spechunter] [Glob] **/*mte*.*
[14:58:49] [spechunter] [Glob] **/*tag*check*
[14:58:49] [spechunter] [Glob] **/*TagCheck*
[14:58:49] [spechunter] [Bash] Find all MTE-related files
[14:58:58] [spechunter] [Grep] pattern='menvcfg'
[14:58:58] [spechunter] [Grep] pattern='senvcfg'
[14:58:58] [spechunter] [Grep] pattern='tagcheck'
[14:58:58] [spechunter] [Grep] pattern='MTE'
[14:58:58] [spechunter] [Grep] pattern='satp'
[14:58:58] [spechunter] [Grep] pattern='SATP_MODE'
[14:59:03] [spechunter] [text] Also check the instruction translation files and any machines that configure MTE-related properties.  
[14:59:03] [spechunter] [Grep] pattern='mtetr|mctrctl.*mte|ext_sm|ext_ssm|ext_zic|ext_sv'
[14:59:03] [spechunter] [Grep] pattern='exempt'
[14:59:03] [spechunter] [Grep] pattern='exempt'
[14:59:03] [spechunter] [Grep] pattern='exempt'
[14:59:03] [spechunter] [Grep] pattern='mte|MTE|memory.*tag'
[14:59:03] [spechunter] [Grep] pattern='mte|tag.check|tag_check'
[14:59:03] [spechunter] [Glob] **/mte*
[14:59:10] [spechunter] [Read] /home/yzs/riscv/XiangShan/src/mte_tag.adoc
[14:59:10] [spechunter] [Read] /home/yzs/riscv/XiangShan/mte_tag_check_logic_findings.json
[14:59:10] [spechunter] [Grep] pattern='mte|MTE|memtag|MemTag|memory.tag'
[14:59:11] [spechunter] [Grep] pattern='tag.?check|tag_check|mte_tag'
[14:59:11] [spechunter] [Bash] Check what files are modified in working tree
[14:59:16] [spechunter] [Read] /home/yzs/riscv/opensbi/lib/sbi/sbi_domain_context.c
[14:59:16] [spechunter] [Read] /home/yzs/riscv/opensbi/lib/sbi/sbi_hsm.c
[14:59:16] [spechunter] [Read] /home/yzs/riscv/opensbi/lib/sbi/sbi_hart.c
[14:59:16] [spechunter] [Read] /home/yzs/riscv/opensbi/include/sbi/riscv_encoding.h
[14:59:25] [spechunter] [Grep] pattern='PTE_PPN|PTE_FLAGS|PTE_ATTR'
[14:59:25] [spechunter] [Grep] pattern='PTE_PPN|PTE_FLAGS|PTE_ATTR'
[14:59:25] [spechunter] [Grep] pattern='menvcfg|senvcfg'
[14:59:25] [spechunter] [Grep] pattern='menvcfg|senvcfg'
[14:59:25] [spechunter] [Grep] pattern='tagcheck|tag_check|MTE|Memory Tagging|memory.tag'
[14:59:25] [spechunter] [Grep] pattern='satp.*MODE|SATP_MODE|satp_mode'
[14:59:25] [spechunter] [Grep] pattern='sbi_domain.*pte|domain.*page.table|domain.*walk'
[14:59:25] [spechunter] [Grep] pattern='hsm.*context|context.*save|context.*restore|hsm_save|hsm_restore'
[14:59:25] [spechunter] [Grep] pattern='svpbmt|svadu|PBMT|ADUE'
[14:59:25] [spechunter] [Grep] pattern='svpbmt|svadu|PBMT|ADUE'
[14:59:25] [spechunter] [Grep] pattern='page.table.walk|pt_walk|pgtbl_walk|__pgtbl'
[14:59:25] [spechunter] [Grep] pattern='page.table.walk|pt_walk|pgtbl_walk|__pgtbl'
[14:59:26] [spechunter] [TodoWrite] 5 items
[14:59:27] [spechunter] [text] Let me also check the actual diff of the one modified file.  
[14:59:27] [spechunter] [Bash] Show diff of modified riscv-iommu.c
[14:59:27] [spechunter] [Grep] pattern='MCTRCTL_MTE|mctrctl'
[14:59:29] [spechunter] [text] Let me also check the HSM save/restore and fwft code for complete context.  
[14:59:29] [spechunter] [Read] /home/yzs/riscv/opensbi/lib/sbi/sbi_hsm.c
[14:59:29] [spechunter] [Read] /home/yzs/riscv/opensbi/lib/sbi/sbi_fwft.c
[14:59:29] [spechunter] [Grep] pattern='ENVCFG_'
[14:59:29] [spechunter] [Grep] pattern='SBI_HART_EXT_SMMTT|SBI_HART_EXT_MMT|SBI_HART_EXT_MTE'
[14:59:32] [spechunter] [Grep] pattern='tag_check|tagcheck|tag_check'
[14:59:32] [spechunter] [Grep] pattern='tag'
[14:59:32] [spechunter] [Grep] pattern='tag'
[14:59:34] [spechunter] [Read] /home/yzs/riscv/qemu/target/riscv/cpu_helper.c
[14:59:34] [spechunter] [Read] /home/yzs/riscv/qemu/target/riscv/cpu_helper.c
[14:59:41] [spechunter] [Grep] pattern='tagcheck|tag_check|tagCheck|itlb_tagcheck_exempt|tagcheck_exempt'
[14:59:41] [spechunter] [Grep] pattern='tagchk|tagCmp|tag_cmp|tagCheckExempt|checkExempt'
[14:59:41] [spechunter] [Grep] pattern='mtag|mte_tag|memtag|memory_tag'
[14:59:44] [spechunter] [Grep] pattern='riscv_cpu_tcg_ldst|riscv_cpu_tcg'
[14:59:44] [spechunter] [Grep] pattern='helper_mte|helper_mtag|mte_check'
[14:59:44] [spechunter] [Grep] pattern='tagged|MTAG|ptag|PTAG|SMTE|smtet'
[14:59:49] [spechunter] [Grep] pattern='SBI_HART_EXT_'
[14:59:49] [spechunter] [Grep] pattern='SATP_MODE'
[14:59:49] [spechunter] [Grep] pattern='CSR_MENVCFG|CSR_SENVCFG'
[14:59:49] [spechunter] [Grep] pattern='tag.*check|tagCheck|TagCheck|tag_check'
[14:59:49] [spechunter] [Grep] pattern='tag.*check|tagCheck|TagCheck|tag_check|isMmode|is_mmode|mode.*M|priv.*Machine'
[14:59:49] [spechunter] [Grep] pattern='tag.*check|tagCheck|TagCheck|tag_check|MTE|mte|memtag'
[15:00:02] [spechunter] [Read] /home/yzs/riscv/qemu/target/riscv/cpu_helper.c
[15:00:02] [spechunter] [Read] /home/yzs/riscv/qemu/target/riscv/cpu_helper.c
[15:00:02] [spechunter] [Grep] pattern='svukte|do_svukte|SVUKTE'
[15:00:02] [spechunter] [Grep] pattern='pte|page.table'
[15:00:02] [spechunter] [Grep] pattern='pgtbl|page_table|ptable'
[15:00:02] [spechunter] [Grep] pattern='pgtbl|page_table|ptable|rtable'
[15:00:02] [spechunter] [Grep] pattern='pmp.*set|pmp.*cfg|pmpcfg|pmpaddr'
[15:00:02] [spechunter] [Grep] pattern='satp'
[15:00:02] [spechunter] [Grep] pattern='riscv_pte|RISCV_PTE|PTE_V|PTE_R|PTE_W|PTE_X|PTE_U|PTE_G|PTE_A|PTE_D|_PTE_|__PTE'
[15:00:02] [spechunter] [Grep] pattern='domain.*map|domain.*unmap|domain.*access'
[15:00:02] [spechunter] [Grep] pattern='sbi_hsm|HSM'
[15:00:02] [spechunter] [Grep] pattern='riscv_.*pte|RISCV_.*PTE'
[15:00:02] [spechunter] [Grep] pattern='page_size|PAGE_SIZE|PAGE_SHIFT'
[15:00:03] [spechunter] [Read] /home/yzs/riscv/XiangShan/src/main/scala/xiangshan/cache/mmu/BitmapCheck.scala
[15:00:03] [spechunter] [Grep] pattern='tag|Tag|MTE|mte'
[15:00:03] [spechunter] [Grep] pattern='MTE|mte'
[15:00:05] [spechunter] [Grep] pattern='tag'
[15:00:05] [spechunter] [Grep] pattern='tag'
[15:00:05] [spechunter] [Read] /home/yzs/riscv/qemu/target/riscv/cpu_helper.c
[15:00:10] [spechunter] [Grep] pattern='tag_chk|tagcmp|tag_cmp|tagcheck|check_tag|tag_check|exempt'
[15:00:10] [spechunter] [Grep] pattern='zimt|Zimt|ZIMT|mseccfg|Mseccfg|MSECCFG|memory_security|mem_security'
[15:00:15] [spechunter] [Grep] pattern='svukte|SVUKTE|Svukte'
[15:00:15] [spechunter] [Grep] pattern='tag_check|tagcheck|tag_check'
[15:00:15] [spechunter] [Read] /home/yzs/riscv/qemu/target/riscv/cpu_helper.c
[15:00:26] [spechunter] [text] ```json {   "locations": [     {       "file_path": "lib/sbi/sbi_hart.c",       "function_name": "mstatus_init",       "...
[15:00:26] [spechunter] [Read] /home/yzs/riscv/XiangShan/src/main/scala/xiangshan/backend/fu/NewCSR/MachineLevel.scala
[15:00:26] [spechunter] [Read] /home/yzs/riscv/XiangShan/src/main/scala/xiangshan/Bundle.scala
[15:00:26] [spechunter] [Grep] pattern='mseccfg|MML|MMWP|RLB|PMM'
[15:00:28] [spechunter] [text] Let me search more broadly for any related function names or patterns across the entire codebase.  
[15:00:28] [spechunter] [Grep] pattern='mte_tag|tag_check|tagcheck|tag.*check'
[15:00:28] [spechunter] [Grep] pattern='riscv_cpu_tcg_ldst|tcg_gen.*mte|gen_mte|MTE_ACTIVE|mte_active'
[15:00:28] [spechunter] [Grep] pattern='helper_mte|helper.*tag.*check|helper.*tag_check'
[15:00:28] [spechunter] [Grep] pattern='exempt'
[15:00:37] [spechunter] [text] The RISC-V target doesn't seem to have MTE tag-check logic directly. But the IOMMU file is modified — let me check it fo...
[15:00:37] [spechunter] [Bash] Show diff of modified IOMMU file
[15:00:37] [spechunter] [Grep] pattern='tag|exempt|tag_check'
[15:00:40] [spechunter] [Grep] pattern='mte|MTE|memtag|MemTag|MEMTAG'
[15:00:40] [spechunter] [Grep] pattern='mte|MTE|memtag|MemTag|MEMTAG'
[15:00:40] [spechunter] [Grep] pattern='mte|MTE|memtag|MemTag|MEMTAG'
[15:00:40] [spechunter] [Grep] pattern='mte|MTE|memtag|MemTag|MEMTAG'
[15:00:42] [spechunter] [Read] /home/yzs/riscv/opensbi/lib/sbi/sbi_hart.c
[15:00:42] [spechunter] [Read] /home/yzs/riscv/opensbi/lib/sbi/sbi_domain_context.c
[15:00:42] [spechunter] [Read] /home/yzs/riscv/opensbi/lib/sbi/sbi_hsm.c
[15:00:42] [spechunter] [Read] /home/yzs/riscv/opensbi/lib/sbi/sbi_hsm.c
[15:00:42] [spechunter] [Read] /home/yzs/riscv/opensbi/lib/sbi/sbi_hsm.c
[15:00:42] [spechunter] [Read] /home/yzs/riscv/opensbi/lib/sbi/sbi_fwft.c
[15:00:42] [spechunter] [Read] /home/yzs/riscv/opensbi/lib/sbi/sbi_fwft.c
[15:00:42] [spechunter] [Read] /home/yzs/riscv/opensbi/lib/sbi/sbi_fwft.c
[15:00:42] [spechunter] [Read] /home/yzs/riscv/opensbi/include/sbi/riscv_encoding.h
[15:00:42] [spechunter] [Read] /home/yzs/riscv/opensbi/lib/sbi/sbi_domain.c
[15:00:42] [spechunter] [Read] /home/yzs/riscv/opensbi/lib/sbi/sbi_hart_pmp.c
[15:00:42] [spechunter] [Read] /home/yzs/riscv/opensbi/lib/sbi/sbi_domain.c
[15:00:43] [spechunter] [Read] /home/yzs/riscv/XiangShan/src/main/scala/xiangshan/backend/fu/NewCSR/CSRBundles.scala
[15:00:43] [spechunter] [Grep] pattern='EnvPMM|mseccfg|tagcheck|mem_tag|MTE|Zimt'
[15:00:54] [spechunter] [Grep] pattern='ModeM|modeM|mode.*=.*Mode|Mmode|m_mode|isMachine'
[15:00:54] [spechunter] [Grep] pattern='ModeM|isMachine|m_mode|mode.*Machine'
[15:00:54] [spechunter] [Grep] pattern='tag.*check|tag_check|tagCheck|TagCheck'
[15:00:58] [spechunter] [text] The IOMMU "tag" references are about translation tags, not MTE. Let me search more broadly for memory tagging features i...
[15:00:58] [spechunter] [Grep] pattern='mte_tag|MteTag|MTETAG'
[15:00:58] [spechunter] [Grep] pattern='riscv.*mte|mte.*riscv'
[15:00:58] [spechunter] [Grep] pattern='ext_sv_mte|ext_mte|SVMTE|svmte'
[15:01:01] [spechunter] [Grep] pattern='tag|pte\\.|PTE|pte_|itlb|dtlb|tlb_tag|tlbperm|perm'
[15:01:01] [spechunter] [Bash] Check MMUBundle file size
[15:01:01] [spechunter] [Grep] pattern='PtwResp|PtwEntry|ptwResp|ptw_entry|TLBPTWResp|TLBPTWEntry'
[15:01:11] [spechunter] [Grep] pattern='PTE|pte_'
[15:01:11] [spechunter] [Grep] pattern='sbi_hart_switch_mode|switch_mode'
[15:01:11] [spechunter] [Grep] pattern='mteecfg|MTEECFG|tag|memory_tag'
[15:01:11] [spechunter] [Read] /home/yzs/riscv/opensbi/lib/sbi/sbi_hart.c
[15:01:11] [spechunter] [Read] /home/yzs/riscv/opensbi/lib/sbi/sbi_fwft.c
[15:01:11] [spechunter] [Read] /home/yzs/riscv/opensbi/lib/sbi/sbi_hsm.c
[15:01:11] [spechunter] [Glob] lib/sbi/*domain*
[15:01:11] [spechunter] [Glob] include/sbi/*domain*
[15:01:11] [spechunter] [Glob] lib/sbi/*hsm*
[15:01:11] [spechunter] [Glob] include/sbi/*hsm*
[15:01:13] [spechunter] [Grep] pattern='exempt'
[15:01:13] [spechunter] [Grep] pattern='exempt'
[15:01:13] [spechunter] [Grep] pattern='tag.*check|check.*tag'
[15:01:26] [spechunter] [Read] /home/yzs/riscv/XiangShan/src/main/scala/xiangshan/cache/mmu/TLB.scala
[15:01:26] [spechunter] [Read] /home/yzs/riscv/XiangShan/src/main/scala/xiangshan/cache/mmu/TLB.scala
[15:01:26] [spechunter] [Read] /home/yzs/riscv/XiangShan/src/main/scala/xiangshan/cache/mmu/PageTableWalker.scala
[15:01:36] [spechunter] [Read] /home/yzs/riscv/XiangShan/src/main/scala/xiangshan/cache/mmu/TLB.scala
[15:01:36] [spechunter] [Read] /home/yzs/riscv/XiangShan/src/main/scala/xiangshan/cache/mmu/PageTableWalker.scala
[15:01:36] [spechunter] [Grep] pattern='bitmap|Bitmap|BITMAP'
[15:01:38] [spechunter] [text] Let me look at where MTE tag-check logic would be inserted — the load/store translation paths and page table walk.  
[15:01:38] [spechunter] [Grep] pattern='tcg_gen_qemu_ld|tcg_gen_qemu_st|qemu_ld|qemu_st'
[15:01:38] [spechunter] [Glob] **/riscv/insn_trans/*
[15:01:38] [spechunter] [Grep] pattern='gen_load|gen_store|gen_ld|gen_st'
[15:01:39] [spechunter] [Read] /home/yzs/riscv/opensbi/lib/sbi/sbi_hart.c
[15:01:39] [spechunter] [Read] /home/yzs/riscv/opensbi/include/sbi/sbi_domain.h
[15:01:39] [spechunter] [Read] /home/yzs/riscv/opensbi/platform/generic/include/thead/c9xx_encoding.h
[15:01:39] [spechunter] [Read] /home/yzs/riscv/opensbi/lib/sbi/riscv_asm.c
[15:01:39] [spechunter] [Grep] pattern='csr_swap|csr_read.*CSR_SENVCFG|csr_write.*CSR_SENVCFG'
[15:01:39] [spechunter] [Grep] pattern='pte|page.table|PTE|VMA|sfence|hfence'
[15:01:39] [spechunter] [Grep] pattern='VMID|ASID|MMU|TLB'
[15:01:39] [spechunter] [Grep] pattern='sbireturn|sbi_trap_handler|mret|mnret'
[15:01:39] [spechunter] [Grep] pattern='page|pte|ppn'
[15:01:40] [spechunter] [text] Let me search for broader patterns related to memory tagging and the inverted logic described in the existing findings. ...
[15:01:40] [spechunter] [Grep] pattern='memory.tag|mem.tag|tag_check|tagcheck|tagvld|tag_valid'
[15:01:40] [spechunter] [Grep] pattern='mseccfg'
[15:01:40] [spechunter] [Grep] pattern='tag|perm|exc|exempt|check'
[15:01:53] [spechunter] [Read] /home/yzs/riscv/qemu/target/riscv/insn_trans/trans_rvi.c.inc
[15:01:53] [spechunter] [Grep] pattern='trans_load|trans_store|gen_load|gen_store'
[15:01:53] [spechunter] [Grep] pattern='PMP_LOCK|PMP_NAPOT|PMP_AMATCH|pmp_is_range|pmppriv|pmp_hart_has_privs'
[15:01:53] [spechunter] [Read] /home/yzs/riscv/XiangShan/src/main/scala/xiangshan/mem/pipeline/NewLoadUnit.scala
[15:01:53] [spechunter] [Grep] pattern='tag|check|exempt|mem.*access|mem.*perm'
[15:01:53] [spechunter] [Grep] pattern='mmu|TLB|tlb|pmp|PMP'
[15:02:02] [spechunter] [Grep] pattern='tag|tagchk|exempt|check|perm|pte_bits|PteBits|pte_'
[15:02:02] [spechunter] [Bash] Check TLB file size
[15:02:03] [spechunter] [Read] /home/yzs/riscv/opensbi/include/sbi/riscv_encoding.h
[15:02:03] [spechunter] [Read] /home/yzs/riscv/opensbi/lib/sbi/sbi_ecall_hsm.c
[15:02:03] [spechunter] [Read] /home/yzs/riscv/opensbi/lib/sbi/sbi_hsm.c
[15:02:03] [spechunter] [Read] /home/yzs/riscv/opensbi/lib/sbi/sbi_hsm.c
[15:02:03] [spechunter] [Read] /home/yzs/riscv/opensbi/lib/sbi/sbi_domain.c
[15:02:03] [spechunter] [Read] /home/yzs/riscv/opensbi/semantic_finding_menvcfg_wpri.json
[15:02:03] [spechunter] [Grep] pattern='ENVCFG_PMM|PMM|pointer_mask|POINTER_MASKING'
[15:02:03] [spechunter] [Grep] pattern='find_region|find_subset|memregion_find'
[15:02:03] [spechunter] [text] Let me do one final comprehensive sweep to ensure nothing is missed.  
[15:02:03] [spechunter] [Grep] pattern='tag.*check|check.*tag|tag.*exempt|exempt.*tag'
[15:02:03] [spechunter] [Grep] pattern='riscv_tag|tagcheck'
[15:02:03] [spechunter] [Grep] pattern='helper_mte|tcg_ldst_mte|tag_check_needed'
[15:02:12] [spechunter] [Grep] pattern='tagcheck|tag_check|itlb_exempt|dtlb_exempt|checkExempt|check_exempt|mte|memtag'
[15:02:12] [spechunter] [Grep] pattern='itlb|Itlb|ITLB|dtlb|Dtlb|DTLB'
[15:02:23] [spechunter] [Read] /home/yzs/riscv/qemu/target/riscv/csr.c
[15:02:23] [spechunter] [Read] /home/yzs/riscv/qemu/target/riscv/cpu_bits.h
[15:02:27] [spechunter] [Read] /home/yzs/riscv/opensbi/lib/sbi/sbi_domain.c
[15:02:27] [spechunter] [Read] /home/yzs/riscv/opensbi/lib/sbi/sbi_fwft.c
[15:02:27] [spechunter] [Read] /home/yzs/riscv/opensbi/lib/sbi/sbi_init.c
[15:02:27] [spechunter] [Read] /home/yzs/riscv/opensbi/lib/sbi/sbi_hart.c
[15:02:27] [spechunter] [Grep] pattern='SFENCE|sfence|__sbi_sfence'
[15:02:27] [spechunter] [Read] /home/yzs/riscv/opensbi/lib/sbi/sbi_domain.c
[15:02:29] [spechunter] [Grep] pattern='mbmc|MBMC|MBME|BME|CMODE|BCLEAR|BMA|KEYIDEN'
[15:02:29] [spechunter] [Grep] pattern='mbmc|MBMC|mseccfg|MSECCFG'
[15:02:29] [spechunter] [Read] /home/yzs/riscv/XiangShan/src/main/scala/xiangshan/cache/mmu/PageTableWalker.scala
[15:02:36] [spechunter] [text] The existing findings describe a bug but the actual RTL code might have already been patched. Let me check recent git hi...
[15:02:36] [spechunter] [Bash] Check recent commits touching main scala source
[15:02:36] [spechunter] [Bash] Check git log for tag check/MTE related commits
[15:02:36] [spechunter] [Grep] pattern='tag'
[15:02:42] [spechunter] [Grep] pattern='CSR_MMTE|CSR_SMTE|CSR_UMTE|mmte|smte_csr'
[15:02:42] [spechunter] [Grep] pattern='tcg_gen_qemu_ld|tcg_gen_qemu_st|tcg_gen_st|tcg_gen_ld'
[15:02:42] [spechunter] [Grep] pattern='do_svukte|check_svukte'
[15:02:44] [spechunter] [Grep] pattern='isFakePte|fakePte|fake_pte|fakepte'
[15:02:44] [spechunter] [Grep] pattern='tagCheck|tag_check|tagCheckEnable|checkTag|MmodeCheck'
[15:02:44] [spechunter] [Grep] pattern='tag.*check|bitmap.*check|check.*mmode|mmode.*check'
[15:02:53] [spechunter] [Bash] Search for PR-related commits
[15:02:53] [spechunter] [Grep] pattern='mseccfg'
[15:02:59] [spechunter] [text] Now let me look at the existing analysis file for MTE tag elide to understand the context better, and then read the key ...
[15:02:59] [spechunter] [Read] /home/yzs/riscv/qemu/analysis_mte_tag_elide.json
[15:02:59] [spechunter] [Read] /home/yzs/riscv/qemu/target/riscv/insn_trans/trans_rvi.c.inc
[15:03:03] [spechunter] [Read] /home/yzs/riscv/qemu/target/riscv/cpu_helper.c
[15:03:03] [spechunter] [Read] /home/yzs/riscv/qemu/target/riscv/cpu_helper.c
[15:03:03] [spechunter] [Grep] pattern='CTR|ctr_record|record_trap|riscv_ctr'
[15:03:06] [spechunter] [Read] /home/yzs/riscv/opensbi/lib/sbi/sbi_sse.c
[15:03:06] [spechunter] [Read] /home/yzs/riscv/opensbi/lib/sbi/sbi_init.c
[15:03:06] [spechunter] [Read] /home/yzs/riscv/opensbi/include/sbi/sbi_hsm.h
[15:03:06] [spechunter] [Grep] pattern='HART_EXT_SVADU|HART_EXT_SVPBMT|HART_EXT_SVADE|SBI_HART_EXT_SV'
[15:03:06] [spechunter] [Grep] pattern='PMPTEE|PMPTEECFG'
[15:03:18] [spechunter] [Read] /home/yzs/riscv/XiangShan/src/main/scala/xiangshan/cache/mmu/TLB.scala
[15:03:18] [spechunter] [Read] /home/yzs/riscv/XiangShan/src/main/scala/xiangshan/cache/mmu/TLB.scala
[15:03:19] [spechunter] [Read] /home/yzs/riscv/XiangShan/src/main/scala/xiangshan/cache/mmu/MMUBundle.scala
[15:03:19] [spechunter] [Read] /home/yzs/riscv/XiangShan/src/main/scala/xiangshan/cache/mmu/MMUBundle.scala
[15:03:19] [spechunter] [Read] /home/yzs/riscv/XiangShan/src/main/scala/xiangshan/cache/mmu/MMUBundle.scala
[15:03:26] [spechunter] [Grep] pattern='tagcheck|tag_check|MTE|memory.tag'
[15:03:26] [spechunter] [Grep] pattern='tagcheck|tag_check|MTE|memory.tag'
[15:03:26] [spechunter] [Grep] pattern='riscv_asm\\.c|__sbi_sfence'
[15:03:26] [spechunter] [Bash] Check recent git history for any MTE/tag-related commits
[15:03:29] [spechunter] [Read] /home/yzs/riscv/XiangShan/src/main/scala/xiangshan/cache/mmu/MMUBundle.scala
[15:03:29] [spechunter] [Read] /home/yzs/riscv/XiangShan/src/main/scala/xiangshan/cache/mmu/PageTableWalker.scala
[15:03:31] [spechunter] [text] Let me verify one more thing — whether there's any PTE-level or page-table-walk code that could have tag-related logic. ...
[15:03:31] [spechunter] [Grep] pattern='PTE_MTAG|pte_mtag|PTE_TAG|pte.*tag'
[15:03:31] [spechunter] [Grep] pattern='ext_mte_tag|ext_svmte|ext_mte_'
[15:03:31] [spechunter] [Grep] pattern='mte_tag|svmte|Memory Tagging|Memory Tag'
[15:03:44] [spechunter] [Read] /home/yzs/riscv/XiangShan/src/main/scala/xiangshan/cache/mmu/L2TLB.scala
[15:03:44] [spechunter] [Grep] pattern='cf|checkfail|check_fail|bitmap_check|BitmapCheck|hasBitmap'
[15:03:44] [spechunter] [Grep] pattern='cf|checkfail|check_fail|bitmap_check|BitmapCheck|hasBitmap'
[15:03:56] [spechunter] [text] Now I have a complete picture. Here are the results:  ```json {   "locations": [     {       "file_path": "target/riscv/...
[15:04:06] [spechunter] [Bash] Check all recent branches/commits
[15:04:06] [spechunter] [Bash] List all branches
[15:04:27] [spechunter] [text] Let me check if there's any MTE-related code in recent git history or on branches.  
[15:04:27] [spechunter] [Bash] Search git log for MTE tag related commits
[15:04:27] [spechunter] [Grep] pattern='mte_tag|tag_check|tagcheck'
[15:04:41] [spechunter] [Read] /home/yzs/riscv/XiangShan/src/main/scala/xiangshan/cache/mmu/PageTableWalker.scala
[15:04:41] [spechunter] [Read] /home/yzs/riscv/XiangShan/src/main/scala/xiangshan/cache/mmu/PageTableWalker.scala
[15:04:41] [spechunter] [Read] /home/yzs/riscv/XiangShan/src/main/scala/xiangshan/cache/mmu/PageTableWalker.scala
[15:04:47] [spechunter] [TodoWrite] 5 items
[15:04:58] [spechunter] [text] Now let me verify the RISC-V load code path comprehensively — checking whether there's any injection point for tag check...
[15:04:58] [spechunter] [Grep] pattern='tcg_gen_qemu_ld|tcg_gen_qemu_st'
[15:05:04] [spechunter] [Grep] pattern='enableS2xlate|onlyS1xlate|onlyS2xlate|noS2xlate|s2xlate.*mode|mode.*M|ModeM'
[15:05:04] [spechunter] [Read] /home/yzs/riscv/XiangShan/src/main/scala/xiangshan/cache/mmu/PageTableWalker.scala
[15:05:04] [spechunter] [Read] /home/yzs/riscv/XiangShan/src/main/scala/xiangshan/cache/mmu/PageTableWalker.scala
[15:05:12] [spechunter] [Grep] pattern='pmp|PMP|PmpChecker|pmp_check'
[15:05:12] [spechunter] [Glob] **/PMP*
[15:05:12] [spechunter] [Grep] pattern='mtag|Mtag|MTAG|m_tag|load.*tag|store.*tag|lsu.*tag'
[15:05:21] [spechunter] [Read] /home/yzs/riscv/XiangShan/src/main/scala/xiangshan/cache/mmu/L2TLB.scala
[15:05:21] [spechunter] [Grep] pattern='mode.*=.*M|isMmode|ModeMachine|ModeM'
[15:05:21] [spechunter] [Grep] pattern='ModeM|isMachine|machine|Mmode'
[15:05:36] [spechunter] [Read] /home/yzs/riscv/XiangShan/src/main/scala/xiangshan/backend/fu/NewCSR/NewCSR.scala
[15:05:36] [spechunter] [Read] /home/yzs/riscv/XiangShan/src/main/scala/xiangshan/backend/fu/NewCSR/NewCSR.scala
[15:05:36] [spechunter] [Grep] pattern='tag'
[15:05:42] [spechunter] [text] Now let me look at the M-mode check specifically in the context of bitmap/tag checking.  
[15:05:42] [spechunter] [Read] /home/yzs/riscv/XiangShan/src/main/scala/xiangshan/cache/mmu/TLB.scala
[15:05:42] [spechunter] [Grep] pattern='HasBitmapCheck'
[15:05:42] [spechunter] [Grep] pattern='HasBitmapCheck'
[15:05:44] [spechunter] [text] Let me read the key source files to understand the call graphs and semantics deeply.  
[15:05:44] [spechunter] [Read] /home/yzs/riscv/opensbi/lib/sbi/sbi_hart.c
[15:05:44] [spechunter] [Read] /home/yzs/riscv/opensbi/lib/sbi/sbi_hsm.c
[15:05:44] [spechunter] [Read] /home/yzs/riscv/opensbi/lib/sbi/sbi_domain_context.c
[15:05:44] [spechunter] [Read] /home/yzs/riscv/opensbi/lib/sbi/sbi_fwft.c
[15:05:59] [spechunter] [text] Let me also check the warm-boot initialization, the `sbi_hart_switch_mode` function, and the `sbi_init` cold/warm boot p...
[15:05:59] [spechunter] [Read] /home/yzs/riscv/opensbi/lib/sbi/sbi_hart.c
[15:05:59] [spechunter] [Read] /home/yzs/riscv/opensbi/lib/sbi/sbi_init.c
[15:05:59] [spechunter] [Read] /home/yzs/riscv/opensbi/include/sbi/riscv_encoding.h
[15:06:10] [spechunter] [Read] /home/yzs/riscv/XiangShan/src/main/scala/xiangshan/cache/mmu/TLB.scala
[15:06:10] [spechunter] [Grep] pattern='mode.*=.*M|isMmode|ModeM|machine|Mmode|modeM'
[15:06:10] [spechunter] [Grep] pattern='tag.*check|tagCheck|TagCheck|HasBitmap|bitmap|Mmode'
[15:06:10] [spechunter] [text] I've completed my exhaustive semantic search. Here's my analysis:  **Summary**: The RISC-V target in this QEMU codebase ...
[15:06:22] [spechunter] [Grep] pattern='sbi_hart_reinit'
[15:06:22] [spechunter] [Grep] pattern='menvcfg|MENVCFG|senvcfg|SENVCFG'
[15:06:22] [spechunter] [Grep] pattern='menvcfg|MENVCFG'
[15:06:28] [spechunter] [Grep] pattern='vmEnable|s2xlateEnable|privNeedTranslate|portTranslateEnable'
[15:06:28] [spechunter] [Grep] pattern='bitmapCheck|bitmap_check|bitmapCheckfailed|HasBitmapCheck|cf'
[15:06:41] [spechunter] [Read] /home/yzs/riscv/opensbi/lib/sbi/sbi_hart.c
[15:06:41] [spechunter] [Read] /home/yzs/riscv/opensbi/lib/sbi/sbi_hart.c
[15:06:48] [spechunter] [text] Let me also check the `mstatus_init` and `fp_init` functions called during reinit, and look for any PTE manipulation in ...
[15:06:48] [spechunter] [Grep] pattern='mstatus_init|fp_init'
[15:06:48] [spechunter] [Grep] pattern='mstatus_init|fp_init'
[15:07:06] [spechunter] [text] I'll verify the key locations against the actual code before producing the final set.  
[15:07:06] [spechunter] [Read] /home/yzs/riscv/qemu/target/riscv/cpu_helper.c
[15:07:06] [spechunter] [Read] /home/yzs/riscv/qemu/target/riscv/cpu_bits.h
[15:07:06] [spechunter] [Read] /home/yzs/riscv/qemu/target/riscv/cpu_helper.c
[15:07:13] [spechunter] [Grep] pattern='onlyS2xlate|onlyS1xlate|noS2xlate|req_s2xlate|s2xlate.*='
[15:07:13] [spechunter] [Grep] pattern='bitmap_enable|bitmap.*check|cf.*=|cf\\b|check_failed'
[15:07:16] [spechunter] [Read] /home/yzs/riscv/qemu/target/riscv/cpu_helper.c
[15:07:16] [spechunter] [Read] /home/yzs/riscv/qemu/target/riscv/cpu_bits.h
[15:07:16] [spechunter] [Read] /home/yzs/riscv/qemu/hw/riscv/riscv-iommu.c
[15:07:28] [spechunter] [Read] /home/yzs/riscv/XiangShan/src/main/scala/xiangshan/cache/mmu/PageTableWalker.scala
[15:07:28] [spechunter] [Grep] pattern='mode|priv|Machine|ModeM'
[15:07:28] [spechunter] [Read] /home/yzs/riscv/XiangShan/src/main/scala/xiangshan/cache/mmu/PageTableWalker.scala
[15:07:37] [spechunter] [Grep] pattern='MCTRCTL_MTE'
[15:07:37] [spechunter] [Grep] pattern='define MCTRCTL'
[15:07:55] [spechunter] [Agent] description, subagent_type
[15:08:22] [spechunter] [Grep] pattern='tag_check'
[15:08:22] [spechunter] [Grep] pattern='tagcheck'
[15:08:22] [spechunter] [Grep] pattern='m_mode.*tag|tag.*m_mode'
[15:08:22] [spechunter] [Grep] pattern='machine_mode.*tag|tag.*machine_mode'
[15:08:22] [spechunter] [Grep] pattern='zimt'
[15:08:22] [spechunter] [Grep] pattern='mte.*tag|tag.*mte'
[15:08:22] [spechunter] [Grep] pattern='PMP.*tag|tag.*PMP|pmp.*tag'
[15:08:22] [spechunter] [Glob] **/*mte_tag*
[15:08:22] [spechunter] [Bash] Show recent 30 git commits
[15:08:25] [spechunter] [text] Now let me also check if there's any actual "M-mode tag check" in the svukte path that might be the PR's target:  
[15:08:25] [spechunter] [Grep] pattern='mode.*PRV_M.*tag|tag.*check.*M.mode|menvcfg'
[15:08:25] [spechunter] [Grep] pattern='MPRV|mstatus.*MPP'
[15:08:51] [spechunter] [Read] /home/yzs/riscv/XiangShan/mte_tag_check_logic_findings.json
[15:08:51] [spechunter] [Read] /home/yzs/riscv/XiangShan/zimt_mtag_reserved_bit_clash_findings.json
[15:08:51] [spechunter] [Read] /home/yzs/riscv/XiangShan/mte_tag_async_removal_findings.json
[15:08:51] [spechunter] [Grep] pattern='tag|MteTag|mte_tag'
[15:08:51] [spechunter] [Grep] pattern='tag|MteTag|mte_tag|zimt'
[15:08:51] [spechunter] [Grep] pattern='tag|MteTag|mte_tag|zimt'
[15:08:51] [spechunter] [Grep] pattern='tag|MteTag|mte_tag|zimt'
[15:08:51] [spechunter] [Grep] pattern='tag|MteTag|mte_tag|zimt'
[15:08:51] [spechunter] [Grep] pattern='tag|MteTag|mte_tag|zimt'
[15:09:13] [spechunter] [text] Let me check how `mode` is derived to confirm the M-mode MPRV gap.  
[15:09:13] [spechunter] [Grep] pattern='mmuidx_priv'
[15:09:13] [spechunter] [Grep] pattern='do_svukte_check|check_svukte_addr'
[15:09:17] [spechunter] [text] Now let me check whether the `mstatus_init` menvcfg initialization runs on warm boot reinit too, and look at the include...
[15:09:17] [spechunter] [Read] /home/yzs/riscv/opensbi/lib/sbi/sbi_hart.c
[15:09:17] [spechunter] [Grep] pattern='tagcheck|mte_tag|smte|Ssmt|Svmt|memory.tag|MTE'
[15:09:17] [spechunter] [Grep] pattern='MTE|mte|tagging'
[15:09:20] [spechunter] [Grep] pattern='tagcheck_exempt|tag_check_enable|itlb_tagcheck|itlb_exempt'
[15:09:20] [spechunter] [Grep] pattern='m_mode|machine_mode|inMachine|isMachine'
[15:09:20] [spechunter] [Grep] pattern='perm_check|permCheck|permission.*check'
[15:09:20] [spechunter] [Grep] pattern='m_mode|machine_mode|inMachine|isMachine'
[15:09:20] [spechunter] [Grep] pattern='pmp.*check|checkPmp|pmpCheck'
[15:09:20] [spechunter] [Grep] pattern='tag.*mach|mach.*tag|MTAG|mtag|m_tag'
[15:09:20] [spechunter] [Grep] pattern='mte_tag|MteTag|mteTag'
[15:09:20] [spechunter] [Glob] **/*mte*
[15:09:51] [spechunter] [Grep] pattern='perm_check|permCheck|def perm'
[15:09:51] [spechunter] [Grep] pattern='pmp|PMP'
[15:09:51] [spechunter] [Grep] pattern='reserved|pteRes|class PteBundle'
[15:09:51] [spechunter] [Grep] pattern='pteResLen|resLen|reserved'
[15:09:51] [spechunter] [Grep] pattern='tag_exempt|tagCheckExempt|tag_check_exempt|exempt.*tag|tag.*exempt'
[15:09:51] [spechunter] [Grep] pattern='PMP|pmp'
[15:09:51] [spechunter] [Grep] pattern='m_mode|machineMode|MachineMode'
[15:10:13] [spechunter] [text] 现在我有了完整的图景。以下是交叉验证后的最终数据集：  ```json {   "locations": [     {       "file": "target/riscv/cpu_helper.c",       "func": "d...
[15:10:21] [spechunter] [Read] /home/yzs/riscv/XiangShan/src/main/scala/xiangshan/cache/mmu/TLB.scala
[15:10:21] [spechunter] [Read] /home/yzs/riscv/XiangShan/src/main/scala/xiangshan/cache/mmu/MMUBundle.scala
[15:10:21] [spechunter] [Read] /home/yzs/riscv/XiangShan/src/main/scala/xiangshan/cache/mmu/MMUConst.scala
[15:10:21] [spechunter] [Read] /home/yzs/riscv/XiangShan/src/main/scala/xiangshan/cache/mmu/TLB.scala
[15:10:21] [spechunter] [Grep] pattern='privilege|priv|mode.*mach|mach.*mode'
[15:10:21] [spechunter] [Grep] pattern='noTranslate|notranslate|no_translate'
[15:10:30] [spechunter] [text] I need to find the relevant MTE tag check code in the RISC-V emulation. The target is `riscv_mte_tag_check_needed` and r...
[15:10:30] [spechunter] [Agent] description, subagent_type
[15:10:41] [spechunter] [text] Let me do one final round of verification to make sure I haven't missed any page table or PTE manipulation code.  
[15:10:41] [spechunter] [Grep] pattern='pte|PTE|page_table|pgtbl|page.walk|pfn|PPN'
[15:10:41] [spechunter] [Grep] pattern='sv39|sv48|sv57|pgtbl|walk|pmap'
[15:10:41] [spechunter] [Grep] pattern='PBMT|Svpbmt|svpbmt|SVPBMT|PBMTE'
[15:10:52] [spechunter] [Read] /home/yzs/riscv/XiangShan/src/main/scala/xiangshan/cache/mmu/TLB.scala
[15:10:52] [spechunter] [Read] /home/yzs/riscv/XiangShan/src/main/scala/xiangshan/cache/mmu/MMUBundle.scala
[15:10:52] [spechunter] [Grep] pattern='isStage1Gpf|Stage1Gpf'
[15:10:52] [spechunter] [Grep] pattern='ModeM|isMmode|Mmode|Mode.*M'
[15:10:52] [spechunter] [Read] /home/yzs/riscv/XiangShan/src/main/scala/xiangshan/cache/mmu/PageTableWalker.scala
[15:10:52] [spechunter] [Grep] pattern='tag_check|tagCheck|tag.*cmp|tag.*compare|tag.*match'
[15:10:52] [spechunter] [Glob] **/*findings*
[15:10:56] [spechunter] [Grep] pattern='riscv_mte_tag_check'
[15:10:56] [spechunter] [Grep] pattern='tagcheck_exempt'
[15:10:56] [spechunter] [Grep] pattern='tag_check'
[15:10:56] [spechunter] [Grep] pattern='mte_tag_check'
[15:10:56] [spechunter] [Grep] pattern='check_tag'
[15:10:56] [spechunter] [Grep] pattern='tag.*check.*exempt|exempt.*tag'
[15:11:18] [spechunter] [Grep] pattern='[Mm]emory\\s*[Tt]agg'
[15:11:18] [spechunter] [Grep] pattern='[Mm]emory\\s*[Tt]agg'
[15:11:18] [spechunter] [Grep] pattern='[Mm]emory\\s*[Tt]agg'
[15:11:18] [spechunter] [Grep] pattern='\\bMTE\\b'
[15:11:18] [spechunter] [Grep] pattern='\\bMTE\\b'
[15:11:18] [spechunter] [Grep] pattern='\\bmtetag|mtectrl|mte_tag|tagcheck'
[15:11:30] [spechunter] [Read] /home/yzs/riscv/XiangShan/sspmp_exception_priority_findings.json
[15:11:30] [spechunter] [Grep] pattern='Mode[UMS]|ModeU|ModeS|ModeM'
[15:11:30] [spechunter] [Grep] pattern='modeCheck'
[15:11:30] [spechunter] [Grep] pattern='perm\\.pf|perm\\.af|isPf|isAf|isGpf'
[15:11:30] [spechunter] [Grep] pattern='class TlbPermBundle|pf|af|TlbPerm'
[15:11:30] [spechunter] [Grep] pattern='class PtePermBundle|class TlbPerm'
[15:11:39] [spechunter] [Grep] pattern='memory.*tag|tag.*memory'
[15:11:39] [spechunter] [Grep] pattern='memory.*tag|tag.*memory'
[15:11:39] [spechunter] [Grep] pattern='tag'
[15:11:39] [spechunter] [Grep] pattern='tag'
[15:11:39] [spechunter] [Grep] pattern='tag'
[15:11:39] [spechunter] [Grep] pattern='tag'
[15:11:57] [spechunter] [text] Now I have a thorough understanding of the codebase. Let me verify one more detail about the warm-resume path interactio...
[15:11:57] [spechunter] [Read] /home/yzs/riscv/opensbi/lib/sbi/sbi_init.c
[15:12:03] [spechunter] [Grep] pattern='Mask.*[Tt]ag|[Tt]ag.*[Mm]ask|Pointer.*[Mm]ask'
[15:12:03] [spechunter] [Grep] pattern='\\bTME\\b|tme_ctrl|tme_cfg|tme_ctl'
[15:12:03] [spechunter] [Grep] pattern='smmtt|smctl|pointer_mask|pm_mask'
[15:12:03] [spechunter] [Grep] pattern='\\bauipc\\b|\\bjalr\\b'
[15:12:03] [spechunter] [Glob] target/riscv/*.c
[15:12:03] [spechunter] [Glob] target/riscv/*.h
[15:12:33] [spechunter] [Grep] pattern='val ModeM|val ModeS|val ModeU|ModeM ='
[15:12:33] [spechunter] [Read] /home/yzs/riscv/XiangShan/src/main/scala/xiangshan/cache/mmu/TLB.scala
[15:12:33] [spechunter] [Grep] pattern='prefault|pre_fault|prepf|pregpf|preaf'
[15:12:33] [spechunter] [Grep] pattern='onlyPf|only_pf'
[15:12:33] [spechunter] [Grep] pattern='def onlyPf'
[15:12:33] [spechunter] [Grep] pattern='zimt|Zimt|ZIMT'
[15:12:40] [spechunter] [Read] /home/yzs/riscv/qemu/target/riscv/cpu.h
[15:12:40] [spechunter] [Grep] pattern='pointer_mask|PM_MASK|pm_mask|PointerMask'
[15:12:40] [spechunter] [Grep] pattern='\\btag\\b'
[15:12:40] [spechunter] [Grep] pattern='\\bMTE\\b|\\bmemory_tagging\\b|MemoryTagging'
[15:12:40] [spechunter] [Grep] pattern='tagcheck|tag_check|tag.exempt|tag_exempt'
[15:12:40] [spechunter] [Grep] pattern='sm_ctrl|smmtt|mte_ctrl|mtectrl|mte_cfg'
[15:12:49] [spechunter] [Read] /home/yzs/riscv/XiangShan/src/main/scala/xiangshan/cache/mmu/MMUBundle.scala
[15:12:49] [spechunter] [Grep] pattern='ModeM\\s*=|val ModeM|def ModeM'
[15:12:49] [spechunter] [Read] /home/yzs/riscv/XiangShan/src/main/scala/xiangshan/cache/mmu/TLB.scala
[15:12:49] [spechunter] [Grep] pattern='first_s2xlate_fault|Stage1Gpf'
[15:12:49] [spechunter] [Grep] pattern='tag.*tempo|tempo.*tag|tag_check|tag.*logic'
[15:12:49] [spechunter] [Grep] pattern='mte_tag|mteTag'
[15:12:49] [spechunter] [Glob] **/*mte*
[15:13:05] [spechunter] [Read] /home/yzs/riscv/qemu/target/riscv/cpu_helper.c
[15:13:05] [spechunter] [Glob] analysis_mte*
[15:13:05] [spechunter] [Grep] pattern='tag.*check.*riscv|riscv.*tag.*check|SPTTCD|Zitagelide|tag.*elide'
[15:13:18] [spechunter] [Read] /home/yzs/riscv/XiangShan/src/main/scala/xiangshan/backend/fu/util/CSRConst.scala
[15:13:18] [spechunter] [Read] /home/yzs/riscv/XiangShan/src/main/scala/xiangshan/backend/fu/NewCSR/MachineLevel.scala
[15:13:18] [spechunter] [Grep] pattern='pmp|PMP|tag'
[15:13:18] [spechunter] [Grep] pattern='pmp|PMP|tag'
[15:13:18] [spechunter] [Grep] pattern='ModeM|isModeM|tag'
[15:13:18] [spechunter] [Grep] pattern='ModeM|isModeM|tag'
[15:13:18] [spechunter] [Glob] **/*PMP*
[15:13:18] [spechunter] [Grep] pattern='ModeM|machine|m-mode'
[15:13:35] [spechunter] [Grep] pattern='PTE.*tag|tag.*PTE|TBID|tag.*fault|tag_fault'
[15:13:35] [spechunter] [Grep] pattern='pte.*check|check.*pte|exempt.*page|page.*exempt'
[15:13:35] [spechunter] [Grep] pattern='\\btag\\b'
[15:13:35] [spechunter] [Grep] pattern='\\btag\\b'
[15:13:35] [spechunter] [Grep] pattern='\\btag\\b'
[15:13:35] [spechunter] [Grep] pattern='\\btag\\b'
[15:13:55] [spechunter] [Grep] pattern='\\btag\\b'
[15:13:55] [spechunter] [Grep] pattern='\\btag\\b'
[15:13:55] [spechunter] [Grep] pattern='\\btag\\b'
[15:13:55] [spechunter] [Grep] pattern='\\btag\\b'
[15:13:55] [spechunter] [Bash] Check for insn_trans directory in RISC-V target
[15:13:55] [spechunter] [Read] /home/yzs/riscv/qemu/analysis_mte_tag_elide.json
[15:14:00] [spechunter] [Grep] pattern='mte_tag|Svmt|MemoryTagging'
[15:14:00] [spechunter] [Read] /home/yzs/riscv/XiangShan/src/main/scala/xiangshan/frontend/icache/ICacheMetaInterleavedBank.scala
[15:14:00] [spechunter] [Grep] pattern='tag|mte|pmp|ModeM'
[15:14:00] [spechunter] [Read] /home/yzs/riscv/XiangShan/src/main/scala/xiangshan/backend/fu/NewCSR/MachineLevel.scala
[15:14:00] [spechunter] [Read] /home/yzs/riscv/XiangShan/src/main/scala/xiangshan/backend/fu/PMP.scala
[15:14:00] [spechunter] [Grep] pattern='ModeM|isModeM|privState|tag'
[15:14:00] [spechunter] [Grep] pattern='ModeM|isModeM'
[15:14:00] [spechunter] [Grep] pattern='ModeM|isModeM|Machine'
[15:14:26] [spechunter] [text] Now let me check the format of existing semantic findings for reference.  
[15:14:26] [spechunter] [Read] /home/yzs/riscv/opensbi/semantic_finding_menvcfg_wpri.json
[15:14:26] [spechunter] [Grep] pattern='check_env|mode|privState'
[15:14:26] [spechunter] [Grep] pattern='class PMPModule|class PMPCheckIO|check_env'
[15:14:26] [spechunter] [Read] /home/yzs/riscv/XiangShan/src/main/scala/xiangshan/backend/fu/PMP.scala
[15:14:26] [spechunter] [Read] /home/yzs/riscv/XiangShan/src/main/scala/xiangshan/cache/mmu/PageTableWalker.scala
[15:14:26] [spechunter] [Grep] pattern='class LLPTW.*Module|last_hptw_vsStagePf|last_hptw_gStagePf|mem_resp_gStagePf'
[15:14:26] [spechunter] [Read] /home/yzs/riscv/XiangShan/src/main/scala/xiangshan/cache/mmu/PageTableWalker.scala
[15:14:26] [spechunter] [Grep] pattern='tag|MteTag|mte_tag|tag_check'
[15:14:50] [spechunter] [Read] /home/yzs/riscv/XiangShan/src/main/scala/xiangshan/backend/fu/PMP.scala
[15:14:50] [spechunter] [Read] /home/yzs/riscv/XiangShan/src/main/scala/xiangshan/backend/fu/PMP.scala
[15:14:50] [spechunter] [Grep] pattern='apply\\(.*mode|env.*mode|mode.*env'
[15:14:50] [spechunter] [Read] /home/yzs/riscv/XiangShan/src/main/scala/xiangshan/backend/fu/NewCSR/CSRBundles.scala
[15:14:50] [spechunter] [Grep] pattern='mte|tag|MteTag'
[15:14:50] [spechunter] [Read] /home/yzs/riscv/XiangShan/src/main/scala/xiangshan/cache/dcache/meta/LegacyMetaArray.scala
[15:15:08] [spechunter] [text] Let me verify the current state of the modified IOMMU file and do a final check for any tag-related MTE code.  
[15:15:08] [spechunter] [Bash] Check IOMMU diff for tag-related changes
[15:15:08] [spechunter] [Grep] pattern='tagcheck|tag_check|tag.check|mte.tag|tag_exempt|TAGC|MTE'
[15:15:08] [spechunter] [Grep] pattern='riscv_mte_tag_check_needed|tagcheck_exempt|check_tag.*exempt|mte_tag_check'
[15:15:20] [spechunter] [text] Let me also check the IOMMU file more broadly and verify the full codebase once more.  
[15:15:20] [spechunter] [Grep] pattern='tag.check|tagcheck|tag_exempt|mte.*check|check.*mte'
[15:15:20] [spechunter] [Grep] pattern='riscv_mte_tag_check_needed|tagcheck_exempt|check_tag.*exempt|mte_tag_check'
[15:15:37] [spechunter] [text] The RISC-V MTE tag-check code does not exist in this QEMU codebase. The specified locations are all empty (`:0-0`), and ...
[15:16:10] [spechunter] [text] Now I have a complete picture. Let me synthesize the findings and write the output.  
[15:16:10] [spechunter] [Write] /home/yzs/riscv/opensbi/mte_tag_findings.json
[15:16:34] [spechunter] [text] Now let me verify the output file was written correctly.  
[15:16:34] [spechunter] [Read] /home/yzs/riscv/opensbi/mte_tag_findings.json
[15:17:14] [spechunter] [text] Results written to `mte_tag_findings.json`. Here's the summary of what I found:  ## Key finding: OpenSBI never touches P...
[15:17:22] [spechunter] [text] Based on the exploration, both fast-path and slow-path locations are empty. The PR title "Fix M-mode tag check logic" in...
[15:17:22] [spechunter] [Read] /home/yzs/riscv/XiangShan/src/main/scala/xiangshan/cache/mmu/MMUBundle.scala
[15:17:22] [spechunter] [Read] /home/yzs/riscv/XiangShan/src/main/scala/xiangshan/cache/mmu/MMUConst.scala
[15:17:22] [spechunter] [Read] /home/yzs/riscv/XiangShan/zimt_mtag_reserved_bit_clash_findings.json
[15:17:42] [spechunter] [text] Now let me verify the remaining key files referenced in the audit.  
[15:17:42] [spechunter] [Read] /home/yzs/riscv/XiangShan/src/main/scala/xiangshan/cache/mmu/MMUBundle.scala
[15:17:42] [spechunter] [Read] /home/yzs/riscv/XiangShan/src/main/scala/xiangshan/backend/fu/PMP.scala
[15:17:44] [spechunter] [text] Let me validate each location against the actual source code.  
[15:17:44] [spechunter] [Read] /home/yzs/riscv/opensbi/lib/sbi/sbi_hart.c
[15:17:44] [spechunter] [Read] /home/yzs/riscv/opensbi/lib/sbi/sbi_hsm.c
[15:17:44] [spechunter] [Read] /home/yzs/riscv/opensbi/lib/sbi/sbi_hsm.c
[15:17:44] [spechunter] [Read] /home/yzs/riscv/opensbi/lib/sbi/sbi_domain_context.c
[15:17:44] [spechunter] [Read] /home/yzs/riscv/opensbi/lib/sbi/sbi_domain_context.c
[15:17:44] [spechunter] [Read] /home/yzs/riscv/opensbi/lib/sbi/sbi_fwft.c
[15:17:44] [spechunter] [Read] /home/yzs/riscv/opensbi/include/sbi/riscv_encoding.h
[15:17:44] [spechunter] [Read] /home/yzs/riscv/opensbi/include/sbi/riscv_encoding.h
[15:17:44] [spechunter] [Read] /home/yzs/riscv/opensbi/include/sbi/riscv_encoding.h
[15:17:44] [spechunter] [Read] /home/yzs/riscv/opensbi/include/sbi/riscv_encoding.h
[15:17:44] [spechunter] [Read] /home/yzs/riscv/opensbi/include/sbi/sbi_hart.h
[15:18:07] [spechunter] [text] Now let me verify one more critical area related to M-mode TLB handling.  
[15:18:07] [spechunter] [Read] /home/yzs/riscv/XiangShan/src/main/scala/xiangshan/cache/mmu/TLB.scala
[15:18:39] [spechunter] [text] Let me also check what bits the fwft functions specifically handle, and search for any other menvcfg write paths.  
[15:18:39] [spechunter] [Read] /home/yzs/riscv/opensbi/lib/sbi/sbi_fwft.c
[15:18:39] [spechunter] [Grep] pattern='csr_write.*MENVCFG|csr_set.*MENVCFG|csr_clear.*MENVCFG|csr_read.*MENVCFG'
[15:19:20] [spechunter] [text] Now I have a complete picture. Both input sets are empty, so I need to construct the location set from my code explorati...
[15:19:33] [spechunter] [Agent] description, prompt
[15:19:50] [spechunter] [text] Now I'll cross-validate each location against the actual code and PR context ("Fix M-mode tag check logic"). Let me trac...
[15:19:50] [spechunter] [Grep] pattern='SATP_MODE.*MTE|tagcheck|tag_check|SMTE|SMMTT|MTE|menvcfg.*MTE'
[15:19:54] [spechunter] [text] Let me check the remaining critical locations referenced in the findings.  
[15:19:54] [spechunter] [Grep] pattern='csr_write\\(CSR_SATP'
[15:19:54] [spechunter] [Read] /home/yzs/riscv/opensbi/lib/sbi/sbi_fwft.c
[15:19:56] [spechunter] [Grep] pattern='tagCheck|tag_check|TagCheck'
[15:19:56] [spechunter] [Grep] pattern='MTE|MemoryTag'
[15:19:56] [spechunter] [Grep] pattern='Mmode.*tag|tag.*Mmode|isMmode.*tag|tag.*isMmode'
[15:19:56] [spechunter] [Grep] pattern='privilege.*tag|tag.*privilege'
[15:19:56] [spechunter] [Grep] pattern='tag.*check'
[15:19:56] [spechunter] [Grep] pattern='isMmode|isMmode_|privIsMmode'
[15:20:29] [spechunter] [Grep] pattern='tag.*check'
[15:20:29] [spechunter] [Grep] pattern='tag.*check'
[15:20:29] [spechunter] [Grep] pattern='tag.*check'
[15:20:29] [spechunter] [Grep] pattern='tagCheck|tag_check|TagCheck|tag_chk|tagchk'
[15:20:29] [spechunter] [Grep] pattern='memory.*tagging|memory_tag|mem_tag'
[15:20:29] [spechunter] [Grep] pattern='pma_tag|pmptag|pmp.*tag|pte.*tag|tag.*pte'
[15:21:06] [spechunter] [Grep] pattern='tagCheckExempt|tagcheck_exempt|tag.*exempt|exempt.*tag'
[15:21:06] [spechunter] [Grep] pattern='mseccfg|Mseccfg|MSECCFG'
[15:21:06] [spechunter] [Grep] pattern='modeM|ModeM|priv_M|mode_M|MachineMode|machine_mode|isMachine'
[15:21:06] [spechunter] [Glob] **/mte_tag_check*
[15:21:06] [spechunter] [Glob] **/mte_tag_async*
[15:21:06] [spechunter] [Glob] **/*MTE*
[15:21:06] [spechunter] [Glob] **/*Mte*
[15:21:26] [spechunter] [Read] /home/yzs/riscv/XiangShan/mte_tag_check_logic_findings.json
[15:21:26] [spechunter] [Read] /home/yzs/riscv/XiangShan/mte_tag_async_removal_findings.json
[15:21:26] [spechunter] [Grep] pattern='tag.*load|load.*tag|tag.*store|store.*tag|ldTag|stTag|loadTag|storeTag'
[15:21:26] [spechunter] [Grep] pattern='paddr.*tag|tag.*paddr|vaddr.*tag|tag.*vaddr|phyAddr.*tag|tag.*phyAddr'
[15:21:26] [spechunter] [Grep] pattern='isModeM|isMachine|MachineMode'
[15:21:26] [spechunter] [Bash] View recent git commits for M-mode tag check related changes
[15:21:47] [spechunter] [Read] /home/yzs/riscv/opensbi/lib/sbi/sbi_hart.c
[15:21:47] [spechunter] [Read] /home/yzs/riscv/opensbi/lib/sbi/sbi_hart.c
[15:21:47] [spechunter] [Read] /home/yzs/riscv/opensbi/lib/sbi/sbi_fwft.c
[15:21:56] [spechunter] [Bash] Search git log for M-mode tag check commits
[15:21:56] [spechunter] [Grep] pattern='PMM|pmm'
[15:21:56] [spechunter] [Grep] pattern='Svmt|svmt|pointer.*mask|mask.*pointer'
[15:21:56] [spechunter] [Glob] **/mte*
[15:21:56] [spechunter] [Grep] pattern='modeM|ModeM|isModeM|isMachine'
[15:22:19] [spechunter] [Read] /home/yzs/riscv/XiangShan/src/main/scala/xiangshan/cache/mmu/TLB.scala
[15:22:19] [spechunter] [Read] /home/yzs/riscv/XiangShan/src/main/scala/xiangshan/Bundle.scala
[15:22:19] [spechunter] [Read] /home/yzs/riscv/XiangShan/src/main/scala/xiangshan/backend/fu/NewCSR/MachineLevel.scala
[15:22:19] [spechunter] [Read] /home/yzs/riscv/XiangShan/src/main/scala/xiangshan/backend/fu/NewCSR/NewCSR.scala
[15:22:19] [spechunter] [Read] /home/yzs/riscv/XiangShan/src/main/scala/xiangshan/backend/fu/NewCSR/CSRBundles.scala
[15:22:19] [spechunter] [Read] /home/yzs/riscv/XiangShan/src/main/scala/xiangshan/backend/fu/NewCSR/NewCSR.scala
[15:22:35] [spechunter] [Read] /home/yzs/riscv/XiangShan/src/main/scala/xiangshan/cache/mmu/TLB.scala
[15:22:35] [spechunter] [Grep] pattern='PMM|pmm|wNoEffect|pmaCheck|PmaCheck|smmpm|smpmp|smepmp|pmcheck|pmCheck|PmCheck'
[15:22:35] [spechunter] [Grep] pattern='tag.*check|check.*tag'
[15:22:35] [spechunter] [Grep] pattern='tag.*check|check.*tag'
[15:22:46] [spechunter] [Read] /home/yzs/riscv/XiangShan/src/main/scala/xiangshan/cache/mmu/TLB.scala
[15:22:46] [spechunter] [Read] /home/yzs/riscv/XiangShan/src/main/scala/xiangshan/cache/dcache/loadpipe/LoadPipe.scala
[15:22:46] [spechunter] [Read] /home/yzs/riscv/XiangShan/src/main/scala/xiangshan/mem/lsqueue/ExceptionInfoGen.scala
[15:22:46] [spechunter] [Grep] pattern='pma.*tag|tag.*pma|isMmode.*pma|pma.*isMmode|pma.*modeM|modeM.*pma'
[15:22:46] [spechunter] [Grep] pattern='PMA|Pma'
[15:23:19] [spechunter] [text] Now I have all the cross-validation data. Let me compile the final location set.  
[15:23:19] [spechunter] [Bash] Output final cross-validated location JSON
[15:23:24] [spechunter] [Bash] View git commit detail for the tag check related commit
[15:23:24] [spechunter] [Read] /home/yzs/riscv/XiangShan/src/main/scala/xiangshan/backend/fu/NewCSR/PMAEntryModule.scala
[15:23:24] [spechunter] [Read] /home/yzs/riscv/XiangShan/src/main/scala/xiangshan/backend/fu/NewCSR/CSRPMA.scala
[15:23:24] [spechunter] [Grep] pattern='isMmode|isModeM|Machine.mode|machine_mode.*tag|tag.*machine'
[15:23:24] [spechunter] [Grep] pattern='PMP|pmp.*check|pmpCheck|PmpCheck'
[15:23:55] [spechunter] [Grep] pattern='PMPChecker|PmpChecker|pmp_checker|pmchecker'
[15:23:55] [spechunter] [Grep] pattern='Mmode|m_mode|MachineMode|isMmode'
[15:23:55] [spechunter] [Grep] pattern='tag.*isMmode|isMmode.*tag'
[15:23:55] [spechunter] [Grep] pattern='tag.*check|check.*tag'
[15:23:55] [spechunter] [Grep] pattern='checkfullva|checkFullva|fullva.*check|check.*fullva'
[15:23:55] [spechunter] [Grep] pattern='Mmode|isMmode|M-mode'
[15:24:14] [spechunter] [Read] /home/yzs/riscv/XiangShan/src/main/scala/xiangshan/backend/fu/PMP.scala
[15:24:14] [spechunter] [Grep] pattern='tag|isMmode|isModeM|modeM|ModeM'
[15:24:14] [spechunter] [Grep] pattern='tag|isMmode|isModeM|modeM|ModeM'
[15:24:14] [spechunter] [Grep] pattern='tag.*fault|tag.*error|tag.*mismatch'
[15:24:14] [spechunter] [Read] /home/yzs/riscv/XiangShan/src/main/scala/xiangshan/mem/lsqueue/ExceptionInfoGen.scala
[15:24:16] [spechunter] [text] ``` {   "locations": [     {       "file": "include/sbi/sbi_hart.h",       "lines": "31-92",       "symbol": "enum sbi_h...
[15:24:38] [spechunter] [Grep] pattern='mbmc|MBMC|Mbmc'
[15:24:38] [spechunter] [Grep] pattern='check_env|checkEnv'
[15:24:38] [spechunter] [Bash] Check the tag check fix commit content
[15:24:38] [spechunter] [Bash] Check the menvcfg/mseccfg commit content
[15:24:39] [spechunter] [text] The provided code locations are all `:0-0` (empty), so I need to search the codebase for code relevant to the PR context...
[15:24:39] [spechunter] [Agent] description, subagent_type
[15:24:54] [spechunter] [Grep] pattern='class PMPCheckerEnv|PMPCheckerEnv'
[15:24:54] [spechunter] [Grep] pattern='svmt|Svmt|mt_mode|mtMode|Mtmode'
[15:24:54] [spechunter] [Glob] **/*svmt*
[15:24:54] [spechunter] [Glob] **/*Svmt*
[15:25:06] [spechunter] [Read] /home/yzs/riscv/XiangShan/src/main/scala/xiangshan/backend/fu/PMP.scala
[15:25:06] [spechunter] [Read] /home/yzs/riscv/XiangShan/src/main/scala/xiangshan/cache/mmu/TLB.scala
[15:25:12] [spechunter] [Grep] pattern='mte|tag|tagcheck'
[15:25:12] [spechunter] [Grep] pattern='menvcfg|senvcfg'
[15:25:12] [spechunter] [Grep] pattern='PTE_D|PTE_A|PTE_R|PTE_W|PTE_X|#define PTE_'
[15:25:12] [spechunter] [Grep] pattern='svpbmt|svadu|PBMT|ADUE'
[15:25:12] [spechunter] [Grep] pattern='hsm|suspend|resume|context.save'
[15:25:16] [spechunter] [Read] /home/yzs/riscv/XiangShan/src/main/scala/xiangshan/backend/fu/PMP.scala
[15:25:16] [spechunter] [Read] /home/yzs/riscv/XiangShan/src/main/scala/xiangshan/Bundle.scala
[15:25:25] [spechunter] [Read] /home/yzs/riscv/opensbi/include/sbi/riscv_encoding.h
[15:25:25] [spechunter] [Read] /home/yzs/riscv/opensbi/lib/sbi/sbi_hart.c
[15:25:25] [spechunter] [Read] /home/yzs/riscv/opensbi/lib/sbi/sbi_hsm.c
[15:25:25] [spechunter] [Read] /home/yzs/riscv/opensbi/lib/sbi/sbi_domain_context.c
[15:26:19] [spechunter] [Read] /home/yzs/riscv/opensbi/lib/sbi/sbi_domain.c
[15:26:19] [spechunter] [Read] /home/yzs/riscv/opensbi/lib/sbi/sbi_ecall_hsm.c
[15:26:19] [spechunter] [Read] /home/yzs/riscv/opensbi/lib/sbi/sbi_fwft.c
[15:26:19] [spechunter] [Read] /home/yzs/riscv/opensbi/include/sbi/sbi_hsm.h
[15:26:19] [spechunter] [Read] /home/yzs/riscv/opensbi/include/sbi/sbi_domain.h
[15:26:35] [spechunter] [Read] /home/yzs/riscv/opensbi/include/sbi/sbi_hart.h
[15:26:35] [spechunter] [Read] /home/yzs/riscv/opensbi/lib/sbi/sbi_init.c
[15:26:35] [spechunter] [Read] /home/yzs/riscv/opensbi/lib/utils/fdt/fdt_fixup.c
[15:26:35] [spechunter] [Read] /home/yzs/riscv/opensbi/lib/sbi/sbi_hart_pmp.c
[15:26:57] [spechunter] [Read] /home/yzs/riscv/opensbi/lib/sbi/sbi_fwft.c
[15:26:57] [spechunter] [Read] /home/yzs/riscv/opensbi/lib/sbi/sbi_ecall_susp.c
[15:26:57] [spechunter] [Grep] pattern='csr_write64\\(CSR_MENVCFG'
[15:26:57] [spechunter] [Grep] pattern='csr_write64\\(CSR_SENVCFG'
[15:27:13] [spechunter] [text] Let me read the existing audit findings and the actual RTL code to analyze properly.  
[15:27:13] [spechunter] [Read] /home/yzs/riscv/XiangShan/mte_tag_check_logic_findings.json
[15:27:13] [spechunter] [Read] /home/yzs/riscv/XiangShan/mte_tag_async_removal_findings.json
[15:27:30] [spechunter] [text] Let me read the actual RTL code at the key locations to verify the audit claims.  
[15:27:30] [spechunter] [Read] /home/yzs/riscv/XiangShan/src/main/scala/xiangshan/backend/fu/PMP.scala
[15:27:30] [spechunter] [Read] /home/yzs/riscv/XiangShan/src/main/scala/xiangshan/backend/fu/NewCSR/CSRBundles.scala
[15:27:30] [spechunter] [Read] /home/yzs/riscv/XiangShan/src/main/scala/xiangshan/backend/fu/NewCSR/MachineLevel.scala
[15:27:32] [spechunter] [text] Let me search for MTE/tag-check-related code directly.  
[15:27:32] [spechunter] [Grep] pattern='tagcheck|MTE|mte|tag.check'
[15:27:32] [spechunter] [Grep] pattern='menvcfg|senvcfg'
[15:27:32] [spechunter] [Grep] pattern='PTE_D|PTE_A|PTE_W|PTE_X|PTE_R|PG_V|PTE_.*='
[15:27:32] [spechunter] [Grep] pattern='hsm_save|hsm_restore|context_save|context_restore|suspend.*save|resume.*restore'
[15:27:43] [spechunter] [text] Let me also check the memory subsystem for any tag-related logic that involves M-mode privilege.  
[15:27:43] [spechunter] [Grep] pattern='tag.*[Cc]heck|[Cc]heck.*tag|tagCheck|tag_check'
[15:27:43] [spechunter] [Read] /home/yzs/riscv/XiangShan/src/main/scala/xiangshan/backend/fu/PMP.scala
[15:28:03] [spechunter] [text] Now let me read the actual source code at the key locations identified by the search.  
[15:28:03] [spechunter] [Read] /home/yzs/riscv/opensbi/lib/sbi/sbi_hart.c
[15:28:03] [spechunter] [Read] /home/yzs/riscv/opensbi/lib/sbi/sbi_hsm.c
[15:28:03] [spechunter] [Read] /home/yzs/riscv/opensbi/lib/sbi/sbi_hsm.c
[15:28:03] [spechunter] [Read] /home/yzs/riscv/opensbi/lib/sbi/sbi_domain_context.c
[15:28:03] [spechunter] [Read] /home/yzs/riscv/opensbi/lib/sbi/sbi_fwft.c
[15:28:39] [spechunter] [Grep] pattern='cmode|CMODE'
[15:28:39] [spechunter] [Read] /home/yzs/riscv/XiangShan/src/main/scala/xiangshan/Bundle.scala
[15:28:47] [spechunter] [text] Let me also look at the fwft_set_pmlen function and the sbi_hart_switch_mode path.  
[15:28:47] [spechunter] [Grep] pattern='fwft_set_pmlen|PMM|pmlen'
[15:28:47] [spechunter] [Grep] pattern='sbi_hart_switch_mode'
[15:28:54] [spechunter] [Read] /home/yzs/riscv/opensbi/lib/sbi/sbi_fwft.c
[15:28:54] [spechunter] [Read] /home/yzs/riscv/opensbi/lib/sbi/sbi_hart.c
[15:28:57] [spechunter] [Read] /home/yzs/riscv/XiangShan/src/main/scala/xiangshan/mem/MemBlock.scala
[15:28:57] [spechunter] [Read] /home/yzs/riscv/XiangShan/src/main/scala/xiangshan/frontend/Frontend.scala
[15:29:04] [spechunter] [Grep] pattern='sbi_hart_switch_mode'
[15:29:17] [spechunter] [Read] /home/yzs/riscv/opensbi/lib/sbi/sbi_hart.c
[15:29:21] [spechunter] [text] Let me check the recent git history on this branch for M-mode tag-check related changes.  
[15:29:21] [spechunter] [Bash] Search git log for tag-related commits
[15:29:21] [spechunter] [Bash] Search git log for M-mode related commits
[15:29:35] [spechunter] [Read] /home/yzs/riscv/opensbi/lib/sbi/sbi_hart.c
[15:29:35] [spechunter] [Read] /home/yzs/riscv/opensbi/include/sbi/riscv_encoding.h
[15:29:40] [spechunter] [text] Now let me check the PMP KeyID check against the RISC-V spec to verify correctness.  
[15:29:40] [spechunter] [Read] /home/yzs/riscv/XiangShan/src/main/scala/xiangshan/backend/fu/PMP.scala
[15:29:40] [spechunter] [Grep] pattern='KEYIDEN|keyIDen|keyiden'
[15:30:15] [spechunter] [Grep] pattern='ENVCFG_LPE'
[15:30:15] [spechunter] [Grep] pattern='MTE|MT_ASYNC'
[15:30:37] [spechunter] [text] Let me check the PR context more closely — the title is "Fix M-mode tag check logic".  
[15:30:37] [spechunter] [Bash] Check recent git log for tag check related commits
[15:30:54] [spechunter] [text] Let me check the mbmc CSR definition more carefully for a potential bit-mapping issue.  
[15:30:54] [spechunter] [Read] /home/yzs/riscv/XiangShan/src/main/scala/xiangshan/backend/fu/NewCSR/MachineLevel.scala
[15:30:54] [spechunter] [Grep] pattern='class.*mbmc|mbmc.*Bundle|mbmc_value|MbmcLevel"'
[15:31:55] [spechunter] [Read] /home/yzs/riscv/XiangShan/src/main/scala/xiangshan/backend/fu/wrapper/CSR.scala
[15:31:55] [spechunter] [Grep] pattern='mbmc\\.(BMA|BME|CMODE|BCLEAR|KEYIDEN)'
[15:32:09] [spechunter] [text] Now I have a complete picture. Let me produce the analysis.  
[15:32:09] [spechunter] [Read] /home/yzs/riscv/opensbi/lib/sbi/sbi_hart.c
[15:32:09] [spechunter] [Grep] pattern='sbi_hart_reinit'
[15:32:26] [spechunter] [text] Now I have a thorough understanding of the actual RTL. Let me synthesize the analysis.  
[15:32:26] [spechunter] [Read] /home/yzs/riscv/XiangShan/src/main/scala/xiangshan/backend/fu/PMP.scala
[15:32:26] [spechunter] [Read] /home/yzs/riscv/XiangShan/src/main/scala/xiangshan/backend/fu/NewCSR/MachineLevel.scala
[15:32:38] [spechunter] [Grep] pattern='SBI_FWFT_PTE_AD_HW_UPDATING'
[15:32:38] [spechunter] [Grep] pattern='page.table|walk|PTE|pte'
[15:33:25] [spechunter] [Grep] pattern='sbi_hsm_hart_resume_finish|hsm_hart_resume|__sbi_hsm_suspend'
[15:33:25] [spechunter] [Grep] pattern='hsm_hart_resume|hsm_hart_start|non_ret'
[15:33:41] [spechunter] [text] Now I have all the relevant code. Let me structure the findings properly.  
[15:33:41] [spechunter] [Read] /home/yzs/riscv/XiangShan/src/main/scala/xiangshan/backend/fu/PMP.scala
[15:33:41] [spechunter] [Grep] pattern='def keyid_nz|keyid_nz'
[15:35:03] [spechunter] [text] Now I have all the code context needed. Here is the complete analysis:  ```json {   "findings": [     {       "file_path...
[15:35:20] [spechunter] [text] Now let me verify whether `TlbMbmcBundle.apply()` is actively called anywhere, and check for the field-ordering discrepa...
[15:35:20] [spechunter] [Grep] pattern='\\.apply\\(.*mbmc|mbmc.*\\.apply\\('
[15:35:20] [spechunter] [Grep] pattern='mbmc_value|TlbMbmcBundle.*apply'
[15:37:03] [spechunter] [text] Now I have enough information to produce the analysis. Let me verify one last detail about the `MbmcStruct` vs `MbmcBund...
[15:37:03] [spechunter] [Read] /home/yzs/riscv/XiangShan/src/main/scala/xiangshan/Bundle.scala
[15:40:15] [spechunter] [text] Let me check recent changes to the PMP check logic and the Mbmc CSR fields.  
[15:40:15] [spechunter] [Bash] Check recent changes to PMP.scala
[15:40:15] [spechunter] [Bash] Check recent diff for PMP.scala
[15:43:26] [spechunter] [text] Based on my thorough analysis of the actual RTL in the XiangShan codebase, here are the findings:  ```json {   "findings...
