[02:41:00] [spechunter] PR loaded: #20 riscv/integrated-matrix-extension — "Integrated matrix extension"
[02:41:00] [spechunter]   diff: 3935 chars  body: 1 chars  reviews: 0
[02:41:00] [spechunter] Global pre-filter running...
[02:41:08] [spechunter] [text] {"should_skip": false}
[02:41:09] [spechunter] pre-filter: should_skip=False reason=""
[02:41:25] [spechunter] [text] {"should_skip": true, "skip_reason": "Integrated Matrix Extension ISA spec change for matrix load/store instruction sema...
[02:41:27] [spechunter] [text] {"should_skip": true, "skip_reason": "Integrated Matrix Extension is a specialized matrix acceleration extension not imp...
[02:41:34] [spechunter] [text] {"should_skip": true, "skip_reason": "Integrated Matrix Extension has no Linux kernel support in arch/riscv/; this seman...
[02:41:34] [spechunter] [text] {"should_skip": false, "skip_reason": "Instruction semantics change for integrated matrix extension load/store operation...
[02:41:42] [spechunter] [text] {"should_skip": true, "skip_reason": "FreeBSD does not support the Integrated Matrix Extension; this is a minor semantic...
[02:42:00] [spechunter] [Grep] pattern='vmflt|vmfst|vmttl|vmtts|integrated.matrix|ime'
[02:42:00] [spechunter] [Grep] pattern='vmflt|vmfst|vmttl|vmtts'
[02:42:20] [spechunter] [Grep] pattern='vmflt|vmfst|vmttl|vmtts'
[02:42:20] [spechunter] [Grep] pattern='vmflt|vmfst|vmttl|vmtts'
[02:42:20] [spechunter] [Grep] pattern='vmflt|vmfst|vmttl|vmtts'
[02:42:40] [spechunter] [Grep] pattern='ime|matrix.*load|matrix.*store|tile.*load|tile.*store'
[02:42:40] [spechunter] [Grep] pattern='integrated.*matrix|IME|imat'
[02:43:10] [spechunter] [Grep] pattern='vmflt_vv|vmfst|vmttl|vmtts'
[02:43:10] [spechunter] [Grep] pattern='vmflt_vv|vmfst|vmttl|vmtts'
[02:43:35] [spechunter] [Grep] pattern='zve32f|zvfbfa|zvfof|zvkg|zvkn|zilsd|ziccam|zicfiss|ziccrse|matrix.*tile|tile.*matrix|integrated.*matrix'
[02:43:35] [spechunter] [Grep] pattern='leading.dimension|eff_lambda|linesize|LD.*=.*eff_lambda'
[02:43:59] [spechunter] [Grep] pattern='vmflt\\.v|vmfst\\.v|vmttl\\.v|vmtts\\.v|vmflt_v\\b|vmfst_v\\b|vmttl_v\\b|vmtts_v\\b'
[02:43:59] [spechunter] [Grep] pattern='integrated.matrix|ime|zve32|zve64'
[02:44:14] [spechunter] [Grep] pattern='integrated.matrix|ime|zvima'
[02:44:14] [spechunter] [Grep] pattern='vmflt|vmfst|vmttl|vmtts'
[02:44:52] [spechunter] [Grep] pattern='vtype.*vma|vtype.*vta|mask.agnostic|tail.agnostic'
[02:45:36] [spechunter] [Grep] pattern='vmflt_v|vmfst|vmttl|vmtts|zve32m|zve64m|ext_zvimat'
[02:46:26] [spechunter] [text] ```json {   "violation_condition": "In QEMU's TCG translation or helper implementation of IME matrix tile load/store ins...
[02:46:40] [spechunter] [Grep] pattern='vmflt'
[02:46:40] [spechunter] [Grep] pattern='vmfst'
[02:46:40] [spechunter] [Grep] pattern='vmttl'
[02:46:40] [spechunter] [Grep] pattern='vmtts'
[02:46:40] [spechunter] [Grep] pattern='matrix.*tile|tile.*load|tile.*store'
[02:46:40] [spechunter] [Grep] pattern='gen_helper.*vm[ft]|helper_vm[ft]'
[02:46:42] [spechunter] [Agent] description, prompt
[02:46:58] [spechunter] [Grep] pattern='vmflt|vmfst|vmttl|vmtts'
[02:46:58] [spechunter] [Grep] pattern='ime|integrated.?matrix|matrix.?extension'
[02:46:58] [spechunter] [Grep] pattern='matrix|tile'
[02:46:58] [spechunter] [Glob] target/riscv/**/*matrix*
[02:46:58] [spechunter] [Glob] target/riscv/**/*ime*
[02:46:58] [spechunter] [Glob] target/riscv/**/*tile*
[02:47:01] [spechunter] [Grep] pattern='vmflt\\.v\\b|vmflt\\.s'
[02:47:01] [spechunter] [Grep] pattern='vmflt\\.v'
[02:47:01] [spechunter] [Grep] pattern='integrated.?matrix|matrix.?extension|ime'
[02:47:01] [spechunter] [Grep] pattern='vtype'
[02:47:12] [spechunter] [Grep] pattern='matrix.*load|matrix.*store|tile_load|tile_store|mtile|mload|mstore'
[02:47:12] [spechunter] [Grep] pattern='vmfld|vmfsd|vmtt|vmatrix|vma\\.|vmf[lm]|vms[lm]'
[02:47:12] [spechunter] [Grep] pattern='eff_lambda|LMUL.*LD|LD.*LMUL|ld.*lmul|eff.*lambda'
[02:47:35] [spechunter] [Grep] pattern='vmflt|vmfst|vmttl|vmtts'
[02:47:35] [spechunter] [Grep] pattern='vmflt|vmfst|vmttl|vmtts'
[02:47:35] [spechunter] [Grep] pattern='vmflt|vmfst|vmttl|vmtts'
[02:47:35] [spechunter] [Grep] pattern='vmflt|vmfst|vmttl|vmtts'
[02:47:35] [spechunter] [Grep] pattern='vmflt|vmfst|vmttl|vmtts'
[02:47:35] [spechunter] [Grep] pattern='vmflt|vmfst|vmttl|vmtts'
[02:47:39] [spechunter] [Grep] pattern='matrix|ime|tile'
[02:47:39] [spechunter] [Grep] pattern='vmflt\\.v|vmfst\\.v|vmttl\\.v|vmtts\\.v'
[02:48:03] [spechunter] [Read] /home/yzs/riscv/qemu/analysis_integrated_matrix_arith.json
[02:48:03] [spechunter] [Grep] pattern='vmflt\\.v\\b|vmfst\\.v|vmttl\\.v|vmtts\\.v'
[02:48:10] [spechunter] [Grep] pattern='ssmatrix|SSMatrix|matrix_mul|matrix_load|matrix_store|tile_load|tile_store'
[02:48:10] [spechunter] [Grep] pattern='leading.?dimension|lda|ldb|ldc'
[02:48:10] [spechunter] [Grep] pattern='vmfmadd|vmfmma|mfma|fmm|macc|mmla'
[02:48:10] [spechunter] [Grep] pattern='Zvfbfa|zvfbfmin|zvfh|xtheadmatrix|zve'
[02:48:10] [spechunter] [Grep] pattern='xtheadmatrix|theadmatrix'
[02:48:10] [spechunter] [Bash] Search git log for IME/matrix/tile related commits
[02:48:43] [spechunter] [Grep] pattern='lda|ldb|ldc|leading_dim'
[02:48:43] [spechunter] [Grep] pattern='mconfig|mtype|mstate|mcsr|mcause|mstatus|mtval|mepc'
[02:48:43] [spechunter] [Grep] pattern='vstart|vcsr|vxrm|vxsat|vl|vtype|vlenb'
[02:48:43] [spechunter] [Glob] target/riscv/**/*.decode
[02:48:43] [spechunter] [Grep] pattern='XIME|ZIME|SME|SSE|AMX|MMX|matrix.*rvv'
[02:48:43] [spechunter] [Grep] pattern='mstart|mrows|mcols|mtile|tilem|tilek|tilen'
[02:48:45] [spechunter] [text] The affected entities (`vmflt.v`, `vmfst.v`, `vmttl.v`, `vmtts.v`) — matrix tile load/store instructions — do **not exis...
[02:49:12] [spechunter] [Bash] List all branches and search for IME/matrix branches
[02:49:12] [spechunter] [Grep] pattern='matrix|tile|ime'
[02:49:12] [spechunter] [Grep] pattern='matrix|tile|ime'
[02:49:12] [spechunter] [Grep] pattern='matrix|tile|ime'
[02:49:12] [spechunter] [Grep] pattern='matrix|tile|ime'
[02:49:12] [spechunter] [Grep] pattern='matrix|tile|ime'
[02:49:47] [spechunter] [Grep] pattern='vmm|vmmadd|vmsub|vmulh|vmsmul|vmul|vmadd'
[02:49:47] [spechunter] [Grep] pattern='zvfbfwma|zvfbfa|zvfmadd|zvdot|zv'
[02:49:47] [spechunter] [Grep] pattern='zvfbfwma|zvfbfa|zfbfmin'
[02:49:47] [spechunter] [Bash] Search for IME funct7 encoding 1011011 in decode file
[02:49:47] [spechunter] [Bash] Search broadly for funct7 encoding 1011011
[02:49:47] [spechunter] [Bash] Comprehensive search for all four IME instruction names
[02:50:07] [spechunter] [Grep] pattern='vmflt\\.v\\b'
[02:50:07] [spechunter] [Grep] pattern='vmfst\\.v\\b'
[02:50:07] [spechunter] [Bash] Look for IME instructions in disassembly tables
[02:50:07] [spechunter] [Bash] Search decode file for IME instructions excluding regular RVV
[02:50:24] [spechunter] [Glob] **/*
[02:50:24] [spechunter] [Bash] Search decode file for IME opcode patterns
[02:50:24] [spechunter] [Bash] Search for RVV-like opcodes
[02:50:24] [spechunter] [Grep] pattern='experimental|not.?impl|under.?development|TODO.*matrix|FIXME.*matrix|TODO.*tile|FIXME.*tile'
[02:50:24] [spechunter] [Bash] Search for experimental extensions related to matrix/tile/IME
[02:50:43] [spechunter] [Read] /home/yzs/riscv/qemu/target/riscv/cpu.c
[02:50:43] [spechunter] [Bash] Comprehensive search across all source files for IME instruction names
[02:50:43] [spechunter] [Bash] Check all opcodes in decode file
[02:50:43] [spechunter] [Bash] Check for vector fuse multiply-add instructions
[02:51:24] [spechunter] [Bash] Final exhaustive search for vmfst, vmttl, vmtts
[02:51:24] [spechunter] [Bash] Search specifically for vmflt.v as IME format (single v not .vv or .vf)
[02:51:24] [spechunter] [Bash] Count RVV (1010111) vs other opcodes in decode
[02:51:24] [spechunter] [Bash] Check for vmflt references not matching .vv or .vf
[02:53:26] [spechunter] [text] The IME instructions are not implemented in this codebase. Let me verify there aren't any in-progress changes or semanti...
[02:53:26] [spechunter] [Bash] Check uncommitted changes for any IME-related code
[02:53:26] [spechunter] [Bash] List branches for any IME/matrix development branch
[02:53:26] [spechunter] [Grep] pattern='matrix|tile|integrated.*matrix|IME|XIME'
[02:53:38] [spechunter] [Grep] pattern='matrix|tile|IME|XIME|integrated.*matrix'
[02:53:56] [spechunter] [text] ```json {   "target": "qemu",   "violation": "IME tile load/store LD==0 substitution missing",   "total_locations": 0,  ...
[02:55:04] [spechunter] [text] This is a keyword-collision case. The fast-path grep matched `vmflt` in existing vector float-compare instructions (vmfl...
[02:55:20] [spechunter] [text] I'll start by finding the relevant source files for the IME matrix tile load/store instructions.  
[02:55:20] [spechunter] [Grep] pattern='vmflt|vmfst|vmttl|vmtts'
[02:55:20] [spechunter] [Grep] pattern='gen_helper.*vmflt|gen_helper.*vmfst|gen_helper.*vmttl|gen_helper.*vmtts'
[02:55:20] [spechunter] [Grep] pattern='matrix.*tile|tile.*load|tile.*store'
[02:55:34] [spechunter] [Grep] pattern='vmflt|vmfst|vmttl|vmtts'
[02:55:34] [spechunter] [Grep] pattern='vmflt|vmfst|vmttl|vmtts'
[02:55:34] [spechunter] [Grep] pattern='vmflt|vmfst|vmttl|vmtts'
[02:55:45] [spechunter] [text] These `vmflt` matches are the vector floating-point less-than comparisons, not IME matrix tile operations. Let me search...
[02:55:45] [spechunter] [Grep] pattern='ime|IME|matrix.*tile|tile.*matrix'
[02:55:45] [spechunter] [Grep] pattern='ZIMFLEXT|zimflext|zime'
[02:55:45] [spechunter] [Grep] pattern='vmfst|vmttl|vmtts'
[02:55:58] [spechunter] [text] It seems the IME (Integrated Matrix Extension) instructions don't exist in this codebase yet. Let me search more broadly...
[02:55:58] [spechunter] [Grep] pattern='vmmr|vmcl|matrix_mult|tile_load|tile_store|mfltf|mfstf'
[02:55:58] [spechunter] [Grep] pattern='matrix.*load|matrix.*store|leading.*dimension|eff_lambda'
[02:55:58] [spechunter] [Bash] Search git history for matrix/IME/tile related commits
[02:56:12] [spechunter] [text] The IME matrix tile load/store instructions don't exist in this codebase. Let me do a final thorough check to confirm.  
[02:56:12] [spechunter] [Grep] pattern='matrix|ime|tile'
[02:56:12] [spechunter] [Bash] Check recent iommu change
[02:56:12] [spechunter] [Bash] Check if there are other branches with IME work
[02:56:40] [spechunter] [text] Based on my thorough analysis, here is the finding:  ```json {   "findings": [     {       "file_path": "target/riscv/in...
