[06:36:22] [spechunter] PR loaded: #823 riscv/riscv-fast-interrupt — "Smcsps: Clarify that stack pointer swapping always operates on x2"
[06:36:22] [spechunter]   diff: 603 chars  body: 26 chars  reviews: 0
[06:36:22] [spechunter] Global pre-filter running...
[06:36:34] [spechunter] [text] {"should_skip": false}
[06:36:35] [spechunter] pre-filter: should_skip=False reason=""
[06:36:52] [spechunter] [text] {"should_skip": false}
[06:36:54] [spechunter] [text] {"should_skip": true, "skip_reason": "CLIC/Smcsps fast interrupt extension is not supported by the Linux kernel; this cl...
[06:36:55] [spechunter] [Grep] pattern='clic|smcsps|Smcsps'
[06:36:57] [spechunter] [text] {"should_skip": true, "skip_reason": "Documentation clarification in CLIC spec about sp swap using x2 — no M-mode behavi...
[06:37:00] [spechunter] [Grep] pattern='clic|CLIC|fast.interrupt|sclcsr|smcsps'
[06:37:00] [spechunter] [Grep] pattern='clic|CLIC|fast.interrupt|mcsps|smcsps'
[06:37:07] [spechunter] [Bash] Check if QEMU has any CLIC/smcsps support
[06:37:07] [spechunter] [text] {"should_skip": true, "skip_reason": "FreeBSD does not support the RISC-V fast-interrupt (CLIC/Smcsps) extension; this i...
[06:37:09] [spechunter] [text] ```json {   "violation_condition": "The instruction decoder for Smcsps push/pop operations does not hardwire the swap so...
[06:37:23] [spechunter] [text] {"should_skip": true, "skip_reason": "QEMU does not implement CLIC (Core-Local Interrupt Controller/Smcsps) and has no e...
[06:37:26] [spechunter] [Grep] pattern='[xX][sS][pP][cC][sS]'
[06:37:26] [spechunter] [Grep] pattern='[Ss]mcsps|[Ss]mcsp'
[06:37:26] [spechunter] [Grep] pattern='[Xx][Ss][Pp][Uu][Ss][Hh]|[Xx][Ss][Pp][Oo][Pp]'
[06:37:32] [spechunter] [Grep] pattern='xspcs|XSPCS|xSPCS'
[06:37:32] [spechunter] [Grep] pattern='c\\.push|c\\.pop|cm\\.push|cm\\.pop|c_push|c_pop|cm_push|cm_pop|CPUSH|CPOP|CMPUSH|CMPOP'
[06:37:32] [spechunter] [Grep] pattern='Smcsps|smcsps|SMCSPS|shadow.stack|shadow_stack'
[06:37:32] [spechunter] [Grep] pattern='CSR_xspcs|CSR_XSPCS|csr_xspcs'
[06:37:32] [spechunter] [Grep] pattern='SFENCE_VMA|SINVAL_VMA|sfence\\.vma|sinval\\.vma'
[06:37:43] [spechunter] [Grep] pattern='shadow.stac|shadow_stack|shadowStack|ShadowStack'
[06:37:43] [spechunter] [Grep] pattern='[Pp]ush[Pp]op|[Cc][Mm]\\.[Pp][Uu][Ss][Hh]|[Cc][Mm]\\.[Pp][Oo][Pp]|c\\.push|c\\.pop'
[06:37:43] [spechunter] [Grep] pattern='[Zz]c[a-z]*|[Zz]c_ext|[Zz]cExt'
[06:38:02] [spechunter] [Grep] pattern='Zicfiss|zicfiss|ZICFISS|shadow.stack|SSP|ssp'
[06:38:02] [spechunter] [Grep] pattern='push_pop|pushPop|pushpop|pushpop|CSR_ssp|CSR_SSP|ssp_csr'
[06:38:02] [spechunter] [Grep] pattern='0x8[CDEF].*csr|csr.*0x8[CDEF]|Men|menvcfg|MENVCFG|menvcfg'
[06:38:02] [spechunter] [Grep] pattern='ILE|ile|SSE|sse|ADUE|adue'
[06:38:02] [spechunter] [Grep] pattern='x2|sp_sel|spSwap|sp_swap|stack_pointer.*swap'
[06:38:11] [spechunter] [Grep] pattern='xspcs|XSPCS|Xspcs'
[06:38:11] [spechunter] [Grep] pattern='shadow_stack|ShadowStack|shadowStack'
[06:38:11] [spechunter] [Grep] pattern='cm\\.push|cm\\.pop|c\\.push|CMPush|CMPop|Cm\\.Push|Cm\\.Pop'
[06:38:23] [spechunter] [Read] /home/yzs/riscv/XiangShan/src/main/scala/xiangshan/backend/fu/NewCSR/CSRBundles.scala
[06:38:23] [spechunter] [Grep] pattern='sstc|[Ss]hadow|[Ss]tac\\.|[Ss]tac$'
[06:38:24] [spechunter] [Grep] pattern='SSP|ssp'
[06:38:24] [spechunter] [Grep] pattern='0x011|0x11|ssp'
[06:38:24] [spechunter] [Grep] pattern='cm\\\\.push|cm\\\\.pop|c\\\\.push|c\\\\.pop|CM_PUSH|CM_POP|C_PUSH|C_POP'
[06:38:24] [spechunter] [Grep] pattern='Zicfiss|shadow_stack|shadowStack|ShadowStack'
[06:38:24] [spechunter] [Grep] pattern='Smcsps|SMCSPS'
[06:38:42] [spechunter] [Grep] pattern='[Zz]icfiss|[Zz]icfilp|[Zz]imop|[Zz]icond|Zc[a-z]|cmop|cmva|cm_mva|cm_lw|cm_sw|cm_mv|cm_pext|cm_ld'
[06:38:42] [spechunter] [Grep] pattern='00010|0b00010|0b0001_0|regIdx.*2|regIdx.*sp|sp.*regIdx|x2.*swap|swap.*x2'
[06:38:42] [spechunter] [Grep] pattern='xsp|XSP|CSR_0x[0-9a-fA-F].*sp|sp.*CSR|ssp|SSP|shadow.*ptr|ptr.*shadow'
[06:38:48] [spechunter] [Read] /home/yzs/riscv/XiangShan/src/main/scala/xiangshan/backend/decode/isa/CSRs.scala
[06:38:48] [spechunter] [Read] /home/yzs/riscv/XiangShan/src/main/scala/xiangshan/backend/fu/NewCSR/StateEnBundle.scala
[06:39:10] [spechunter] [Agent] description, subagent_type
[06:39:10] [spechunter] [Agent] description, subagent_type
[06:39:10] [spechunter] [Read] /home/yzs/riscv/XiangShan/src/main/scala/xiangshan/backend/decode/isa/CSRs.scala
[06:39:10] [spechunter] [Grep] pattern='ssp'
[06:39:10] [spechunter] [Grep] pattern='SSP|xspcs|shadow_stack|shadowStack|Zicfiss|0x011'
[06:39:10] [spechunter] [Grep] pattern='swap|sp_sel|SP_sel|spSel'
[06:39:10] [spechunter] [Grep] pattern='0x011'
[06:39:28] [spechunter] [Grep] pattern='ssp'
[06:39:28] [spechunter] [Grep] pattern='SSP|ssp'
[06:39:28] [spechunter] [Grep] pattern='SSE|sse'
[06:39:37] [spechunter] [Grep] pattern='ssp'
[06:39:37] [spechunter] [Grep] pattern='shadow'
[06:39:37] [spechunter] [Grep] pattern='Zicfiss'
[06:39:37] [spechunter] [Grep] pattern='SSE'
[06:39:37] [spechunter] [Glob] src/main/scala/xiangshan/backend/fu/NewCSR/**/*.scala
[06:39:37] [spechunter] [Glob] src/main/scala/xiangshan/backend/decode/**/*.scala
[06:39:41] [spechunter] [Grep] pattern='ssp'
[06:39:41] [spechunter] [Grep] pattern='shadow_stack|shadowStack|ShadowStack|Zicfiss|zicfiss'
[06:39:41] [spechunter] [Grep] pattern='SSP|0x11'
[06:39:41] [spechunter] [Grep] pattern='SSP'
[06:39:52] [spechunter] [Read] /home/yzs/riscv/XiangShan/src/main/scala/xiangshan/backend/decode/Instructions.scala
[06:39:52] [spechunter] [Grep] pattern='push|pop|shadow|swap|zicfiss'
[06:39:52] [spechunter] [Grep] pattern='push|pop|shadow|swap|zicfiss'
[06:39:52] [spechunter] [Grep] pattern='push|pop|shadow|swap|zicfiss'
[06:39:52] [spechunter] [Grep] pattern='push|pop|shadow|swap|zicfiss'
[06:39:52] [spechunter] [Grep] pattern='zicfiss|shadow.stack|ssp|xspcs'
[06:39:52] [spechunter] [Grep] pattern='\\"x2\\"|00010|hardcoded.*sp|sp.*hardcoded'
[06:39:54] [spechunter] [Grep] pattern='xspcs|Xspcs'
[06:39:54] [spechunter] [Grep] pattern='Smcsps|smcsps'
[06:39:54] [spechunter] [Grep] pattern='sp_swap|spswap|spSwap|SPSWAP'
[06:39:54] [spechunter] [Grep] pattern='\\bcpop\\b|\\bcpopw\\b|CPOP|CPOPW|cm_push|cm_pop'
[06:39:54] [spechunter] [Grep] pattern='swap.*x2|x2.*swap|SP.*x2|x2.*SP|sp.*swap|swap.*sp'
[06:40:08] [spechunter] [Grep] pattern='\\bssp\\b|"ssp"|SSP|shadow.stack'
[06:40:08] [spechunter] [Grep] pattern='\\bssp\\b|"ssp"|SSP'
[06:40:08] [spechunter] [Grep] pattern='\\bssp\\b|"ssp"|SSP'
[06:40:08] [spechunter] [Grep] pattern='SSE|Zicfiss|shadow.stack|ShadowStack'
[06:40:08] [spechunter] [Grep] pattern='SSE|Zicfiss|shadow.stack|ShadowStack'
[06:40:12] [spechunter] [text] Let me do a few more targeted searches to verify the current state of the codebase comprehensively.  
[06:40:12] [spechunter] [Grep] pattern='\\"ssp\\"|SSP|Ssp|ssp_0x11'
[06:40:12] [spechunter] [Grep] pattern='def SSE|def SSE|SSE.*RO|RO.*SSE|val SSE'
[06:40:12] [spechunter] [Grep] pattern='CoRoutineSwap|coRoutineSwap|coroutine_swap|emit_stack|emited_stack'
[06:40:12] [spechunter] [Grep] pattern='push.*pop|pushpop|stack.*swap|isse\\\\b|ISSE|isse'
[06:40:12] [spechunter] [Read] /home/yzs/riscv/XiangShan/src/main/scala/xiangshan/backend/fu/NewCSR/CSRBundles.scala
[06:40:18] [spechunter] [Grep] pattern='zicfiss|shadow.stack|ssp|xspcs|sspush|sspop|ssload|ssamoswap|sspopchk'
[06:40:18] [spechunter] [Grep] pattern='Zicfiss|ShadowStack|Shadow_Stack|CFI'
[06:40:18] [spechunter] [Glob] **/isa/CSRs.scala
[06:40:18] [spechunter] [Grep] pattern='push|pop|zicfiss|shadow'
[06:40:18] [spechunter] [Bash] List ISA decode definition files
[06:40:25] [spechunter] [Grep] pattern='csr.*0x11|\\"ssp\\"|CSRModule.*Ssp|CSRModule.*ssp|ssp.*CSR'
[06:40:25] [spechunter] [Grep] pattern='ssp'
[06:40:25] [spechunter] [Grep] pattern='\\"ssp\\"|Ssp'
[06:40:40] [spechunter] [Grep] pattern='ssp|0x11'
[06:40:40] [spechunter] [Grep] pattern='ssp|Xspcs|xSPCS|xspcs|shadow.stack'
[06:40:40] [spechunter] [Grep] pattern='ssp'
[06:40:41] [spechunter] [Grep] pattern='ssp|SSP|shadow_stack|ShadowStack|Zicfiss'
[06:40:41] [spechunter] [Grep] pattern='ssp|SSP|shadow_stack|ShadowStack|Zicfiss'
[06:40:41] [spechunter] [Grep] pattern='ssp|SSP|shadow_stack|ShadowStack|Zicfiss'
[06:40:41] [spechunter] [Grep] pattern='ssp|SSP|shadow_stack|ShadowStack|Zicfiss'
[06:40:41] [spechunter] [Grep] pattern='push|pop|swap'
[06:40:41] [spechunter] [Read] /home/yzs/riscv/XiangShan/src/main/scala/xiangshan/backend/fu/NewCSR/CSRBundles.scala
[06:40:41] [spechunter] [Read] /home/yzs/riscv/XiangShan/src/main/scala/xiangshan/backend/decode/isa/CSRs.scala
[06:40:41] [spechunter] [Grep] pattern='ssp|shadow|zicfiss|push|pop'
[06:40:41] [spechunter] [Grep] pattern='sspm|ssp|shadow|zicfiss|cfi'
[06:40:41] [spechunter] [Grep] pattern='ssp|shadow|zicfiss|push|pop'
[06:40:51] [spechunter] [Read] /home/yzs/riscv/XiangShan/src/main/scala/xiangshan/backend/decode/isa/CSRs.scala
[06:40:51] [spechunter] [Grep] pattern='ssp'
[06:40:51] [spechunter] [Bash] Find NewCSR files referencing ssp or related terms
[06:40:51] [spechunter] [Bash] Deep grep for ssp/xspcs references in NewCSR directory
[06:41:01] [spechunter] [Grep] pattern='0x11|ssp|SSP|Ssp'
[06:41:01] [spechunter] [Grep] pattern='0x11|ssp|SSP|Ssp'
[06:41:01] [spechunter] [Grep] pattern='Ssp|ssp|0x11'
[06:41:05] [spechunter] [Grep] pattern='ssp|zicfiss|shadow'
[06:41:05] [spechunter] [Grep] pattern='ssp|zicfiss|shadow'
[06:41:05] [spechunter] [Grep] pattern='ssp|zicfiss|shadow'
[06:41:05] [spechunter] [Grep] pattern='def .* = BitPat'
[06:41:05] [spechunter] [Bash] List bitfield decode files
[06:41:05] [spechunter] [Read] /home/yzs/riscv/XiangShan/src/main/scala/xiangshan/backend/fu/NewCSR/Unprivileged.scala
[06:41:05] [spechunter] [Read] /home/yzs/riscv/XiangShan/src/main/scala/xiangshan/backend/decode/isa/CSRs.scala
[06:41:05] [spechunter] [Grep] pattern='c\\.push|c\\.pop|cm\\.push|cm\\.pop|push|pop|swap'
[06:41:13] [spechunter] [Grep] pattern='SSP|Ssp|ssp'
[06:41:13] [spechunter] [Grep] pattern='0x11'
[06:41:13] [spechunter] [Grep] pattern='SSP|Ssp|ssp|0x11'
[06:41:13] [spechunter] [Bash] Final comprehensive grep for ssp/xspcs in NewCSR
[06:41:23] [spechunter] [Read] /home/yzs/riscv/XiangShan/src/main/scala/xiangshan/backend/decode/isa/bitfield/RiscvInst.scala
[06:41:23] [spechunter] [Grep] pattern='def.*=.*BitPat|SSPUSH|SSPOPCHK|SSPOP|SSLOAD|SSAMOSWAP'
[06:41:23] [spechunter] [Grep] pattern='SSPUSH|SSPOPCHK|SSPOP|SSLOAD|SSAMOSWAP|sspush|sspopchk|sspop|ssload|ssamoswap'
[06:41:23] [spechunter] [Grep] pattern='zicfilp|zicfiss|landing.pad|lpad|lpclr'
[06:41:23] [spechunter] [Grep] pattern='def.*=.*BitPat'
[06:41:24] [spechunter] [Grep] pattern='CM_PUSH|CM_POP|CM_PUSHPOP'
[06:41:24] [spechunter] [Grep] pattern='Zicfiss|zicfiss|zicfisslpe|Zicfilp|zicfilp|LPE'
[06:41:28] [spechunter] [Grep] pattern='\\bssp\\b|"ssp"'
[06:41:28] [spechunter] [Grep] pattern='\\bssp\\b|"ssp"|CSRs\\.ssp'
[06:41:28] [spechunter] [Grep] pattern='push|pop|c\\.push|c\\.pop|cm\\.push|cm\\.pop|shadow.stack'
[06:41:28] [spechunter] [Grep] pattern='SSE|menvcfg|senvcfg'
[06:41:28] [spechunter] [Grep] pattern='SSE|senvcfg'
[06:41:28] [spechunter] [Grep] pattern='shadow'
[06:41:44] [spechunter] [Grep] pattern='SSE|LPE|Zicfiss|Zicfilp|shadow|ssp'
[06:41:44] [spechunter] [Grep] pattern='MLPE|MNPELP|landing.pad|Zicfilp'
[06:41:44] [spechunter] [Grep] pattern='SSE|LPE|Zicfiss|Zicfilp|shadow|ssp'
[06:41:44] [spechunter] [Glob] **/SupervisorLevel.scala
[06:41:44] [spechunter] [Grep] pattern='SEnvCfg|MEnvCfg'
[06:41:44] [spechunter] [Grep] pattern='\\bssp\\b|CSRs\\.ssp'
[06:41:44] [spechunter] [Grep] pattern='\\bshadow_stack\\b|ShadowStack|shadow.stack|sspush|sspop|ssload|ssamoswap|sslw|sssw|ssamswap'
[06:41:44] [spechunter] [Grep] pattern='push|pop|sspush|sspop'
[06:41:44] [spechunter] [Grep] pattern='\\bssp\\b'
[06:41:44] [spechunter] [Grep] pattern='Zicfiss|zicfiss'
[06:41:46] [spechunter] [text] Here is the complete findings report:  ```json {   "locations": [     {       "file_path": "src/main/scala/xiangshan/bac...
[06:41:58] [spechunter] [Grep] pattern='ssp|SSP|shadow_stack|ShadowStack|Zicfiss|sspush|sspop|ssload|ssamoswap'
[06:41:58] [spechunter] [Grep] pattern='ssp|SSP|shadow_stack|ShadowStack|Zicfiss|sspush|sspop'
[06:41:58] [spechunter] [Grep] pattern='sspush|sspop|ssload|ssamoswap|ssrdp|SSPUSH|SSPOP|SSLOAD|SSAMOSWAP'
[06:41:58] [spechunter] [Read] /home/yzs/riscv/XiangShan/src/main/scala/xiangshan/backend/fu/NewCSR/NewCSR.scala
[06:42:02] [spechunter] [Read] /home/yzs/riscv/XiangShan/src/main/scala/xiangshan/backend/fu/NewCSR/CSRBundles.scala
[06:42:02] [spechunter] [Grep] pattern='ssp|SPELP|SPE|supports.*zicfiss'
[06:42:02] [spechunter] [Grep] pattern='sstatus'
[06:42:02] [spechunter] [Read] /home/yzs/riscv/XiangShan/src/main/scala/xiangshan/backend/fu/NewCSR/CSRBundles.scala
[06:42:02] [spechunter] [Read] /home/yzs/riscv/XiangShan/src/main/scala/xiangshan/backend/fu/NewCSR/CSRBundles.scala
[06:42:22] [spechunter] [Grep] pattern='\\bSsp\\b|"Ssp"|setAddr.*ssp|CSRs\\.ssp'
[06:42:22] [spechunter] [Grep] pattern='c\\.push|c\\.pop|cm\\.push|cm\\.pop|c_push|c_pop|cm_push|cm_pop'
[06:42:22] [spechunter] [Grep] pattern='0x11'
[06:42:22] [spechunter] [Grep] pattern='unprivilegedCSRMods|unprivilegedCSROutMap|unprivilegedCSRMap'
[06:42:22] [spechunter] [Read] /home/yzs/riscv/XiangShan/src/main/scala/xiangshan/backend/fu/NewCSR/NewCSR.scala
[06:42:22] [spechunter] [Read] /home/yzs/riscv/XiangShan/src/main/scala/xiangshan/backend/fu/NewCSR/CSRBundles.scala
[06:42:22] [spechunter] [Read] /home/yzs/riscv/XiangShan/src/main/scala/xiangshan/backend/fu/NewCSR/MachineLevel.scala
[06:42:22] [spechunter] [Grep] pattern='SSPUSH|SSPOPCHK|C_PUSH|C_POP|SPSTORE|SPLOAD|csspush|csspopchk'
[06:42:22] [spechunter] [Read] /home/yzs/riscv/XiangShan/src/main/scala/xiangshan/backend/decode/DecodeUnit.scala
[06:42:32] [spechunter] [Read] /home/yzs/riscv/XiangShan/src/main/scala/xiangshan/backend/fu/NewCSR/Unprivileged.scala
[06:42:32] [spechunter] [Grep] pattern='\\bssp\\b'
[06:42:32] [spechunter] [Grep] pattern='0x11'
[06:42:35] [spechunter] [Grep] pattern='ssp|SSE|LPE|zicfiss|zicfilp|shadow|SPELP'
[06:42:35] [spechunter] [Read] /home/yzs/riscv/XiangShan/src/main/scala/xiangshan/backend/fu/NewCSR/SupervisorLevel.scala
[06:42:35] [spechunter] [Read] /home/yzs/riscv/XiangShan/src/main/scala/xiangshan/backend/decode/DecodeUnit.scala
[06:42:35] [spechunter] [Read] /home/yzs/riscv/XiangShan/src/main/scala/xiangshan/backend/decode/DecodeUnit.scala
[06:42:49] [spechunter] [Read] /home/yzs/riscv/XiangShan/src/main/scala/xiangshan/backend/decode/DecodeUnit.scala
[06:42:49] [spechunter] [Grep] pattern='ssp'
[06:42:49] [spechunter] [Grep] pattern='zicfiss|shadow.stack|ssp|sspush|sspop'
[06:42:49] [spechunter] [Grep] pattern='zicfiss|shadow.stack|ssp|sspush|sspop|zicfilp'
[06:42:50] [spechunter] [Grep] pattern='Zicfiss|zicfiss|CFISS|cfiss'
[06:42:50] [spechunter] [Grep] pattern='EXT_CFISS|EXT_ZICFISS|CFISS'
[06:42:50] [spechunter] [Grep] pattern='\\bssp\\b'
[06:42:50] [spechunter] [Grep] pattern='stack_ptr|x2|reg_idx.*2|00010'
[06:42:50] [spechunter] [Read] /home/yzs/riscv/XiangShan/src/main/scala/xiangshan/backend/fu/NewCSR/MachineLevel.scala
[06:43:01] [spechunter] [Grep] pattern='SSPUSH|SSPOPCHK|SSPOP|SSLOAD|sspush|sspopchk'
[06:43:01] [spechunter] [Grep] pattern='shadow.stack|shadow_stack|ShadowStack'
[06:43:01] [spechunter] [Grep] pattern='Zicfiss|Zicfilp|HasZicfiss|HasZicfilp'
[06:43:01] [spechunter] [Grep] pattern='swap.*x1|swap.*ra|x1.*swap|ra.*swap'
[06:43:06] [spechunter] [Read] /home/yzs/riscv/XiangShan/src/main/scala/xiangshan/Parameters.scala
[06:43:06] [spechunter] [Read] /home/yzs/riscv/XiangShan/src/main/scala/xiangshan/backend/fu/util/CSRConst.scala
[06:43:06] [spechunter] [Read] /home/yzs/riscv/XiangShan/src/main/scala/xiangshan/backend/fu/NewCSR/CSRConfig.scala
[06:43:06] [spechunter] [Grep] pattern='0x11'
[06:43:10] [spechunter] [Read] /home/yzs/riscv/XiangShan/src/main/scala/xiangshan/backend/trace/Interface.scala
[06:43:10] [spechunter] [Read] /home/yzs/riscv/XiangShan/src/main/scala/xiangshan/backend/fu/NewCSR/CSRDefines.scala
[06:43:10] [spechunter] [Grep] pattern='ssp|zicfiss|shadow'
[06:43:10] [spechunter] [Read] /home/yzs/riscv/XiangShan/src/main/scala/xiangshan/backend/decode/DecodeUnit.scala
[06:43:20] [spechunter] [Read] /home/yzs/riscv/XiangShan/src/main/scala/xiangshan/frontend/bpu/ras/RasStack.scala
[06:43:20] [spechunter] [Grep] pattern='\\bssp\\b'
[06:43:20] [spechunter] [Grep] pattern='SSE|shadow_stack|Zicfiss'
[06:43:20] [spechunter] [Grep] pattern='SSE|shadow.stack|Zicfiss'
[06:43:38] [spechunter] [Grep] pattern='\\bssp\\b|shadow.stack|Zicfiss'
[06:43:38] [spechunter] [Grep] pattern='\\bssp\\b|shadow.stack|Zicfiss'
[06:43:38] [spechunter] [Grep] pattern='\\bssp\\b|shadow_stack|Zicfiss|sspush|sspop'
[06:43:38] [spechunter] [Read] /home/yzs/riscv/XiangShan/src/main/scala/xiangshan/backend/fu/NewCSR/MachineLevel.scala
[06:43:59] [spechunter] [Read] /home/yzs/riscv/XiangShan/src/main/scala/xiangshan/frontend/bpu/ras/Bundles.scala
[06:43:59] [spechunter] [Grep] pattern='SSE|shadow_stack|Zicfiss'
[06:43:59] [spechunter] [Grep] pattern='SSE|shadow_stack|Zicfiss|envcfg|EnvCfg'
[06:44:14] [spechunter] [Grep] pattern='csrRwMap|csrOutMap|csrMods"'
[06:44:14] [spechunter] [Read] /home/yzs/riscv/XiangShan/src/main/scala/xiangshan/backend/fu/NewCSR/NewCSR.scala
[06:45:20] [spechunter] [Grep] pattern='Zcmp|zcmp|Zc_|CM_PUSH|CM_POP|CM_MV|CM_MVA|CM_PEXT|cm_push|cm_pop'
[06:45:20] [spechunter] [Grep] pattern='CMPush|CMPop|CM_MVA01S|cm_mvsa01|cm_pext|cm_jalt|cm_jt|cm_beqz|cm_bnez|cm_blez'
[06:45:50] [spechunter] [text] Now let me look at the CSR module instantiation and decode tables more carefully for any related structures.  
[06:45:50] [spechunter] [Grep] pattern='setAddr|CSRMap|csrAddr|csr_map'
[06:45:50] [spechunter] [Grep] pattern='ssp|xspcs|SSP|shadow_stack_ptr|stack_ptr_swap'
[06:46:02] [spechunter] [Read] /home/yzs/riscv/XiangShan/src/main/scala/xiangshan/backend/fu/NewCSR/Unprivileged.scala
[06:46:03] [spechunter] [Read] /home/yzs/riscv/XiangShan/src/main/scala/xiangshan/backend/fu/NewCSR/NewCSR.scala
[06:46:24] [spechunter] [Grep] pattern='MacroOp|macroOp|macro_op|MacroFusion|macrofusion|MacroPattern|macro_pattern'
[06:46:24] [spechunter] [Grep] pattern='spimm|sp_imm|spadj|sp_adjust|stackadj|stack_adjust|adjust_sp|inc_sp|dec_sp|sp_offset|spsw|spswap'
[06:46:25] [spechunter] [Read] /home/yzs/riscv/XiangShan/src/main/scala/xiangshan/backend/fu/NewCSR/NewCSR.scala
[06:46:40] [spechunter] [text] Let me search for how the CSR address mapping is built and whether there's any xspcs or shadow-stack swap logic present....
[06:46:40] [spechunter] [Read] /home/yzs/riscv/XiangShan/src/main/scala/xiangshan/backend/fu/NewCSR/NewCSR.scala
[06:46:40] [spechunter] [Grep] pattern='csrRwMap|csrOutMap|csr_req|rwMap'
[06:46:44] [spechunter] [text] Now let me check how the CSR maps are built to see if xspcs or any related CSR is possibly mapped.  
[06:46:44] [spechunter] [Read] /home/yzs/riscv/XiangShan/src/main/scala/xiangshan/backend/fu/NewCSR/NewCSR.scala
[06:46:52] [spechunter] [Grep] pattern='smcsps|smcsp|xspcs|SSP|zicfiss'
[06:46:52] [spechunter] [Grep] pattern='pushpop|push_pop|cm_pushpop'
[06:47:22] [spechunter] [text] Based on exhaustive searching of the XiangShan RTL codebase, here are the findings.  **The Smcsps/Zicfiss shadow-stack e...
[06:47:49] [spechunter] [text] Let me verify the fast-path locations and look for any instruction decode/execution logic related to SSP swapping that c...
[06:47:49] [spechunter] [Read] /home/yzs/riscv/XiangShan/src/main/scala/xiangshan/backend/decode/isa/CSRs.scala
[06:47:49] [spechunter] [Grep] pattern='smcsps|smssps|ssp|shadow.stack'
[06:47:49] [spechunter] [Grep] pattern='SSP|Ssp'
[06:48:06] [spechunter] [text] The slow-path locations are empty, so I need to confirm what actually exists. Let me search for instruction execution lo...
[06:48:06] [spechunter] [Grep] pattern='smcsps|smssps|swap.*sp|stack.*swap'
[06:48:06] [spechunter] [Grep] pattern='x2.*sp|sp.*x2|always.*sp|sp.*always'
[06:48:06] [spechunter] [Grep] pattern='CSRConst|SSP'
[06:48:42] [spechunter] [text] Let me also verify the XSDecode and instruction table to see if the smssps/smcsps instructions are defined anywhere in t...
[06:48:42] [spechunter] [Grep] pattern='Zicfiss|zicfiss|smcsps|Smcsps'
[06:48:42] [spechunter] [Read] /home/yzs/riscv/XiangShan/src/main/scala/xiangshan/backend/decode/isa/CSRs.scala
[06:48:42] [spechunter] [Read] /home/yzs/riscv/XiangShan/src/main/scala/xiangshan/backend/fu/NewCSR/CSRBundles.scala
[06:49:08] [spechunter] [text] Now let me check the MachineLevel.scala location mentioned in the fast-path list.  
[06:49:08] [spechunter] [Read] /home/yzs/riscv/XiangShan/src/main/scala/xiangshan/backend/fu/NewCSR/MachineLevel.scala
[06:50:02] [spechunter] [text] Now I have the full picture. Let me produce the final analysis.  ```json {   "locations": [     {       "file": "src/mai...
[06:50:24] [spechunter] [Agent] description, subagent_type
[06:50:59] [spechunter] [Grep] pattern='xspcs|XSPCS|smcsps|SMCSPS|CSR_xspcs|xSPCS'
[06:50:59] [spechunter] [Grep] pattern='push|pop'
[06:50:59] [spechunter] [Grep] pattern='swap'
[06:50:59] [spechunter] [Grep] pattern='shadow.?stack|shadow stack|ShadowStack|Shadow.?Stack'
[06:50:59] [spechunter] [Grep] pattern='landing.?pad|Clp|sspush|sspopx|sspopchk|ssrdssp|ssload|sspop'
[06:51:25] [spechunter] [Grep] pattern='Zicfiss|Zicfilp|zicfiss|zicfilp'
[06:51:25] [spechunter] [Grep] pattern='SSP|ssp|shadow_stack|shadow_ssp|ssp_reg'
[06:51:25] [spechunter] [Grep] pattern='sspush|sspopchk|ssrdssp|ssload'
[06:51:25] [spechunter] [Read] /home/yzs/riscv/XiangShan/src/main/scala/xiangshan/backend/fu/NewCSR/CSRBundles.scala
[06:51:25] [spechunter] [Read] /home/yzs/riscv/XiangShan/src/main/scala/xiangshan/backend/fu/NewCSR/MachineLevel.scala
[06:51:52] [spechunter] [Read] /home/yzs/riscv/XiangShan/src/main/scala/xiangshan/backend/decode/isa/CSRs.scala
[06:51:52] [spechunter] [Grep] pattern='0x18|0x19|0x1A|0x1B|0x1C|0x1D|0x1E|0x1F'
[06:51:52] [spechunter] [Grep] pattern='x2|reg.*2|GPR.*2|sp|StackPointer'
[06:51:52] [spechunter] [Grep] pattern='Ssp|SSP|shadow_stack_ptr|srmcfg|CSR_'
[06:51:52] [spechunter] [Read] /home/yzs/riscv/XiangShan/src/main/scala/xiangshan/backend/fu/NewCSR/CSRDefines.scala
[06:52:17] [spechunter] [Grep] pattern='srmcfg|Srmcfg'
[06:52:17] [spechunter] [Grep] pattern='MTVAL2.*SSP|SSP.*MTVAL|sstack|s_mode_ssp'
[06:52:17] [spechunter] [Grep] pattern='SSE|LPE|MLPE'
[06:52:17] [spechunter] [Read] /home/yzs/riscv/XiangShan/src/main/scala/xiangshan/backend/decode/isa/CSRs.scala
[06:52:17] [spechunter] [Read] /home/yzs/riscv/XiangShan/src/main/scala/xiangshan/backend/decode/isa/CSRs.scala
[06:52:52] [spechunter] [Grep] pattern='SSE|LPE'
[06:52:52] [spechunter] [Grep] pattern='SSE|LPE'
[06:52:52] [spechunter] [Grep] pattern='SSE|LPE'
[06:52:52] [spechunter] [Read] /home/yzs/riscv/XiangShan/src/main/scala/xiangshan/backend/decode/isa/CSRs.scala
[06:52:52] [spechunter] [Read] /home/yzs/riscv/XiangShan/src/main/scala/xiangshan/backend/fu/NewCSR/MachineLevel.scala
[06:53:12] [spechunter] [Grep] pattern='ssp|Ssp'
[06:53:12] [spechunter] [Grep] pattern='srmcfg|Srmcfg'
[06:53:12] [spechunter] [Glob] **/backend/fu/NewCSR/SupervisorLevel.scala
[06:53:12] [spechunter] [Glob] **/backend/fu/NewCSR/*.scala
[06:53:12] [spechunter] [Grep] pattern='xsstatus|menvcfg|senvcfg|henvcfg|CSR_xstatus|CSR_mstatush'
[06:53:40] [spechunter] [Grep] pattern='ssp|srmcfg|shadow|Ssp'
[06:53:40] [spechunter] [Grep] pattern='ssp|shadow|Shadow'
[06:53:40] [spechunter] [Grep] pattern='shadow|Zicfi|Zicfiss|Zicfilp|cfiss|cfilp'
[06:53:40] [spechunter] [Grep] pattern='CSR_xstatus|menvcfg.*SSE|menvcfg.*LPE|sstatus.*SSE|sstatus.*LPE'
[06:53:40] [spechunter] [Grep] pattern='exception.*shadow|shadow.*exception|IllegalInstr'
[06:53:57] [spechunter] [Grep] pattern='0x11|ssp'
[06:53:57] [spechunter] [Read] /home/yzs/riscv/XiangShan/src/main/scala/xiangshan/backend/fu/NewCSR/SupervisorLevel.scala
[06:53:57] [spechunter] [Grep] pattern='cfiss|cfilp|Zicfi|Smcsp|Smcsps|zicfiss|zicfilp'
[06:53:57] [spechunter] [Grep] pattern='sspopchk|sspush|ssrdssp|ssload'
[06:53:57] [spechunter] [Read] /home/yzs/riscv/XiangShan/src/main/scala/xiangshan/backend/decode/isa/CSRs.scala
[06:54:09] [spechunter] [Grep] pattern='SSPUSH|SSPOPCHK|SSRDSSP|SSLOAD|sspush|sspopchk|ssrdssp|ssload'
[06:54:09] [spechunter] [Grep] pattern='Srmcfg|srmcfg'
[06:54:09] [spechunter] [Read] /home/yzs/riscv/XiangShan/src/main/scala/xiangshan/backend/fu/NewCSR/CSRBundles.scala
[06:54:09] [spechunter] [Grep] pattern='class.*EnvCfg|EnvCfg\\b|abstract.*EnvCfg'
[06:54:09] [spechunter] [Grep] pattern='swap|Swap|SWAP'
[06:54:31] [spechunter] [Read] /home/yzs/riscv/XiangShan/src/main/scala/xiangshan/backend/fu/NewCSR/MachineLevel.scala
[06:54:31] [spechunter] [Read] /home/yzs/riscv/XiangShan/src/main/scala/xiangshan/backend/fu/NewCSR/HypervisorLevel.scala
[06:54:31] [spechunter] [Grep] pattern='push|pop|shadow'
[06:54:31] [spechunter] [Grep] pattern='XSPCS|xSPCS|Sspc|sspc'
[06:54:31] [spechunter] [Grep] pattern='Smcsps|Smcssp|smcsps|smcssp|Sspcs|sSpcs'
[06:54:31] [spechunter] [Grep] pattern='SSE|LPE'
[06:54:46] [spechunter] [Glob] **/backend/decode/isa/*.scala
[06:54:46] [spechunter] [Grep] pattern='shadow|Sspc|ssp|Zicfi'
[06:54:46] [spechunter] [Grep] pattern='shadow|Zicfi'
[06:54:46] [spechunter] [Grep] pattern='shadow|Zicfi|MNPELP'
[06:54:46] [spechunter] [Grep] pattern='shadow|Zicfi|MNPELP|SSE|LPE|MLPE'
[06:55:03] [spechunter] [Read] /home/yzs/riscv/XiangShan/src/main/scala/xiangshan/backend/decode/isa/PseudoInstruction.scala
[06:55:03] [spechunter] [Grep] pattern='push|pop|swap|shadow|ssp|Zicfi'
[06:55:03] [spechunter] [Grep] pattern='push|pop|swap|shadow|ssp|Zicfi'
[06:55:03] [spechunter] [Grep] pattern='shadow|Zicfi|SSE|LPE|MLPE|landing.pad'
[06:55:03] [spechunter] [Glob] **/backend/fu/NewCSR/CSRConfig.scala
[06:55:03] [spechunter] [Read] /home/yzs/riscv/XiangShan/src/main/scala/xiangshan/backend/fu/NewCSR/MachineLevel.scala
[06:56:02] [spechunter] [Glob] **/NewCSR/CSR*onfig*
[06:56:02] [spechunter] [Grep] pattern='object CSRConfig|class CSRConfig|CSRConfig'
[06:56:02] [spechunter] [Grep] pattern='shadow|SSE|LPE|Zicfi'
[06:56:02] [spechunter] [Grep] pattern='sspopchk|sspush|ssrdssp|ssload|sspopx'
[06:56:02] [spechunter] [Read] /home/yzs/riscv/XiangShan/src/main/scala/xiangshan/backend/fu/NewCSR/MachineLevel.scala
[06:56:25] [spechunter] [Grep] pattern='object CSRConfig|EXT_ZICFISS|EXT_ZICFILP|EXT_.*SS|EXT_.*LP|EXT_.*SHADOW|CSRConfig'
[06:56:25] [spechunter] [Grep] pattern='CsrConfig|csrConfig'
[06:56:25] [spechunter] [Grep] pattern='class CsrConfig|object CsrConfig|CSRConfig'
[06:56:25] [spechunter] [Grep] pattern='NPELP|MNPELP|MNP.*ELP'
[06:56:51] [spechunter] [Grep] pattern='package.*CSRConfig|object.*CSRConfig|class.*CSRConfig'
[06:56:51] [spechunter] [Grep] pattern='import.*CSRConfig'
[06:56:51] [spechunter] [Read] /home/yzs/riscv/XiangShan/src/main/scala/xiangshan/backend/fu/NewCSR/MachineLevel.scala
[06:57:09] [spechunter] [Read] /home/yzs/riscv/XiangShan/src/main/scala/xiangshan/backend/fu/NewCSR/NewCSR.scala
[06:57:09] [spechunter] [Grep] pattern='EXT_ZICBOZ|EXT_ZICBOM|EXT_SVNAPOT|EXT_SVPBMT|EXT_SSTC|EXT_DBLTRP|EXT_ZKR|EXT_ZICFILP|EXT_ZICFISS|HasBitmapCheck'
[06:57:41] [spechunter] [Grep] pattern='Zicfiss|Zicfilp|zicfiss|zicfilp|Cease|sspush|sspopchk|ssrdssp'
[06:57:41] [spechunter] [Grep] pattern='def.*SSPUSH|def.*SSPOPCHK|def.*SSRDSSP|SSPUSH|SSPOPCHK|SSRDSSP'
[06:57:41] [spechunter] [Grep] pattern='Cease|cea'
[06:57:41] [spechunter] [Grep] pattern='0x181|srmcfg|0x011|CSRs.ssp'
[06:57:56] [spechunter] [Grep] pattern='shadow|Zicfi|SSE|LPE|landing.pad|ssp'
[06:57:56] [spechunter] [Grep] pattern='Zicfiss|Zicfilp|shadow|landing.pad|Smcsps|smcsps'
[06:57:56] [spechunter] [Grep] pattern='x2|sp.*register|stack.*pointer|StackPointer'
[06:57:56] [spechunter] [Grep] pattern='shadow.stack|Zicfiss|zicfiss'
[06:58:19] [spechunter] [Grep] pattern='\\bSSE\\b|\\bLPE\\b|\\bMLPE\\b|MNPELP'
[06:58:19] [spechunter] [Grep] pattern='\\bssp\\b|SSP\\b'
[06:58:19] [spechunter] [Grep] pattern='Zicfiss|Zicfilp|shadow.?stack|Smcsps|SSPUSH|SSPOPCHK|SSRDSSP|SSLOAD'
[06:58:40] [spechunter] [Grep] pattern='shadow|Zicfi|SSE|LPE|landing|ssp'
[06:58:40] [spechunter] [Grep] pattern='Zicfiss|Zicfilp|shadow|Smcsps|menvcfg.*SSE|menvcfg.*LPE'
[06:58:40] [spechunter] [Grep] pattern='0x181|srmcfg|Srmcfg'
[06:58:40] [spechunter] [Grep] pattern='0x011|CSR_011|\\"ssp\\"'
[06:59:28] [spechunter] [text] The exploration confirms that Smcsps is not implemented in this project. Let me verify the stub CSR definitions directly...
[06:59:28] [spechunter] [Read] /home/yzs/riscv/XiangShan/src/main/scala/xiangshan/backend/fu/NewCSR/CSRBundles.scala
[06:59:52] [spechunter] [text] Now let me verify the CSR address constants and confirm there are no hidden Smcsps instruction implementations.  
[06:59:52] [spechunter] [Grep] pattern='sspush|sspopchk|ssrdssp|ssload|SSPUSH|SSPOPCHK|SSRDSSP|SSLOAD|sspopx'
[06:59:52] [spechunter] [Grep] pattern='xspcs|XSPCS|Smcsps|SMCSPS'
[06:59:52] [spechunter] [Grep] pattern='CSR_xspcs|shadow.stack|ssp.*push|ssp.*pop'
[07:00:24] [spechunter] [text] Based on the thorough exploration, here is the security audit analysis:  ```json {   "findings": [     {       "file_pat...
