[07:19:50] [spechunter] PR loaded: #36 riscv-non-isa/riscv-hart-trace-interface — "clarified lrid definition - Issue-35"
[07:19:50] [spechunter]   diff: 481 chars  body: 1 chars  reviews: 0
[07:19:50] [spechunter] Global pre-filter running...
[07:20:06] [spechunter] [text] {"should_skip": false}
[07:20:07] [spechunter] pre-filter: should_skip=False reason=""
[07:20:15] [spechunter] [text] {"should_skip": true, "skip_reason": "Hart trace interface is a hardware-level processor trace spec for physical impleme...
[07:20:17] [spechunter] [text] {"should_skip": true, "skip_reason": "Hart Trace Interface spec clarification for lrid signal — purely a hardware trace/...
[07:20:19] [spechunter] [text] {"should_skip": true, "skip_reason": "Trace interface spec clarification for hardware trace signals, no software-visible...
[07:20:20] [spechunter] [text] {"should_skip": true, "skip_reason": "Hart trace interface is a hardware debug/trace spec for external trace encoders; n...
[07:20:22] [spechunter] [text] {"should_skip": true, "skip_reason": "Documentation clarification adding a comment about lrid being ignored for stores; ...
[19:52:56] [spechunter] PR loaded: #36 riscv-non-isa/riscv-hart-trace-interface — "clarified lrid definition - Issue-35"
[19:52:56] [spechunter]   diff: 481 chars  body: 1 chars  reviews: 0
[19:52:56] [spechunter] Global pre-filter running...
[19:53:16] [spechunter] [text] {"should_skip": false}
[19:53:17] [spechunter] pre-filter: should_skip=False reason=""
[19:53:29] [spechunter] [text] {"should_skip": true, "skip_reason": "Hart Trace Interface is a debug/trace spec for external debugger hardware and does...
[19:53:29] [spechunter] [text] {"should_skip": true, "skip_reason": "Debug/trace spec clarification for hart trace interface hardware signals, no effec...
[19:53:37] [spechunter] [text] {"should_skip": true, "skip_reason": "Hart Trace Interface is a non-ISA hardware trace spec for external debuggers; no s...
[19:53:40] [spechunter] [text] {"should_skip": true, "skip_reason": "Hart Trace Interface is a debug/trace hardware spec with no software-visible inter...
[19:53:41] [spechunter] [text] {"should_skip": true, "skip_reason": "Minor documentation clarification in non-ISA hart-trace-interface spec — adds an e...
