[06:13:15] [spechunter] PR loaded: #786 riscv/riscv-fast-interrupt — "Smidctrl: Correcting first element definition fo aclicsrccfg"
[06:13:15] [spechunter]   diff: 4462 chars  body: 40 chars  reviews: 0
[06:13:15] [spechunter] Global pre-filter running...
[06:13:27] [spechunter] [text] {"should_skip": false}
[06:13:28] [spechunter] pre-filter: should_skip=False reason=""
[06:13:44] [spechunter] [text] {"should_skip": true, "skip_reason": "ACLIC (Advanced Core-Local Interrupt Controller) is a hardware interrupt controlle...
[06:13:49] [spechunter] [text] {"should_skip": true, "skip_reason": "CLIC (fast interrupt) is an extension not implemented in XiangShan; this is a docu...
[06:13:53] [spechunter] [text] {"should_skip": false}
[06:13:57] [spechunter] [text] ```json {"should_skip": false, "skip_reason": "ACLIC is a S-mode-visible interrupt controller; register field semantics ...
[06:13:58] [spechunter] [text] {"should_skip": true, "skip_reason": "Documentation-only fix for M-mode ACLIC MMIO register layout (aclicsourcecfg); Lin...
[06:14:21] [spechunter] [Grep] pattern='siselect|miselect|xiselect|sireg2|sireg3|mireg2|mireg3|aclicsourcecfg'
[06:14:38] [spechunter] [Grep] pattern='xiselect|siselect|miselect|aclicsrc'
[06:14:49] [spechunter] [Agent] description, subagent_type
[06:15:08] [spechunter] [Grep] pattern='smidctrl|Smidctrl|SMIDCTRL|aclicsrccfg|aclicsourcecfg'
[06:15:29] [spechunter] [Grep] pattern='aclic'
[06:15:29] [spechunter] [Grep] pattern='smid|smaia'
[06:15:29] [spechunter] [Grep] pattern='xiselect|xireg|iselect|ireg'
[06:15:29] [spechunter] [Grep] pattern='siselect|sireg'
[06:15:29] [spechunter] [Glob] sys/riscv/**/*
[06:15:29] [spechunter] [Glob] sys/conf/*riscv*
[06:15:46] [spechunter] [Glob] sys/riscv/riscv/*
[06:15:46] [spechunter] [Read] /home/yzs/riscv/freebsd-src/sys/riscv/include/riscvreg.h
[06:15:46] [spechunter] [Read] /home/yzs/riscv/freebsd-src/sys/riscv/include/intr.h
[06:15:46] [spechunter] [Read] /home/yzs/riscv/freebsd-src/sys/riscv/riscv/aplic.c
[06:15:46] [spechunter] [Read] /home/yzs/riscv/freebsd-src/sys/conf/files.riscv
[06:15:54] [spechunter] [Grep] pattern='xlintc|aclintc|aclic|smid|SMIDCTRL|smidctrl'
[06:15:54] [spechunter] [Grep] pattern='0x1000|ISELECT_IMSIC|ISELECT_ACLIC|aplic'
[06:16:11] [spechunter] [Read] /home/yzs/riscv/freebsd-src/sys/riscv/riscv/intc.c
[06:16:11] [spechunter] [Read] /home/yzs/riscv/freebsd-src/sys/riscv/riscv/plic.c
[06:16:11] [spechunter] [Read] /home/yzs/riscv/freebsd-src/sys/riscv/riscv/swtch.S
[06:16:11] [spechunter] [Read] /home/yzs/riscv/freebsd-src/sys/riscv/include/encoding.h
[06:16:11] [spechunter] [Grep] pattern='indirect|iselect|ireg|sext\\.csr|topi|siselect'
[06:16:11] [spechunter] [Grep] pattern='topi'
[06:16:26] [spechunter] [Read] /home/yzs/riscv/freebsd-src/sys/riscv/vmm/vmm_aplic.c
[06:16:26] [spechunter] [Read] /home/yzs/riscv/freebsd-src/sys/riscv/riscv/trap.c
[06:16:26] [spechunter] [Read] /home/yzs/riscv/freebsd-src/sys/riscv/conf/NOTES
[06:16:26] [spechunter] [Grep] pattern='imsic|aplic|plic|intc'
[06:16:26] [spechunter] [Grep] pattern='imsic'
[06:16:26] [spechunter] [Glob] sys/riscv/vmm/*
[06:16:37] [spechunter] [Read] /home/yzs/riscv/freebsd-src/sys/riscv/riscv/exception.S
[06:16:37] [spechunter] [Read] /home/yzs/riscv/freebsd-src/sys/conf/options.riscv
[06:16:37] [spechunter] [Read] /home/yzs/riscv/freebsd-src/sys/riscv/include/cpufunc.h
[06:16:37] [spechunter] [Read] /home/yzs/riscv/freebsd-src/sys/riscv/include/frame.h
[06:16:37] [spechunter] [Grep] pattern='smstateen|ssmstateen|mstateen'
[06:17:19] [spechunter] [Grep] pattern='ISELECT|iselect_range|read.only.*zero|WARL|warl'
[06:17:19] [spechunter] [Grep] pattern='sourcecfg|smidctrl|aclicsrccfg'
[06:17:31] [spechunter] [Read] /home/yzs/riscv/freebsd-src/sys/riscv/include/thead.h
[06:17:31] [spechunter] [Grep] pattern='sourcecfg'
[06:17:31] [spechunter] [Read] /home/yzs/riscv/freebsd-src/sys/riscv/vmm/vmm_aplic.h
[06:17:31] [spechunter] [Grep] pattern='ACLINT|CLINT|CLIC|MSWI'
[06:17:31] [spechunter] [Grep] pattern='RISC-V.*interrupt|interrupt.*controller|AIA|advanced.*interrupt'
[06:17:31] [spechunter] [Read] /home/yzs/riscv/freebsd-src/sys/riscv/include/pcb.h
[06:18:27] [spechunter] [text] ```json {   "violation_condition": "QEMU indirect CSR access handler for iselect=0x1000 (aclicsourcecfg base) makes the ...
[06:18:44] [spechunter] [Grep] pattern='miselect|siselect|vsiselect'
[06:18:44] [spechunter] [Grep] pattern='mireg2|sireg2|vsireg2'
[06:18:44] [spechunter] [Grep] pattern='xiselect|iselect'
[06:18:44] [spechunter] [Grep] pattern='aclicsrccfg|aclicsourcecfg|aclifcsr'
[06:18:44] [spechunter] [Grep] pattern='smsregcfg_csr|smuclicsrcfg_csr|smucliccfg_aclicsrccfg'
[06:18:49] [spechunter] [TodoWrite] 5 items
[06:18:59] [spechunter] [text] No matches for "aclicsrccfg" or "aclicsourcecfg". Let me search more broadly for related terms and also read the key fun...
[06:18:59] [spechunter] [Grep] pattern='aclic|ACLIC|smid|SMID|smuclic|SMUCLIC'
[06:18:59] [spechunter] [Grep] pattern='ISELECT_|iselect'
[06:18:59] [spechunter] [Read] /home/yzs/riscv/qemu/target/riscv/csr.c
[06:19:12] [spechunter] [Agent] description, subagent_type
[06:19:12] [spechunter] [Agent] description, subagent_type
[06:19:13] [spechunter] [text] ```json {   "violation_condition": "Kernel code treats the entire aclicsourcecfg[0] indirect register as read-only zero ...
[06:19:26] [spechunter] [Read] /home/yzs/riscv/qemu/target/riscv/csr.c
[06:19:26] [spechunter] [Read] /home/yzs/riscv/qemu/target/riscv/csr.c
[06:19:28] [spechunter] [Grep] pattern='mireg2|sireg2|vsireg2'
[06:19:28] [spechunter] [Grep] pattern='wr_mask'
[06:19:28] [spechunter] [Grep] pattern='iselect'
[06:19:28] [spechunter] [Grep] pattern='aclicsourcecfg'
[06:19:30] [spechunter] [Grep] pattern='aclicsourcecfg'
[06:19:30] [spechunter] [Grep] pattern='xiselect'
[06:19:30] [spechunter] [Grep] pattern='xireg2'
[06:19:30] [spechunter] [Grep] pattern='xireg3'
[06:19:30] [spechunter] [Grep] pattern='sourcecfg'
[06:19:35] [spechunter] [Read] /home/yzs/riscv/qemu/target/riscv/cpu_bits.h
[06:19:35] [spechunter] [Grep] pattern='0x10[0-9A-Fa-f][0-9A-Fa-f]|ISELECT.*0x1|ISELECT_SMID|SMID'
[06:19:35] [spechunter] [Grep] pattern='CSR_MIREG|CSR_SIREG|CSR_VSIREG|CSR_MIREG2|CSR_SIREG2|CSR_VSIREG2'
[06:19:41] [spechunter] [text] Let me systematically search the FreeBSD kernel for code related to ACLIC/AIA interrupt controller register handling and...
[06:19:41] [spechunter] [Agent] description, subagent_type
[06:19:41] [spechunter] [Agent] description, subagent_type
[06:19:42] [spechunter] [Grep] pattern='aia.*iselect|iselect.*aia|xiselect_aia'
[06:19:42] [spechunter] [Grep] pattern='aclic|smid|sourcecfg'
[06:19:42] [spechunter] [Grep] pattern='aia'
[06:19:42] [spechunter] [Grep] pattern='xiselect'
[06:19:53] [spechunter] [Grep] pattern='xiselect'
[06:19:54] [spechunter] [Grep] pattern='smidctrl'
[06:19:54] [spechunter] [Grep] pattern='aclicsrc'
[06:19:54] [spechunter] [Grep] pattern='aclic'
[06:19:54] [spechunter] [Grep] pattern='xiselect|xireg'
[06:19:54] [spechunter] [Grep] pattern='0x1000'
[06:20:05] [spechunter] [Read] /home/yzs/riscv/qemu/target/riscv/csr.c
[06:20:05] [spechunter] [Read] /home/yzs/riscv/qemu/target/riscv/csr.c
[06:20:05] [spechunter] [Read] /home/yzs/riscv/qemu/target/riscv/csr.c
[06:20:06] [spechunter] [Glob] sys/riscv/**/*.c
[06:20:06] [spechunter] [Glob] sys/riscv/include/*.h
[06:20:06] [spechunter] [Grep] pattern='siselect|sireg'
[06:20:06] [spechunter] [Grep] pattern='indirect.*CSR|CSR.*indirect'
[06:20:08] [spechunter] [Grep] pattern='ISE.*0x1000|0x1000.*iselect|aclicsourcecfg|ACLICSOURCECFG'
[06:20:08] [spechunter] [Grep] pattern='ISE.*MASK.*AIA|ISE.*_AIA|aia_writemask|writemask.*aia|AIA.*mask'
[06:20:08] [spechunter] [Grep] pattern='rmw_xireg_aia'
[06:20:12] [spechunter] [Grep] pattern='smsi|smid|isedit|iselect'
[06:20:12] [spechunter] [Grep] pattern='siselect|sireg|ismctrl|smcsr'
[06:20:12] [spechunter] [Grep] pattern='CSR_SMSI|CSR_SMID|CSR_MIDELEG|CSR_HIDELEG'
[06:20:12] [spechunter] [Grep] pattern='mideleg|medeleg|hideleg|hedeleg'
[06:20:12] [spechunter] [Grep] pattern='indirect.*csr|csr.*indirect|Sindirect|MIndirect'
[06:20:14] [spechunter] [text] Let me also check the interrupt controller code for any CLIC/aclic-related handling.  
[06:20:14] [spechunter] [Grep] pattern='CLIC|clic'
[06:20:14] [spechunter] [Grep] pattern='smcsrind|sscsrind|SMCSRIND|SSCSRIND'
[06:20:14] [spechunter] [Read] /home/yzs/riscv/qemu/target/riscv/csr.c
[06:20:14] [spechunter] [Read] /home/yzs/riscv/qemu/target/riscv/csr.c
[06:20:14] [spechunter] [Read] /home/yzs/riscv/qemu/target/riscv/csr.c
[06:20:17] [spechunter] [Grep] pattern='xireg2'
[06:20:21] [spechunter] [Grep] pattern='rmw_xireg_aia'
[06:20:21] [spechunter] [Grep] pattern='ISELECT_'
[06:20:21] [spechunter] [Grep] pattern='rmw_xireg\\b'
[06:20:21] [spechunter] [Read] /home/yzs/riscv/freebsd-src/sys/riscv/riscv/trap.c
[06:20:21] [spechunter] [Grep] pattern='siselect|sireg'
[06:20:21] [spechunter] [Grep] pattern='miselect|mireg'
[06:20:21] [spechunter] [Glob] sys/riscv/include/*intr*
[06:20:25] [spechunter] [text] Let me now look at the predicate functions and the `rmw_xireg_csrind` function more carefully to understand the full dis...
[06:20:25] [spechunter] [Read] /home/yzs/riscv/qemu/target/riscv/csr.c
[06:20:25] [spechunter] [Grep] pattern='csrind_or_aia_any|csrind_or_aia_smode|csrind_or_aia_hmode|csrind_any|csrind_smode|csrind_hmode'
[06:20:27] [spechunter] [Grep] pattern='xireg3'
[06:20:29] [spechunter] [Read] /home/yzs/riscv/qemu/target/riscv/csr.c
[06:20:29] [spechunter] [Read] /home/yzs/riscv/qemu/target/riscv/csr.c
[06:20:29] [spechunter] [Read] /home/yzs/riscv/qemu/target/riscv/csr.c
[06:20:29] [spechunter] [Grep] pattern='aplic|cimsic|imsic|IPRIO|SETIPNUM|CLAIM|TOPEI'
[06:20:32] [spechunter] [Read] /home/yzs/riscv/qemu/target/riscv/csr.c
[06:20:32] [spechunter] [Read] /home/yzs/riscv/qemu/target/riscv/csr.c
[06:20:32] [spechunter] [Grep] pattern='sourcecfg'
[06:20:34] [spechunter] [Read] /home/yzs/riscv/freebsd-src/sys/riscv/include/riscvreg.h
[06:20:34] [spechunter] [Read] /home/yzs/riscv/freebsd-src/sys/riscv/include/intr.h
[06:20:34] [spechunter] [Read] /home/yzs/riscv/freebsd-src/sys/riscv/riscv/intc.c
[06:20:34] [spechunter] [Read] /home/yzs/riscv/freebsd-src/sys/riscv/riscv/plic.c
[06:20:36] [spechunter] [text] ```json {   "locations": [] } ```  **No references found.** None of the affected entities (`aclicsourcecfg[k]`, `xiselec...
[06:20:38] [spechunter] [Grep] pattern='aclic'
[06:20:40] [spechunter] [Read] /home/yzs/riscv/qemu/target/riscv/csr.c
[06:20:40] [spechunter] [Read] /home/yzs/riscv/qemu/target/riscv/csr.c
[06:20:40] [spechunter] [Read] /home/yzs/riscv/qemu/target/riscv/csr.c
[06:20:52] [spechunter] [Read] /home/yzs/riscv/qemu/target/riscv/cpu_bits.h
[06:20:52] [spechunter] [Grep] pattern='RISCV_CPU_REG_MIREG2|RISCV_CPU_REG_SIREG2|RISCV_CPU_REG_VSIREG2|CSR_MIREG2|CSR_SIREG2|CSR_VSIREG2'
[06:20:52] [spechunter] [Grep] pattern='ISELECT_IMSIC_FIRST|ISELECT_IMSIC_LAST|ISELECT_IMSIC_EI'
[06:20:52] [spechunter] [Grep] pattern='aia_ireg_rmw_fn|AIA_MAKE_IREG'
[06:20:52] [spechunter] [Grep] pattern='siselect|sireg'
[06:20:52] [spechunter] [Grep] pattern='miselect|mireg'
[06:20:52] [spechunter] [Grep] pattern='csr_read|csr_write|csr_set|csr_clear|csr_swap'
[06:20:52] [spechunter] [Read] /home/yzs/riscv/freebsd-src/sys/riscv/include/encoding.h
[06:21:01] [spechunter] [text] Now let me also check if there are any DISAS references and look at the supervisor-level csrind predicate functions more...
[06:21:01] [spechunter] [Grep] pattern='iselect|miselect|siselect'
[06:21:01] [spechunter] [Grep] pattern='iselect|miselect|siselect'
[06:21:01] [spechunter] [Read] /home/yzs/riscv/qemu/target/riscv/csr.c
[06:21:01] [spechunter] [Read] /home/yzs/riscv/qemu/target/riscv/csr.c
[06:21:04] [spechunter] [Grep] pattern='\\baia\\b'
[06:21:15] [spechunter] [Grep] pattern='AIA_MAKE_IREG'
[06:21:15] [spechunter] [Grep] pattern='AIA_MAKE_IREG'
[06:21:15] [spechunter] [Grep] pattern='rmw_xireg_csrind'
[06:21:15] [spechunter] [Grep] pattern='ISELECT_MASK_SXCSRIND|0x1000|smcsrind|sscsrind|csrind'
[06:21:16] [spechunter] [Grep] pattern='mireg2|sireg2|vsireg2|MIREG2|SIREG2|VSIREG2'
[06:21:16] [spechunter] [Grep] pattern='aclicsourcecfg|sourcecfg|ACLIC'
[06:21:16] [spechunter] [Grep] pattern='ISELECT_MASK_AIA|AIA_MAKE_IREG'
[06:21:16] [spechunter] [Read] /home/yzs/riscv/qemu/target/riscv/cpu_bits.h
[06:21:16] [spechunter] [Grep] pattern='AIA'
[06:21:32] [spechunter] [Grep] pattern='imsic'
[06:21:32] [spechunter] [Grep] pattern='mock|fake|stub.*intr|intr.*stub|intr.*test|test.*intr'
[06:21:32] [spechunter] [Glob] sys/riscv/riscv/exception.S
[06:21:32] [spechunter] [Grep] pattern='fake|mock'
[06:21:32] [spechunter] [Grep] pattern='csr_read|csr_write|csr_set|csr_clear|csr_swap'
[06:21:32] [spechunter] [Grep] pattern='Smscsrind|Sscsrind|indirect.*csr|csrind'
[06:21:37] [spechunter] [Read] /home/yzs/riscv/qemu/target/riscv/csr.c
[06:21:37] [spechunter] [Read] /home/yzs/riscv/qemu/target/riscv/cpu.h
[06:21:37] [spechunter] [Grep] pattern='aia_ireg_rmw_fn'
[06:21:38] [spechunter] [Read] /home/yzs/riscv/qemu/target/riscv/cpu.h
[06:21:38] [spechunter] [Grep] pattern='aclicsourcecfg|SMID_ISE|ISE_SMID|ISE_ACLI'
[06:21:38] [spechunter] [Grep] pattern='smid'
[06:21:41] [spechunter] [text] Now I have a comprehensive picture. Let me compile the final JSON.  ```json {   "locations": [     {       "file_path": ...
[06:21:43] [spechunter] [Read] /home/yzs/riscv/freebsd-src/sys/riscv/riscv/exception.S
[06:21:43] [spechunter] [Grep] pattern='fake.*intr|mock.*intr|intr.*fake|intr.*mock|test.*pic|pic.*test|stub.*pic'
[06:21:43] [spechunter] [Grep] pattern='mock|fake|stub'
[06:21:49] [spechunter] [Grep] pattern='imsic'
[06:21:50] [spechunter] [Grep] pattern='riscv_imsic_rmw'
[06:21:50] [spechunter] [Grep] pattern='writemask|write_mask'
[06:21:50] [spechunter] [Grep] pattern='csrno.*CSR_SIREG|csrno.*CSR_MIREG|csrno.*CSR_VSIREG'
[06:21:52] [spechunter] [Read] /home/yzs/riscv/freebsd-src/sys/riscv/include/trap.h
[06:21:52] [spechunter] [Read] /home/yzs/riscv/freebsd-src/sys/riscv/include/cpufunc.h
[06:21:52] [spechunter] [Read] /home/yzs/riscv/freebsd-src/sys/riscv/riscv/sbi_ipi.c
[06:21:52] [spechunter] [Read] /home/yzs/riscv/freebsd-src/sys/riscv/vmm/vmm_aplic.c
[06:22:06] [spechunter] [Grep] pattern='0x1000'
[06:22:09] [spechunter] [Grep] pattern='sourcecfg'
[06:22:09] [spechunter] [Grep] pattern='sourcecfg'
[06:22:09] [spechunter] [Grep] pattern='aia_ireg_rmw_fn'
[06:22:09] [spechunter] [Grep] pattern='csrind_or_aia'
[06:22:10] [spechunter] [Read] /home/yzs/riscv/freebsd-src/sys/riscv/riscv/aplic.c
[06:22:16] [spechunter] [Read] /home/yzs/riscv/freebsd-src/sys/riscv/include/encoding.h
[06:22:25] [spechunter] [Read] /home/yzs/riscv/qemu/target/riscv/csr.c
[06:22:25] [spechunter] [Read] /home/yzs/riscv/qemu/target/riscv/cpu_helper.c
[06:22:25] [spechunter] [Read] /home/yzs/riscv/qemu/target/riscv/cpu.h
[06:22:29] [spechunter] [Grep] pattern='siselect|vsiselect|miselect'
[06:22:34] [spechunter] [Grep] pattern='aclint|clicsourcecfg|sourcecfg|mswi'
[06:22:34] [spechunter] [Grep] pattern='aclint'
[06:22:34] [spechunter] [Grep] pattern='aclic|aclint.*sourcecfg|clicsourcecfg'
[06:22:34] [spechunter] [Read] /home/yzs/riscv/qemu/hw/intc/riscv_imsic.c
[06:22:34] [spechunter] [Grep] pattern='sireg|vstopei|stopi|vseoi|stopiei'
[06:22:39] [spechunter] [Glob] sys/riscv/vmm/*.h
[06:22:43] [spechunter] [Read] /home/yzs/riscv/freebsd-src/sys/riscv/vmm/vmm_aplic.h
[06:22:43] [spechunter] [Read] /home/yzs/riscv/freebsd-src/sys/riscv/include/riscvreg.h
[06:22:48] [spechunter] [Read] /home/yzs/riscv/qemu/analysis_smip.md
[06:22:48] [spechunter] [Grep] pattern='CSR_.*IREG[0-9].*=|CSR_SIREG\\b|CSR_MIREG\\b'
[06:22:49] [spechunter] [Grep] pattern='vmm_csr|hcsr|hypercall_csr|CSR_.*SELECT|CSR_.*IREG'
[06:22:52] [spechunter] [Grep] pattern='imsic.*rmw|rmw.*imsic|riscv_imsic_cpu_rmw'
[06:22:52] [spechunter] [Grep] pattern='iselect.*0x[12]|0x[12][0-9a-fA-F]*.*iselect|sourcestatus|seteipnum'
[06:22:52] [spechunter] [Grep] pattern='seteipnum|clreipnum|seteienum|clreienum'
[06:22:58] [spechunter] [Glob] sys/riscv/vmm/*.c
[06:23:10] [spechunter] [Read] /home/yzs/riscv/qemu/hw/intc/riscv_imsic.c
[06:23:10] [spechunter] [Grep] pattern='riscv_imsic_eidelivery_rmw|riscv_imsic_eithreshold_rmw|riscv_imsic_eix_rmw'
[06:23:10] [spechunter] [Grep] pattern='writemask|wr_mask.*\\[|mask.*\\[*isel|isel.*mask'
[06:23:10] [spechunter] [Grep] pattern='rmw_ctrtarget'
[06:23:13] [spechunter] [Grep] pattern='CSR|select|ireg|aplic|imsic|aia|interrupt|pending|hvip'
[06:23:18] [spechunter] [Grep] pattern='riscv_imsic.*rmw|aia_reg_to_irq|imsic_addr_to_reg'
[06:23:18] [spechunter] [Grep] pattern='smid|aclint'
[06:23:18] [spechunter] [Grep] pattern='aplic.*indirect|indirect.*aplic|acli'
[06:23:25] [spechunter] [Read] /home/yzs/riscv/freebsd-src/sys/riscv/vmm/riscv.h
[06:23:25] [spechunter] [Grep] pattern='imsic'
[06:23:25] [spechunter] [Grep] pattern='imsic|aplic'
[06:23:31] [spechunter] [Grep] pattern='0x150|0x350|siselect|sireg|vsie|vstv'
[06:23:32] [spechunter] [Read] /home/yzs/riscv/qemu/hw/intc/riscv_imsic.c
[06:23:32] [spechunter] [Read] /home/yzs/riscv/qemu/hw/intc/riscv_imsic.c
[06:23:36] [spechunter] [Grep] pattern='IRQ_EXTERNAL|EXTERNAL_SUPERVISOR|irq_external'
[06:23:39] [spechunter] [Grep] pattern='CTR_ENTRIES_FIRST|CTR_ENTRIES_LAST'
[06:23:39] [spechunter] [Grep] pattern='CTR_ENTRIES_FIRST|CTR_ENTRIES_LAST'
[06:23:39] [spechunter] [Read] /home/yzs/riscv/qemu/target/riscv/csr.c
[06:23:39] [spechunter] [Read] /home/yzs/riscv/qemu/target/riscv/csr.c
[06:23:41] [spechunter] [Read] /home/yzs/riscv/qemu/target/riscv/csr.c
[06:23:41] [spechunter] [Read] /home/yzs/riscv/qemu/target/riscv/csr.c
[06:23:41] [spechunter] [Read] /home/yzs/riscv/qemu/target/riscv/csr.c
[06:23:41] [spechunter] [Read] /home/yzs/riscv/qemu/target/riscv/cpu_helper.c
[06:23:53] [spechunter] [Read] /home/yzs/riscv/freebsd-src/sys/riscv/include/intr.h
[06:23:53] [spechunter] [Grep] pattern='AIA|imsic|aplic|aclic|CLIC'
[06:24:00] [spechunter] [Grep] pattern='APLIC_SOURCECFG'
[06:24:00] [spechunter] [Read] /home/yzs/riscv/qemu/include/hw/intc/riscv_aplic.h
[06:24:00] [spechunter] [Grep] pattern='ISELECT_IMSIC_EIDELIVERY|ISELECT_IMSIC_EITHRESHOLD|ISELECT_IMSIC_EIP|ISELECT_IMSIC_EIE'
[06:24:04] [spechunter] [Read] /home/yzs/riscv/freebsd-src/sys/contrib/dev/acpica/include/actbl2.h
[06:24:09] [spechunter] [Grep] pattern='iselect|ireg|topi|seteipnum'
[06:24:12] [spechunter] [Grep] pattern='SOURCECFG_SM|SOURCECFG_D|SOURCECFG_CHILDIDX|sourcecfg.*sm|SM_MASK'
[06:24:12] [spechunter] [Grep] pattern='0x100|0x10[0-9a-fA-F]|0x10FF|0x1FF'
[06:24:12] [spechunter] [Grep] pattern='aclic'
[06:24:20] [spechunter] [Read] /home/yzs/riscv/qemu/target/riscv/csr.c
[06:24:20] [spechunter] [Read] /home/yzs/riscv/qemu/target/riscv/csr.c
[06:24:32] [spechunter] [Grep] pattern='csrind_any\\b'
[06:24:32] [spechunter] [Read] /home/yzs/riscv/qemu/target/riscv/csr.c
[06:24:33] [spechunter] [Read] /home/yzs/riscv/qemu/target/riscv/csr.c
[06:24:33] [spechunter] [Grep] pattern='miselect|siselect|vsiselect'
[06:24:33] [spechunter] [Grep] pattern='miselect|siselect|vsiselect'
[06:24:45] [spechunter] [Read] /home/yzs/riscv/qemu/target/riscv/csr.c
[06:24:45] [spechunter] [Grep] pattern='aia_any\\b'
[06:24:53] [spechunter] [Read] /home/yzs/riscv/qemu/hw/intc/riscv_imsic.c
[06:24:53] [spechunter] [Grep] pattern='aclic|clic.*source|sourcecfg|smip|xnxti|mnxti|CLIC'
[06:24:53] [spechunter] [Grep] pattern='rmw_xiregi'
[06:25:01] [spechunter] [Grep] pattern='aclic|sourcecfg'
[06:25:01] [spechunter] [Grep] pattern='writemask|wr_mask'
[06:25:09] [spechunter] [Grep] pattern='APLIC_DOMAINCFG|SOURCECFG|APLIC_SOURCECFG|APLIC_SETIP|APLIC_CLRIP'
[06:25:09] [spechunter] [Grep] pattern='xireg|indirect|SISELECT|VSIREG|sireg2|sireg3'
[06:25:11] [spechunter] [Grep] pattern='sourcecfg'
[06:25:11] [spechunter] [Grep] pattern='sourcecfg'
[06:25:33] [spechunter] [Read] /home/yzs/riscv/qemu/target/riscv/csr.c
[06:25:33] [spechunter] [Read] /home/yzs/riscv/qemu/target/riscv/csr.c
[06:25:33] [spechunter] [Read] /home/yzs/riscv/qemu/target/riscv/csr.c
[06:25:46] [spechunter] [Grep] pattern='xireg|siselect|vsiselect|vsireg|indirect register|SISELECT'
[06:27:08] [spechunter] [Grep] pattern='CSR_|csr_read|csr_write'
[06:27:08] [spechunter] [Grep] pattern='vmm_machdep|vm_aplic_descr'
[06:27:31] [spechunter] [text] Excellent findings. Let me now read the critical code sections directly to verify exact line numbers and trace the call ...
[06:27:31] [spechunter] [Read] /home/yzs/riscv/qemu/target/riscv/csr.c
[06:27:31] [spechunter] [Read] /home/yzs/riscv/qemu/target/riscv/csr.c
[06:27:31] [spechunter] [Read] /home/yzs/riscv/qemu/target/riscv/csr.c
[06:27:31] [spechunter] [Read] /home/yzs/riscv/qemu/target/riscv/csr.c
[06:27:51] [spechunter] [Grep] pattern='ISELECT_MASK'
[06:27:51] [spechunter] [Grep] pattern='aclic|smid|sourcecfg|CLIC|xnxti|mnxti'
[06:27:51] [spechunter] [Grep] pattern='mireg2|sireg2|vsireg2|MIREG2|SIREG2|VSIREG2'
[06:28:10] [spechunter] [TodoWrite] 5 items
[06:28:19] [spechunter] [text] Now let me check migration VMState, KVM, and GDB stub paths.  
[06:28:19] [spechunter] [Grep] pattern='miselect|siselect|vsiselect'
[06:28:19] [spechunter] [Grep] pattern='mireg|sireg|vsireg|miselect|siselect|vsiselect'
[06:28:19] [spechunter] [Grep] pattern='mireg|sireg|vsireg|miselect|siselect|vsiselect'
[06:28:35] [spechunter] [Read] /home/yzs/riscv/qemu/target/riscv/machine.c
[06:28:35] [spechunter] [Read] /home/yzs/riscv/qemu/target/riscv/machine.c
[06:28:47] [spechunter] [Grep] pattern='miselect.*=.*0|siselect.*=.*0|vsiselect.*=.*0'
[06:28:47] [spechunter] [Grep] pattern='csrind_xlate_vs_csrno'
[06:28:47] [spechunter] [Read] /home/yzs/riscv/qemu/target/riscv/csr.c
[06:28:58] [spechunter] [text] Let me now check the CD iselect dispatch and CSR reset/init paths.  
[06:28:58] [spechunter] [Read] /home/yzs/riscv/qemu/target/riscv/csr.c
[06:28:58] [spechunter] [Grep] pattern='ISELECT_CD|ISELECT_CTR'
[06:28:58] [spechunter] [Grep] pattern='miselect|siselect|vsiselect'
[06:29:10] [spechunter] [text] Let me dig deeper into the APLIC code and VMM layer for any semantic pattern matches.  
[06:29:10] [spechunter] [Read] /home/yzs/riscv/freebsd-src/sys/riscv/riscv/aplic.c
[06:29:10] [spechunter] [Read] /home/yzs/riscv/freebsd-src/sys/riscv/vmm/vmm_aplic.c
[06:29:10] [spechunter] [Glob] sys/riscv/vmm/*.c
[06:29:15] [spechunter] [Grep] pattern='CSR_MISELECT|CSR_SISELECT|CSR_VSISELECT'
[06:29:15] [spechunter] [Grep] pattern='csrind_or_aia_any|csrind_or_aia_smode|csrind_or_aia_hmode'
[06:29:20] [spechunter] [text] Let me dig deeper into the VMM CSR handling and instruction emulation layers.  
[06:29:20] [spechunter] [Read] /home/yzs/riscv/freebsd-src/sys/riscv/vmm/vmm_riscv.c
[06:29:20] [spechunter] [Read] /home/yzs/riscv/freebsd-src/sys/riscv/vmm/vmm_instruction_emul.c
[06:29:20] [spechunter] [Read] /home/yzs/riscv/freebsd-src/sys/riscv/vmm/riscv.h
[06:29:34] [spechunter] [Read] /home/yzs/riscv/qemu/target/riscv/csr.c
[06:29:34] [spechunter] [Read] /home/yzs/riscv/qemu/target/riscv/csr.c
[06:29:34] [spechunter] [Read] /home/yzs/riscv/qemu/target/riscv/csr.c
[06:29:34] [spechunter] [Read] /home/yzs/riscv/qemu/target/riscv/csr.c
[06:29:34] [spechunter] [Read] /home/yzs/riscv/qemu/target/riscv/csr.c
[06:29:41] [spechunter] [Read] /home/yzs/riscv/qemu/analysis_smip.md
[06:29:41] [spechunter] [Grep] pattern='csrind_extensions_present|csrind_or_aia_extensions_present'
[06:30:09] [spechunter] [Read] /home/yzs/riscv/qemu/analysis_smip.md
[06:30:09] [spechunter] [Grep] pattern='iselect|ireg|miselect|siselect|vsiselect'
[06:30:17] [spechunter] [Read] /home/yzs/riscv/qemu/hw/intc/riscv_imsic.c
[06:30:17] [spechunter] [Grep] pattern='miselect|siselect|vsiselect|mireg|sireg|vsireg|iselect|ireg'
[06:30:20] [spechunter] [text] Now let me check for any registers or initialization code that might treat full registers as read-only zero, and look at...
[06:30:20] [spechunter] [Read] /home/yzs/riscv/freebsd-src/sys/riscv/riscv/sbi_ipi.c
[06:30:20] [spechunter] [Read] /home/yzs/riscv/freebsd-src/sys/riscv/vmm/vmm.c
[06:30:20] [spechunter] [Grep] pattern='sourcecfg|SOURCE_CFG|SRC_CFG'
[06:30:42] [spechunter] [Grep] pattern='0x1000|0x100[0-9a-fA-F]|0x10[0-9a-fA-F][0-9a-fA-F]'
[06:30:42] [spechunter] [Grep] pattern='ISELECT_'
[06:30:42] [spechunter] [Grep] pattern='miselect|siselect|vsiselect'
[06:31:20] [spechunter] [text] Now let me check the TCG instruction translation paths for xireg/xireg2.  
[06:31:20] [spechunter] [Grep] pattern='mireg|sireg|vsireg|miselect|siselect|vsiselect'
[06:31:20] [spechunter] [Read] /home/yzs/riscv/qemu/target/riscv/csr.c
[06:31:47] [spechunter] [text] Let me check one more thing — whether `encoding.h` has any AIA CSR definitions, and look at the context switch code.  
[06:31:47] [spechunter] [Grep] pattern='siselect|vsiselect|sireg|vsireg|CSR_SI|CSR_VSI'
[06:31:47] [spechunter] [Grep] pattern='0x150|0x250|0x152|0x153|0x252|0x253'
[06:31:47] [spechunter] [Grep] pattern='aplic_inject_irq|sourcecfg.*0|sourcecfg.*write|sourcecfg.*zero|sourcecfg.*read.only'
[06:32:23] [spechunter] [TodoWrite] 5 items
[06:32:24] [spechunter] [text] Let me also check the userspace VMM helpers and any test code.  
[06:32:24] [spechunter] [Grep] pattern='sourcecfg|aclic|aplic|imsic'
[06:32:24] [spechunter] [Grep] pattern='sourcecfg|isrc.*zero|read.only|readonly'
[06:32:24] [spechunter] [Grep] pattern='siselect|sireg|vsiselect|vsireg|smcsrind|sscsrind'
[06:32:43] [spechunter] [text] Now let me check the CTR_ENTRIES range to understand the full iselect space.  
[06:32:43] [spechunter] [Grep] pattern='CTR_ENTRIES_FIRST|CTR_ENTRIES_LAST'
[06:32:43] [spechunter] [Read] /home/yzs/riscv/qemu/target/riscv/csr.c
[06:33:10] [spechunter] [text] Now I have all the data. Let me compile the final report.  
[06:33:10] [spechunter] [TodoWrite] 5 items
[06:33:42] [spechunter] [text] Based on my thorough investigation, here is the semantic analysis:  ```json {   "target": "freebsd-src",   "violation_co...
[06:33:55] [spechunter] [text] The semantic search returned no actual locations. Let me search the codebase directly to find files relevant to this PR....
[06:33:55] [spechunter] [Grep] pattern='smidctrl'
[06:33:55] [spechunter] [Grep] pattern='aclicsrccfg'
[06:33:55] [spechunter] [Grep] pattern='smidctrl'
[06:34:08] [spechunter] [text] Let me try broader searches.  
[06:34:08] [spechunter] [Grep] pattern='acli[cs]srccfg'
[06:34:08] [spechunter] [Grep] pattern='smidctr'
[06:34:08] [spechunter] [Grep] pattern='Smidctrl'
[06:34:08] [spechunter] [Grep] pattern='aclicsrccfg'
[06:34:28] [spechunter] [Grep] pattern='smid'
[06:34:28] [spechunter] [Grep] pattern='csrccfg'
[06:34:28] [spechunter] [Grep] pattern='tsmid'
[06:34:28] [spechunter] [Grep] pattern='smaia'
[06:34:36] [spechunter] [text] ```json {   "pr": {     "title": "Smidctrl: Correcting first element definition for aclicsrccfg",     "body": "Also addi...
[06:34:41] [spechunter] [Grep] pattern='smidctrl|aclicsrccfg|smidctr'
[06:34:41] [spechunter] [Grep] pattern='smidctrl|aclicsrccfg|smidctr'
[06:34:41] [spechunter] [Grep] pattern='smidctrl|aclicsrccfg|smidctr'
[06:34:55] [spechunter] [text] Let me cross-validate the fast-path locations against the actual code to filter for relevance to the PR change (CLIC/acl...
[06:34:55] [spechunter] [Read] /home/yzs/riscv/qemu/target/riscv/csr.c
[06:34:55] [spechunter] [Read] /home/yzs/riscv/qemu/target/riscv/csr.c
[06:34:55] [spechunter] [Read] /home/yzs/riscv/qemu/target/riscv/cpu_bits.h
[06:35:04] [spechunter] [text] Let me look in a few more places - perhaps it's in the RISC-V LLVM target or documentation.  
[06:35:04] [spechunter] [Bash] Check recent commits for smidctrl/aclicsrccfg
[06:35:04] [spechunter] [Bash] Check recent modified-file commits
[06:35:11] [spechunter] [text] Let me check if there's any existing smidctrl/aclicsrccfg code and the actual diff in the repo.  
[06:35:11] [spechunter] [Grep] pattern='smidctrl|aclicsrccfg|SMIDCTRL|ACLICSRCCFG'
[06:35:11] [spechunter] [Grep] pattern='0x10[0-9a-fA-F][0-9a-fA-F]'
[06:35:11] [spechunter] [Grep] pattern='aclicsrc|ACLICSRC|clic.*src.*cfg|CLIC.*SRC.*CFG'
[06:35:16] [spechunter] [Grep] pattern='smid'
[06:35:16] [spechunter] [Grep] pattern='acli'
[06:35:16] [spechunter] [Grep] pattern='smid'
[06:35:32] [spechunter] [text] Let me also check the `rmw_xireg_aia` function and the `xiselect_ctr_range` function to complete the picture.  
[06:35:32] [spechunter] [Read] /home/yzs/riscv/qemu/target/riscv/csr.c
[06:35:32] [spechunter] [Read] /home/yzs/riscv/qemu/target/riscv/csr.c
[06:35:32] [spechunter] [Read] /home/yzs/riscv/qemu/target/riscv/csr.c
[06:35:35] [spechunter] [Bash] Search git log for smidctrl/aclicsrccfg
[06:35:35] [spechunter] [Bash] Search git log for smid
[06:35:35] [spechunter] [Bash] Search git log for RISC-V config subsystem changes
[06:35:52] [spechunter] [Bash] Search git for any related commits
[06:35:52] [spechunter] [Glob] **/RISCV**/*.td
[06:35:52] [spechunter] [Glob] **/RISCV*Features*
[06:36:06] [spechunter] [Grep] pattern='smstateen|smstate|smsideen|Smsideen'
[06:36:06] [spechunter] [Grep] pattern='smcntr|smcnf|smext'
[06:36:06] [spechunter] [Grep] pattern='acli'
[06:36:23] [spechunter] [Grep] pattern='smid|smstate|acli'
[06:36:23] [spechunter] [Grep] pattern='Smidctrl|CSRCCFG|smidctrl|aclicsrccfg'
[06:36:38] [spechunter] [text] After exhaustive searching, the terms "Smidctrl", "smidctrl", "aclicsrccfg", "aclicsrccfg", and "smidctr" do not exist a...
[06:36:42] [spechunter] [text] Now I have the full picture. Let me cross-validate and rank.  **Key finding:** There is **zero** existing `smidctrl`/`ac...
[06:36:42] [spechunter] [Read] /home/yzs/riscv/qemu/target/riscv/csr.c
[06:36:42] [spechunter] [Read] /home/yzs/riscv/qemu/target/riscv/csr.c
[06:36:46] [spechunter] [Grep] pattern='CTR_ENTRIES_FIRST|CTR_ENTRIES_LAST'
[06:36:51] [spechunter] [text] I'll systematically analyze the codebase for this security issue. Let me start by searching for the relevant patterns.  
[06:36:51] [spechunter] [Grep] pattern='xiselect.*0x1000|aclicsourcecfg|acliCSRCfg|sourcecfg.*zero'
[06:36:51] [spechunter] [Grep] pattern='xireg[23]|smidctrl|smid_cntrl'
[06:37:05] [spechunter] [text] Let me search more broadly for the relevant interrupt controller and trap handling code.  
[06:37:05] [spechunter] [Grep] pattern='ACLINT|aclint|imsic|IMSIC|apliC|APLIC'
[06:37:05] [spechunter] [Grep] pattern='xiselect|xiSelect|siselect|siSelect|miselect|miSelect'
[06:37:05] [spechunter] [Grep] pattern='xireg|xiReg|sireg|siReg|mireg|miReg'
[06:37:20] [spechunter] [Grep] pattern='smid|smiD|SmidCtrl'
[06:37:20] [spechunter] [Grep] pattern='sourcecfg|SourceCfg|source_cfg'
[06:37:20] [spechunter] [Grep] pattern='aiclic|aia|AIASMU'
[06:37:38] [spechunter] [Grep] pattern='vsiselect|vsireg|siselect|sireg|miselect|mireg|imsic'
[06:37:38] [spechunter] [Grep] pattern='indirect.*register|iselect.*ireg|CSR_ISE'
[06:37:48] [spechunter] [text] Let me now look at the relevant interrupt controller and VMM files more closely.  
[06:37:48] [spechunter] [Read] /home/yzs/riscv/freebsd-src/sys/riscv/riscv/aplic.c
[06:37:48] [spechunter] [Read] /home/yzs/riscv/freebsd-src/sys/riscv/vmm/vmm_aplic.c
[06:38:07] [spechunter] [text] Now let me search for the specific PR-related code - the smidctrl and aclicsourcecfg patterns.  
[06:38:07] [spechunter] [Grep] pattern='smidctrl|smid_cntrl|SMIDCTRL|smsidcfg|smidsel|smiderr'
[06:38:07] [spechunter] [Grep] pattern='aclic|ACLIC|acliC'
[06:38:22] [spechunter] [Grep] pattern='imsic|IMSIC'
[06:38:22] [spechunter] [Grep] pattern='siselect|sireg|CSR_SISELECT|CSR_SIREG'
[06:38:22] [spechunter] [Grep] pattern='vsmodei|vstopi|vstopei|xtopei|xtopi|iselect|ireg'
[06:38:27] [spechunter] [Read] /home/yzs/riscv/freebsd-src/sys/riscv/vmm/vmm.c
[06:38:39] [spechunter] [text] Now let me look at the VMM CSR handling code for indirect register access, and the CSR definitions.  
[06:38:39] [spechunter] [Grep] pattern='SISELECT|SIREG|VSISELECT|VSIREG|MISELECT|MIREG'
[06:38:39] [spechunter] [Grep] pattern='riscvreg\\.h|CSR_.*SIE|CSR_.*SIR'
[06:38:45] [spechunter] [Grep] pattern='CSR_S|iselect|ireg'
[06:38:45] [spechunter] [Grep] pattern='vmmops|vmm_ops|vm_exitcode|VM_EXITCODE'
[06:38:50] [spechunter] [Grep] pattern='SISELECT|SIREG|AIA|aia|indirect'
[06:39:05] [spechunter] [Bash] Check recent git commits for any related changes
[06:39:05] [spechunter] [Grep] pattern='smid|aclic|Sdsec|sdsec|indirect.*CSR|iselect'
[06:39:21] [spechunter] [Read] /home/yzs/riscv/freebsd-src/sys/riscv/vmm/vmm_riscv.c
[06:39:21] [spechunter] [Grep] pattern='trap|interrupt|context_switch|cpu_switch|CSR|pmap_activate'
[06:39:38] [spechunter] [Grep] pattern='hypcsr|HYPCsr|guest_csrs|vscsr'
[06:39:38] [spechunter] [Grep] pattern='struct hypcsr|struct hypctx|struct hyp\\b'
[06:39:50] [spechunter] [Read] /home/yzs/riscv/freebsd-src/sys/riscv/vmm/riscv.h
[06:39:54] [spechunter] [text] Now I have all the information needed for cross-validation. Here's the final location set:  ```json {   "locations": [  ...
[06:40:08] [spechunter] [Agent] description, prompt
[06:40:22] [spechunter] [text] Now let me also check the VMM's handling of SCOUNTEREN/SENVCFG to see if there are AIA-related CSR save/restore omission...
[06:40:22] [spechunter] [Grep] pattern='vsiselect|vsireg|siselect|sireg|hstateen|SSTATEEN|senvcfg|scounteren'
[06:40:22] [spechunter] [Grep] pattern='scounteren|senvcfg|SCOUNTEREN'
[06:40:32] [spechunter] [Grep] pattern='iselect'
[06:40:32] [spechunter] [Grep] pattern='xiselect'
[06:40:32] [spechunter] [Grep] pattern='aia_range'
[06:40:32] [spechunter] [Grep] pattern='aclicsourcecfg'
[06:40:32] [spechunter] [Grep] pattern='sireg2|mireg2'
[06:40:32] [spechunter] [Glob] target/riscv/**/*aia*
[06:40:32] [spechunter] [Glob] target/riscv/**/*aclint*
[06:40:45] [spechunter] [Grep] pattern='siselect|sireg|stopi|stopei|SCOUNTEREN|SENVCFG'
[06:40:45] [spechunter] [Read] /home/yzs/riscv/freebsd-src/sys/riscv/riscv/swtch.S
[06:40:49] [spechunter] [Grep] pattern='sireg2|mireg2'
[06:40:49] [spechunter] [Grep] pattern='xireg'
[06:40:49] [spechunter] [Grep] pattern='ISELECT'
[06:40:49] [spechunter] [Grep] pattern='aia_regid|aia_range|aia_reg'
[06:40:49] [spechunter] [Grep] pattern='0x1000'
[06:40:51] [spechunter] [Read] /home/yzs/riscv/freebsd-src/sys/riscv/vmm/vmm_switch.S
[06:40:51] [spechunter] [Grep] pattern='AIA|aia|IMSIC|imsic|ISELECT|IREG|iselect|ireg'
[06:41:09] [spechunter] [text] Now I have a thorough understanding of the codebase. Let me verify there are no hidden references to the specific regist...
[06:41:09] [spechunter] [Grep] pattern='0x1000|0x150|0x151|CSR_VS|vsiselect|vsireg|HSTATEEN'
[06:41:09] [spechunter] [Grep] pattern='0x150|0x151|CSR_SISELECT|CSR_SIREG|CSR_VSISELECT|CSR_VSIREG'
[06:41:13] [spechunter] [Read] /home/yzs/riscv/qemu/target/riscv/csr.c
[06:41:13] [spechunter] [Read] /home/yzs/riscv/qemu/target/riscv/csr.c
[06:41:13] [spechunter] [Read] /home/yzs/riscv/qemu/target/riscv/csr.c
[06:41:13] [spechunter] [Read] /home/yzs/riscv/qemu/target/riscv/cpu_bits.h
[06:41:13] [spechunter] [Read] /home/yzs/riscv/qemu/target/riscv/csr.c
[06:41:13] [spechunter] [Read] /home/yzs/riscv/qemu/target/riscv/csr.c
[06:41:13] [spechunter] [Read] /home/yzs/riscv/qemu/target/riscv/csr.c
[06:41:48] [spechunter] [text] Now I have a complete picture. Let me produce the final analysis.  ```json {   "findings": [     {       "file_path": "s...
[06:41:51] [spechunter] [Grep] pattern='AIA_MAKE_IREG'
[06:41:51] [spechunter] [Grep] pattern='aia_ireg_rmw_fn'
[06:41:51] [spechunter] [Grep] pattern='csrind_or_aia_any|csrind_or_aia_smode|csrind_or_aia_hmode'
[06:41:51] [spechunter] [Grep] pattern='csrind_xlate_vs_csrno'
[06:41:51] [spechunter] [Grep] pattern='miselect|siselect|vsiselect'
[06:41:51] [spechunter] [Read] /home/yzs/riscv/qemu/target/riscv/machine.c
[06:41:51] [spechunter] [Read] /home/yzs/riscv/qemu/target/riscv/machine.c
[06:42:22] [spechunter] [Read] /home/yzs/riscv/qemu/target/riscv/cpu.h
[06:42:22] [spechunter] [Read] /home/yzs/riscv/qemu/target/riscv/csr.c
[06:42:22] [spechunter] [Read] /home/yzs/riscv/qemu/target/riscv/csr.c
[06:42:22] [spechunter] [Read] /home/yzs/riscv/qemu/target/riscv/csr.c
[06:42:22] [spechunter] [Read] /home/yzs/riscv/qemu/target/riscv/csr.c
[06:42:22] [spechunter] [Read] /home/yzs/riscv/qemu/target/riscv/csr.c
[06:42:34] [spechunter] [Grep] pattern='csrind_or_aia_extensions_present|csrind_extensions_present'
[06:42:34] [spechunter] [Glob] target/riscv/**/*imsic*
[06:42:34] [spechunter] [Grep] pattern='xiselect|aia_ireg|IMSIC|iselect.*0x200'
[06:42:34] [spechunter] [Grep] pattern='CSR_MIREG[0-9]|CSR_SIREG[0-9]|CSR_VSIREG[0-9]|CSR_MISELECT|CSR_SISELECT|CSR_VSISELECT'
[06:42:48] [spechunter] [Read] /home/yzs/riscv/qemu/target/riscv/csr.c
[06:42:48] [spechunter] [Grep] pattern='riscv_cpu_set_aia_ireg_rmw_fn'
[06:42:48] [spechunter] [Glob] hw/**/*imsic*
[06:42:48] [spechunter] [Read] /home/yzs/riscv/qemu/target/riscv/csr.c
[06:42:48] [spechunter] [Read] /home/yzs/riscv/qemu/target/riscv/csr.c
[06:42:57] [spechunter] [Grep] pattern='aclicsourcecfg'
[06:42:57] [spechunter] [Grep] pattern='aia_ireg_rmw_fn|set_aia_ireg'
[06:42:57] [spechunter] [Grep] pattern='imsic_rmw|S_EXT|eidelivery|eithreshold|eip0|eie0'
[06:42:57] [spechunter] [Grep] pattern='CSR_MIREG\\b'
[06:43:09] [spechunter] [Read] /home/yzs/riscv/qemu/hw/intc/riscv_imsic.c
[06:43:09] [spechunter] [Grep] pattern='0x1000'
[06:43:09] [spechunter] [Grep] pattern='0x1000'
[06:43:09] [spechunter] [Grep] pattern='aia_any|aia_smode|aia_hmode|aia_smode32|aia_hmode32'
[06:43:09] [spechunter] [Grep] pattern='smstateen_acc_ok|SMSTATEEN0_SVSLCT'
[06:44:55] [spechunter] [text] Let me read the key code locations now.  
[06:44:55] [spechunter] [Read] /home/yzs/riscv/qemu/target/riscv/csr.c
[06:44:55] [spechunter] [Read] /home/yzs/riscv/qemu/target/riscv/csr.c
[06:44:55] [spechunter] [Read] /home/yzs/riscv/qemu/target/riscv/csr.c
[06:45:36] [spechunter] [text] Now let me look at the `rmw_xireg_csrind` function and check for any smidctrl or 0x1000-related handling.  
[06:45:36] [spechunter] [Grep] pattern='smidctrl|aclicsourcecfg|0x1000|ISELECT_ACLINT|ISELECT_CCFG'
[06:45:36] [spechunter] [Grep] pattern='smidctrl|aclicsourcecfg|0x1000'
[06:45:47] [spechunter] [Grep] pattern='rmw_xireg_csrind'
[06:45:47] [spechunter] [Grep] pattern='ISELECT_MASK|0x1ff|0xfff'
[06:45:52] [spechunter] [Read] /home/yzs/riscv/qemu/target/riscv/csr.c
[06:45:52] [spechunter] [Read] /home/yzs/riscv/qemu/target/riscv/csr.c
[06:46:25] [spechunter] [text] Let me also check for any existing SMI/Smidctrl or ACLINT CSR indirect access implementations.  
[06:46:25] [spechunter] [Grep] pattern='smidctrl|SMI|aclint.*csr|cntr|sourcecfg'
[06:46:25] [spechunter] [Grep] pattern='CTR_ENTRIES_FIRST|CTR_ENTRIES_LAST|ISELECT_CTR'
[06:47:13] [spechunter] [text] Let me check the `rmw_xiselect` function and also look for any existing smidctrl-related code more broadly.  
[06:47:13] [spechunter] [Grep] pattern='smidctrl|SMIDCTRL|ext_smidctrl'
[06:47:13] [spechunter] [Grep] pattern='rmw_xireg_ctr'
[06:48:39] [spechunter] [Read] /home/yzs/riscv/qemu/target/riscv/csr.c
[06:48:39] [spechunter] [Read] /home/yzs/riscv/qemu/target/riscv/cpu_bits.h
[06:49:15] [spechunter] [text] Let me check the existing analysis file and look for any smidctrl-related additions.  
[06:49:15] [spechunter] [Read] /home/yzs/riscv/qemu/analysis_smip.md
[06:49:15] [spechunter] [Bash] Check recent commits across all branches
[06:50:12] [spechunter] [text] Now let me verify what happens in the full dispatch chain for an iselect value of 0x1000.  
[06:50:12] [spechunter] [Read] /home/yzs/riscv/qemu/target/riscv/csr.c
[06:50:12] [spechunter] [Read] /home/yzs/riscv/qemu/target/riscv/cpu_bits.h
[06:50:57] [spechunter] [text] Now let me also verify the `rmw_xiselect` masking to confirm 0x1000 is properly rejected at the iselect write level.  
[06:50:57] [spechunter] [Read] /home/yzs/riscv/qemu/target/riscv/csr.c
[06:50:57] [spechunter] [Read] /home/yzs/riscv/qemu/target/riscv/csr.c
[06:51:37] [spechunter] [text] Now I have a complete picture. Let me also verify the iselect masking logic in `rmw_xiselect` to confirm the 0x1000 reje...
[06:51:37] [spechunter] [Read] /home/yzs/riscv/qemu/target/riscv/csr.c
[06:51:37] [spechunter] [Read] /home/yzs/riscv/qemu/target/riscv/machine.c
[06:52:34] [spechunter] [text] Now I have all the information needed to produce the security analysis. Let me compile the findings.  **Trace analysis f...
[06:52:34] [spechunter] [Bash] Search git history for smidctrl PR references
[06:53:13] [spechunter] [text] Here is the security analysis.  ```json {   "findings": [     {       "file_path": "target/riscv/csr.c",       "function...
