[22:03:40] [spechunter] PR loaded: #155 riscv/riscv-aia — "add changes for local asynchronous memory buffer interrupt (LAMBI)"
[22:03:40] [spechunter]   diff: 7278 chars  body: 137 chars  reviews: 0
[22:03:40] [spechunter] Global pre-filter running...
[22:03:47] [spechunter] [text] {"should_skip": false}
[22:03:48] [spechunter] pre-filter: should_skip=False reason=""
[22:03:58] [spechunter] [text] {"should_skip": false}
[22:03:59] [spechunter] [text] ```json {"should_skip": false} ```
[22:04:07] [spechunter] [text] {"should_skip": false}
[22:04:29] [spechunter] [text] ```json {   "violation_condition": "OpenSBI HSM context-save/restore or mideleg configuration iterates over known local ...
[22:04:38] [spechunter] [text] {  
[22:04:38] [spechunter] [Agent] description, subagent_type
[22:04:38] [spechunter] [text] ```json {   "violation_condition": "Linux kernel (or KVM) context-switch save/restore of interrupt CSRs (mip, mie, sip, ...
[22:04:41] [spechunter] [TodoWrite] 5 items
[22:04:52] [spechunter] [Grep] pattern='miprio'
[22:04:52] [spechunter] [Grep] pattern='siprio'
[22:04:52] [spechunter] [Grep] pattern='mideleg'
[22:04:52] [spechunter] [Grep] pattern='mvien'
[22:04:58] [spechunter] [TodoWrite] 6 items
[22:05:00] [spechunter] [Grep] pattern='for.*intr.*<=|for.*intr.*<|for.*irq.*<=|for.*irq.*<'
[22:05:00] [spechunter] [Grep] pattern='miprio|miprioh|siprio'
[22:05:00] [spechunter] [Grep] pattern='mideleg|mvien'
[22:05:00] [spechunter] [Grep] pattern='HSM.*save|HSM.*restore|hsm.*save|hsm.*restore|context_save|context_restore'
[22:05:00] [spechunter] [Grep] pattern='mip|mie|sip|sie|mideleg|sideleg'
[22:05:00] [spechunter] [Grep] pattern='mvien|mvip|hvien|hvip'
[22:05:00] [spechunter] [Grep] pattern='local_interrupt_14|LAMBI|Ssamb|ssamb'
[22:05:00] [spechunter] [Grep] pattern='mvien|mvip|hvien|hvip|mideleg|sideleg'
[22:05:00] [spechunter] [Grep] pattern='CSR_WRITE|CSR_READ|csr_write|csr_read'
[22:05:02] [spechunter] [Read] /home/yzs/riscv/freebsd-src/sys/riscv/include/riscvreg.h
[22:05:02] [spechunter] [Glob] **/riscv/riscv/trap.c
[22:05:02] [spechunter] [Grep] pattern='MIE|MIP|mip|mie'
[22:05:02] [spechunter] [Grep] pattern='iprio|IPRIO'
[22:05:02] [spechunter] [Grep] pattern='hvien|hvip|HVIP|HVIEN'
[22:05:02] [spechunter] [Grep] pattern='IRQ_TIMER|IRQ_SOFTWARE|IRQ_COUNTER|SOFTWARE_INTERRUPT|TIMER_INTERRUPT|COUNTER_OVERFLOW'
[22:05:06] [spechunter] [Read] /home/yzs/riscv/opensbi/lib/sbi/sbi_hsm.c
[22:05:06] [spechunter] [Read] /home/yzs/riscv/opensbi/lib/sbi/sbi_hart.c
[22:05:06] [spechunter] [Read] /home/yzs/riscv/opensbi/lib/sbi/sbi_system.c
[22:05:08] [spechunter] [Agent] description, prompt
[22:05:10] [spechunter] [Grep] pattern='CSR_MIE'
[22:05:10] [spechunter] [Grep] pattern='mieh'
[22:05:10] [spechunter] [Grep] pattern='interrupt.*1[34]|intr.*1[34]'
[22:05:10] [spechunter] [Grep] pattern='LAMBI|lambi|Ssamb|ssamb'
[22:05:10] [spechunter] [Grep] pattern='IRQ_L|irq_l|local_interrupt|LOCAL_INTR'
[22:05:12] [spechunter] [Read] /home/yzs/riscv/freebsd-src/sys/riscv/include/intr.h
[22:05:12] [spechunter] [Read] /home/yzs/riscv/freebsd-src/sys/riscv/riscv/trap.c
[22:05:12] [spechunter] [Read] /home/yzs/riscv/freebsd-src/sys/riscv/riscv/intc.c
[22:05:12] [spechunter] [Read] /home/yzs/riscv/freebsd-src/sys/riscv/vmm/vmm_riscv.c
[22:05:22] [spechunter] [Grep] pattern='cpu_switch|swtch|switchin|switchout'
[22:05:22] [spechunter] [Read] /home/yzs/riscv/freebsd-src/sys/riscv/riscv/timer.c
[22:05:22] [spechunter] [Read] /home/yzs/riscv/freebsd-src/sys/riscv/riscv/sbi_ipi.c
[22:05:22] [spechunter] [Read] /home/yzs/riscv/freebsd-src/sys/riscv/vmm/riscv.h
[22:05:22] [spechunter] [Grep] pattern='intr_irq_handler'
[22:05:23] [spechunter] [Grep] pattern='IR_MASK|MIP_|MIE_|SIP_|SIE_|MVIP_|MVIEN_|HVIP_|HVIEN_|LOCAL_INTERRUPT'
[22:05:23] [spechunter] [Grep] pattern='mideleg|sideleg'
[22:05:23] [spechunter] [Grep] pattern='iprio'
[22:05:23] [spechunter] [Grep] pattern='local_interrupt_14|LAMBI|Ssamb|ssamb'
[22:05:24] [spechunter] [Grep] pattern='__switch_to'
[22:05:24] [spechunter] [Grep] pattern='CSR_READ|CSR_WRITE|csr_read|csr_write|csr_set|csr_clear'
[22:05:24] [spechunter] [Glob] arch/riscv/kernel/{entry,asm-offsets,switch_to}*
[22:05:24] [spechunter] [Grep] pattern='MIP_MASK|MIE_MASK|SIP_MASK|SIE_MASK|IRQ_MASK|LOCAL_INTERRUPT_MASK'
[22:05:24] [spechunter] [Grep] pattern='mip|mie|sip|sie|mvien|mvip|hvien|hvip|mideleg|sideleg'
[22:05:25] [spechunter] [TodoWrite] 5 items
[22:05:28] [spechunter] [Grep] pattern='saved_mie|saved_mideleg'
[22:05:28] [spechunter] [Grep] pattern='AIA|aia|imsic|IMSIC|IMSIC_'
[22:05:28] [spechunter] [Grep] pattern='CSR_MIDELEG|CSR_SIE|saved_mie'
[22:05:28] [spechunter] [Grep] pattern='intr.*<=.*13|case 13:|interrupt.*13|MIP_'
[22:05:36] [spechunter] [Grep] pattern='IRQ_S_SOFT|IRQ_M_SOFT|IRQ_S_TIMER|IRQ_M_TIMER|IRQ_S_EXT|IRQ_M_EXT|IRQ_S_GEXT|IRQ_VS_|IRQ_PMU_OVF'
[22:05:36] [spechunter] [Read] /home/yzs/riscv/opensbi/lib/sbi/sbi_hart.c
[22:05:36] [spechunter] [Read] /home/yzs/riscv/opensbi/lib/sbi/sbi_hsm.c
[22:05:40] [spechunter] [Read] /home/yzs/riscv/linux/arch/riscv/kernel/process.c
[22:05:40] [spechunter] [Read] /home/yzs/riscv/linux/arch/riscv/include/asm/switch_to.h
[22:05:40] [spechunter] [Read] /home/yzs/riscv/linux/arch/riscv/kernel/entry.S
[22:05:40] [spechunter] [Read] /home/yzs/riscv/linux/arch/riscv/kernel/asm-offsets.c
[22:05:47] [spechunter] [text] Now let me search for AIA-related code, particularly the IPRIO (interrupt priority) arrays and interrupt iteration patte...
[22:05:47] [spechunter] [Grep] pattern='iprio|IPRIO|prio|PRIO'
[22:05:47] [spechunter] [Grep] pattern='MIPRIO|SIPRIO|miprio|siprio'
[22:05:47] [spechunter] [Grep] pattern='aia|AIA|imsic|IMSIC'
[22:05:49] [spechunter] [Read] /home/yzs/riscv/opensbi/lib/sbi/sbi_hsm.c
[22:05:49] [spechunter] [Read] /home/yzs/riscv/opensbi/include/sbi/riscv_encoding.h
[22:05:49] [spechunter] [Grep] pattern='IRQ_.*=.*1[4-9]|local.*interrupt|14.*interrupt|interrupt.*14'
[22:05:55] [spechunter] [Read] /home/yzs/riscv/opensbi/lib/utils/irqchip/imsic.c
[22:05:55] [spechunter] [Grep] pattern='mideleg|MIDELEG|mvien|MVIEN'
[22:06:01] [spechunter] [Read] /home/yzs/riscv/freebsd-src/sys/riscv/riscv/swtch.S
[22:06:01] [spechunter] [Grep] pattern='intr_irq_handler'
[22:06:01] [spechunter] [Glob] **/riscv/riscv/exception.S
[22:06:01] [spechunter] [Grep] pattern='counter.overflow|counter_overflow|COUNTER_OVERFLOW|IRQ_COUNTER|13'
[22:06:01] [spechunter] [Grep] pattern='hideleg'
[22:06:03] [spechunter] [Read] /home/yzs/riscv/opensbi/lib/sbi/sbi_hart.c
[22:06:03] [spechunter] [Read] /home/yzs/riscv/opensbi/lib/sbi/sbi_hsm.c
[22:06:03] [spechunter] [Grep] pattern='CSR_MIPRIO|CSR_SIPRIO|miprioh|siprioh|MVIPRIO'
[22:06:04] [spechunter] [Grep] pattern='#define IRQ_|#define.*INTERRUPT'
[22:06:04] [spechunter] [Grep] pattern='__switch_to|kvm_riscv_vcpu_switch'
[22:06:04] [spechunter] [Grep] pattern='CSR_MIP|CSR_MIE|CSR_SIP|CSR_SIE|CSR_MIDELEG|CSR_SIDELEG|CSR_MVIEN|CSR_MVIP|CSR_HVIEN|CSR_HVIP'
[22:06:04] [spechunter] [Grep] pattern='CSR_MIP|CSR_MIE|CSR_SIP|CSR_SIE|CSR_MIDELEG|CSR_SIDELEG|CSR_MVIEN|CSR_MVIP|CSR_HVIEN|CSR_HVIP'
[22:06:09] [spechunter] [text] Let me look at the CSR encodings for miprio/siprio and search for interrupt save/restore arrays.  
[22:06:09] [spechunter] [Grep] pattern='CSR_MIPRIO|CSR_SIPRIO|CSR_MIPRIOH'
[22:06:09] [spechunter] [Grep] pattern='miprio|miprioh|siprio'
[22:06:09] [spechunter] [Grep] pattern='__sbi_hsm_suspend_non_ret_save|__sbi_hsm_suspend_non_ret_restore'
[22:06:10] [spechunter] [Grep] pattern='VIPRIO|mvien|MVIEN|miprio|MIPRIO|siprio|SIPRIO'
[22:06:10] [spechunter] [Read] /home/yzs/riscv/opensbi/include/sbi/riscv_encoding.h
[22:06:10] [spechunter] [Read] /home/yzs/riscv/opensbi/include/sbi/riscv_encoding.h
[22:06:16] [spechunter] [Read] /home/yzs/riscv/freebsd-src/sys/riscv/riscv/exception.S
[22:06:16] [spechunter] [Grep] pattern='intr_irq_handler'
[22:06:16] [spechunter] [Grep] pattern='intr_enable|intr_disable|intr_restore'
[22:06:16] [spechunter] [Grep] pattern='INTC_NIRQS|INT[CR]_COUNT|IPL|ipl'
[22:06:16] [spechunter] [Grep] pattern='vmm_vtimer|vtimer'
[22:06:20] [spechunter] [Grep] pattern='MIP_|MIE_|SIP_|SIE_|IE_'
[22:06:20] [spechunter] [Grep] pattern='struct thread_struct'
[22:06:20] [spechunter] [Grep] pattern='sum'
[22:06:20] [spechunter] [Grep] pattern='mip|mie|sip|sie|mvien|mvip|hvien|hvip|mideleg|sideleg'
[22:06:20] [spechunter] [Read] /home/yzs/riscv/linux/arch/riscv/kernel/cpu.c
[22:06:21] [spechunter] [text] Let me check a few more specific areas.  
[22:06:21] [spechunter] [Grep] pattern='MVIEN|mvien'
[22:06:21] [spechunter] [Grep] pattern='MVIEN|mvien'
[22:06:21] [spechunter] [Read] /home/yzs/riscv/opensbi/lib/utils/irqchip/imsic.c
[22:06:21] [spechunter] [Read] /home/yzs/riscv/opensbi/include/sbi/riscv_encoding.h
[22:06:26] [spechunter] [Read] /home/yzs/riscv/freebsd-src/sys/riscv/vmm/vmm_vtimer.c
[22:06:26] [spechunter] [Read] /home/yzs/riscv/freebsd-src/sys/riscv/vmm/vmm_aplic.c
[22:06:26] [spechunter] [Grep] pattern='hvien|HVIEN|HVIE'
[22:06:26] [spechunter] [Grep] pattern='hideleg|HIDELEG'
[22:06:26] [spechunter] [Grep] pattern='scause.*INTR|INTR.*scause|interrupt.*local|local.*interrupt'
[22:06:31] [spechunter] [Read] /home/yzs/riscv/linux/arch/riscv/include/asm/csr.h
[22:06:31] [spechunter] [Grep] pattern='mideleg|MIDELEG'
[22:06:31] [spechunter] [Grep] pattern='mvien|MVIEN|mvip|MVIP\\b'
[22:06:31] [spechunter] [Grep] pattern='sideleg|SIDELEG'
[22:06:35] [spechunter] [Read] /home/yzs/riscv/linux/arch/riscv/include/asm/csr.h
[22:06:35] [spechunter] [Read] /home/yzs/riscv/linux/arch/riscv/kernel/suspend.c
[22:06:35] [spechunter] [Grep] pattern='csr_write.*CSR_SIE|csr_write.*CSR_SIP|csr_write.*CSR_MIE|csr_write.*CSR_MIP|csr_read.*CSR_SIE|csr_read.*CSR_SIP|csr_read.*CSR_MIE|csr_read.*CSR_MIP'
[22:06:35] [spechunter] [Grep] pattern='IRQ_S_SOFT|IRQ_S_TIMER|IRQ_S_EXT|RV_IRQ_SOFT|RV_IRQ_TIMER|RV_IRQ_EXT|IE_SIE|IE_TIE|IE_EIE'
[22:06:37] [spechunter] [Read] /home/yzs/riscv/opensbi/lib/sbi/sbi_domain_context.c
[22:06:37] [spechunter] [Read] /home/yzs/riscv/opensbi/lib/sbi/sbi_pmu.c
[22:06:37] [spechunter] [Read] /home/yzs/riscv/opensbi/lib/sbi/sbi_irqchip.c
[22:06:38] [spechunter] [Grep] pattern='sscofpmf|Sscofpmf|cofpmf|COFPMF|countoverflow|counter.*over|LCOFI'
[22:06:38] [spechunter] [Grep] pattern='sscofpmf|Sscofpmf|COFPMF|countoverflow'
[22:06:38] [spechunter] [Glob] **/vmm_switch*
[22:06:38] [spechunter] [Grep] pattern='.'
[22:06:44] [spechunter] [Read] /home/yzs/riscv/opensbi/lib/sbi/sbi_domain_context.c
[22:06:44] [spechunter] [Read] /home/yzs/riscv/opensbi/firmware/fw_base.S
[22:06:48] [spechunter] [Grep] pattern='MIP_SSIP|MIP_STIP|MIP_SEIP|MIP_MSIP|MIP_MTIP|MIP_MEIP|MIP_VSSIP|MIP_VSTIP|MIP_VSEIP|MIP_SGEIP'
[22:06:48] [spechunter] [Grep] pattern='interrupt|local_intr|local_interrupt'
[22:06:56] [spechunter] [Read] /home/yzs/riscv/linux/arch/riscv/include/asm/csr.h
[22:06:56] [spechunter] [Grep] pattern='csr_write|csr_read|csr_set|csr_clear|ncsr_write|ncsr_read'
[22:06:56] [spechunter] [Grep] pattern='csr_write|csr_read|csr_set|csr_clear|ncsr_write|ncsr_read'
[22:06:56] [spechunter] [Grep] pattern='csr_write|csr_read|csr_set|csr_clear'
[22:07:05] [spechunter] [text] Now let me look at the IRQ definitions and search for any AIA-related interrupt priority save/restore logic.  
[22:07:05] [spechunter] [Grep] pattern='IRQ_'
[22:07:05] [spechunter] [Grep] pattern='save.*interrupt|restore.*interrupt|interrupt.*save|interrupt.*restore'
[22:07:06] [spechunter] [Grep] pattern='CSR_MIE\\b|CSR_MIP\\b|CSR_SIE\\b|CSR_SIP\\b|CSR_HVIEN|CSR_HVIP\\b|CSR_MVIEN|CSR_MVIP\\b|CSR_MIDELEG'
[22:07:06] [spechunter] [Grep] pattern='csr_write.*mie|csr_write.*mip|csr_write.*sie|csr_write.*sip|csr_write.*hvip|csr_write.*hvien|csr_write.*mvien|csr_write.*mvip|csr_write.*mideleg'
[22:07:06] [spechunter] [Read] /home/yzs/riscv/linux/arch/riscv/kernel/entry.S
[22:07:09] [spechunter] [Grep] pattern='CSR_MIDELEG|CSR_MEDELEG'
[22:07:09] [spechunter] [Grep] pattern='CSR_MIDELEG|CSR_MEDELEG'
[22:07:09] [spechunter] [Grep] pattern='hviprio|HVIPRIO|vsiprio|VSIPRIO'
[22:07:10] [spechunter] [Read] /home/yzs/riscv/freebsd-src/sys/riscv/riscv/identcpu.c
[22:07:10] [spechunter] [Read] /home/yzs/riscv/freebsd-src/sys/riscv/include/md_var.h
[22:07:10] [spechunter] [Read] /home/yzs/riscv/freebsd-src/sys/riscv/vmm/vmm_switch.S
[22:07:19] [spechunter] [Read] /home/yzs/riscv/linux/arch/riscv/kvm/vcpu.c
[22:07:19] [spechunter] [Read] /home/yzs/riscv/linux/arch/riscv/kvm/vcpu.c
[22:07:19] [spechunter] [Read] /home/yzs/riscv/linux/arch/riscv/kvm/aia.c
[22:07:19] [spechunter] [Read] /home/yzs/riscv/linux/arch/riscv/kvm/main.c
[22:07:19] [spechunter] [Grep] pattern='IRQ_[MV]S_|IRQ_[MV]_SOFT|IRQ_[MV]_TIMER|IRQ_[MV]_EXT|IRQ_PMU'
[22:07:19] [spechunter] [Grep] pattern='csr_write|csr_read|csr_set|csr_clear'
[22:07:19] [spechunter] [Grep] pattern='csr_write|csr_read|csr_set|csr_clear'
[22:07:19] [spechunter] [Grep] pattern='IRQ_M_SOFT|IRQ_M_TIMER|IRQ_M_EXT|IRQ_VS_SOFT|IRQ_VS_TIMER|IRQ_VS_EXT|IRQ_PMU'
[22:07:19] [spechunter] [Grep] pattern='VSIP_TO_HVIP_SHIFT|VSIP_VALID_MASK'
[22:07:26] [spechunter] [text] This is the critical finding. The local interrupt codes are defined up to 13 (`IRQ_PMU_OVF`). Now let me check if there'...
[22:07:26] [spechunter] [Grep] pattern='smaia|SMAIA|Smaia'
[22:07:26] [spechunter] [Read] /home/yzs/riscv/opensbi/include/sbi/sbi_hsm.h
[22:07:39] [spechunter] [Grep] pattern='CSR_SIE|CSR_SIP|CSR_MIE|CSR_MIP|CSR_VSIE|CSR_VSIP|CSR_HVIP|CSR_HVIEN|CSR_MVIP|CSR_MVIEN|CSR_MIDELEG|CSR_SIDELEG'
[22:07:39] [spechunter] [Grep] pattern='CSR_SIE|CSR_SIP|CSR_MIE|CSR_MIP|CSR_VSIE|CSR_VSIP|CSR_HVIP|CSR_HVIEN|CSR_MVIP|CSR_MVIEN|CSR_MIDELEG|CSR_SIDELEG'
[22:07:39] [spechunter] [Read] /home/yzs/riscv/linux/arch/riscv/kernel/hibernate.c
[22:07:39] [spechunter] [Read] /home/yzs/riscv/linux/arch/riscv/kernel/sbi-ipi.c
[22:07:40] [spechunter] [Grep] pattern='sbi_hart_has_extension.*SMAIA|SBI_HART_EXT_SMAIA'
[22:07:40] [spechunter] [Grep] pattern='CSR_MTOPI|CSR_STOPI'
[22:07:40] [spechunter] [Read] /home/yzs/riscv/opensbi/lib/sbi/sbi_hsm.c
[22:07:40] [spechunter] [Read] /home/yzs/riscv/opensbi/lib/sbi/sbi_hart.c
[22:07:46] [spechunter] [text] Now let me check the trap handler and the domain context save/restore for additional vulnerable paths.  
[22:07:46] [spechunter] [Read] /home/yzs/riscv/opensbi/lib/sbi/sbi_trap.c
[22:07:46] [spechunter] [Read] /home/yzs/riscv/opensbi/lib/sbi/sbi_domain_context.c
[22:07:46] [spechunter] [Read] /home/yzs/riscv/opensbi/lib/sbi/sbi_trap.c
[22:07:46] [spechunter] [Read] /home/yzs/riscv/opensbi/lib/sbi/sbi_hart.c
[22:07:52] [spechunter] [Grep] pattern='sbi_trap_nonaia_irq'
[22:07:52] [spechunter] [Grep] pattern='platform_ops|platform.*irq|platform.*interrupt'
[22:07:57] [spechunter] [Read] /home/yzs/riscv/linux/arch/riscv/kernel/kexec_relocate.S
[22:07:57] [spechunter] [Grep] pattern='csr_write|csr_read|csr_set|csr_clear|csrr|csrw|csrs|csrc'
[22:07:57] [spechunter] [Read] /home/yzs/riscv/linux/arch/riscv/include/asm/csr.h
[22:07:57] [spechunter] [Read] /home/yzs/riscv/linux/arch/riscv/include/asm/csr.h
[22:08:01] [spechunter] [Grep] pattern='CSR_MVIP|CSR_MVIPH'
[22:08:01] [spechunter] [Grep] pattern='CSR_MVIP|CSR_MVIPH'
[22:08:01] [spechunter] [Grep] pattern='CSR_MIDELEGS|CSR_MIDELEGH|CSR_MIEH|CSR_SIPH|CSR_SIEH'
[22:08:08] [spechunter] [Grep] pattern='IRQ_LOCAL_MAX|IRQ_LOCAL_MASK'
[22:08:08] [spechunter] [Read] /home/yzs/riscv/linux/arch/riscv/kvm/aia_imsic.c
[22:08:08] [spechunter] [Grep] pattern='hvien|hviph|hidelegh|hviph'
[22:08:08] [spechunter] [Grep] pattern='GENMASK.*IRQ|BIT.*IRQ_PMU|BIT.*IRQ_LOCAL|MASK.*interrupt'
[22:08:15] [spechunter] [Grep] pattern='ssamb|Ssamb|SSAMB|asynchronous.*memory.*buffer|ssccfg|Ssccfg|SSCCFG'
[22:08:15] [spechunter] [Read] /home/yzs/riscv/freebsd-src/sys/riscv/riscv/plic.c
[22:08:15] [spechunter] [Grep] pattern='SIE_|SIP_|EXT|external'
[22:08:15] [spechunter] [Grep] pattern='INTC|intc|INTR_IRQ|intr_irq|FILTER'
[22:08:25] [spechunter] [Grep] pattern='saved_mideleg|saved_medeleg|saved_mie'
[22:08:25] [spechunter] [Grep] pattern='CSR_MIDELEG|CSR_MEDELEG'
[22:08:25] [spechunter] [Grep] pattern='IRQ_S_SOFT|IRQ_S_TIMER|IRQ_S_EXT|IRQ_S_GEXT|IRQ_M_SOFT|IRQ_M_TIMER|IRQ_M_EXT|IRQ_PMU_OVF'
[22:08:28] [spechunter] [Read] /home/yzs/riscv/linux/arch/riscv/include/asm/csr.h
[22:08:28] [spechunter] [Read] /home/yzs/riscv/linux/arch/riscv/kvm/vcpu.c
[22:08:28] [spechunter] [Read] /home/yzs/riscv/linux/arch/riscv/kvm/vcpu_onereg.c
[22:08:28] [spechunter] [Read] /home/yzs/riscv/linux/tools/arch/riscv/include/asm/csr.h
[22:08:33] [spechunter] [Read] /home/yzs/riscv/linux/arch/riscv/include/asm/csr.h
[22:08:33] [spechunter] [Grep] pattern='SR_SIE|SR_SPIE|SR_MIE|SR_MPIE|SR_IE|SR_PIE'
[22:08:33] [spechunter] [Grep] pattern='do_irq'
[22:08:33] [spechunter] [Grep] pattern='CSR_IE|CSR_IP'
[22:08:35] [spechunter] [Read] /home/yzs/riscv/linux/arch/riscv/include/asm/kvm_aia.h
[22:08:35] [spechunter] [Grep] pattern='csr_set|csr_clear|csr_write|csr_read'
[22:08:35] [spechunter] [Grep] pattern='VSIP_TO_HVIP|VSIP_VALID'
[22:08:37] [spechunter] [text] Now let me look at the warm-boot init path and the `sbi_hart_reinit` function to understand the full suspend/resume cycl...
[22:08:37] [spechunter] [Grep] pattern='warmboot|warm_boot|WARMBOOT|reinit'
[22:08:37] [spechunter] [Grep] pattern='CSR_MIREG|CSR_MISELECT|MISELECT|MIREG|mireg|miselect'
[22:08:44] [spechunter] [text] Now let me check the HSM data structure definition where saved fields are declared and the warm-boot path in fw_base.S f...
[22:08:44] [spechunter] [Read] /home/yzs/riscv/opensbi/include/sbi/sbi_hart.h
[22:08:44] [spechunter] [Grep] pattern='mideleg.*~|mideleg.*clear|mideleg.*set|mideleg.*save|mideleg.*restore'
[22:08:44] [spechunter] [Read] /home/yzs/riscv/opensbi/lib/utils/hsm/fdt_hsm_sifive_tmc0.c
[22:08:45] [spechunter] [Read] /home/yzs/riscv/linux/arch/riscv/kernel/head.S
[22:08:45] [spechunter] [Read] /home/yzs/riscv/linux/arch/riscv/kernel/head.S
[22:08:45] [spechunter] [Grep] pattern='SR_SIE|status.*SIE|SR_IE|MSTATUS|SSTATUS'
[22:08:45] [spechunter] [Grep] pattern='MIP_MASK|MIE_MASK|SIP_MASK|SIE_MASK|IRQ_MASK|LOCAL_INTERRUPT_MASK|GENMASK.*IRQ|IP_MASK|IE_MASK'
[22:08:45] [spechunter] [Grep] pattern='MIP_MASK|MIE_MASK|SIP_MASK|SIE_MASK|IRQ_MASK|LOCAL_INTERRUPT_MASK|GENMASK.*IRQ'
[22:08:47] [spechunter] [Read] /home/yzs/riscv/opensbi/lib/sbi/sbi_init.c
[22:08:47] [spechunter] [Grep] pattern='TOPI|topi|stopi|sTOPI|MTOPI'
[22:09:07] [spechunter] [Read] /home/yzs/riscv/linux/tools/arch/riscv/include/asm/csr.h
[22:09:07] [spechunter] [Read] /home/yzs/riscv/linux/arch/riscv/kvm/aia.c
[22:09:35] [spechunter] [TodoWrite] 5 items
[22:09:38] [spechunter] [Read] /home/yzs/riscv/linux/arch/riscv/kvm/aia.c
[22:09:38] [spechunter] [Read] /home/yzs/riscv/linux/arch/riscv/kvm/aia.c
[22:09:43] [spechunter] [text] Now I have a complete picture. Here is the JSON report:  ```json {   "locations": [     {       "file_path": "include/sb...
[22:09:51] [spechunter] [Grep] pattern='aia_irq2bitpos'
[22:09:51] [spechunter] [Read] /home/yzs/riscv/linux/arch/riscv/kvm/aia.c
[22:10:02] [spechunter] [text] Let me check the miselect/MIREG indirect CSR ranges in the encoding header and search for any existing priority array ha...
[22:10:02] [spechunter] [Grep] pattern='ISELE|IREG|isele|ireg|indirect'
[22:10:02] [spechunter] [Grep] pattern='SISELE|SIREG|siselect|sireg'
[22:10:16] [spechunter] [Grep] pattern='ISELE.*0x|MISELECT.*0x|miselect.*0x|IPRIO|iprio'
[22:10:16] [spechunter] [Grep] pattern='ISELE.*0x|MISELECT.*0x|miselect.*0x'
[22:10:23] [spechunter] [Read] /home/yzs/riscv/linux/arch/riscv/kvm/aia.c
[22:10:37] [spechunter] [Grep] pattern='csr_write|csr_read|csr_set|csr_clear|CSR_SIE|CSR_SIP|CSR_MIE|CSR_MIP'
[22:10:37] [spechunter] [Grep] pattern='csr_write|csr_read|csr_set|csr_clear|CSR_SIE|CSR_SIP|CSR_MIE|CSR_MIP|CSR_IE\\b|CSR_IP\\b'
[22:10:37] [spechunter] [Read] /home/yzs/riscv/linux/arch/riscv/kernel/entry.S
[22:10:37] [spechunter] [Read] /home/yzs/riscv/linux/arch/riscv/include/asm/switch_to.h
[22:10:47] [spechunter] [Agent] description, prompt
[22:10:47] [spechunter] [Agent] description, prompt
[22:10:53] [spechunter] [text] Let me look at whether there's any AIA interrupt priority or state-mapping save/restore in the suspend path.  
[22:10:53] [spechunter] [Grep] pattern='miselect|MISELECT|siselect|SISELECT'
[22:10:53] [spechunter] [Grep] pattern='_suspend_non_ret|suspend.*save|suspend.*CSR'
[22:10:59] [spechunter] [text] ```json {   "violation_condition": "On a RISC-V hart where hardware implements Ssamb (interrupt code 14 masked as local)...
[22:10:59] [spechunter] [text] Let me also check if there's any mideleg configuration specific to the generic platform or any reference to local interr...
[22:10:59] [spechunter] [Read] /home/yzs/riscv/opensbi/platform/generic/andes/andes_pmu.c
[22:10:59] [spechunter] [Grep] pattern='mvien|MVIEN'
[22:11:05] [spechunter] [Glob] arch/riscv/kvm/vcpu*.c
[22:11:05] [spechunter] [Glob] arch/riscv/kvm/vcpu*.S
[22:11:05] [spechunter] [Glob] arch/riscv/kvm/aia*.c
[22:11:05] [spechunter] [Glob] arch/riscv/kvm/*.c
[22:11:05] [spechunter] [Glob] arch/riscv/kvm/*.S
[22:11:05] [spechunter] [Grep] pattern='kvm_riscv_vcpu_switch|__kvm_riscv_switch_to'
[22:11:05] [spechunter] [Grep] pattern='IRQ_LOCAL_MASK'
[22:11:07] [spechunter] [Glob] arch/riscv/kernel/irq.c
[22:11:07] [spechunter] [Glob] arch/riscv/kernel/*irq*
[22:11:07] [spechunter] [Glob] arch/riscv/kernel/cpu*.c
[22:11:07] [spechunter] [Grep] pattern='IRQ_LOCAL_MASK'
[22:11:07] [spechunter] [Grep] pattern='IRQ_LOCAL_MAX'
[22:11:07] [spechunter] [Grep] pattern='local_interrupt'
[22:11:07] [spechunter] [Grep] pattern='GENMASK.*IRQ'
[22:11:07] [spechunter] [Grep] pattern='mvien|mvip'
[22:11:25] [spechunter] [TodoWrite] 6 items
[22:11:25] [spechunter] [Read] /home/yzs/riscv/linux/arch/riscv/kernel/irq.c
[22:11:25] [spechunter] [Read] /home/yzs/riscv/linux/arch/riscv/kernel/cpu.c
[22:11:25] [spechunter] [Read] /home/yzs/riscv/linux/arch/riscv/kernel/cpu-hotplug.c
[22:11:25] [spechunter] [Read] /home/yzs/riscv/linux/arch/riscv/include/asm/csr.h
[22:11:25] [spechunter] [Grep] pattern='IRQ_PMU_OVF'
[22:11:25] [spechunter] [Grep] pattern='bit 14|BIT\\(14\\)|13.*15.*interrupt|reserved.*interrupt|interrupt.*reserved'
[22:11:25] [spechunter] [Grep] pattern='hvien|hvip'
[22:11:25] [spechunter] [Grep] pattern='IRQ_S_EXT|IRQ_VS_EXT|IRQ_M_EXT'
[22:11:26] [spechunter] [Read] /home/yzs/riscv/linux/arch/riscv/kvm/vcpu_switch.S
[22:11:26] [spechunter] [Read] /home/yzs/riscv/linux/arch/riscv/kvm/vcpu.c
[22:11:26] [spechunter] [Read] /home/yzs/riscv/linux/arch/riscv/kvm/aia.c
[22:11:26] [spechunter] [Read] /home/yzs/riscv/linux/arch/riscv/kvm/aia_imsic.c
[22:11:26] [spechunter] [Grep] pattern='irq_local_mask|IRQ_LOCAL_MASK|IRQ_LOCAL_MAX'
[22:11:26] [spechunter] [Grep] pattern='guest_csr|vsie|vsip|hvip|hvien|mvien|mvip|mideleg'
[22:11:36] [spechunter] [Grep] pattern='intc_init_secondary|intc_enable_intr|intc_disable_intr|intc_intr'
[22:11:36] [spechunter] [Grep] pattern='intc_init_secondary|intc_enable_intr|intc_disable_intr|intc_intr|INTC_NIRQS'
[22:11:36] [spechunter] [Grep] pattern='hideleg'
[22:11:36] [spechunter] [Grep] pattern='csr_set.*sie|csr_clear.*sie|csr_set.*mie|csr_clear.*mie'
[22:11:36] [spechunter] [text] I'll search for all the affected CSR entities and vulnerability patterns across the FreeBSD kernel tree. Let me run mult...
[22:11:36] [spechunter] [Grep] pattern='\\bmip\\b'
[22:11:36] [spechunter] [Grep] pattern='\\bmie\\b'
[22:11:36] [spechunter] [Grep] pattern='\\bsip\\b'
[22:11:36] [spechunter] [Grep] pattern='\\bsie\\b'
[22:11:36] [spechunter] [Grep] pattern='\\bmvien\\b'
[22:11:36] [spechunter] [Grep] pattern='\\bmvip\\b'
[22:11:36] [spechunter] [Grep] pattern='\\bhvien\\b'
[22:11:36] [spechunter] [Grep] pattern='\\bhvip\\b'
[22:11:36] [spechunter] [Grep] pattern='\\bhideleg\\b'
[22:11:36] [spechunter] [Grep] pattern='\\bvsie\\b'
[22:11:36] [spechunter] [Grep] pattern='\\bvsip\\b'
[22:11:36] [spechunter] [Grep] pattern='\\biprio\\b'
[22:11:38] [spechunter] [Grep] pattern='struct kvm_vcpu_csr|struct kvm_riscv_csr|struct kvm_vcpu_aia_csr|struct kvm_riscv_aia_csr'
[22:11:38] [spechunter] [Grep] pattern='guest_csr|aia_context|guest_context'
[22:11:38] [spechunter] [Grep] pattern='CSR_VSIE|CSR_HVIP|CSR_HVIEN|CSR_HVICT|CSR_HIDELEG|CSR_MVIEN|CSR_MVIP|CSR_MIDELEG|CSR_SIDELEG'
[22:11:38] [spechunter] [Read] /home/yzs/riscv/linux/arch/riscv/kvm/aia_aplic.c
[22:11:38] [spechunter] [Read] /home/yzs/riscv/linux/arch/riscv/kvm/aia_device.c
[22:11:41] [spechunter] [Read] /home/yzs/riscv/freebsd-src/sys/riscv/riscv/intc.c
[22:11:41] [spechunter] [Read] /home/yzs/riscv/freebsd-src/sys/riscv/vmm/vmm_riscv.c
[22:11:43] [spechunter] [Read] /home/yzs/riscv/linux/arch/riscv/kvm/vcpu.c
[22:11:43] [spechunter] [Glob] drivers/irqchip/*riscv*
[22:11:43] [spechunter] [Grep] pattern='csr_write.*CSR_IE|csr_write.*CSR_MIE|csr_write.*CSR_SIE|csr_set.*CSR_IE|csr_set.*MIE|csr_set.*SIE'
[22:11:43] [spechunter] [Grep] pattern='CSR_MVIEN|CSR_MVIP|mvi_en|mvip'
[22:11:43] [spechunter] [Grep] pattern='BIT\\(14\\)|BIT\\(15\\)'
[22:11:43] [spechunter] [Grep] pattern='GENMASK'
[22:11:43] [spechunter] [Read] /home/yzs/riscv/linux/arch/riscv/include/asm/kvm_host.h
[22:11:43] [spechunter] [Read] /home/yzs/riscv/linux/arch/riscv/include/asm/kvm_aia.h
[22:11:59] [spechunter] [text] Now let me trace the trap dispatch and exception flow.  
[22:11:59] [spechunter] [TodoWrite] 6 items
[22:12:12] [spechunter] [text] Let me also search broader paths and the vulnerability patterns.  
[22:12:12] [spechunter] [Grep] pattern='\\b(mip|mie|sip|sie|mvien|mvip|hvien|hvip|hideleg|vsie|vsip|iprio)\\b'
[22:12:12] [spechunter] [Grep] pattern='\\b(mip|mie|sip|sie|mvien|mvip|hvien|hvip|hideleg|vsie|vsip|iprio)\\b'
[22:12:12] [spechunter] [Grep] pattern='\\b(mip|mie|sip|sie|mvien|mvip|hvien|hvip|hideleg|vsie|vsip|iprio)\\b'
[22:12:12] [spechunter] [Grep] pattern='INTC_NIRQS'
[22:12:12] [spechunter] [Grep] pattern='intc_enable_intr'
[22:12:12] [spechunter] [Grep] pattern='csr_set\\(sie'
[22:12:12] [spechunter] [Grep] pattern='csr_set\\(mie'
[22:12:12] [spechunter] [Grep] pattern='\\bIRQ_SOFTWARE_HYPERVISOR\\b|\\bIRQ_TIMER_HYPERVISOR\\b|\\bIRQ_EXTERNAL_HYPERVISOR\\b'
[22:12:18] [spechunter] [Glob] sys/riscv/riscv/exception.S
[22:12:18] [spechunter] [Glob] sys/riscv/riscv/trap.c
[22:12:18] [spechunter] [Grep] pattern='IRQ_SOFTWARE|IRQ_TIMER|IRQ_EXTERNAL|IRQ_SOFTWARE_HYPERVISOR|IRQ_TIMER_HYPERVISOR|IRQ_EXTERNAL_HYPERVISOR'
[22:12:19] [spechunter] [text] Let me verify one more critical path — the cold boot delegate_traps and the IMSIC warm init interaction with AIA indirec...
[22:12:19] [spechunter] [Grep] pattern='imsic_warm_irqchip_init|irqchip_init.*warm|warm.*irqchip'
[22:12:19] [spechunter] [Read] /home/yzs/riscv/opensbi/include/sbi/sbi_hart.h
[22:12:23] [spechunter] [Read] /home/yzs/riscv/freebsd-src/sys/riscv/include/intr.h
[22:12:23] [spechunter] [Read] /home/yzs/riscv/freebsd-src/sys/riscv/riscv/exception.S
[22:12:23] [spechunter] [Read] /home/yzs/riscv/freebsd-src/sys/riscv/riscv/trap.c
[22:12:25] [spechunter] [text] Let me read the key files to understand the full context of each location.  
[22:12:25] [spechunter] [Read] /home/yzs/riscv/freebsd-src/sys/riscv/riscv/intc.c
[22:12:25] [spechunter] [Read] /home/yzs/riscv/freebsd-src/sys/riscv/include/intr.h
[22:12:25] [spechunter] [Read] /home/yzs/riscv/freebsd-src/sys/riscv/riscv/vmm_riscv.c
[22:12:25] [spechunter] [Read] /home/yzs/riscv/freebsd-src/sys/riscv/include/riscvreg.h
[22:12:35] [spechunter] [text] Now let me trace `intr_irq_handler` and `intr_isrc_dispatch`, and also check the RISC-V CSR definitions.  
[22:12:35] [spechunter] [Grep] pattern='intr_irq_handler|intr_isrc_dispatch|intr_isrc_init_on_cpu'
[22:12:35] [spechunter] [Grep] pattern='csr_set|csr_clear|csr_write|csr_read|csr_swap'
[22:12:35] [spechunter] [Grep] pattern='vmm_switch|vmm_unpriv_trap'
[22:12:35] [spechunter] [Grep] pattern='IRQ_TIMER_SUPERVISOR|IRQ_SOFTWARE_SUPERVISOR|IRQ_EXTERNAL_SUPERVISOR'
[22:12:41] [spechunter] [Read] /home/yzs/riscv/freebsd-src/sys/riscv/riscv/timer.c
[22:12:41] [spechunter] [Read] /home/yzs/riscv/freebsd-src/sys/riscv/include/cpufunc.h
[22:12:41] [spechunter] [Read] /home/yzs/riscv/freebsd-src/sys/riscv/riscv/mp_machdep.c
[22:12:45] [spechunter] [text] Let me also read the VMM files and check for additional CSR definitions.  
[22:12:45] [spechunter] [Read] /home/yzs/riscv/freebsd-src/sys/riscv/riscv/vmm_riscv.c
[22:12:45] [spechunter] [Read] /home/yzs/riscv/freebsd-src/sys/riscv/vmm/riscv.h
[22:12:45] [spechunter] [Read] /home/yzs/riscv/freebsd-src/sys/riscv/riscv/mp_machdep.c
[22:12:45] [spechunter] [Read] /home/yzs/riscv/freebsd-src/sys/riscv/riscv/timer.c
[22:12:45] [spechunter] [Read] /home/yzs/riscv/freebsd-src/sys/riscv/riscv/sbi_ipi.c
[22:12:45] [spechunter] [Read] /home/yzs/riscv/freebsd-src/sys/riscv/include/encoding.h
[22:12:52] [spechunter] [text] Now let me trace the critical paths further — `subr_intr.c` for the interrupt dispatch, the switch code, and CSR definit...
[22:12:52] [spechunter] [Grep] pattern='intr_irq_handler'
[22:12:52] [spechunter] [Read] /home/yzs/riscv/freebsd-src/sys/riscv/vmm/vmm_switch.S
[22:12:52] [spechunter] [Grep] pattern='sie|sip|mie|mip|hvien|hvip|mvien|mvip|iprio|vsie|vsip|hideleg'
[22:12:57] [spechunter] [TodoWrite] 5 items
[22:13:06] [spechunter] [Read] /home/yzs/riscv/linux/arch/riscv/kvm/aia.c
[22:13:06] [spechunter] [Read] /home/yzs/riscv/linux/arch/riscv/kvm/vcpu.c
[22:13:09] [spechunter] [Glob] sys/riscv/vmm/*.c
[22:13:09] [spechunter] [Grep] pattern='\\bhvip\\b|\\bvsie\\b|\\bhideleg\\b'
[22:13:11] [spechunter] [Read] /home/yzs/riscv/freebsd-src/sys/riscv/include/riscvreg.h
[22:13:11] [spechunter] [Grep] pattern='SIE_|SIP_|IRQ_'
[22:13:12] [spechunter] [Read] /home/yzs/riscv/freebsd-src/sys/riscv/vmm/vmm_riscv.c
[22:13:26] [spechunter] [text] Now let me also check for any remaining references in wider paths.  
[22:13:26] [spechunter] [Grep] pattern='HIE_VSEIE|HIE_VSSIE|HIE_SGEIE|HVIP_VSEIP|HVIP_VSSIP|HVIP_VSTIP'
[22:13:26] [spechunter] [Grep] pattern='csr_write\\(hie\\b'
[22:13:26] [spechunter] [Grep] pattern='\\biprio\\b'
[22:13:58] [spechunter] [Read] /home/yzs/riscv/linux/arch/riscv/include/asm/csr.h
[22:13:58] [spechunter] [Read] /home/yzs/riscv/linux/arch/riscv/include/asm/csr.h
[22:13:58] [spechunter] [Read] /home/yzs/riscv/linux/arch/riscv/kvm/vcpu_onereg.c
[22:13:58] [spechunter] [Grep] pattern='ncsr_read|ncsr_write|csr_read|csr_write|csr_swap|csr_set|csr_clear'
[22:13:58] [spechunter] [Read] /home/yzs/riscv/linux/arch/riscv/kvm/vcpu_exit.c
[22:14:05] [spechunter] [Read] /home/yzs/riscv/linux/drivers/irqchip/irq-riscv-intc.c
[22:14:05] [spechunter] [Read] /home/yzs/riscv/linux/arch/riscv/kernel/suspend.c
[22:14:05] [spechunter] [Grep] pattern='csr_write.*CSR_IE|csr_clear.*CSR_IE|csr_set.*CSR_IE|CSR_IE\\)'
[22:14:05] [spechunter] [Grep] pattern='IE_SIE|IE_TIE|IE_EIE'
[22:14:05] [spechunter] [Read] /home/yzs/riscv/linux/arch/riscv/kvm/aia.c
[22:14:05] [spechunter] [Read] /home/yzs/riscv/linux/arch/riscv/kvm/aia.c
[22:14:10] [spechunter] [text] Let me cross-validate each location against the PR context (Ssamb ISA extension = new local interrupt 14, LAMBI).  **Dro...
[22:14:14] [spechunter] [Read] /home/yzs/riscv/linux/arch/riscv/include/asm/csr.h
[22:14:14] [spechunter] [Grep] pattern='ncsr_read|ncsr_write|#define ncsr'
[22:14:14] [spechunter] [Grep] pattern='VSIP_TO_HVIP_SHIFT|VSIP_VALID_MASK'
[22:14:14] [spechunter] [Grep] pattern='HIDELEG|hideleg'
[22:14:20] [spechunter] [Grep] pattern='local_interrupt'
[22:14:20] [spechunter] [Read] /home/yzs/riscv/linux/arch/riscv/kernel/sbi-ipi.c
[22:14:20] [spechunter] [Grep] pattern='arch/riscv.*smpp|arch/riscv.*smpboot|arch/riscv.*head'
[22:14:20] [spechunter] [Glob] arch/riscv/kernel/smp*.c
[22:14:20] [spechunter] [Glob] arch/riscv/kernel/head*.S
[22:14:20] [spechunter] [Grep] pattern='IRQ_S_GEXT'
[22:14:22] [spechunter] [Grep] pattern='intr_isrc_init_on_cpu'
[22:14:22] [spechunter] [Grep] pattern='intr_isrc_dispatch'
[22:14:22] [spechunter] [Grep] pattern='intr_pic_init_secondary'
[22:14:28] [spechunter] [Read] /home/yzs/riscv/freebsd-src/sys/kern/subr_intr.c
[22:14:28] [spechunter] [Read] /home/yzs/riscv/freebsd-src/sys/kern/subr_intr.c
[22:14:28] [spechunter] [Read] /home/yzs/riscv/freebsd-src/sys/kern/subr_intr.c
[22:14:29] [spechunter] [Read] /home/yzs/riscv/linux/arch/riscv/kernel/smpboot.c
[22:14:29] [spechunter] [Read] /home/yzs/riscv/linux/arch/riscv/kernel/head.S
[22:14:29] [spechunter] [Grep] pattern='irq_create_mapping|set_handle_irq|handle_arch_irq'
[22:14:29] [spechunter] [Read] /home/yzs/riscv/linux/arch/riscv/kvm/main.c
[22:14:29] [spechunter] [Grep] pattern='VSIP_VALID_MASK|VSIP_TO_HVIP'
[22:14:37] [spechunter] [Read] /home/yzs/riscv/freebsd-src/sys/riscv/riscv/sbi_ipi.c
[22:14:37] [spechunter] [Read] /home/yzs/riscv/freebsd-src/sys/riscv/riscv/aplic.c
[22:14:37] [spechunter] [Grep] pattern='intr_isrc_init_on_cpu'
[22:14:40] [spechunter] [Read] /home/yzs/riscv/linux/arch/riscv/kvm/main.c
[22:14:40] [spechunter] [Read] /home/yzs/riscv/linux/arch/riscv/include/asm/csr.h
[22:14:40] [spechunter] [Grep] pattern='SIDELEG|sideleg|CSR_SIDELEG'
[22:14:40] [spechunter] [Grep] pattern='KVM_REG_RISCV_CSR_REG.*hvi|KVM_REG_RISCV_CSR_REG.*mvi|KVM_REG_RISCV_CSR_REG.*sideleg|KVM_REG_RISCV_CSR_REG.*mideleg'
[22:14:40] [spechunter] [Grep] pattern='hvi|mvi|mideleg|hideleg'
[22:14:41] [spechunter] [Agent] description, subagent_type
[22:14:45] [spechunter] [text] Now I have a complete picture. Here is the JSON response:  ```json {   "locations": [     {       "file_path": "sys/risc...
[22:14:52] [spechunter] [Grep] pattern='KVM_HIDELEG_DEFAULT|KVM_HEDELEG_DEFAULT'
[22:14:52] [spechunter] [Read] /home/yzs/riscv/linux/arch/riscv/kvm/vcpu_onereg.c
[22:14:52] [spechunter] [Grep] pattern='ANDES_SLI_CAUSE_BASE|ANDES_RV_IRQ_LAST|ANDES_CSR_SLIE'
[22:14:52] [spechunter] [Read] /home/yzs/riscv/linux/tools/arch/riscv/include/asm/csr.h
[22:14:52] [spechunter] [Grep] pattern='reserved'
[22:14:52] [spechunter] [Grep] pattern='GENMASK\\(.*IRQ|IRQ.*GENMASK|GENMASK.*interrupt'
[22:14:53] [spechunter] [text] Now let me check the context-switch path and the plic for external interrupt handling.  
[22:14:53] [spechunter] [Read] /home/yzs/riscv/freebsd-src/sys/riscv/riscv/swtch.S
[22:14:53] [spechunter] [Read] /home/yzs/riscv/freebsd-src/sys/riscv/riscv/plic.c
[22:14:53] [spechunter] [Grep] pattern='INTC_NIRQS|intc_enable_intr|intc_disable_intr|intc_init_secondary|intc_intr'
[22:15:01] [spechunter] [Grep] pattern='miprio|siprio'
[22:15:01] [spechunter] [Grep] pattern='mideleg'
[22:15:01] [spechunter] [Grep] pattern='14|LAMBI|lambi'
[22:15:01] [spechunter] [Grep] pattern='local.irq|LOCAL_IRQ|local_irq'
[22:15:01] [spechunter] [Grep] pattern='HSM|hsm'
[22:15:16] [spechunter] [Read] /home/yzs/riscv/linux/arch/riscv/include/asm/kvm_host.h
[22:15:16] [spechunter] [Read] /home/yzs/riscv/linux/include/linux/soc/andes/irq.h
[22:15:16] [spechunter] [Grep] pattern='CSR_HIDELEG|CSR_HEDELEG'
[22:15:16] [spechunter] [Read] /home/yzs/riscv/linux/arch/riscv/kvm/vcpu.c
[22:15:16] [spechunter] [Read] /home/yzs/riscv/opensbi/lib/sbi/sbi_hsm.c
[22:15:16] [spechunter] [Read] /home/yzs/riscv/opensbi/lib/sbi/sbi_hart.c
[22:15:16] [spechunter] [Read] /home/yzs/riscv/opensbi/include/sbi/sbi_hsm.h
[22:15:16] [spechunter] [Read] /home/yzs/riscv/opensbi/platform/generic/platform.c
[22:15:16] [spechunter] [Read] /home/yzs/riscv/opensbi/lib/utils/irqchip/imsic.c
[22:15:25] [spechunter] [Grep] pattern='vsie|hvip|hvie|mvip|mvie|hideleg|mideleg|sideleg|vstopei|siph'
[22:15:25] [spechunter] [Grep] pattern='vsie|hvip|hvie|mvip|mvie|hideleg|mideleg|sideleg'
[22:15:25] [spechunter] [Grep] pattern='struct kvm_riscv_csr|struct kvm_riscv_aia_csr|struct kvm_riscv_smstateen_csr'
[22:15:25] [spechunter] [text] Now I have a comprehensive picture. Let me compile the final results.  ```json {   "locations": [     {       "file_path...
[22:15:33] [spechunter] [Read] /home/yzs/riscv/linux/arch/riscv/include/uapi/asm/kvm.h
[22:15:46] [spechunter] [Read] /home/yzs/riscv/opensbi/lib/sbi/sbi_domain_context.c
[22:15:46] [spechunter] [Read] /home/yzs/riscv/opensbi/include/sbi/sbi_trap.h
[22:15:46] [spechunter] [Grep] pattern='for.*\\b13\\b|<= 13|< 14|<=13'
[22:15:46] [spechunter] [Grep] pattern='MIP_|MIE_|MIPI|mipi'
[22:15:46] [spechunter] [Grep] pattern='trap|interrupt|intr'
[22:16:11] [spechunter] [Grep] pattern='IRQ_|#define.*IRQ'
[22:16:11] [spechunter] [Grep] pattern='local.*13|for.*irq|irq.*for'
[22:16:11] [spechunter] [Grep] pattern='IRQ_S_|IRQ_M_|IRQ_VS_|IRQ_PMU|IRQ_LCOF'
[22:16:11] [spechunter] [Read] /home/yzs/riscv/opensbi/lib/sbi/sbi_trap.c
[22:16:25] [spechunter] [TodoWrite] 7 items
[22:16:39] [spechunter] [Grep] pattern='sbi_pmu_irq_bit|sbi_pmu_irq_mask|sbi_pmu_ovf_irq'
[22:16:39] [spechunter] [Grep] pattern='local.*interrupt|interrupt.*local'
[22:16:39] [spechunter] [Glob] **/*head*.S
[22:16:39] [spechunter] [Grep] pattern='miprio|siprio'
[22:16:39] [spechunter] [Grep] pattern='LCOFI|LCOF|lcofi|lcof'
[22:17:08] [spechunter] [Glob] firmware/**/*.S
[22:17:08] [spechunter] [Read] /home/yzs/riscv/opensbi/lib/sbi/sbi_pmu.c
[22:17:08] [spechunter] [Read] /home/yzs/riscv/opensbi/lib/sbi/sbi_pmu.c
[22:17:08] [spechunter] [Grep] pattern='INTERRUPT|trap_entry|handle_trap|_trap_handler'
[22:17:08] [spechunter] [Grep] pattern='IRQ_PMU_OVF|IRQ_PMU'
[22:17:13] [spechunter] [Read] /home/yzs/riscv/opensbi/firmware/fw_base.S
[22:17:13] [spechunter] [Read] /home/yzs/riscv/opensbi/include/sbi/riscv_encoding.h
[22:17:22] [spechunter] [Grep] pattern='LOCAL_PMU|IO_EVENT|LOCAL_.*EVENT'
[22:17:22] [spechunter] [Read] /home/yzs/riscv/opensbi/platform/generic/andes/andes_pmu.c
[22:17:22] [spechunter] [Grep] pattern='SBI_SSE_EVENT_LOCAL'
[22:17:54] [spechunter] [text] Prompt is too long
[22:18:23] [spechunter] [TodoWrite] 6 items
[22:18:27] [spechunter] [text] Let me read the specific code locations to get precise line numbers and snippets.  
[22:18:27] [spechunter] [Read] /home/yzs/riscv/opensbi/lib/sbi/sbi_hart.c
[22:18:27] [spechunter] [Read] /home/yzs/riscv/opensbi/lib/sbi/sbi_hsm.c
[22:18:27] [spechunter] [Read] /home/yzs/riscv/opensbi/lib/sbi/sbi_hsm.c
[22:18:27] [spechunter] [Read] /home/yzs/riscv/opensbi/include/sbi/riscv_encoding.h
[22:18:27] [spechunter] [Read] /home/yzs/riscv/opensbi/lib/sbi/sbi_trap.c
[22:18:32] [spechunter] [Read] /home/yzs/riscv/opensbi/lib/sbi/sbi_trap.c
[22:18:37] [spechunter] [text] Now let me also check the domain context save/restore for siprio handling.  
[22:18:37] [spechunter] [Read] /home/yzs/riscv/opensbi/lib/sbi/sbi_domain_context.c
[22:18:53] [spechunter] [text] Let me now read the critical files directly and re-run the KVM exploration.  
[22:18:53] [spechunter] [Agent] description, subagent_type
[22:18:53] [spechunter] [Read] /home/yzs/riscv/linux/arch/riscv/include/asm/csr.h
[22:18:53] [spechunter] [Read] /home/yzs/riscv/linux/arch/riscv/kernel/entry.S
[22:19:09] [spechunter] [Bash] List all files in arch/riscv/kvm
[22:19:09] [spechunter] [Glob] arch/riscv/kvm/**/*.c
[22:19:09] [spechunter] [Glob] arch/riscv/kvm/**/*.S
[22:19:09] [spechunter] [Glob] arch/riscv/kvm/**/*.h
[22:19:17] [spechunter] [Read] /home/yzs/riscv/linux/arch/riscv/kvm/vcpu.c
[22:19:17] [spechunter] [Read] /home/yzs/riscv/linux/arch/riscv/kvm/vcpu_switch.S
[22:19:17] [spechunter] [Read] /home/yzs/riscv/linux/arch/riscv/kvm/aia.c
[22:19:17] [spechunter] [Read] /home/yzs/riscv/linux/arch/riscv/kvm/vcpu_onereg.c
[22:19:33] [spechunter] [text] Now I have all the data. Here is the security audit:  ```json {   "findings": [     {       "file_path": "include/sbi/ri...
[22:19:40] [spechunter] [Grep] pattern='struct kvm_riscv_csr\\b'
[22:19:40] [spechunter] [Grep] pattern='struct kvm_riscv_aia_csr\\b'
[22:19:40] [spechunter] [Grep] pattern='IRQ_LOCAL_MASK'
[22:19:40] [spechunter] [Grep] pattern='VSIP_VALID_MASK|VSIP_TO_HVIP_SHIFT'
[22:19:40] [spechunter] [Grep] pattern='struct kvm_vcpu_arch'
[22:19:41] [spechunter] [text] ## Cross-validation analysis  **PR intent**: Ssamb ISA extension adds a new "local asynchronous memory buffer interrupt"...
[22:19:56] [spechunter] [Glob] **/riscv/riscv/intc.c
[22:19:56] [spechunter] [Glob] **/riscv/riscv/exception.S
[22:19:56] [spechunter] [Glob] **/riscv/riscv/trap.c
[22:19:56] [spechunter] [Glob] **/vmm/riscv/vmm_riscv.c
[22:20:07] [spechunter] [Read] /home/yzs/riscv/linux/arch/riscv/include/uapi/asm/kvm.h
[22:20:07] [spechunter] [Read] /home/yzs/riscv/linux/arch/riscv/include/asm/kvm_host.h
[22:20:07] [spechunter] [Grep] pattern='IRQ_LOCAL_MASK'
[22:20:07] [spechunter] [Grep] pattern='VSIP_VALID_MASK|VSIP_TO_HVIP_SHIFT'
[22:20:12] [spechunter] [Glob] **/vmm/riscv/**
[22:20:12] [spechunter] [Read] /home/yzs/riscv/freebsd-src/sys/riscv/riscv/intc.c
[22:20:12] [spechunter] [Read] /home/yzs/riscv/freebsd-src/sys/riscv/riscv/exception.S
[22:20:12] [spechunter] [Read] /home/yzs/riscv/freebsd-src/sys/riscv/riscv/trap.c
[22:20:17] [spechunter] [Grep] pattern='IRQ_S_SOFT|IRQ_S_TIMER|IRQ_S_EXT|IRQ_VS_SOFT|IRQ_VS_TIMER|IRQ_PMU_OVF|IRQ_LOCAL_MAX'
[22:20:17] [spechunter] [Read] /home/yzs/riscv/linux/arch/riscv/kvm/vcpu_exit.c
[22:20:17] [spechunter] [Grep] pattern='kvm_riscv_vcpu_aia_update\\b'
[22:20:17] [spechunter] [Read] /home/yzs/riscv/linux/arch/riscv/include/asm/kvm_aia.h
[22:20:19] [spechunter] [text] Now let me search for bhyve/vmm RISC-V code and the relevant macros/definitions.  
[22:20:19] [spechunter] [Grep] pattern='hideleg'
[22:20:19] [spechunter] [Grep] pattern='INTC_NIRQS'
[22:20:19] [spechunter] [Grep] pattern='IRQ_SOFTWARE_SUPERVISOR|IRQ_TIMER_SUPERVISOR'
[22:20:28] [spechunter] [Read] /home/yzs/riscv/linux/arch/riscv/kvm/vcpu_insn.c
[22:20:28] [spechunter] [Read] /home/yzs/riscv/linux/arch/riscv/kvm/main.c
[22:20:28] [spechunter] [Grep] pattern='HVIEN'
[22:20:32] [spechunter] [Read] /home/yzs/riscv/freebsd-src/sys/riscv/vmm/vmm_riscv.c
[22:20:32] [spechunter] [Read] /home/yzs/riscv/freebsd-src/sys/riscv/include/intr.h
[22:20:32] [spechunter] [Grep] pattern='intr_irq_handler|INTR_ROOT_IRQ'
[22:20:41] [spechunter] [Read] /home/yzs/riscv/linux/arch/riscv/kvm/aia_imsic.c
[22:20:41] [spechunter] [Grep] pattern='kvm_riscv_vcpu_aia_update\\b'
[22:20:41] [spechunter] [Grep] pattern='ncsr_read\\|ncsr_write\\|ncsr_write\\b'
[22:20:41] [spechunter] [Grep] pattern='ncsr_read|ncsr_write'
[22:21:22] [spechunter] [Grep] pattern='#define ncsr_read'
[22:21:22] [spechunter] [Grep] pattern='#define ncsr_write'
[22:21:22] [spechunter] [Read] /home/yzs/riscv/linux/arch/riscv/kvm/vcpu_sbi.c
[22:22:01] [spechunter] [Read] /home/yzs/riscv/linux/arch/riscv/kernel/suspend.c
[22:22:01] [spechunter] [Read] /home/yzs/riscv/linux/drivers/irqchip/irq-riscv-intc.c
[22:22:01] [spechunter] [Grep] pattern='IRQ_LOCAL_MASK'
[22:22:10] [spechunter] [Read] /home/yzs/riscv/linux/arch/riscv/kvm/aia.c
[22:22:10] [spechunter] [Read] /home/yzs/riscv/linux/arch/riscv/kvm/vcpu.c
[22:22:10] [spechunter] [Read] /home/yzs/riscv/linux/arch/riscv/kvm/vcpu_onereg.c
[22:22:24] [spechunter] [text] Now let me look at the KVM CSR structure definitions and the VSIP/HVIP mapping constants, plus the boot-time interrupt C...
[22:22:24] [spechunter] [Grep] pattern='VSIP_VALID_MASK|VSIP_TO_HVIP_SHIFT'
[22:22:24] [spechunter] [Grep] pattern='struct kvm_vcpu_csr'
[22:22:24] [spechunter] [Grep] pattern='struct kvm_riscv_csr'
[22:22:24] [spechunter] [Grep] pattern='struct kvm_riscv_aia_csr'
[22:22:24] [spechunter] [Grep] pattern='KVM_RISCV_VCPU_NR_IRQS'
[22:22:31] [spechunter] [Read] /home/yzs/riscv/linux/arch/riscv/include/asm/csr.h
[22:22:31] [spechunter] [Read] /home/yzs/riscv/linux/arch/riscv/include/asm/kvm_host.h
[22:22:31] [spechunter] [Read] /home/yzs/riscv/linux/arch/riscv/include/uapi/asm/kvm.h
[22:22:42] [spechunter] [Grep] pattern='struct kvm_riscv_csr'
[22:22:42] [spechunter] [Grep] pattern='struct kvm_riscv_aia_csr'
[22:22:42] [spechunter] [Grep] pattern='struct kvm_vcpu_aia'
[22:22:42] [spechunter] [Grep] pattern='struct kvm_vcpu_aia_csr'
[22:22:42] [spechunter] [Read] /home/yzs/riscv/linux/arch/riscv/kernel/head.S
[22:22:51] [spechunter] [Grep] pattern='vmm_switch'
[22:22:51] [spechunter] [Grep] pattern='SSTATUS_SPP|SSTATUS_SIE'
[22:22:55] [spechunter] [Read] /home/yzs/riscv/freebsd-src/sys/riscv/vmm/vmm_switch.S
[22:22:55] [spechunter] [Read] /home/yzs/riscv/freebsd-src/sys/riscv/include/riscvreg.h
[22:22:58] [spechunter] [text] Let me also check the primary boot path and kexec path for interrupt CSR writes, and look at the `tools/` copy.  
[22:22:58] [spechunter] [Read] /home/yzs/riscv/linux/arch/riscv/kernel/head.S
[22:22:58] [spechunter] [Read] /home/yzs/riscv/linux/arch/riscv/kernel/kexec_relocate.S
[22:22:58] [spechunter] [Read] /home/yzs/riscv/linux/arch/riscv/kernel/kexec_relocate.S
[22:22:58] [spechunter] [Grep] pattern='IRQ_LOCAL_MASK|IRQ_LOCAL_MAX'
[22:22:58] [spechunter] [Grep] pattern='sip|sie|mip|mie'
[22:23:35] [spechunter] [Grep] pattern='intr_isrc_init_on_cpu'
[22:23:35] [spechunter] [Grep] pattern='hvip|HVIP|VSIE|vsie'
[22:23:56] [spechunter] [Read] /home/yzs/riscv/freebsd-src/sys/kern/subr_intr.c
[22:23:56] [spechunter] [Grep] pattern='INTR_ISRCF_PPI|INTR_ISRCF_IPI'
[22:24:08] [spechunter] [text] Now let me check the boot initialization and context-switch paths.  
[22:24:08] [spechunter] [Grep] pattern='initriscv|locore'
[22:24:08] [spechunter] [Grep] pattern='csr_set.*sie|csrw.*sie|csrs.*sie'
[22:24:14] [spechunter] [Read] /home/yzs/riscv/freebsd-src/sys/riscv/riscv/mp_machdep.c
[22:24:14] [spechunter] [Read] /home/yzs/riscv/freebsd-src/sys/riscv/riscv/swtch.S
[22:26:06] [spechunter] [text] Let me also check the boot initialization code for initial SIE state.  
[22:26:06] [spechunter] [Grep] pattern='csr.*sie|csr.*sip'
[22:26:06] [spechunter] [Grep] pattern='INTR_ISRCF_PPI|INTR_ISRCF_IPI'
[22:26:41] [spechunter] [text] Now let me look at a few more details and then compile the final findings.  
[22:26:41] [spechunter] [Grep] pattern='IRQ_PMU_OVF|IRQ_LOCAL'
[22:26:41] [spechunter] [Grep] pattern='HVIEN|hvien'
[22:26:41] [spechunter] [Grep] pattern='mideleg|MIDELEG'
[22:27:33] [spechunter] [Grep] pattern='IRQ.*14|irq.*14|Ssamb|ssamb|LAMBI|lambi'
[22:27:33] [spechunter] [Grep] pattern='IRQ_SOFTWARE_SUPERVISOR|IRQ_TIMER_SUPERVISOR'
[22:27:40] [spechunter] [TodoWrite] 5 items
[22:29:54] [spechunter] [Grep] pattern='HIE_VSEIE|HIE_VSSIE|HIE_SGEIE|HIE_'
[22:31:42] [spechunter] [text] Now I have a thorough understanding of all the relevant code. Let me produce the analysis.  
[22:31:42] [spechunter] [Grep] pattern='csr_clear\\(sie|csr_set\\(sie'
[22:32:09] [spechunter] [text] The analysis from the previous conversation is complete. The comprehensive semantic gap analysis for the Ssamb LAMBI int...
[22:33:18] [spechunter] [text] Now let me read the key files to verify the actual line numbers and code before producing the final set.  
[22:33:18] [spechunter] [Read] /home/yzs/riscv/linux/arch/riscv/include/asm/csr.h
[22:33:18] [spechunter] [Read] /home/yzs/riscv/linux/arch/riscv/include/asm/csr.h
[22:33:18] [spechunter] [Read] /home/yzs/riscv/linux/arch/riscv/kvm/aia.c
[22:33:18] [spechunter] [Read] /home/yzs/riscv/linux/arch/riscv/kvm/vcpu.c
[22:33:31] [spechunter] [Read] /home/yzs/riscv/linux/arch/riscv/kvm/vcpu.c
[22:33:31] [spechunter] [Read] /home/yzs/riscv/linux/arch/riscv/kvm/vcpu_onereg.c
[22:33:31] [spechunter] [Read] /home/yzs/riscv/linux/arch/riscv/kvm/aia.c
[22:33:31] [spechunter] [Read] /home/yzs/riscv/linux/arch/riscv/kvm/aia.c
[22:33:40] [spechunter] [Read] /home/yzs/riscv/linux/arch/riscv/kvm/vcpu.c
[22:33:40] [spechunter] [Read] /home/yzs/riscv/linux/arch/riscv/kvm/main.c
[22:33:40] [spechunter] [Read] /home/yzs/riscv/linux/arch/riscv/kvm/aia.c
[22:33:40] [spechunter] [Read] /home/yzs/riscv/linux/arch/riscv/kvm/aia.c
[22:33:51] [spechunter] [Read] /home/yzs/riscv/linux/arch/riscv/include/asm/kvm_aia.h
[22:33:51] [spechunter] [Read] /home/yzs/riscv/linux/arch/riscv/include/uapi/asm/kvm.h
[22:33:51] [spechunter] [Read] /home/yzs/riscv/linux/tools/arch/riscv/include/asm/csr.h
[22:34:02] [spechunter] [text] Now I have complete code context. Let me produce the analysis.  ```json {   "findings": [     {       "file_path": "sys/...
[22:35:08] [spechunter] [Grep] pattern='KVM_HIDELEG_DEFAULT|KVM_HEDELEG_DEFAULT'
[22:35:08] [spechunter] [Read] /home/yzs/riscv/linux/arch/riscv/include/asm/csr.h
[22:35:08] [spechunter] [Read] /home/yzs/riscv/linux/arch/riscv/kvm/aia.c
[22:35:20] [spechunter] [Read] /home/yzs/riscv/linux/arch/riscv/include/asm/csr.h
[22:35:20] [spechunter] [Read] /home/yzs/riscv/linux/arch/riscv/include/asm/csr.h
[22:35:20] [spechunter] [Read] /home/yzs/riscv/linux/arch/riscv/include/asm/csr.h
[22:35:20] [spechunter] [Read] /home/yzs/riscv/linux/arch/riscv/include/asm/csr.h
[22:35:23] [spechunter] [Read] /home/yzs/riscv/linux/arch/riscv/include/asm/kvm_host.h
[22:37:16] [spechunter] [text] Now let me verify the remaining files referenced to confirm accuracy.  
[22:37:16] [spechunter] [Read] /home/yzs/riscv/linux/arch/riscv/kvm/aia.c
[22:37:16] [spechunter] [Read] /home/yzs/riscv/linux/tools/arch/riscv/include/asm/csr.h
[22:39:57] [spechunter] [text] Now let me verify a few more specific claims before producing the final set.  
[22:39:57] [spechunter] [Read] /home/yzs/riscv/linux/arch/riscv/kvm/aia.c
[22:39:57] [spechunter] [Read] /home/yzs/riscv/linux/arch/riscv/kvm/vcpu.c
[22:39:57] [spechunter] [Read] /home/yzs/riscv/linux/arch/riscv/kvm/vcpu.c
[22:43:10] [spechunter] [text] ```json {   "locations": [     {       "file": "arch/riscv/include/asm/csr.h",       "line": 102,       "symbol": "IRQ_L...
[22:43:29] [spechunter] [Agent] description, prompt
[22:44:11] [spechunter] [Grep] pattern='__switch_to|switch_mm'
[22:44:11] [spechunter] [Grep] pattern='kvm_riscv_vcpu_switch|kvm_riscv_vcpu_load|kvm_riscv_vcpu_put'
[22:44:11] [spechunter] [Grep] pattern='setup_rt_frame'
[22:44:11] [spechunter] [Grep] pattern='mip|mie|sip|sie|mvien|mvip|hvien|hvip|mideleg|sideleg'
[22:44:11] [spechunter] [Grep] pattern='mip|mie|sip|sie|mvien|mvip|hvien|hvip|mideleg|sideleg'
[22:44:11] [spechunter] [Grep] pattern='LAMBI|ssamb|Ssamb'
[22:44:11] [spechunter] [Grep] pattern='IRQ_.*=.*1[0-9]|INTERRUPT.*=.*1[0-9]'
[22:44:11] [spechunter] [Grep] pattern='#define.*(mie|mip|sip|sie|mvien|mvip|hvien|hvip|mideleg|sideleg)'
[22:47:04] [spechunter] [Glob] arch/riscv/kernel/irq*.c
[22:47:04] [spechunter] [Glob] arch/riscv/kernel/smp*.c
[22:47:04] [spechunter] [Glob] arch/riscv/include/asm/*irq*
[22:47:04] [spechunter] [Glob] arch/riscv/kvm/**/*switch*
[22:47:04] [spechunter] [Glob] arch/riscv/kvm/**/*vcpu*
[22:47:04] [spechunter] [Glob] arch/riscv/include/asm/csr.h
[22:47:04] [spechunter] [Glob] drivers/irqchip/irq-riscv*
[22:47:26] [spechunter] [Grep] pattern='csr_.*mip|csr_.*mie|csr_.*sip|csr_.*sie|csr_.*mvien|csr_.*mvip|csr_.*hvien|csr_.*hvip|csr_.*mideleg|csr_.*sideleg|csr_.*hip|csr_.*hie'
[22:47:26] [spechunter] [Grep] pattern='csr_read.*sie|csr_write.*sie|csr_read.*sip|csr_write.*sip|csr_set.*sie|csr_clear.*sie'
[22:47:26] [spechunter] [Grep] pattern='IE_|IP_'
[22:47:26] [spechunter] [Grep] pattern='IE_|IP_'
[22:47:26] [spechunter] [Grep] pattern='IE_|IP_'
[22:47:26] [spechunter] [Read] /home/yzs/riscv/linux/arch/riscv/include/asm/csr.h
[22:47:50] [spechunter] [Read] /home/yzs/riscv/linux/arch/riscv/kernel/process.c
[22:47:50] [spechunter] [Read] /home/yzs/riscv/linux/arch/riscv/kernel/signal.c
[22:47:50] [spechunter] [Read] /home/yzs/riscv/linux/arch/riscv/include/asm/switch_to.h
[22:47:50] [spechunter] [Read] /home/yzs/riscv/linux/arch/riscv/kernel/irq.c
[22:47:50] [spechunter] [Read] /home/yzs/riscv/linux/arch/riscv/kernel/smp.c
[22:47:50] [spechunter] [Read] /home/yzs/riscv/linux/arch/riscv/kvm/vcpu.c
[22:48:05] [spechunter] [Read] /home/yzs/riscv/linux/arch/riscv/kvm/vcpu_switch.S
[22:48:05] [spechunter] [Read] /home/yzs/riscv/linux/arch/riscv/kvm/aia.c
[22:48:05] [spechunter] [Read] /home/yzs/riscv/linux/drivers/irqchip/irq-riscv-intc.c
[22:48:05] [spechunter] [Read] /home/yzs/riscv/linux/arch/riscv/kvm/vcpu_onereg.c
[22:48:05] [spechunter] [Read] /home/yzs/riscv/linux/arch/riscv/kernel/traps.c
[22:48:23] [spechunter] [Read] /home/yzs/riscv/linux/arch/riscv/kernel/entry.S
[22:48:23] [spechunter] [Read] /home/yzs/riscv/linux/arch/riscv/kernel/suspend_entry.S
[22:48:23] [spechunter] [Read] /home/yzs/riscv/linux/arch/riscv/kernel/smpboot.c
[22:48:23] [spechunter] [Grep] pattern='IRQ_PMU_OVF|IRQ_LOCAL_MAX|IRQ_LOCAL_MASK|VSIP_VALID_MASK|SIP_LCOFIP'
[22:48:23] [spechunter] [Grep] pattern='IRQ_PMU_OVF|IRQ_LOCAL_MAX|IRQ_LOCAL_MASK|VSIP_VALID_MASK|SIP_LCOFIP'
[22:48:23] [spechunter] [Grep] pattern='BIT\\(14\\)|1 << 14|_AC\\(0x1.*14|interrupt.*14'
[22:48:37] [spechunter] [Grep] pattern='suspend_restore_csrs|suspend_restore_regs'
[22:48:37] [spechunter] [Grep] pattern='csr_wr.*sie|csr_rd.*sie|csr_wr.*sip|csr_rd.*sip|csr_write.*CSR_SIE|csr_read.*CSR_SIE|csr_write.*CSR_SIP|csr_read.*CSR_SIP|csr_set.*CSR_SIE|csr_set.*CSR_IE\\b'
[22:48:37] [spechunter] [Grep] pattern='Ssamb|ssamb|LAMBI|lambi'
[22:48:37] [spechunter] [Read] /home/yzs/riscv/linux/arch/riscv/include/asm/irqflags.h
[22:48:37] [spechunter] [Grep] pattern='mideleg|MIDELEG|sideleg|SIDELEG'
[22:49:34] [spechunter] [Agent] description, prompt
[22:49:34] [spechunter] [Agent] description, prompt
[22:49:34] [spechunter] [Agent] description, prompt
[22:49:34] [spechunter] [Agent] description, prompt
[22:49:56] [spechunter] [Grep] pattern='LAMBI|Ssamb|ssamb|lambi'
[22:49:56] [spechunter] [Grep] pattern='(bit.*14|BIT\\(14\\)|0x4000|1\\s*<<\\s*14)'
[22:49:56] [spechunter] [Grep] pattern='setup_rt_frame|rt_sigframe|signal frame|save.*ext|extend.*save'
[22:49:56] [spechunter] [Glob] arch/riscv/include/**/*.h
[22:50:02] [spechunter] [Glob] arch/riscv/kvm/**/*.c
[22:50:02] [spechunter] [Glob] arch/riscv/kvm/**/*.h
[22:50:02] [spechunter] [Glob] arch/riscv/kvm/**/*.S
[22:50:02] [spechunter] [Grep] pattern='\\b(mip|mie|sip|sie|mvien|mvip|hvien|hvip|mideleg|sideleg|hip|hie|hideleg)\\b'
[22:50:07] [spechunter] [Read] /home/yzs/riscv/linux/arch/riscv/kernel/asm-offsets.c
[22:50:07] [spechunter] [Glob] arch/riscv/kernel/process.*
[22:50:07] [spechunter] [Glob] arch/riscv/include/asm/switch_to.h
[22:50:07] [spechunter] [Grep] pattern='__switch_to'
[22:50:07] [spechunter] [Grep] pattern='switch_to|switch_mm'
[22:50:07] [spechunter] [Grep] pattern='\\b(mip|mie|sip|sie|sstatus|sstatus_csr)\\b'
[22:50:07] [spechunter] [Grep] pattern='MIE_|SIE_|MIP_|SIP_|_IE[0-9]|_IP[0-9]'
[22:50:11] [spechunter] [Glob] drivers/irqchip/irq-riscv-*.c
[22:50:11] [spechunter] [Grep] pattern='#define\\s+.*[Mm][Aa][Ss][Kk]|#define\\s+.*[Ss][Ii][EePp]|#define\\s+.*[Mm][Ii][EePp]'
[22:50:11] [spechunter] [Grep] pattern='#define\\s+.*[Mm][Aa][Ss][Kk]|#define\\s+.*[Ss][Ii][EePp]|#define\\s+.*[Mm][Ii][EePp]'
[22:50:11] [spechunter] [Grep] pattern='#define\\s+.*[Mm][Aa][Ss][Kk]|#define\\s+.*[Ss][Ii][EePp]|#define\\s+.*[Mm][Ii][EePp]|#define\\s+.*[Ii][Nn][Tt][Ee][Rr]|#define\\s+.*[Bb][Ii][Tt]'
[22:50:11] [spechunter] [Grep] pattern='#define\\s+.*[Mm][Aa][Ss][Kk]|#define\\s+.*[Ss][Ii][EePp]|#define\\s+.*[Mm][Ii][EePp]|#define\\s+.*[Ii][Nn][Tt][Ee][Rr]|#define\\s+.*[Bb][Ii][Tt]'
[22:50:11] [spechunter] [Grep] pattern='14|LAMBI|Ssamb|ssamb'
[22:50:11] [spechunter] [Grep] pattern='14|LAMBI|Ssamb|ssamb'
[22:50:22] [spechunter] [Grep] pattern='INTERRUPT|IRQ|_IRQ_|EXC_|exception.*class|cause.*14'
[22:50:22] [spechunter] [Grep] pattern='BIT\\(14\\)|1\\s*<<\\s*14|0x4000'
[22:50:22] [spechunter] [Grep] pattern='define.*CSR_|#define.*IRQ_|#define.*EXC_|#define.*_CAUSE'
[22:50:22] [spechunter] [Grep] pattern='arch_ext_list|arch_ext_priv|EXTENSION|ext.*magic|MAGIC'
[22:50:27] [spechunter] [Grep] pattern='\\b(MIP_|MIE_|SIP_|SIE_|IRQ_|INTR_|VS_.*MASK|MVIP|MVIEN|HVIEN|HVIP|HIDELEG|sideleg|mideleg)\\b'
[22:50:27] [spechunter] [Grep] pattern='\\b(define|enum|MASK|IRQ_PMU|IRQ_SOFT|IRQ_TIMER|IRQ_EXT|SIE_SEIE|SIE_STIE|SIE_SSIE|VS_MASK)\\b'
[22:50:27] [spechunter] [Grep] pattern='\\b(14|BIT\\(14\\)|_BIT14|BIT_14)\\b'
[22:50:27] [spechunter] [Grep] pattern='\\b(CSR_MIP|CSR_MIE|CSR_SIP|CSR_SIE|CSR_MVIP|CSR_MVIEN|CSR_HVIP|CSR_HVIEN|CSR_MIDELEG|CSR_SIDELEG|CSR_HIP|CSR_HIE|CSR_HIDELEG|CSR_VSIP|CSR_VSIE)\\b'
[22:50:29] [spechunter] [Read] /home/yzs/riscv/linux/arch/riscv/include/asm/switch_to.h
[22:50:29] [spechunter] [Read] /home/yzs/riscv/linux/arch/riscv/kernel/process.c
[22:50:29] [spechunter] [Read] /home/yzs/riscv/linux/arch/riscv/kernel/entry.S
[22:50:29] [spechunter] [Grep] pattern='MIE_|SIE_|MIP_|SIP_|_IE[0-9]|_IP[0-9]|IRQ_|IE_S|IE_T|IE_E|IP_S|IP_T|IP_E'
[22:50:29] [spechunter] [Grep] pattern='csr_\\(read|write|set|clear\\).*\\b(sip|sie|mip|mie)\\b'
[22:50:29] [spechunter] [Grep] pattern='(sip|sie|mip|mie|sstatus)'
[22:50:42] [spechunter] [Read] /home/yzs/riscv/linux/drivers/irqchip/irq-riscv-intc.c
[22:50:42] [spechunter] [Read] /home/yzs/riscv/linux/arch/riscv/kernel/irq.c
[22:50:42] [spechunter] [Read] /home/yzs/riscv/linux/arch/riscv/kernel/smp.c
[22:50:42] [spechunter] [Read] /home/yzs/riscv/linux/arch/riscv/kernel/cpu-hotplug.c
[22:50:42] [spechunter] [Read] /home/yzs/riscv/linux/arch/riscv/include/asm/irq.h
[22:50:42] [spechunter] [Read] /home/yzs/riscv/linux/arch/riscv/include/asm/smp.h
[22:50:42] [spechunter] [Grep] pattern='LAMBI|Ssamb|ssamb|lambi'
[22:50:42] [spechunter] [Grep] pattern='IRQ_.*BIT|BIT.*IRQ|IRQ_MASK|SIE_|SIP_|MIE_|MIP_'
[22:50:46] [spechunter] [Read] /home/yzs/riscv/linux/arch/riscv/include/uapi/asm/sigcontext.h
[22:50:46] [spechunter] [Grep] pattern='arch_ext_list|nr_arch_exts|arch_ext_priv|RISCV_ISA_EXT|_MAGIC|ext_magic'
[22:50:46] [spechunter] [Grep] pattern='RV_IRQ_|exception code|EXC_INST|EXC_LOAD|EXC_STORE|interrupt.*id|IRQ_COP'
[22:50:46] [spechunter] [Grep] pattern='save.*state|save_fp_state|sc_extdesc|sc_regs|pad|reserved'
[22:50:53] [spechunter] [Grep] pattern='\\b(IRQ_|VS_.*MASK|VALID.*MASK|INTR_MASK|interrupt_mask|valid_mask)'
[22:50:53] [spechunter] [Grep] pattern='(KVM_HIDELEG|KVM_HEDELEG|VS_MASK|VSIE_MASK|MIP_MASK|SIE_MASK|HVIP_MASK|HVIEN_MASK|MVIP_MASK|MVIEN_MASK|valid_interrupt)'
[22:50:53] [spechunter] [Grep] pattern='(KVM_HIDELEG|KVM_HEDELEG|VS_MASK|hstatus_mask|hvip_mask|hstatus|valid_mask|interrupt.*mask|mask.*interrupt)'
[22:50:53] [spechunter] [Grep] pattern='IRQ_PMU_OVF|IRQ_VS_SOFT|IRQ_S_SOFT|IRQ_S_TIMER|IRQ_S_EXT|IRQ_VS_TIMER|IRQ_VS_EXT|IRQ_S_GEXT'
[22:50:53] [spechunter] [Read] /home/yzs/riscv/linux/arch/riscv/include/asm/csr.h
[22:50:53] [spechunter] [Grep] pattern='csr_\\(read|write|set|clear\\).*\\b(CSR_MIE|CSR_MIP|CSR_SIE|CSR_SIP|CSR_MIDELEG|CSR_HIDELEG|sip|sie|mip|mie)\\b'
[22:50:53] [spechunter] [Grep] pattern='\\bCSR_MIP\\b|\\bCSR_MIE\\b|\\bCSR_SIP\\b|\\bCSR_SIE\\b'
[22:50:53] [spechunter] [Read] /home/yzs/riscv/linux/arch/riscv/kvm/vcpu.c
[22:50:53] [spechunter] [Read] /home/yzs/riscv/linux/arch/riscv/kvm/vcpu_switch.S
[22:50:55] [spechunter] [Grep] pattern='IRQ_|INTERRUPT|IE_|IP_|CSR_SIE|CSR_SIP|CSR_MIE|CSR_MIP|EXC_'
[22:50:55] [spechunter] [Grep] pattern='ANDES|andes|SLI_|SLIE|SLIP'
[22:50:55] [spechunter] [Grep] pattern='irq_type|interrupt_cause|intr_cause|IRQ_.*TI[MR]|IRQ_S_|IRQ_M_|IRQ_VS_|IRQ_PMU'
[22:50:55] [spechunter] [Read] /home/yzs/riscv/linux/include/linux/soc/andes/irq.h
[22:51:16] [spechunter] [Grep] pattern='THEAD_C9XX_RV_IRQ'
[22:51:16] [spechunter] [Read] /home/yzs/riscv/linux/arch/riscv/include/asm/errata_list.h
[22:51:16] [spechunter] [Grep] pattern='irq_mask|local_mask|IRQ_LOCAL|irqchip_mask|intc_mask|ieh_mask'
[22:51:16] [spechunter] [Grep] pattern='BIT\\(14\\)|1\\s*<<\\s*14|GENMASK.*14|BIT_ULL\\(14\\)'
[22:51:16] [spechunter] [Grep] pattern='IRQ_VS_SOFT|IRQ_VS_TIMER|IRQ_VS_EXT'
[22:51:16] [spechunter] [Read] /home/yzs/riscv/linux/arch/riscv/include/asm/csr.h
[22:51:17] [spechunter] [Read] /home/yzs/riscv/linux/arch/riscv/include/asm/csr.h
[22:51:17] [spechunter] [Read] /home/yzs/riscv/linux/arch/riscv/include/asm/kvm_host.h
[22:51:17] [spechunter] [Read] /home/yzs/riscv/linux/arch/riscv/kvm/vcpu.c
[22:51:17] [spechunter] [Read] /home/yzs/riscv/linux/arch/riscv/kvm/main.c
[22:51:17] [spechunter] [Read] /home/yzs/riscv/linux/arch/riscv/kvm/aia.c
[22:51:17] [spechunter] [Read] /home/yzs/riscv/linux/arch/riscv/kvm/vcpu_onereg.c
[22:51:19] [spechunter] [Read] /home/yzs/riscv/linux/arch/riscv/include/asm/csr.h
[22:51:19] [spechunter] [Grep] pattern='SR_SIE|SR_SPIE|SR_MIE|SR_MPIE|SR_IE'
[22:51:19] [spechunter] [Read] /home/yzs/riscv/linux/arch/riscv/mm/context.c
[22:51:19] [spechunter] [Read] /home/yzs/riscv/linux/arch/riscv/kernel/traps.c
[22:51:33] [spechunter] [Grep] pattern='__riscv_extra_ext_header|__riscv_ctx_hdr|__sc_riscv_v_state|__sc_riscv_cfi_state|struct user_regs_struct'
[22:51:33] [spechunter] [Read] /home/yzs/riscv/linux/arch/riscv/include/asm/hwcap.h
[22:51:33] [spechunter] [Read] /home/yzs/riscv/linux/arch/riscv/include/asm/csr.h
[22:51:33] [spechunter] [Grep] pattern='RISCV_ISA_EXT'
[22:51:36] [spechunter] [Read] /home/yzs/riscv/linux/arch/riscv/kvm/vcpu_onereg.c
[22:51:36] [spechunter] [Grep] pattern='\\b(CSR|csr|sie|sip|mip|mie|hvip|vsie|vsip)\\b'
[22:51:36] [spechunter] [Read] /home/yzs/riscv/linux/arch/riscv/kvm/aia.c
[22:51:36] [spechunter] [Read] /home/yzs/riscv/linux/arch/riscv/kvm/vcpu.c
[22:51:36] [spechunter] [Read] /home/yzs/riscv/linux/arch/riscv/kvm/vcpu_pmu.c
[22:51:40] [spechunter] [Grep] pattern='do_irq|csr.*(sip|sie|mip|mie|status)|CSR_IE|CSR_IP|IRQ_'
[22:51:40] [spechunter] [Grep] pattern='do_irq'
[22:51:40] [spechunter] [Grep] pattern='RV_IRQ_|IE_SIE|IE_TIE|IE_EIE'
[22:51:40] [spechunter] [Read] /home/yzs/riscv/linux/arch/riscv/include/uapi/asm/ptrace.h
[22:51:40] [spechunter] [Read] /home/yzs/riscv/linux/arch/riscv/kernel/signal.c
[22:51:40] [spechunter] [Grep] pattern='riscv_isa_ext|RISCV_ISA_EXT_Ss|RISCV_ISA_EXT_Ss'
[22:51:50] [spechunter] [Grep] pattern='(REG_SIP|REG_SIE|REG_MIP|REG_MIE|HVIP|VSIE|VSIP|CSR_S|CSR_M|CSR_VS)'
[22:51:50] [spechunter] [Grep] pattern='(kvm_riscv_vcpu_aia_get_csr|kvm_riscv_vcpu_aia_set_csr|\\bcsr\\b|CSR_S|CSR_VS|SIE|SIP|HIP|HIE)'
[22:51:50] [spechunter] [Grep] pattern='(mvien|MVIP|MVIEN|mvip)'
[22:51:55] [spechunter] [Grep] pattern='riscv_isa_ext_data|RISCV_ISA_EXT_DATA'
[22:51:55] [spechunter] [Read] /home/yzs/riscv/linux/arch/riscv/include/asm/cpufeature.h
[22:51:55] [spechunter] [Grep] pattern='RISCV_ISA_EXT_DATA|__RISCV_ISA_EXT_DATA'
[22:51:56] [spechunter] [Read] /home/yzs/riscv/linux/arch/riscv/kernel/sbi-ipi.c
[22:51:56] [spechunter] [Grep] pattern='\\b14\\b|bit.14|BIT\\(14\\)|_AC.*14'
[22:52:07] [spechunter] [Grep] pattern='const struct riscv_isa_ext_data riscv_isa_ext\\[\\]'
[22:52:07] [spechunter] [Grep] pattern='SSTATEEN0|sstateen0|stateen.*14|bit.*14|SSTATEEN'
[22:52:07] [spechunter] [Grep] pattern='EXC_14|EXC.*14|14.*exception|exception.*14'
[22:52:07] [spechunter] [Grep] pattern='zicfiss|zicfilp|ziccrse|pointer_mask|Ssnpm|Smnpm|Smmpm|Smpm'
[22:52:08] [spechunter] [Grep] pattern='KVM_REG_RISCV_CSR_REG\\('
[22:52:08] [spechunter] [Grep] pattern='struct kvm_riscv_csr'
[22:52:08] [spechunter] [Grep] pattern='struct kvm_riscv_aia_csr'
[22:52:08] [spechunter] [Read] /home/yzs/riscv/linux/arch/riscv/kvm/vcpu_exit.c
[22:52:08] [spechunter] [Grep] pattern='\\b(14|bit 14|BIT_14|bit14|_14)\\b'
[22:52:09] [spechunter] [Read] /home/yzs/riscv/linux/arch/riscv/include/asm/csr.h
[22:52:09] [spechunter] [Grep] pattern='BIT\\(14\\).*[Ii][Rr][Qq][^_]|[Ii][Rr][Qq].*BIT\\(14\\)|BIT_ULL\\(14\\).*irq|irq.*BIT_ULL\\(14\\)'
[22:52:09] [spechunter] [Grep] pattern='sie.*mask|sip.*mask|mie.*mask|mip.*mask|csr.*mask|interrupt.*mask|ie_mask|ip_mask'
[22:52:09] [spechunter] [Grep] pattern='IRQ_LOCAL_CLR|local_irq'
[22:52:21] [spechunter] [Read] /home/yzs/riscv/linux/arch/riscv/kernel/cpufeature.c
[22:52:21] [spechunter] [Grep] pattern='lambda|amb\\b|LAM\\b|lamb'
[22:52:21] [spechunter] [Read] /home/yzs/riscv/linux/arch/riscv/kernel/signal.c
[22:52:28] [spechunter] [Read] /home/yzs/riscv/linux/arch/riscv/include/asm/irqflags.h
[22:52:28] [spechunter] [Grep] pattern='BIT.*14.*[Ii][Ee]|[Ii][Ee].*BIT.*14|IE_PIE|SIE_LCOF'
[22:52:28] [spechunter] [Grep] pattern='valid.*bit|VALID.*MASK|valid.*interrupt|allowed.*interrupt'
[22:52:28] [spechunter] [Read] /home/yzs/riscv/linux/arch/riscv/include/asm/kvm_host.h
[22:52:28] [spechunter] [Grep] pattern='\\b(CSR_SIP|CSR_SIE|CSR_VSIP|CSR_VSIE|CSR_HVIP|CSR_HIDELEG|sie|sip|vsie|vsip|hvip|hideleg)\\b'
[22:52:28] [spechunter] [Grep] pattern='\\b(valid_irq|valid_mask|irq_mask|allowed.*irq|allowed.*interrupt|valid_irq_bits|vm_interrupt)'
[22:52:28] [spechunter] [Grep] pattern='\\b(BIT\\(14\\)|1UL << 14|BIT_ULL\\(14\\)|0x4000|BIT\\(14\\))'
[22:52:39] [spechunter] [Read] /home/yzs/riscv/linux/arch/riscv/kvm/vcpu.c
[22:52:39] [spechunter] [Read] /home/yzs/riscv/linux/arch/riscv/kvm/vcpu_switch.S
[22:52:39] [spechunter] [Read] /home/yzs/riscv/linux/arch/riscv/kvm/aia.c
[22:52:39] [spechunter] [Read] /home/yzs/riscv/linux/arch/riscv/kvm/vcpu_onereg.c
[22:52:47] [spechunter] [Grep] pattern='\\b(csr|trap|exit|CSR|sie|sip|vsie|vsip|hvip|hip|hie|hideleg)\\b'
[22:53:09] [spechunter] [Grep] pattern='\\b(csr_read|csr_write|csr_set|csr_clear|CSR_SIP|CSR_SIE|CSR_VSIP|CSR_VSIE|CSR_HVIP|CSR_HIP|CSR_HIE)'
[22:53:09] [spechunter] [Grep] pattern='\\b(kvm_riscv_update_hvip|kvm_riscv_vcpu_flush_interrupts|update_hvip|flush_interrupts)\\b'
[22:53:33] [spechunter] [Grep] pattern='\\bIRQ.*14\\b|BIT.*14.*IRQ|interrupt.*14|14.*interrupt'
[22:53:33] [spechunter] [Grep] pattern='\\b(ssyst|SSTD|stimecmp|stimecmph|vstimecmp|lcofi|LCOFI)\\b'
[22:56:39] [spechunter] [text] Let me read the key source files directly to verify the findings before writing the analysis.  
[22:56:39] [spechunter] [Read] /home/yzs/riscv/linux/arch/riscv/include/asm/csr.h
[22:56:39] [spechunter] [Read] /home/yzs/riscv/linux/arch/riscv/include/asm/csr.h
[22:56:39] [spechunter] [Read] /home/yzs/riscv/linux/arch/riscv/include/asm/csr.h
[22:56:53] [spechunter] [text] Now let me verify the KVM-specific code paths and context switch paths.  
[22:56:53] [spechunter] [Read] /home/yzs/riscv/linux/arch/riscv/kvm/vcpu.c
[22:56:53] [spechunter] [Read] /home/yzs/riscv/linux/arch/riscv/kvm/aia.c
[22:57:41] [spechunter] [text] Let me also check the context-switch path and signal delivery path directly.  
[22:57:41] [spechunter] [Grep] pattern='__switch_to'
[22:57:41] [spechunter] [Grep] pattern='CSR_SIE\\|CSR_SIP\\|CSR_MIE\\|CSR_MIP\\|ncsr_write.*CSR_HVI\\|ncsr_read.*CSR_HVIP'
[22:57:41] [spechunter] [Grep] pattern='sip\\|sie\\|mip\\|mie\\|hvip\\|hvien\\|mvien\\|mvip'
[22:57:52] [spechunter] [Read] /home/yzs/riscv/linux/arch/riscv/include/asm/switch_to.h
[22:57:52] [spechunter] [Grep] pattern='__switch_to'
[22:58:04] [spechunter] [Grep] pattern='__switch_to'
[22:58:10] [spechunter] [Grep] pattern='^ENTRY\\(__switch_to\\)|__switch_to:'
[22:58:10] [spechunter] [Read] /home/yzs/riscv/linux/arch/riscv/kvm/main.c
[22:58:16] [spechunter] [Read] /home/yzs/riscv/linux/arch/riscv/include/asm/kvm_host.h
[22:58:16] [spechunter] [Grep] pattern='KVM_HEDELEG_DEFAULT'
[22:59:07] [spechunter] [text] Now I have all the information needed. Let me read the remaining key locations for a complete picture.  
[22:59:07] [spechunter] [Read] /home/yzs/riscv/linux/arch/riscv/kvm/vcpu_onereg.c
[22:59:07] [spechunter] [Read] /home/yzs/riscv/linux/drivers/irqchip/irq-riscv-intc.c
[22:59:16] [spechunter] [Read] /home/yzs/riscv/linux/drivers/irqchip/irq-riscv-intc.c
[23:02:02] [spechunter] [text] Now I have all the data needed for a thorough analysis. Here is the security audit:  ```json {   "findings": [     {    ...
