[22:00:59] [spechunter] PR loaded: #12 riscv/integrated-matrix-extension — "unprivileged/integrated-matrix: Allow mixed altfmt_A ≠ altfmt_B for FP widening instructions"
[22:00:59] [spechunter]   diff: 12483 chars  body: 1484 chars  reviews: 1
[22:00:59] [spechunter] Global pre-filter running...
[22:01:09] [spechunter] [text] {"should_skip": false}
[22:01:10] [spechunter] pre-filter: should_skip=False reason=""
[22:01:21] [spechunter] [text] ```json {"should_skip": true, "skip_reason": "Integrated Matrix Extension floating-point format changes are pure ISA-lev...
[22:01:30] [spechunter] [text] {"should_skip": true, "skip_reason": "Purely unprivileged matrix extension format-semantic change with no new CSRs, priv...
[22:01:45] [spechunter] [text] {"should_skip": true, "skip_reason": "Spec-only clarification of mixed-format rules for an unprivileged matrix extension...
[19:12:58] [spechunter] PR loaded: #12 riscv/integrated-matrix-extension — "unprivileged/integrated-matrix: Allow mixed altfmt_A ≠ altfmt_B for FP widening instructions"
[19:12:58] [spechunter]   diff: 12483 chars  body: 1484 chars  reviews: 1
[19:12:58] [spechunter] Global pre-filter running...
[19:13:10] [spechunter] [text] {"should_skip": false}
[19:13:12] [spechunter] pre-filter: should_skip=False reason=""
[19:13:18] [spechunter] [text] {"should_skip": true, "skip_reason": "Integrated matrix extension is a computation ISA extension for floating-point matr...
[19:13:29] [spechunter] [text] {"should_skip": true, "skip_reason": "Integrated Matrix Extension (Zvvfmm) with OFP4/OFP8/BF16 matrix multiply-accumulat...
[19:13:37] [spechunter] [Grep] pattern='integrated.matrix|zvvfmm|altfmt|vfwmmacc|vfqwmmacc|vfmmacc'
[19:13:40] [spechunter] [text] {"should_skip": true, "skip_reason": "Pure instruction semantics change for the Integrated Matrix Extension (a new exten...
[19:13:49] [spechunter] [Grep] pattern='zvvfmm|integrated.matrix|vfwmmacc|vfqwmmacc|Zvvfmm'
[19:13:52] [spechunter] [text] {"should_skip": true, "skip_reason": "Integrated Matrix Extension is a draft spec not yet supported in Linux; changes ar...
[19:13:53] [spechunter] [Grep] pattern='altfmt|zvfbfa|Zvfbfa'
[19:13:59] [spechunter] [Grep] pattern='vfwmmacc|vfqwmmacc|vfmmacc|matrix.*multiply.*accum'
[19:14:27] [spechunter] [text] {"should_skip": true, "skip_reason": "QEMU does not implement the Integrated Matrix Extension (Zvvfmm) or any of its mat...
