[22:50:42] [spechunter] PR loaded: #860 riscv/riscv-cheri — "enable vector for v1 ratification"
[22:50:42] [spechunter]   diff: 3046 chars  body: 354 chars  reviews: 1
[22:50:42] [spechunter] Global pre-filter running...
[22:50:56] [spechunter] [text] {"should_skip": false}
[22:50:57] [spechunter] pre-filter: should_skip=False reason=""
[22:51:16] [spechunter] [text] {"should_skip": true, "skip_reason": "CHERI vector extension ratification change for unprivileged vector load/store inst...
[22:51:17] [spechunter] [text] {"should_skip": false}
[22:51:36] [spechunter] [text] {"should_skip": true, "skip_reason": "Spec ratification packaging change only — removes documentation guards marking Vec...
[22:52:22] [spechunter] [Read] /home/yzs/riscv/linux/arch/riscv/kernel/traps.c
[22:52:22] [spechunter] [Grep] pattern='illegal_insn.*vector\\|vector.*trap\\|SIGILL.*vector'
[22:52:51] [spechunter] [text] ```json {   "violation_condition": "Under CHERI-capable RISC-V, the kernel allows execution (or emulates) vector load/st...
[22:53:06] [spechunter] [TodoWrite] 5 items
[22:53:15] [spechunter] [Grep] pattern='vector.*x0.*base|base.*x0.*vector|cheri.*vector.*reserved'
[22:53:15] [spechunter] [Grep] pattern='vle8\\.v|vle16\\.v|vle32\\.v|vle64\\.v|vse8\\.v|vse16\\.v|vse32\\.v|vse64\\.v|vlse\\.v|vsse\\.v|vluxei\\.v|vsuxei\\.v|vloxei\\.v|vsoxei\\.v'
[22:53:15] [spechunter] [Grep] pattern='vsetvli'
[22:53:15] [spechunter] [Grep] pattern='lut4o16i4.*cheri|cheri.*lut4o16i4'
[22:53:27] [spechunter] [Agent] description, prompt
[22:53:35] [spechunter] [Grep] pattern='vlse\\.v|vsse\\.v|vluxei\\.v|vsuxei\\.v|vloxei\\.v|vsoxei\\.v'
[22:53:35] [spechunter] [Grep] pattern='rs1.*x0|x0.*rs1|base.*zero|zero.*base'
[22:53:35] [spechunter] [Grep] pattern='vector.*load.*store|load.*store.*vector'
[22:53:39] [spechunter] [Grep] pattern='cheri|CHERI|Cheri'
[22:53:49] [spechunter] [Grep] pattern='capability|CAPABILITY'
[22:53:57] [spechunter] [Grep] pattern='vle8|vle16|vle32|vle64|vse8|vse16|vse32|vse64'
[22:54:01] [spechunter] [Grep] pattern='cheri'
[22:54:01] [spechunter] [Grep] pattern='vector.*CHERI|CHERI.*vector|riscv_vector|vector.*enable|has_vector'
[22:54:01] [spechunter] [Grep] pattern='vle|vse|vluxei|vsuxei|vloxei|vsoxei|vlse|vsse'
[22:54:01] [spechunter] [Grep] pattern='vector|vstate|vstart|vtype|vlenb'
[22:54:02] [spechunter] [Grep] pattern='vlse|vsse|vluxei|vsuxei|vloxei|vsoxei'
[22:54:07] [spechunter] [Grep] pattern='vector.*decode|decode.*vector|is_vector|vector.*emulate|emulate.*vector'
[22:54:13] [spechunter] [Read] /home/yzs/riscv/linux/arch/riscv/kernel/traps_misaligned.c
[22:54:21] [spechunter] [Grep] pattern='insn_is_vector'
[22:54:23] [spechunter] [Read] /home/yzs/riscv/linux/arch/riscv/include/asm/vector.h
[22:54:23] [spechunter] [Read] /home/yzs/riscv/linux/arch/riscv/kernel/head.S
[22:54:23] [spechunter] [Read] /home/yzs/riscv/linux/arch/riscv/kernel/vec-copy-unaligned.S
[22:54:26] [spechunter] [Grep] pattern='vsetvli|vstart'
[22:54:31] [spechunter] [Read] /home/yzs/riscv/linux/arch/riscv/include/asm/vector.h
[22:54:36] [spechunter] [Grep] pattern='vle[0-9]+.*\\(x0\\)|vle[0-9]+.*\\(zero\\)|vse[0-9]+.*\\(x0\\)|vse[0-9]+.*\\(zero\\)'
[22:54:36] [spechunter] [Grep] pattern='vlse.*\\(x0\\)|vlse.*\\(zero\\)|vsse.*\\(x0\\)|vsse.*\\(zero\\)|vluxei.*\\(x0\\)|vsuxei.*\\(x0\\)|vloxei.*\\(x0\\)|vsoxei.*\\(x0\\)'
[22:54:36] [spechunter] [Grep] pattern='vle8\\.v|vle16\\.v|vle32\\.v|vle64\\.v|vse8\\.v|vse16\\.v|vse32\\.v|vse64\\.v'
[22:54:39] [spechunter] [Read] /home/yzs/riscv/linux/arch/riscv/kernel/vector.c
[22:54:46] [spechunter] [Grep] pattern='RVV_OPCODE|RVV_EXTRACT|RVV_VL_VS_WIDTH'
[22:54:47] [spechunter] [Grep] pattern='vsetvli.*x0|vsetivli.*zero'
[22:54:47] [spechunter] [Grep] pattern='insn_is_vector|vector.*insn|vector.*decode|decode.*vector|vector.*emulat'
[22:54:47] [spechunter] [Grep] pattern='THEAD_VSETVLI|THEAD_VSB_V|THEAD_VLB_V'
[22:54:59] [spechunter] [Read] /home/yzs/riscv/linux/arch/riscv/include/asm/insn.h
[22:54:59] [spechunter] [Read] /home/yzs/riscv/linux/arch/riscv/kernel/vector.c
[22:54:59] [spechunter] [Read] /home/yzs/riscv/linux/arch/riscv/kernel/traps_misaligned.c
[22:54:59] [spechunter] [Read] /home/yzs/riscv/linux/arch/riscv/kernel/traps_misaligned.c
[22:55:06] [spechunter] [Read] /home/yzs/riscv/linux/arch/riscv/kvm/vcpu_vector.c
[22:55:11] [spechunter] [Grep] pattern='x0.*base|base.*x0|rs1.*x0|x0.*rs1'
[22:55:19] [spechunter] [Grep] pattern='emulat|emul'
[22:55:27] [spechunter] [Read] /home/yzs/riscv/linux/arch/riscv/kernel/vector.c
[22:55:27] [spechunter] [Read] /home/yzs/riscv/linux/arch/riscv/include/asm/vendor_extensions/thead.h
[22:55:27] [spechunter] [Grep] pattern='RVV_OPCODE_VL|RVV_OPCODE_VS|RVV_EXTRACT_VL_VS|RVV_VL_VS_WIDTH'
[22:55:32] [spechunter] [Read] /home/yzs/riscv/linux/arch/riscv/kvm/vcpu_insn.c
[22:55:38] [spechunter] [Read] /home/yzs/riscv/linux/arch/riscv/kernel/vec-copy-unaligned.S
[22:55:43] [spechunter] [Grep] pattern='cheri|CHERI|Cheri'
[22:56:01] [spechunter] [Read] /home/yzs/riscv/linux/arch/riscv/lib/uaccess_vector.S
[22:56:20] [spechunter] [text] Now let me check the Kconfig and also look at the insn-def.h for completeness.  
[22:56:20] [spechunter] [Grep] pattern='RVV_OPCODE_VECTOR|vector.*isa.*v|CONFIG_RISCV_ISA_V'
[22:56:20] [spechunter] [Grep] pattern='vector.*ratif|ratif.*vector|v1\\.0|vector.*1\\.0'
[22:56:20] [spechunter] [Grep] pattern='config RISCV_ISA_V'
[22:56:21] [spechunter] [Grep] pattern='vstart'
[22:56:39] [spechunter] [Grep] pattern='vector|RVV|VLENB'
[22:56:43] [spechunter] [Read] /home/yzs/riscv/linux/arch/riscv/kernel/unaligned_access_speed.c
[22:57:00] [spechunter] [Grep] pattern='cheri|CHERI'
[22:57:04] [spechunter] [Glob] **/kvm**/vector*.S
[22:57:15] [spechunter] [Grep] pattern='__kvm_riscv_vector_save|__kvm_riscv_vector_restore'
[22:57:17] [spechunter] [Read] /home/yzs/riscv/linux/arch/riscv/include/asm/kvm_vcpu_vector.h
[22:57:24] [spechunter] [Grep] pattern='cheri|capability|purecap|morello'
[22:57:29] [spechunter] [Grep] pattern='capability|CAPABILITY'
[22:57:40] [spechunter] [text] ```json {   "locations": [     {       "file_path": "arch/riscv/include/asm/vector.h",       "function_name": "__riscv_v...
[22:57:41] [spechunter] [Grep] pattern='cheri|caphw|purecap|capmode'
[22:57:51] [spechunter] [Grep] pattern='vector.*trap|trap.*vector|EXC_INST_ILLEGAL'
[22:58:17] [spechunter] [Read] /home/yzs/riscv/linux/arch/riscv/kvm/vcpu_exit.c
[22:58:29] [spechunter] [Grep] pattern='CSR_VSTART|CSR_VTYPE|CSR_VL\\b|CSR_VLENB|CSR_VCSR'
[22:58:39] [spechunter] [Grep] pattern='GET_INSN_LENGTH'
[22:58:44] [spechunter] [Read] /home/yzs/riscv/linux/arch/riscv/include/asm/bug.h
[22:59:24] [spechunter] [Grep] pattern='vector|vlenb|VECTOR'
[22:59:30] [spechunter] [Grep] pattern='vector|vstart|vtype'
[22:59:50] [spechunter] [Grep] pattern='vector|misaligned'
[22:59:58] [spechunter] [Grep] pattern='vector_misaligned|RISCV_HWPROBE.*VECTOR'
[23:00:12] [spechunter] [Grep] pattern='vector_misaligned|RISCV_HWPROBE.*VECTOR'
[23:00:40] [spechunter] [Grep] pattern='CSR_VSTART|CSR_VTYPE|CSR_VL\\b|CSR_VLENB|CSR_VCSR|CSR_VXSAT|CSR_VXRM'
[23:00:53] [spechunter] [Grep] pattern='THEAD_VSETVLI|THEAD_VSB|THEAD_VLB'
[23:00:58] [spechunter] [Grep] pattern='vector|VECTOR'
[23:02:45] [spechunter] [text] Good findings. Let me now read the key files to verify and trace the specific call chains.  
[23:02:45] [spechunter] [Read] /home/yzs/riscv/linux/arch/riscv/kernel/vector.c
[23:02:45] [spechunter] [Read] /home/yzs/riscv/linux/arch/riscv/kernel/traps_misaligned.c
[23:02:45] [spechunter] [Read] /home/yzs/riscv/linux/arch/riscv/kvm/vcpu_insn.c
[23:03:35] [spechunter] [text] Now let me also read the vector.h context save/restore code and KVM vector handling, plus look for the CSR definitions. ...
[23:03:35] [spechunter] [Read] /home/yzs/riscv/linux/arch/riscv/include/asm/vector.h
[23:03:35] [spechunter] [Read] /home/yzs/riscv/linux/arch/riscv/kvm/vcpu_vector.c
[23:03:35] [spechunter] [Read] /home/yzs/riscv/linux/arch/riscv/include/asm/insn.h
[23:03:44] [spechunter] [text] Now let me trace the trap entry paths and look for additional semantic connections.  
[23:03:44] [spechunter] [Read] /home/yzs/riscv/linux/arch/riscv/kernel/traps.c
[23:03:44] [spechunter] [Read] /home/yzs/riscv/linux/arch/riscv/kvm/vcpu_exit.c
[23:04:08] [spechunter] [text] Let me also search for indexed vector load/store patterns.  
[23:04:08] [spechunter] [Grep] pattern='vluxei|vsuxei|vloxei|vsoxei|indexed.*vector|vector.*indexed'
[23:04:08] [spechunter] [Grep] pattern='GET_INSN_LENGTH|__INSN_LENGTH_MASK'
[23:04:08] [spechunter] [Grep] pattern='RVG_RS1_OPOFF|RV_EXTRACT_RS1'
[23:04:18] [spechunter] [Grep] pattern='GET_INSN_LENGTH'
[23:04:18] [spechunter] [Grep] pattern='handle_misaligned_store'
[23:04:24] [spechunter] [Read] /home/yzs/riscv/linux/arch/riscv/include/asm/bug.h
[23:04:24] [spechunter] [Read] /home/yzs/riscv/linux/arch/riscv/include/asm/entry-common.h
[23:04:31] [spechunter] [text] Let me also check for any CHERI-relevant code elsewhere and in the CSR definitions more carefully.  
[23:04:31] [spechunter] [Grep] pattern='cheri|capability.*mode|purecap'
[23:04:31] [spechunter] [Grep] pattern='x0.*reserved|reserved.*x0|rs1.*zero|base.*zero|zero.*base'
[23:05:03] [spechunter] [TodoWrite] 5 items
[23:06:17] [spechunter] [text] Now I have a complete semantic picture. Let me compile the final report.  
[23:06:17] [spechunter] [TodoWrite] 5 items
[23:08:07] [spechunter] [text] ```json {   "target": "linux",   "pr_title": "enable vector for v1 ratification",   "pr_body_summary": "Vector+CHERI ind...
[23:09:29] [spechunter] [text] The slow-path locations are all empty (`:0-0`), so this is purely a fast-path review and dedup exercise.  **Analysis aga...
[23:09:45] [spechunter] [Agent] description, prompt
[23:09:45] [spechunter] [Grep] pattern='vsetvli|vle|vse|vlse|vsse|lut4o16i4'
[23:10:09] [spechunter] [Glob] arch/riscv/**/*vector*
[23:10:09] [spechunter] [Glob] arch/riscv/kvm/**/*vcpu*
[23:10:09] [spechunter] [Grep] pattern='vsetvli|vle|vse|vlse|vsse|lut4o16i4'
[23:10:09] [spechunter] [Grep] pattern='vector.*emu|emu.*vector|vec.*decode|decode.*vec|riscv.*vector'
[23:10:09] [spechunter] [Glob] arch/riscv/kvm/**/*.c
[23:10:09] [spechunter] [Grep] pattern='riscv_vector|kvm_riscv_vector'
[23:10:26] [spechunter] [Read] /home/yzs/riscv/linux/arch/riscv/kvm/vcpu_insn.c
[23:10:26] [spechunter] [Read] /home/yzs/riscv/linux/arch/riscv/kvm/vcpu_vector.c
[23:10:26] [spechunter] [Read] /home/yzs/riscv/linux/arch/riscv/kernel/vector.c
[23:10:26] [spechunter] [Read] /home/yzs/riscv/linux/arch/riscv/kernel/traps_misaligned.c
[23:10:26] [spechunter] [Read] /home/yzs/riscv/linux/arch/riscv/include/asm/vector.h
[23:10:26] [spechunter] [Read] /home/yzs/riscv/linux/arch/riscv/include/asm/kvm_vcpu_vector.h
[23:10:54] [spechunter] [Read] /home/yzs/riscv/linux/arch/riscv/kvm/vcpu.c
[23:10:54] [spechunter] [Read] /home/yzs/riscv/linux/arch/riscv/kernel/kernel_mode_vector.c
[23:10:54] [spechunter] [Read] /home/yzs/riscv/linux/arch/riscv/lib/uaccess_vector.S
[23:10:54] [spechunter] [Read] /home/yzs/riscv/linux/arch/riscv/kvm/vcpu_exit.c
[23:10:54] [spechunter] [Read] /home/yzs/riscv/linux/arch/riscv/kvm/vcpu_onereg.c
[23:10:54] [spechunter] [Grep] pattern='lut4|LUT4'
[23:11:12] [spechunter] [Grep] pattern='vsetvli|vsetvl|VSETVL|VSETVLI'
[23:11:12] [spechunter] [Grep] pattern='vector|vstart|vtype|vcsr|vlenb'
[23:11:12] [spechunter] [Grep] pattern='vector|riscv_v|vstate'
[23:11:12] [spechunter] [Grep] pattern='vector|riscv_v|vstate'
[23:11:12] [spechunter] [Read] /home/yzs/riscv/linux/arch/riscv/kvm/vcpu_switch.S
[23:11:12] [spechunter] [Read] /home/yzs/riscv/linux/arch/riscv/kernel/vec-copy-unaligned.S
[23:11:44] [spechunter] [Grep] pattern='RVV_OPCODE|RVV_VL_VS|RVV_EXTRACT|RVV_MASK|CSR_VSTART|CSR_VTYPE|CSR_VL\\b|CSR_VCSR|CSR_VLENB'
[23:11:44] [spechunter] [Grep] pattern='vector|riscv_v'
[23:11:44] [spechunter] [Grep] pattern='vector|riscv_v'
[23:11:44] [spechunter] [Grep] pattern='vector|riscv_v|vstate'
[23:11:59] [spechunter] [Grep] pattern='RVV_OPCODE|RVV_VL_VS|RVV_EXTRACT|RVV_MASK|RVV_RGATHER|CSR_VSTART|CSR_VTYPE|CSR_VL\\b|CSR_VCSR|CSR_VLENB'
[23:11:59] [spechunter] [Grep] pattern='CSR_VSTART|CSR_VTYPE|CSR_VL\\b|CSR_VCSR|CSR_VLENB'
[23:11:59] [spechunter] [Read] /home/yzs/riscv/linux/arch/riscv/kernel/smpboot.c
[23:11:59] [spechunter] [Grep] pattern='THEAD_VSETVLI|THEAD_VSB_V|THEAD_VLB_V'
[23:12:54] [spechunter] [Read] /home/yzs/riscv/linux/arch/riscv/kernel/head.S
[23:12:54] [spechunter] [Grep] pattern='vector|riscv_v'
[23:12:54] [spechunter] [Grep] pattern='RISCV_ISA_V_PREEMPTIVE|RISCV_VECTOR_MISALIGNED'
[23:15:56] [spechunter] [text] Let me read the key source files to audit the vector instruction handling against the CHERI security spec.  
[23:15:56] [spechunter] [Read] /home/yzs/riscv/linux/arch/riscv/kernel/vector.c
[23:15:56] [spechunter] [Read] /home/yzs/riscv/linux/arch/riscv/include/asm/insn.h
[23:15:56] [spechunter] [Read] /home/yzs/riscv/linux/arch/riscv/kernel/traps_misaligned.c
[23:16:02] [spechunter] [text] Now let me read the remaining key files for the complete audit.  
[23:16:02] [spechunter] [Read] /home/yzs/riscv/linux/arch/riscv/include/asm/vector.h
[23:16:02] [spechunter] [Read] /home/yzs/riscv/linux/arch/riscv/kvm/vcpu_vector.c
[23:16:02] [spechunter] [Read] /home/yzs/riscv/linux/arch/riscv/kvm/vcpu_insn.c
[23:17:22] [spechunter] [text] Let me check for any existing CHERI-related code in the kernel to understand the full context.  
[23:17:22] [spechunter] [Grep] pattern='CHERI|cheri'
[23:17:22] [spechunter] [Grep] pattern='RV_EXTRACT_RS1_REG|GET_RS1|rs1.*x0|x0.*base'
[23:17:22] [spechunter] [Grep] pattern='vsetvli.*x0|vsetvl.*x0|vle.*x0|vse.*x0'
[23:18:06] [spechunter] [Read] /home/yzs/riscv/linux/arch/riscv/kvm/vcpu_exit.c
[23:18:06] [spechunter] [Read] /home/yzs/riscv/linux/arch/riscv/kvm/vcpu.c
[23:18:39] [spechunter] [Read] /home/yzs/riscv/linux/arch/riscv/kernel/kernel_mode_vector.c
[23:18:39] [spechunter] [Read] /home/yzs/riscv/linux/arch/riscv/kernel/head.S
[23:20:08] [spechunter] [text] Now I have a thorough understanding of all relevant code. Let me produce the analysis of the available code locations ag...
[23:20:08] [spechunter] [Grep] pattern='handle_misaligned_load|get_insn|insn_is_vector'
[23:20:08] [spechunter] [Read] /home/yzs/riscv/linux/arch/riscv/include/asm/vendor_extensions/thead.h
[23:22:26] [spechunter] [text] Now I have a complete picture of the code. Here is the security audit:  ```json {   "findings": [     {       "file_path...
[00:22:44] [spechunter] PR loaded: #860 riscv/riscv-cheri — "enable vector for v1 ratification"
[00:22:44] [spechunter]   diff: 3046 chars  body: 354 chars  reviews: 1
[00:22:44] [spechunter] Global pre-filter running...
[00:23:07] [spechunter] [text] {"should_skip": false}
[00:23:08] [spechunter] pre-filter: should_skip=False reason=""
[00:23:25] [spechunter] [Grep] pattern='CHERI|cheri|capability'
[00:23:25] [spechunter] [text] {"should_skip": true, "skip_reason": "Pure spec ratification packaging change (enabling Vector+CHERI in v1) with no tech...
[00:23:28] [spechunter] [text] {"should_skip": true, "skip_reason": "Unprivileged ISA change (Vector+CHERI load/store rules for v1 ratification) with n...
[00:23:34] [spechunter] [text] {"should_skip": false}
[00:23:54] [spechunter] [text] {"should_skip": true, "skip_reason": "Spec ratification scope change only (removing V exclusion from CHERI v1); no CSR, ...
[00:24:05] [spechunter] [Grep] pattern='CHERI|cheri'
[00:24:10] [spechunter] [text] {   "violation_condition": "When CHERI is enabled, QEMU TCG translates a vector load/store instruction with base registe...
[00:24:18] [spechunter] [text] {"should_skip": true, "skip_reason": "CHERI capability extension is not implemented in XiangShan; this PR enables Vector...
[00:24:38] [spechunter] [Agent] description, subagent_type
[00:24:38] [spechunter] [Agent] description, subagent_type
[00:24:57] [spechunter] [Glob] target/riscv/insn_trans/*vector*
[00:24:57] [spechunter] [Glob] target/riscv/insn_trans/*.c.inc
[00:24:57] [spechunter] [Grep] pattern='trans_vle|trans_vse|trans_vlse|trans_vsse|trans_vluxei|trans_vloxei|trans_vsuxei|trans_vsoxei'
[00:24:57] [spechunter] [Bash] List insn_trans directory contents
[00:24:58] [spechunter] [Grep] pattern='vle8\\.v|vle16\\.v|vle32\\.v|vle64\\.v'
[00:24:58] [spechunter] [Grep] pattern='vle8\\.v|vle16\\.v|vle32\\.v|vle64\\.v'
[00:24:58] [spechunter] [Grep] pattern='vle'
[00:24:59] [spechunter] [Grep] pattern='trans_v[sl]'
[00:24:59] [spechunter] [Grep] pattern='trans_vs[se]|trans_vl[ou]xei'
[00:24:59] [spechunter] [Glob] target/riscv/*cheri*
[00:24:59] [spechunter] [Glob] target/riscv/insn_trans/*.c
[00:25:20] [spechunter] [Grep] pattern='^static bool trans_vle|^static bool trans_vse|^static bool trans_vlse|^static bool trans_vsse|^static bool trans_vluxei|^static bool trans_vloxei|^static bool trans_vsuxei|^static bool trans_vsoxei'
[00:25:20] [spechunter] [Grep] pattern='trans_vle|trans_vse|trans_vlox|trans_vlux|trans_vsox|trans_vsux|trans_vlse|trans_vsse'
[00:25:20] [spechunter] [Grep] pattern='OPIVV|OPFVV|OPMVV|OPIVX|OPFVF|OPMVX|OPIVI|OPFVI|ldst|load|store'
[00:25:20] [spechunter] [Bash] List RISC-V target directory
[00:25:20] [spechunter] [Grep] pattern='gen_cap_check|cap_check|cheri_check|cap_load|cap_store'
[00:25:20] [spechunter] [Grep] pattern='trans_vle|trans_vse|trans_vlse|trans_vsse|trans_vluxei|trans_vloxei|trans_vsuxei|trans_vsoxei'
[00:25:20] [spechunter] [Grep] pattern='cheri'
[00:25:40] [spechunter] [Bash] List insn_trans directory
[00:25:40] [spechunter] [Bash] List TCG directory
[00:25:40] [spechunter] [Grep] pattern='cheri|capabilit|cap_check|cap_load|cap_store'
[00:25:40] [spechunter] [Grep] pattern='cheri'
[00:25:41] [spechunter] [Grep] pattern='trans_vle|trans_vse|trans_vlox|trans_vlux|trans_vsox|trans_vsux|trans_vlse|trans_vsse|gen_helper_vle|gen_helper_vse|vext_ldst|ldst_us|ldst_stride|ldst_index|ldst_whole|ldff'
[00:25:41] [spechunter] [Grep] pattern='trans_vle|trans_vse|trans_vlox|trans_vlux|trans_vsox|trans_vsux'
[00:25:42] [spechunter] [Grep] pattern='gen_helper_vle|vext_ldst|vle|vse|vlse|vsse|vluxei|vloxei|vsuxei|vsoxei'
[00:25:42] [spechunter] [Grep] pattern='vle8_v|vle16_v|vle32_v|vle64_v|vse8_v|vse16_v|vse32_v|vse64_v'
[00:25:42] [spechunter] [Glob] target/riscv/**/vector*
[00:26:24] [spechunter] [Grep] pattern='cheri|capabilit'
[00:26:24] [spechunter] [Grep] pattern='trans_vle|trans_vse|trans_vlse|trans_vsse|trans_vluxei|trans_vloxei|trans_vsuxei|trans_vsoxei'
[00:26:24] [spechunter] [Grep] pattern='trans_vload|trans_vstore|trans_v.*ld|trans_v.*st'
[00:26:25] [spechunter] [Grep] pattern='vle|vse|vlse|vsse|vluxei|vloxei|vsuxei|vsoxei'
[00:26:25] [spechunter] [Grep] pattern='vle|vse|vlse|vsse|vluxei|vloxei|vsuxei|vsoxei'
[00:26:25] [spechunter] [Read] /home/yzs/riscv/qemu/target/riscv/insn_trans/trans_rvv.c.inc
[00:26:25] [spechunter] [Read] /home/yzs/riscv/qemu/target/riscv/insn_trans/trans_rvv.c.inc
[00:26:25] [spechunter] [Read] /home/yzs/riscv/qemu/target/riscv/insn_trans/trans_rvv.c.inc
[00:26:25] [spechunter] [Read] /home/yzs/riscv/qemu/target/riscv/insn_trans/trans_rvv.c.inc
[00:26:25] [spechunter] [Grep] pattern='vle|vse|vlox|vlux|vsox|vsux|vlse|vsse|vlm|vsm|vleff'
[00:26:25] [spechunter] [Grep] pattern='vext_vle|vext_vse|vext_vlox|vext_vlux|vext_vsox|vext_vsux|vext_vlse|vext_vsse'
[00:26:25] [spechunter] [Grep] pattern='GEN_VEXT_TRANS|vext_ldst'
[00:27:00] [spechunter] [Grep] pattern='vluxei|vloxei|vsuxei|vsoxei'
[00:27:00] [spechunter] [Grep] pattern='ld_us_check|st_us_check|ld_stride_check|ld_index_check|st_index_check'
[00:27:00] [spechunter] [Grep] pattern='rs1.*0.*cheri|cheri.*rs1.*0|base.*zero.*vector|rs1.*x0.*vector|vector.*x0.*cheri'
[00:27:08] [spechunter] [Grep] pattern='vle|vse|vlse|vsse|vluxei|vloxei|vsuxei|vsoxei'
[00:27:08] [spechunter] [Grep] pattern='ldst_us|ldst_stride|ldst_index|load_unit|store_unit'
[00:27:08] [spechunter] [Grep] pattern='rs1|x0|base.*register'
[00:27:09] [spechunter] [Read] /home/yzs/riscv/qemu/target/riscv/insn_trans/trans_rvv.c.inc
[00:27:09] [spechunter] [Read] /home/yzs/riscv/qemu/target/riscv/insn_trans/trans_rvv.c.inc
[00:27:09] [spechunter] [Read] /home/yzs/riscv/qemu/target/riscv/insn_trans/trans_rvv.c.inc
[00:27:09] [spechunter] [Grep] pattern='GEN_VEXT_TRANS\\(vsxei'
[00:27:09] [spechunter] [Grep] pattern='trans_vle|trans_vse|trans_vlse|trans_vsse|trans_vlo|trans_vlu|trans_vso|trans_vsu|trans_vlx|trans_vsx'
[00:27:09] [spechunter] [Grep] pattern='GEN_LDST_WHOLE_TRANS'
[00:27:18] [spechunter] [Read] /home/yzs/riscv/qemu/target/riscv/insn_trans/trans_rvv.c.inc
[00:27:18] [spechunter] [Read] /home/yzs/riscv/qemu/target/riscv/insn_trans/trans_rvv.c.inc
[00:27:18] [spechunter] [Read] /home/yzs/riscv/qemu/target/riscv/insn_trans/trans_rvv.c.inc
[00:27:18] [spechunter] [Read] /home/yzs/riscv/qemu/target/riscv/insn_trans/trans_rvv.c.inc
[00:27:21] [spechunter] [Grep] pattern='vle8_v|vse8_v|vlse8_v|vsse8_v|vlxei8_v|vsxei8_v|vle8ff_v|vl1re8_v|vl2re8_v|vl4re8_v|vl8re8_v|vlm_v|vsm_v'
[00:27:21] [spechunter] [Glob] target/riscv/vector_helper*.c
[00:27:21] [spechunter] [Grep] pattern='vext_ldst_us|vext_ldst_stride|vext_ldst_index|vext_ldst_whole|vext_ldff'
[00:27:21] [spechunter] [Grep] pattern='help_vle|help_vse|help_vlse|help_vsse|help_vlxei|help_vsxei|help_vleff|help_vlm|help_vsm'
[00:27:33] [spechunter] [text] Now let me look at the core translation functions and the helper functions to understand how rs1/base register is used. ...
[00:27:33] [spechunter] [Read] /home/yzs/riscv/qemu/target/riscv/insn_trans/trans_rvv.c.inc
[00:27:33] [spechunter] [Grep] pattern='GEN_VEXT_TRANS'
[00:27:41] [spechunter] [Grep] pattern='trans_vle|trans_vse|trans_vlse|trans_vsse|trans_vlxei|trans_vsxei|trans_vleff'
[00:27:41] [spechunter] [Grep] pattern='INSN.*vle|INSN.*vse|INSN.*vlse|INSN.*vsse|INSN.*vlx|INSN.*vsx|INSN.*vleff'
[00:27:41] [spechunter] [Grep] pattern='HELPER\\(vec_vle|HELPER\\(vec_vse|HELPER\\(vec_vlse|HELPER\\(vec_vsse|HELPER\\(vec_vlx|HELPER\\(vec_vsx|HELPER\\(vec_vleff|HELPER\\(vec_vl.*re|HELPER\\(vec_vlm|HELPER\\(vec_vsm|HELPER\\(vec_vs.*r'
[00:27:41] [spechunter] [Grep] pattern='opivv_trans|opfvv_trans|ld_us_op|st_us_op|ld_stride_op|st_stride_op|ld_index_op|st_index_op|ldff_op|ldst_us_trans|ldst_stride_trans|ldst_index_trans'
[00:27:43] [spechunter] [Read] /home/yzs/riscv/qemu/target/riscv/insn_trans/trans_rvv.c.inc
[00:27:43] [spechunter] [Read] /home/yzs/riscv/qemu/target/riscv/insn_trans/trans_rvv.c.inc
[00:27:43] [spechunter] [Read] /home/yzs/riscv/qemu/target/riscv/insn_trans/trans_rvv.c.inc
[00:27:43] [spechunter] [Read] /home/yzs/riscv/qemu/target/riscv/insn_trans/trans_rvv.c.inc
[00:27:59] [spechunter] [Read] /home/yzs/riscv/qemu/target/riscv/insn_trans/trans_rvv.c.inc
[00:27:59] [spechunter] [Grep] pattern='cheri.*rs1.*0|rs1.*==.*0.*cheri|cheri.*base.*zero|base.*x0.*cheri|cheri.*vector.*load'
[00:27:59] [spechunter] [Grep] pattern='vext_check_load|vext_check_store'
[00:28:12] [spechunter] [Read] /home/yzs/riscv/qemu/target/riscv/insn_trans/trans_rvv.c.inc
[00:28:12] [spechunter] [Grep] pattern='get_gpr'
[00:28:12] [spechunter] [Grep] pattern='cheri|capabilit'
[00:28:12] [spechunter] [Grep] pattern='cheri|capabilit'
[00:28:26] [spechunter] [Grep] pattern='vext_ldst|vext_ld_whole|vext_st_whole|vext_ldff'
[00:28:26] [spechunter] [Grep] pattern='vle|vse|vlse|vsse|vlxei|vsxei|vleff|vl..re'
[00:28:26] [spechunter] [Grep] pattern='trans_rvv|include.*trans_rvv'
[00:28:26] [spechunter] [Grep] pattern='vle8_v|vse8_v|vlxei8|vsxei8|vlse8|vsse8|vle8ff|vl1re8|vlm_v|vsm_v'
[00:28:26] [spechunter] [Read] /home/yzs/riscv/qemu/target/riscv/insn_trans/trans_rvv.c.inc
[00:28:26] [spechunter] [Grep] pattern='vext_ldst_us|vext_ldst_stride|vext_ldst_index|vext_ld_us|vext_st_us|vext_ld_stride|vext_st_stride'
[00:28:26] [spechunter] [Grep] pattern='cheri.*vector|vector.*cheri|cap_check.*vector|vector.*cap_check'
[00:28:32] [spechunter] [Read] /home/yzs/riscv/qemu/target/riscv/translate.c
[00:28:32] [spechunter] [Grep] pattern='rs1.*==.*0|rs1.*x0|rs1.*zero|base.*x0|base.*zero|base.*==.*0'
[00:28:32] [spechunter] [Grep] pattern='void.*vle|void.*vse|void.*vlse|void.*vsse|vext_ldst'
[00:28:32] [spechunter] [Grep] pattern='base.*rs1|rs1.*base|x0.*reserved|reserved.*x0'
[00:28:58] [spechunter] [Grep] pattern='vext_check_load|vext_check_store'
[00:28:58] [spechunter] [Grep] pattern='require_rvv'
[00:28:58] [spechunter] [Grep] pattern='^#@name|vfld|vfst'
[00:28:58] [spechunter] [Grep] pattern='cheri'
[00:28:59] [spechunter] [Grep] pattern='INSN.*vec|vext.*insn|v_ext|OPIVV|OPFVV|OPMVV|OPIVX|OPFVF|OPMVX|OPIVI'
[00:28:59] [spechunter] [Grep] pattern='vector_instr|v_opivv|v_opfvv|trans_rvv|opivv_trans|opivx_trans|opivi_trans|opfvf_trans|opmvv_trans|opmvx_trans'
[00:28:59] [spechunter] [Grep] pattern='vec_load|vec_store|vector_load|vector_store'
[00:29:00] [spechunter] [Grep] pattern='get_gpr.*rs1|get_gpr.*base'
[00:29:00] [spechunter] [Grep] pattern='get_gpr'
[00:29:00] [spechunter] [Grep] pattern='TARGET_CHERI|CONFIG_CHERI|ifdef.*CHERI|cheri'
[00:29:18] [spechunter] [Glob] target/riscv/*.decode
[00:29:18] [spechunter] [Grep] pattern='opivv|opivx|opivi|opfvv|opfvf|opmvv'
[00:29:18] [spechunter] [Grep] pattern='get_gpr'
[00:29:18] [spechunter] [Grep] pattern='^.*static.*get_gpr|^TCGv get_gpr'
[00:29:24] [spechunter] [Grep] pattern='vle8_v|vse8_v|vlse8_v|vsse8_v|vlxei8_v|vsxei8_v|vle8ff_v|vl1re8_v'
[00:29:24] [spechunter] [Grep] pattern='@r2_nfvm|@r_nfvm|vle8_v|vse8_v|vlse8_v|vsse8_v'
[00:29:24] [spechunter] [Read] /home/yzs/riscv/qemu/target/riscv/translate.c
[00:29:26] [spechunter] [Read] /home/yzs/riscv/qemu/target/riscv/insn_trans/trans_rvv.c.inc
[00:29:26] [spechunter] [Grep] pattern='require_rvv'
[00:29:26] [spechunter] [Grep] pattern='require_rvv'
[00:29:26] [spechunter] [Grep] pattern='capability|authoriz|cap_auth|gen_cap'
[00:29:34] [spechunter] [Grep] pattern='vlm_v|vsm_v|vl1re8|vl2re|vl4re|vl8re|vs1r|vs2r|vs4r|vs8r'
[00:29:34] [spechunter] [Grep] pattern='DEF_HELPER.*vle|DEF_HELPER.*vse|DEF_HELPER.*vlse|DEF_HELPER.*vsse|DEF_HELPER.*vlx|DEF_HELPER.*vsx|DEF_HELPER.*vleff|DEF_HELPER.*vlm|DEF_HELPER.*vsm|DEF_HELPER.*vl1re|DEF_HELPER.*vl2re|DEF_HELPER.*vl4re|DEF_HELPER.*vl8re|DEF_HELPER.*vs1r|DEF_HELPER.*vs2r|DEF_HELPER.*vs4r|DEF_HELPER.*vs8r'
[00:29:34] [spechunter] [Read] /home/yzs/riscv/qemu/target/riscv/vector_helper.c
[00:29:40] [spechunter] [Grep] pattern='require_rvv'
[00:29:40] [spechunter] [Grep] pattern='vle8_v|vle16_v|vse8_v|vlse8_v|vsse8_v|vlxei|vsxei'
[00:29:40] [spechunter] [Grep] pattern='trans_vl[eos]|trans_vs[eos]|trans_vl[os]xei|trans_vs[os]xei'
[00:29:54] [spechunter] [Read] /home/yzs/riscv/qemu/target/riscv/vector_helper.c
[00:29:54] [spechunter] [Read] /home/yzs/riscv/qemu/target/riscv/vector_helper.c
[00:29:54] [spechunter] [Read] /home/yzs/riscv/qemu/target/riscv/vector_helper.c
[00:29:54] [spechunter] [Read] /home/yzs/riscv/qemu/target/riscv/vector_helper.c
[00:29:54] [spechunter] [Read] /home/yzs/riscv/qemu/target/riscv/vector_helper.c
[00:29:54] [spechunter] [Read] /home/yzs/riscv/qemu/target/riscv/vector_helper.c
[00:29:57] [spechunter] [text] Now let me look at the decode patterns for indexed load/stores and check if there's special handling for x0/rs1==0 in th...
[00:29:57] [spechunter] [Grep] pattern='vluxei|vloxei|vsuxei|vsoxei|vlxei|vsxei'
[00:29:57] [spechunter] [Read] /home/yzs/riscv/qemu/target/riscv/insn_trans/trans_rvv.c.inc
[00:29:58] [spechunter] [Read] /home/yzs/riscv/qemu/target/riscv/insn_trans/trans_rvv.c.inc
[00:29:58] [spechunter] [Read] /home/yzs/riscv/qemu/target/riscv/insn32.decode
[00:29:58] [spechunter] [Grep] pattern='vext_ldst|vle8_v|vse8_v|vlse8_v|vsse8_v|vlxei8|vsxei8'
[00:29:58] [spechunter] [Grep] pattern='r2_nfvm|r_nfvm'
[00:30:05] [spechunter] [Read] /home/yzs/riscv/qemu/target/riscv/insn32.decode
[00:30:05] [spechunter] [Read] /home/yzs/riscv/qemu/target/riscv/insn32.decode
[00:30:05] [spechunter] [Grep] pattern='arg_r2nfvm|arg_rnfvm|arg_vlm_v|arg_vsm_v'
[00:30:05] [spechunter] [Grep] pattern='decode_v|opcode_v|trans_rvv|include.*trans_rvv'
[00:30:15] [spechunter] [Read] /home/yzs/riscv/qemu/target/riscv/translate.c
[00:30:15] [spechunter] [Grep] pattern='GEN_VEXT_LD_ELEM|GEN_VEXT_ST_ELEM|GEN_VEXT_LD_WHOLE|GEN_VEXT_ST_WHOLE|GEN_VEXT_LD_FF'
[00:30:15] [spechunter] [Read] /home/yzs/riscv/qemu/target/riscv/vector_helper.c
[00:30:30] [spechunter] [Read] /home/yzs/riscv/qemu/target/riscv/insn_trans/trans_rvv.c.inc
[00:30:30] [spechunter] [Grep] pattern='ldff_op|ldff_trans|ldst_us_trans|ldst_stride_trans'
[00:30:41] [spechunter] [Grep] pattern='decode_opcode|decode_insn|decode.*0000111|decode.*0100111'
[00:30:41] [spechunter] [Grep] pattern='struct r2nfvm|struct rnfvm|fields.*r2nfvm|fields.*rnfvm'
[00:30:41] [spechunter] [Grep] pattern='nf.*8|rs1.*5|rs2.*5|%nf|%rs1|%rd|%rs2'
[00:30:57] [spechunter] [text] Now let me look for CHERI-specific patterns in the vector and memory access code.  
[00:30:57] [spechunter] [Grep] pattern='cheri|CHERI|cap_check|cap_load|cap_store|cheri_tag'
[00:30:57] [spechunter] [Grep] pattern='base.*x0|x0.*base|rs1.*0|base.*zero|reg_num.*0.*load|base.*==.*0'
[00:30:57] [spechunter] [Grep] pattern='vse|vlse|vsse|vluxei|vloxei|vsuxei|vsoxei'
[00:31:13] [spechunter] [Grep] pattern='decode_insn32'
[00:31:13] [spechunter] [Grep] pattern='decode_v|decode_op_v|trans_'
[00:31:13] [spechunter] [Glob] target/riscv/insn32.decode.c
[00:31:13] [spechunter] [Glob] target/riscv/insn32-*.gen.c
[00:31:13] [spechunter] [Glob] target/riscv/decode-*.c.inc
[00:31:14] [spechunter] [text] Let me also check the vector helper implementations for the actual memory access paths and look for CHERI-specific code
[00:31:14] [spechunter] [Read] /home/yzs/riscv/qemu/target/riscv/vector_helper.c
[00:31:14] [spechunter] [Grep] pattern='cheri|CHERI|capability'
[00:31:24] [spechunter] [Glob] target/riscv/*decode*
[00:31:24] [spechunter] [Glob] target/riscv/*.decode
[00:31:24] [spechunter] [Grep] pattern='decode_insn32|include.*insn32\\.decode'
[00:31:24] [spechunter] [Grep] pattern='r2nfvm|rnfvm'
[00:31:36] [spechunter] [text] Let me also check for CHERI-related files anywhere in the tree and look at the indexed load/store decode more carefully....
[00:31:36] [spechunter] [Grep] pattern='cheri'
[00:31:36] [spechunter] [Read] /home/yzs/riscv/qemu/target/riscv/insn32.decode
[00:31:36] [spechunter] [Read] /home/yzs/riscv/qemu/target/riscv/insn_trans/trans_rvv.c.inc
[00:31:36] [spechunter] [Read] /home/yzs/riscv/qemu/target/riscv/insn_trans/trans_rvv.c.inc
[00:31:36] [spechunter] [Read] /home/yzs/riscv/qemu/target/riscv/insn_trans/trans_rvv.c.inc
[00:31:36] [spechunter] [Read] /home/yzs/riscv/qemu/target/riscv/insn_trans/trans_rvv.c.inc
[00:31:36] [spechunter] [Read] /home/yzs/riscv/qemu/target/riscv/vector_helper.c
[00:31:49] [spechunter] [Grep] pattern='always_true_p'
[00:31:59] [spechunter] [Grep] pattern='vloxei|vuxei|vsoxei|vsuxei|rs1.*x0|x0.*base|base.*=.*0'
[00:31:59] [spechunter] [Read] /home/yzs/riscv/qemu/target/riscv/insn_trans/trans_rvv.c.inc
[00:31:59] [spechunter] [Read] /home/yzs/riscv/qemu/target/riscv/insn32.decode
[00:31:59] [spechunter] [Grep] pattern='get_address'
[00:31:59] [spechunter] [Read] /home/yzs/riscv/qemu/target/riscv/insn32.decode
[00:31:59] [spechunter] [Read] /home/yzs/riscv/qemu/target/riscv/insn_trans/trans_rvv.c.inc
[00:31:59] [spechunter] [Read] /home/yzs/riscv/qemu/target/riscv/vector_helper.c
[00:32:23] [spechunter] [Grep] pattern='@r2_nfvm|@r_nfvm'
[00:32:23] [spechunter] [Grep] pattern='vext_check_ld_index'
[00:32:23] [spechunter] [Read] /home/yzs/riscv/qemu/target/riscv/vector_helper.c
[00:32:23] [spechunter] [Read] /home/yzs/riscv/qemu/target/riscv/vector_helper.c
[00:32:23] [spechunter] [Grep] pattern='adjust_addr'
[00:32:23] [spechunter] [Grep] pattern='DEF_HELPER.*vle|DEF_HELPER.*vse|DEF_HELPER.*vlse|DEF_HELPER.*vsse|DEF_HELPER.*vlxei|DEF_HELPER.*vsxei'
[00:32:40] [spechunter] [Read] /home/yzs/riscv/qemu/target/riscv/insn_trans/trans_rvv.c.inc
[00:32:40] [spechunter] [Grep] pattern='lumop|sumop|mop'
[00:32:52] [spechunter] [Read] /home/yzs/riscv/qemu/target/riscv/insn_trans/trans_rvv.c.inc
[00:32:52] [spechunter] [Read] /home/yzs/riscv/qemu/target/riscv/insn32.decode
[00:32:52] [spechunter] [Grep] pattern='reserved.*base|base.*reserved|rs1.*reserved'
[00:32:52] [spechunter] [Grep] pattern='adjust_addr'
[00:33:16] [spechunter] [Grep] pattern='adjust_addr'
[00:33:16] [spechunter] [Grep] pattern='gen_load\\b|gen_store\\b'
[00:33:16] [spechunter] [Read] /home/yzs/riscv/qemu/target/riscv/insn_trans/trans_rvv.c.inc
[00:33:44] [spechunter] [Grep] pattern='adjust_addr'
[00:33:44] [spechunter] [Grep] pattern='adjust_addr'
[00:33:44] [spechunter] [Grep] pattern='static.*adjust_addr|inline.*adjust_addr'
[00:33:58] [spechunter] [text] Now let me look at how the decoded fields specifically interact with x0 for vector indexed instructions
[00:33:58] [spechunter] [Read] /home/yzs/riscv/qemu/target/riscv/insn32.decode
[00:33:58] [spechunter] [Grep] pattern='require_rvv|vext_check_isa_ill'
[00:34:06] [spechunter] [Read] /home/yzs/riscv/qemu/target/riscv/internals.h
[00:34:06] [spechunter] [Grep] pattern='capability|authoriz|cap_auth|cap_check|cap_load|cap_store'
[00:34:06] [spechunter] [Read] /home/yzs/riscv/qemu/target/riscv/insn_trans/trans_rvi.c.inc
[00:34:26] [spechunter] [Grep] pattern='trans_vle8_v|trans_vse8_v|trans_vlse8_v|trans_vsse8_v|trans_vlxei8_v|trans_vsxei8_v'
[00:34:26] [spechunter] [Grep] pattern='0000111|0100111|LOAD_FP|STORE_FP|loadfp|storefp'
[00:34:26] [spechunter] [Grep] pattern='bool trans_vle|bool trans_vse|bool trans_vlse|bool trans_vsse|bool trans_vlxei|bool trans_vsxei'
[00:34:53] [spechunter] [Bash] Check git branches and recent commits
[00:34:53] [spechunter] [Grep] pattern='reserved|illegal|exception'
[00:34:53] [spechunter] [Grep] pattern='gen_exception_illegal'
[00:35:25] [spechunter] [Read] /home/yzs/riscv/qemu/target/riscv/insn32.decode
[00:35:25] [spechunter] [Grep] pattern='r2nfvm|arg_r2nfvm|r_nfvm|arg_rnfvm|&r2nfvm|&rnfvm'
[00:35:25] [spechunter] [Grep] pattern='r2nfvm|rnfvm'
[00:35:37] [spechunter] [Read] /home/yzs/riscv/qemu/target/riscv/translate.c
[00:35:37] [spechunter] [Grep] pattern='cheri|capabilit'
[00:35:37] [spechunter] [Grep] pattern='cheri|caphw|capmode|cappriv'
[00:38:48] [spechunter] [text] Let me confirm a few critical line numbers before writing the final report.  
[00:38:48] [spechunter] [Read] /home/yzs/riscv/qemu/target/riscv/insn_trans/trans_rvv.c.inc
[00:38:48] [spechunter] [Read] /home/yzs/riscv/qemu/target/riscv/insn_trans/trans_rvv.c.inc
[00:38:48] [spechunter] [Read] /home/yzs/riscv/qemu/target/riscv/translate.c
[00:39:06] [spechunter] [Read] /home/yzs/riscv/qemu/target/riscv/insn_trans/trans_rvv.c.inc
[00:39:06] [spechunter] [Read] /home/yzs/riscv/qemu/target/riscv/insn_trans/trans_rvv.c.inc
[00:39:06] [spechunter] [Read] /home/yzs/riscv/qemu/target/riscv/insn_trans/trans_rvv.c.inc
[00:39:06] [spechunter] [Read] /home/yzs/riscv/qemu/target/riscv/insn_trans/trans_rvv.c.inc
[00:39:06] [spechunter] [Read] /home/yzs/riscv/qemu/target/riscv/insn_trans/trans_rvv.c.inc
[00:39:16] [spechunter] [text] Let me also verify the stride/index/whole/ldff trans functions and check for any existing CHERI capability-check pattern...
[00:39:16] [spechunter] [Read] /home/yzs/riscv/qemu/target/riscv/insn_trans/trans_rvv.c.inc
[00:39:16] [spechunter] [Read] /home/yzs/riscv/qemu/target/riscv/insn_trans/trans_rvv.c.inc
[00:39:16] [spechunter] [Read] /home/yzs/riscv/qemu/target/riscv/insn_trans/trans_rvv.c.inc
[00:39:16] [spechunter] [Read] /home/yzs/riscv/qemu/target/riscv/insn_trans/trans_rvv.c.inc
[00:39:32] [spechunter] [text] Now let me check if there are any existing CHERI or capability-based patterns elsewhere in the codebase, since the non-v...
[00:39:32] [spechunter] [Grep] pattern='cheri|CHERI'
[00:39:32] [spechunter] [Grep] pattern='gen_exception_illegal|illegal_insn'
[00:39:32] [spechunter] [Grep] pattern='cap_check|cap_load|cap_store|authoriz'
[00:40:11] [spechunter] [Grep] pattern='static.*get_address'
[00:40:11] [spechunter] [Grep] pattern='vext_check_ld_index|vext_check_st_index|vext_check_load|vext_check_store'
[00:40:11] [spechunter] [Read] /home/yzs/riscv/qemu/target/riscv/insn_trans/trans_rvv.c.inc
[00:40:17] [spechunter] [Read] /home/yzs/riscv/qemu/target/riscv/insn_trans/trans_rvv.c.inc
[00:42:13] [spechunter] [text] Now I have a complete picture. Here is the archaeological report:  ```json {   "vulnerability": {     "id": "cheri-vecto...
[00:42:42] [spechunter] [text] Let me search the codebase for relevant locations related to this PR's change (vector+CHERI enablement, indexed load bas...
[00:42:42] [spechunter] [Agent] description, subagent_type
[00:43:10] [spechunter] [Grep] pattern='vext.*enable|vector.*enable|enable.*vector|enable.*vext|ext_v.*true|ext_v.*false'
[00:43:10] [spechunter] [Grep] pattern='x0.*base|base.*x0|indexed.*load|indexed.*store|vl[xs]ei|vs[xs]ei'
[00:43:10] [spechunter] [Grep] pattern='scountinhibit|scounteren'
[00:43:10] [spechunter] [Grep] pattern='cheri|CHERI|capability'
[00:43:10] [spechunter] [Grep] pattern='CDE|cde'
[00:43:30] [spechunter] [Grep] pattern='ratif|v1\\b|_1_0|PRIV_VERSION|vext|vector.*ext|ext_v\\b'
[00:43:30] [spechunter] [Grep] pattern='riscv_cpu_vector_enabled|vector.*disable|vector.*gate|vext.*gate'
[00:43:30] [spechunter] [Bash] Show recent git log
[00:43:30] [spechunter] [Grep] pattern='vector_enabled|vector|riscv_vector'
[00:43:44] [spechunter] [Bash] Show commit details for the fix-scountinhibit-cde commit
[00:43:44] [spechunter] [Bash] Show diff for the fix-scountinhibit-cde commit
[00:43:44] [spechunter] [Read] /home/yzs/riscv/qemu/target/riscv/cpu_helper.c
[00:43:44] [spechunter] [Read] /home/yzs/riscv/qemu/target/riscv/csr.c
[00:43:44] [spechunter] [Read] /home/yzs/riscv/qemu/target/riscv/csr.c
[00:44:28] [spechunter] [Grep] pattern='cheri|capability|cap_'
[00:44:28] [spechunter] [Grep] pattern='cheri|capability'
[00:44:28] [spechunter] [Grep] pattern='cheri|capability'
[00:44:28] [spechunter] [Read] /home/yzs/riscv/qemu/target/riscv/insn_trans/trans_rvv.c.inc
[00:44:28] [spechunter] [Bash] Show current branch info
[00:44:52] [spechunter] [Grep] pattern='cheri'
[00:44:52] [spechunter] [Read] /home/yzs/riscv/qemu/target/riscv/cpu.c
[00:44:52] [spechunter] [Read] /home/yzs/riscv/qemu/target/riscv/cpu.c
[00:44:52] [spechunter] [Grep] pattern='VEXT_VERSION|vext_ver'
[00:44:52] [spechunter] [Grep] pattern='x0.*=.*zero|rs1.*x0|zero.*base|base.*zero.reg'
[00:44:52] [spechunter] [Grep] pattern='vlxei|vsxei|ld_index|st_index'
[00:45:18] [spechunter] [Grep] pattern='rva22|rva23|profile.*v\\b|\\.ext_v\\b|ext_v\\s*=|ext_v,'
[00:45:18] [spechunter] [Grep] pattern='r_nfvm'
[00:45:18] [spechunter] [Grep] pattern='riscv_has_ext.*RV'
[00:45:18] [spechunter] [Read] /home/yzs/riscv/qemu/target/riscv/cpu_cfg_fields.h.inc
[00:45:18] [spechunter] [Bash] Show recent git history for target/riscv/cpu.c
[00:46:12] [spechunter] [Read] /home/yzs/riscv/qemu/target/riscv/cpu_cfg_fields.h.inc
[00:46:12] [spechunter] [Read] /home/yzs/riscv/qemu/target/riscv/cpu.c
[00:46:12] [spechunter] [Read] /home/yzs/riscv/qemu/target/riscv/cpu.c
[00:46:12] [spechunter] [Grep] pattern='ext_v\\b'
[00:46:34] [spechunter] [Grep] pattern='RVV\\b'
[00:46:34] [spechunter] [Read] /home/yzs/riscv/qemu/target/riscv/cpu.h
[00:46:34] [spechunter] [Read] /home/yzs/riscv/qemu/target/riscv/tcg/tcg-cpu.c
[00:46:34] [spechunter] [Read] /home/yzs/riscv/qemu/target/riscv/tcg/tcg-cpu.c
[00:46:34] [spechunter] [Grep] pattern='RISCV_CPU_TYPE|DEFINE_VENDOR_CPU'
[00:46:59] [spechunter] [Read] /home/yzs/riscv/qemu/target/riscv/vector_helper.c
[00:46:59] [spechunter] [Grep] pattern='zero.*rs1|rs1.*zero|base.*zero|x0.*reserv|reserv.*x0|is_x0|check.*x0|x0.*check|IS_ILLEGAL.*zero'
[00:46:59] [spechunter] [Read] /home/yzs/riscv/qemu/target/riscv/insn_trans/trans_rvv.c.inc
[00:46:59] [spechunter] [Read] /home/yzs/riscv/qemu/target/riscv/cpu.c
[00:47:55] [spechunter] [Read] /home/yzs/riscv/qemu/target/riscv/tcg/tcg-cpu.c
[00:47:55] [spechunter] [Grep] pattern='require_rvv|vext_check_isa_ill|has_ext.*RVV'
[00:47:55] [spechunter] [Read] /home/yzs/riscv/qemu/target/riscv/insn_trans/trans_rvv.c.inc
[00:47:55] [spechunter] [Bash] Git log for trans_rvv.c.inc
[00:47:55] [spechunter] [Grep] pattern='cheri|xcheri|capmode|cap_load|cap_store|cap_addr|cheri_cap'
[00:48:14] [spechunter] [Read] /home/yzs/riscv/qemu/target/riscv/insn_trans/trans_rvv.c.inc
[00:48:14] [spechunter] [Read] /home/yzs/riscv/qemu/target/riscv/insn_trans/trans_rvv.c.inc
[00:48:14] [spechunter] [Read] /home/yzs/riscv/qemu/target/riscv/csr.c
[00:48:14] [spechunter] [Grep] pattern='cheri'
[00:48:14] [spechunter] [Bash] Most recent changes to trans_rvv.c.inc
[00:48:55] [spechunter] [Grep] pattern='vle8|vle16|vle32|vle64|vse8|vse16|vse32|vse64'
[00:48:55] [spechunter] [Grep] pattern='load.*check|check.*load|ld_us.*check|unit-stride'
[00:48:55] [spechunter] [Read] /home/yzs/riscv/qemu/target/riscv/insn_trans/trans_rvv.c.inc
[00:48:55] [spechunter] [Read] /home/yzs/riscv/qemu/target/riscv/insn_trans/trans_rvv.c.inc
[00:49:05] [spechunter] [Grep] pattern='rvv_vsetvl_x0_vill|VILL.*vset|vsetvl.*x0'
[00:49:05] [spechunter] [Grep] pattern='VILL|vill.*true|vill.*false|mstatus_vs.*DISABLED'
[00:49:05] [spechunter] [Grep] pattern='MENVCFG_CDE'
[00:49:05] [spechunter] [Read] /home/yzs/riscv/qemu/target/riscv/cpu.c
[00:49:24] [spechunter] [Read] /home/yzs/riscv/qemu/target/riscv/vector_helper.c
[00:49:24] [spechunter] [Grep] pattern='vill|mstatus_vs|VS_ILLEGAL|vill'
[00:49:24] [spechunter] [Read] /home/yzs/riscv/qemu/target/riscv/tcg/tcg-cpu.c
[00:49:24] [spechunter] [Grep] pattern='vstart.*write|write_vstart|vsstart'
[00:49:42] [spechunter] [Grep] pattern='vill|mstatus_vs|VS_ILLEGAL|EXT_STATUS|mstatus.*VS'
[00:49:42] [spechunter] [Grep] pattern='vill|mstatus_vs|EXT_STATUS_DISABLED'
[00:49:42] [spechunter] [Read] /home/yzs/riscv/qemu/target/riscv/cpu.h
[00:49:42] [spechunter] [Read] /home/yzs/riscv/qemu/target/riscv/csr.c
[00:50:08] [spechunter] [Grep] pattern='cpu_get_tb_cpu_state'
[00:50:08] [spechunter] [Read] /home/yzs/riscv/qemu/target/riscv/csr.c
[00:50:08] [spechunter] [Read] /home/yzs/riscv/qemu/target/riscv/cpu.c
[00:50:21] [spechunter] [Grep] pattern='cpu_get_tb_cpu_state'
[00:50:25] [spechunter] [Grep] pattern='cpu_get_tb_cpu_state'
[00:50:39] [spechunter] [Grep] pattern='get_tb_cpu_state|tb_cpu_state'
[00:50:39] [spechunter] [Read] /home/yzs/riscv/qemu/target/riscv/cpu.c
[00:50:39] [spechunter] [Read] /home/yzs/riscv/qemu/target/riscv/csr.c
[00:50:50] [spechunter] [Grep] pattern='cpu_get_tb_cpu_state|vill|mstatus_vs|VS.*DISABLED'
[00:50:50] [spechunter] [Bash] Check current branch status and recent RISC-V commits
[00:51:09] [spechunter] [Bash] Search git log for vector and CHERI related commits
[00:51:09] [spechunter] [Grep] pattern='tb_flags|TB_FLAGS.*VSEW|TB_FLAGS.*VILL|TB_FLAGS.*LMUL|vill.*env'
[00:51:09] [spechunter] [Read] /home/yzs/riscv/qemu/target/riscv/tcg/tcg-cpu.c
[00:51:09] [spechunter] [Read] /home/yzs/riscv/qemu/target/riscv/insn_trans/trans_rvv.c.inc
[00:51:38] [spechunter] [Grep] pattern='rs1.*get_gpr|get_gpr.*rs1'
[00:51:38] [spechunter] [Read] /home/yzs/riscv/qemu/target/riscv/csr.c
[00:51:38] [spechunter] [Read] /home/yzs/riscv/qemu/target/riscv/csr.c
[00:51:58] [spechunter] [Read] /home/yzs/riscv/qemu/target/riscv/tcg/tcg-cpu.c
[00:51:58] [spechunter] [Grep] pattern='spec.*hunter|sphunter|pr-2571'
[00:52:55] [spechunter] [Grep] pattern='rs1.*==.*0|rs1.*!=.*0|x0.*check|illegal.*base|base.*illegal|reserved.*encod'
[00:52:55] [spechunter] [Grep] pattern='vle8_v|vle16_v|vle32_v|vle64_v|r_nfvm'
[00:52:55] [spechunter] [Read] /home/yzs/riscv/qemu/target/riscv/insn32.decode
[00:52:55] [spechunter] [Grep] pattern='vext_check_input_eew'
[00:53:19] [spechunter] [Read] /home/yzs/riscv/qemu/target/riscv/insn_trans/trans_rvv.c.inc
[00:53:19] [spechunter] [Read] /home/yzs/riscv/qemu/target/riscv/insn_trans/trans_rvv.c.inc
[00:53:19] [spechunter] [Read] /home/yzs/riscv/qemu/target/riscv/insn_trans/trans_rvv.c.inc
[00:57:31] [spechunter] [text] Now let me look at the specific files referenced in the exploration to verify exact line numbers for the most relevant l...
[00:57:31] [spechunter] [Read] /home/yzs/riscv/qemu/target/riscv/tcg/tcg-cpu.c
[00:57:31] [spechunter] [Read] /home/yzs/riscv/qemu/target/riscv/tcg/tcg-cpu.c
[00:57:31] [spechunter] [Read] /home/yzs/riscv/qemu/target/riscv/insn_trans/trans_rvv.c.inc
[00:57:42] [spechunter] [Read] /home/yzs/riscv/qemu/target/riscv/tcg/tcg-cpu.c
[00:57:42] [spechunter] [Read] /home/yzs/riscv/qemu/target/riscv/insn_trans/trans_rvv.c.inc
[00:57:42] [spechunter] [Read] /home/yzs/riscv/qemu/target/riscv/cpu_helper.c
[00:58:06] [spechunter] [text] Now let me check if there are any files in the current diff showing what the PR might change.  
[00:58:06] [spechunter] [Bash] Check recent commits on this branch
[00:58:06] [spechunter] [Bash] Check what files the top commit changes
[00:58:40] [spechunter] [text] Now let me verify the actual change on this branch
[00:58:40] [spechunter] [Bash] Show the actual csr.c diff in HEAD commit
[00:59:12] [spechunter] [text] Based on my analysis:  - **Fast-path**: empty (no entity-index matches) - **Slow-path**: all 15 entries are `:0-0` with ...
[00:59:37] [spechunter] [Agent] description, prompt
[00:59:55] [spechunter] [Glob] target/riscv/insn_trans/trans_rvv*.inc
[00:59:55] [spechunter] [Glob] target/riscv/*cheri*
[00:59:55] [spechunter] [Glob] target/riscv/*vector*
[00:59:55] [spechunter] [Bash] Show recent commits on fix-scountinhibit-cde branch
[01:00:38] [spechunter] [Grep] pattern='rs1.*x0|x0.*rs1|zero.*rs1|rs1.*zero'
[01:00:38] [spechunter] [Grep] pattern='require_no_cap|cap_check|capability|cheri.*vector|vector.*cheri'
[01:00:38] [spechunter] [Grep] pattern='require_no_cap|cap_check|capability|cheri.*vector|vector.*cheri'
[01:00:38] [spechunter] [Bash] View commit messages on the branch
[01:00:38] [spechunter] [Bash] Show files changed on the branch
[01:01:24] [spechunter] [Bash] Check current git branch
[01:01:24] [spechunter] [Grep] pattern='get_gpr.*rs1|s->rs1'
[01:01:24] [spechunter] [Grep] pattern='vext_ldst|vector_load|vector_store'
[01:01:24] [spechunter] [Grep] pattern='cheri|capability|cap_check|require_no_cap|cap_check_vector'
[01:01:44] [spechunter] [Grep] pattern='cheri|capability|cap_check|require_no_cap'
[01:01:44] [spechunter] [Bash] See only the branch's own commit on top of base
[01:01:44] [spechunter] [Bash] Graph view of branch history
[01:02:07] [spechunter] [Bash] Show current HEAD commits
[01:02:07] [spechunter] [Bash] Find merge base between current HEAD and the branch
[01:02:32] [spechunter] [Bash] Show the commit details for the CDE fix
[01:02:32] [spechunter] [Grep] pattern='scountinhibit.*cde|cde.*scountinhibit'
[01:02:32] [spechunter] [Grep] pattern='scountinhibit'
[01:02:32] [spechunter] [Grep] pattern='cheri'
[01:02:56] [spechunter] [Bash] Look for CHERI-related branches
[01:02:56] [spechunter] [Bash] Look for CHERI-related tags
[01:02:56] [spechunter] [Bash] Show full diff for the CDE commit
[01:03:17] [spechunter] [Bash] Show full diff for the CDE commit
[01:03:17] [spechunter] [Grep] pattern='cheri|capability|cap_check|require_cap|gen_load_cap|gen_store_cap|is_cap|cap_mode'
[01:03:17] [spechunter] [Grep] pattern='vext_ldst_us|vext_ldst_stride|vext_ldst_index|vext_ldst_whole|vext_ldst_ff'
[01:03:33] [spechunter] [Grep] pattern='rs1 == 0|rs1 == x0|rs1_is_zero|is_x0|is_zero_rs1'
[01:03:33] [spechunter] [Grep] pattern='cheri|cherry|capcheck|cap_check|cap_load|cap_store'
[01:03:33] [spechunter] [Read] /home/yzs/riscv/qemu/target/riscv/insn_trans/trans_rvv.c.inc
[01:03:53] [spechunter] [Grep] pattern='cheri|capability.*check|cap_check|require_no_cap|gen_load_cap|is_capability'
[01:03:53] [spechunter] [Read] /home/yzs/riscv/qemu/target/riscv/insn_trans/trans_rvv.c.inc
[01:03:53] [spechunter] [Read] /home/yzs/riscv/qemu/target/riscv/insn_trans/trans_rvv.c.inc
[01:03:53] [spechunter] [Read] /home/yzs/riscv/qemu/target/riscv/insn_trans/trans_rvv.c.inc
[01:04:12] [spechunter] [Read] /home/yzs/riscv/qemu/target/riscv/insn_trans/trans_rvv.c.inc
[01:04:12] [spechunter] [Grep] pattern='get_gpr'
[01:04:12] [spechunter] [Grep] pattern='static inline TCGv get_gpr|TCGv get_gpr'
[01:04:12] [spechunter] [Grep] pattern='base|ldst|load|store'
[01:04:38] [spechunter] [Read] /home/yzs/riscv/qemu/target/riscv/vector_helper.c
[01:04:38] [spechunter] [Read] /home/yzs/riscv/qemu/target/riscv/translate.c
[01:04:38] [spechunter] [Grep] pattern='ctx->zero'
[01:04:38] [spechunter] [Grep] pattern='vext_check_load|vext_check_store'
[01:04:50] [spechunter] [Read] /home/yzs/riscv/qemu/target/riscv/insn_trans/trans_rvv.c.inc
[01:04:50] [spechunter] [Grep] pattern='capability|require_no_cap|cap_check|cheri.*check|check.*cheri|chkcap|cap_load|cap_store'
[01:04:50] [spechunter] [Grep] pattern='cheri|capability.*mode|cap_mode|is_cap'
[01:05:13] [spechunter] [Grep] pattern='cheri|capability|cap_check|require_no_cap'
[01:05:13] [spechunter] [Grep] pattern='cheri|capability|cap_check|require_no_cap'
[01:05:13] [spechunter] [Grep] pattern='require_no_cap|capability_check|cap_check_vector|gen_load_cap|gen_store_cap'
[01:05:58] [spechunter] [Grep] pattern='ldst_seg'
[01:05:58] [spechunter] [Grep] pattern='GEN_VEXT_LD_ELEM|GEN_VEXT_ST_ELEM|HELPER\\(vl|HELPER\\(vs'
[01:05:58] [spechunter] [Read] /home/yzs/riscv/qemu/target/riscv/vector_helper.c
[01:05:58] [spechunter] [Read] /home/yzs/riscv/qemu/target/riscv/insn_trans/trans_rvv.c.inc
[01:06:14] [spechunter] [Grep] pattern='uint32_t rs1.*uint32_t rs2|ldst_seg_trans|seg_trans'
[01:06:14] [spechunter] [Grep] pattern='ld_us_check|st_us_check|ld_us_op|st_us_op'
[01:06:23] [spechunter] [Read] /home/yzs/riscv/qemu/target/riscv/insn_trans/trans_rvv.c.inc
[01:06:23] [spechunter] [Read] /home/yzs/riscv/qemu/target/riscv/insn_trans/trans_rvv.c.inc
[01:06:23] [spechunter] [Grep] pattern='require_rvv|vext_check_isa_ill'
[01:06:58] [spechunter] [Grep] pattern='vext_check_isa_ill'
[01:06:58] [spechunter] [Read] /home/yzs/riscv/qemu/target/riscv/vector_helper.c
[01:06:58] [spechunter] [Grep] pattern='rs1.*base|base.*rs1'
[01:07:13] [spechunter] [Grep] pattern='seg_trans|seg_op|seg_check'
[01:07:13] [spechunter] [Grep] pattern='vext_ld_elemfn|vext_st_elemfn'
[01:07:13] [spechunter] [Grep] pattern='cpu_bits\\.h"'
[01:08:12] [spechunter] [Grep] pattern='ldst_us_trans|ldst_stride_trans|ldst_index_trans|ldff_trans|ldst_whole_trans'
[01:08:12] [spechunter] [Grep] pattern='seg.*trans|seg.*op|seg.*check'
[01:08:12] [spechunter] [Grep] pattern='vle8_v|vle16_v|vle32_v|vle64_v|vse8_v|vse16_v|vse32_v|vse64_v|vlse|vsse|vlxei|vsxei|vleff'
[01:08:12] [spechunter] [Grep] pattern='MENVCFG_CDE'
[01:08:24] [spechunter] [Grep] pattern='seg_load|seg_store|segment.*load|segment.*store|vlsseg|vssseg'
[01:08:24] [spechunter] [Grep] pattern='ld_seg|st_seg|vlsseg|vssseg'
[01:08:24] [spechunter] [Grep] pattern='segment'
[01:08:57] [spechunter] [Read] /home/yzs/riscv/qemu/target/riscv/insn_trans/trans_rvv.c.inc
[01:08:57] [spechunter] [Grep] pattern='^static bool ld_|^static bool st_'
[01:09:05] [spechunter] [Grep] pattern='seg_ld|seg_st'
[01:09:05] [spechunter] [Grep] pattern='vlsege|vlsseg|vssege|vssseg'
[01:09:05] [spechunter] [Grep] pattern='NFIELD|nf.*segment'
[01:10:43] [spechunter] [Grep] pattern='vlseg|vsseg'
[01:10:43] [spechunter] [Grep] pattern='segment.*load|load.*segment'
[01:10:43] [spechunter] [Grep] pattern='GEN_VEXT_TRANS.*seg'
[01:11:26] [spechunter] [Read] /home/yzs/riscv/qemu/target/riscv/insn_trans/trans_rvv.c.inc
[01:11:26] [spechunter] [Bash] Show full diff of the CDE fix commit
[01:11:26] [spechunter] [Grep] pattern='gen_vle|gen_vse|gen_vlse|gen_vsse|gen_vlxei|gen_vsxei'
[01:12:38] [spechunter] [text] Let me verify the key code locations directly.  
[01:12:38] [spechunter] [Grep] pattern='cheri|CHERI|capability'
[01:12:38] [spechunter] [Grep] pattern='rs1.*==.*0|base.*x0|x0.*base|rs1.*zero|zero.*base'
[01:12:38] [spechunter] [Bash] Show recent commits on current branch
[01:13:00] [spechunter] [text] Let me read the key translation functions and check for CHERI spec references
[01:13:00] [spechunter] [Read] /home/yzs/riscv/qemu/target/riscv/insn_trans/trans_rvv.c.inc
[01:13:00] [spechunter] [Read] /home/yzs/riscv/qemu/target/riscv/insn_trans/trans_rvv.c.inc
[01:13:00] [spechunter] [Read] /home/yzs/riscv/qemu/target/riscv/insn_trans/trans_rvv.c.inc
[01:13:00] [spechunter] [Read] /home/yzs/riscv/qemu/target/riscv/insn_trans/trans_rvv.c.inc
[01:13:00] [spechunter] [Read] /home/yzs/riscv/qemu/target/riscv/insn_trans/trans_rvv.c.inc
[01:13:00] [spechunter] [Bash] Check for CHERI spec references
[01:13:20] [spechunter] [text] Let me check the CHERI spec for the x0 base register encoding rule for vector load/store instructions.  
[01:13:20] [spechunter] [Bash] List CHERI spec directory
[01:13:36] [spechunter] [Grep] pattern='vector.*load.*x0|vector.*store.*x0|reserved.*vector|base.*zero.*vector|rs1.*zero'
[01:13:36] [spechunter] [Grep] pattern='vector.*load.*x0|vector.*store.*x0|reserved.*vector|base.*zero.*vector'
[01:14:02] [spechunter] [Read] /home/yzs/riscv/rv-isa-sec/spec_ref/riscv-cheri/src/cheri/vector-integration.adoc
[01:14:02] [spechunter] [Read] /home/yzs/riscv/rv-isa-sec/spec_ref/riscv-cheri/src/v-st-ext.adoc
[01:14:57] [spechunter] [Grep] pattern='get_gpr'
[01:14:57] [spechunter] [Grep] pattern='x0|reserved.*base|base.*reserved'
[01:15:21] [spechunter] [text] Let me verify that there's no partial CHERI infrastructure in the translation layer
[01:15:21] [spechunter] [Grep] pattern='cheri|cap_|CAP_|has_cheri|cheri_enabled'
[01:15:21] [spechunter] [Grep] pattern='rs1 == 0.*reserved|reserved.*rs1|require.*no.*x0|base.*null|NULL.*cap'
[01:16:25] [spechunter] [text] Now I have a complete picture. Let me compile the findings.  Based on my analysis:  1. The CHERI spec at `riscv-cheri/sr...
