[16:16:44] [spechunter] PR loaded: #168 riscv/riscv-p-spec — "Fix encoding"
[16:16:44] [spechunter]   diff: 14635 chars  body: 144 chars  reviews: 0
[16:16:44] [spechunter] Global pre-filter running...
[16:16:53] [spechunter] [text] {"should_skip": false}
[16:16:55] [spechunter] pre-filter: should_skip=False reason=""
[16:17:05] [spechunter] [text] {"should_skip": true, "skip_reason": "P-extension instruction encoding fixes are purely CPU-level ISA changes with no M-...
[16:17:06] [spechunter] [text] {"should_skip": true, "skip_reason": "P-extension (packed SIMD) is not supported by the Linux kernel; these are encoding...
[16:17:11] [spechunter] [text] {"should_skip": true, "skip_reason": "P-extension SIMD encoding fixes in a proposal spec; FreeBSD does not support P-ext...
[16:17:12] [spechunter] [Agent] description, subagent_type
[16:17:13] [spechunter] [text] {"should_skip": true, "skip_reason": "The P extension (Packed SIMD) is not implemented in QEMU and is not a ratified RIS...
[16:17:40] [spechunter] [Grep] pattern='P[-\\s]?ext'
[16:17:40] [spechunter] [Grep] pattern='\\bPADD\\b'
[16:17:40] [spechunter] [Grep] pattern='\\bPSLL\\b'
[16:17:40] [spechunter] [Grep] pattern='\\bPREDSUM\\b'
[16:17:40] [spechunter] [Grep] pattern='\\bPMSEQ\\b'
[16:17:40] [spechunter] [Grep] pattern='\\bPMSLT\\b'
[16:17:40] [spechunter] [Grep] pattern='packed.?SIMD|packedsimd'
[16:17:40] [spechunter] [Glob] **/*Extension*
[16:17:40] [spechunter] [Glob] **/*extension*
[16:17:40] [spechunter] [Glob] **/*isa*
[16:18:13] [spechunter] [Grep] pattern='packed.?SIMD|packedsimd'
[16:18:13] [spechunter] [Grep] pattern='\\bP\\b.*ext|PEXT|p_ext|Pext'
[16:18:13] [spechunter] [Grep] pattern='P\\.B|P\\.H|P\\.W|P\\.D'
[16:18:13] [spechunter] [Grep] pattern='Zpn|Zpsfoperand|Zpbp|Zpn|Zprvsfextra|XTheadP'
[16:18:13] [spechunter] [Glob] **/SubsystemExt**
[16:18:13] [spechunter] [Grep] pattern='ISAExt|isaExt|isa_ext|HasExt|extList|ext.list'
[16:18:43] [spechunter] [Grep] pattern='P\\.[BHDW]'
[16:18:43] [spechunter] [Grep] pattern='P\\.[BHDW]'
[16:18:43] [spechunter] [Grep] pattern='P\\.[BHDW]'
[16:18:43] [spechunter] [Grep] pattern='packed|SIMD|Pext|p.extension|p_extension'
[16:18:43] [spechunter] [Grep] pattern='extName|isaExt|ISAExt|extList|Extensions'
[16:18:43] [spechunter] [Grep] pattern='XS_p|XS_Z|HasExt'
[16:18:43] [spechunter] [Grep] pattern='\\bZpn\\b|\\bZps\\b|\\bZbp\\b|\\bP_extension\\b'
[16:19:04] [spechunter] [Grep] pattern='isFixP'
[16:19:04] [spechunter] [Grep] pattern='\\bHasExt\\b|\\bhasExt\\b|isaExt|extName'
[16:19:04] [spechunter] [Grep] pattern='\\bHasExt\\b|\\bhasExt\\b|isaExt|extName'
[16:19:04] [spechunter] [Grep] pattern='\\bHasExt\\b|\\bhasExt\\b|isaExt|extName'
[16:19:04] [spechunter] [Grep] pattern='misa.*P|MISA.*P|P_bit|bit.*15.*P'
[16:19:04] [spechunter] [Grep] pattern='zpn|zpsfoperand|zpbp|zprvsfextra'
[16:19:04] [spechunter] [Grep] pattern='RVP|rvpInstructions|X86P|theadp'
[16:19:30] [spechunter] [Grep] pattern='P.extension|P_ext|packedSIMD'
[16:19:30] [spechunter] [Grep] pattern='P.extension|P_ext|packedSIMD'
[16:19:30] [spechunter] [Grep] pattern='PADD|PSUB|PAND|POR|PXOR|PMAX|PMIN|PSLL|PSRL|PSRA|PADDW'
[16:19:30] [spechunter] [Grep] pattern='RV_P|rvp_instr|rvpInstr|PInstr'
[16:19:30] [spechunter] [Grep] pattern='custom0|custom1|custom2|custom3|custom0rd|custom1rd|custom2rd|custom3rd'
[16:19:54] [spechunter] [Grep] pattern='\\bPADD\\b'
[16:19:54] [spechunter] [Glob] **/decode/**
[16:19:54] [spechunter] [Grep] pattern='Instructions|instructions|OpcodeSet|opcodeSet|instrTable'
[16:19:54] [spechunter] [Grep] pattern='PADD|PSUB|PKADD|PKSUB|PMAX|PMIN|PSLL|PSRL|PSRA|PCLIP|PBSAD|PREDSUM|PMSEQ|PMSEQN|PMSLT|PMSLTU|PMCNT|PMCNTL|PABS|PSMAX|PSMIN|SMAL|SMUL|UMUL|KHM'
[16:19:54] [spechunter] [Grep] pattern='PADD|PSUB|PKADD|PKSUB|PMAX|PMIN|PSLL|PSRL|PSRA|PCLIP|PBSAD|PREDSUM|PMSEQ|PMSEQN|PMSLT|PMSLTU|PMCNT|PMCNTL|PABS|PSMAX|PSMIN|SMAL|SMUL|UMUL|KHM'
[16:20:13] [spechunter] [Grep] pattern='PADD|PSUB|PKADD|vsmul|P_EXT|P_ext|p_ext'
[16:20:13] [spechunter] [Grep] pattern='PADD|PSUB|PKADD|vsmul|P_EXT|P_ext|p_ext'
[16:20:13] [spechunter] [Grep] pattern='PADD|PSUB|PKADD|PSMAX|PSMIN|PMSEQ|PMSLT|vsmul'
[16:20:13] [spechunter] [Grep] pattern='VECTOR_VSMUL|vector_vsmul|VSMUL'
[16:20:13] [spechunter] [Grep] pattern='vsmul\\b'
[16:20:13] [spechunter] [Grep] pattern='\\bZpn\\b|\\bZpsfoperand\\b|\\bZpbp\\b'
[16:20:31] [spechunter] [Grep] pattern='vsmul'
[16:20:31] [spechunter] [Read] /home/yzs/riscv/XiangShan/src/main/scala/xiangshan/backend/decode/Instructions.scala
[16:20:31] [spechunter] [Grep] pattern='vsmul'
[16:20:31] [spechunter] [Grep] pattern='vsmul'
[16:20:55] [spechunter] [Grep] pattern='P\\b'
[16:20:55] [spechunter] [Grep] pattern='SIMD|simd'
[16:20:55] [spechunter] [Grep] pattern='supported isa ext'
[16:20:55] [spechunter] [Grep] pattern='HasVPU|HasMExtension|HasCExtension|HasHExtension|HasFPU|extList'
[16:20:55] [spechunter] [Grep] pattern='RVPBaseInstr|rvp\\\\.|RVP_'
[16:21:09] [spechunter] [Grep] pattern='HasP|Zpn|SIMD|PExtension'
[16:21:09] [spechunter] [Grep] pattern='HasP|Zpn|SIMD|PExtension'
[16:21:09] [spechunter] [Grep] pattern='HasP|Zpn|SIMD|PExtension'
[16:21:09] [spechunter] [Grep] pattern='\\bZpn\\b|\\bZps\\b|\\bZbp\\b|\\bXTheadP\\b|packed.?simd'
[16:21:24] [spechunter] [Grep] pattern='HasP|Zpn|SIMD|PExtension'
[16:21:24] [spechunter] [Grep] pattern='HasP|Zpn|SIMD|PExtension'
[16:21:24] [spechunter] [Grep] pattern='FType|FuType|Ftype|VimacType|VialuFixType|VpermType'
[16:21:24] [spechunter] [Grep] pattern='vsmul'
[16:21:24] [spechunter] [Grep] pattern='vsmul'
[16:21:36] [spechunter] [Glob] **/FuType.scala
[16:21:36] [spechunter] [Read] /home/yzs/riscv/XiangShan/src/main/scala/xiangshan/XSDts.scala
[16:21:40] [spechunter] [Grep] pattern='ISABase|ISAExtensions'
[16:21:40] [spechunter] [Read] /home/yzs/riscv/XiangShan/src/main/scala/xiangshan/backend/fu/FuType.scala
[16:21:45] [spechunter] [Grep] pattern='ISABase|ISAExtensions'
[16:22:24] [spechunter] [text] {"should_skip": true, "skip_reason": "XiangShan does not implement the RISC-V P-extension (packed SIMD); MISA.P bit is h...
