[16:22:25] [spechunter] PR loaded: #171 riscv/riscv-p-spec — "P-ext: add Load Immediate instruction definitions"
[16:22:25] [spechunter]   diff: 7733 chars  body: 176 chars  reviews: 0
[16:22:25] [spechunter] Global pre-filter running...
[16:22:30] [spechunter] [text] {"should_skip": false}
[16:22:32] [spechunter] pre-filter: should_skip=False reason=""
[16:22:43] [spechunter] [text] {"should_skip": true, "skip_reason": "P-extension packed SIMD immediate instructions are user-space-only instruction enc...
[16:22:44] [spechunter] [text] {"should_skip": true, "skip_reason": "P-ext load immediate instructions are user-mode only, operate on X registers, invo...
[16:22:46] [spechunter] [text] {"should_skip": false}
[16:22:52] [spechunter] [text] {"should_skip": true, "skip_reason": "P-ext packed SIMD load-immediate instructions are user-mode ALU operations on GPRs...
[16:23:12] [spechunter] [text] {"should_skip": true, "skip_reason": "P-ext (packed SIMD/DSP) is not part of the RV64GC profile that XiangShan implement...
[16:23:24] [spechunter] [text] ```json {   "violation_condition": "In QEMU TCG, when translating PLI.W/PLUI.W on RV32 (where XLEN=32, XLEN/32=1, so the...
[16:23:53] [spechunter] [Grep] pattern='PLI\\.B|PLI\\.H|PLI\\.W|PLI\\.DB|PLI\\.DH'
[16:23:53] [spechunter] [Grep] pattern='PLUI\\.H|PLUI\\.W|PLUI\\.DH'
[16:23:53] [spechunter] [Grep] pattern='trans_pli|gen_helper_pli|pli_b|pli_h|pli_w|plui_h|plui_w|pli_db|pli_dh|plui_dh'
[16:23:53] [spechunter] [Grep] pattern='load.immediate|load_immediate|p_ld_imm|packed.*load.*imm|OP_IMM_32.*pack'
[16:23:59] [spechunter] [Agent] description, prompt
[16:23:59] [spechunter] [Agent] description, prompt
[16:23:59] [spechunter] [Agent] description, prompt
[16:24:10] [spechunter] [text] No direct matches for the P-extension Load Immediate instructions in the RISC-V tree. Let me search more broadly for any...
[16:24:10] [spechunter] [Grep] pattern='p-ext|P.Ext|packed.*SIMD|p_simd|packed_simd|zpn|zpsfoperand|rv_p'
[16:24:10] [spechunter] [Grep] pattern='p-ext|P.Ext|packed.*SIMD|zpn|zpsfoperand|rv_p|load.immediate|pli|plui'
[16:24:10] [spechunter] [Grep] pattern='p-ext|P.Ext|packed.*SIMD|zpn'
[16:24:10] [spechunter] [Glob] **/riscv*/insn32/*pack*
[16:24:10] [spechunter] [Glob] **/insn32/**/*.inc
[16:24:20] [spechunter] [Grep] pattern='trans_pli'
[16:24:20] [spechunter] [Grep] pattern='trans_plui'
[16:24:20] [spechunter] [Grep] pattern='gen_helper_pli'
[16:24:20] [spechunter] [Grep] pattern='\\bPLI\\b|plui|pli\\.'
[16:24:20] [spechunter] [Grep] pattern='\\bPLI\\b|plui|pli\\.'
[16:24:20] [spechunter] [Grep] pattern='\\bPLI\\b|plui|pli\\.'
[16:24:22] [spechunter] [text] Let me also check for any P-extension decode infrastructure and the RISC-V instruction decode files.  
[16:24:22] [spechunter] [Glob] target/riscv/*.decode
[16:24:22] [spechunter] [Grep] pattern='packed|P\\.EXT|zpn32|zpsfoperand|p_simd'
[16:24:22] [spechunter] [Grep] pattern='p_ext|packed|simd.*32|simd64|rv64.*packed|rv32.*packed'
[16:24:34] [spechunter] [text] Let me check the main instruction decode file and also look for any P-extension references in the broader QEMU documenta...
[16:24:34] [spechunter] [Grep] pattern='@i|load.*imm|op_imm.*pack|imm.*packed'
[16:24:34] [spechunter] [Grep] pattern='license|P.ext|packed.extension|DSP|SIMD'
[16:24:34] [spechunter] [Read] /home/yzs/riscv/qemu/target/riscv/insn32.decode
[16:24:38] [spechunter] [Grep] pattern='rd_p|rdp'
[16:24:38] [spechunter] [Grep] pattern='rd_p|rdp'
[16:24:38] [spechunter] [Grep] pattern='require_align|require_rv64|is_even|check.*align|align.*check|rd.*even|even.*rd'
[16:24:38] [spechunter] [Grep] pattern='get_gpr.*pair|set_gpr.*pair|gpr_pair|register_pair|rv64_pair|rv128_pair'
[16:24:38] [spechunter] [Grep] pattern='XLEN|sign_extend|sextract|sext\\.w|rv32.*imm|imm.*rv32'
[16:24:38] [spechunter] [Grep] pattern='require_align|require_rv64|is_even|check.*align|align.*check|rd.*even|even.*rd'
[16:24:41] [spechunter] [Glob] target/riscv/insn_trans/*.c
[16:24:41] [spechunter] [Glob] target/riscv/*packed*
[16:24:41] [spechunter] [Glob] target/riscv/*p_ext*
[16:24:41] [spechunter] [Grep] pattern='rd_p\\b|rdp\\b|reg.*pair'
[16:24:41] [spechunter] [Grep] pattern='packed|p_ext|P_ext|XP|p-ext|P-extension'
[16:24:41] [spechunter] [Grep] pattern='rmw_xlen|riscv_csrrw'
[16:24:41] [spechunter] [Grep] pattern='vmstate_riscv_cpu'
[16:24:41] [spechunter] [Grep] pattern='packed|p-ext|Zpn|Zps'
[16:24:41] [spechunter] [Grep] pattern='gdb|csr.*xml|regdef'
[16:24:41] [spechunter] [Glob] target/riscv/kvm/**/*.c
[16:24:41] [spechunter] [Grep] pattern='WARL|warl|writabilit|any_writable'
[16:24:41] [spechunter] [Grep] pattern='csr.*reset|reset.*value|csr_reset_val|s->csr\\[|csr_ops\\['
[16:24:54] [spechunter] [Glob] target/riscv/insn_trans/trans_*.c.inc
[16:24:54] [spechunter] [Glob] target/riscv/*.decode
[16:24:54] [spechunter] [Grep] pattern='pli|PLI|plui|PLUI'
[16:24:54] [spechunter] [Grep] pattern='OP_IMM_32|load_imm|LOAD_IMM'
[16:24:54] [spechunter] [Read] /home/yzs/riscv/qemu/target/riscv/insn32.decode
[16:24:56] [spechunter] [text] Let me also check QEMU documentation and test directories for any P-extension references.  
[16:24:56] [spechunter] [Grep] pattern='pli\\.b|pli\\.h|pli\\.w|plui\\.h|plui\\.w|pli\\.db|pli\\.dh|plui\\.dh|p.ext.*load|zpn.*load'
[16:24:56] [spechunter] [Grep] pattern='p.ext.*load|p-ext.*load|packed.*load|zpn|zpsf'
[16:24:57] [spechunter] [Grep] pattern='get_pair|gen_set_gpr.*pair|require_rv64_if|require_rv.*pair|check_rv|require_no_overlap'
[16:24:57] [spechunter] [Grep] pattern='LI.*sext|sext.*32|sign_extend.*imm|rv32.*sign_ext|li_sign|sext_xlen'
[16:24:57] [spechunter] [Grep] pattern='ssrdp|rv_op_ssrdp'
[16:24:57] [spechunter] [Grep] pattern='gen_set_gpr|gen_helper_vsetvl|set_dest|dest_gpr'
[16:24:57] [spechunter] [Glob] target/riscv/insn_trans/trans_rv*.inc
[16:24:57] [spechunter] [Glob] target/riscv/tcg/*.c
[16:25:05] [spechunter] [Read] /home/yzs/riscv/qemu/target/riscv/machine.c
[16:25:05] [spechunter] [Grep] pattern='CSR_TABLE_SIZE|csr_ops\\['
[16:25:05] [spechunter] [Glob] target/riscv/kvm/**/*
[16:25:05] [spechunter] [Grep] pattern='riscv_gen_dynamic_csr_feature|dyn_csr_feature'
[16:25:05] [spechunter] [Grep] pattern='xstatus|xtval|xcause|xepc|mtval|mcause|mepc|mstatus|mtvec|stvec|satp'
[16:25:05] [spechunter] [Grep] pattern='reset|init|cpu_riscv_init|riscv_cpu_reset'
[16:25:11] [spechunter] [Read] /home/yzs/riscv/qemu/target/riscv/translate.c
[16:25:11] [spechunter] [Read] /home/yzs/riscv/qemu/target/riscv/insn_trans/trans_rvzicfiss.c.inc
[16:25:11] [spechunter] [Read] /home/yzs/riscv/qemu/target/riscv/translate.c
[16:25:11] [spechunter] [Read] /home/yzs/riscv/qemu/target/riscv/translate.c
[16:25:12] [spechunter] [Grep] pattern='Zcmop|cmop|CMOP|zcmop'
[16:25:12] [spechunter] [Read] /home/yzs/riscv/qemu/target/riscv/insn_trans/trans_rvzcmop.c.inc
[16:25:12] [spechunter] [Grep] pattern='rd_p|rd.*align|rd.*even|rd.*pair|rd.*odd|require.*rd'
[16:25:12] [spechunter] [Grep] pattern='gen_helper.*pack|HELPER.*pack|packed_helper|SIMD.*helper'
[16:25:12] [spechunter] [Grep] pattern='mstatus.*P|P-ext|p_ext|PeXt|pecs|PSTATE'
[16:25:12] [spechunter] [Grep] pattern='mstatus.*mask|MSTATUS_.*='
[16:25:26] [spechunter] [Read] /home/yzs/riscv/qemu/target/riscv/machine.c
[16:25:26] [spechunter] [Read] /home/yzs/riscv/qemu/target/riscv/kvm/kvm-cpu.c
[16:25:26] [spechunter] [Read] /home/yzs/riscv/qemu/target/riscv/gdbstub.c
[16:25:26] [spechunter] [Read] /home/yzs/riscv/qemu/target/riscv/csr.c
[16:25:26] [spechunter] [Read] /home/yzs/riscv/qemu/target/riscv/cpu.c
[16:25:26] [spechunter] [Read] /home/yzs/riscv/qemu/target/riscv/csr.c
[16:25:26] [spechunter] [Read] /home/yzs/riscv/qemu/target/riscv/insn_trans/trans_xmips.c.inc
[16:25:26] [spechunter] [Grep] pattern='REQUIRE_EVEN'
[16:25:26] [spechunter] [Grep] pattern='MSTATUS.*PEC|P_EXT|XP|pex'
[16:25:26] [spechunter] [Grep] pattern='PLI|plui|pli\\.|PLUI'
[16:25:26] [spechunter] [Grep] pattern='p-load|packed.*load|load.*immediate.*pack'
[16:25:26] [spechunter] [Glob] target/riscv/*helper*.c
[16:25:33] [spechunter] [text] After exhaustive search across the entire QEMU repository, here are the findings:  ```json {   "locations": [] } ```  **...
[16:25:39] [spechunter] [Grep] pattern='gen_shift|gen_shift_imm_tl|gen_shiftw|gen_shift_imm_fn'
[16:25:39] [spechunter] [Read] /home/yzs/riscv/qemu/target/riscv/translate.c
[16:25:39] [spechunter] [Read] /home/yzs/riscv/qemu/target/riscv/translate.c
[16:25:39] [spechunter] [Grep] pattern='gen_load|load_gpr|tcg_gen_ld_tl|tcg_gen_qemu_ld|gen_load_c|li_|gen_set_gpri|lui|auipc|op_imm|OP_IMM'
[16:25:39] [spechunter] [Grep] pattern='require_no_overlap|require_rv|require_align|is_even|even_reg|align_reg|register_align'
[16:25:53] [spechunter] [Grep] pattern='ext_.*p\\b|ext_xp|ext_zp|pext|P_EXT'
[16:25:53] [spechunter] [Grep] pattern='true.*\\.\\s*ext_zp|ext_xp|ext_pext|zp.*=.*true|xp.*=.*true'
[16:25:53] [spechunter] [Read] /home/yzs/riscv/qemu/target/riscv/cpu_cfg_fields.h.inc
[16:25:53] [spechunter] [Read] /home/yzs/riscv/qemu/target/riscv/cpu_bits.h
[16:26:01] [spechunter] [Grep] pattern='CSR_TABLE_SIZE'
[16:26:01] [spechunter] [Grep] pattern='#define CSR_TABLE_SIZE'
[16:26:01] [spechunter] [Read] /home/yzs/riscv/qemu/target/riscv/csr.c
[16:26:01] [spechunter] [Read] /home/yzs/riscv/qemu/target/riscv/machine.c
[16:26:01] [spechunter] [Glob] **/gdb-xml/*riscv*
[16:26:01] [spechunter] [Grep] pattern='riscv_csr_operations'
[16:26:12] [spechunter] [Read] /home/yzs/riscv/qemu/target/riscv/insn_trans/trans_rvv.c.inc
[16:26:12] [spechunter] [Read] /home/yzs/riscv/qemu/target/riscv/insn_trans/trans_rvv.c.inc
[16:26:12] [spechunter] [Grep] pattern='trans_lui|trans_auipc|trans_addiw|op_imm|OP_IMM|trans_addi|link.*pair|rv32.*pair|pair.*rv32'
[16:26:12] [spechunter] [Read] /home/yzs/riscv/qemu/target/riscv/translate.c
[16:26:12] [spechunter] [Grep] pattern='GEN_OPI.*lli|GEN_OPI.*llui|GEN_OPI.*addi|trans_.*li\\b|trans_.*lui\\b'
[16:26:25] [spechunter] [Read] /home/yzs/riscv/qemu/target/riscv/cpu.h
[16:26:25] [spechunter] [Grep] pattern='CSR_TABLE_SIZE'
[16:26:25] [spechunter] [Read] /home/yzs/riscv/qemu/target/riscv/machine.c
[16:26:25] [spechunter] [Read] /home/yzs/riscv/qemu/gdbstub/gdb-xml/riscv-64bit-cpu.xml
[16:26:35] [spechunter] [Grep] pattern='Zp|zp |P-extension|packed.*simd|packed-simd|PSIMD'
[16:26:35] [spechunter] [Read] /home/yzs/riscv/qemu/target/riscv/insn_trans/trans_rvd.c.inc
[16:26:35] [spechunter] [Read] /home/yzs/riscv/qemu/target/riscv/insn_trans/trans_rvi.c.inc
[16:26:35] [spechunter] [Grep] pattern='trans_addi\\b|trans_lui\\b'
[16:26:35] [spechunter] [Read] /home/yzs/riscv/qemu/target/riscv/translate.c
[16:26:35] [spechunter] [Read] /home/yzs/riscv/qemu/target/riscv/cpu_bits.h
[16:26:41] [spechunter] [Read] /home/yzs/riscv/qemu/target/riscv/insn_trans/trans_rvi.c.inc
[16:26:41] [spechunter] [Read] /home/yzs/riscv/qemu/target/riscv/insn_trans/trans_rvi.c.inc
[16:26:41] [spechunter] [Read] /home/yzs/riscv/qemu/target/riscv/insn_trans/trans_rvi.c.inc
[16:26:41] [spechunter] [Grep] pattern='require_rv64|REQUIRE_64BIT|require_64'
[16:26:41] [spechunter] [Grep] pattern='require_rv64|REQUIRE_64BIT|require_64'
[16:27:00] [spechunter] [Grep] pattern='#define MSTATUS'
[16:27:00] [spechunter] [Glob] **/*packed*
[16:27:00] [spechunter] [Glob] **/*p_ext*
[16:27:00] [spechunter] [Grep] pattern='pli|PLI|PLI\\.|plui'
[16:27:00] [spechunter] [Grep] pattern='gen_set_gpri|gen_helper_load|gen_load_imm|gen_imm|dest_gpr'
[16:27:00] [spechunter] [Read] /home/yzs/riscv/qemu/target/riscv/insn_trans/trans_rvi.c.inc
[16:27:04] [spechunter] [Grep] pattern='mseccfg|menvcfg|senvcfg|henvcfg'
[16:27:04] [spechunter] [Read] /home/yzs/riscv/qemu/target/riscv/machine.c
[16:27:04] [spechunter] [Grep] pattern='vmstate_envcfg|vmstate_debug|vmstate_jvt|vmstate_elp|vmstate_ssp|vmstate_ctr|vmstate_kvmtimer'
[16:27:04] [spechunter] [Grep] pattern='rmw_xlen|rmw_ret|rmw_seed|csrr_op'
[16:27:04] [spechunter] [Grep] pattern='riscv_csrrw_do64|write_mask|write_mask.*='
[16:27:11] [spechunter] [Read] /home/yzs/riscv/qemu/target/riscv/translate.c
[16:27:11] [spechunter] [Grep] pattern='Zdinx|zdinx|ext_zfinx|zfinx.*pair|pair.*zfinx|ZFINX'
[16:27:11] [spechunter] [Grep] pattern='Zdinx|ext_zfinx|tcg_gen_mov_i64|get_fpr_hs|set_fpr_hs|fpr.*gpr|gpr.*fpr'
[16:27:11] [spechunter] [Read] /home/yzs/riscv/qemu/target/riscv/insn_trans/trans_rvbf16.c.inc
[16:27:11] [spechunter] [Grep] pattern='get_fpr_hs|set_fpr_hs'
[16:27:14] [spechunter] [Grep] pattern='gen_set_gpri\\b'
[16:27:14] [spechunter] [Glob] disas/riscv*
[16:27:14] [spechunter] [Read] /home/yzs/riscv/qemu/target/riscv/insn16.decode
[16:27:14] [spechunter] [Grep] pattern='#define REQUIRE_EVEN'
[16:27:26] [spechunter] [Grep] pattern='mstatus.*MDT|MDT|mstatus.*mdt'
[16:27:26] [spechunter] [Grep] pattern='MSTATUS_MTWE|MSTATUS_TW|mstatus.*bool|mstatus.*field|mstatus.*bit'
[16:27:26] [spechunter] [Grep] pattern='misx|mpsx|mmpsx|mpsx_reset|misa_ext.*pack|misa_ext.*Zpn|misa_ext.*Zps'
[16:27:26] [spechunter] [Grep] pattern='ext_zpn|ext_zps|ext_zp'
[16:27:26] [spechunter] [Read] /home/yzs/riscv/qemu/target/riscv/kvm/kvm_riscv.h
[16:27:32] [spechunter] [Read] /home/yzs/riscv/qemu/target/riscv/translate.c
[16:27:32] [spechunter] [Read] /home/yzs/riscv/qemu/target/riscv/translate.c
[16:27:32] [spechunter] [Grep] pattern='gen_load_w|trans_lw\\b|trans_ld\\b|trans_lb\\b|trans_lh\\b|trans_lbu|trans_lhu|trans_lwu|gen_load'
[16:27:32] [spechunter] [Grep] pattern='vext_check_isa_ill|check.*xl|get_xl|get_ol|get_olen'
[16:27:32] [spechunter] [Grep] pattern='addiw|slliw|srliw|sraiw|addw\\b|subw\\b|sllw\\b|srlw\\b|sraw\\b|mulw\\b|divw\\b'
[16:27:33] [spechunter] [Read] /home/yzs/riscv/qemu/target/riscv/translate.c
[16:27:33] [spechunter] [Grep] pattern='pli|PLI|plui|packed.*simd|p-ext|Zpn|Zpns|Zpsf'
[16:27:33] [spechunter] [Grep] pattern='gen_set_gpri'
[16:27:40] [spechunter] [Read] /home/yzs/riscv/qemu/target/riscv/machine.c
[16:27:40] [spechunter] [Read] /home/yzs/riscv/qemu/target/riscv/gdbstub.c
[16:27:40] [spechunter] [Grep] pattern='trap_return|mret|sret|uret|interrupt|exception'
[16:27:40] [spechunter] [Read] /home/yzs/riscv/qemu/target/riscv/csr.c
[16:27:43] [spechunter] [Grep] pattern='Zpn|Zpns|Zpsf|Zpn64|Zpbo|pn[0-9]|packed.*simd|P_EXTENSION'
[16:27:43] [spechunter] [Grep] pattern='Zpn|Zpns|Zpsf|pn |pli|plui|packed.*simd'
[16:27:43] [spechunter] [Grep] pattern='Zpn|Zpns|Zpsf|p.ext|packed.*simd|pn[0-9]'
[16:28:12] [spechunter] [Read] /home/yzs/riscv/qemu/target/riscv/insn_trans/trans_rvi.c.inc
[16:28:12] [spechunter] [Read] /home/yzs/riscv/qemu/target/riscv/insn_trans/trans_rvzacas.c.inc
[16:28:12] [spechunter] [Read] /home/yzs/riscv/qemu/target/riscv/insn_trans/trans_rvm.c.inc
[16:28:12] [spechunter] [Read] /home/yzs/riscv/qemu/target/riscv/translate.c
[16:28:12] [spechunter] [Grep] pattern='even|align.*rd|rd.*align|x1.*x2|pair|register_pair|double.*gpr|gpr.*double'
[16:28:12] [spechunter] [Grep] pattern='rv_op_addiw|rv_op_slliw|rv_op_srliw|rv_op_sraiw|rv_op_addw|rv_op_subw|rv_op_mulw|rv_op_divw|rv_op_sllw|rv_op_srlw|rv_op_sraw'
[16:28:47] [spechunter] [Read] /home/yzs/riscv/qemu/target/riscv/insn_trans/trans_xthead.c.inc
[16:28:47] [spechunter] [Read] /home/yzs/riscv/qemu/target/riscv/insn_trans/trans_xthead.c.inc
[16:28:47] [spechunter] [Grep] pattern='sextract|sext\\.w|extract32|ext32s|ext32u|sign_ext'
[16:28:47] [spechunter] [Grep] pattern='tcg_gen_ext32s_tl|tcg_gen_ext32u_tl'
[16:29:26] [spechunter] [Read] /home/yzs/riscv/qemu/target/riscv/translate.c
[16:29:26] [spechunter] [Read] /home/yzs/riscv/qemu/target/riscv/translate.c
[16:29:26] [spechunter] [Read] /home/yzs/riscv/qemu/target/riscv/insn_trans/trans_rvi.c.inc
[16:29:26] [spechunter] [Read] /home/yzs/riscv/qemu/target/riscv/insn_trans/trans_rvm.c.inc
[16:29:26] [spechunter] [Read] /home/yzs/riscv/qemu/target/riscv/insn_trans/trans_rvzicfiss.c.inc
[16:29:40] [spechunter] [Grep] pattern='vext_check_isa_ill'
[16:29:40] [spechunter] [Read] /home/yzs/riscv/qemu/target/riscv/insn_trans/trans_rvv.c.inc
[16:29:40] [spechunter] [Grep] pattern='disas_memop|mxl_memop|MO_ALIGN|decode_save_opc'
[16:29:49] [spechunter] [Read] /home/yzs/riscv/qemu/target/riscv/insn_trans/trans_rvv.c.inc
[16:29:49] [spechunter] [Read] /home/yzs/riscv/qemu/target/riscv/insn_trans/trans_rvzacas.c.inc
[16:29:49] [spechunter] [Grep] pattern='arg_lpad|arg_ssrdp|arg_sspopchk|arg_sspush'
[16:30:03] [spechunter] [Grep] pattern='arg_ssrdp|arg_lpad|arg_sspopchk|arg_sspush'
[16:30:03] [spechunter] [Grep] pattern='arg_ssrdp'
[16:30:03] [spechunter] [Grep] pattern='rs1.*rs2.*rd|odd.*rd|rd.*odd|rd.*even|rs2.*even|rs2.*odd|even.*reg|odd.*reg'
[16:30:11] [spechunter] [Grep] pattern='arg_ssrdp'
[16:30:11] [spechunter] [Glob] build/**/decode-insn32*
[16:30:11] [spechunter] [Grep] pattern='arg_ssrdp|arg_lpad'
[16:30:11] [spechunter] [Read] /home/yzs/riscv/qemu/target/riscv/insn32.decode
[16:32:31] [spechunter] [text] Let me also verify a few critical code patterns before producing the final report.  
[16:32:31] [spechunter] [Read] /home/yzs/riscv/qemu/target/riscv/translate.c
[16:32:31] [spechunter] [Read] /home/yzs/riscv/qemu/target/riscv/insn_trans/trans_rvzacas.c.inc
[16:32:31] [spechunter] [Read] /home/yzs/riscv/qemu/target/riscv/insn_trans/trans_rvd.c.inc
[16:32:53] [spechunter] [Read] /home/yzs/riscv/qemu/target/riscv/machine.c
[16:32:53] [spechunter] [Grep] pattern='P.ext|packed|Zpn|Zps|zp[ns]'
[16:32:53] [spechunter] [Grep] pattern='envcfg|menvcfg|senvcfg|henvcfg'
[16:34:11] [spechunter] [text] Now I have all the data needed. Let me compile the comprehensive report.  
[16:34:11] [spechunter] [Write] /home/yzs/riscv/qemu/analysis_pli_load_immediate.json
[16:34:26] [spechunter] [text] 报告已写入 `analysis_pli_load_immediate.json`。以下是摘要：  ## 发现：P-ext PLI 指令在此 QEMU 代码中完全缺失  **没有现有的实现。** 经过全面搜索，未发现：没有 `trans_pl...
[16:34:46] [spechunter] [text] Both the fast-path and slow-path location sets are empty. I need to search the codebase myself to find the relevant loca...
[16:34:46] [spechunter] [Agent] description, subagent_type
[16:35:08] [spechunter] [Glob] target/riscv/**/*
[16:35:08] [spechunter] [Grep] pattern='p.?ext|P.?ext|packed.?simd|packed.?SIMD'
[16:35:08] [spechunter] [Grep] pattern='PLI\\.|PLUI\\.|pli_|plui_|PLI_B|PLI_H|PLI_W|PLUI_H|PLUI_W|PLI_DB|PLI_DH|PLUI_DH'
[16:35:08] [spechunter] [Grep] pattern='insn32|insn16|decode'
[16:35:40] [spechunter] [Grep] pattern='p.ext|P.ext|packed'
[16:35:40] [spechunter] [Grep] pattern='p.ext|P.ext|packed'
[16:35:40] [spechunter] [Grep] pattern='p.ext|P.ext|packed'
[16:35:40] [spechunter] [Grep] pattern='p.ext|P.ext|packed'
[16:35:40] [spechunter] [Grep] pattern='p.ext|P.ext|packed'
[16:35:40] [spechunter] [Grep] pattern='p.ext|P.ext|packed'
[16:35:40] [spechunter] [Grep] pattern='p.ext|P.ext|packed'
[16:35:40] [spechunter] [Grep] pattern='p.ext|P.ext|packed'
[16:35:40] [spechunter] [Grep] pattern='p.ext|P.ext|packed|PLI|PLUI'
[16:35:55] [spechunter] [Grep] pattern='PLI|PLUI'
[16:35:55] [spechunter] [Grep] pattern='PLI|PLUI'
[16:35:55] [spechunter] [Grep] pattern='load.immediate|load_immediate|LI\\.B|LI\\.H|LI\\.W'
[16:35:55] [spechunter] [Read] /home/yzs/riscv/qemu/target/riscv/insn32.decode
[16:36:25] [spechunter] [Read] /home/yzs/riscv/qemu/target/riscv/xlrbr.decode
[16:36:25] [spechunter] [Grep] pattern='p.ext|packed'
[16:36:25] [spechunter] [Read] /home/yzs/riscv/qemu/target/riscv/insn_trans/trans_rvi.c.inc
[16:36:25] [spechunter] [Read] /home/yzs/riscv/qemu/target/riscv/translate.c
[16:36:25] [spechunter] [Grep] pattern='decode|\\.decode|\\.inc|trans_'
[16:36:44] [spechunter] [Read] /home/yzs/riscv/qemu/target/riscv/insn_trans/trans_xlrbr.c.inc
[16:36:44] [spechunter] [Read] /home/yzs/riscv/qemu/target/riscv/insn_trans/trans_rvb.c.inc
[16:36:44] [spechunter] [Grep] pattern='decode|xlrbr|pext|xmips'
[16:36:44] [spechunter] [Read] /home/yzs/riscv/qemu/target/riscv/tcg/tcg-cpu.c
[16:36:58] [spechunter] [Read] /home/yzs/riscv/qemu/target/riscv/xmips.decode
[16:36:58] [spechunter] [Grep] pattern='xlrbr|xmips|ext_'
[16:36:58] [spechunter] [Grep] pattern='ext_xmips|ext_xlrbr|multi_ext_cfg|ext_name'
[16:36:58] [spechunter] [Read] /home/yzs/riscv/qemu/target/riscv/insn_trans/trans_xmips.c.inc
[16:36:58] [spechunter] [Grep] pattern='ext_|struct RISCVCPUConfig'
[16:37:40] [spechunter] [Read] /home/yzs/riscv/qemu/target/riscv/cpu_cfg.h
[16:37:40] [spechunter] [Read] /home/yzs/riscv/qemu/target/riscv/translate.c
[16:37:40] [spechunter] [Grep] pattern='fli_|trans_fli|load.immediate'
[16:37:40] [spechunter] [Grep] pattern='c\\.li|c\\.lui|li|immediate'
[16:37:40] [spechunter] [Grep] pattern='PLI\\.B|PLI\\.H|PLI\\.W|PLUI\\.|PLI\\.DB|PLI\\.DH'
[16:38:03] [spechunter] [Read] /home/yzs/riscv/qemu/analysis_pli_load_immediate.json
[16:38:03] [spechunter] [Grep] pattern='decoder_table|decode.*func|RISCVDecoder'
[16:38:03] [spechunter] [Grep] pattern='decoder_table|RISCVDecoder|decode_fn'
[16:38:03] [spechunter] [Read] /home/yzs/riscv/qemu/target/riscv/cpu_cfg_fields.h.inc
[16:38:03] [spechunter] [Grep] pattern='xlrbr'
[16:38:34] [spechunter] [Grep] pattern='xlrbr'
[16:38:34] [spechunter] [Read] /home/yzs/riscv/qemu/target/riscv/translate.c
[16:38:34] [spechunter] [Read] /home/yzs/riscv/qemu/target/riscv/tcg/tcg-cpu.h
[16:38:34] [spechunter] [Grep] pattern='gen_set_gpr_pair|gen_cmpxchg64|odd.*register|rd.*1.*return'
[16:38:34] [spechunter] [Read] /home/yzs/riscv/qemu/target/riscv/insn_trans/trans_rvd.c.inc
[16:38:53] [spechunter] [Grep] pattern='DEF_HELPER|helper'
[16:38:53] [spechunter] [Read] /home/yzs/riscv/qemu/target/riscv/cpu_cfg_fields.h.inc
[16:38:53] [spechunter] [Read] /home/yzs/riscv/qemu/target/riscv/insn_trans/trans_rvzacas.c.inc
[16:38:53] [spechunter] [Grep] pattern='gen_set_gpri|trans_addi|trans_li|li_'
[16:38:53] [spechunter] [Read] /home/yzs/riscv/qemu/target/riscv/translate.c
[16:39:06] [spechunter] [Grep] pattern='vmstate_riscv_cpu|VMStateDescription'
[16:39:06] [spechunter] [Read] /home/yzs/riscv/qemu/target/riscv/machine.c
[16:39:06] [spechunter] [Read] /home/yzs/riscv/qemu/target/riscv/cpu.c
[16:39:16] [spechunter] [Read] /home/yzs/riscv/qemu/target/riscv/kvm/kvm-cpu.c
[16:39:16] [spechunter] [Read] /home/yzs/riscv/qemu/target/riscv/kvm/kvm-cpu.c
[16:39:16] [spechunter] [Read] /home/yzs/riscv/qemu/target/riscv/gdbstub.c
[16:42:29] [spechunter] [text] Let me check for any existing P-ext infrastructure in the codebase.  
[16:42:29] [spechunter] [Glob] target/riscv/*pext*
[16:42:29] [spechunter] [Glob] target/riscv/*p_ext*
[16:42:29] [spechunter] [Glob] target/riscv/insn_trans/*pext*
[16:42:29] [spechunter] [Grep] pattern='pext|xpext|p_ext|P_EXT|PEXT'
[16:42:48] [spechunter] [Grep] pattern='pli|P_LOAD_IMM|load_imm|load.imm'
[16:42:48] [spechunter] [Grep] pattern='pext'
[16:43:04] [spechunter] [text] Let me check the actual changes in this PR and look at the key existing patterns.  
[16:43:04] [spechunter] [Bash] Check recent git history for PR changes
[16:43:04] [spechunter] [Grep] pattern='p_ext|P_EXT|xpext'
[16:44:12] [spechunter] [text] Let me verify the key files for exact line numbers.  
[16:44:12] [spechunter] [Read] /home/yzs/riscv/qemu/target/riscv/insn32.decode
[16:44:12] [spechunter] [Read] /home/yzs/riscv/qemu/target/riscv/insn_trans/trans_rvi.c.inc
[16:44:12] [spechunter] [Read] /home/yzs/riscv/qemu/target/riscv/translate.c
[16:44:12] [spechunter] [Read] /home/yzs/riscv/qemu/target/riscv/cpu_cfg_fields.h.inc
[16:44:25] [spechunter] [Read] /home/yzs/riscv/qemu/target/riscv/translate.c
[16:44:25] [spechunter] [Read] /home/yzs/riscv/qemu/target/riscv/insn_trans/trans_rvzacas.c.inc
[16:44:25] [spechunter] [Read] /home/yzs/riscv/qemu/target/riscv/meson.build
[16:44:25] [spechunter] [Read] /home/yzs/riscv/qemu/target/riscv/cpu.c
[16:44:40] [spechunter] [text] Let me also read the Zfa pattern (closest analogue for load-immediate with encoded immediate in rs1) and the format defi...
[16:44:40] [spechunter] [Read] /home/yzs/riscv/qemu/target/riscv/insn_trans/trans_rvzfa.c.inc
[16:44:40] [spechunter] [Read] /home/yzs/riscv/qemu/target/riscv/insn32.decode
[16:44:40] [spechunter] [Read] /home/yzs/riscv/qemu/target/riscv/translate.c
[16:45:19] [spechunter] [text] Now let me read the remaining key areas for completeness.  
[16:45:19] [spechunter] [Read] /home/yzs/riscv/qemu/target/riscv/insn32.decode
[16:45:19] [spechunter] [Read] /home/yzs/riscv/qemu/target/riscv/cpu_cfg.h
[16:45:19] [spechunter] [Read] /home/yzs/riscv/qemu/target/riscv/insn_trans/trans_rvb.c.inc
[16:46:44] [spechunter] [text] Now I have all the information needed to produce the final location set. Here is the cross-validated, ranked output:  ``...
[16:47:05] [spechunter] [Grep] pattern='trans_pli|trans_plui|pli\\.w|plui\\.w|pli\\.d|plui\\.d|PLI_W|PLUI_W|LOAD_IMM'
[16:47:05] [spechunter] [Grep] pattern='pli|plui|PLI|PLUI|load.immediate|packed.simd'
[16:47:16] [spechunter] [Grep] pattern='pli|plui|PLI|PLUI'
[16:47:16] [spechunter] [Grep] pattern='pli|plui|PLI|PLUI'
[16:47:16] [spechunter] [Grep] pattern='load_immediate|load.immediate|LoadImmi'
[16:47:29] [spechunter] [Grep] pattern='p_ext|pext|p-ext|P_EXT|p_extension|packed_simd'
[16:47:29] [spechunter] [Bash] Check uncommitted changes
[16:47:49] [spechunter] [Bash] Check git log for P-ext related changes
[16:47:49] [spechunter] [Grep] pattern='@pli|@plui|pli_w|plui_w|pli_d|plui_d'
[16:48:03] [spechunter] [Grep] pattern='P_EXT|p-ext|packed.*simd|p_simd|rpx_insn|rpx'
[16:48:03] [spechunter] [Bash] Check recent branches and commits
[16:48:18] [spechunter] [Bash] Check for P-ext branches and commits
[16:48:18] [spechunter] [Grep] pattern='P_EXT|p_ext|pext|packed_simd|rpxv'
[16:48:34] [spechunter] [Grep] pattern='pli|plui'
[16:48:34] [spechunter] [Grep] pattern='load.immediate|LOAD_IMM|load_imm'
[16:48:34] [spechunter] [Grep] pattern='OP_IMM_32|packed|rd_p.*align|register_pair'
[16:48:53] [spechunter] [text] Let me also check the existing analysis file and do one more thorough search.  
[16:48:53] [spechunter] [Read] /home/yzs/riscv/qemu/analysis_pli_load_immediate.json
[16:48:53] [spechunter] [Grep] pattern='packed|register_pair|rd_p|XLEN.*32.*imm|sign.ext.*immediate|OP_IMM'
[16:49:06] [spechunter] [text] Now let me verify the actual current state of the QEMU source tree for any PLI-related code.  
[16:49:06] [spechunter] [Bash] Check branch and recent changes for P-ext
[16:49:06] [spechunter] [Grep] pattern='gen_set_gpr_pair|gen_set_gpri'
[16:49:15] [spechunter] [text] Let me verify the key code locations referenced in the analysis.  
[16:49:15] [spechunter] [Read] /home/yzs/riscv/qemu/target/riscv/translate.c
[16:49:15] [spechunter] [Read] /home/yzs/riscv/qemu/target/riscv/translate.c
[16:49:15] [spechunter] [Read] /home/yzs/riscv/qemu/target/riscv/translate.c
[16:49:39] [spechunter] [Read] /home/yzs/riscv/qemu/target/riscv/insn_trans/trans_rvzacas.c.inc
[16:49:39] [spechunter] [Read] /home/yzs/riscv/qemu/target/riscv/insn_trans/trans_rvi.c.inc
[16:49:39] [spechunter] [Read] /home/yzs/riscv/qemu/target/riscv/insn_trans/trans_rvd.c.inc
[16:49:46] [spechunter] [Read] /home/yzs/riscv/qemu/target/riscv/csr.c
[16:49:46] [spechunter] [Read] /home/yzs/riscv/qemu/target/riscv/cpu.c
[16:49:57] [spechunter] [Read] /home/yzs/riscv/qemu/target/riscv/machine.c
[16:49:57] [spechunter] [Read] /home/yzs/riscv/qemu/target/riscv/machine.c
[16:49:57] [spechunter] [Read] /home/yzs/riscv/qemu/target/riscv/kvm/kvm-cpu.c
[16:51:45] [spechunter] [text] Now I have all the information needed. Let me produce the analysis.  **Summary of findings**: The P-ext PLI/PLUI load-im...
[16:51:45] [spechunter] [Write] /home/yzs/riscv/qemu/analysis_pli_load_immediate.json
[16:51:57] [spechunter] [text] Here are the results of the security audit:  **Overall: POTENTIAL_RISK** — P-ext PLI load-immediate instructions are com...
