[10:47:32] [spechunter] PR loaded: #192 riscv-non-isa/riscv-iopmp — "Reference Model: Some fixes and improvements for chk_x and source enforcement model"
[10:47:32] [spechunter]   diff: 23946 chars  body: 298 chars  reviews: 0
[10:47:32] [spechunter] Global pre-filter running...
[10:47:43] [spechunter] [text] {"should_skip": false}
[10:47:45] [spechunter] pre-filter: should_skip=False reason=""
[10:48:01] [spechunter] [text] {"should_skip": true, "skip_reason": "Changes only the IOPMP reference model implementation (testing/verification toolin...
[10:48:07] [spechunter] [text] {"should_skip": true, "skip_reason": "Changes are to the C-language IOPMP reference model software (validation tooling),...
[10:48:07] [spechunter] [text] {"should_skip": true, "skip_reason": "IOPMP reference model implementation changes do not affect OpenSBI — OpenSBI does ...
[10:48:09] [spechunter] [text] {"should_skip": true, "skip_reason": "IOPMP reference model refactoring (internal code changes to a C reference model, n...
[10:48:39] [spechunter] [text] {"should_skip": true, "skip_reason": "Reference model implementation refactoring (internal C code changes to rule analyz...
[00:51:28] [spechunter] PR loaded: #192 riscv-non-isa/riscv-iopmp — "Reference Model: Some fixes and improvements for chk_x and source enforcement model"
[00:51:28] [spechunter]   diff: 23946 chars  body: 298 chars  reviews: 0
[00:51:28] [spechunter] Global pre-filter running...
[00:51:54] [spechunter] [text] {"should_skip": false}
[00:51:56] [spechunter] pre-filter: should_skip=False reason=""
[00:52:15] [spechunter] [text] {"should_skip": true, "skip_reason": "Reference model internal refactoring in a non-ISA repo; not a spec change and does...
[00:52:20] [spechunter] [text] {"should_skip": true, "skip_reason": "IOPMP (I/O Physical Memory Protection) reference model change is unrelated to SBI ...
[00:52:21] [spechunter] [text] {"should_skip": true, "skip_reason": "IOPMP reference model implementation changes only; QEMU does not emulate IOPMP and...
[00:52:25] [spechunter] [text] {"should_skip": true, "skip_reason": "Changes only affect the IOPMP reference model implementation (internal C refactori...
[00:52:29] [spechunter] [text] {"should_skip": false, "skip_reason": "IOPMP reference model fixes (chk_x transaction handling, HWCFG initialization log...
[00:53:17] [spechunter] [text] {  
[00:53:17] [spechunter] [Bash] Check recent commits for IOPMP context
[00:53:17] [spechunter] [Grep] pattern='chk_x|INSTR_FETCH|iopmp.*perm|hwcfg2.*chk'
[00:53:36] [spechunter] [Read] /home/yzs/riscv/XiangShan/iopmp_chk_x_baseline_findings.json
[00:53:36] [spechunter] [Read] /home/yzs/riscv/XiangShan/iopmp_hwcfg_chkx_postpr_findings.json
[00:53:36] [spechunter] [Read] /home/yzs/riscv/XiangShan/ChiselIOPMP/src/main/scala/IopmpChecker.scala
[00:57:15] [spechunter] [text] {   "violation_condition": "In XiangShan RTL, when a bus master issues an instruction fetch transaction and chk_x=0 (har...
[00:57:45] [spechunter] [Grep] pattern='chk_x'
[00:57:45] [spechunter] [Grep] pattern='no_x'
[00:57:45] [spechunter] [Grep] pattern='sMatching'
[00:57:45] [spechunter] [Grep] pattern='ENTRY_CFG'
[00:57:45] [spechunter] [Grep] pattern='RegErrinfo'
[00:57:45] [spechunter] [Grep] pattern='RegHwcfg0'
[00:57:45] [spechunter] [Grep] pattern='RegMapIO'
[00:57:50] [spechunter] [Agent] description, prompt
[00:58:02] [spechunter] [Glob] **/iopmp/**
[00:58:02] [spechunter] [Glob] **/*Iopmp*
[00:58:02] [spechunter] [Glob] **/*IOPMP*
[00:58:02] [spechunter] [Glob] **/*iopmp*
[00:58:21] [spechunter] [Read] /home/yzs/riscv/XiangShan/ChiselIOPMP/src/main/scala/Iopmp.scala
[00:58:21] [spechunter] [Read] /home/yzs/riscv/XiangShan/ChiselIOPMP/src/main/scala/IopmpChecker.scala
[00:58:21] [spechunter] [Read] /home/yzs/riscv/XiangShan/ChiselIOPMP/src/main/scala/IopmpBridge.scala
[00:58:21] [spechunter] [Read] /home/yzs/riscv/XiangShan/iopmp_chk_x_baseline_findings.json
[00:58:21] [spechunter] [Read] /home/yzs/riscv/XiangShan/iopmp_chk_x_baseline_locations.json
[00:58:25] [spechunter] [text] The initial searches in `src/main/scala` returned no matches. Let me broaden the search to the entire repo, including IO...
[00:58:25] [spechunter] [Grep] pattern='IOPMP|iopmp|Iopmp'
[00:58:25] [spechunter] [Grep] pattern='chk_x|ChkX|chkX'
[00:58:25] [spechunter] [Grep] pattern='PMP|pmp'
[00:58:25] [spechunter] [Glob] **/iopmp*/**
[00:58:25] [spechunter] [Glob] **/IOPMP/**
[00:58:38] [spechunter] [Read] /home/yzs/riscv/XiangShan/iopmp_security_audit.json
[00:58:38] [spechunter] [Read] /home/yzs/riscv/XiangShan/iopmp_hwcfg_reorg_findings.json
[00:58:38] [spechunter] [Read] /home/yzs/riscv/XiangShan/iopmp_hwcfg_v081_findings.json
[00:58:38] [spechunter] [Read] /home/yzs/riscv/XiangShan/iopmp_hwcfg_chkx_postpr_findings.json
[00:58:38] [spechunter] [Read] /home/yzs/riscv/XiangShan/iopmp_application_note_findings.json
[00:58:38] [spechunter] [Read] /home/yzs/riscv/XiangShan/iopmp_intr_msi_mutex_findings.json
[00:58:38] [spechunter] [Read] /home/yzs/riscv/XiangShan/iopmp_msi_en_msi_sel_findings.json
[00:58:38] [spechunter] [Read] /home/yzs/riscv/XiangShan/iopmp_hwcfg_v081_layout_findings.json
[00:58:43] [spechunter] [text] The IOPMP source isn't in `src/main/scala`. Let me locate the actual IOPMP RTL directory and files
[00:58:43] [spechunter] [Glob] **/IOPMP*
[00:58:43] [spechunter] [Glob] **/*iopmp*
[00:58:43] [spechunter] [Glob] **/*Iopmp*
[00:58:43] [spechunter] [Bash] List xiangshan subdirectories
[00:58:49] [spechunter] [text] Found the IOPMP source. Let me search within those files and related test/dependency directories.  
[00:58:49] [spechunter] [Read] /home/yzs/riscv/XiangShan/ChiselIOPMP/src/main/scala/Iopmp.scala
[00:58:49] [spechunter] [Read] /home/yzs/riscv/XiangShan/ChiselIOPMP/src/main/scala/IopmpChecker.scala
[00:58:49] [spechunter] [Read] /home/yzs/riscv/XiangShan/ChiselIOPMP/src/main/scala/IopmpBridge.scala
[00:58:49] [spechunter] [Glob] **/*.scala
[00:59:09] [spechunter] [text] Now let me also search for the remaining entities and check test files
[00:59:09] [spechunter] [Grep] pattern='ttype'
[00:59:09] [spechunter] [Grep] pattern='sixe|sexe'
[00:59:09] [spechunter] [Grep] pattern='cf_x|cf_r|cf_w'
[00:59:09] [spechunter] [Grep] pattern='entry_attribute\\.(r|w|x)'
[01:00:10] [spechunter] [text] Now I have a complete picture. Here is the comprehensive location report:  ```json {   "locations": [     {       "file_...
[01:01:59] [spechunter] [text] Let me verify the key findings with direct file reads.  
[01:01:59] [spechunter] [Read] /home/yzs/riscv/XiangShan/ChiselIOPMP/src/main/scala/IopmpChecker.scala
[01:01:59] [spechunter] [Read] /home/yzs/riscv/XiangShan/ChiselIOPMP/src/main/scala/IopmpChecker.scala
[01:01:59] [spechunter] [Read] /home/yzs/riscv/XiangShan/ChiselIOPMP/src/main/scala/IopmpChecker.scala
[01:01:59] [spechunter] [Read] /home/yzs/riscv/XiangShan/ChiselIOPMP/src/main/scala/IopmpChecker.scala
[01:01:59] [spechunter] [Read] /home/yzs/riscv/XiangShan/ChiselIOPMP/src/main/scala/IopmpChecker.scala
[01:01:59] [spechunter] [Read] /home/yzs/riscv/XiangShan/ChiselIOPMP/src/main/scala/IopmpChecker.scala
[01:01:59] [spechunter] [Read] /home/yzs/riscv/XiangShan/ChiselIOPMP/src/main/scala/IopmpChecker.scala
[01:01:59] [spechunter] [Read] /home/yzs/riscv/XiangShan/ChiselIOPMP/src/main/scala/IopmpChecker.scala
[01:01:59] [spechunter] [Read] /home/yzs/riscv/XiangShan/ChiselIOPMP/src/main/scala/IopmpBridge.scala
[01:02:06] [spechunter] [text] Now let me read the spec header to understand the reference model's PR changes and also look at the existing audit JSON ...
[01:02:06] [spechunter] [Read] /home/yzs/riscv/XiangShan/iopmp_ref_model/include/iopmp.h
[01:02:06] [spechunter] [Read] /home/yzs/riscv/XiangShan/iopmp_chk_x_baseline_locations.json
[01:02:06] [spechunter] [Read] /home/yzs/riscv/XiangShan/iopmp_chk_x_baseline_findings.json
[01:02:34] [spechunter] [text] Now let me verify one more detail — the iopmp_ref_model spec file location and the ConfigReg definitions:  
[01:02:34] [spechunter] [Glob] **/iopmp_ref_model/**/*.h
[01:02:34] [spechunter] [Read] /home/yzs/riscv/XiangShan/ChiselIOPMP/src/main/scala/IopmpChecker.scala
[01:02:34] [spechunter] [Read] /home/yzs/riscv/XiangShan/ChiselIOPMP/src/main/scala/IopmpChecker.scala
[01:02:49] [spechunter] [text] Let me also check the diplomatic topology and find the iopmp_ref_model spec files.  
[01:02:49] [spechunter] [Glob] **/iopmp_ref_model/**
[01:02:49] [spechunter] [Read] /home/yzs/riscv/XiangShan/ChiselIOPMP/src/main/scala/Iopmp.scala
[01:02:49] [spechunter] [Read] /home/yzs/riscv/XiangShan/ChiselIOPMP/src/main/scala/IopmpChecker.scala
[01:02:49] [spechunter] [Read] /home/yzs/riscv/XiangShan/ChiselIOPMP/src/main/scala/IopmpChecker.scala
[01:03:13] [spechunter] [text] Let me also look at the Iopmp.scala topology and check for spec reference files.  
[01:03:13] [spechunter] [Read] /home/yzs/riscv/XiangShan/ChiselIOPMP/src/main/scala/Iopmp.scala
[01:03:13] [spechunter] [Glob] **/iopmp*
[01:03:13] [spechunter] [Bash] Check iopmp_ref_model directory
[01:04:31] [spechunter] [text] Now I have a complete picture. Let me compile the final JSON report
[01:04:31] [spechunter] [Write] /home/yzs/riscv/XiangShan/iopmp_instr_fetch_chkx_arch_gap.json
[01:04:49] [spechunter] [text] Report written to `iopmp_instr_fetch_chkx_arch_gap.json`. Here is the summary of findings:  ---  ## IOPMP Instruction-Fe...
[01:05:50] [spechunter] [text] Now let me read the key source files to verify these locations against the actual code.  
[01:05:50] [spechunter] [Read] /home/yzs/riscv/XiangShan/ChiselIOPMP/src/main/scala/IopmpChecker.scala
[01:05:50] [spechunter] [Read] /home/yzs/riscv/XiangShan/ChiselIOPMP/src/main/scala/IopmpChecker.scala
[01:05:50] [spechunter] [Read] /home/yzs/riscv/XiangShan/ChiselIOPMP/src/main/scala/IopmpChecker.scala
[01:05:50] [spechunter] [Read] /home/yzs/riscv/XiangShan/ChiselIOPMP/src/main/scala/IopmpBridge.scala
[01:06:03] [spechunter] [text] Let me read a few more critical locations.  
[01:06:03] [spechunter] [Read] /home/yzs/riscv/XiangShan/ChiselIOPMP/src/main/scala/IopmpChecker.scala
[01:06:03] [spechunter] [Read] /home/yzs/riscv/XiangShan/ChiselIOPMP/src/main/scala/IopmpChecker.scala
[01:06:03] [spechunter] [Read] /home/yzs/riscv/XiangShan/ChiselIOPMP/src/main/scala/IopmpChecker.scala
[01:06:03] [spechunter] [Read] /home/yzs/riscv/XiangShan/ChiselIOPMP/src/main/scala/IopmpChecker.scala
[01:06:28] [spechunter] [Read] /home/yzs/riscv/XiangShan/ChiselIOPMP/src/main/scala/IopmpChecker.scala
[01:06:28] [spechunter] [Read] /home/yzs/riscv/XiangShan/ChiselIOPMP/src/main/scala/IopmpChecker.scala
[01:06:28] [spechunter] [Read] /home/yzs/riscv/XiangShan/ChiselIOPMP/src/main/scala/IopmpChecker.scala
[01:06:28] [spechunter] [Read] /home/yzs/riscv/XiangShan/ChiselIOPMP/src/main/scala/IopmpChecker.scala
[01:06:35] [spechunter] [Read] /home/yzs/riscv/XiangShan/ChiselIOPMP/src/main/scala/IopmpChecker.scala
[01:06:35] [spechunter] [Read] /home/yzs/riscv/XiangShan/ChiselIOPMP/src/main/scala/Iopmp.scala
[01:07:17] [spechunter] [text] Now I have all the data needed to cross-validate. Let me analyze each location against the PR context — specifically the...
[01:07:17] [spechunter] [Grep] pattern='chk_x'
[01:07:17] [spechunter] [Grep] pattern='chk_x'
[01:08:58] [spechunter] [text] Now I have complete code context. Let me synthesize the cross-validation.  **Key finding**: The PR fixes IOPMP spec issu...
[01:09:24] [spechunter] [Agent] description, prompt
[01:09:48] [spechunter] [Glob] **/IopmpParams.scala
[01:09:48] [spechunter] [Grep] pattern='ReqBundle'
[01:09:48] [spechunter] [Grep] pattern='Ctrl'
[01:09:48] [spechunter] [Grep] pattern='RspBundle'
[01:09:48] [spechunter] [Grep] pattern='entry_attribute'
[01:09:48] [spechunter] [Grep] pattern='ttype'
[01:10:11] [spechunter] [Glob] **/iopmp/**/*
[01:10:11] [spechunter] [Glob] **/IOPMP*
[01:10:11] [spechunter] [Glob] **/Iopmp*
[01:10:11] [spechunter] [Glob] **/iopmp*
[01:10:35] [spechunter] [Glob] **/*.scala
[01:10:35] [spechunter] [Grep] pattern='ReqBundle'
[01:10:35] [spechunter] [Grep] pattern='sMatching'
[01:10:35] [spechunter] [Grep] pattern='RspBundle'
[01:10:35] [spechunter] [Grep] pattern='entry_attribute'
[01:10:35] [spechunter] [Grep] pattern='ttype'
[01:10:53] [spechunter] [Glob] **/*Iopmp*Params*
[01:10:53] [spechunter] [Grep] pattern='Ctrl'
[01:11:03] [spechunter] [Grep] pattern='Ctrl.*sMatching|sMatching.*Ctrl'
[01:12:02] [spechunter] [Read] /home/yzs/riscv/XiangShan/ChiselIOPMP/src/main/scala/IopmpChecker.scala
[01:12:02] [spechunter] [Read] /home/yzs/riscv/XiangShan/ChiselIOPMP/src/main/scala/Iopmp.scala
[01:12:02] [spechunter] [Read] /home/yzs/riscv/XiangShan/ChiselIOPMP/src/main/scala/IopmpBridge.scala
[01:12:34] [spechunter] [text] Now let me search for the IOPMP specification reference to validate against.  
[01:12:34] [spechunter] [Glob] **/*iopmp*
[01:12:34] [spechunter] [Glob] **/*IOPMP*
[01:12:39] [spechunter] [Read] /home/yzs/riscv/rv-isa-sec/spec_ref/riscv-iopmp/iopmp.adoc
[01:12:39] [spechunter] [Read] /home/yzs/riscv/rv-isa-sec/spec_ref/riscv-iopmp/iopmp_ref_model/include/iopmp_req_rsp.h
[01:12:39] [spechunter] [Read] /home/yzs/riscv/rv-isa-sec/spec_ref/riscv-iopmp/iopmp_ref_model/include/iopmp_registers.h
[01:13:11] [spechunter] [text] Let me read the relevant spec chapters for chk_x, entry format, and transaction types
[01:13:11] [spechunter] [Glob] chapter*.adoc
[01:13:24] [spechunter] [Read] /home/yzs/riscv/rv-isa-sec/spec_ref/riscv-iopmp/chapter2.adoc
[01:13:24] [spechunter] [Read] /home/yzs/riscv/rv-isa-sec/spec_ref/riscv-iopmp/chapter3.adoc
[01:13:41] [spechunter] [Read] /home/yzs/riscv/rv-isa-sec/spec_ref/riscv-iopmp/chapter4.adoc
[01:13:53] [spechunter] [text] Now let me read the extensions spec for the entry_cfg with suppression bits and chk_x details.  
[01:13:53] [spechunter] [Read] /home/yzs/riscv/rv-isa-sec/spec_ref/riscv-iopmp/extensions.adoc
[01:14:02] [spechunter] [Glob] *.adoc
[01:14:06] [spechunter] [Read] /home/yzs/riscv/rv-isa-sec/spec_ref/riscv-iopmp/extensions/per_entry_suppression.adoc
[01:14:06] [spechunter] [Read] /home/yzs/riscv/rv-isa-sec/spec_ref/riscv-iopmp/extensions/registers.adoc
[01:14:19] [spechunter] [text] Now let me read the application note spec for HWCFG3 and the xinr/chk_x behavior
[01:14:19] [spechunter] [Read] /home/yzs/riscv/rv-isa-sec/spec_ref/riscv-iopmp/application_note/application_note.adoc
[01:14:49] [spechunter] [Read] /home/yzs/riscv/rv-isa-sec/spec_ref/riscv-iopmp/application_note/x_protection_devices.adoc
[01:14:49] [spechunter] [Read] /home/yzs/riscv/rv-isa-sec/spec_ref/riscv-iopmp/application_note/application_note_registers.adoc
[01:15:05] [spechunter] [text] Prompt is too long
