[21:47:51] [spechunter] PR loaded: #1374 riscv/riscv-unified-db — "fix(vector): handle xd==0 case correctly in vsetvli"
[21:47:51] [spechunter]   diff: 3584 chars  body: 1275 chars  reviews: 1
[21:47:51] [spechunter] Global pre-filter running...
[21:48:10] [spechunter] pre-filter: should_skip=False reason=""
[21:55:32] [spechunter] PR loaded: #1374 riscv/riscv-unified-db — "fix(vector): handle xd==0 case correctly in vsetvli"
[21:55:32] [spechunter]   diff: 3584 chars  body: 1275 chars  reviews: 1
[21:55:32] [spechunter] Global pre-filter running...
[21:55:43] [spechunter] [text] {"should_skip": false}
[21:55:44] [spechunter] pre-filter: should_skip=False reason=""
[21:55:59] [spechunter] [text] {"should_skip": false}
[21:56:00] [spechunter] [text] {"should_skip": true, "skip_reason": "RISC-V Vector extension instruction fix for vsetvli — OpenSBI does not implement o...
[21:56:25] [spechunter] [text] {"should_skip": true, "skip_reason": "This is a fix to the IDL model in the spec database to align with the already-corr...
[21:58:19] [spechunter] [Grep] pattern='vsetvli.*x0.*x0|__riscv_v_vsetvli|CSR_VL|riscv_v_vstate|riscv_v_context|vector.*save|vector.*restore'
[21:58:19] [spechunter] [Grep] pattern='vsetvli|vsetvl'
[21:58:28] [spechunter] [Read] /home/yzs/riscv/linux/arch/riscv/include/asm/vector.h
[21:58:28] [spechunter] [Read] /home/yzs/riscv/linux/arch/riscv/kernel/vector.c
[21:58:28] [spechunter] [Read] /home/yzs/riscv/linux/arch/riscv/kernel/process.c
[21:59:00] [spechunter] [Read] /home/yzs/riscv/linux/arch/riscv/kvm/vcpu_vector.c
[21:59:00] [spechunter] [Read] /home/yzs/riscv/linux/arch/riscv/kernel/signal.c
[21:59:00] [spechunter] [Grep] pattern='vsetvl.*x0.*x0|vsetvli.*x0.*x0'
[22:00:15] [spechunter] [text] Now let me check the kernel's context restore path more carefully, which is where the critical interaction happens.  
[22:00:15] [spechunter] [Grep] pattern='vsetvl|vsetvli'
[22:00:15] [spechunter] [Grep] pattern='CSR_VTYPE|CSR_VL|CSR_VSTART'
[07:51:13] [spechunter] PR loaded: #1374 riscv/riscv-unified-db — "fix(vector): handle xd==0 case correctly in vsetvli"
[07:51:13] [spechunter]   diff: 3584 chars  body: 1275 chars  reviews: 1
[07:51:13] [spechunter] Global pre-filter running...
[07:51:20] [spechunter] [text] {"should_skip": false, "skip_reason": "Substantive spec behavior fix for vsetvli instruction - incorrect xd==0 handling ...
[07:51:23] [spechunter] pre-filter: should_skip=False reason="Substantive spec behavior fix for vsetvli instruction - incorrect xd==0 handling is a correctness issue that could affect any vector-using component"
[07:51:34] [spechunter] [text] {"should_skip": false}
[07:51:37] [spechunter] [text] {"should_skip": false}
[07:51:42] [spechunter] [text] {"should_skip": true, "skip_reason": "Vector vsetvli instruction semantics fix is a hardware-level instruction behavior ...
[07:51:43] [spechunter] [text] {"should_skip": true, "skip_reason": "Spec-internal IDL bugfix aligning vsetvli with Sail reference — the ISA-defined be...
[07:51:49] [spechunter] [text] {"should_skip": true, "skip_reason": "Spec tooling fix in riscv-unified-db (IDL implementation) matching existing Sail m...
[07:51:57] [spechunter] [text] {  
[07:51:57] [spechunter] [Bash] Search QEMU RISC-V vector code for vsetvli implementation
[07:52:01] [spechunter] [text] {  
[07:52:01] [spechunter] [Agent] description, subagent_type
[07:52:02] [spechunter] [Grep] pattern='vsetvli'
[07:52:02] [spechunter] [Grep] pattern='xs1.*==.*0\\|rs1.*==.*0\\|xd.*!=.*0\\|rd.*!=.*0'
[07:52:07] [spechunter] [Grep] pattern='vsetvli'
[07:52:12] [spechunter] [Grep] pattern='do_vsetvl'
[07:52:17] [spechunter] [Grep] pattern='vsetvli'
[07:52:17] [spechunter] [Grep] pattern='VSetVLi'
[07:52:17] [spechunter] [Grep] pattern='vsetvl'
[07:52:17] [spechunter] [Glob] src/main/scala/**/*vector*
[07:52:17] [spechunter] [Glob] src/main/scala/**/*Vector*
[07:52:28] [spechunter] [Grep] pattern='do_vsetvl'
[07:52:38] [spechunter] [Read] /home/yzs/riscv/XiangShan/src/main/scala/xiangshan/backend/decode/VTypeGen.scala
[07:52:38] [spechunter] [Read] /home/yzs/riscv/XiangShan/src/main/scala/xiangshan/backend/fu/wrapper/VSet.scala
[07:52:38] [spechunter] [Read] /home/yzs/riscv/XiangShan/src/main/scala/xiangshan/backend/decode/VecDecoder.scala
[07:52:38] [spechunter] [Read] /home/yzs/riscv/XiangShan/src/main/scala/xiangshan/backend/decode/VecExceptionGen.scala
[07:52:38] [spechunter] [Read] /home/yzs/riscv/XiangShan/src/main/scala/xiangshan/backend/decode/DecodeUnit.scala
[07:52:38] [spechunter] [Read] /home/yzs/riscv/XiangShan/src/main/scala/xiangshan/backend/rob/VTypeBuffer.scala
[07:52:38] [spechunter] [Read] /home/yzs/riscv/XiangShan/src/main/scala/xiangshan/backend/decode/isa/bitfield/RiscvInst.scala
[07:52:45] [spechunter] [Read] /home/yzs/riscv/qemu/target/riscv/insn_trans/trans_rvv.c.inc
[07:53:00] [spechunter] [Grep] pattern='class VsetModule'
[07:53:00] [spechunter] [Grep] pattern='VSETOpType'
[07:53:00] [spechunter] [Grep] pattern='vsetvl'
[07:53:04] [spechunter] [Grep] pattern='helper_vsetvl'
[07:53:06] [spechunter] [Read] /home/yzs/riscv/XiangShan/src/main/scala/xiangshan/backend/decode/DecodeUnitComp.scala
[07:53:06] [spechunter] [Read] /home/yzs/riscv/XiangShan/src/main/scala/xiangshan/backend/fu/Vsetu.scala
[07:53:06] [spechunter] [Grep] pattern='VSETOpType|isVsetvl|isVsetivli|isVsetvli|uvset'
[07:53:12] [spechunter] [Grep] pattern='helper_vsetvl'
[07:53:12] [spechunter] [Grep] pattern='HELPER.*vsetvl'
[07:53:36] [spechunter] [Grep] pattern='vsetvli|VSetVLi|Vsetvli'
[07:53:36] [spechunter] [Grep] pattern='xs1.*x0|xd.*x0|rs1.*x0.*rd.*x0'
[07:53:36] [spechunter] [Grep] pattern='vlmax|VLMAX|vl_max'
[07:53:43] [spechunter] [Read] /home/yzs/riscv/XiangShan/src/main/scala/xiangshan/backend/fu/Vsetu.scala
[07:53:43] [spechunter] [Read] /home/yzs/riscv/XiangShan/src/main/scala/xiangshan/backend/fu/wrapper/VSet.scala
[07:53:43] [spechunter] [Read] /home/yzs/riscv/XiangShan/src/main/scala/xiangshan/backend/decode/DecodeUnitComp.scala
[07:54:07] [spechunter] [text] Now let me look at the VSETOpType definitions and how `keepVl`/`setVlmax` operations are handled
[07:54:07] [spechunter] [Grep] pattern='isSetVlmax|isKeepVl|isVsetvli|isVsetvl|isVsetivli|keepVl|setVlmax'
[07:54:07] [spechunter] [Grep] pattern='VSETOpType'
[07:54:23] [spechunter] [Grep] pattern='helper_vsetvl'
[07:54:32] [spechunter] [Grep] pattern='DEF_HELPER.*vsetvl'
[07:54:32] [spechunter] [Grep] pattern='vsetvl'
[07:54:37] [spechunter] [Read] /home/yzs/riscv/qemu/target/riscv/vector_helper.c
[07:55:21] [spechunter] [text] Now let me look at the VTypeGen and how `oldVt`/`specVType` is sourced for the keep-vl case, and verify the full flow th...
[07:55:21] [spechunter] [Read] /home/yzs/riscv/XiangShan/src/main/scala/xiangshan/backend/decode/VTypeGen.scala
[07:55:21] [spechunter] [Grep] pattern='specVType|oldVt|readOldVtype|VSetRvfWvf'
[07:55:37] [spechunter] [Read] /home/yzs/riscv/qemu/target/riscv/vector_helper.c
[07:56:39] [spechunter] [text] Now let me check the `specVType` definition and the VTypeGen output path more carefully
[07:56:39] [spechunter] [Read] /home/yzs/riscv/XiangShan/src/main/scala/xiangshan/backend/Bundles.scala
[07:56:39] [spechunter] [Read] /home/yzs/riscv/XiangShan/src/main/scala/xiangshan/backend/decode/VTypeGen.scala
[07:56:46] [spechunter] [text] Now let me check the `rvv_vsetvl_x0_vill` config default
[07:56:46] [spechunter] [Grep] pattern='rvv_vsetvl_x0_vill'
[07:57:59] [spechunter] [text] Now let me also check the `reset_ill_vtype` function and understand the full picture.  
[07:57:59] [spechunter] [Grep] pattern='reset_ill_vtype'
[07:59:04] [spechunter] [text] Let me verify the `xv` flag usage to understand if QEMU has any explicit "keep vl" ratio check
[07:59:04] [spechunter] [Grep] pattern='xv'
[07:59:04] [spechunter] [Grep] pattern='log2_sew\\|log2_lmul\\|lmul.*sew.*ratio\\|sew.*lmul.*ratio\\|old.*ratio\\|ratio.*old\\|vsetvl_x0'
[08:00:07] [spechunter] [text] Now let me also check the exact behavior when the _x0_vill knob is disabled (the default):  
[08:00:07] [spechunter] [Grep] pattern='rvv_vsetvl_x0_vill'
[08:00:07] [spechunter] [Grep] pattern='DEFINE_PROP_BOOL.*vsetvl_x0'
[08:01:15] [spechunter] [text] Now let me check how `specVType` fields are populated in the rename/dispatch pipeline flow.  
[08:01:15] [spechunter] [Grep] pattern='specVill|specVma|specVta|specVsew|specVlmul'
[08:01:15] [spechunter] [Grep] pattern='specVill|specVma|specVta|specVsew|specVlmul'
[08:01:38] [spechunter] [text] Now I have a complete picture. Let me analyze the gap between the spec PR and QEMU's implementation.  **Spec requirement...
[08:01:59] [spechunter] [TodoWrite] 9 items
[08:02:04] [spechunter] [Grep] pattern='vsetvl[^i]'
[08:02:04] [spechunter] [Grep] pattern='vsetvli'
[08:02:04] [spechunter] [Grep] pattern='helper_vsetvl'
[08:02:04] [spechunter] [Grep] pattern='vtype'
[08:02:04] [spechunter] [Grep] pattern='vill'
[08:02:04] [spechunter] [Grep] pattern='rvv_vsetvl_x0_vill'
[08:02:24] [spechunter] [Grep] pattern='helper_vsetvl'
[08:02:24] [spechunter] [Grep] pattern='vsetvli|vsetvl'
[08:02:24] [spechunter] [Grep] pattern='rvv_vsetvl_x0_vill'
[08:02:24] [spechunter] [Grep] pattern='vill'
[08:02:24] [spechunter] [Grep] pattern='vmstate_vtype|vmstate_vl|vmstate_vill|vmstate.*vector'
[08:02:24] [spechunter] [text] Let me check how `canUpdateVType` is controlled — it determines whether VTypeGen updates the speculative vtype during de...
[08:02:24] [spechunter] [Grep] pattern='canUpdateVType'
[08:02:27] [spechunter] [text] Let me read the key source files for precise line numbers
[08:02:27] [spechunter] [Read] /home/yzs/riscv/qemu/target/riscv/vector_helper.c
[08:02:27] [spechunter] [Read] /home/yzs/riscv/qemu/target/riscv/insn_trans/trans_rvv.c.inc
[08:02:27] [spechunter] [Read] /home/yzs/riscv/qemu/target/riscv/csr.c
[08:02:27] [spechunter] [Read] /home/yzs/riscv/qemu/target/riscv/cpu.h
[08:02:27] [spechunter] [Read] /home/yzs/riscv/qemu/target/riscv/insn32.decode
[08:02:27] [spechunter] [Read] /home/yzs/riscv/qemu/target/riscv/cpu.c
[08:02:27] [spechunter] [Read] /home/yzs/riscv/qemu/target/riscv/cpu.c
[08:02:29] [spechunter] [Read] /home/yzs/riscv/qemu/target/riscv/vector_helper.c
[08:02:29] [spechunter] [Read] /home/yzs/riscv/qemu/target/riscv/cpu_cfg_fields.h.inc
[08:02:29] [spechunter] [Read] /home/yzs/riscv/qemu/target/riscv/helper.h
[08:03:05] [spechunter] [Read] /home/yzs/riscv/qemu/target/riscv/machine.c
[08:03:05] [spechunter] [Read] /home/yzs/riscv/qemu/target/riscv/vector_internals.h
[08:03:05] [spechunter] [Read] /home/yzs/riscv/qemu/target/riscv/cpu_cfg_fields.h.inc
[08:03:05] [spechunter] [Read] /home/yzs/riscv/qemu/target/riscv/translate.c
[08:03:05] [spechunter] [Read] /home/yzs/riscv/qemu/target/riscv/translate.c
[08:03:05] [spechunter] [Read] /home/yzs/riscv/qemu/target/riscv/helper.h
[08:03:05] [spechunter] [Read] /home/yzs/riscv/qemu/target/riscv/kvm/kvm-cpu.c
[08:03:16] [spechunter] [Read] /home/yzs/riscv/qemu/target/riscv/tcg/tcg-cpu.c
[08:03:16] [spechunter] [Read] /home/yzs/riscv/qemu/disas/riscv.c
[08:03:16] [spechunter] [Read] /home/yzs/riscv/qemu/disas/riscv.c
[08:03:16] [spechunter] [Read] /home/yzs/riscv/qemu/disas/riscv.c
[08:03:25] [spechunter] [Grep] pattern='vext_get_vlmax'
[08:03:25] [spechunter] [Grep] pattern='cpu_vl'
[08:03:25] [spechunter] [Read] /home/yzs/riscv/qemu/target/riscv/insn_trans/trans_rvv.c.inc
[08:03:25] [spechunter] [Grep] pattern='vext_ldst_whole_trans'
[08:03:27] [spechunter] [text] Now let me read the TCG translation code, CSR handlers, machine migration, and CPU initialization
[08:03:27] [spechunter] [Grep] pattern='vsetvl|vsetvli'
[08:03:27] [spechunter] [Grep] pattern='vtype|vl|vill|vstart'
[08:03:27] [spechunter] [Grep] pattern='vtype|vl|vill|vstart'
[08:03:27] [spechunter] [Grep] pattern='vtype|vl|vill|vstart'
[08:03:27] [spechunter] [Grep] pattern='vtype|vl|vill|vstart'
[08:03:27] [spechunter] [Grep] pattern='vtype|vl|vill|vstart'
[08:03:50] [spechunter] [Read] /home/yzs/riscv/qemu/target/riscv/cpu.h
[08:03:50] [spechunter] [Read] /home/yzs/riscv/qemu/target/riscv/translate.c
[08:03:50] [spechunter] [Read] /home/yzs/riscv/qemu/target/riscv/translate.c
[08:03:50] [spechunter] [Read] /home/yzs/riscv/qemu/target/riscv/insn_trans/trans_rvv.c.inc
[08:03:50] [spechunter] [Read] /home/yzs/riscv/qemu/disas/riscv.h
[08:03:50] [spechunter] [Read] /home/yzs/riscv/qemu/disas/riscv.h
[08:03:55] [spechunter] [Read] /home/yzs/riscv/qemu/disas/riscv.h
[08:03:55] [spechunter] [Read] /home/yzs/riscv/qemu/disas/riscv.c
[08:03:55] [spechunter] [Read] /home/yzs/riscv/qemu/target/riscv/csr.c
[08:04:12] [spechunter] [TodoWrite] 10 items
[08:04:23] [spechunter] [text] Now let me verify the `VType` bundle definition and the `VSew` encoding to fully understand the ratio comparison
[08:04:23] [spechunter] [Grep] pattern='class VType|class VSew|class VLmul|object VSew|object VLmul'
[08:04:40] [spechunter] [Grep] pattern='vsetvl|vsetvli|vtype|vl|vill|vstart'
[08:04:40] [spechunter] [Grep] pattern='vsetvl|vsetvli|vtype|vl|vill|vstart'
[08:04:40] [spechunter] [Read] /home/yzs/riscv/qemu/target/riscv/vector_internals.h
[08:04:40] [spechunter] [Read] /home/yzs/riscv/qemu/target/riscv/insn_trans/trans_rvv.c.inc
[08:05:24] [spechunter] [text] Now let me check KVM and the `vext_get_vlmax` function to understand the VLMAX computation
[08:05:24] [spechunter] [Grep] pattern='vtype|vl|vill|vstart|vsetv'
[08:05:24] [spechunter] [Grep] pattern='vext_get_vlmax'
[08:05:24] [spechunter] [Grep] pattern='vext_get_vlmax'
[08:05:24] [spechunter] [Grep] pattern='vtype|vl|vill|vstart|reset_ill'
[08:05:37] [spechunter] [Grep] pattern='target_ulong vtype|target_ulong vl|bool vill|target_ulong vstart'
[08:05:37] [spechunter] [Grep] pattern='VTYPE|VSEW|VLMUL|VTA|VMA'
[08:05:37] [spechunter] [Read] /home/yzs/riscv/qemu/spec/std/isa/inst/V/vsetvli.yaml
[08:05:38] [spechunter] [text] ```json {   "locations": [     {       "file_path": "target/riscv/insn32.decode",       "function_name": "(decode table)...
[08:05:53] [spechunter] [Glob] **/vsetvli.yaml
[08:05:53] [spechunter] [Grep] pattern='vill'
[08:05:53] [spechunter] [Grep] pattern='finalize_rvv_inst'
[08:05:53] [spechunter] [Grep] pattern='bool require_rvv|bool require_rvv_first'
[08:06:10] [spechunter] [text] Now I have a thorough understanding of the implementation. Let me verify one more critical path — the `x0` register hand...
[08:06:10] [spechunter] [Read] /home/yzs/riscv/XiangShan/src/main/scala/xiangshan/package.scala
[08:06:15] [spechunter] [Grep] pattern='vs_dirty|mark_vs_dirty|mstatus_vs'
[08:06:15] [spechunter] [Grep] pattern='vtype|vl|vill|vstart'
[08:06:15] [spechunter] [Grep] pattern='csr.*vl|csr.*vtype|csr.*vstart|csr.*vill|gdb.*vector|gdb.*vl|gdb.*vtype'
[08:06:15] [spechunter] [Read] /home/yzs/riscv/qemu/target/riscv/gdbstub.c
[08:06:49] [spechunter] [Grep] pattern='riscv_csrrw_debug'
[08:06:49] [spechunter] [Read] /home/yzs/riscv/qemu/target/riscv/gdbstub.c
[08:06:54] [spechunter] [text] Let me also verify the Sail model reference and check for the IDL spec file
[08:06:54] [spechunter] [Glob] **/vsetvl*.yaml
[08:06:54] [spechunter] [Glob] **/vsetvli*
[08:07:43] [spechunter] [text] Now let me verify the machine.c migration code more fully and check for any other serialization paths.  
[08:07:43] [spechunter] [Read] /home/yzs/riscv/qemu/target/riscv/machine.c
[08:07:43] [spechunter] [Grep] pattern='vtype_reserved'
[08:08:04] [spechunter] [Grep] pattern='env->vtype =|env->vill =|env->vl ='
[08:08:34] [spechunter] [TodoWrite] 10 items
[08:09:18] [spechunter] [text] Based on my thorough analysis of the XiangShan RTL (`Vsetu.scala`, `VSet.scala`, `DecodeUnitComp.scala`, `VTypeGen.scala...
[08:09:34] [spechunter] [TodoWrite] 6 items
[08:09:36] [spechunter] [Grep] pattern='vsetvli|vsetvl'
[08:09:36] [spechunter] [Grep] pattern='CSR_vtype|CSR_vl|vtype|vl\\b'
[08:09:36] [spechunter] [Grep] pattern='oldVt\\.(vlmul|vsew)|specVType|log2OldRatio|log2NewRatio|keepVlIllegal'
[08:09:36] [spechunter] [Grep] pattern='in\\.ctrl\\.vpu\\.get\\.specVType|specVType|specV'
[08:09:53] [spechunter] [Grep] pattern='oldVt\\.(vlmul|vsew)|specVType|log2OldRatio|log2NewRatio|keepVlIllegal'
[08:09:53] [spechunter] [Grep] pattern='vsetvli|vsetvl|CSR_vtype|CSR_vl'
[08:09:53] [spechunter] [Grep] pattern='vtype|vl\\b|CSR_vtype|CSR_vl|vsetvli|vsetvl'
[08:09:53] [spechunter] [Grep] pattern='vtype|vl\\b|CSR_vtype|CSR_vl|vsetvli|vsetvl|specVType'
[08:09:58] [spechunter] [Agent] description, prompt
[08:09:58] [spechunter] [Agent] description, prompt
[08:10:06] [spechunter] [Read] /home/yzs/riscv/XiangShan/src/main/scala/xiangshan/backend/fu/Vsetu.scala
[08:10:06] [spechunter] [Read] /home/yzs/riscv/XiangShan/src/main/scala/xiangshan/backend/fu/wrapper/VSet.scala
[08:10:06] [spechunter] [Read] /home/yzs/riscv/XiangShan/src/main/scala/xiangshan/backend/Bundles.scala
[08:10:16] [spechunter] [Grep] pattern='specVType'
[08:10:16] [spechunter] [Grep] pattern='oldVt'
[08:10:16] [spechunter] [Grep] pattern='VTypeGen'
[08:10:18] [spechunter] [Glob] **/*.scala
[08:10:18] [spechunter] [Grep] pattern='vsetvli|vsetvl|VSet|Vsetu|VTypeGen'
[08:10:18] [spechunter] [Grep] pattern='VSet|VTypeGen|vset'
[08:10:25] [spechunter] [text] Now I have all the evidence needed. Let me compile the comprehensive JSON report
[08:10:25] [spechunter] [Bash] Output JSON report
[08:10:35] [spechunter] [Grep] pattern='CSR_vtype|CSR_vl|CSR_VTYPE|CSR_VL'
[08:10:35] [spechunter] [Grep] pattern='CSR_vtype|CSR_vl|CSR_VTYPE|CSR_VL'
[08:10:35] [spechunter] [Grep] pattern='specVType|specVill|specVma|specVta|specVsew|specVlmul'
[08:10:35] [spechunter] [Grep] pattern='vsetvli|vsetvl|VSETOpType'
[08:10:37] [spechunter] [Grep] pattern='VSet|VTypeGen|vsetvli|vsetvl'
[08:10:37] [spechunter] [Grep] pattern='VSet|VTypeGen|vsetvli|vsetvl|vtype'
[08:10:37] [spechunter] [Read] /home/yzs/riscv/XiangShan/src/main/scala/xiangshan/backend/fu/wrapper/VSet.scala
[08:10:37] [spechunter] [Read] /home/yzs/riscv/XiangShan/src/main/scala/xiangshan/backend/decode/VTypeGen.scala
[08:10:37] [spechunter] [Read] /home/yzs/riscv/XiangShan/src/main/scala/xiangshan/backend/rob/VTypeBuffer.scala
[08:10:37] [spechunter] [Read] /home/yzs/riscv/XiangShan/src/test/scala/xiangshan/backend/fu/VsetTop.scala
[08:10:55] [spechunter] [Grep] pattern='class VsetModule|object VSETOpType|class VtypeStruct'
[08:10:55] [spechunter] [Read] /home/yzs/riscv/XiangShan/src/main/scala/xiangshan/backend/fu/FuConfig.scala
[08:10:55] [spechunter] [Read] /home/yzs/riscv/XiangShan/src/main/scala/xiangshan/backend/decode/DecodeUnit.scala
[08:11:00] [spechunter] [Grep] pattern='vsetvli|vsetvl|VSETOpType|VSet'
[08:11:00] [spechunter] [Grep] pattern='vsetvli|vsetvl|VSETOpType|VSet'
[08:11:00] [spechunter] [Grep] pattern='vtype|vl |CSR_vtype|CSR_vl|VSETOpType|vsetvli|vsetvl'
[08:11:00] [spechunter] [Grep] pattern='vtype|vl |CSR_vtype|CSR_vl|VSETOpType|vsetvli|vsetvl'
[08:11:08] [spechunter] [Read] /home/yzs/riscv/XiangShan/src/main/scala/xiangshan/package.scala
[08:11:08] [spechunter] [Read] /home/yzs/riscv/XiangShan/src/main/scala/xiangshan/backend/decode/DecodeUnitComp.scala
[08:11:08] [spechunter] [Read] /home/yzs/riscv/XiangShan/src/main/scala/xiangshan/backend/decode/VTypeGen.scala
[08:11:08] [spechunter] [Read] /home/yzs/riscv/XiangShan/src/main/scala/xiangshan/backend/decode/DecodeUnit.scala
[08:11:12] [spechunter] [Read] /home/yzs/riscv/XiangShan/src/main/scala/xiangshan/backend/fu/Vsetu.scala
[08:11:12] [spechunter] [Read] /home/yzs/riscv/XiangShan/src/main/scala/xiangshan/backend/fu/FuType.scala
[08:11:12] [spechunter] [Read] /home/yzs/riscv/XiangShan/src/main/scala/xiangshan/package.scala
[08:11:14] [spechunter] [TodoWrite] 10 items
[08:11:20] [spechunter] [Grep] pattern='vtype|vl |vs|vstart|vcsr|vxrm|vxsat|CSR.*0x(0C20|0xC20|0xC21|0x008|0x009|0x00A|0x00B|0x00C|0xA18|0xA1A)'
[08:11:20] [spechunter] [Grep] pattern='CsrAddr|Vstart|Vxsat|Vxrm|Vl|Vtype|Vcsr'
[08:11:20] [spechunter] [Grep] pattern='vl |vtype|isVset|isKeepVl|isSetVlmax'
[08:11:20] [spechunter] [Grep] pattern='readOldVtype|oldVt|isKeepVl|isSetVlmax'
[08:11:32] [spechunter] [text] ## Analysis Complete  Here's a summary of what was found across 18 locations in 10 files:  ### Primary Bug **`target/ris...
[08:11:39] [spechunter] [Grep] pattern='vsetvli|vsetvl|VSet|VTypeGen|VTypeBuffer|VsetModule'
[08:11:39] [spechunter] [Grep] pattern='vsetvli|vsetvl|VSet|VTypeGen|VTypeBuffer|VsetModule'
[08:11:39] [spechunter] [Grep] pattern='vsetvli|vsetvl|VSet|VTypeGen|VTypeBuffer|VsetModule|VSETOpType'
[08:11:39] [spechunter] [Grep] pattern='vsetvli|vsetvl|VSet|VTypeGen|VTypeBuffer|VsetModule'
[08:11:39] [spechunter] [Grep] pattern='vsetvli|vsetvl|VSet|VTypeGen|VTypeBuffer|VsetModule|VSETOpType'
[08:11:39] [spechunter] [Grep] pattern='vsetvli|vsetvl|VSet|VTypeGen|VTypeBuffer|VsetModule|VSETOpType'
[08:11:41] [spechunter] [Read] /home/yzs/riscv/XiangShan/src/main/scala/xiangshan/backend/fu/FuConfig.scala
[08:11:41] [spechunter] [Read] /home/yzs/riscv/XiangShan/src/main/scala/xiangshan/backend/fu/FuConfig.scala
[08:11:41] [spechunter] [Read] /home/yzs/riscv/XiangShan/src/main/scala/xiangshan/backend/Bundles.scala
[08:11:41] [spechunter] [Grep] pattern='vsetvli|vsetvl|VSet|VSETOpType|vtype|specVType'
[08:11:55] [spechunter] [Grep] pattern='specVill|specVma|specVta|specVsew|specVlmul'
[08:11:55] [spechunter] [Grep] pattern='class VSetRvfWvfCfg|readOldVtype.*true|readVl.*true'
[08:12:11] [spechunter] [Grep] pattern='VSet|Vset|vset'
[08:12:11] [spechunter] [Grep] pattern='VSet|VTypeGen|VTypeBuffer|VsetModule|VSETOpType|vsetvli|vsetvl'
[08:12:11] [spechunter] [Grep] pattern='VSet|VTypeGen|VTypeBuffer|VsetModule|VSETOpType|vsetvli|vsetvl'
[08:12:11] [spechunter] [Grep] pattern='VSet|VTypeGen|VTypeBuffer|VsetModule|VSETOpType|vsetvli|vsetvl'
[08:12:11] [spechunter] [Grep] pattern='VSet|VTypeGen|VTypeBuffer|VsetModule|VSETOpType|vsetvli|vsetvl'
[08:12:11] [spechunter] [Grep] pattern='VSet|VTypeGen|VTypeBuffer|VsetModule|VSETOpType|vsetvli|vsetvl'
[08:12:11] [spechunter] [Grep] pattern='VSet|VTypeGen|VTypeBuffer|VsetModule|VSETOpType|vsetvli|vsetvl'
[08:12:12] [spechunter] [Grep] pattern='VSetRvfWvf'
[08:12:26] [spechunter] [Grep] pattern='VSet|VTypeGen|VTypeBuffer|VsetModule|VSETOpType|vsetvli|vsetvl|VsetVType|VtypeStruct'
[08:12:26] [spechunter] [Grep] pattern='VSet|VTypeGen|VTypeBuffer|VsetModule|VSETOP|vsetvli|vsetvl|VSET'
[08:12:26] [spechunter] [Grep] pattern='VSet|VTypeGen|VTypeBuffer|VsetModule|vsetvli|vsetvl|VSET|vtype'
[08:12:26] [spechunter] [Grep] pattern='VSet|VTypeGen|VTypeBuffer|VsetModule|vsetvli|vsetvl|VSET|vtype'
[08:12:26] [spechunter] [text] I'll cross-validate the fast-path locations against the PR's actual change scope. Let me first verify the key files and ...
[08:12:26] [spechunter] [Read] /home/yzs/riscv/qemu/target/riscv/vector_helper.c
[08:12:26] [spechunter] [Grep] pattern='sail\\(\\)|IDL.*vsetvl|vsetvl.*idl'
[08:12:26] [spechunter] [Glob] target/riscv/**/*vset*
[08:12:26] [spechunter] [Glob] target/riscv/**/*.idl
[08:12:35] [spechunter] [text] Let me check the actual commit diff and look for the Sail model file referenced in the PR
[08:12:35] [spechunter] [Bash] Show diff of latest commit for riscv target
[08:12:35] [spechunter] [Bash] Recent commits touching vector_helper.c
[08:12:35] [spechunter] [Glob] target/riscv/**/*sail*
[08:12:41] [spechunter] [Grep] pattern='class VType|class VsetVType|initVtype|def vlmul|def vsew|illegal'
[08:12:41] [spechunter] [Grep] pattern='vtype|vl |specVType|CSR.*vl|CSR.*vtype'
[08:13:31] [spechunter] [text] Now I have a thorough picture. Here is the complete location report.  ```json {   "locations": [     {       "file_path"...
[08:13:39] [spechunter] [text] Now I need to examine the PR context closely. The PR is about a **vsetvli xd==0 fix**, but the actual branch `fix-vmstat...
[08:13:39] [spechunter] [Read] /home/yzs/riscv/qemu/target/riscv/insn_trans/trans_rvv.c.inc
[08:13:39] [spechunter] [Read] /home/yzs/riscv/qemu/target/riscv/helper.h
[08:14:05] [spechunter] [Grep] pattern='vsetvli|vsetvl|VSet|vtype'
[08:14:05] [spechunter] [Grep] pattern='vsetvli|vsetvl|VSet|vtype'
[08:14:05] [spechunter] [Grep] pattern='vsetvli|vsetvl|VSet|vtype'
[08:14:05] [spechunter] [Grep] pattern='VsetModule|VtypeStruct|VSETOpType'
[08:14:26] [spechunter] [Grep] pattern='class VtypeStruct|class VsetModule|class VsetBase|object VSETOpType'
[08:14:38] [spechunter] [Read] /home/yzs/riscv/XiangShan/src/main/scala/xiangshan/backend/fu/CSR.scala
[08:14:49] [spechunter] [Grep] pattern='vset|VSET|VType'
[08:14:49] [spechunter] [Grep] pattern='VSET|vset|VType'
[08:15:00] [spechunter] [text] Now let me verify a few more relevant paths to ensure completeness of the cross-validation.  
[08:15:00] [spechunter] [Read] /home/yzs/riscv/qemu/target/riscv/cpu.h
[08:15:00] [spechunter] [Read] /home/yzs/riscv/qemu/target/riscv/cpu.h
[08:15:00] [spechunter] [Read] /home/yzs/riscv/qemu/target/riscv/csr.c
[08:15:22] [spechunter] [Grep] pattern='operation\\(\\)|IDL|\\.idl\\b'
[08:15:22] [spechunter] [Glob] target/riscv/**/*.idl*
[08:15:22] [spechunter] [Grep] pattern='vsetvl'
[08:16:20] [spechunter] [text] Now let me read the key source files to trace the full data flow
[08:16:20] [spechunter] [Read] /home/yzs/riscv/XiangShan/src/main/scala/xiangshan/backend/fu/Vsetu.scala
[08:16:20] [spechunter] [Read] /home/yzs/riscv/XiangShan/src/main/scala/xiangshan/backend/fu/wrapper/VSet.scala
[08:16:20] [spechunter] [Read] /home/yzs/riscv/XiangShan/src/main/scala/xiangshan/backend/decode/VTypeGen.scala
[08:16:42] [spechunter] [text] Now let me trace how `specVType` is set in bundles and flows through the pipeline.  
[08:16:42] [spechunter] [Read] /home/yzs/riscv/XiangShan/src/main/scala/xiangshan/backend/Bundles.scala
[08:16:42] [spechunter] [Read] /home/yzs/riscv/XiangShan/src/main/scala/xiangshan/backend/decode/DecodeStage.scala
[08:16:42] [spechunter] [Read] /home/yzs/riscv/XiangShan/src/main/scala/xiangshan/backend/rob/VTypeBuffer.scala
[08:16:49] [spechunter] [text] Now let me read the vpu bundle definition and the VecDecoder vset table
[08:16:49] [spechunter] [Read] /home/yzs/riscv/XiangShan/src/main/scala/xiangshan/backend/Bundles.scala
[08:16:49] [spechunter] [Read] /home/yzs/riscv/XiangShan/src/main/scala/xiangshan/backend/fu/vector/Bundles.scala
[08:16:49] [spechunter] [Read] /home/yzs/riscv/XiangShan/src/main/scala/xiangshan/backend/decode/VecDecoder.scala
[08:16:59] [spechunter] [text] Now let me find the VSetTable and trace how specVType flows from VTypeGen to the vpu bundle.  
[08:16:59] [spechunter] [Grep] pattern='VSetTable'
[08:16:59] [spechunter] [Grep] pattern='specVill|specVma|specVta|specVsew|specVlmul'
[08:16:59] [spechunter] [Grep] pattern='connectVType|specVType|vtype'
[08:17:06] [spechunter] [text] Now I have a clear picture. Let me finalize the cross-validation. The PR is about a vsetvli `xd==0` fix in `HELPER(vsetv...
[08:17:17] [spechunter] [Grep] pattern='helper_vsetvl'
[08:17:17] [spechunter] [Grep] pattern='rvv_vsetvl_x0_vill'
[08:17:25] [spechunter] [Read] /home/yzs/riscv/qemu/target/riscv/vector_helper.c
[08:17:25] [spechunter] [Grep] pattern='helper_vsetvl'
[08:17:31] [spechunter] [Read] /home/yzs/riscv/qemu/target/riscv/vector_helper.c
[08:17:31] [spechunter] [Grep] pattern='vsetvl'
[08:17:40] [spechunter] [Read] /home/yzs/riscv/qemu/target/riscv/vector_helper.c
[08:17:40] [spechunter] [Grep] pattern='vtype_reserved'
[08:17:44] [spechunter] [text] Let me now check the spec file mentioned in the PR and also trace how `vtypeArchNext` updates
[08:17:44] [spechunter] [Read] /home/yzs/riscv/XiangShan/spec/std/isa/inst/V/vsetvli.yaml
[08:17:44] [spechunter] [Grep] pattern='vtypeArchNext|vtypeSpecNext|commitVType|canUpdateVType'
[08:17:44] [spechunter] [Read] /home/yzs/riscv/XiangShan/src/main/scala/xiangshan/backend/decode/DecodeUnit.scala
[08:17:56] [spechunter] [Read] /home/yzs/riscv/qemu/target/riscv/vector_helper.c
[08:17:56] [spechunter] [Grep] pattern='reset_ill_vtype'
[08:17:56] [spechunter] [Grep] pattern='rvv_vsetvl_x0_vill'
[08:17:56] [spechunter] [Glob] **/riscv-v-isa-manual*
[08:18:00] [spechunter] [Glob] **/vsetvli*
[08:18:00] [spechunter] [Grep] pattern='canUpdateVType'
[08:18:06] [spechunter] [Glob] **/v*
[08:18:06] [spechunter] [Bash] List spec reference directories
[08:18:26] [spechunter] [text] Let me look at the spec for `vsetvl`/`vsetvli` behavior with `rs1==x0` (the `x0` parameter in the helper function).  
[08:18:26] [spechunter] [Grep] pattern='rs1.*x0|x0.*rs1|previous.*vtype|current.*vtype|ill|vill'
[08:18:30] [spechunter] [Grep] pattern='vsetvl|vsetvli|change.*vtype|vtype.*change|LMUL|SEW|ratio'
[08:18:34] [spechunter] [Read] /home/yzs/riscv/rv-isa-sec/spec_ref/riscv-isa-manual/src/unpriv/v-st-ext.adoc
[08:18:48] [spechunter] [Read] /home/yzs/riscv/rv-isa-sec/spec_ref/riscv-isa-manual/normative_rule_defs/v-st-ext.yaml
[08:18:48] [spechunter] [Grep] pattern='include.*config|include.*vector-common'
[08:19:10] [spechunter] [text] Now let me look at the spec for the exact `vsetvl` behavior with rs1==x0, rd==x0
[08:19:10] [spechunter] [Grep] pattern='x0.*x0.*vsetvli|x0.*rs1.*rd.*vsetvl|LMUL.*ratio.*change|vsetvl.*rs1.*x0|rd.*x0.*vsetvl'
[08:19:10] [spechunter] [Grep] pattern='norm:vsetvl_op_rs1_x0_rd_x0'
[08:19:14] [spechunter] [Read] /home/yzs/riscv/rv-isa-sec/spec_ref/riscv-isa-manual/src/unpriv/vector-common.adoc
[08:20:00] [spechunter] [text] Now let me look at the translation code for vsetvl/vsetvli to see how the `x0` parameter is passed.  
[08:20:00] [spechunter] [Grep] pattern='vsetvl|vsetvli'
[08:20:05] [spechunter] [Read] /home/yzs/riscv/qemu/target/riscv/insn_trans/trans_rvv.c.inc
[08:20:40] [spechunter] [text] Let me check a few more details about the init vtype state and the DecodeUnitComp to complete the trace.  
[08:20:40] [spechunter] [Grep] pattern='isVset|uvsetvcfg_keep_v'
[08:20:40] [spechunter] [Grep] pattern='uvsetvcfg_keep_v|isKeepVl'
[08:20:46] [spechunter] [Read] /home/yzs/riscv/qemu/target/riscv/cpu.c
[08:20:46] [spechunter] [Grep] pattern='rvv_vsetvl_x0_vill'
[08:21:06] [spechunter] [text] Let me check the VecDecoder VSet table to understand which uops use VSetRvfWvf.  
[08:21:06] [spechunter] [Grep] pattern='VSETVLI|VSETIVLI|VSETVL|VSetTable|vset'
[08:21:13] [spechunter] [text] Now let me check the pre-existing vill check and the spec reference more carefully.  
[08:21:13] [spechunter] [Read] /home/yzs/riscv/qemu/target/riscv/vector_helper.c
[08:21:13] [spechunter] [Read] /home/yzs/riscv/rv-isa-sec/spec_ref/riscv-isa-manual/src/unpriv/vector-common.adoc
[08:21:34] [spechunter] [text] Now let me trace the `specVType` definition in the vpu bundle and follow the `connectVType` path to complete the trace
[08:21:34] [spechunter] [Read] /home/yzs/riscv/XiangShan/src/main/scala/xiangshan/backend/Bundles.scala
[08:21:34] [spechunter] [Grep] pattern='connectVType|specVill|specVma|specVta'
[08:22:51] [spechunter] [text] Now let me check how the `x0` flag is used — specifically for the vill=1 precheck that the spec requires.  
[08:22:51] [spechunter] [Read] /home/yzs/riscv/qemu/target/riscv/vector_helper.c
[08:23:04] [spechunter] [Read] /home/yzs/riscv/XiangShan/src/main/scala/xiangshan/backend/decode/DecodeUnitComp.scala
[08:23:04] [spechunter] [Read] /home/yzs/riscv/XiangShan/src/main/scala/xiangshan/backend/fu/FuConfig.scala
[08:23:12] [spechunter] [Read] /home/yzs/riscv/XiangShan/src/main/scala/xiangshan/backend/decode/DecodeUnitComp.scala
[08:23:12] [spechunter] [Read] /home/yzs/riscv/XiangShan/src/main/scala/xiangshan/package.scala
[08:23:47] [spechunter] [text] Now let me also check whether there's a pre-existing vill check anywhere in the function
[08:23:47] [spechunter] [Grep] pattern='env->vill'
[08:23:47] [spechunter] [Grep] pattern='vext_get_vlmax'
[08:26:31] [spechunter] [text] Now let me update the todo list and read DecodeUnitComp more carefully for the vsetvl split uop paths
[08:26:31] [spechunter] [TodoWrite] 6 items
[08:29:25] [spechunter] [text] Now I have a complete picture. Let me compile the findings into the JSON report.  
[08:29:25] [spechunter] [Write] /home/yzs/riscv/XiangShan/vsetvli_xd0_spec_vtype_staleness.json
[08:29:49] [spechunter] [text] Now let me verify the VsetTop test harness to confirm the oldVt wiring pattern  
[08:29:49] [spechunter] [Read] /home/yzs/riscv/XiangShan/src/main/scala/xiangshan/backend/fu/VsetTop.scala
[08:29:53] [spechunter] [Grep] pattern='class VsetTop'
[08:29:59] [spechunter] [Read] /home/yzs/riscv/XiangShan/src/test/scala/xiangshan/backend/fu/VsetTop.scala
[08:31:07] [spechunter] [TodoWrite] 6 items
[08:31:26] [spechunter] [text] Now I have all the information needed. Let me produce the analysis.  
[08:31:26] [spechunter] [Read] /home/yzs/riscv/qemu/target/riscv/cpu.c
[08:31:49] [spechunter] [text] Analysis complete. Findings written to `vsetvli_xd0_spec_vtype_staleness.json`.  ## Summary  The vulnerability traces a ...
[08:32:12] [spechunter] [text] I'll cross-validate the fast-path locations against the actual code to verify relevance and accuracy.  
[08:32:12] [spechunter] [Read] /home/yzs/riscv/XiangShan/src/main/scala/xiangshan/backend/fu/Vsetu.scala
[08:32:12] [spechunter] [Read] /home/yzs/riscv/XiangShan/src/main/scala/xiangshan/backend/fu/wrapper/VSet.scala
[08:32:12] [spechunter] [Read] /home/yzs/riscv/XiangShan/src/main/scala/xiangshan/package.scala
[08:32:28] [spechunter] [Read] /home/yzs/riscv/XiangShan/src/main/scala/xiangshan/backend/decode/DecodeUnitComp.scala
[08:32:28] [spechunter] [Read] /home/yzs/riscv/XiangShan/src/main/scala/xiangshan/backend/decode/VTypeGen.scala
[08:32:28] [spechunter] [Read] /home/yzs/riscv/XiangShan/src/main/scala/xiangshan/backend/fu/FuConfig.scala
[08:32:52] [spechunter] [text] Now I have all the information needed. Let me prepare the final analysis.  ```json {   "findings": [     {       "file_p...
[08:33:02] [spechunter] [text] Let me verify a few more locations before making the final judgment
[08:33:02] [spechunter] [Read] /home/yzs/riscv/XiangShan/src/main/scala/xiangshan/backend/Bundles.scala
[08:33:02] [spechunter] [Read] /home/yzs/riscv/XiangShan/src/main/scala/xiangshan/backend/decode/DecodeUnit.scala
[08:33:02] [spechunter] [Read] /home/yzs/riscv/XiangShan/src/main/scala/xiangshan/backend/fu/vector/Bundles.scala
[08:33:52] [spechunter] [Read] /home/yzs/riscv/XiangShan/src/main/scala/xiangshan/backend/rob/VTypeBuffer.scala
[08:33:52] [spechunter] [Read] /home/yzs/riscv/XiangShan/src/main/scala/xiangshan/backend/rob/VTypeBuffer.scala
[08:34:59] [spechunter] [text] Now let me check the remaining locations to identify items to remove.  
[08:34:59] [spechunter] [Read] /home/yzs/riscv/XiangShan/src/main/scala/xiangshan/backend/decode/isa/CSRs.scala
[08:34:59] [spechunter] [Read] /home/yzs/riscv/XiangShan/src/main/scala/xiangshan/backend/decode/VecDecoder.scala
[08:34:59] [spechunter] [Read] /home/yzs/riscv/XiangShan/src/main/scala/xiangshan/backend/decode/VecDecoder.scala
[08:36:41] [spechunter] [text] Now I have all the context needed for cross-validation. Let me produce the final analysis.  
[08:36:41] [spechunter] [Write] /home/yzs/riscv/XiangShan/vsetvli_xd0_fix_locations.json
[08:36:59] [spechunter] [text] Done. The cross-validation results are saved to `vsetvli_xd0_fix_locations.json`.  ### Summary  **19 fast-path locations...
[08:37:09] [spechunter] [Grep] pattern='Vsetu\\.scala|VSet\\.scala'
[08:37:09] [spechunter] [Agent] description, subagent_type
[08:37:14] [spechunter] [Glob] **/Vsetu.scala
[08:37:14] [spechunter] [Glob] **/VSet.scala
[08:37:27] [spechunter] [Read] /home/yzs/riscv/XiangShan/src/main/scala/xiangshan/backend/fu/Vsetu.scala
[08:37:27] [spechunter] [Read] /home/yzs/riscv/XiangShan/src/main/scala/xiangshan/backend/fu/wrapper/VSet.scala
[08:37:43] [spechunter] [text] Let me trace the source of `specVType` to understand whether it can be stale.  
[08:37:43] [spechunter] [Grep] pattern='specVType'
[08:37:43] [spechunter] [Grep] pattern='VTypeGen'
[08:38:08] [spechunter] [Read] /home/yzs/riscv/XiangShan/src/main/scala/xiangshan/backend/decode/VTypeGen.scala
[08:38:08] [spechunter] [Grep] pattern='specVType'
[08:38:08] [spechunter] [Read] /home/yzs/riscv/XiangShan/src/main/scala/xiangshan/backend/rob/VTypeBuffer.scala
[08:38:43] [spechunter] [text] Now let me look at how `specVType` is constructed in the bundle and how the vpu fields are set at decode time.  
[08:38:43] [spechunter] [Read] /home/yzs/riscv/XiangShan/src/main/scala/xiangshan/backend/Bundles.scala
[08:38:43] [spechunter] [Grep] pattern='specVill|specVma|specVta|specVsew|specVlmul'
[08:39:22] [spechunter] [text] Now let me check the spec references for the normative text about the vtype/vl behavior on vsetvli instructions
[08:39:22] [spechunter] [Glob] **/*.adoc
[08:39:26] [spechunter] [Glob] **/*vector*
[08:39:26] [spechunter] [Glob] **/*v*
[08:39:35] [spechunter] [Grep] pattern='keep.*vl|vsetvli.*x0.*x0|VLMAX|vtype.*ratio|LMUL.*SEW.*ratio|vill'
[08:39:51] [spechunter] [Grep] pattern='vsetvli|vsetvl|keep|VLMAX|vill'
[08:40:13] [spechunter] [Bash] Check file size of v-st-ext.adoc
[08:40:57] [spechunter] [Read] /home/yzs/riscv/rv-isa-sec/spec_ref/riscv-isa-manual/src/unpriv/v-st-ext.adoc
[08:41:01] [spechunter] [Grep] pattern='keep.*vl|vsetvli.*x0.*x0|VLMAX|ratio.*LMUL|SEW.*ratio.*LMUL'
[08:41:33] [spechunter] [Grep] pattern='vsetvli|keep|ratio|vill|VLMAX'
[08:41:49] [spechunter] [Grep] pattern='vsetvl|rs1=x0|rd=x0|keep|ratio|vill.*set|set.*vill'
[08:41:55] [spechunter] [text] Now let me look at the `vsetvli`/`vsetvl` instruction encoding section to understand the keep-vl behavior spec.  
[08:41:55] [spechunter] [Grep] pattern='sec-vector-config|vsetvli.*encoding|rs1.*x0|rd.*x0|keep.*previous|AVL'
[08:48:52] [spechunter] [Grep] pattern='canUpdateVType'
[08:54:09] [spechunter] [text] Let me check a few more key details about the VType definition and the init vtype.  
[08:54:09] [spechunter] [Grep] pattern='def initVtype|class VType|vlmul.*UInt|vsew.*UInt'
[08:54:17] [spechunter] [Read] /home/yzs/riscv/XiangShan/src/main/scala/xiangshan/backend/fu/vector/Bundles.scala
[09:06:06] [spechunter] [Read] /home/yzs/riscv/rv-isa-sec/spec_ref/riscv-isa-manual/src/unpriv/vector-common.adoc
[09:06:28] [spechunter] [text] Let me look at how `io.enq.vtype` is connected to understand the full pipeline.  
[09:06:28] [spechunter] [Read] /home/yzs/riscv/XiangShan/src/main/scala/xiangshan/backend/decode/DecodeUnit.scala
[09:06:28] [spechunter] [Grep] pattern='enq\\.vtype'
