[00:39:45] [spechunter] PR loaded: #150 riscv-non-isa/riscv-external-debug-security — "Rev0.7.4"
[00:39:45] [spechunter]   diff: 231090 chars  body: 272 chars  reviews: 0
[00:39:45] [spechunter] Global pre-filter running...
[00:39:54] [spechunter] [text] {"should_skip": false}
[00:39:56] [spechunter] pre-filter: should_skip=False reason=""
[00:40:23] [spechunter] [text] {"should_skip": true, "skip_reason": "CSR rename (msdcfg→mdtcfg) and field renames in external debug security spec; M-mo...
[00:40:26] [spechunter] [text] {"should_skip": false}
[00:40:35] [spechunter] [text] {"should_skip": true, "skip_reason": "External debug security spec cosmetic renames (msdcfg→mdtcfg, field name prefix ch...
[00:41:16] [spechunter] [text] ```json {   "violation_condition": "OpenSBI writes debug/trace security configuration fields (SEDBGALW, VSEDBGALW, UEDBG...
[00:41:29] [spechunter] [Grep] pattern='msdcfg|mdtcfg|SEDBGALW|SDEDBGALW|SDETRCALW|USEDBGALW|USETRCALW|SETRCALW|VSETRCALW|UETRCALW|VSEDBGALW|UEDBGALW'
[00:41:29] [spechunter] [Grep] pattern='mdbgen|mtrcen'
[00:41:29] [spechunter] [Grep] pattern='csr_write.*msdcfg|csr_read.*msdcfg'
[00:41:43] [spechunter] [Grep] pattern='debug.*sec|sdsec|external.debug'
[00:41:43] [spechunter] [Grep] pattern='tcontrol|mcontext|scontext|hcontext'
[00:41:43] [spechunter] [Grep] pattern='trigger|dbtr|sdcfg|dcfg'
[00:41:46] [spechunter] [Grep] pattern='mdtcfg|msdcfg|mdbgen|mtrcen'
[00:41:46] [spechunter] [Grep] pattern='SEDBGALW|VSEDBGALW|UEDBGALW'
[00:41:46] [spechunter] [Grep] pattern='SETRCALW|VSETRCALW|UETRCALW'
[00:41:46] [spechunter] [Grep] pattern='csr_write.*msdcfg|csr_read.*msdcfg'
[00:41:46] [spechunter] [Grep] pattern='SDEDBGALW|SDETRCALW|USEDBGALW|USETRCALW'
[00:41:50] [spechunter] [Read] /home/yzs/riscv/opensbi/include/sbi/riscv_dbtr.h
[00:41:50] [spechunter] [Read] /home/yzs/riscv/opensbi/include/sbi/sbi_dbtr.h
[00:41:50] [spechunter] [Read] /home/yzs/riscv/opensbi/lib/sbi/sbi_ecall_dbtr.c
[00:42:05] [spechunter] [Read] /home/yzs/riscv/opensbi/lib/sbi/sbi_dbtr.c
[00:42:05] [spechunter] [Grep] pattern='CSR_MDCFG|CSR_MSDCFG|CSR_MDTCFG|CSR_MDBGEN|CSR_MTRCEN|0x7[45][0-9a-fA-F]|csr_write.*dbg|csr_write.*trc|csr_write.*trig'
[00:42:06] [spechunter] [text] Let me also check the uncommitted/patch files and any broader debug-related CSR patterns.  
[00:42:06] [spechunter] [Grep] pattern='mdtcfg|msdcfg|mdbgen|mtrcen|SEDBGALW|VSEDBGALW|UEDBGALW|SETRCALW|VSETRCALW|UETRCALW'
[00:42:06] [spechunter] [Grep] pattern='mdtcfg|msdcfg|mdbgen|mtrcen|SEDBGALW|VSEDBGALW|UEDBGALW|SETRCALW|VSETRCALW|UETRCALW'
[00:42:06] [spechunter] [Grep] pattern='dbg|trc|debug.*sec|trigger.*csr'
[00:42:21] [spechunter] [Grep] pattern='MSECCFG|MDTCFG|MSDCFG|MDBGEN|MTRCEN|SDEDBG|SDETRC|USEDBG|USETRC'
[00:42:21] [spechunter] [Grep] pattern='0x74[0-9a-fA-F]'
[00:42:23] [spechunter] [text] Let me search more broadly for debug-related CSR definitions and code in the codebase.  
[00:42:23] [spechunter] [Grep] pattern='CSR_.*DBG|CSR_.*TRC|CSR_.*DEBUG'
[00:42:23] [spechunter] [Read] /home/yzs/riscv/opensbi/lib/sbi/sbi_dbtr.c
[00:42:23] [spechunter] [Grep] pattern='mcontext|mscontext|hcontext'
[00:42:37] [spechunter] [Grep] pattern='sedbg|setrc|uedbg|uetrc|vsedbg|vsetrc|debug.*allow|trace.*allow|dbgen|trcen|debug.*security'
[00:42:37] [spechunter] [Grep] pattern='SSEED|USEED'
[00:42:43] [spechunter] [text] None of the affected entities exist anywhere in the current OpenSBI codebase. These are new CSRs/fields being introduced...
[00:43:23] [spechunter] [text] Let me look more carefully at the hart init paths and the CSR encoding definitions.  
[00:43:23] [spechunter] [Read] /home/yzs/riscv/opensbi/lib/sbi/sbi_hart.c
[00:43:23] [spechunter] [Read] /home/yzs/riscv/opensbi/include/sbi/riscv_encoding.h
[00:43:23] [spechunter] [Read] /home/yzs/riscv/opensbi/lib/sbi/sbi_init.c
[00:43:58] [spechunter] [Bash] Show recent commit history
[00:43:58] [spechunter] [Bash] List all branches
[00:43:58] [spechunter] [Grep] pattern='appendix|debug.*security|smsecss|debug.*policy'
[00:44:40] [spechunter] [Bash] Check git history for riscv_encoding.h changes
[00:44:40] [spechunter] [Grep] pattern='0x7[ab][0-9a-fA-F]'
[00:44:40] [spechunter] [Grep] pattern='SBI_HART_EXT.*DBG|SBI_HART_EXT.*TRC|SBI_HART_EXT.*SEC|SBI_HART_EXT.*EXTERNAL'
[00:45:14] [spechunter] [Bash] Check for stashed changes
[00:45:14] [spechunter] [Grep] pattern='mstateen|mstateenh'
[00:45:14] [spechunter] [Grep] pattern='CSR_MCONTEXT|CSR_SCONTEXT|CSR_HCONTEXT'
[00:45:29] [spechunter] [Read] /home/yzs/riscv/opensbi/include/sbi/riscv_encoding.h
[00:45:29] [spechunter] [Read] /home/yzs/riscv/opensbi/include/sbi/riscv_encoding.h
[00:46:05] [spechunter] [Read] /home/yzs/riscv/opensbi/include/sbi/riscv_encoding.h
[00:46:05] [spechunter] [Read] /home/yzs/riscv/opensbi/lib/sbi/sbi_hart.c
[00:46:29] [spechunter] [text] Now let me check if there are any recent branches or pending patches related to this topic.  
[00:46:29] [spechunter] [Bash] Search git log for related commits
[00:46:29] [spechunter] [Bash] Check for related branches
[00:47:07] [spechunter] [Grep] pattern='0x7c[0-9a-fA-F]|0x7b[4-9a-fA-F]|0x7d[0-9a-fA-F]'
[00:47:07] [spechunter] [Grep] pattern='0x7[cd][0-9a-fA-F]'
[00:47:07] [spechunter] [Read] /home/yzs/riscv/opensbi/findings.json
[00:48:19] [spechunter] [text] Let me look more deeply at the semantically related code paths.  
[00:48:19] [spechunter] [Read] /home/yzs/riscv/opensbi/lib/sbi/sbi_hart_pmp.c
[00:48:19] [spechunter] [Read] /home/yzs/riscv/opensbi/lib/sbi/sbi_hart.c
[00:48:19] [spechunter] [Read] /home/yzs/riscv/opensbi/lib/sbi/sbi_hart.c
[00:49:23] [spechunter] [text] Let me do a more thorough search for any related patches or work-in-progress code.  
[00:49:23] [spechunter] [Glob] **/*.patch
[00:49:23] [spechunter] [Glob] **/*sdsec*
[00:49:23] [spechunter] [Glob] **/*smsecss*
[00:50:01] [spechunter] [Grep] pattern='smsdext|sdsec|external.*debug.*sec'
[00:50:01] [spechunter] [Grep] pattern='MSECCFG'
[00:50:01] [spechunter] [Grep] pattern='DBTR|DEBUG|TRACE|TRIGGER'
[00:50:49] [spechunter] [Bash] Check recent changes to sbi_hart.c
[00:50:49] [spechunter] [Grep] pattern='STATEEN|stateen'
[00:50:49] [spechunter] [Read] /home/yzs/riscv/opensbi/lib/sbi/sbi_hart.c
[00:51:38] [spechunter] [Read] /home/yzs/riscv/opensbi/include/sbi/sbi_hart.h
[00:52:11] [spechunter] [Grep] pattern='0x7a[5-9a-fA-F]'
[00:52:11] [spechunter] [Grep] pattern='_DT_|_DB_|debug.*allow|trace.*allow|DBGALW|TRCALW'
[00:52:11] [spechunter] [Grep] pattern='sdedbg|sdetrc|usedbg|usetrc|vsedbg|vsetrc'
[00:52:31] [spechunter] [text] Let me search the codebase for relevant code locations related to the PR context (external debug security, `msdcfg` CSR)...
[00:52:31] [spechunter] [Agent] description, subagent_type
[00:52:31] [spechunter] [Agent] description, subagent_type
[00:53:04] [spechunter] [Grep] pattern='dsecfg|sdebc|sdedbext|sdedbgalr|mstateen|mstateenh'
[00:53:04] [spechunter] [Grep] pattern='debug.security|debug security|external.debug|External Debug Security'
[00:53:04] [spechunter] [Grep] pattern='trigger|Sdtrig|sdtrig|tcontrol|tselect|tdata[0-3]|mcontext|hcontext|scontext'
[00:53:04] [spechunter] [Grep] pattern='CSR_DCSR|CSR_DPC|CSR_DSCRATCH|CSR_TDATA|CSR_TCONTROL|CSR_TSELECT|CSR_MCONTEXT|CSR_HCONTEXT|CSR_SCONTEXT|CSR_MSTATEEN|CSR_SSTATEEN|CSR_HSTATEEN'
[00:53:04] [spechunter] [Grep] pattern='mstateen|sstateen|hstateen|dsecfg'
[00:53:04] [spechunter] [Grep] pattern='debug|DEBUG'
[00:53:11] [spechunter] [Grep] pattern='msdcfg'
[00:53:11] [spechunter] [Grep] pattern='mseccfg'
[00:53:11] [spechunter] [Grep] pattern='mseccfgh'
[00:53:11] [spechunter] [Grep] pattern='debug.security|debug security'
[00:53:11] [spechunter] [Grep] pattern='external.debug|external debug'
[00:53:11] [spechunter] [Grep] pattern='SDEBC|sdebc'
[00:53:26] [spechunter] [Read] /home/yzs/riscv/opensbi/include/sbi/riscv_encoding.h
[00:53:26] [spechunter] [Read] /home/yzs/riscv/opensbi/lib/sbi/sbi_hart.c
[00:53:26] [spechunter] [Read] /home/yzs/riscv/opensbi/lib/sbi/sbi_hart_pmp.c
[00:53:26] [spechunter] [Read] /home/yzs/riscv/opensbi/lib/sbi/sbi_hart.c
[00:53:46] [spechunter] [Grep] pattern='dsecfg|sdebc|sdedbext|sdedbgalr|mstateen|mstateenh|sstateen|sstateenh|hstateen|hstateenh'
[00:53:46] [spechunter] [Grep] pattern='dsecfg|sdebc|sdedbext|sdedbgalr|mstateen|mstateenh|sstateen|sstateenh|hstateen|hstateenh'
[00:53:46] [spechunter] [Grep] pattern='dsecfg|sdebc|sdedbext|sdedbgalr|mstateen|mstateenh|sstateen|sstateenh|hstateen|hstateenh'
[00:53:46] [spechunter] [Grep] pattern='CSR_DCSR|CSR_DPC|CSR_DSCRATCH|CSR_TDATA|CSR_TCONTROL|CSR_TSELECT|CSR_MCONTEXT|CSR_HCONTEXT|CSR_SCONTEXT'
[00:53:46] [spechunter] [Grep] pattern='CSR_MSTATEEN|CSR_SSTATEEN|CSR_HSTATEEN'
[00:53:46] [spechunter] [Grep] pattern='debug|dsecfg|trigger|mstateen'
[00:54:24] [spechunter] [Grep] pattern='SMSTATEEN'
[00:54:24] [spechunter] [Grep] pattern='CSR_MCONTEXT|CSR_HCONTEXT|CSR_SCONTEXT|CSR_MSCONTEXT'
[00:54:24] [spechunter] [Grep] pattern='trigger|tselect|tdata|tcontrol|tinfo|mcontext|hcontext'
[00:54:24] [spechunter] [Grep] pattern='trigger|tselect|tdata|tcontrol|tinfo|mcontext|hcontext|scontext'
[00:54:24] [spechunter] [Grep] pattern='trigger|tselect|tdata|tcontrol|tinfo|mcontext|hcontext|scontext'
[00:54:24] [spechunter] [Grep] pattern='trigger|tselect|tdata|tcontrol|tinfo|mcontext|hcontext|scontext'
[00:54:26] [spechunter] [Grep] pattern='dcsr|dcause|dpc|dscratch|dcontrol|mcontrol|tcontrol|tdata1|tdata2|tdata3|tselect|jvscontext|hcontext|scontext'
[00:54:26] [spechunter] [Grep] pattern='Sdsec|Smsec|spmp|SDID|SSID|MPU|IOPMP|WorldGuard'
[00:54:26] [spechunter] [Grep] pattern='debug|trigger|trace|jtag'
[00:54:26] [spechunter] [Grep] pattern='CSR_MSECCFG|MSECCFG_|MSECCFGH'
[00:54:53] [spechunter] [Grep] pattern='0x7[aA]6|0x747|0x757'
[00:54:53] [spechunter] [Grep] pattern='sdedbgalw|Sdsec|Smsdcfg|sdedbgalw'
[00:54:53] [spechunter] [Grep] pattern='dret|ebreak|debug_mode|haltreq|resumereq|debug_req'
[00:54:53] [spechunter] [Bash] Show recent git log for context
[00:54:54] [spechunter] [Grep] pattern='dsecfg|sdebc|sdedbext|sdedbgalr'
[00:54:54] [spechunter] [Grep] pattern='SDTRIG|sdtrig'
[00:54:54] [spechunter] [Grep] pattern='SDTRIG|sdtrig'
[00:54:54] [spechunter] [Grep] pattern='external.debug|External debug|debug mode|Debug Mode'
[00:54:54] [spechunter] [Grep] pattern='CSR_MCONTEXT|CSR_HCONTEXT|CSR_SCONTEXT|mcontext|hcontext|scontext'
[00:54:54] [spechunter] [Grep] pattern='debug.*security|security.*debug|sdext|debug.*control|dbg|DBG'
[00:55:19] [spechunter] [Grep] pattern='TRIG|trig|SDTRIG|sdtrig|dbtr'
[00:55:19] [spechunter] [Grep] pattern='dbtr|DBTR|Sdtrig|SDTRIG|trigger|Trigger'
[00:55:19] [spechunter] [Grep] pattern='SBI_EXT_DBTR'
[00:55:19] [spechunter] [Grep] pattern='RV_DBTR_BIT|RV_DBTR_DECLARE'
[00:55:19] [spechunter] [Grep] pattern='debug|DEBUG'
[00:55:19] [spechunter] [Grep] pattern='sbi_dbtr_init|sbi_dbtr_register'
[00:55:23] [spechunter] [Grep] pattern='MSECCFG|mseccfg'
[00:55:23] [spechunter] [Grep] pattern='MSECCFG|mseccfg'
[00:55:23] [spechunter] [Read] /home/yzs/riscv/opensbi/include/sbi/riscv_encoding.h
[00:55:36] [spechunter] [Grep] pattern='0x7a5|0x7a6|0x7a7|0x7a8|0x7a9|0x7aa|0x7ab|0x7ac|0x7ad|0x7ae|0x7af'
[00:55:36] [spechunter] [Grep] pattern='CSR_MCONTEXT|CSR_SCONTEXT|CSR_HCONTEXT|context.*0x7a|0x7a8|msdcfg'
[00:55:36] [spechunter] [Glob] **/*dbtr*
[00:55:44] [spechunter] [Read] /home/yzs/riscv/opensbi/include/sbi/sbi_dbtr.h
[00:55:44] [spechunter] [Read] /home/yzs/riscv/opensbi/include/sbi/riscv_dbtr.h
[00:55:44] [spechunter] [Read] /home/yzs/riscv/opensbi/lib/sbi/sbi_ecall_dbtr.c
[00:55:45] [spechunter] [Grep] pattern='RV_DBTR_DECLARE_BIT'
[00:55:45] [spechunter] [Grep] pattern='debug|trigger|sdebc|dsecfg|sdedbgalr|stateen'
[00:55:45] [spechunter] [Grep] pattern='SBI_IPI_EVENT_DBTR|SBI_IPI_DBTR|IPI.*DBTR|DBTR.*IPI'
[00:55:45] [spechunter] [Grep] pattern='sbi_dbtr'
[00:55:45] [spechunter] [Grep] pattern='sbi_dbtr'
[00:55:45] [spechunter] [Grep] pattern='iprocess|IPROCESS|iprocess_trigger'
[00:56:26] [spechunter] [Read] /home/yzs/riscv/opensbi/include/sbi/riscv_dbtr.h
[00:56:26] [spechunter] [Read] /home/yzs/riscv/opensbi/include/sbi/sbi_dbtr.h
[00:56:26] [spechunter] [Grep] pattern='debug|trigger|stateen'
[00:56:26] [spechunter] [Grep] pattern='debug|trigger|stateen|dsecfg|sdebc|sdedbext|sdedbgalr'
[00:56:26] [spechunter] [Grep] pattern='debug|trigger|stateen|dsecfg|sdebc|sdedbext|sdedbgalr'
[00:56:26] [spechunter] [Grep] pattern='dbtr|DBTR'
[00:56:42] [spechunter] [Grep] pattern='dbtr'
[00:56:42] [spechunter] [Grep] pattern='SMSTATEEN0_CONTEXT|SMSTATEEN0_HSENVCFG|SMSTATEEN0_AIA|SMSTATEEN0_IMSIC|SMSTATEEN0_SVSLCT|SMSTATEEN0_CTR|SMSTATEEN0_SRMCFG|SMSTATEEN_STATEN'
[00:56:42] [spechunter] [Grep] pattern='tdata1|tdata2|tdata3|tselect|tinfo|tcontrol'
[00:56:42] [spechunter] [Grep] pattern='CSR_DCSR|CSR_DPC|CSR_DSCRATCH'
[00:56:42] [spechunter] [Grep] pattern='tdata1|tdata2|tdata3|tselect|tinfo|tcontrol'
[00:56:42] [spechunter] [Read] /home/yzs/riscv/opensbi/lib/sbi/objects.mk
[00:57:00] [spechunter] [Grep] pattern='trigger|tselect|tdata|tinfo|tcontrol|dscratch|dcsr|dpc|dbtr|stateen|dsecfg|sdebc|sdedbgalr'
[00:57:00] [spechunter] [Grep] pattern='trigger|tselect|tdata|tinfo|tcontrol|dscratch|dcsr|dpc|dbtr|stateen|dsecfg|sdebc|sdedbgalr'
[00:57:00] [spechunter] [Grep] pattern='HART_EXT_SDTRIG|HART_EXT_SMSTATEEN|HART_EXT_SSSTATEEN'
[00:57:00] [spechunter] [Grep] pattern='mstateen0|mstateen1|mstateen2|mstateen3|sstateen0|sstateen1|sstateen2|sstateen3|hstateen0|hstateen1|hstateen2|hstateen3'
[00:57:00] [spechunter] [Grep] pattern='hart_state_ptr_offset|hart_triggers_state|sbi_dbtr'
[00:57:00] [spechunter] [Grep] pattern='secfg|sedeleg|hedeleg'
[00:57:15] [spechunter] [Read] /home/yzs/riscv/opensbi/lib/sbi/sbi_hart.c
[00:57:15] [spechunter] [Read] /home/yzs/riscv/opensbi/lib/sbi/sbi_hart.c
[00:57:15] [spechunter] [Grep] pattern='dbtr|DBTR'
[00:57:15] [spechunter] [Grep] pattern='dbtr|DBTR'
[00:57:15] [spechunter] [Grep] pattern='dbtr|DBTR'
[00:59:27] [spechunter] [text] Now let me look at a few key files to understand the exact code structure and identify the most relevant insertion point...
[00:59:27] [spechunter] [Read] /home/yzs/riscv/opensbi/include/sbi/riscv_encoding.h
[00:59:27] [spechunter] [Read] /home/yzs/riscv/opensbi/lib/sbi/sbi_hart.c
[00:59:27] [spechunter] [Read] /home/yzs/riscv/opensbi/lib/sbi/sbi_hart.c
[00:59:53] [spechunter] [text] Now let me read a couple more key files to refine the exact line-level locations.  
[00:59:53] [spechunter] [Read] /home/yzs/riscv/opensbi/lib/sbi/sbi_dbtr.c
[00:59:53] [spechunter] [Read] /home/yzs/riscv/opensbi/lib/sbi/sbi_dbtr.c
[00:59:53] [spechunter] [Read] /home/yzs/riscv/opensbi/include/sbi/sbi_hart.h
[01:00:21] [spechunter] [text] Now let me check the context/debug-related code for the issues #144 and #146.  
[01:00:21] [spechunter] [Grep] pattern='sbi_domain_context'
[01:00:21] [spechunter] [Grep] pattern='external.debug|debug.security|sdedbgalw|sdedbgalr'
[01:00:33] [spechunter] [Read] /home/yzs/riscv/opensbi/include/sbi/sbi_domain_context.h
[01:00:33] [spechunter] [Read] /home/yzs/riscv/opensbi/lib/sbi/sbi_domain_context.c
[01:01:16] [spechunter] [text] Now I have a complete picture of the codebase. Let me produce the final location set.  ```json {   "locations": [     { ...
[01:01:42] [spechunter] [Grep] pattern='msdcfg|mdtcfg|SEDBGALW|SDEDBGALW|SDETRCALW|USEDBGALW|USETRCALW|SETRCALW|VSETRCALW|UETRCALW|VSEDBGALW|UEDBGALW|VUEDBGALW|VUETRCALW'
[01:01:42] [spechunter] [Grep] pattern='mdtcfg|msdcfg'
[01:01:56] [spechunter] [Grep] pattern='0x7A[0-9a-fA-F]|CSR_MDT|CSR_MSD|debug.*trace|trace.*debug|DBGALW|TRCALW'
[01:01:56] [spechunter] [Grep] pattern='mdtcfg|msdcfg'
[01:02:08] [spechunter] [Grep] pattern='sdcfg|dtcfg'
[01:02:25] [spechunter] [Grep] pattern='0x7a5|0x7a6|0x7a7|0x7a8|0x7a9|0x7aA|0x7aB|0x7aC|0x7aD|0x7aE|0x7aF'
[01:02:25] [spechunter] [Grep] pattern='sdsec|Sdsec|SDSEC'
[01:02:54] [spechunter] [Grep] pattern='mseccfg|msecfg|debug.*sec|sec.*debug'
[01:02:54] [spechunter] [Grep] pattern='Sdsec|Smsdcfg|Smdbltrp|Smctr'
[01:03:12] [spechunter] [Grep] pattern='0x747|0x757|CSR_MDT|DBGALW|TRCALW|sdedbgalw|sdetrcalw|usedbgalw|usetrcalw'
[01:03:12] [spechunter] [Grep] pattern='CSR_MSE|CSR_MDT|CSR_MSD'
[01:03:53] [spechunter] [text] Based on a thorough search of the entire OpenSBI codebase, here are the findings:  ## Analysis Summary  I searched the f...
[03:26:10] [spechunter] PR loaded: #150 riscv-non-isa/riscv-external-debug-security — "Rev0.7.4"
[03:26:10] [spechunter]   diff: 231090 chars  body: 272 chars  reviews: 0
[03:26:10] [spechunter] Global pre-filter running...
[03:26:24] [spechunter] [text] {"should_skip": false, "skip_reason": "Substantive security specification change introducing a new CSR (msdcfg) and rena...
[03:26:25] [spechunter] pre-filter: should_skip=False reason="Substantive security specification change introducing a new CSR (msdcfg) and renaming debug/trace security control fields — directly relevant to RISC-V debug security analysis."
[03:26:43] [spechunter] [text] {"should_skip": false}
[03:26:43] [spechunter] [text] {"should_skip": true, "skip_reason": "External debug security spec changes (CSR rename msdcfg→mdtcfg, field renames) aff...
[03:26:43] [spechunter] [text] {"should_skip": false}
[03:26:48] [spechunter] [text] {"should_skip": true, "skip_reason": "External debug security CSR rename (msdcfg→mdtcfg) and field renames are M-mode on...
[03:26:50] [spechunter] [text] {"should_skip": true, "skip_reason": "External debug security spec changes (CSR rename msdcfg→mdtcfg, field renames) onl...
[03:27:16] [spechunter] [text] ```json {   "violation_condition": "XiangShan RTL implements debug/trace security controls using the old CSR name 'msdcf...
[03:27:31] [spechunter] [Grep] pattern='mdtcfg|msdcfg|sdcsr|sdpc|udcsr|udpc|mdbgen|mtrcen|nsecdbg'
[03:27:31] [spechunter] [Grep] pattern='mdtcfg|msdcfg|sdcsr|sdpc|udcsr|udpc|mdbgen|mtrcen|nsecdbg'
[03:27:31] [spechunter] [Grep] pattern='SDEDBGALW|USEDBGALW|SDETRCALW|USETRCALW'
[03:27:39] [spechunter] [TodoWrite] 6 items
[03:27:40] [spechunter] [text] ```json {   "violation_condition": "QEMU implements the new mdtcfg CSR with incorrect WARL semantics — specifically, all...
[03:27:51] [spechunter] [Grep] pattern='mdtcfg'
[03:27:51] [spechunter] [Grep] pattern='SEDBGALW|VSEDBGALW|UEDBGALW|SETRCALW|VSETRCALW|UETRCALW'
[03:27:51] [spechunter] [Grep] pattern='msdcfg|Smsdedbg|Smvsdedbg|Smudedbg|Smsdetrc|Smvsdetrc|Smudetrc'
[03:27:59] [spechunter] [text] No direct matches for the entity names or field names. Let me broaden the search to find related debug/security CSR infr...
[03:27:59] [spechunter] [Grep] pattern='debug.*security|external.debug|debug.*csr|dmcsr|dcsr|dpcr'
[03:27:59] [spechunter] [Grep] pattern='0x7[a-f0-9]0|0x7[a-f0-9]1|0x7[a-f0-9]2|0x7[a-f0-9]3|0x7[a-f0-9]4|0x7[a-f0-9]5|0x7[a-f0-9]6|0x7[a-f0-9]7|0x7[a-f0-9]8|0x7[a-f0-9]9|0x7[a-f0-9]a|0x7[a-f0-9]b|0x7[a-f0-9]c|0x7[a-f0-9]d|0x7[a-f0-9]e|0x7[a-f0-9]f'
[03:27:59] [spechunter] [Grep] pattern='CSR.*debug|debug.*mode|dMode|d_mode'
[03:27:59] [spechunter] [Grep] pattern='0x7[a-f0-9]{2}'
[03:28:02] [spechunter] [Grep] pattern='mdtcfg'
[03:28:02] [spechunter] [Grep] pattern='SEDBGALW|VSEDBGALW|UEDBGALW|SETRCALW|VSETRCALW|UETRCALW'
[03:28:02] [spechunter] [Grep] pattern='0x74D|0x74d'
[03:28:10] [spechunter] [text] No matches for the new CSR or its fields. Let me search more broadly for how QEMU RISC-V handles debug/trace CSRs and th...
[03:28:10] [spechunter] [Grep] pattern='msdcfg|mdtcfg|debug.*security|external.*debug.*security'
[03:28:10] [spechunter] [Grep] pattern='dscratch[01]|sdedbgalw|sdetrcalw'
[03:28:10] [spechunter] [Grep] pattern='Smdebug|Smrnmi|debug.*csr|WARL.*debug'
[03:28:10] [spechunter] [Glob] **/riscv*csr*
[03:28:10] [spechunter] [Glob] **/riscv*debug*
[03:28:10] [spechunter] [Agent] description, prompt
[03:28:10] [spechunter] [Agent] description, prompt
[03:28:13] [spechunter] [text] Let me first find the actual directory structure.  
[03:28:13] [spechunter] [Bash] ls /home/yzs/riscv/XiangShan/src/main/scala/xiangshan/
[03:28:13] [spechunter] [Bash] ls /home/yzs/riscv/XiangShan/src/main/scala/
[03:28:24] [spechunter] [Grep] pattern='dscratch0|dscratch1|dcsr|dpc|dscratch'
[03:28:24] [spechunter] [Grep] pattern='debug|DEBUG'
[03:28:26] [spechunter] [Grep] pattern='mdtcfg|msdcfg|sdcsr|sdpc|udcsr|udpc|mdbgen|mtrcen|nsecdbg'
[03:28:26] [spechunter] [Grep] pattern='SDEDBGALW|USEDBGALW|SDETRCALW|USETRCALW'
[03:28:26] [spechunter] [Grep] pattern='debug.*security|external.*debug'
[03:28:35] [spechunter] [Read] /home/yzs/riscv/XiangShan/src/main/scala/xiangshan/backend/fu/NewCSR/Debug.scala
[03:28:35] [spechunter] [Read] /home/yzs/riscv/XiangShan/src/main/scala/xiangshan/backend/fu/CSR.scala
[03:28:35] [spechunter] [Read] /home/yzs/riscv/XiangShan/src/main/scala/xiangshan/backend/fu/wrapper/CSR.scala
[03:28:40] [spechunter] [Grep] pattern='0x7[bB][0-9a-fA-F]*.*debug|debug.*0x7[bB][0-9a-fA-F]'
[03:28:40] [spechunter] [Grep] pattern='DebugSecurity'
[03:28:40] [spechunter] [Grep] pattern='TriggerExternalDebug'
[03:28:40] [spechunter] [Grep] pattern='debug.*(?:allow|enable|security)|(?:allow|enable|security).*debug'
[03:28:40] [spechunter] [Grep] pattern='msdcfg'
[03:28:40] [spechunter] [Grep] pattern='mdtcfg'
[03:28:40] [spechunter] [Grep] pattern='SDEDBGALW|USEDBGALW|SDETRCALW|USETRCALW'
[03:28:40] [spechunter] [Grep] pattern='SEDBGALW|UEDBGALW|SETRCALW|UETRCALW|VSEDBGALW|VSETRCALW'
[03:28:40] [spechunter] [Grep] pattern='sdcsr|udcsr'
[03:28:40] [spechunter] [Grep] pattern='sdpc|udpc'
[03:28:40] [spechunter] [Grep] pattern='mdbgen|mtrcen|nsecdbg'
[03:28:41] [spechunter] [text] No matches found for the primary entities. Let me broaden the search to find any related CSR patterns.  
[03:28:41] [spechunter] [Grep] pattern='debug.*trace|trcalw|dbgalw|msdcfg'
[03:28:41] [spechunter] [Grep] pattern='WARL.*debug|WARL.*trace|debug.*WARL'
[03:28:41] [spechunter] [Grep] pattern='scountinhibit|CDE'
[03:28:50] [spechunter] [text] Let me look at the CSR infrastructure more carefully.  
[03:28:50] [spechunter] [Grep] pattern='CSR_DC|CSR_MDC|CSR_SDC|CSR_TC|CSR_MTC'
[03:28:50] [spechunter] [Grep] pattern='WARL|warl|write.*mask'
[03:28:50] [spechunter] [Grep] pattern='cpudesign|debug_security|sdedbg|sdetrc'
[03:28:53] [spechunter] [text] Let me also check the current diff on the branch to understand what's already been modified.  
[03:28:53] [spechunter] [Bash] Show files changed in the last commit
[03:28:53] [spechunter] [Bash] Show recent commits
[03:29:05] [spechunter] [Grep] pattern='debug.*csr|CSR.*debug|Debug.*CSR|csr.*Debug'
[03:29:05] [spechunter] [Grep] pattern='DebugLevel|debug_level|debugLevel'
[03:29:05] [spechunter] [Grep] pattern='debugReq|debug_req|DebugReq|ExternalDebugReq'
[03:29:05] [spechunter] [Grep] pattern='PMP.*debug|debug.*PMP|pmp.*debug|debug.*pmp'
[03:29:05] [spechunter] [Grep] pattern='trace.*secure|secure.*trace|trace.*security|security.*trace|trace.*filter|filter.*trace'
[03:29:05] [spechunter] [Grep] pattern='dmactive|dmActive|debugMode|debug_mode|debug_halt|haltreq|halt_req'
[03:29:10] [spechunter] [text] These new CSRs don't exist in the codebase yet. Let me understand the CSR infrastructure and where similar CSRs are impl...
[03:29:10] [spechunter] [Grep] pattern='smrnmi|SMRNMI|Smrnmi|xrnmi|XRNMI|rnmi'
[03:29:10] [spechunter] [Grep] pattern='CSR_DCSR|CSR_TCONTROL|CSR_TDATA|tcontrol|dcsr'
[03:29:10] [spechunter] [Grep] pattern='dcsr|tcontrol|tdata1|tdrselect|mcontext|scontext|hcontext'
[03:29:11] [spechunter] [Bash] Show changes in the last commit
[03:29:11] [spechunter] [Grep] pattern='Debug/Trace|Debug.*Trace|dtr|sdbg|strc|tdrc'
[03:29:12] [spechunter] [text] Let me search more specifically in the NewCSR directory and check for any debug-related CSR references.  
[03:29:12] [spechunter] [Bash] ls /home/yzs/riscv/XiangShan/src/main/scala/xiangshan/backend/fu/NewCSR/
[03:29:12] [spechunter] [Grep] pattern='mdtcfg|msdcfg|sdcsr|sdpc|udcsr|udpc|mdbgen|mtrcen|nsecdbg'
[03:29:23] [spechunter] [text] Let me check the debug/trace register definitions area and the broader CSR landscape.  
[03:29:23] [spechunter] [Read] /home/yzs/riscv/qemu/target/riscv/cpu_bits.h
[03:29:23] [spechunter] [Grep] pattern='mdt|MDT|mdbg|MDBG'
[03:29:23] [spechunter] [Grep] pattern='tcfg|TCFG'
[03:29:26] [spechunter] [Grep] pattern='(?i)msdcfg'
[03:29:26] [spechunter] [Grep] pattern='(?i)mdtcfg'
[03:29:26] [spechunter] [Grep] pattern='(?i)(sdedbg|usedbg|sdetrc|usetrc|sedbg|uedbg|setrc|uetrc|vsedbg|vsetrc)'
[03:29:26] [spechunter] [Grep] pattern='(?i)(mdbgen|mtrcen|nsecdbg|sdpc|udpc|sdcsr|udcsr)'
[03:29:26] [spechunter] [Grep] pattern='(?i)dbg.*alw|trc.*alw|debug.*allow|trace.*allow'
[03:29:26] [spechunter] [Grep] pattern='(?i)(debug.*sec|sec.*debug|trace.*sec|sec.*trace)'
[03:29:27] [spechunter] [Grep] pattern='riscv_csr_operations csr_ops'
[03:29:27] [spechunter] [Grep] pattern='debug.*\\\\(|RISCVException.*debug\\\\(|.*debug.*RISCVException'
[03:29:27] [spechunter] [Read] /home/yzs/riscv/qemu/target/riscv/csr.c
[03:29:29] [spechunter] [Grep] pattern='dcsr|dpc|dscratch|debug|Debug'
[03:29:29] [spechunter] [Grep] pattern='dcsr|dpc|dscratch'
[03:29:32] [spechunter] [text] Let me check if msdcfg is defined anywhere and search for any remaining related patterns.  
[03:29:32] [spechunter] [Grep] pattern='msdcfg'
[03:29:32] [spechunter] [Grep] pattern='sdtrig|tscontrol|tmexttrigger'
[03:29:32] [spechunter] [Grep] pattern='CSR_SCOUNTINHIBIT|scountinhibit'
[03:29:36] [spechunter] [Read] /home/yzs/riscv/XiangShan/src/main/scala/xiangshan/backend/fu/NewCSR/Debug.scala
[03:29:36] [spechunter] [Read] /home/yzs/riscv/XiangShan/src/main/scala/xiangshan/backend/fu/util/DebugCSR.scala
[03:29:36] [spechunter] [Read] /home/yzs/riscv/XiangShan/src/main/scala/xiangshan/backend/fu/NewCSR/CSRDefines.scala
[03:29:36] [spechunter] [Read] /home/yzs/riscv/XiangShan/src/main/scala/xiangshan/backend/fu/NewCSR/DebugLevel.scala
[03:29:36] [spechunter] [Read] /home/yzs/riscv/XiangShan/src/main/scala/xiangshan/backend/fu/NewCSR/InterruptFilter.scala
[03:29:36] [spechunter] [Read] /home/yzs/riscv/XiangShan/src/main/scala/xiangshan/backend/fu/NewCSR/CSRPermitModule.scala
[03:29:37] [spechunter] [text] Let me read the full DebugLevel.scala and search more broadly across the entire codebase.  
[03:29:37] [spechunter] [Read] /home/yzs/riscv/XiangShan/src/main/scala/xiangshan/backend/fu/NewCSR/DebugLevel.scala
[03:29:37] [spechunter] [Grep] pattern='mdtcfg|msdcfg|sdcsr|sdpc|udcsr|udpc|mdbgen|mtrcen|nsecdbg|SDEDBGALW|USEDBGALW|SDETRCALW|USETRCALW'
[03:29:40] [spechunter] [text] Now let me look at how existing debug-related CSRs handle WARL semantics and the CSR registration infrastructure
[03:29:40] [spechunter] [Grep] pattern='write_tselect|read_tselect|write_tdata|read_tdata|read_mcontext|write_mcontext'
[03:29:40] [spechunter] [Grep] pattern='rmw_xctrctl|rmw_sctr'
[03:29:44] [spechunter] [Grep] pattern='mdtcfg|msdcfg|sdcsr|sdpc|udcsr|udpc|mdbgen|mtrcen|nsecdbg|SDEDBGALW|USEDBGALW|SDETRCALW|USETRCALW'
[03:29:44] [spechunter] [Grep] pattern='dcsr|dpc|dscratch|debug.*csr|0x7b'
[03:29:46] [spechunter] [text] Let me read the scountinhibit implementation and check the complete CSR definitions around the debug/trace registers
[03:29:46] [spechunter] [Read] /home/yzs/riscv/qemu/target/riscv/csr.c
[03:29:46] [spechunter] [Read] /home/yzs/riscv/qemu/target/riscv/csr.c
[03:29:46] [spechunter] [Read] /home/yzs/riscv/qemu/target/riscv/csr.c
[03:29:46] [spechunter] [Read] /home/yzs/riscv/qemu/target/riscv/csr.c
[03:29:47] [spechunter] [Grep] pattern='(?i)(0x7F[01]|0x7F[23]|0x7A[089]|0x7A[A-C]|0x788)'
[03:29:47] [spechunter] [Grep] pattern='DBG|TRC|dbg|trc'
[03:29:47] [spechunter] [Glob] **/*CSR*.scala
[03:29:47] [spechunter] [Grep] pattern='(?i)debug.*csr|trace.*csr|csr.*debug|csr.*trace'
[03:29:54] [spechunter] [Grep] pattern='dcsr|dpc|dscratch|tselect|tdata|tinfo|debug.*csr.*addr|0x7b[0-9a-fA-F]|CSRs\\.(dcsr|dpc|dscratch|tselect|tdata|tinfo)'
[03:29:54] [spechunter] [Grep] pattern='trace.*enable|trace.*disable|notrace|sdtrace|trTeDis|trTeEn|mcontext|hcontext|scontext'
[03:29:54] [spechunter] [Grep] pattern='class CSR|object CSR'
[03:29:54] [spechunter] [Read] /home/yzs/riscv/XiangShan/src/main/scala/xiangshan/backend/fu/NewCSR/NewCSR.scala
[03:29:54] [spechunter] [Read] /home/yzs/riscv/XiangShan/rocket-chip/src/main/scala/devices/debug/Debug.scala
[03:29:54] [spechunter] [Read] /home/yzs/riscv/XiangShan/rocket-chip/src/main/scala/devices/debug/dm_registers.scala
[03:30:04] [spechunter] [text] Now let me look at the `rmw_xctrctl` function as a close analogue, and search for existing CSR state fields  
[03:30:04] [spechunter] [Read] /home/yzs/riscv/qemu/target/riscv/csr.c
[03:30:04] [spechunter] [Grep] pattern='cpudesign|RISCV_CPU_CFG|cfg.*mdt|cfg.*debug.*sec|cfg.*sdedbg|cfg.*sdetrc'
[03:30:04] [spechunter] [Grep] pattern='debug|DEBUG|smsdedbg|smvsdedbg|smudedbg|smsdetrc|smvsdetrc|smudetrc'
[03:30:06] [spechunter] [Grep] pattern='0x7b[0-9a-fA-F]'
[03:30:06] [spechunter] [Grep] pattern='external.debug.security|142|144|146'
[03:30:06] [spechunter] [Grep] pattern='mdtcfg|msdcfg'
[03:30:16] [spechunter] [text] Let me also verify that `mdtcfg` is truly absent by searching a few more patterns
[03:30:16] [spechunter] [Grep] pattern='mdt|MDT'
[03:30:16] [spechunter] [Grep] pattern='debug|Debug'
[03:30:24] [spechunter] [text] Now let me look at the CPU state structure and other areas that would need to be touched
[03:30:24] [spechunter] [Grep] pattern='sctrdepth|sctrstatus|mctrctl|vsctrctl|CPURISCVState|target_ulong.*ctl'
[03:30:24] [spechunter] [Grep] pattern='mnscratch|mnepc|mnstatus|mncause|mcontext'
[03:30:24] [spechunter] [Grep] pattern='MCTRCTL|SCTRCTL|VSCTRCTL|SCTRDEPTH|SCTRSTATUS'
[03:30:25] [spechunter] [Read] /home/yzs/riscv/XiangShan/src/main/scala/xiangshan/backend/fu/NewCSR/DebugLevel.scala
[03:30:25] [spechunter] [Read] /home/yzs/riscv/XiangShan/src/main/scala/xiangshan/backend/trace/Interface.scala
[03:30:25] [spechunter] [Read] /home/yzs/riscv/XiangShan/src/main/scala/xiangshan/backend/fu/util/DebugCSR.scala
[03:30:25] [spechunter] [Grep] pattern='0x7f[0-3]|0x787|0x788|0x789'
[03:30:27] [spechunter] [Read] /home/yzs/riscv/XiangShan/src/main/scala/xiangshan/backend/decode/isa/CSRs.scala
[03:30:27] [spechunter] [Read] /home/yzs/riscv/XiangShan/src/main/scala/xiangshan/backend/fu/Trace.scala
[03:30:27] [spechunter] [Read] /home/yzs/riscv/XiangShan/src/main/scala/xiangshan/backend/fu/NewCSR/MachineLevel.scala
[03:30:27] [spechunter] [Grep] pattern='tselect|tdata1|tdata2|tinfo|dcsr|dpc|dscratch|debug'
[03:30:27] [spechunter] [Grep] pattern='mcontext|hcontext|scontext|mseccfg|trTe|notrace|sscsrind'
[03:30:27] [spechunter] [Read] /home/yzs/riscv/XiangShan/src/main/scala/device/RocketDebugWrapper.scala
[03:30:27] [spechunter] [text] Now let me read the CSR address definition file for the full debug CSR range
[03:30:27] [spechunter] [Read] /home/yzs/riscv/XiangShan/src/main/scala/xiangshan/backend/decode/isa/CSRs.scala
[03:30:27] [spechunter] [Read] /home/yzs/riscv/XiangShan/src/main/scala/xiangshan/backend/fu/util/CSRConst.scala
[03:30:33] [spechunter] [text] Let me check the CSR range between mstatus-related CSRs and the debug/trace section for any gap where `mdtcfg` might fit
[03:30:33] [spechunter] [Grep] pattern='0x7[4-5][0-9a-fA-F]'
[03:30:33] [spechunter] [Grep] pattern='CSR_.*0x74[5-9a-fA-F]|CSR_.*0x75'
[03:30:34] [spechunter] [text] Let me also check the reset/init code, VM migration machine state, KVM path, and GDB stub  
[03:30:34] [spechunter] [Grep] pattern='ctrctl|sctrdepth|sctrstatus|mctrctl|vsctrctl|CSR_MCTRCTL|mcontext|mnscratch|mnepc|mnstatus'
[03:30:34] [spechunter] [Grep] pattern='mctrctl|sctrdepth|sctrstatus|vsctrctl|mcontext'
[03:30:34] [spechunter] [Grep] pattern='riscv.*csr|CSR_|tselect|tdata|mcontext|dcsr'
[03:30:34] [spechunter] [Grep] pattern='crs16|mctrctl|sctrctl|ctrctl'
[03:30:41] [spechunter] [Grep] pattern='disableDebug|disable.*debug|debug.*disable|ExternalDebug|external.*debug'
[03:30:41] [spechunter] [Grep] pattern='traceTo|trace.*security|security.*trace|Trace.*Csr|trace.*csr|csr.*trace|TrTeEn|trTeEn'
[03:30:41] [spechunter] [Grep] pattern='debugMode|debug_mode|debugIntr|debug_intr|DebugMode'
[03:30:41] [spechunter] [Grep] pattern='PMP|pmp|HALT_IN_VECTOR|halt.*debug|debug.*halt'
[03:30:41] [spechunter] [Read] /home/yzs/riscv/XiangShan/src/main/scala/xiangshan/backend/fu/NewCSR/NewCSR.scala
[03:30:43] [spechunter] [Grep] pattern='(0x7f0|0x7f1|0x7f2|0x7f3|0x788|0x789)'
[03:30:43] [spechunter] [Grep] pattern='(?i)(mseccfg|0x747)'
[03:30:43] [spechunter] [Grep] pattern='(?i)(allow.*debug|debug.*allow|allow.*trace|trace.*allow|debug.*gating|trace.*gating)'
[03:30:48] [spechunter] [Read] /home/yzs/riscv/qemu/target/riscv/cpu_bits.h
[03:30:48] [spechunter] [Read] /home/yzs/riscv/qemu/target/riscv/cpu_bits.h
[03:30:51] [spechunter] [Read] /home/yzs/riscv/XiangShan/src/main/scala/xiangshan/backend/fu/NewCSR/CSRConfig.scala
[03:30:51] [spechunter] [Read] /home/yzs/riscv/XiangShan/src/main/scala/xiangshan/backend/fu/NewCSR/CSRDefines.scala
[03:30:51] [spechunter] [Grep] pattern='(?i)(tcontrol|tselect|tdata|mcontext|mscontext|dcsr|dpc|dscratch)'
[03:30:51] [spechunter] [Glob] *ebug*
[03:30:57] [spechunter] [Read] /home/yzs/riscv/XiangShan/src/main/scala/xiangshan/backend/trace/Interface.scala
[03:30:57] [spechunter] [Read] /home/yzs/riscv/XiangShan/src/main/scala/xiangshan/backend/fu/NewCSR/CSREvents/TrapEntryDEvent.scala
[03:30:57] [spechunter] [Read] /home/yzs/riscv/XiangShan/src/main/scala/xiangshan/backend/fu/NewCSR/CSREvents/DretEvent.scala
[03:30:57] [spechunter] [Read] /home/yzs/riscv/XiangShan/src/main/scala/xiangshan/backend/fu/NewCSR/StateEnBundle.scala
[03:30:57] [spechunter] [Read] /home/yzs/riscv/XiangShan/src/main/scala/xiangshan/backend/fu/NewCSR/CSRPMP.scala
[03:30:57] [spechunter] [Grep] pattern='hcontext|scontext|mcontext|SdTrHe|SdTrTe'
[03:30:59] [spechunter] [text] Now let me look at the full CSRMap to understand where debug CSRs are referenced across the codebase, and also check the...
[03:30:59] [spechunter] [Grep] pattern='Menvcfg|Senvcfg|Henvcfg|menvcfg|senvcfg|henvcfg'
[03:30:59] [spechunter] [Grep] pattern='Menvcfg|Senvcfg|Henvcfg'
[03:31:00] [spechunter] [text] Now let me look for any existing infrastructure around debug security and trace configuration that would be relevant ins...
[03:31:00] [spechunter] [Grep] pattern='mseccfg|MSECCFG'
[03:31:00] [spechunter] [Grep] pattern='tselect|tdata1|tdata2|tdata3|tinfo|mcontext|TSELECT|TDATA|TINFO|MCONTEXT'
[03:31:11] [spechunter] [text] Let me dig deeper into the predicate functions, GDB/KVM paths, and how similar WARL semantics work
[03:31:11] [spechunter] [Read] /home/yzs/riscv/qemu/target/riscv/csr.c
[03:31:11] [spechunter] [Grep] pattern='static RISCVException debug\\\\(|static RISCVException ctr_mmode\\\\(|static RISCVException ctr_smode\\\\("'
[03:31:11] [spechunter] [Grep] pattern='riscv_csrrw_debug'
[03:31:11] [spechunter] [Grep] pattern='CSR_MCONTEXT|CSR_TSELECT|CSR_TDATA|CSR_TINFO|CSR_MCTRCTL"'
[03:31:14] [spechunter] [Grep] pattern='MEnvCfg|HEnvCfg|SEnvCfg'
[03:31:17] [spechunter] [Read] /home/yzs/riscv/qemu/target/riscv/csr.c
[03:31:17] [spechunter] [Grep] pattern='static RISCVException debug\\(|static RISCVException ctr_mmode\\(|static RISCVException ctr_smode\\(|static RISCVException rnmi\\(|static RISCVException xrnmi\\("'
[03:31:20] [spechunter] [Grep] pattern='class MEnvCfg|class SEnvCfg|class HEnvCfg'
[03:31:24] [spechunter] [Grep] pattern='class ScontextBundle|class McontextBundle|class HcontextBundle|HCONTEXT|SCONTEXT'
[03:31:24] [spechunter] [Grep] pattern='trTeDis|trTeEn|trTe|notrace|no_trace|SdTrTe'
[03:31:24] [spechunter] [Grep] pattern='trTeDis|trTeEn|trTe|notrace|no_trace|SdTrTe'
[03:31:24] [spechunter] [Grep] pattern='PMP.*debug|debug.*PMP|isDebugReg|0x7b'
[03:31:24] [spechunter] [Grep] pattern='tilelink.*debug|debug.*tilelink|dbg.*tl|tl.*dbg'
[03:31:24] [spechunter] [Grep] pattern='debug|trace|security'
[03:31:29] [spechunter] [Grep] pattern='class MEnvCfg'
[03:31:29] [spechunter] [Grep] pattern='class SEnvCfg'
[03:31:29] [spechunter] [Grep] pattern='class HEnvCfg'
[03:31:33] [spechunter] [Grep] pattern='class EnvCfg'
[03:31:36] [spechunter] [Grep] pattern='class EnvCfg|trait EnvCfg'
[03:31:37] [spechunter] [Read] /home/yzs/riscv/qemu/target/riscv/csr.c
[03:31:37] [spechunter] [Grep] pattern='kvm.*csr|KVM_RISCV.*CSR'
[03:31:37] [spechunter] [Grep] pattern='RISCV_CPU_CFG|riscv_has_ext|env->debug"'
[03:31:41] [spechunter] [text] Now I have a complete picture from the search. Here is the result:  ```json {   "locations": [     {       "file_path": ...
[03:31:41] [spechunter] [Glob] *sec*ebug*.{json,md,adoc,txt,yaml}
[03:31:41] [spechunter] [Grep] pattern='(0x7F0|0x7F1|0x7F2|0x7F3|0x788|0x789|msdcfg|mdtcfg|SEDBGALW|UEDBGALW|SETRCALW|UETRCALW|VSEDBGALW|VSETRCALW|SDEDBGALW|USEDBGALW|SDETRCALW|USETRCALW|sdcsr|udcsr|sdpc|udpc|mdbgen|mtrcen|nsecdbg)'
[03:31:41] [spechunter] [Grep] pattern='(?i)(security.*csr|csr.*security|debug.*config|trace.*config|mconfigptr|mconfigptr_sel)'
[03:31:41] [spechunter] [Read] /home/yzs/riscv/XiangShan/src/main/scala/xiangshan/backend/fu/NewCSR/CSRFields.scala
[03:31:48] [spechunter] [Read] /home/yzs/riscv/XiangShan/src/main/scala/xiangshan/backend/fu/NewCSR/CSRPermitModule.scala
[03:31:48] [spechunter] [Read] /home/yzs/riscv/XiangShan/src/main/scala/xiangshan/backend/fu/NewCSR/CSRCustom.scala
[03:31:48] [spechunter] [Read] /home/yzs/riscv/XiangShan/src/main/scala/xiangshan/backend/fu/NewCSR/CSRBundles.scala
[03:31:48] [spechunter] [Read] /home/yzs/riscv/XiangShan/src/main/scala/xiangshan/backend/decode/isa/CSRs.scala
[03:31:48] [spechunter] [Grep] pattern='DebugModuleKey|TraceCoreInterface|mconfigptr'
[03:32:10] [spechunter] [Grep] pattern='(?i)(pmpcfg|MSECCFG|mseccfg)'
[03:32:10] [spechunter] [Grep] pattern='nscause|nsepc|nsstatus|nsdata|nseventid|nscounter'
[03:32:10] [spechunter] [Grep] pattern='Sdsec|Smsec|Sssec|sdedbg|sedbg|sdetrc|setrc'
[03:32:10] [spechunter] [Grep] pattern='uredbg|uretrc|UEDBG|UETRC|debug.*gate|trace.*gate'
[03:32:10] [spechunter] [Grep] pattern='mdbgen|mtrcen'
[03:32:12] [spechunter] [text] Let me now check the KVM CSR config, CPU feature flags, and search for any existing debug-trace or debug-allow patterns....
[03:32:12] [spechunter] [Read] /home/yzs/riscv/qemu/target/riscv/kvm/kvm-cpu.c
[03:32:12] [spechunter] [Grep] pattern='static RISCVException.*rmw_|static RISCVException.*read_|static RISCVException.*write_'
[03:32:26] [spechunter] [Read] /home/yzs/riscv/XiangShan/src/main/scala/xiangshan/backend/fu/util/CSRConst.scala
[03:32:26] [spechunter] [Read] /home/yzs/riscv/XiangShan/src/main/scala/xiangshan/backend/fu/CSR.scala
[03:32:26] [spechunter] [Grep] pattern='debugScript|debug.*script'
[03:32:26] [spechunter] [Grep] pattern='debugIntrEnable|debug.*enable|haltreq|resumereq|hartsel|debug.*gating|gating.*debug'
[03:32:26] [spechunter] [Grep] pattern='TriggerExternalDebugRequest|triggerHaltReq|haltReq|resumeReq|ackhavereset'
[03:32:27] [spechunter] [text] Now let me look at the CSR number space, the machine migration code, and the existing test patterns  
[03:32:27] [spechunter] [Grep] pattern='CSR.*0x3[0-9a-fA-F][0-9a-fA-F]|CSR.*0x7[0-9a-fA-F][0-9a-fA-F]"'
[03:32:27] [spechunter] [Grep] pattern='VMSTATE.*env\\.'
[03:32:27] [spechunter] [Read] /home/yzs/riscv/qemu/target/riscv/csr.c
[03:32:33] [spechunter] [Grep] pattern='menvcfg|senvcfg|henvcfg|mseccfg|0x747|0x74a'
[03:32:33] [spechunter] [Grep] pattern='mseccfg|Mseccfg'
[03:32:40] [spechunter] [Grep] pattern='dcsrPermissionCheck|triggerPermissionCheck|csrAccessPermission'
[03:32:40] [spechunter] [Grep] pattern='dcsrPermissionCheck|triggerPermissionCheck'
[03:32:43] [spechunter] [Grep] pattern='msdcfg|mdtcfg|SEDBGALW|UEDBGALW|SETRCALW|UETRCALW|VSEDBGALW|VSETRCALW|SDEDBGALW|USEDBGALW|SDETRCALW|USETRCALW|sdcsr|udcsr|sdpc|udpc|mdbgen|mtrcen|nsecdbg'
[03:32:43] [spechunter] [Grep] pattern='(0x7F0|0x7F1|0x7F2|0x7F3|0x788|0x789)'
[03:32:52] [spechunter] [text] Now let me look at patterns of existing similar CSRs, especially those with WARL masking based on extension availability...
[03:32:52] [spechunter] [Grep] pattern='scounteren|mcounteren|scountinhibit|mcountinhibit|mstateen|hstateen|sstateen|menvcfg|senvcfg'
[03:32:52] [spechunter] [Read] /home/yzs/riscv/qemu/target/riscv/csr.c
[03:32:52] [spechunter] [Read] /home/yzs/riscv/qemu/target/riscv/machine.c
[03:33:13] [spechunter] [text] Let me check the test file, the SMRNMI pattern, and the predicate/conversion infrastructure  
[03:33:13] [spechunter] [Grep] pattern='smrnmi|SMRNMI|xrnmi|ext_smrnmi'
[03:33:13] [spechunter] [Grep] pattern='mcontext|tselect|tdata|dcsr|xrnmi|test_csr'
[03:33:13] [spechunter] [Read] /home/yzs/riscv/qemu/target/riscv/csr.c
[03:33:36] [spechunter] [text] Let me check a few more areas for completeness.  
[03:33:36] [spechunter] [Grep] pattern='riscv_csr_is_debug|smstateen|SMSTATEEN'
[03:33:36] [spechunter] [Grep] pattern='mctrctl|sctrdepth|sctrstatus|vsctrctl|mcontext|mnscratch|mnepc|mnstatus'
[03:33:36] [spechunter] [Read] /home/yzs/riscv/qemu/target/riscv/gdbstub.c
[03:33:46] [spechunter] [Grep] pattern='msdcfg|mdtcfg'
[03:33:46] [spechunter] [Grep] pattern='SDEDBGALW|USEDBGALW|SDETRCALW|USETRCALW|SEDBGALW|UEDBGALW|SETRCALW|UETRCALW|VSEDBGALW|VSETRCALW'
[03:33:46] [spechunter] [Grep] pattern='mdbgen|mtrcen|nsecdbg'
[03:33:46] [spechunter] [Grep] pattern='sdcsr|udcsr|sdpc|udpc'
[03:34:00] [spechunter] [TodoWrite] 6 items
[03:34:29] [spechunter] [text] Let me dig deeper into the existing debug and trace infrastructure to trace the wiring.  
[03:34:29] [spechunter] [Grep] pattern='debug.*security|security.*debug|trace.*security|security.*trace'
[03:34:29] [spechunter] [Grep] pattern='TriggerDebug|DebugInt|debugInt|externalDebug|ExternalDebug'
[03:34:29] [spechunter] [Grep] pattern='DebugModule|debugModule'
[03:34:31] [spechunter] [text] Now I have a thorough understanding. Let me check the remaining areas
[03:34:31] [spechunter] [Read] /home/yzs/riscv/qemu/target/riscv/csr.c
[03:34:31] [spechunter] [Read] /home/yzs/riscv/qemu/target/riscv/csr.c
[03:34:31] [spechunter] [Grep] pattern='debug|smrnmi|smctr|ssctr|smstateen'
[03:34:47] [spechunter] [Read] /home/yzs/riscv/XiangShan/src/main/scala/xiangshan/backend/fu/NewCSR/DebugLevel.scala
[03:34:47] [spechunter] [Read] /home/yzs/riscv/XiangShan/src/main/scala/xiangshan/backend/decode/isa/CSRs.scala
[03:35:01] [spechunter] [text] Now let me trace the CSR dispatch, debug entry logic, and trace infrastructure.  
[03:35:01] [spechunter] [Grep] pattern='debugMode|DebugMode|debug_mode'
[03:35:01] [spechunter] [Grep] pattern='csrRwMap|csrMap|csrAddrMap'
[03:35:01] [spechunter] [Grep] pattern='haltreq|HaltReq|haltReq|HALTREQ'
[03:35:06] [spechunter] [Read] /home/yzs/riscv/XiangShan/src/main/scala/xiangshan/backend/fu/NewCSR/Debug.scala
[03:35:06] [spechunter] [Read] /home/yzs/riscv/XiangShan/src/main/scala/xiangshan/backend/fu/NewCSR/CSRPermitModule.scala
[03:35:06] [spechunter] [Read] /home/yzs/riscv/XiangShan/src/main/scala/xiangshan/backend/fu/NewCSR/NewCSR.scala
[03:35:34] [spechunter] [text] Let me verify a few things in the codebase before finalizing.  
[03:35:34] [spechunter] [Grep] pattern='msdcfg'
[03:35:34] [spechunter] [Grep] pattern='mdtcfg'
[03:35:34] [spechunter] [Bash] Check recent commits for context
[03:35:34] [spechunter] [text] Now let me trace the debug interrupt and trace infrastructure to understand where security controls would go.  
[03:35:34] [spechunter] [Grep] pattern='debugIP|debugIntr|debug.*interrupt'
[03:35:34] [spechunter] [Grep] pattern='.'
[03:35:34] [spechunter] [Read] /home/yzs/riscv/XiangShan/src/main/scala/xiangshan/backend/fu/NewCSR/InterruptFilter.scala
[03:35:40] [spechunter] [text] Now let me look at the trace infrastructure and the old CSR wrapper.  
[03:35:40] [spechunter] [Read] /home/yzs/riscv/XiangShan/src/main/scala/xiangshan/backend/trace/Interface.scala
[03:35:40] [spechunter] [Read] /home/yzs/riscv/XiangShan/src/main/scala/xiangshan/backend/fu/wrapper/CSR.scala
[03:35:55] [spechunter] [Read] /home/yzs/riscv/qemu/target/riscv/cpu_bits.h
[03:35:55] [spechunter] [Read] /home/yzs/riscv/qemu/target/riscv/cpu_bits.h
[03:35:55] [spechunter] [Read] /home/yzs/riscv/qemu/target/riscv/cpu_bits.h
[03:35:55] [spechunter] [Read] /home/yzs/riscv/qemu/target/riscv/cpu_bits.h
[03:36:07] [spechunter] [text] Prompt is too long
[03:36:34] [spechunter] [text] Let me search the codebase for relevant RTL locations related to the PR context (external debug security and `msdcfg` CS...
[03:36:34] [spechunter] [Agent] description, subagent_type
[03:36:34] [spechunter] [Agent] description, subagent_type
[03:36:41] [spechunter] [text] Now let me verify the QEMU merge request context and check if there's an actual msdcfg addition being worked on
[03:36:41] [spechunter] [Bash] Check recent activity in relevant files
[03:36:41] [spechunter] [Grep] pattern='sdcfg|SDCFG|mdtcfg|MDTCFG'
[03:36:41] [spechunter] [Grep] pattern='0x747|0x745|0x746'
[03:36:56] [spechunter] [Grep] pattern='dcsr'
[03:36:56] [spechunter] [Grep] pattern='0x7b0'
[03:36:56] [spechunter] [Grep] pattern='0x7b1'
[03:36:56] [spechunter] [Grep] pattern='0x7b2'
[03:36:56] [spechunter] [Grep] pattern='dscratch'
[03:36:56] [spechunter] [Grep] pattern='sdcsr'
[03:36:56] [spechunter] [Glob] **/src/main/scala/csr/**/*
[03:36:56] [spechunter] [Glob] **/src/main/scala/debug/**/*
[03:37:17] [spechunter] [Grep] pattern='trigger|tselect|tdata|mcontrol|tmexttrigger|itextrigger'
[03:37:17] [spechunter] [Grep] pattern='debugMode.*csr|csr.*debugMode'
[03:37:17] [spechunter] [Grep] pattern='sdwritedcsr|debug.*security|external.*debug.*secure'
[03:37:17] [spechunter] [Grep] pattern='pmp.*debug|debug.*pmp|debugMode.*pmp|pmp.*debugMode'
[03:37:17] [spechunter] [Grep] pattern='debug.*csr|Debug.*CSR'
[03:37:17] [spechunter] [Grep] pattern='haltreq|resumereq|halt.*group|resumeack|dmactive|dmcontrol'
[03:37:25] [spechunter] [Grep] pattern='msdcfg'
[03:37:25] [spechunter] [Grep] pattern='sdedcrs'
[03:37:25] [spechunter] [Grep] pattern='sdedcsr'
[03:37:25] [spechunter] [Grep] pattern='sde'
[03:37:25] [spechunter] [Grep] pattern='dcsr'
[03:37:25] [spechunter] [Grep] pattern='dscratch'
[03:37:25] [spechunter] [Grep] pattern='debug.securit|debug_securit|debugSecurit'
[03:37:25] [spechunter] [Grep] pattern='DBG_SCRTR|dbgscr|dbg_scr'
[03:37:25] [spechunter] [Glob] src/main/scala/**/*ebug*CSR*
[03:37:25] [spechunter] [Glob] src/main/scala/**/*ebug*Csr*
[03:37:25] [spechunter] [Glob] src/main/scala/**/*ebug*csr*
[03:37:25] [spechunter] [Glob] src/main/scala/**/*CSR*ebug*
[03:37:25] [spechunter] [Glob] src/main/scala/**/*Csr*ebug*
[03:37:25] [spechunter] [Glob] src/main/scala/**/*csr*ebug*
[03:37:36] [spechunter] [text] Now let me read the referenced code locations to validate.  
[03:37:36] [spechunter] [Read] /home/yzs/riscv/qemu/target/riscv/csr.c
[03:37:36] [spechunter] [Read] /home/yzs/riscv/qemu/target/riscv/csr.c
[03:37:36] [spechunter] [Read] /home/yzs/riscv/qemu/target/riscv/csr.c
[03:37:36] [spechunter] [Read] /home/yzs/riscv/qemu/target/riscv/csr.c
[03:37:37] [spechunter] [Read] /home/yzs/riscv/XiangShan/src/main/scala/xiangshan/backend/fu/NewCSR/Debug.scala
[03:37:37] [spechunter] [Read] /home/yzs/riscv/XiangShan/src/main/scala/xiangshan/backend/fu/NewCSR/DebugLevel.scala
[03:37:37] [spechunter] [Read] /home/yzs/riscv/XiangShan/src/main/scala/xiangshan/backend/fu/util/DebugCSR.scala
[03:37:37] [spechunter] [Read] /home/yzs/riscv/XiangShan/src/main/scala/xiangshan/backend/fu/util/Trigger.scala
[03:37:37] [spechunter] [Read] /home/yzs/riscv/XiangShan/src/main/scala/device/RocketDebugWrapper.scala
[03:37:56] [spechunter] [Read] /home/yzs/riscv/XiangShan/src/main/scala/xiangshan/backend/decode/isa/CSRs.scala
[03:37:56] [spechunter] [Read] /home/yzs/riscv/XiangShan/src/main/scala/xiangshan/backend/fu/NewCSR/NewCSR.scala
[03:37:56] [spechunter] [Read] /home/yzs/riscv/XiangShan/src/main/scala/xiangshan/backend/fu/NewCSR/CSREvents/TrapEntryDEvent.scala
[03:37:56] [spechunter] [Read] /home/yzs/riscv/XiangShan/src/main/scala/xiangshan/backend/fu/NewCSR/CSREvents/DretEvent.scala
[03:37:56] [spechunter] [Read] /home/yzs/riscv/XiangShan/src/main/scala/xiangshan/backend/fu/NewCSR/InterruptFilter.scala
[03:38:09] [spechunter] [Read] /home/yzs/riscv/XiangShan/src/main/scala/xiangshan/backend/fu/NewCSR/DebugLevel.scala
[03:38:09] [spechunter] [Read] /home/yzs/riscv/XiangShan/src/main/scala/xiangshan/backend/fu/util/DebugCSR.scala
[03:38:09] [spechunter] [Grep] pattern='dcsr'
[03:38:09] [spechunter] [Grep] pattern='Dcsr'
[03:38:09] [spechunter] [Grep] pattern='DebugMode|debugMode|debug_mode'
[03:38:09] [spechunter] [Grep] pattern='dcsr|Dcsr'
[03:38:09] [spechunter] [Grep] pattern='dsm'
[03:38:09] [spechunter] [Grep] pattern='securit|authentic'
[03:38:09] [spechunter] [Grep] pattern='DbgScratch|DbgData|debug_scratch|debug_data|dbg_data'
[03:38:11] [spechunter] [Grep] pattern='debugMode.*pmp|pmp.*debugMode|mprven|MPRVEN'
[03:38:11] [spechunter] [Read] /home/yzs/riscv/XiangShan/src/main/scala/xiangshan/backend/fu/NewCSR/NewCSR.scala
[03:38:11] [spechunter] [Grep] pattern='debugMode|debug_mode|isDebugMode'
[03:38:11] [spechunter] [Grep] pattern='debugMode|debug_mode|isDebugMode'
[03:38:11] [spechunter] [Read] /home/yzs/riscv/XiangShan/src/main/scala/xiangshan/frontend/ifu/FrontendTrigger.scala
[03:38:11] [spechunter] [Read] /home/yzs/riscv/XiangShan/src/main/scala/xiangshan/backend/fu/NewCSR/CSROoORead.scala
[03:38:19] [spechunter] [Read] /home/yzs/riscv/qemu/target/riscv/csr.c
[03:38:19] [spechunter] [Read] /home/yzs/riscv/qemu/target/riscv/csr.c
[03:38:37] [spechunter] [Grep] pattern='debug|dcsr|dret|trigger'
[03:38:37] [spechunter] [Grep] pattern='dcsr|debug.*csr|trigger.*csr|0x7b[0-3]'
[03:38:37] [spechunter] [Grep] pattern='debug|pmp.*dmode|dmode.*pmp|disableDebug'
[03:38:37] [spechunter] [Grep] pattern='disableDebug|debug.*disable|jtag.*disable'
[03:38:37] [spechunter] [Read] /home/yzs/riscv/XiangShan/src/main/scala/xiangshan/backend/fu/NewCSR/CSRDocDump.scala
[03:38:37] [spechunter] [Grep] pattern='dcsr|dpc|dscratch'
[03:39:03] [spechunter] [Glob] rocket-chip/src/main/scala/devices/debug/**/*
[03:39:03] [spechunter] [Grep] pattern='dcsr|dscratch|dpc'
[03:39:03] [spechunter] [Grep] pattern='dcsr|debugMode|debugCSR'
[03:39:03] [spechunter] [Grep] pattern='dcsrPermission|triggerPermission'
[03:39:03] [spechunter] [Read] /home/yzs/riscv/XiangShan/src/main/scala/xiangshan/backend/fu/util/CSRConst.scala
[03:39:03] [spechunter] [Grep] pattern='dret|debug.*instruction|ebreak.*debug'
[03:39:06] [spechunter] [Read] /home/yzs/riscv/XiangShan/src/main/scala/xiangshan/backend/fu/NewCSR/CSREvents/TrapEntryDEvent.scala
[03:39:06] [spechunter] [Read] /home/yzs/riscv/XiangShan/src/main/scala/xiangshan/backend/fu/NewCSR/CSREvents/DretEvent.scala
[03:39:06] [spechunter] [Read] /home/yzs/riscv/XiangShan/src/main/scala/xiangshan/backend/fu/NewCSR/Debug.scala
[03:39:06] [spechunter] [Read] /home/yzs/riscv/XiangShan/src/main/scala/xiangshan/backend/fu/NewCSR/InterruptFilter.scala
[03:39:06] [spechunter] [Grep] pattern='debugMode|debug_mode|DebugMode'
[03:39:06] [spechunter] [Grep] pattern='dcsr|Dcsr|dpc|Dpc|dscratch|haltreq|halt_req|resethaltreq'
[03:39:06] [spechunter] [Grep] pattern='dcsr|Dcsr|dpc|Dpc|dscratch|haltreq|resethaltreq'
[03:39:06] [spechunter] [Grep] pattern='dcsr|Dcsr|dpc|Dpc|dscratch|haltreq|resethaltreq'
[03:39:06] [spechunter] [Grep] pattern='debug_intr|debug_excp|DebugIntr|DebugExcp|debug_entry|debug_trap'
[03:39:06] [spechunter] [Grep] pattern='mseccfg|msec_cfg|msec'
[03:39:17] [spechunter] [text] Now let me check whether there's a `debug` predicate function that would also need modification for mdtcfg  
[03:39:17] [spechunter] [Grep] pattern='RISCVException debug\\('
[03:39:24] [spechunter] [Grep] pattern='dret|debugMode|debug.*ebreak'
[03:39:24] [spechunter] [Grep] pattern='debugMode|dmode|pmp.*debug'
[03:39:24] [spechunter] [Grep] pattern='debugMode|dmode|pmp.*debug'
[03:39:24] [spechunter] [Read] /home/yzs/riscv/XiangShan/src/main/scala/system/SoC.scala
[03:39:24] [spechunter] [Grep] pattern='debug.*soc|debug.*top'
[03:39:24] [spechunter] [Grep] pattern='debug.*test|Debug.*spec|trigger.*test'
[03:39:34] [spechunter] [Read] /home/yzs/riscv/XiangShan/src/main/scala/xiangshan/backend/fu/CSR.scala
[03:39:34] [spechunter] [Read] /home/yzs/riscv/XiangShan/src/main/scala/xiangshan/backend/fu/util/CSRConst.scala
[03:39:34] [spechunter] [Grep] pattern='haltreq|Haltreq|halt_req|HALTREQ|resethalt'
[03:39:34] [spechunter] [Grep] pattern='dnpc|dscratch2|dscratch3|dpc'
[03:39:34] [spechunter] [Grep] pattern='ndscratch|nDscratch'
[03:39:34] [spechunter] [Grep] pattern='external.*debug|debug.*external|debug_module|DebugModule'
[03:39:34] [spechunter] [Grep] pattern='tdata3|tinfo|mcontext|scontext|hcontext'
[03:39:34] [spechunter] [Read] /home/yzs/riscv/XiangShan/src/main/scala/xiangshan/backend/fu/NewCSR/NewCSR.scala
[03:39:41] [spechunter] [Read] /home/yzs/riscv/XiangShan/src/test/scala/xiangshan/frontend/FrontendTrigger.scala
[03:39:41] [spechunter] [Grep] pattern='debug|dcsr|trigger|dret'
[03:39:41] [spechunter] [Grep] pattern='Debug.*Key|DebugOptionsKey'
[03:39:41] [spechunter] [Grep] pattern='Haltreq|Resethaltreq|haltreqGroup'
[03:39:41] [spechunter] [Glob] src/main/scala/xiangshan/DbEntry.scala
[03:39:43] [spechunter] [Grep] pattern='debug|Debug|dcsr|dpc|dscratch|tselect|tdata1|tdata2|tdata3|tinfo|mcontext|scontext'
[03:39:43] [spechunter] [Read] /home/yzs/riscv/XiangShan/src/main/scala/xiangshan/backend/fu/NewCSR/CSRPermitModule.scala
[03:39:43] [spechunter] [Read] /home/yzs/riscv/XiangShan/src/main/scala/xiangshan/backend/fu/NewCSR/MachineLevel.scala
[03:39:43] [spechunter] [Grep] pattern='device.*debug|standalone.*debug|DebugSba|debug_transport|JTAG|jtag'
[03:40:35] [spechunter] [text] Let me verify where mseccfg is registered in csr_ops[].  
[03:40:35] [spechunter] [Grep] pattern='CSR_MSECCFG'
[03:41:27] [spechunter] [text] Now I have all the data needed. Let me review what was found and produce the final cross-validated location set.  No `ms...
[03:41:42] [spechunter] [text] I'll search the codebase for `mdtcfg`-related code to find the relevant emulation locations
[03:41:42] [spechunter] [Grep] pattern='mdtcfg'
[03:41:42] [spechunter] [Grep] pattern='MDTCFG'
[03:41:42] [spechunter] [Grep] pattern='SEDBGALW|VSEDBGALW|UEDBGALW|SETRCALW|VSETRCALW|UETRCALW'
[03:42:08] [spechunter] [text] Let me search more broadly for the debug/trace CSR and the related extension names
[03:42:08] [spechunter] [Grep] pattern='Smsdedbg|Smvsdedbg|Smudedbg|Smsdetrc|Smvsdetrc|Smudetrc'
[03:42:08] [spechunter] [Grep] pattern='mdtcfg|MDTCFG'
[03:42:08] [spechunter] [Grep] pattern='0x747|mdt_cfg|debug.*trace.*cfg'
[03:42:28] [spechunter] [text] Now let me look at the key files more closely to understand the existing debug CSR infrastructure and identify precisely...
[03:42:28] [spechunter] [Read] /home/yzs/riscv/XiangShan/src/main/scala/xiangshan/backend/decode/isa/CSRs.scala
[03:42:28] [spechunter] [Read] /home/yzs/riscv/XiangShan/src/main/scala/xiangshan/backend/fu/NewCSR/DebugLevel.scala
[03:42:28] [spechunter] [Read] /home/yzs/riscv/XiangShan/src/main/scala/xiangshan/backend/fu/util/CSRConst.scala
[03:42:31] [spechunter] [text] The mdtcfg CSR doesn't appear to exist in this QEMU codebase. Let me verify by checking the current branch state and the...
[03:42:31] [spechunter] [Bash] Show recent commits on current branch
[03:42:31] [spechunter] [Grep] pattern='CSR_MDT|mdtcfg|MDTCFG|0x7A0'
[03:42:31] [spechunter] [Grep] pattern='sedbgalw|vdbgalw|udbgalw|setrcalw|vtrcalw|utrcalw'
[03:42:31] [spechunter] [Glob] **/sm*edbg*
[03:42:41] [spechunter] [text] Let me also check the `DcsrBundle` and the `DebugLevel.scala` trait config to understand debug spec versioning.  
[03:42:41] [spechunter] [Read] /home/yzs/riscv/XiangShan/src/main/scala/xiangshan/backend/fu/NewCSR/DebugLevel.scala
[03:42:41] [spechunter] [Read] /home/yzs/riscv/XiangShan/src/main/scala/xiangshan/backend/fu/NewCSR/DebugLevel.scala
[03:42:52] [spechunter] [text] Now let me check the older CSR module and its allCSRs registration list to understand the full registration pipeline
[03:42:52] [spechunter] [Read] /home/yzs/riscv/XiangShan/src/main/scala/xiangshan/backend/decode/isa/CSRs.scala
[03:42:52] [spechunter] [Read] /home/yzs/riscv/XiangShan/src/main/scala/xiangshan/backend/fu/CSR.scala
[03:42:52] [spechunter] [Read] /home/yzs/riscv/XiangShan/src/main/scala/xiangshan/backend/fu/CSR.scala
[03:42:55] [spechunter] [text] Let me explore further to understand the context better
[03:42:55] [spechunter] [Bash] Show changed files on current branch
[03:42:55] [spechunter] [Glob] **/*
[03:42:55] [spechunter] [Grep] pattern='sdedbgalw|sdtrcalw|trace.*debug|debug.*trace|Smsd'
[03:43:14] [spechunter] [text] Let me check the referenced issues to understand what `msdcfg` actually does.  
[03:43:14] [spechunter] [WebFetch] https://github.com/riscv-non-isa/riscv-external-debug-security/issues/146
[03:43:14] [spechunter] [WebFetch] https://github.com/riscv-non-isa/riscv-external-debug-security/issues/144
[03:43:14] [spechunter] [WebFetch] https://github.com/riscv-non-isa/riscv-external-debug-security/issues/142
[03:43:18] [spechunter] [Grep] pattern='mdtcfg|MDTCFG|Smsdedbg|Smvsdedbg|Smudedbg|Smsdetrc|Smvsdetrc|Smudetrc'
[03:43:18] [spechunter] [Read] /home/yzs/riscv/qemu/target/riscv/cpu_bits.h
[03:43:21] [spechunter] [Bash] Fetch issue 146 from external-debug-security repo
[03:43:21] [spechunter] [Bash] Fetch issue 144 from external-debug-security repo
[03:43:21] [spechunter] [Bash] Fetch issue 142 from external-debug-security repo
[03:43:33] [spechunter] [text] Let me check the actual diff on this branch and verify the complete absence of mdtcfg in the codebase.  
[03:43:33] [spechunter] [Bash] Show the diff on current branch
[03:43:33] [spechunter] [Grep] pattern='mdtcfg|MDTCFG|7a[0-9a-f]|debug.*trace'
[03:43:33] [spechunter] [Grep] pattern='sdedbg|vsdedbg|udedbg|sdetrc|vsdetrc|udetrc|edbgalw|trcalw'
[03:43:42] [spechunter] [text] Let me also check how other similar security CSRs are integrated to ensure complete coverage.  
[03:43:42] [spechunter] [Read] /home/yzs/riscv/XiangShan/src/main/scala/xiangshan/backend/fu/NewCSR/MachineLevel.scala
[03:43:42] [spechunter] [Read] /home/yzs/riscv/XiangShan/src/main/scala/xiangshan/backend/fu/NewCSR/CSREvents/TrapEntryDEvent.scala
[03:43:54] [spechunter] [text] Let me check those files for debug/trace references and look for the spec  
[03:43:54] [spechunter] [Grep] pattern='debug|trace|7a[0-9a-f]'
[03:43:54] [spechunter] [Grep] pattern='debug|trace|7a[0-9a-f]'
[03:43:54] [spechunter] [Grep] pattern='sdedbg|sdetrc|edbg|etrc|mdtcfg|debug.*trace.*cfg|dtr'
[03:44:11] [spechunter] [text] Let me check the spec for these extensions.  
[03:44:11] [spechunter] [Grep] pattern='mdtcfg|MDTCFG|Smsdedbg|Smvsdedbg|Smudedbg|Smsdetrc|Smvsdetrc|Smudetrc'
[03:44:11] [spechunter] [Grep] pattern='Sdtrig'
[03:44:24] [spechunter] [Grep] pattern='mdtcfg|sedbgalw|trcalw|wpri|debug|trace'
[03:44:24] [spechunter] [Grep] pattern='mdtcfg|sedbgalw|trcalw|wpri|debug|trace'
[03:44:27] [spechunter] [text] Now I have a complete picture. Let me produce the final review output.  ---  ## Review Summary  **`msdcfg` is a new CSR ...
[03:44:40] [spechunter] [Grep] pattern='mdtcfg|sedbgalw|trcalw|wpri|debug|trace'
[03:44:40] [spechunter] [Grep] pattern='mdtcfg|sedbgalw|trcalw|wpri|debug|trace'
[03:44:42] [spechunter] [Grep] pattern='msdcfg'
[03:44:42] [spechunter] [Grep] pattern='mdtcfg'
[03:44:42] [spechunter] [Grep] pattern='SDEDBGALW|USEDBGALW|SDETRCALW|USETRCALW'
[03:44:42] [spechunter] [Grep] pattern='SEDBGALW|UEDBGALW|SETRCALW|UETRCALW'
[03:44:59] [spechunter] [Grep] pattern='debug.*allow|debug.*security|trace.*allow|trace.*security'
[03:44:59] [spechunter] [Grep] pattern='dbgalw|trcalw'
[03:44:59] [spechunter] [Grep] pattern='external.debug|external_debug|ExternalDebug'
[03:45:03] [spechunter] [text] Let me check the analysis files for more context and also verify whether mdtcfg is referenced in any analysis files
[03:45:03] [spechunter] [Grep] pattern='mdtcfg|MDTCFG|Smsdedbg|Smvsdedbg|Smudedbg|Smsdetrc|Smvsdetrc|Smudetrc|SEDBGALW|VSEDBGALW|UEDBGALW|SETRCALW|VSETRCALW|UETRCALW'
[03:45:03] [spechunter] [Grep] pattern='mdtcfg|MDTCFG'
[03:45:15] [spechunter] [Grep] pattern='msdcfg|mdtcfg|SDEDBGALW|USEDBGALW|SDETRCALW|USETRCALW|SEDBGALW|UEDBGALW|SETRCALW|UETRCALW|dbgAllow|trcAllow|dbg_alw|trc_alw'
[03:45:15] [spechunter] [Grep] pattern='SDEDBG|SDETRC|USEDBG|USETRC'
[03:45:20] [spechunter] [text] Let me check if there's a newer spec that contains mdtcfg or if this is planned for a future revision
[03:45:20] [spechunter] [Glob] **/*.adoc
[03:45:39] [spechunter] [Grep] pattern='sdedbg|usedbg|sdetrc|usetrc'
[03:45:39] [spechunter] [Grep] pattern='sedbg|uedbg|setrc|uetrc'
[03:45:39] [spechunter] [Grep] pattern='DebugAllow|TraceAllow|DbgAllow|TrcAllow'
[03:45:39] [spechunter] [Grep] pattern='mseccfg|Mseccfg|MSECCFG'
[03:45:52] [spechunter] [Grep] pattern='mseccfg'
[03:45:52] [spechunter] [Grep] pattern='mseccfg'
[03:45:52] [spechunter] [Grep] pattern='mseccfg'
[03:46:09] [spechunter] [Grep] pattern='mdtcfg|MDTCFG|sedbgalw|VSEDBGALW|UEDBGALW|SETRCALW|VSETRCALW|UETRCALW|edbg|etrc|trace|debug'
[03:46:09] [spechunter] [Grep] pattern='mdtcfg|MDTCFG|sedbgalw|edbg|etrc|trace|debug|Sdtrig'
[03:46:12] [spechunter] [Read] /home/yzs/riscv/XiangShan/src/main/scala/xiangshan/backend/fu/NewCSR/MachineLevel.scala
[03:46:12] [spechunter] [Grep] pattern='debug|trace|Debug|Trace'
[03:46:25] [spechunter] [Grep] pattern='sdsec|Sdsec|SDSEC'
[03:46:25] [spechunter] [Glob] **/*.json
[03:46:25] [spechunter] [Bash] List spec reference directories
[03:46:26] [spechunter] [Grep] pattern='mdtcfg|MDTCFG|sedbgalw|SEDBGALW|trcalw|TRCALW'
[03:46:26] [spechunter] [Bash] Show current branch name
[03:46:55] [spechunter] [Grep] pattern='0x7D0|0xBD0|debug.*CSR|trace.*CSR'
[03:46:55] [spechunter] [Grep] pattern='sdsec|SDSEC|sdedbg|SDEDBG'
[03:46:55] [spechunter] [Read] /home/yzs/riscv/XiangShan/src/main/scala/xiangshan/backend/decode/isa/CSRs.scala
[03:47:13] [spechunter] [Read] /home/yzs/riscv/XiangShan/src/main/scala/xiangshan/backend/decode/isa/CSRs.scala
[03:47:13] [spechunter] [Read] /home/yzs/riscv/XiangShan/src/main/scala/xiangshan/backend/fu/NewCSR/DebugLevel.scala
[03:47:20] [spechunter] [text] Let me check the spec reference for the `mdtcfg` CSR definition and also look more broadly in the codebase.  
[03:47:20] [spechunter] [Grep] pattern='mdtcfg|Sdsec|sdsec|SDEDBGALW|SEDBGALW'
[03:47:20] [spechunter] [Grep] pattern='debug.*security|security.*debug|external.debug.allow|trace.allow|dbgAllow|trcAllow|dbg_allow|trc_allow'
[03:47:20] [spechunter] [Bash] List spec reference files
[03:47:36] [spechunter] [text] The `mdtcfg` CSR and its associated extensions (Smsdedbg, Smvsdedbg, Smudedbg, Smsdetrc, Smvsdetrc, Smudetrc) do not exi...
[03:47:40] [spechunter] [Grep] pattern='mdtcfg|msdcfg|sdedbg|sedbg|setrc|uetrc'
[03:47:40] [spechunter] [Bash] List spec src directory
[03:48:02] [spechunter] [Grep] pattern='debug.*allow|trace.*allow|dbg.sec|trc.sec|mdtcfg'
[03:48:02] [spechunter] [Grep] pattern='Sdsec|sdsec|SDSEC'
[03:48:10] [spechunter] [Grep] pattern='debug.*allow|trace.*allow|mdtcfg'
[03:48:10] [spechunter] [Grep] pattern='Sdsec'
[03:48:27] [spechunter] [Read] /home/yzs/riscv/rv-isa-sec/spec_ref/riscv-isa-manual/src/priv/rationale.adoc
[03:48:27] [spechunter] [Grep] pattern='debug.*security|external.debug'
[03:48:44] [spechunter] [Grep] pattern='mdtcfg|msdcfg|sdedbg|sedbg|debug.*secur|trace.*secur'
[03:48:44] [spechunter] [Grep] pattern='seccfg|envcfg|menvcfg|smenvcfg|henvcfg|senvcfg'
[03:48:44] [spechunter] [Grep] pattern='menvcfg|senvcfg|henvcfg'
[03:49:08] [spechunter] [Write] /home/yzs/riscv/XiangShan/mdtcfg_security_audit.json
[03:49:24] [spechunter] [text] **Audit complete.** The security analysis of XiangShan RTL for the debug/trace security control CSR vulnerability has be...
