[10:46:57] [spechunter] PR loaded: #185 riscv-non-isa/riscv-iopmp — "Add HWCFG2.msi_en and rename ERR_CFG.msi_en to ERR_CFG.msi_sel"
[10:46:57] [spechunter]   diff: 6073 chars  body: 163 chars  reviews: 1
[10:46:57] [spechunter] Global pre-filter running...
[10:47:18] [spechunter] [text] {"should_skip": false}
[10:47:20] [spechunter] pre-filter: should_skip=False reason=""
[10:47:32] [spechunter] [text] {"should_skip": false}
[10:47:34] [spechunter] [text] {"should_skip": true, "skip_reason": "IOPMP register field rename (msi_en to msi_sel) and capability bit addition; OpenS...
[10:47:41] [spechunter] [text] {"should_skip": true, "skip_reason": "IOPMP is a non-ISA I/O PMP spec that FreeBSD does not currently support; this triv...
[10:47:41] [spechunter] [Grep] pattern='iopmp'
[10:47:42] [spechunter] [Grep] pattern='iopmp'
[10:47:48] [spechunter] [text] {"should_skip": false}
[10:47:48] [spechunter] [text] {"should_skip": true, "skip_reason": "QEMU has no IOPMP implementation; this PR renames a field and adds a HWCFG bit in ...
[10:48:03] [spechunter] [text] ```json {   "violation_condition": "Linux kernel IOPMP driver sets ERR_CFG.msi_sel=0 intending to disable MSI (old msie_...
[10:48:19] [spechunter] [TodoWrite] 5 items
[10:48:24] [spechunter] [Grep] pattern='iopmp|IOPMP'
[10:48:24] [spechunter] [Grep] pattern='ERR_CFG|msi_sel|msi_en'
[10:48:24] [spechunter] [Grep] pattern='HWCFG2|hwcfg2'
[10:48:27] [spechunter] [Grep] pattern='msi_en|msi_sel|ERR_MSIADDR|ERR_MSIADDRH|msi_werr|HWCFG2'
[10:48:27] [spechunter] [Grep] pattern='msi_en|msi_sel|ERR_MSIADDR|ERR_MSIADDRH|msi_werr|HWCFG2'
[10:48:27] [spechunter] [Grep] pattern='msi_en|msi_sel|ERR_MSIADDR|ERR_MSIADDRH|msi_werr|HWCFG2'
[10:48:27] [spechunter] [Grep] pattern='msi_en|msi_sel|ERR_MSIADDR|ERR_MSIADDRH|msi_werr|HWCFG2'
[10:48:27] [spechunter] [Grep] pattern='msi_en|msi_sel|ERR_MSIADDR|ERR_MSIADDRH|msi_werr|HWCFG2'
[10:48:41] [spechunter] [Bash] Check if XiangShan has IOPMP-related RTL files
[10:48:42] [spechunter] [text] The IOPMP driver doesn't exist in this kernel tree. Let me search more broadly — for RISC-V IOPMP spec-related code, MSI...
[10:48:42] [spechunter] [Grep] pattern='ERR_CFG|ERR_MSIADDR|ERR_MSIADDRH|ERR_INFO'
[10:48:42] [spechunter] [Grep] pattern='iopmp|IOPMP'
[10:48:42] [spechunter] [Grep] pattern='msi_sel|msi_en'
[10:48:42] [spechunter] [text] No RISC-V-specific matches found in the initial broad search. Let me search more precisely for RISC-V CSR definitions an...
[10:48:42] [spechunter] [Grep] pattern='ERR_CFG|ERR_INFO|ERR_MSIADDR|HWCFG2'
[10:48:42] [spechunter] [Grep] pattern='ERR_CFG|ERR_INFO|ERR_MSIADDR|HWCFG2'
[10:48:42] [spechunter] [Grep] pattern='ERR_CFG|ERR_INFO|ERR_MSIADDR'
[10:48:42] [spechunter] [Grep] pattern='HWCFG2'
[10:48:47] [spechunter] [Bash] Find RTL source files in ChiselIOPMP
[10:48:55] [spechunter] [Grep] pattern='ERR_CFG|ERR_MSIADDR|msi_werr|msi_sel'
[10:48:55] [spechunter] [Grep] pattern='HWCFG2'
[10:48:55] [spechunter] [Grep] pattern='msi_en'
[10:48:55] [spechunter] [Grep] pattern='aia|AIA'
[10:49:03] [spechunter] [Grep] pattern='msi_en|msi_sel|HWCFG2|ERR_CFG|msidata|msi_werr|ERR_MSIADDR|MSI'
[10:49:03] [spechunter] [Read] /home/yzs/riscv/XiangShan/iopmp_hwcfg_v081_findings.json
[10:49:10] [spechunter] [text] The PR references the RISC-V IOPMP spec (extensions/msi.adoc). Let me search more specifically for the driver code this ...
[10:49:10] [spechunter] [Grep] pattern='ERR_CFG|ERR_MSIADDR|ERR_MSIADDRH|HWCFG2'
[10:49:10] [spechunter] [Grep] pattern='riscv.*iopmp|iopmp.*riscv|RISCV_IOPMP'
[10:49:23] [spechunter] [Grep] pattern='error|ERROR|_ERR|err_'
[10:49:23] [spechunter] [Grep] pattern='HWCFG|hwcfg'
[10:49:23] [spechunter] [Grep] pattern='RAS|ras|machine.check|mca|MCA'
[10:49:33] [spechunter] [text] The IOPMP driver doesn't exist yet in this tree. Let me look at similar patterns in RISC-V code — PMP, MSI configuration...
[10:49:33] [spechunter] [Grep] pattern='riscv.*msi|msi.*riscv'
[10:49:33] [spechunter] [Grep] pattern='csr_write|csr_read|CSR_'
[10:49:33] [spechunter] [Glob] arch/riscv/include/asm/*msi*
[10:49:33] [spechunter] [Glob] drivers/perf/*riscv*
[10:49:43] [spechunter] [text] Let me search more specifically for any RISC-V RAS-related definitions or MSI error registers.  
[10:49:43] [spechunter] [Grep] pattern='CSR_ERR|CSR_HWCFG|MSIADDR|msiaddr'
[10:49:43] [spechunter] [Grep] pattern='CSR_HWCFG|HWCFG|hcfg'
[10:49:43] [spechunter] [Grep] pattern='RAS|ras_'
[10:49:43] [spechunter] [Grep] pattern='msi_en|msi_sel|ERR_CFG|ERR_INFO|ERR_MSIADDR|ERR_MSIADDRH|msi_werr|HWCFG2'
[10:49:47] [spechunter] [Read] /home/yzs/riscv/linux/arch/riscv/kvm/aia_imsic.c
[10:49:47] [spechunter] [Grep] pattern='msi.*enable|enable.*msi|MSI.*ENABLE|msi.*disable|disable.*msi'
[10:49:47] [spechunter] [Grep] pattern='writel.*msi|iowrite32.*msi|__raw_writel.*msi'
[10:50:03] [spechunter] [text] ```json {   "violation_condition": "The XiangShan IOPMP RTL (IopmpChecker.scala) references ERR_CFG.msi_en as both the M...
[10:50:04] [spechunter] [Bash] Search git log for any commits mentioning these entities
[10:50:04] [spechunter] [Grep] pattern='CSR_ERR|csr_err|_RAS_|RAS_CSR'
[10:50:04] [spechunter] [Bash] Search git log for RISC-V RAS or MSI error related commits
[10:50:08] [spechunter] [Grep] pattern='IOPMP|iopmp|riscv.*pmp.*io|io.*pmp.*riscv'
[10:50:08] [spechunter] [Grep] pattern='ERR_CFG|ERR_MSIADDR|ERR_MSIADDRH|msi_sel|msidata'
[10:50:08] [spechunter] [Glob] **/iopmp*
[10:50:20] [spechunter] [TodoWrite] 6 items
[10:50:22] [spechunter] [Grep] pattern='msi_en|MSI_EN|msien'
[10:50:22] [spechunter] [Grep] pattern='msi_en|MSI_EN|msien'
[10:50:24] [spechunter] [Bash] Search git log for these entities in RISC-V files
[10:50:24] [spechunter] [Bash] List local branches
[10:50:34] [spechunter] [Glob] **/*iopmp*
[10:50:34] [spechunter] [Glob] **/*Iopmp*
[10:50:34] [spechunter] [Glob] **/*IOPMP*
[10:50:34] [spechunter] [text] I'll search for all affected entities in parallel across the RTL tree.  
[10:50:34] [spechunter] [Grep] pattern='HWCFG2'
[10:50:34] [spechunter] [Grep] pattern='ERR_CFG'
[10:50:34] [spechunter] [Grep] pattern='ERR_MSIADDRH'
[10:50:34] [spechunter] [Grep] pattern='ERR_MSIADDR'
[10:50:34] [spechunter] [Grep] pattern='msi_werr'
[10:50:34] [spechunter] [Grep] pattern='msi_en'
[10:50:34] [spechunter] [Grep] pattern='RegHwcfg2'
[10:50:34] [spechunter] [Grep] pattern='Hwcfg2'
[10:50:34] [spechunter] [Grep] pattern='hwcfg2|HWCFG2'
[10:50:34] [spechunter] [Grep] pattern='ERR_MSIADDR'
[10:50:34] [spechunter] [Grep] pattern='MSIADDR'
[10:50:37] [spechunter] [Bash] Search git log for IOPMP/msi_en/ERR_CFG commits
[10:50:37] [spechunter] [Grep] pattern='riscv.*imsic|imsic.*riscv'
[10:50:38] [spechunter] [Bash] Search for RAS-related RISC-V commits
[10:50:38] [spechunter] [Grep] pattern='Smaia|Ssmaia|Ssaia|Smcntrpmf|Sscofpmf|Svadu|Svade|Svinval|Svpbmt|Svnapot|Sstc|Ssstrict|Sscounterenw|Smstateen|Ssstateen|Zicntr|Zihpm'
[10:50:38] [spechunter] [Read] /home/yzs/riscv/linux/arch/riscv/include/asm/csr.h
[10:50:48] [spechunter] [text] No matches in the main Scala tree. Let me expand to the full repo and also try Verilog paths.  
[10:50:48] [spechunter] [Grep] pattern='HWCFG2|hwcfg2|Hwcfg2'
[10:50:48] [spechunter] [Grep] pattern='ERR_CFG|err_cfg|ErrCfg'
[10:50:48] [spechunter] [Grep] pattern='MSIADDR|msiaddr'
[10:50:48] [spechunter] [Grep] pattern='msi_werr|msi_sel|msi_en'
[10:50:55] [spechunter] [Bash] Search for any IOPMP file additions in git
[10:50:55] [spechunter] [Bash] Search for IOPMP branches
[10:50:55] [spechunter] [Grep] pattern='sophgo.*pcie.*msi|cv18xx.*msi|thead.*msi'
[10:50:56] [spechunter] [Glob] ChiselIOPMP/**/*.scala
[10:50:56] [spechunter] [Grep] pattern='msi_en|msi_sel|RegHwcfg2|HWCFG2'
[10:50:57] [spechunter] [Grep] pattern='msi_en|msi_sel|ERR_CFG|ERR_MSIADDR|HWCFG2|msi_werr'
[10:50:57] [spechunter] [Grep] pattern='msi_en|msi_sel|ERR_CFG|ERR_MSIADDR|HWCFG2|msi_werr'
[10:50:57] [spechunter] [Bash] Exhaustive search for all affected entities across kernel tree
[10:51:02] [spechunter] [Read] /home/yzs/riscv/XiangShan/ChiselIOPMP/src/main/scala/IopmpChecker.scala
[10:51:02] [spechunter] [Read] /home/yzs/riscv/XiangShan/ChiselIOPMP/src/main/scala/IopmpChecker.scala
[10:51:05] [spechunter] [text] Let me also search for additional patterns in the CSR and broader codebase.  
[10:51:05] [spechunter] [Grep] pattern='ERR_INFO|err_info|ErrInfo'
[10:51:05] [spechunter] [Grep] pattern='ERR_MSIADDR|errmsiaddr|Errmsiaddr'
[10:51:05] [spechunter] [Grep] pattern='msi_sel|msi_en|msi_werr'
[10:51:05] [spechunter] [Grep] pattern='addrh_en'
[10:51:05] [spechunter] [Grep] pattern='reg_errcfg|reg_errinfo|o_reg_errcfg'
[10:51:15] [spechunter] [text] Now let me find the MSI address registers and the interrupt generation logic.  
[10:51:15] [spechunter] [Read] /home/yzs/riscv/XiangShan/ChiselIOPMP/src/main/scala/IopmpChecker.scala
[10:51:15] [spechunter] [Grep] pattern='msi|MSI|Errmsi|errmsi'
[10:51:22] [spechunter] [Read] /home/yzs/riscv/XiangShan/ChiselIOPMP/src/main/scala/IopmpChecker.scala
[10:51:22] [spechunter] [Read] /home/yzs/riscv/XiangShan/ChiselIOPMP/src/main/scala/IopmpChecker.scala
[10:51:23] [spechunter] [Bash] Final check across all branches for these entities in commit messages
[10:51:23] [spechunter] [Bash] Check RISC-V commit messages for MSI/RAS entities
[10:51:26] [spechunter] [text] Let me also check test files and the vulnerability pattern.  
[10:51:26] [spechunter] [Grep] pattern='msi_en|msi_sel|msi_werr|HWCFG2|ERR_CFG|ERR_MSIADDR|addrh_en'
[10:51:26] [spechunter] [Grep] pattern='ERR_INFO|msi_werr'
[10:51:26] [spechunter] [Grep] pattern='specver.*msi|msi.*specver'
[10:51:31] [spechunter] [text] Now let me trace the RISC-V IMSIC and related MSI code for patterns semantically equivalent to the IOPMP MSI issue.  
[10:51:31] [spechunter] [TodoWrite] 5 items
[10:51:41] [spechunter] [text] Let me also check the top-level, system, and test directories for any references.  
[10:51:41] [spechunter] [Grep] pattern='Iopmp|iopmp|IOPMP'
[10:51:41] [spechunter] [Grep] pattern='Iopmp|iopmp|IOPMP'
[10:51:41] [spechunter] [Grep] pattern='Iopmp|iopmp|IOPMP'
[10:51:41] [spechunter] [Grep] pattern='RegErrinfo|reg_errinfo|RegErr'
[10:51:53] [spechunter] [text] Let me now deeply trace the RISC-V MSI code paths for semantically equivalent patterns.  
[10:51:53] [spechunter] [Read] /home/yzs/riscv/linux/drivers/irqchip/irq-riscv-imsic-state.c
[10:51:53] [spechunter] [Read] /home/yzs/riscv/linux/drivers/pci/controller/dwc/pcie-sophgo.c
[10:51:53] [spechunter] [Read] /home/yzs/riscv/linux/arch/riscv/kvm/aia_imsic.c
[10:51:57] [spechunter] [text] ```json {   "locations": [],   "note": "None of the affected entities (HWCFG2.msi_en, ERR_CFG.msi_sel, ERR_MSIADDR, ERR_...
[10:51:58] [spechunter] [text] Now let me search for how the MSI interrupt is actually generated and how ERR_MSIADDRH availability is wired.  
[10:51:58] [spechunter] [Grep] pattern='msi_en|msiaddr|msi_werr|MSIADDR|Errmsi|errmsi'
[10:51:58] [spechunter] [Grep] pattern='msi_en|msiaddr|msi_werr|MSIADDR|Errmsi|errmsi'
[10:52:05] [spechunter] [Read] /home/yzs/riscv/XiangShan/ChiselIOPMP/src/main/scala/Iopmp.scala
[10:52:08] [spechunter] [text] Let me read the critical sections of the main file to get precise line numbers for each entity.  
[10:52:08] [spechunter] [Read] /home/yzs/riscv/XiangShan/ChiselIOPMP/src/main/scala/IopmpChecker.scala
[10:52:08] [spechunter] [Read] /home/yzs/riscv/XiangShan/ChiselIOPMP/src/main/scala/IopmpChecker.scala
[10:52:08] [spechunter] [Read] /home/yzs/riscv/XiangShan/ChiselIOPMP/src/main/scala/IopmpChecker.scala
[10:52:08] [spechunter] [Read] /home/yzs/riscv/XiangShan/ChiselIOPMP/src/main/scala/IopmpChecker.scala
[10:52:08] [spechunter] [Read] /home/yzs/riscv/XiangShan/ChiselIOPMP/src/main/scala/IopmpChecker.scala
[10:52:08] [spechunter] [Read] /home/yzs/riscv/XiangShan/ChiselIOPMP/src/main/scala/IopmpChecker.scala
[10:52:08] [spechunter] [Read] /home/yzs/riscv/XiangShan/ChiselIOPMP/src/main/scala/IopmpChecker.scala
[10:52:08] [spechunter] [Read] /home/yzs/riscv/XiangShan/ChiselIOPMP/src/main/scala/IopmpChecker.scala
[10:52:08] [spechunter] [Read] /home/yzs/riscv/XiangShan/ChiselIOPMP/src/main/scala/IopmpChecker.scala
[10:52:08] [spechunter] [Read] /home/yzs/riscv/XiangShan/ChiselIOPMP/src/main/scala/IopmpChecker.scala
[10:52:08] [spechunter] [Read] /home/yzs/riscv/XiangShan/ChiselIOPMP/src/main/scala/IopmpChecker.scala
[10:52:09] [spechunter] [text] Now let me find the checker's interrupt generation logic and how `msi_en` is wired in the checker's main logic.  
[10:52:09] [spechunter] [Grep] pattern='io\\.int|int\\s*:=|msi_en|msidata|o_reg_errcfg_msi|interrupt'
[10:52:12] [spechunter] [TaskOutput] task_id, block
[10:52:17] [spechunter] [Read] /home/yzs/riscv/XiangShan/ChiselIOPMP/src/main/scala/IopmpChecker.scala
[10:52:17] [spechunter] [Read] /home/yzs/riscv/XiangShan/ChiselIOPMP/src/main/scala/IopmpChecker.scala
[10:52:19] [spechunter] [text] Let me also check the test file and look for any Verilog-generated files referencing these entities.  
[10:52:19] [spechunter] [Read] /home/yzs/riscv/XiangShan/src/test/scala/top/SimMMIO.scala
[10:52:19] [spechunter] [Grep] pattern='msi_en|msi_sel|HWCFG2|ERR_CFG|msi_werr|addrh_en'
[10:52:19] [spechunter] [Grep] pattern='msi_en|msi_sel'
[10:52:19] [spechunter] [Grep] pattern='msi_en|msi_sel'
[10:52:26] [spechunter] [text] Let me also check for any existing `msi_sel` references (the renamed field) and in the findings files.  
[10:52:26] [spechunter] [Grep] pattern='msi_sel'
[10:52:26] [spechunter] [Read] /home/yzs/riscv/XiangShan/ChiselIOPMP/src/main/scala/IopmpChecker.scala
[10:52:36] [spechunter] [Read] /home/yzs/riscv/linux/arch/riscv/kvm/aia_imsic.c
[10:52:36] [spechunter] [Read] /home/yzs/riscv/linux/drivers/irqchip/irq-riscv-aplic-msi.c
[10:52:40] [spechunter] [text] Now let me check the Ctrl module's port interface to trace how `msi_en` is actually used in the checker control logic.  
[10:52:40] [spechunter] [Grep] pattern='class Ctrl|io\\.reg\\.|msi|interrupt'
[10:52:44] [spechunter] [Read] /home/yzs/riscv/linux/drivers/pci/controller/dwc/pcie-sophgo.c
[10:52:44] [spechunter] [Read] /home/yzs/riscv/linux/arch/riscv/kvm/aia_imsic.c
[10:52:49] [spechunter] [Read] /home/yzs/riscv/XiangShan/ChiselIOPMP/src/main/scala/IopmpChecker.scala
[10:53:05] [spechunter] [text] Let me now look more deeply at patterns semantically equivalent to the IOPMP violation.  
[10:53:05] [spechunter] [Read] /home/yzs/riscv/linux/drivers/irqchip/irq-riscv-aplic-msi.c
[10:53:05] [spechunter] [Grep] pattern='enable.*=.*0|disable.*msi|msi.*disable|msi.*=.*0.*false'
[10:53:05] [spechunter] [Read] /home/yzs/riscv/linux/arch/riscv/kvm/aia_imsic.c
[10:53:24] [spechunter] [Read] /home/yzs/riscv/linux/arch/riscv/kvm/aia_imsic.c
[10:53:24] [spechunter] [Grep] pattern='writel\\(0|iowrite32\\(0'
[10:53:24] [spechunter] [Grep] pattern='writel.*0|write.*disable|write.*clear|writel.*IMSI|writel.*MSI.*0'
[10:53:32] [spechunter] [text] Now I have all the data. Here is the complete location report:  ```json {   "locations": [     {       "file_path": "Chi...
[10:53:41] [spechunter] [text] Let me search for semantically equivalent patterns more broadly — cases where MSI configuration register writes assume s...
[10:53:41] [spechunter] [Grep] pattern='pci_msi_enabled|msi_capability|MSI_CAP|msi.*supported'
[10:53:41] [spechunter] [Read] /home/yzs/riscv/linux/drivers/pci/controller/dwc/pcie-sophgo.c
[10:53:41] [spechunter] [Grep] pattern='select.*wired|wired.*mode|wired.*interrupt|msi.*select|msi_sel|MSI_SEL'
[10:53:54] [spechunter] [Read] /home/yzs/riscv/linux/drivers/irqchip/irq-riscv-aplic-msi.c
[10:53:54] [spechunter] [Read] /home/yzs/riscv/linux/drivers/irqchip/irq-riscv-imsic-platform.c
[10:53:54] [spechunter] [Read] /home/yzs/riscv/linux/drivers/irqchip/irq-riscv-imsic-platform.c
[10:53:55] [spechunter] [text] Let me verify whether the MSI control signals exported from RegMap are consumed anywhere.  
[10:53:55] [spechunter] [Grep] pattern='o_reg_errcfg_msi'
[10:53:55] [spechunter] [Read] /home/yzs/riscv/XiangShan/ChiselIOPMP/src/main/scala/IopmpChecker.scala
[10:54:02] [spechunter] [text] Let me verify that `msi_en` and `msidata` are never actually consumed in the Ctrl module.  
[10:54:02] [spechunter] [Grep] pattern='msi'
[10:54:07] [spechunter] [Bash] Check tmp directory for cached results
[10:54:17] [spechunter] [text] Let me also check if there are any other files referencing these values in the broader XiangShan repo.  
[10:54:17] [spechunter] [Grep] pattern='msi_en|msi_sel|HWCFG2'
[10:54:17] [spechunter] [Grep] pattern='specver'
[10:54:27] [spechunter] [Grep] pattern='msi_en'
[10:54:27] [spechunter] [Grep] pattern='msi_sel'
[10:54:27] [spechunter] [Grep] pattern='HWCFG2'
[10:54:27] [spechunter] [Grep] pattern='ERR_CFG'
[10:54:37] [spechunter] [Grep] pattern='HWCFG2|HW_CFG2|hwcfg2'
[10:54:37] [spechunter] [Grep] pattern='ERR_CFG'
[10:54:50] [spechunter] [Read] /home/yzs/riscv/XiangShan/iopmp_hwcfg_v081_findings.json
[10:55:16] [spechunter] [Grep] pattern='msi_en|msi_sel'
[10:55:16] [spechunter] [Grep] pattern='HWCFG2'
[10:55:16] [spechunter] [Bash] Search git history for relevant commits
[10:55:38] [spechunter] [text] Now I have a complete picture. Let me update my progress and compile the final report.  
[10:55:38] [spechunter] [TodoWrite] 6 items
[10:56:16] [spechunter] [Grep] pattern='ERR_CFG'
[10:56:16] [spechunter] [Grep] pattern='MSI.*ext|msi_ext|msi_extension'
[10:56:16] [spechunter] [Bash] Check branches and recent PCI controller changes
[10:56:55] [spechunter] [Grep] pattern='msi_en|MSI_EN|msi_sel|MSI_SEL'
[10:56:55] [spechunter] [Bash] Check for uncommitted Sophgo PCIe changes
[10:56:55] [spechunter] [Grep] pattern='HWCFG|hwcfg2|ERR_CFG.*msi'
[10:57:07] [spechunter] [Grep] pattern='MSI|msi'
[10:57:07] [spechunter] [Bash] Check for project config file
[10:57:37] [spechunter] [text] Both fast-path and slow-path location sets were provided as `(none)`. I independently searched the entire tree for HWCFG...
[10:57:46] [spechunter] [text] Now I have a complete picture. Let me write the findings report.  
[10:57:46] [spechunter] [Write] /home/yzs/riscv/XiangShan/hwcfg2_msi_en_findings.json
[10:57:50] [spechunter] [Grep] pattern='iopmp'
[10:57:50] [spechunter] [Grep] pattern='ERR_CFG.*msi'
[10:57:50] [spechunter] [Grep] pattern='HWCFG2.*msi'
[10:57:58] [spechunter] [text] Let me search more broadly for IOPMP driver code in this kernel tree.  
[10:57:58] [spechunter] [Grep] pattern='iopmp|IOPMP'
[10:57:58] [spechunter] [Grep] pattern='ERR_CFG'
[10:57:58] [spechunter] [Grep] pattern='msi_en|msi_sel|MSIEN|msien'
[10:58:02] [spechunter] [TodoWrite] 6 items
[10:58:16] [spechunter] [Grep] pattern='iopmp|IOPMP'
[10:58:16] [spechunter] [Glob] **/iopmp*
[10:58:16] [spechunter] [Grep] pattern='ERR_MSIADDR|HWCFG2'
[10:58:28] [spechunter] [Bash] Search git history for IOPMP file additions
[10:58:28] [spechunter] [Bash] Search git log for IOPMP/HWCFG2/ERR_CFG references
[10:58:28] [spechunter] [Grep] pattern='iopmp|IOPMP'
[10:58:29] [spechunter] [text] Results saved to `hwcfg2_msi_en_findings.json`. Here's the summary:  ---  ## Findings: HWCFG2.msi_en missing / ERR_CFG.m...
[10:59:07] [spechunter] [text] Let me check if this is on a different branch or if there are pending patches.  
[10:59:07] [spechunter] [Bash] Check for IOPMP-related branches and tags
[10:59:07] [spechunter] [Bash] Check recent commits
[10:59:12] [spechunter] [text] Let me read the key code sections to cross-validate the locations against the actual PR changes.  
[10:59:12] [spechunter] [Read] /home/yzs/riscv/XiangShan/ChiselIOPMP/src/main/scala/IopmpChecker.scala
[10:59:12] [spechunter] [Read] /home/yzs/riscv/XiangShan/ChiselIOPMP/src/main/scala/IopmpChecker.scala
[10:59:12] [spechunter] [Read] /home/yzs/riscv/XiangShan/ChiselIOPMP/src/main/scala/IopmpChecker.scala
[10:59:21] [spechunter] [Read] /home/yzs/riscv/XiangShan/ChiselIOPMP/src/main/scala/IopmpChecker.scala
[10:59:21] [spechunter] [Read] /home/yzs/riscv/XiangShan/ChiselIOPMP/src/main/scala/IopmpChecker.scala
[10:59:21] [spechunter] [Read] /home/yzs/riscv/XiangShan/ChiselIOPMP/src/main/scala/IopmpChecker.scala
[10:59:24] [spechunter] [text] Based on my exhaustive search of this kernel tree (Linux 7.0-rc5), here is the analysis:  **There is no IOPMP driver in ...
[11:01:48] [spechunter] [text] Now let me read a couple more sections to verify remaining locations.  
[11:01:48] [spechunter] [Read] /home/yzs/riscv/XiangShan/ChiselIOPMP/src/main/scala/IopmpChecker.scala
[11:01:48] [spechunter] [Read] /home/yzs/riscv/XiangShan/ChiselIOPMP/src/main/scala/IopmpChecker.scala
[11:03:09] [spechunter] [text] Now I have a complete picture. Let me cross-validate each location against the PR's two concrete changes: (1) add `HWCFG...
[11:03:19] [spechunter] [Grep] pattern='IopmpChecker'
[11:03:19] [spechunter] [Grep] pattern='RegHwcfg2'
[11:03:19] [spechunter] [Grep] pattern='ERR_MSIADDRH'
[11:03:22] [spechunter] [Read] /home/yzs/riscv/XiangShan/ChiselIOPMP/src/main/scala/IopmpChecker.scala
[11:04:28] [spechunter] [text] Now let me also check the companion file and look for any HWCFG2-related spec definitions.  
[11:04:28] [spechunter] [Read] /home/yzs/riscv/XiangShan/ChiselIOPMP/src/main/scala/Iopmp.scala
[11:04:28] [spechunter] [Grep] pattern='msi_en|msi_sel|HWCFG2|hwcfg2'
[11:06:09] [spechunter] [text] Now let me also check if there's an `IopmpBridge` file that may contain additional references.  
[11:06:09] [spechunter] [Grep] pattern='ERR_MSIADDR|errmsiaddr|RegErrmsiaddr|RegErrmsiaddrh'
[11:06:09] [spechunter] [Grep] pattern='HWCFG2.*bit|hwcfg2.*bit|msi_en.*specver|specver.*msi'
[11:07:40] [spechunter] [text] Now I have a thorough understanding of the code. Let me compile the findings.  
[11:07:40] [spechunter] [Write] /home/yzs/riscv/XiangShan/hwcfg2_msi_en_findings.json
[11:07:45] [spechunter] [Read] /home/yzs/riscv/XiangShan/hwcfg2_msi_en_findings.json
[11:08:40] [spechunter] [Write] /home/yzs/riscv/XiangShan/hwcfg2_msi_en_findings.json
[11:09:06] [spechunter] [text] Here is the analysis summary:  ## Overall: **bug_confirmed** — 4 confirmed bugs, 3 potential risks  ### Confirmed bugs  ...
[00:42:54] [spechunter] PR loaded: #185 riscv-non-isa/riscv-iopmp — "Add HWCFG2.msi_en and rename ERR_CFG.msi_en to ERR_CFG.msi_sel"
[00:42:54] [spechunter]   diff: 6073 chars  body: 163 chars  reviews: 1
[00:42:54] [spechunter] Global pre-filter running...
[00:43:38] [spechunter] [text] {"should_skip": false}
[00:43:40] [spechunter] pre-filter: should_skip=False reason=""
[00:43:58] [spechunter] [Grep] pattern='iopmp'
[00:44:06] [spechunter] [text] {"should_skip": true, "skip_reason": "IOPMP (I/O PMP) is a separate hardware component from hart-level PMP that OpenSBI ...
[00:44:07] [spechunter] [text] ```json {"should_skip": false, "skip_reason": "IOPMP CSR field rename (ERR_CFG.msi_en→msi_sel) and new HWCFG2.msi_en bit...
[00:44:11] [spechunter] [text] {"should_skip": true, "skip_reason": "IOPMP is an in-development IOMMU spec that FreeBSD does not currently support; thi...
[00:44:20] [spechunter] [text] {"should_skip": true, "skip_reason": "IOPMP is a hardware I/O memory protection unit not currently emulated by QEMU (QEM...
[00:44:27] [spechunter] [text] {"should_skip": true, "skip_reason": "IOPMP is a non-ISA hardware I/O protection unit spec; Linux has no in-tree IOPMP d...
[00:45:35] [spechunter] [text] ```json {   "violation_condition": "RTL CSR module still references ERR_CFG field as 'msi_en' (bit 3) after spec rename ...
[00:46:10] [spechunter] [Grep] pattern='ERR_CFG'
[00:46:10] [spechunter] [Grep] pattern='HWCFG2'
[00:46:10] [spechunter] [Grep] pattern='ERR_MSIADDR'
[00:46:10] [spechunter] [Grep] pattern='ERR_INFO'
[00:46:10] [spechunter] [Grep] pattern='msi_en|msi_sel|msi_en.*avail|addr_reg_avail'
[00:46:16] [spechunter] [TodoWrite] 5 items
[00:46:36] [spechunter] [text] No matches in `src/main/scala` with those exact strings. Let me broaden the search
[00:46:36] [spechunter] [Grep] pattern='ERR_CFG|HWCFG2|ERR_MSIADDR|ERR_INFO'
[00:46:36] [spechunter] [Grep] pattern='msi_en|msi_sel'
[00:46:36] [spechunter] [Grep] pattern='err_cfg|hwcfg2|err_msiaddr|err_info'
[00:46:49] [spechunter] [Agent] description, subagent_type
[00:46:49] [spechunter] [Agent] description, subagent_type
[00:47:06] [spechunter] [Glob] **/iopmp*
[00:47:06] [spechunter] [Glob] **/IOPMP*
[00:47:06] [spechunter] [Glob] **/*msi*
[00:47:06] [spechunter] [Glob] **/*err*
[00:47:06] [spechunter] [Glob] **/*hwcfg*
[00:47:18] [spechunter] [text] All hits are concentrated in `ChiselIOPMP/src/main/scala/IopmpChecker.scala`. Let me read the relevant sections.  
[00:47:18] [spechunter] [Read] /home/yzs/riscv/XiangShan/ChiselIOPMP/src/main/scala/IopmpChecker.scala
[00:47:18] [spechunter] [Read] /home/yzs/riscv/XiangShan/ChiselIOPMP/src/main/scala/IopmpChecker.scala
[00:47:18] [spechunter] [Read] /home/yzs/riscv/XiangShan/ChiselIOPMP/src/main/scala/IopmpChecker.scala
[00:47:18] [spechunter] [Read] /home/yzs/riscv/XiangShan/ChiselIOPMP/src/main/scala/IopmpChecker.scala
[00:47:18] [spechunter] [Read] /home/yzs/riscv/XiangShan/ChiselIOPMP/src/main/scala/IopmpChecker.scala
[00:47:18] [spechunter] [Grep] pattern='ERR_CFG'
[00:47:18] [spechunter] [Grep] pattern='HWCFG2'
[00:47:18] [spechunter] [Grep] pattern='msi_en|msi_sel|MSISelect|msi\\.en'
[00:47:18] [spechunter] [Grep] pattern='ERR_MSIADDR|err_msiaddr'
[00:47:18] [spechunter] [Grep] pattern='addr_reg_avail|msi.*avail|msiAvail'
[00:47:27] [spechunter] [text] Let me also check the IopmpParams definitions and other related files.  
[00:47:27] [spechunter] [Grep] pattern='msi_en|msi_sel|msi_werr'
[00:47:27] [spechunter] [Grep] pattern='err_cfg|errcfg|ERR_CFG|ERRCFG'
[00:47:33] [spechunter] [text] Let me also check for ERR_MSIADDR, ERR_MSIADDRH register definitions and the params file
[00:47:33] [spechunter] [Grep] pattern='msiaddr|err_msi_addr'
[00:47:33] [spechunter] [Grep] pattern='ERR_MSIADDR|ERR_MSIADDRH|erreqaddr|erreqaddrh'
[00:47:35] [spechunter] [Grep] pattern='IOPMP|Iopmp|iopmp'
[00:47:35] [spechunter] [Grep] pattern='ERR_CFG|ERR_MSIADDR|ERR_MSIADDRH|ERR_INFO'
[00:47:35] [spechunter] [Grep] pattern='HWCFG|Hwcfg|hwcfg'
[00:47:35] [spechunter] [Grep] pattern='msi_en|msi_sel'
[00:47:35] [spechunter] [Bash] List top-level scala source directory
[00:47:44] [spechunter] [text] Let me also check the IopmpParams file and any MSI interrupt logic that references `msi_en
[00:47:44] [spechunter] [Grep] pattern='msi_en|msi_sel'
[00:47:44] [spechunter] [Read] /home/yzs/riscv/XiangShan/ChiselIOPMP/src/main/scala/IopmpChecker.scala
[00:47:44] [spechunter] [Read] /home/yzs/riscv/XiangShan/ChiselIOPMP/src/main/scala/IopmpChecker.scala
[00:47:56] [spechunter] [Read] /home/yzs/riscv/XiangShan/ChiselIOPMP/src/main/scala/IopmpChecker.scala
[00:47:56] [spechunter] [Glob] ChiselIOPMP/src/main/scala/**/*.scala
[00:47:56] [spechunter] [Grep] pattern='msi_en|msi_sel|MSISelect|HWCFG2|ERR_CFG|ERR_MSIADDR|msi.*avail|addr_reg_avail'
[00:47:57] [spechunter] [Grep] pattern='IOPMP|Iopmp|iopmp'
[00:47:57] [spechunter] [Grep] pattern='ERR_CFG|ERR_MSIADDR|ERR_INFO'
[00:47:57] [spechunter] [Grep] pattern='msi_en|msi_sel'
[00:47:57] [spechunter] [Grep] pattern='HWCFG|Hwcfg'
[00:47:57] [spechunter] [Bash] List top two levels of directories in the repo
[00:47:59] [spechunter] [text] Let me also check how msi_en influences the MSI-related register logic (errmsiaddr, errmsiaddrh) and the interrupt path....
[00:47:59] [spechunter] [Read] /home/yzs/riscv/XiangShan/ChiselIOPMP/src/main/scala/IopmpChecker.scala
[00:47:59] [spechunter] [Grep] pattern='errmsiaddr|errmsiaddrh|Errmsiaddr|Errmsiaddrh'
[00:48:08] [spechunter] [Read] /home/yzs/riscv/XiangShan/ChiselIOPMP/src/main/scala/IopmpBridge.scala
[00:48:08] [spechunter] [Read] /home/yzs/riscv/XiangShan/ChiselIOPMP/src/main/scala/Iopmp.scala
[00:48:08] [spechunter] [Grep] pattern='ERR_CFG|HWCFG2|msi_en|msi_sel|MSISelect|ERR_MSIADDR|errmsiaddr|msi.*avail|addr_reg_avail'
[00:48:16] [spechunter] [Read] /home/yzs/riscv/XiangShan/ChiselIOPMP/src/main/scala/Iopmp.scala
[00:48:16] [spechunter] [Read] /home/yzs/riscv/XiangShan/ChiselIOPMP/src/main/scala/IopmpChecker.scala
[00:48:16] [spechunter] [Read] /home/yzs/riscv/XiangShan/ChiselIOPMP/src/main/scala/IopmpBridge.scala
[00:48:18] [spechunter] [text] Let me check test files and any other references outside the IopmpChecker
[00:48:18] [spechunter] [Grep] pattern='msi_en|msi_sel'
[00:48:18] [spechunter] [Grep] pattern='ERR_CFG|HWCFG2|ERR_MSIADDR|ERR_INFO'
[00:48:25] [spechunter] [Grep] pattern='ERR_CFG|msi_en|msi_sel|MSISelect|ERR_MSIADDR|HWCFG2'
[00:48:25] [spechunter] [Grep] pattern='msi_sel|MSISelect'
[00:48:25] [spechunter] [Grep] pattern='ERR_CFG|HWCFG2'
[00:48:32] [spechunter] [Read] /home/yzs/riscv/XiangShan/hwcfg2_msi_en_findings.json
[00:48:32] [spechunter] [Read] /home/yzs/riscv/XiangShan/iopmp_hwcfg_v081_layout_findings.json
[00:48:32] [spechunter] [Read] /home/yzs/riscv/XiangShan/errcfg_stall_violation_en_findings.json
[00:48:32] [spechunter] [Read] /home/yzs/riscv/XiangShan/hwcfg2_bit_reassignment_findings.json
[00:49:04] [spechunter] [text] Here are all the references found in the RTL codebase. All relevant code is in `ChiselIOPMP/src/main/scala/IopmpChecker....
[00:52:26] [spechunter] [text] Now let me verify the exact code at the critical locations.  
[00:52:26] [spechunter] [TodoWrite] 5 items
[00:52:37] [spechunter] [Read] /home/yzs/riscv/XiangShan/ChiselIOPMP/src/main/scala/IopmpChecker.scala
[00:52:37] [spechunter] [Read] /home/yzs/riscv/XiangShan/ChiselIOPMP/src/main/scala/IopmpChecker.scala
[00:52:37] [spechunter] [Read] /home/yzs/riscv/XiangShan/ChiselIOPMP/src/main/scala/IopmpChecker.scala
[00:52:37] [spechunter] [Read] /home/yzs/riscv/XiangShan/ChiselIOPMP/src/main/scala/IopmpChecker.scala
[00:52:37] [spechunter] [Read] /home/yzs/riscv/XiangShan/ChiselIOPMP/src/main/scala/IopmpChecker.scala
[00:52:37] [spechunter] [Read] /home/yzs/riscv/XiangShan/ChiselIOPMP/src/main/scala/IopmpChecker.scala
[00:52:37] [spechunter] [Read] /home/yzs/riscv/XiangShan/ChiselIOPMP/src/main/scala/IopmpChecker.scala
[00:52:56] [spechunter] [text] Now let me check the Ctrl module's interrupt logic and the IopmpBridge for any MSI references.  
[00:52:56] [spechunter] [Read] /home/yzs/riscv/XiangShan/ChiselIOPMP/src/main/scala/IopmpChecker.scala
[00:52:56] [spechunter] [Read] /home/yzs/riscv/XiangShan/ChiselIOPMP/src/main/scala/IopmpChecker.scala
[00:52:56] [spechunter] [Grep] pattern='msi_en|msi_sel|MSISelect|MSI'
[00:52:56] [spechunter] [Grep] pattern='msi_en|msi_sel|MSISelect|MSI'
[00:53:03] [spechunter] [text] Let me also check for any Verilog output files and the existing audit findings that might be relevant.  
[00:53:03] [spechunter] [Grep] pattern='msi_en|msi_sel'
[00:53:03] [spechunter] [Glob] **/hwcfg2_msi_en*
[00:53:03] [spechunter] [Glob] **/iopmp_hwcfg_v081*
[00:53:13] [spechunter] [text] Now let me check the existing findings file for the expected JSON format.  
[00:53:13] [spechunter] [Read] /home/yzs/riscv/XiangShan/hwcfg2_msi_en_findings.json
[00:53:27] [spechunter] [text] Let me also check the read mux and HWCFG2 write path.  
[00:53:27] [spechunter] [Read] /home/yzs/riscv/XiangShan/ChiselIOPMP/src/main/scala/IopmpChecker.scala
[00:53:27] [spechunter] [Read] /home/yzs/riscv/XiangShan/ChiselIOPMP/src/main/scala/IopmpChecker.scala
[00:53:27] [spechunter] [Read] /home/yzs/riscv/XiangShan/ChiselIOPMP/src/main/scala/IopmpChecker.scala
[00:53:32] [spechunter] [text] Let me check the Ctrl module's IO definition for the interrupt output
[00:53:32] [spechunter] [Read] /home/yzs/riscv/XiangShan/ChiselIOPMP/src/main/scala/IopmpChecker.scala
[00:53:32] [spechunter] [Read] /home/yzs/riscv/XiangShan/ChiselIOPMP/src/main/scala/IopmpChecker.scala
[00:53:37] [spechunter] [text] Let me also check the Ctrl module IO definition:</think>  
[00:53:37] [spechunter] [Read] /home/yzs/riscv/XiangShan/ChiselIOPMP/src/main/scala/IopmpChecker.scala
[00:53:37] [spechunter] [Read] /home/yzs/riscv/XiangShan/ChiselIOPMP/src/main/scala/IopmpChecker.scala
[00:53:41] [spechunter] [Read] /home/yzs/riscv/XiangShan/ChiselIOPMP/src/main/scala/IopmpChecker.scala
[00:53:59] [spechunter] [TodoWrite] 5 items
[00:55:05] [spechunter] [text] Now I have all the evidence. Let me write the findings JSON
[00:55:05] [spechunter] [Write] /home/yzs/riscv/XiangShan/iopmp_msi_en_msi_sel_findings.json
[00:55:14] [spechunter] [Bash] Validate JSON findings file
[00:55:23] [spechunter] [TodoWrite] 5 items
[00:55:33] [spechunter] [text] Findings written to `iopmp_msi_en_msi_sel_findings.json` — 13 locations in a single file, `ChiselIOPMP/src/main/scala/Io...
[00:55:59] [spechunter] [Read] /home/yzs/riscv/XiangShan/ChiselIOPMP/src/main/scala/IopmpChecker.scala
[00:55:59] [spechunter] [Read] /home/yzs/riscv/XiangShan/ChiselIOPMP/src/main/scala/IopmpChecker.scala
[00:55:59] [spechunter] [Read] /home/yzs/riscv/XiangShan/ChiselIOPMP/src/main/scala/IopmpChecker.scala
[00:56:21] [spechunter] [Read] /home/yzs/riscv/XiangShan/ChiselIOPMP/src/main/scala/IopmpChecker.scala
[00:56:21] [spechunter] [Read] /home/yzs/riscv/XiangShan/ChiselIOPMP/src/main/scala/IopmpChecker.scala
[00:56:21] [spechunter] [Read] /home/yzs/riscv/XiangShan/ChiselIOPMP/src/main/scala/IopmpChecker.scala
[00:57:08] [spechunter] [text] Now let me verify the Ctrl interrupt block more carefully and check for any other references to `msi_en` across the code...
[00:57:08] [spechunter] [Grep] pattern='msi_en'
[00:57:08] [spechunter] [Grep] pattern='msi_sel'
[00:57:45] [spechunter] [text] Let me check the Ctrl module's I/O and how it connects to the RegMap outputs more broadly.  
[00:57:45] [spechunter] [Read] /home/yzs/riscv/XiangShan/ChiselIOPMP/src/main/scala/IopmpChecker.scala
[00:57:45] [spechunter] [Grep] pattern='io\\.(int|msi|enable)'
[00:57:53] [spechunter] [Read] /home/yzs/riscv/XiangShan/ChiselIOPMP/src/main/scala/IopmpChecker.scala
[00:57:53] [spechunter] [Read] /home/yzs/riscv/XiangShan/ChiselIOPMP/src/main/scala/IopmpChecker.scala
[00:58:43] [spechunter] [Read] /home/yzs/riscv/XiangShan/ChiselIOPMP/src/main/scala/IopmpChecker.scala
[00:59:18] [spechunter] [Grep] pattern='class Ctrl'
[00:59:21] [spechunter] [Read] /home/yzs/riscv/XiangShan/ChiselIOPMP/src/main/scala/IopmpChecker.scala
[01:00:01] [spechunter] [text] Now I have enough context to cross-validate all locations. Let me compile the final review
[01:00:01] [spechunter] [Grep] pattern='hwcfg2'
[01:01:35] [spechunter] [text] Now I have a thorough understanding of the code. Let me compile the final cross-validated location set.  ```json {   "lo...
[01:02:07] [spechunter] [text] I'll search the XiangShan codebase for the relevant CSR files related to ERR_CFG, HWCFG2, and MSI handling
[01:02:07] [spechunter] [Grep] pattern='ERR_CFG|err_cfg|ErrCfg'
[01:02:07] [spechunter] [Grep] pattern='HWCFG2|hwcfg2|Hwcfg2'
[01:02:07] [spechunter] [Grep] pattern='msi_en|msi_sel|msiEn|msiSel'
[01:02:18] [spechunter] [Grep] pattern='msi_sel|msi_en|MSISel|MSIEn'
[01:02:18] [spechunter] [Grep] pattern='msi_sel|msi_en|MSISel|MSIEn'
[01:02:18] [spechunter] [Grep] pattern='msi_sel|msi_en|MSISel|MSIEn'
[01:02:32] [spechunter] [Read] /home/yzs/riscv/XiangShan/ChiselIOPMP/src/main/scala/IopmpChecker.scala
[01:02:32] [spechunter] [Grep] pattern='ERR_CFG|hwcfg2|HWCFG2|err_cfg'
[01:03:16] [spechunter] [text] Now let me look at the existing finding files and spec documents to understand the context better.  
[01:03:16] [spechunter] [Read] /home/yzs/riscv/XiangShan/iopmp_msi_en_msi_sel_findings.json
[01:03:16] [spechunter] [Read] /home/yzs/riscv/XiangShan/hwcfg2_msi_en_findings.json
[01:03:16] [spechunter] [Bash] ls /home/yzs/riscv/rv-isa-sec/spec_ref/ 2>/dev/null
[01:03:22] [spechunter] [text] Let me look at the IOPMP spec for the specific requirements
[01:03:22] [spechunter] [Bash] ls /home/yzs/riscv/rv-isa-sec/spec_ref/riscv-iopmp/
[01:03:44] [spechunter] [Grep] pattern='msi_en|msi_sel|HWCFG2|hwmcfg2'
[01:03:52] [spechunter] [Read] /home/yzs/riscv/rv-isa-sec/spec_ref/riscv-iopmp/extensions/msi.adoc
[01:03:52] [spechunter] [Read] /home/yzs/riscv/rv-isa-sec/spec_ref/riscv-iopmp/extensions/registers.adoc
[01:04:04] [spechunter] [text] Now let me also check the reference model implementation for comparison.  
[01:04:04] [spechunter] [Read] /home/yzs/riscv/rv-isa-sec/spec_ref/riscv-iopmp/iopmp_ref_model/include/iopmp_registers.h
[01:04:04] [spechunter] [Read] /home/yzs/riscv/rv-isa-sec/spec_ref/riscv-iopmp/iopmp_ref_model/src/iopmp_reg.c
[01:04:10] [spechunter] [Grep] pattern='msi_en|msi_sel|HWCFG2'
[01:04:10] [spechunter] [Grep] pattern='msi_en|msi_sel|HWCFG2|hwcfg2'
[01:04:42] [spechunter] [text] Let me also check the reference model's hwcfg2 struct to confirm the bit layout
[01:04:42] [spechunter] [Read] /home/yzs/riscv/rv-isa-sec/spec_ref/riscv-iopmp/iopmp_ref_model/include/iopmp_registers.h
[01:04:42] [spechunter] [Read] /home/yzs/riscv/rv-isa-sec/spec_ref/riscv-iopmp/iopmp_ref_model/include/iopmp_registers.h
[01:04:47] [spechunter] [text] Now let me check the reference model's write path for ERR_CFG to see how msi_sel gating works  
[01:04:47] [spechunter] [Read] /home/yzs/riscv/rv-isa-sec/spec_ref/riscv-iopmp/iopmp_ref_model/src/iopmp_reg.c
[01:05:02] [spechunter] [text] Now let me check the iopmp_interrupt.c reference model for MSI delivery logic  
[01:05:02] [spechunter] [Read] /home/yzs/riscv/rv-isa-sec/spec_ref/riscv-iopmp/iopmp_ref_model/src/iopmp_interrupt.c
[01:05:35] [spechunter] [text] Now I have a thorough understanding of the issue. Let me verify a few more specific things in the RTL before producing t...
[01:05:35] [spechunter] [Grep] pattern='peis|pees|sps_en|stall_en|mfr_en|non_prio|prio_ent_prog'
[01:07:47] [spechunter] [text] Now I have all the context needed. Let me compile the complete analysis.  ```json {   "findings": [     {       "file_pa...
