[11:16:55] [spechunter] PR loaded: #2782 riscv/riscv-isa-manual — "cfi: fix ordering of textual SSPUSH behavior, clarify ordering."
[11:16:55] [spechunter]   diff: 1486 chars  body: 1 chars  reviews: 0
[11:16:55] [spechunter] Global pre-filter running...
[11:17:02] [spechunter] [text] {"should_skip": false}
[11:17:04] [spechunter] pre-filter: should_skip=False reason=""
[11:17:24] [spechunter] [text] {"should_skip": true, "skip_reason": "User-mode CFI shadow stack instruction ordering semantics; OpenSBI runs in M-mode ...
[11:17:24] [spechunter] [text] {"should_skip": false}
[11:17:31] [spechunter] [text] {"should_skip": false}
[11:17:40] [spechunter] [text] {"should_skip": false}
[11:17:48] [spechunter] [text] {"should_skip": false, "skip_reason": "Clarifies SSPUSH/C.SSPUSH memory ordering semantics (ssp decrement vs shadow stac...
[11:18:09] [spechunter] [Agent] description, subagent_type
[11:18:13] [spechunter] [text] ```json {   "violation_condition": "Linux kernel reads ssp (via csrr) and subsequently accesses shadow stack memory at/a...
[11:18:23] [spechunter] [text] ```json {   "violation_condition": "QEMU TCG translates SSPUSH/C.SSPUSH as an atomic decrement-then-store sequence (old ...
[11:18:26] [spechunter] [TodoWrite] 4 items
[11:18:27] [spechunter] [text] ```json {   "violation_condition": "XiangShan pipeline commits ssp decrement before the shadow stack store is guaranteed...
[11:18:36] [spechunter] [Grep] pattern='SSPUSH|sspush|shadow_stack_push|gen_sspush|helper_sspush|ssp.*store|shadow.*stack.*store'
[11:18:36] [spechunter] [Grep] pattern='xSSE|x_sse|xsse'
[11:18:39] [spechunter] [Grep] pattern='ssp'
[11:18:39] [spechunter] [Grep] pattern='shadow.stack'
[11:18:39] [spechunter] [Grep] pattern='zicfiss|cfi'
[11:18:39] [spechunter] [Grep] pattern='SSPUSH'
[11:18:39] [spechunter] [Grep] pattern='shadow.stack'
[11:18:39] [spechunter] [Grep] pattern='zicfiss|zicfilp'
[11:18:44] [spechunter] [TodoWrite] 4 items
[11:18:46] [spechunter] [Agent] description, prompt
[11:18:50] [spechunter] [Agent] description, prompt
[11:18:53] [spechunter] [Grep] pattern='ssp_write|CSR_SSP.*:=|ssp_decrement|shadowStack|SSPUSH|C_SSPUSH|shadow_stack_store|ssp_update|commits.*ssp'
[11:18:53] [spechunter] [Grep] pattern='\\bSSP\\b|ssp\\b'
[11:18:53] [spechunter] [Grep] pattern='SSPUSH|C_SSPUSH|C\\.SSPUSH'
[11:18:53] [spechunter] [Grep] pattern='shadow_stack|shadowStack|ShadowStack'
[11:18:54] [spechunter] [Grep] pattern='ssp|SSPUSH|CSR_SSP'
[11:18:54] [spechunter] [Grep] pattern='csrr.*ssp|write_ssp|__read_ssp|csrw.*ssp'
[11:18:55] [spechunter] [Grep] pattern='sspush|SSPUSH|ssp_push|shadow.stack.push'
[11:18:55] [spechunter] [Grep] pattern='riscv_cfi_ssp|cfi.*ssp|ssp.*store|shadow_stack'
[11:18:55] [spechunter] [Grep] pattern='gen_sspush|helper_sspush|trans_sspush'
[11:18:59] [spechunter] [text] I've launched a background agent to search the XiangShan RTL codebase for all SSP/SSPUSH/shadow-stack related code. It's...
[11:18:59] [spechunter] [Grep] pattern='ssp|shadow_stack|cfi_ssp'
[11:18:59] [spechunter] [Grep] pattern='ssp|cfi_ssp|shadow_stack'
[11:18:59] [spechunter] [Grep] pattern='ssp|cfi|shadow_stack'
[11:19:10] [spechunter] [text] Now let me read the core implementation files.  
[11:19:10] [spechunter] [Read] /home/yzs/riscv/qemu/target/riscv/insn_trans/trans_rvzicfiss.c.inc
[11:19:10] [spechunter] [Read] /home/yzs/riscv/qemu/target/riscv/csr.c
[11:19:13] [spechunter] [Grep] pattern='\\bssp\\b'
[11:19:13] [spechunter] [Grep] pattern='\\bssp\\b'
[11:19:13] [spechunter] [Grep] pattern='shadow.stack|SSPUSH|sspush|Zicfiss|zicfiss|CFI'
[11:19:13] [spechunter] [Grep] pattern='SSP|ssp'
[11:19:13] [spechunter] [Grep] pattern='bhyve.*riscv|riscv.*bhyve'
[11:19:13] [spechunter] [Glob] sys/riscv/riscv/bhyve*
[11:19:13] [spechunter] [Grep] pattern='shadow|ssp|xsp|zicfiss'
[11:19:13] [spechunter] [Grep] pattern='cfi|zicfiss|zicfilp|shadow.stack|shadow_stk'
[11:19:13] [spechunter] [Grep] pattern='shadow.*stack|shadow_stk|zicfiss|ssp'
[11:19:13] [spechunter] [Grep] pattern='shadow.*stack|shadow_stk|zicfiss|ssp'
[11:19:18] [spechunter] [text] Let me now read the key files to get precise line ranges and function details.  
[11:19:18] [spechunter] [Read] /home/yzs/riscv/qemu/target/riscv/insn_trans/trans_rvzicfiss.c.inc
[11:19:18] [spechunter] [Read] /home/yzs/riscv/qemu/target/riscv/csr.c
[11:19:18] [spechunter] [Read] /home/yzs/riscv/qemu/target/riscv/csr.c
[11:19:18] [spechunter] [Read] /home/yzs/riscv/qemu/disas/riscv.c
[11:19:22] [spechunter] [Grep] pattern='csrr.*ssp|CSR_SSP|ssp.*csr'
[11:19:22] [spechunter] [Grep] pattern='shadow.stack|SHADOW_STACK'
[11:19:22] [spechunter] [Grep] pattern='zicfiss|ZICFISS'
[11:19:22] [spechunter] [Grep] pattern='__read_ssp|write_ssp|csr_read.*ssp|csr_write.*ssp'
[11:19:22] [spechunter] [Grep] pattern='ssp_save|ssp_restore|ssp_load|ssp_store'
[11:19:22] [spechunter] [Grep] pattern='CSR_SSTATUS.*SSP|SSP.*CSR'
[11:19:22] [spechunter] [Grep] pattern='SSPUSH|C\\.SSPUSH'
[11:19:22] [spechunter] [Grep] pattern='CONFIG_RISCV_USER_SHADOW_STACK|CONFIG_SHADOW_STACK|CONFIG_RISCV_SHADOW'
[11:19:22] [spechunter] [Grep] pattern='riscv_ssp|user_ssp'
[11:19:27] [spechunter] [text] The initial search was too noisy. Let me narrow to RISC-V-specific references.  
[11:19:27] [spechunter] [Grep] pattern='CSR_SSP\\b'
[11:19:27] [spechunter] [Grep] pattern='SSPUSH'
[11:19:27] [spechunter] [Grep] pattern='save_userssp|restore_userssp|TASK_TI_USER_SSP|USER_SSP'
[11:19:27] [spechunter] [Grep] pattern='shadow.stack|shadow_stack|Zicfiss|zicfiss'
[11:19:28] [spechunter] [text] Let me also check the remaining relevant locations - disassembler decode, op_helper xSSE, machine vmstate, and cpu_bits....
[11:19:28] [spechunter] [Read] /home/yzs/riscv/qemu/disas/riscv.c
[11:19:28] [spechunter] [Read] /home/yzs/riscv/qemu/disas/riscv.c
[11:19:28] [spechunter] [Read] /home/yzs/riscv/qemu/disas/riscv.c
[11:19:28] [spechunter] [Read] /home/yzs/riscv/qemu/target/riscv/op_helper.c
[11:19:28] [spechunter] [Read] /home/yzs/riscv/qemu/target/riscv/machine.c
[11:19:28] [spechunter] [Read] /home/yzs/riscv/qemu/target/riscv/cpu_bits.h
[11:19:33] [spechunter] [text] Now let me trace further - looking at the CPU state definition, VMState migration, and any helper functions.  
[11:19:33] [spechunter] [Grep] pattern='ssp[^a-z]|target_ulong ssp'
[11:19:33] [spechunter] [Grep] pattern='ssp'
[11:19:33] [spechunter] [Grep] pattern='helper.*sspush|sspush.*helper|ssp.*helper|helper.*ssp'
[11:19:33] [spechunter] [Grep] pattern='ssp'
[11:19:34] [spechunter] [Grep] pattern='Zicfiss|zicfiss|SSE|shadow.stack'
[11:19:34] [spechunter] [Grep] pattern='\\bssp\\b'
[11:19:34] [spechunter] [Grep] pattern='\\bssp\\b|SSP'
[11:19:45] [spechunter] [text] Let me read the key files to get precise line ranges.  
[11:19:45] [spechunter] [Read] /home/yzs/riscv/linux/arch/riscv/include/asm/csr.h
[11:19:45] [spechunter] [Read] /home/yzs/riscv/linux/arch/riscv/kernel/entry.S
[11:19:45] [spechunter] [Read] /home/yzs/riscv/linux/arch/riscv/kernel/usercfi.c
[11:19:45] [spechunter] [Read] /home/yzs/riscv/linux/arch/riscv/kernel/usercfi.c
[11:19:45] [spechunter] [Read] /home/yzs/riscv/linux/arch/riscv/kernel/asm-offsets.c
[11:19:45] [spechunter] [Grep] pattern='CSR_SSP|sspush|sspopchk|ssamoswap|usercfi|shadow.stack'
[11:19:45] [spechunter] [Grep] pattern='SSPUSH|sspush'
[11:19:51] [spechunter] [text] Let me get a few more key references.  
[11:19:51] [spechunter] [Grep] pattern='MENVCFG_SSE'
[11:19:51] [spechunter] [Grep] pattern='ext_zicfiss|bcfi_enabled'
[11:19:51] [spechunter] [Read] /home/yzs/riscv/qemu/target/riscv/cpu.h
[11:19:53] [spechunter] [text] Let me also check a few more key files.  
[11:19:53] [spechunter] [Grep] pattern='ss_ptr|user_shdw_stk|shdw_stk|shadow_stack|SSP|ssp'
[11:19:53] [spechunter] [Read] /home/yzs/riscv/linux/arch/riscv/kernel/usercfi.c
[11:19:53] [spechunter] [Read] /home/yzs/riscv/linux/arch/riscv/include/asm/usercfi.h
[11:19:53] [spechunter] [Read] /home/yzs/riscv/linux/arch/riscv/include/uapi/asm/ptrace.h
[11:19:54] [spechunter] [Read] /home/yzs/riscv/XiangShan/src/main/scala/xiangshan/backend/decode/isa/CSRs.scala
[11:19:54] [spechunter] [Grep] pattern='SSPUSH|sspopchk|ssrdp|ssamoswap|zicfiss_csrs|zicfiss_ops'
[11:19:54] [spechunter] [Grep] pattern='\\bssp\\b'
[11:19:55] [spechunter] [Grep] pattern='zicfiss|zicfilp|shadow_stack|SHADOW_STK'
[11:19:55] [spechunter] [Grep] pattern='ssp|xsp'
[11:19:55] [spechunter] [Grep] pattern='shadow|ssp'
[11:19:55] [spechunter] [Grep] pattern='shadow|ssp'
[11:19:55] [spechunter] [Grep] pattern='shadow|ssp|cfi'
[11:19:55] [spechunter] [Grep] pattern='shadow|ssp|cfi|zicfiss'
[11:19:57] [spechunter] [Read] /home/yzs/riscv/qemu/target/riscv/machine.c
[11:19:57] [spechunter] [Read] /home/yzs/riscv/qemu/target/riscv/cpu.h
[11:19:57] [spechunter] [Read] /home/yzs/riscv/qemu/target/riscv/csr.c
[11:19:57] [spechunter] [Read] /home/yzs/riscv/qemu/target/riscv/insn32.decode
[11:19:57] [spechunter] [Read] /home/yzs/riscv/qemu/target/riscv/insn16.decode
[11:20:05] [spechunter] [Read] /home/yzs/riscv/qemu/target/riscv/cpu_helper.c
[11:20:05] [spechunter] [Read] /home/yzs/riscv/qemu/target/riscv/tcg/tcg-cpu.c
[11:20:05] [spechunter] [Grep] pattern='BCFI_ENABLED'
[11:20:07] [spechunter] [text] Let me get a few more specific locations.  
[11:20:07] [spechunter] [Grep] pattern='CSR_SSP'
[11:20:07] [spechunter] [Grep] pattern='CONFIG_RISCV_USER_CFI'
[11:20:07] [spechunter] [Grep] pattern='ssp\\b|sspopchk|ssamoswap'
[11:20:07] [spechunter] [Read] /home/yzs/riscv/linux/arch/riscv/kernel/entry.S
[11:20:07] [spechunter] [Read] /home/yzs/riscv/linux/arch/riscv/kernel/entry.S
[11:20:17] [spechunter] [Read] /home/yzs/riscv/XiangShan/src/main/scala/xiangshan/backend/decode/isa/CSRs.scala
[11:20:17] [spechunter] [Grep] pattern='ssp|Ssp|SSP'
[11:20:17] [spechunter] [Grep] pattern='Zicfiss|zicfiss|CFISS|cfiss|shadow.stack|ShadowStack'
[11:20:18] [spechunter] [Grep] pattern='SS_MMU_INDEX|bcfi_enabled|BCFI_ENABLED'
[11:20:18] [spechunter] [Grep] pattern='sspush'
[11:20:18] [spechunter] [Grep] pattern='cfi_ss|read_ssp|write_ssp|CSR_SSP'
[11:20:19] [spechunter] [Grep] pattern='signal|sigcode|signal.*delivery|machine_sig'
[11:20:19] [spechunter] [Grep] pattern='ssp|shadow|cfi|zicfi'
[11:20:19] [spechunter] [Read] /home/yzs/riscv/freebsd-src/sys/riscv/riscv/swtch.S
[11:20:19] [spechunter] [Grep] pattern='shadow|ssp|cfi|zicfi'
[11:20:19] [spechunter] [Grep] pattern='signal|sigcode|sendsig'
[11:20:19] [spechunter] [Grep] pattern='shadow|ssp|cfi|zicfi'
[11:20:26] [spechunter] [Grep] pattern='ssp|SSP|shadow.stack|SHADOW_STACK|zicfiss|ZICFISS|SSPUSH'
[11:20:26] [spechunter] [Grep] pattern='ssp|SSP|shadow.stack|SHADOW_STACK|zicfiss|ZICFISS|SSPUSH'
[11:20:26] [spechunter] [Grep] pattern='ssp|SSP|shadow.stack|SHADOW_STACK|zicfiss|ZICFISS|SSPUSH'
[11:20:26] [spechunter] [Grep] pattern='ssp|SSP|shadow.stack|SHADOW_STACK|zicfiss|ZICFISS|SSPUSH'
[11:20:26] [spechunter] [Grep] pattern='ssp|SSP|shadow.stack|SHADOW_STACK|zicfiss|ZICFISS|SSPUSH'
[11:20:26] [spechunter] [Grep] pattern='ssp|SSP|shadow.stack|SHADOW_STACK|zicfiss|ZICFISS|SSPUSH'
[11:20:26] [spechunter] [Grep] pattern='ssp|SSP|shadow.stack|SHADOW_STACK|zicfiss|ZICFISS|SSPUSH'
[11:20:26] [spechunter] [Grep] pattern='ssp|SSP|shadow.stack|SHADOW_STACK|zicfiss|ZICFISS|SSPUSH'
[11:20:34] [spechunter] [Read] /home/yzs/riscv/linux/arch/riscv/kernel/signal.c
[11:20:34] [spechunter] [Grep] pattern='shstk_alloc_thread_stack|shstk_release|set_shstk_status|set_active_shstk'
[11:20:34] [spechunter] [Grep] pattern='shadow_stack|CFI_SS|ss_ptr|user_cfi'
[11:20:34] [spechunter] [Read] /home/yzs/riscv/linux/arch/riscv/kernel/head.S
[11:20:34] [spechunter] [Grep] pattern='sspopchk|shadow_stack_violation|software_check|CFI_TVAL|bcfi'
[11:20:42] [spechunter] [text] Let me also check Documentation and any additional arch code references.  
[11:20:42] [spechunter] [Grep] pattern='CSR_SSP|shadow.stack|ssp\\b'
[11:20:42] [spechunter] [Grep] pattern='riscv_vdso_cfi|vdso.*cfi'
[11:20:42] [spechunter] [Read] /home/yzs/riscv/linux/arch/riscv/kernel/usercfi.c
[11:20:43] [spechunter] [Grep] pattern='sspush|sspopchk|ssrdp'
[11:20:43] [spechunter] [Read] /home/yzs/riscv/qemu/target/riscv/tcg/tcg-cpu.c
[11:20:43] [spechunter] [Read] /home/yzs/riscv/qemu/target/riscv/csr.c
[11:20:45] [spechunter] [Grep] pattern='SSE|Zicfiss|shadow.stack|ssp'
[11:20:45] [spechunter] [Grep] pattern='0x11|CSR.*ssp|ssp.*CSR'
[11:20:45] [spechunter] [Grep] pattern='\\bssp\\b'
[11:20:51] [spechunter] [Grep] pattern='shadow|ssp|cfi|zicfi'
[11:20:51] [spechunter] [Grep] pattern='shadow|ssp|cfi|zicfi'
[11:20:51] [spechunter] [Grep] pattern='zicfiss|zicfilp|shadow_stack|SHADOW'
[11:20:51] [spechunter] [Grep] pattern='shadow|ssp|cfi|zicfi'
[11:20:51] [spechunter] [Grep] pattern='exec_setregs|machine_sig|sendsig|sigcode'
[11:20:51] [spechunter] [Read] /home/yzs/riscv/freebsd-src/sys/riscv/riscv/elf_machdep.c
[11:20:55] [spechunter] [text] Let me also check for instruction decoder references and the `SSE` CSR field context more fully.  
[11:20:55] [spechunter] [Grep] pattern='SSE|menvcfg|Menvcfg'
[11:20:55] [spechunter] [Grep] pattern='SSPUSH|sspush|Sspush|zicfiss'
[11:20:55] [spechunter] [Grep] pattern='ssp|SSP'
[11:21:01] [spechunter] [Read] /home/yzs/riscv/qemu/target/riscv/csr.c
[11:21:01] [spechunter] [Read] /home/yzs/riscv/qemu/target/riscv/csr.c
[11:21:01] [spechunter] [Read] /home/yzs/riscv/qemu/target/riscv/csr.c
[11:21:10] [spechunter] [text] Now let me check one more file.  
[11:21:10] [spechunter] [Grep] pattern='SS_MMU_INDEX'
[11:21:10] [spechunter] [Read] /home/yzs/riscv/freebsd-src/sys/riscv/riscv/exec_machdep.c
[11:21:10] [spechunter] [Grep] pattern='ssp|xsp|shadow|zicfiss'
[11:21:10] [spechunter] [Glob] *
[11:21:10] [spechunter] [Grep] pattern='shadow|ssp|cfi|zicfi'
[11:21:10] [spechunter] [Grep] pattern='CSR_M|CSR_S'
[11:21:12] [spechunter] [text] Now I have a complete picture. Let me also check if there are any test references.  
[11:21:12] [spechunter] [Grep] pattern='\\bssp\\b|SSPUSH|shadow.stack|Zicfiss'
[11:21:12] [spechunter] [Grep] pattern='menvcfg|Menvcfg|MENVCFG'
[11:21:15] [spechunter] [Read] /home/yzs/riscv/qemu/target/riscv/insn32.decode
[11:21:15] [spechunter] [Read] /home/yzs/riscv/qemu/target/riscv/insn16.decode
[11:21:16] [spechunter] [text] Now let me check the TCG CPU flags setup and look for KVM and GDB paths.  
[11:21:16] [spechunter] [Read] /home/yzs/riscv/qemu/target/riscv/tcg/tcg-cpu.c
[11:21:16] [spechunter] [Grep] pattern='zicfiss|ssp|shadow_stack'
[11:21:16] [spechunter] [Grep] pattern='ssp|shadow_stack'
[11:21:16] [spechunter] [Grep] pattern='RISCV_UW2_ALWAYS_STORE_AMO|decode_save_opc'
[11:21:21] [spechunter] [Grep] pattern='ssp|SSP|shadow.stack|SHADOW_STACK|zicfiss|ZICFISS'
[11:21:21] [spechunter] [Grep] pattern='ssp|SSP|shadow.stack|SHADOW_STACK|zicfiss|ZICFISS'
[11:21:21] [spechunter] [Grep] pattern='ssp|SSP|shadow.stack|SHADOW_STACK|zicfiss|ZICFISS'
[11:21:21] [spechunter] [Grep] pattern='ssp|SSP|shadow.stack|SHADOW_STACK|zicfiss|ZICFISS'
[11:21:21] [spechunter] [Grep] pattern='ssp|SSP|shadow.stack|SHADOW_STACK|zicfiss|ZICFISS'
[11:21:21] [spechunter] [Grep] pattern='ssp|SSP|shadow.stack|SHADOW_STACK|zicfiss'
[11:21:21] [spechunter] [Grep] pattern='ssp|SSP|shadow.stack|SHADOW_STACK|zicfiss|ZICFISS'
[11:21:21] [spechunter] [Grep] pattern='ssp|SSP|shadow.stack|SHADOW_STACK|zicfiss|ZICFISS'
[11:21:21] [spechunter] [Grep] pattern='ssp|SSP|shadow.stack|SHADOW_STACK|zicfiss|ZICFISS'
[11:21:24] [spechunter] [Read] /home/yzs/riscv/qemu/target/riscv/cpu_helper.c
[11:21:24] [spechunter] [Grep] pattern='RISCV_UW2_ALWAYS_STORE_AMO|excp_uw2'
[11:21:24] [spechunter] [Grep] pattern='cpu_get_bcfien'
[11:21:40] [spechunter] [Grep] pattern='#define.*CSR'
[11:21:40] [spechunter] [Read] /home/yzs/riscv/freebsd-src/sys/riscv/include/pcb.h
[11:21:40] [spechunter] [Grep] pattern='CSR|csr'
[11:21:40] [spechunter] [Grep] pattern='CSR|csr.*rw|csr.*emu|csr.*mask'
[11:21:40] [spechunter] [Grep] pattern='zicfiss|zicfilp|shadow|ssp|CFI|isa_ext|extension.*string'
[11:21:40] [spechunter] [Grep] pattern='shadow|ssp|cfi|zicfi'
[11:21:44] [spechunter] [text] Now I have a clear picture. Here is the comprehensive result.  Key finding: The `ssp` references in this codebase are ov...
[11:21:56] [spechunter] [text] Now I have a complete picture. Let me compile the results.  ```json {   "locations": [     {       "file_path": "arch/ri...
[11:21:59] [spechunter] [Read] /home/yzs/riscv/qemu/target/riscv/translate.c
[11:22:02] [spechunter] [Grep] pattern='MMU_IDX_SS_WRITE'
[11:22:06] [spechunter] [Grep] pattern='shadow|SHADOW|PROT'
[11:22:06] [spechunter] [Grep] pattern='shadow_stack|SHADOW_STK'
[11:22:06] [spechunter] [Grep] pattern='shadow|SHADOW|GNUCET|GNU_PROPERTY.*CFI|riscv.*feature'
[11:22:06] [spechunter] [Grep] pattern='shadow_stack|SHADOW_STK'
[11:22:06] [spechunter] [Grep] pattern='elf_hwcap|hwcap'
[11:22:06] [spechunter] [Grep] pattern='elf_hwcap|hwcap'
[11:22:07] [spechunter] [Read] /home/yzs/riscv/qemu/target/riscv/cpu_helper.c
[11:22:07] [spechunter] [Read] /home/yzs/riscv/qemu/target/riscv/cpu_helper.c
[11:22:16] [spechunter] [Grep] pattern='ssp|SSP|shadow.stack|SHADOW_STACK|zicfiss|ZICFISS|SSPUSH|csrw|csrr'
[11:22:16] [spechunter] [Grep] pattern='.*'
[11:22:16] [spechunter] [Grep] pattern='ZICFISS|zicfiss|shadow|ssp|SSP'
[11:22:16] [spechunter] [Grep] pattern='ZICFISS|zicfiss|shadow|ssp|SSP'
[11:22:16] [spechunter] [Grep] pattern='ZICFISS|zicfiss|shadow|ssp|SSP|CFI'
[11:22:16] [spechunter] [Grep] pattern='SHADOW_STACK|shadow_stack|ssp|SSP'
[11:22:16] [spechunter] [Grep] pattern='SHADOW_STACK|shadow_stack'
[11:22:16] [spechunter] [Grep] pattern='ZICFISS'
[11:22:16] [spechunter] [Grep] pattern='SHADOW_STACK|shadow_stack'
[11:22:22] [spechunter] [Read] /home/yzs/riscv/freebsd-src/sys/riscv/riscv/identcpu.c
[11:22:22] [spechunter] [Grep] pattern='CSR|csr'
[11:22:22] [spechunter] [Grep] pattern='CSR|csr'
[11:22:22] [spechunter] [Grep] pattern='GNU_PROPERTY.*RISCV|riscv.*feature.*1|NOTEABI'
[11:22:22] [spechunter] [Grep] pattern='shadow|ssp|cfi|zicfi|signal'
[11:22:22] [spechunter] [Read] /home/yzs/riscv/freebsd-src/sys/riscv/riscv/sigtramp.S
[11:22:30] [spechunter] [Grep] pattern='GNU_PROPERTY|NOTEABI|feature|shadow|cfi'
[11:22:30] [spechunter] [Read] /home/yzs/riscv/freebsd-src/sys/riscv/include/elf.h
[11:22:30] [spechunter] [Read] /home/yzs/riscv/freebsd-src/sys/riscv/include/frame.h
[11:22:30] [spechunter] [Read] /home/yzs/riscv/freebsd-src/sys/riscv/vmm/riscv.h
[11:22:35] [spechunter] [Read] /home/yzs/riscv/linux/tools/testing/selftests/riscv/cfi/shadowstack.h
[11:22:35] [spechunter] [Read] /home/yzs/riscv/linux/tools/testing/selftests/riscv/cfi/shadowstack.c
[11:22:35] [spechunter] [Read] /home/yzs/riscv/linux/tools/testing/selftests/riscv/cfi/cfi_rv_test.h
[11:22:35] [spechunter] [Read] /home/yzs/riscv/linux/tools/testing/selftests/riscv/cfi/cfitests.c
[11:22:35] [spechunter] [Read] /home/yzs/riscv/linux/tools/testing/selftests/riscv/cfi/Makefile
[11:23:04] [spechunter] [text] Now let me look at the wider context - the TCG CPU flags function, the MMU index for shadow stack, and check if there ar...
[11:23:04] [spechunter] [Read] /home/yzs/riscv/qemu/target/riscv/tcg/tcg-cpu.c
[11:23:04] [spechunter] [Read] /home/yzs/riscv/qemu/target/riscv/cpu_helper.c
[11:23:04] [spechunter] [Grep] pattern='MMU_IDX_SS_WRITE'
[11:23:12] [spechunter] [Grep] pattern='#define.*CSR_S'
[11:23:12] [spechunter] [Grep] pattern='#define.*CSR_M'
[11:23:12] [spechunter] [Grep] pattern='RISCV|riscv|GNU_PROPERTY'
[11:23:12] [spechunter] [Grep] pattern='shadow|ssp'
[11:23:12] [spechunter] [Grep] pattern='shadow|ssp'
[11:23:12] [spechunter] [Grep] pattern='shadow_stack|SHADOW_STK'
[11:23:13] [spechunter] [Grep] pattern='ssamoswap|sspopchk|SHSTK|sspush'
[11:23:13] [spechunter] [Grep] pattern='trape_cfi|handle_cfi|cpu_supports_shadow_stack|set_active_shstk|is_shstk_enabled|get_active_shstk|set_shstk_base|get_shstk_base|calc_shstk_size|is_shstk_allocated|is_shstk_locked|set_shstk_status|is_user_shstk_enabled'
[11:23:13] [spechunter] [Grep] pattern='_cfiss_validate|riscv_cfiss_validate|riscv_nousercfi|CMDLINE_DISABLE_RISCV'
[11:23:13] [spechunter] [Grep] pattern='CONFIG_RISCV_USER_CFI'
[11:23:13] [spechunter] [Grep] pattern='riscv_zicfiss_sc_size|__sc_riscv_cfi_state|save_cfiss_state|__restore_cfiss_state|RISCV_ZICFISS_MAGIC'
[11:23:13] [spechunter] [Grep] pattern='SHADOW_STACK|shadow_stack'
[11:23:13] [spechunter] [text] ```json {   "locations": [     {       "file_path": "target/riscv/insn_trans/trans_rvzicfiss.c.inc",       "function_nam...
[11:23:34] [spechunter] [text] The background agent completed but its output was too large. Let me search directly with targeted queries.  
[11:23:34] [spechunter] [Grep] pattern='SSPUSH|sspush|SSP_SSPUSH'
[11:23:34] [spechunter] [Grep] pattern='shadow.?[Ss]tack|shadowStack|ShadowStack'
[11:23:34] [spechunter] [Grep] pattern='CSR.*[Ss]sp|ssp.*CSR|[.]ssp\\b|ssp_decrement|ssp_update|ssp_increment'
[11:23:34] [spechunter] [Grep] pattern='zicfiss|Zicfiss|CFI|cfi'
[11:23:36] [spechunter] [Grep] pattern='CSR_|define\\s+\\S*CSR'
[11:23:36] [spechunter] [Grep] pattern='GNU_PROPERTY_RISCV|riscv.*feature'
[11:23:36] [spechunter] [Grep] pattern='GNU_PROPERTY_RISCV_FEATURE_1'
[11:23:36] [spechunter] [Grep] pattern='shadow|ssp|cfi|zicfi'
[11:23:36] [spechunter] [Grep] pattern='shadow|ssp|cfi|zicfi'
[11:23:36] [spechunter] [Grep] pattern='#define.*SSTATUS'
[11:23:43] [spechunter] [Grep] pattern='ssp|SSP|shadow.stack|SHADOW_STACK|zicfiss|ZICFISS|save_user_shstk|restore_user_shstk'
[11:23:43] [spechunter] [Grep] pattern='user_cfi_state|cfi.state|CFI'
[11:23:43] [spechunter] [Grep] pattern='.*'
[11:23:43] [spechunter] [Grep] pattern='CFI|SHADOW|shadow'
[11:23:43] [spechunter] [Grep] pattern='CFI|VDSO_CFI'
[11:23:43] [spechunter] [Grep] pattern='.*'
[11:23:43] [spechunter] [Grep] pattern='CFI|VDSO_CFI'
[11:23:43] [spechunter] [Grep] pattern='CFI|VDSO_CFI|zicfiss|ZICFISS'
[11:23:58] [spechunter] [Grep] pattern='shadow.?[Ss]tack|shadowStack|ShadowStack|ssp|SSP'
[11:23:58] [spechunter] [Grep] pattern='0x011|CSR.*Ssp|Ssp.*Addr|ssp.*addr'
[11:23:58] [spechunter] [Grep] pattern='zicfiss|Zicfiss|CFI_LP|CFI_SS|cfi_lp|cfi_ss'
[11:23:59] [spechunter] [Grep] pattern='shstk|SHSTK|SHADOW_STACK'
[11:23:59] [spechunter] [Grep] pattern='shstk|SHSTK|SHADOW_STACK'
[11:23:59] [spechunter] [Read] /home/yzs/riscv/linux/arch/riscv/include/asm/usercfi.h
[11:23:59] [spechunter] [Grep] pattern='zicfiss|ZICFISS'
[11:24:08] [spechunter] [text] Let me dig deeper into the CSR definitions and the NewCSR directory for any SSP-related registers.  
[11:24:08] [spechunter] [Bash] List NewCSR directory contents
[11:24:09] [spechunter] [Grep] pattern='SSP|ssp|ShadowStack|shadow_stack'
[11:24:22] [spechunter] [Grep] pattern='RISCV|riscv'
[11:24:22] [spechunter] [Grep] pattern='isa.*string|ISA|isa_ext'
[11:24:22] [spechunter] [Grep] pattern='parse_ext_s|parse_ext_z'
[11:24:22] [spechunter] [Grep] pattern='shadow|ssp|cfi'
[11:24:22] [spechunter] [Grep] pattern='parse_ext_s|parse_ext_z'
[11:24:24] [spechunter] [text] Let me check broader patterns - the SSP CSR may not be implemented yet. Let me search for the CFI spec document and any ...
[11:24:24] [spechunter] [Grep] pattern='0x011|ssp|zicfiss'
[11:24:24] [spechunter] [Glob] **/unpriv-cfi*
[11:24:24] [spechunter] [Grep] pattern='ssp|shadow|zicfiss|sspush'
[11:24:35] [spechunter] [Read] /home/yzs/riscv/freebsd-src/sys/riscv/riscv/identcpu.c
[11:24:35] [spechunter] [Grep] pattern='zicfiss'
[11:24:35] [spechunter] [Grep] pattern='zicfiss|shadow|ssp'
[11:24:35] [spechunter] [Read] /home/yzs/riscv/freebsd-src/sys/riscv/riscv/swtch.S
[11:24:39] [spechunter] [text] Let me check the output format by reading one of the existing analysis JSON files.  
[11:24:39] [spechunter] [Read] /home/yzs/riscv/qemu/analysis_zicfiss_sse_cascade.json
[11:24:39] [spechunter] [Grep] pattern='helper_ssamoswap_disabled|gen_helper_ssamoswap'
[11:24:39] [spechunter] [Grep] pattern='ssp'
[11:24:43] [spechunter] [text] Found key files. Let me read them in detail.  
[11:24:43] [spechunter] [Read] /home/yzs/riscv/XiangShan/src/main/scala/xiangshan/backend/decode/isa/CSRs.scala
[11:24:43] [spechunter] [Read] /home/yzs/riscv/XiangShan/src/main/scala/xiangshan/backend/decode/isa/CSRs.scala
[11:25:16] [spechunter] [text] Now let me search for the instruction definitions for SSPUSH and check the execute units.    
[11:25:16] [spechunter] [Grep] pattern='sspush|sspop|ssload|ssmove|ssrdp'
[11:25:16] [spechunter] [Grep] pattern='zicfiss|Zicfiss|SSE|menvcfg.*SSE|sse'
[11:25:40] [spechunter] [text] Let me check the instruction decoder tables and the Unprivileged CSR implementation.  
[11:25:40] [spechunter] [Read] /home/yzs/riscv/XiangShan/src/main/scala/xiangshan/backend/fu/NewCSR/Unprivileged.scala
[11:25:40] [spechunter] [Grep] pattern='ssp|SSP'
[11:25:40] [spechunter] [Grep] pattern='0x011|0x11'
[11:25:47] [spechunter] [text] Let me search more broadly — the SSP register might be defined at address 0x011, and I need to check instruction tables ...
[11:25:47] [spechunter] [Grep] pattern='0x011|CSRs.ssp'
[11:25:47] [spechunter] [Read] /home/yzs/riscv/XiangShan/src/main/scala/xiangshan/backend/fu/NewCSR/NewCSR.scala
[11:26:01] [spechunter] [Grep] pattern='ssp|SSP|Ssp'
[11:26:01] [spechunter] [Grep] pattern='ssp|SSP|Ssp'
[11:26:01] [spechunter] [Grep] pattern='ssp|SSP|Ssp'
[11:26:18] [spechunter] [Grep] pattern='sspush|sspop|ssload|ssmove|ssrdp|cfi|zicfiss|shadow.stack'
[11:26:18] [spechunter] [Grep] pattern='ssp|SSP|shadow'
[11:26:18] [spechunter] [Grep] pattern='IsSSPUSH|isSSPUSH|SSPUSH|isCsspush|C_SSPUSH'
[11:26:30] [spechunter] [text] Let me check the CSR files and the decode table more thoroughly.  
[11:26:30] [spechunter] [Grep] pattern='ssp|SSP|shadow'
[11:26:30] [spechunter] [Grep] pattern='ssp|SSP|shadow'
[11:26:30] [spechunter] [Grep] pattern='ssp|SSP|shadow'
[11:26:33] [spechunter] [text] Now let me examine the FreeBSD RISC-V signal delivery code more closely to understand how an eventual shadow stack imple...
[11:26:33] [spechunter] [Read] /home/yzs/riscv/freebsd-src/sys/riscv/riscv/exec_machdep.c
[11:26:33] [spechunter] [Read] /home/yzs/riscv/freebsd-src/sys/riscv/include/pcb.h
[11:26:33] [spechunter] [Read] /home/yzs/riscv/freebsd-src/sys/riscv/riscv/swtch.S
[11:26:55] [spechunter] [text] Let me check the old CSR.scala for any SSP mapping and also check if there's any decode table with SSPUSH.    
[11:26:55] [spechunter] [Grep] pattern='0x011|ssp|SSP|Ssp'
[11:26:55] [spechunter] [Grep] pattern='sspush|sspop|shadow|cfi|zicfiss'
[11:27:10] [spechunter] [text] Let me check the spec file mentioned in the PR and look at the full CSR mapping and decode tables.  
[11:27:10] [spechunter] [Glob] **/*cfi*
[11:27:10] [spechunter] [Grep] pattern='MaskedRegMap|mapping.*:.*Seq'
[11:27:10] [spechunter] [Bash] List decode ISA directory
[11:27:14] [spechunter] [TodoWrite] 4 items
[11:27:18] [spechunter] [Grep] pattern='MaskedRegMap\\(.*0x0*1[0-9a-fA-F].*\\)'
[11:27:18] [spechunter] [Read] /home/yzs/riscv/XiangShan/src/main/scala/xiangshan/backend/fu/CSR.scala
[11:27:27] [spechunter] [text] Now let me trace the critical semantic patterns. I need to read the key files where SSP is read and subsequently used to...
[11:27:27] [spechunter] [TodoWrite] 4 items
[11:27:50] [spechunter] [text] Let me read the critical kernel files to trace the semantic patterns.  
[11:27:50] [spechunter] [Read] /home/yzs/riscv/linux/arch/riscv/kernel/entry.S
[11:27:50] [spechunter] [Read] /home/yzs/riscv/linux/arch/riscv/kernel/usercfi.c
[11:27:50] [spechunter] [Read] /home/yzs/riscv/linux/arch/riscv/kernel/signal.c
[11:27:58] [spechunter] [text] Let me check a few more paths — CPU reset init and the decode files.  
[11:27:58] [spechunter] [Grep] pattern='ssp\\s*=\\s*0|env->ssp'
[11:27:58] [spechunter] [Read] /home/yzs/riscv/qemu/target/riscv/csr.c
[11:28:05] [spechunter] [text] Let me verify the full CSR mapping to confirm SSP is indeed not implemented.  
[11:28:05] [spechunter] [Grep] pattern='MaskedRegMap\\(Ssp|MaskedRegMap\\(0x11|MaskedRegMap\\(0x011'
[11:28:05] [spechunter] [Grep] pattern='mapping\\b.*='
[11:28:09] [spechunter] [text] ```json {   "violation_condition": "In the FreeBSD kernel, any code that reads the ssp CSR (0x011) to capture a thread's...
[11:28:13] [spechunter] [text] Let me check both the full CSR mapping and the decode instruction tables.  
[11:28:13] [spechunter] [Read] /home/yzs/riscv/XiangShan/src/main/scala/xiangshan/backend/fu/CSR.scala
[11:28:13] [spechunter] [Grep] pattern='basicPrivMapping'
[11:28:13] [spechunter] [Glob] **/Instr*
[11:28:28] [spechunter] [Grep] pattern='ssp|SSPUSH|SSPOPCHK'
[11:28:28] [spechunter] [Grep] pattern='ssp|SSPUSH|SSPOPCHK'
[11:28:28] [spechunter] [Grep] pattern='ssp|SSPUSH|SSPOPCHK'
[11:28:28] [spechunter] [Grep] pattern='ssp|SSPUSH|SSPOPCHK'
[11:28:29] [spechunter] [text] Let me read the ptrace code and the process.c paths for more context.  
[11:28:29] [spechunter] [Read] /home/yzs/riscv/linux/arch/riscv/kernel/ptrace.c
[11:28:29] [spechunter] [Read] /home/yzs/riscv/linux/arch/riscv/kernel/process.c
[11:28:29] [spechunter] [Read] /home/yzs/riscv/linux/arch/riscv/kernel/process.c
[11:28:30] [spechunter] [Read] /home/yzs/riscv/XiangShan/src/main/scala/xiangshan/backend/fu/CSR.scala
[11:28:30] [spechunter] [Grep] pattern='sspush|sspop|ssload|cfi|zicfiss|shadow'
[11:28:36] [spechunter] [TodoWrite] 4 items
[11:28:55] [spechunter] [text] Now I have a complete picture. Let me also verify there's no SSP anywhere in the NewCSR implementation - the newer CSR f...
[11:28:55] [spechunter] [Grep] pattern='0x011|Ssp|ssp|shadow'
[11:28:55] [spechunter] [Read] /home/yzs/riscv/XiangShan/src/main/scala/xiangshan/backend/decode/isa/CSRs.scala
[11:28:55] [spechunter] [Grep] pattern='ssp|SSP|shadow.?stack'
[11:28:55] [spechunter] [Grep] pattern='0x011|ssp'
[11:28:55] [spechunter] [Grep] pattern='cpu_switch|savectx|sendsig|fork'
[11:29:09] [spechunter] [text] The broad grep had many false positives. Let me focus on the RISC-V specific source files and CSR definitions.  
[11:29:09] [spechunter] [Read] /home/yzs/riscv/freebsd-src/sys/riscv/riscv/swtch.S
[11:29:09] [spechunter] [Read] /home/yzs/riscv/freebsd-src/sys/riscv/include/pcb.h
[11:29:09] [spechunter] [Read] /home/yzs/riscv/freebsd-src/sys/riscv/riscv/vm_machdep.c
[11:29:11] [spechunter] [text] The initial broad searches returned only noise (isspace, passphrase, etc.). Let me narrow the search to RISC-V shadow st...
[11:29:11] [spechunter] [Grep] pattern='SSPUSH|SSPOPCHK|sspush|sspopchk'
[11:29:11] [spechunter] [Grep] pattern='shadow_stack|shadow stack|CFI.*shadow|ssp.*csr|CSR_SSP|ssp_csr'
[11:29:11] [spechunter] [Grep] pattern='0x011|0x011\\b'
[11:29:11] [spechunter] [Grep] pattern='zicfiss|ZICFISS|zicfilp|ZICFILP|cfi_ss|cfiss'
[11:29:14] [spechunter] [text] Now I have a complete picture. Let me also verify the NewCSR.scala to check if there's any SSP module in the newer CSR f...
[11:29:14] [spechunter] [Grep] pattern='SeqMap|CSRModule|Map\\('
[11:29:14] [spechunter] [Grep] pattern='ssp'
[11:29:16] [spechunter] [text] Now I have a thorough understanding. Let me also check for the spec reference to understand the new ordering requirement...
[11:29:16] [spechunter] [Glob] **/unpriv-cfi*
[11:29:16] [spechunter] [Grep] pattern='tcg_gen|decode_save_opc'
[11:29:39] [spechunter] [text] Let me check a few more patterns to ensure completeness.  
[11:29:39] [spechunter] [Grep] pattern='savectx.*ssp|pcb.*ssp|ssp.*pcb|cpu_switch.*ssp|sendsig.*ssp|fork.*shadow|shadow.*fork'
[11:29:39] [spechunter] [Grep] pattern='csr_read.*011|CSR_SSP|ssp\\b'
[11:29:39] [spechunter] [Grep] pattern='SSP_SAVE|shadow_stack|zicfiss|zicfilp|CFI'
[11:29:43] [spechunter] [text] Now let me search specifically for CSR definitions and any shadow-stack or ssp related code in the RISC-V register heade...
[11:29:43] [spechunter] [Read] /home/yzs/riscv/freebsd-src/sys/riscv/include/riscvreg.h
[11:29:43] [spechunter] [Read] /home/yzs/riscv/freebsd-src/sys/riscv/riscv/exec_machdep.c
[11:29:43] [spechunter] [Read] /home/yzs/riscv/freebsd-src/sys/riscv/riscv/elf_machdep.c
[11:29:45] [spechunter] [text] Let me look at how CSR reads work (for `ssp` visibility) and the commit-time CSR update mechanism, which is where the or...
[11:29:45] [spechunter] [Grep] pattern='robCommit|fromRob|commit'
[11:29:45] [spechunter] [Grep] pattern='HasRobCommitBundle'
[11:29:45] [spechunter] [Grep] pattern='store.*commit|commit.*store|storeQueue|store_queue'
[11:29:48] [spechunter] [text] Now let me read the full entry path to understand ordering context, and also look for any barrier instructions near SSP ...
[11:29:48] [spechunter] [Read] /home/yzs/riscv/linux/arch/riscv/kernel/entry.S
[11:29:48] [spechunter] [Read] /home/yzs/riscv/linux/arch/riscv/kernel/entry.S
[11:29:56] [spechunter] [text] Let me check for any dtrace or machine-dependent references to ssp as a CSR register.  
[11:29:56] [spechunter] [Grep] pattern='ssp'
[11:29:56] [spechunter] [Grep] pattern='ssp'
[11:29:56] [spechunter] [Grep] pattern='ssp|cfi|shadow_stack'
[11:29:56] [spechunter] [Glob] sys/riscv/**/*.c
[11:30:06] [spechunter] [Read] /home/yzs/riscv/freebsd-src/sys/riscv/include/asm.h
[11:30:06] [spechunter] [Grep] pattern='ssp|cfi|shadow'
[11:30:10] [spechunter] [text] Now let me search for any shadow-stack, CFI, or Zicfiss-related code in the broader kernel.  
[11:30:10] [spechunter] [Grep] pattern='shadow.?stack|shadow_stack|SHADOW_STACK|zicfiss|Zicfiss|CFI'
[11:30:10] [spechunter] [Grep] pattern='csr_read|CSR_SSP|CSR_S|ssp|0x011'
[11:30:10] [spechunter] [Grep] pattern='fence|FENCE|sfence'
[11:30:20] [spechunter] [text] Let me check the encoding.h file for any ssp CSR definition, and the trap.c for trap handling that might involve shadow ...
[11:30:20] [spechunter] [Grep] pattern='ssp|SSP|CSR_S|<0x011|zicfiss|shadow|CFI'
[11:30:20] [spechunter] [Read] /home/yzs/riscv/freebsd-src/sys/riscv/riscv/trap.c
[11:30:22] [spechunter] [text] Now I have a thorough understanding of the entire SSPUSH implementation chain. Let me produce the final analysis.  
[11:30:22] [spechunter] [TodoWrite] 4 items
[11:30:32] [spechunter] [text] The search is complete. The `ssp` CSR register, `SSPUSH`/`SSPOPCHK` instructions, and Zicfiss shadow stack support exist...
[11:30:36] [spechunter] [text] Let me verify whether there are actual Zicfiss/SSPUSH instruction implementations in the codebase that the fast-path mis...
[11:30:36] [spechunter] [Grep] pattern='(?i)(sspush|zicfiss|shadow.stack|cfi)'
[11:30:36] [spechunter] [Grep] pattern='SSPUSH'
[11:30:44] [spechunter] [text] Let me now look at the broader kernel for ptrace, fork, and signal paths related to context saving, and check the trapfr...
[11:30:44] [spechunter] [Read] /home/yzs/riscv/freebsd-src/sys/riscv/include/frame.h
[11:30:44] [spechunter] [Grep] pattern='ptrace|PT_GET|PT_SET|fill_regs|set_regs|get_mcontext|set_mcontext'
[11:30:44] [spechunter] [Grep] pattern='cpu_fork|cpu_switch|sendsig|savectx|makectx'
[11:31:13] [spechunter] [Grep] pattern='(?i)zicfiss'
[11:31:13] [spechunter] [Grep] pattern='SSPUSH|sspush'
[11:31:14] [spechunter] [text] Let me also check the bhyve/vmm paths and the signal handling paths more deeply.  
[11:31:14] [spechunter] [Grep] pattern='sendsig|sv_sendsig|tdsendsignal'
[11:31:14] [spechunter] [Grep] pattern='ssp|shadow.?stack|zicfiss|cfi.*shadow'
[11:31:14] [spechunter] [Grep] pattern='ssp|shadow.?stack|zicfiss|cfi.*shadow'
[11:31:24] [spechunter] [text] Now let me look at KVM paths and also the signal context path where SSP is used to access shadow stack. Let me also chec...
[11:31:24] [spechunter] [Agent] description, prompt
[11:31:52] [spechunter] [text] Now let me look at the VMM context switching and check if the `encoding.h` has any ssp-related definitions at all.  
[11:31:52] [spechunter] [Read] /home/yzs/riscv/freebsd-src/sys/riscv/include/encoding.h
[11:31:52] [spechunter] [Grep] pattern='0x011|CSR_0x011|ssp'
[11:31:52] [spechunter] [Read] /home/yzs/riscv/freebsd-src/sys/riscv/vmm/vmm_riscv.c
[11:31:53] [spechunter] [text] Now let me verify the RAS `ssp` field is indeed about branch prediction, not Zicfiss.  
[11:31:53] [spechunter] [Read] /home/yzs/riscv/XiangShan/src/main/scala/xiangshan/frontend/bpu/ras/Bundles.scala
[11:31:53] [spechunter] [Read] /home/yzs/riscv/XiangShan/src/main/scala/xiangshan/backend/decode/isa/CSRs.scala
[11:31:55] [spechunter] [Grep] pattern='CSR_SSP|ssp\\b|shadow_stack|shstk|ssamoswap|sspopchk|sspush'
[11:31:55] [spechunter] [Grep] pattern='CSR_SSP|ssamoswap|sspopchk|sspush|shadow_stack|shstk'
[11:31:55] [spechunter] [Grep] pattern='csr_ssp|CSR_SSP'
[11:31:55] [spechunter] [Grep] pattern='ssamoswap|sspopchk|sspush'
[11:31:55] [spechunter] [Glob] arch/riscv/kernel/signal.c
[11:31:55] [spechunter] [Grep] pattern='get_active_shstk|shstk'
[11:32:11] [spechunter] [text] Let me check where `ssp` CSR constant is used in the decode logic and whether there are any SSPUSH/SSPOPCHK decode entri...
[11:32:11] [spechunter] [Grep] pattern='\\bssp\\b'
[11:32:11] [spechunter] [Grep] pattern='CSRs\\.ssp'
[11:32:23] [spechunter] [Read] /home/yzs/riscv/linux/arch/riscv/kernel/signal.c
[11:32:23] [spechunter] [Read] /home/yzs/riscv/linux/arch/riscv/kernel/usercfi.c
[11:32:23] [spechunter] [Read] /home/yzs/riscv/linux/arch/riscv/kernel/entry.S
[11:32:23] [spechunter] [Grep] pattern='CSR_SSP'
[11:32:23] [spechunter] [Grep] pattern='fence|RISCV_FENCE|RISCV_FENCE_I|mb\\(\\)|rmb\\(\\)|wmb\\(\\)|barrier\\(\\)|sfence'
[11:32:23] [spechunter] [Grep] pattern='fence|RISCV_FENCE|RISCV_FENCE_I|mb\\(\\)|rmb\\(\\)|wmb\\(\\)|barrier\\(\\)|sfence'
[11:32:36] [spechunter] [text] Now let me also check if there are any references to future CFI/shadow-stack support or any TODO markers.  
[11:32:36] [spechunter] [Grep] pattern='zicfiss|ssp|shadow.?stack|cfi.*shadow|sspopchk|sspush'
[11:32:36] [spechunter] [Grep] pattern='0x011'
[11:32:39] [spechunter] [text] Now let me verify the RasStack `ssp` field context to confirm the naming collision.  
[11:32:39] [spechunter] [Read] /home/yzs/riscv/XiangShan/src/main/scala/xiangshan/frontend/bpu/ras/RasStack.scala
[11:32:39] [spechunter] [Read] /home/yzs/riscv/XiangShan/src/main/scala/xiangshan/backend/decode/isa/CSRs.scala
[11:32:39] [spechunter] [Read] /home/yzs/riscv/XiangShan/src/main/scala/xiangshan/backend/fu/NewCSR/CSRBundles.scala
[11:32:41] [spechunter] [Grep] pattern='CSR_SSP|csr_ssp'
[11:32:41] [spechunter] [Grep] pattern='CSR_SSP|ssp|shadow_stack|shstk'
[11:32:41] [spechunter] [Grep] pattern='SSP'
[11:32:41] [spechunter] [Grep] pattern='csr_read|csr_write|csr_swap|csrr[s|w]?|asm.*volatile.*\\\\.long|asm.*volatile.*\\\\\\"csr'
[11:32:41] [spechunter] [Read] /home/yzs/riscv/linux/arch/riscv/include/asm/usercfi.h
[11:32:41] [spechunter] [Read] /home/yzs/riscv/linux/arch/riscv/kernel/ptrace.c
[11:32:55] [spechunter] [text] Now I have a complete picture of the sspush implementation chain. Let me produce the final JSON.  
[11:32:55] [spechunter] [Write] /home/yzs/riscv/qemu/analysis_sspush_ordering.json
[11:33:05] [spechunter] [Grep] pattern='fence|RISCV_FENCE|RISCV_FENCE_I|mb\\(\\)|rmb\\(\\)|wmb\\(\\)|barrier\\(\\)|sfence'
[11:33:05] [spechunter] [Grep] pattern='csr_read.*SSP|csr_write.*SSP|csr_swap.*SSP|CSR_SSP'
[11:33:05] [spechunter] [Grep] pattern='asm.*0x011|asm.*\\.long\\s+0x|asm.*volatile.*csr|inline.*asm.*ssp'
[11:33:05] [spechunter] [Grep] pattern='ssamoswap|sspopchk|sspush'
[11:33:05] [spechunter] [Read] /home/yzs/riscv/linux/arch/riscv/kernel/traps.c
[11:33:05] [spechunter] [Read] /home/yzs/riscv/linux/arch/riscv/kernel/process.c
[11:33:14] [spechunter] [text] Let me verify I haven't missed any other paths.  
[11:33:14] [spechunter] [Grep] pattern='CSR_SSP|0x[0-9a-fA-F]*ssp|"ssp"'
[11:33:14] [spechunter] [Grep] pattern='SSPUSH|sspush'
[11:33:14] [spechunter] [Read] /home/yzs/riscv/qemu/target/riscv/csr.c
[11:33:24] [spechunter] [Grep] pattern='0x011'
[11:33:24] [spechunter] [Grep] pattern='ssp|CSR_SSP'
[11:33:27] [spechunter] [text] Now I have a clear understanding. Let me verify there are no other CFI-related locations in the backend that the fast-pa...
[11:33:27] [spechunter] [Grep] pattern='(?i)(sspopchk|ssamoswap|shadow.stack)'
[11:33:27] [spechunter] [Grep] pattern='\\bSSE\\b'
[11:33:44] [spechunter] [Grep] pattern='0x011'
[11:33:44] [spechunter] [Grep] pattern='0x011'
[11:33:44] [spechunter] [Grep] pattern='fence|RISCV_FENCE|RISCV_FENCE_I|mb\\(|rmb\\(|wmb\\(|barrier\\(|sfence'
[11:33:44] [spechunter] [Grep] pattern='fence|RISCV_FENCE|RISCV_FENCE_I|mb\\(|rmb\\(|wmb\\(|barrier\\(|sfence'
[11:33:44] [spechunter] [Grep] pattern='fence|RISCV_FENCE|RISCV_FENCE_I|mb\\(|rmb\\(|wmb\\(|barrier\\(|sfence'
[11:33:44] [spechunter] [Grep] pattern='fence|RISCV_FENCE|RISCV_FENCE_I|mb\\(|rmb\\(|wmb\\(|barrier\\(|sfence'
[11:33:44] [spechunter] [Grep] pattern='ssp'
[11:33:44] [spechunter] [Grep] pattern='ssp|shadow'
[11:33:50] [spechunter] [text] No KVM or GDB paths for ssp. Let me also check the op_helper.c for any related helpers.  
[11:33:50] [spechunter] [Read] /home/yzs/riscv/qemu/target/riscv/op_helper.c
[11:34:02] [spechunter] [text] Now I have a complete picture. Let me verify the CSRs.scala:469 context for the `all` list.  
[11:34:02] [spechunter] [Read] /home/yzs/riscv/XiangShan/src/main/scala/xiangshan/backend/decode/isa/CSRs.scala
[11:34:02] [spechunter] [TodoWrite] 4 items
[11:34:03] [spechunter] [Grep] pattern='shstk|shadow_stack'
[11:34:03] [spechunter] [Grep] pattern='shstk|shadow_stack'
[11:34:03] [spechunter] [Grep] pattern='shstk|shadow_stack'
[11:34:12] [spechunter] [Read] /home/yzs/riscv/XiangShan/src/main/scala/xiangshan/backend/decode/isa/CSRs.scala
[11:34:25] [spechunter] [TodoWrite] 4 items
[11:34:42] [spechunter] [text] Now let me check one more important thing - the overall kernel's handling of Zicfiss-related exception causes and the sa...
[11:34:42] [spechunter] [Read] /home/yzs/riscv/freebsd-src/sys/riscv/riscv/sigtramp.S
[11:34:42] [spechunter] [Grep] pattern='SCAUSE_ILLEGAL|unsupported.*excep|unknown.*excep|zicfiss|cfi'
[11:35:08] [spechunter] [text] Now I have a complete picture. Here is the cross-validated result:  ```json {   "locations": [     {       "file": "src/...
[11:35:12] [spechunter] [text] I'll cross-validate the locations against the PR's specific scope: fixing SSPUSH instruction behavior ordering (load SSP...
[11:35:12] [spechunter] [Read] /home/yzs/riscv/qemu/target/riscv/insn_trans/trans_rvzicfiss.c.inc
[11:35:12] [spechunter] [Read] /home/yzs/riscv/qemu/target/riscv/insn32.decode
[11:35:12] [spechunter] [Read] /home/yzs/riscv/qemu/target/riscv/insn16.decode
[11:35:12] [spechunter] [Read] /home/yzs/riscv/qemu/target/riscv/cpu_helper.c
[11:35:12] [spechunter] [Read] /home/yzs/riscv/qemu/target/riscv/translate.c
[11:35:27] [spechunter] [Read] /home/yzs/riscv/qemu/disas/riscv.c
[11:35:27] [spechunter] [Read] /home/yzs/riscv/qemu/disas/riscv.c
[11:35:27] [spechunter] [Read] /home/yzs/riscv/qemu/disas/riscv.c
[11:35:27] [spechunter] [Read] /home/yzs/riscv/qemu/disas/riscv.c
[11:35:27] [spechunter] [Read] /home/yzs/riscv/qemu/hw/riscv/riscv-iommu.c
[11:35:29] [spechunter] [text] Let me start by searching for the relevant code related to CFI/SSPUSH/shadow stack operations in the XiangShan codebase....
[11:35:29] [spechunter] [Agent] description, prompt
[11:35:52] [spechunter] [Grep] pattern='CSR_SSP'
[11:35:52] [spechunter] [Grep] pattern='SSPUSH|C_SSPUSH'
[11:35:52] [spechunter] [Grep] pattern='shadowStack|shadow_stack|ShadowStack'
[11:35:52] [spechunter] [Grep] pattern='ssp_decrement|ssp_update|ssp_write|sspDecr|sspIncr|sspUpdate'
[11:35:52] [spechunter] [Grep] pattern='SSP'
[11:36:05] [spechunter] [TodoWrite] 4 items
[11:36:07] [spechunter] [Bash] List top-level directory contents
[11:36:21] [spechunter] [Bash] List src directory contents
[11:36:21] [spechunter] [Glob] **/*.scala
[11:36:24] [spechunter] [text] Let me check the actual diff to understand what changed.  
[11:36:24] [spechunter] [Bash] Check diff on sspush translation file
[11:36:24] [spechunter] [Bash] Check diff on IOMMU file (pre-existing mod)
[11:36:55] [spechunter] [Bash] Check rocket-chip directory
[11:36:55] [spechunter] [Grep] pattern='0x011|Ssp|ssp'
[11:36:55] [spechunter] [Grep] pattern='shadow'
[11:36:55] [spechunter] [Bash] Check xiangshan subdirectories
[11:37:15] [spechunter] [text] Now let me also check what the merge notes/history say about this PR to understand context better.  
[11:37:15] [spechunter] [Bash] Recent git log to see latest commits
[11:37:20] [spechunter] [Read] /home/yzs/riscv/XiangShan/src/main/scala/xiangshan/backend/fu/NewCSR/CSRBundles.scala
[11:37:20] [spechunter] [Read] /home/yzs/riscv/XiangShan/src/main/scala/xiangshan/backend/fu/NewCSR/MachineLevel.scala
[11:37:20] [spechunter] [Bash] List NewCSR directory
[11:37:20] [spechunter] [Bash] List decode/isa directory
[11:37:21] [spechunter] [text] Let me check the head.S SBI FWFT path and also look at how `deactivate_mm` interacts with shadow stack.  
[11:37:21] [spechunter] [Read] /home/yzs/riscv/linux/arch/riscv/kernel/head.S
[11:37:21] [spechunter] [Read] /home/yzs/riscv/linux/arch/riscv/include/asm/mmu_context.h
[11:37:21] [spechunter] [Read] /home/yzs/riscv/linux/arch/riscv/kernel/signal.c
[11:37:39] [spechunter] [Read] /home/yzs/riscv/XiangShan/src/main/scala/xiangshan/backend/decode/isa/CSRs.scala
[11:37:39] [spechunter] [Read] /home/yzs/riscv/XiangShan/src/main/scala/xiangshan/backend/fu/NewCSR/SupervisorLevel.scala
[11:37:39] [spechunter] [Read] /home/yzs/riscv/XiangShan/src/main/scala/xiangshan/backend/fu/NewCSR/CSREvents
[11:38:00] [spechunter] [text] Now I have a clear picture. Let me verify a couple more things and then produce the final output.  
[11:38:00] [spechunter] [Read] /home/yzs/riscv/qemu/target/riscv/cpu.c
[11:38:00] [spechunter] [Read] /home/yzs/riscv/qemu/target/riscv/cpu.c
[11:38:00] [spechunter] [Read] /home/yzs/riscv/qemu/target/riscv/cpu.c
[11:38:00] [spechunter] [Read] /home/yzs/riscv/qemu/target/riscv/cpu_cfg_fields.h.inc
[11:38:00] [spechunter] [Bash] Check all uncommitted changes in RISC-V target
[11:38:04] [spechunter] [Read] /home/yzs/riscv/XiangShan/src/main/scala/xiangshan/backend/fu/NewCSR/Unprivileged.scala
[11:38:04] [spechunter] [Bash] List CSREvents directory
[11:38:04] [spechunter] [Glob] **/*.scala
[11:38:23] [spechunter] [Grep] pattern='ssp|SSP'
[11:38:23] [spechunter] [Grep] pattern='ssp|SSP|sspush|SSPUSH|shadow_stack'
[11:38:23] [spechunter] [Grep] pattern='ssp|sspush|SSPUSH|C_SSPUSH|shadow_stack|shadowStack'
[11:38:47] [spechunter] [Grep] pattern='ssp|SSP|sspush|SSPUSH|shadow_stack|shadowStack|ShadowStack'
[11:38:47] [spechunter] [Grep] pattern='ssp|SSP|sspush|SSPUSH|shadow_stack|shadowStack|ShadowStack'
[11:38:47] [spechunter] [Grep] pattern='ssp|SSP|sspush|SSPUSH|shadow_stack|shadowStack|ShadowStack'
[11:39:01] [spechunter] [TodoWrite] 4 items
[11:39:12] [spechunter] [Grep] pattern='ssp|SSP|sspush|SSPUSH|shadow'
[11:39:12] [spechunter] [Grep] pattern='ssp|SSP|sspush|SSPUSH|shadow_stack|shadowStack|ShadowStack'
[11:39:12] [spechunter] [Grep] pattern='ssp|SSP|sspush|SSPUSH|shadow_stack|shadowStack'
[11:39:12] [spechunter] [Grep] pattern='ssp|SSP|sspush|SSPUSH|shadow_stack|shadowStack|ShadowStack|Zicfiss|CFI'
[11:39:23] [spechunter] [text] Now I have a complete picture. Let me compile the final report.  
[11:39:23] [spechunter] [Write] /home/yzs/riscv/freebsd-src/ssp_fence_ordering_audit.json
[11:39:25] [spechunter] [Grep] pattern='ssp|SSP|sspush|SSPUSH|shadow'
[11:39:25] [spechunter] [Grep] pattern='ssp|SSP|sspush|SSPUSH|shadow'
[11:39:25] [spechunter] [Grep] pattern='ssp|SSP|sspush|SSPUSH|shadow'
[11:39:25] [spechunter] [Grep] pattern='ssp|SSP|sspush|SSPUSH|shadow'
[11:39:35] [spechunter] [Grep] pattern='ssp|SSP|sspush|SSPUSH|shadow'
[11:39:35] [spechunter] [Grep] pattern='shadow'
[11:39:35] [spechunter] [Read] /home/yzs/riscv/XiangShan/src/main/scala/xiangshan/Parameters.scala
[11:39:35] [spechunter] [Grep] pattern='ssp|SSP|shadow'
[11:39:42] [spechunter] [TodoWrite] 4 items
[11:40:05] [spechunter] [text] Now let me verify the CSR read/write handlers more carefully and check the exception paths:  
[11:40:05] [spechunter] [Read] /home/yzs/riscv/qemu/target/riscv/op_helper.c
[11:40:05] [spechunter] [Read] /home/yzs/riscv/qemu/target/riscv/op_helper.c
[11:40:05] [spechunter] [Read] /home/yzs/riscv/qemu/target/riscv/csr.c
[11:40:05] [spechunter] [Read] /home/yzs/riscv/qemu/target/riscv/csr.c
[11:40:05] [spechunter] [Read] /home/yzs/riscv/qemu/target/riscv/csr.c
[11:40:05] [spechunter] [Read] /home/yzs/riscv/qemu/target/riscv/cpu_helper.c
[11:40:05] [spechunter] [Read] /home/yzs/riscv/qemu/target/riscv/csr.c
[11:40:05] [spechunter] [Read] /home/yzs/riscv/qemu/target/riscv/csr.c
[11:40:13] [spechunter] [Grep] pattern='ssp|SSP|sspush|SSPUSH|shadow_stack|shadowStack|ShadowStack|Zicfiss'
[11:40:13] [spechunter] [Grep] pattern='ssp|SSP|sspush|SSPUSH|shadow_stack|shadowStack|ShadowStack|Zicfiss'
[11:40:25] [spechunter] [Grep] pattern='ssp|SSP|sspush|SSPUSH|shadow|cfi|CFI'
[11:40:25] [spechunter] [Grep] pattern='ssp|SSP|sspush|SSPUSH|shadow|cfiss|CFISS|Zicfiss'
[11:40:25] [spechunter] [Grep] pattern='ssp|SSP|sspush|SSPUSH|shadow|cfiss|Zicfiss|shadowStack'
[11:40:25] [spechunter] [text] Now let me compile the findings into the JSON report.  
[11:40:25] [spechunter] [TodoWrite] 4 items
[11:40:37] [spechunter] [Bash] Check report file exists
[11:40:40] [spechunter] [Grep] pattern='Zicfiss|HasCFI|EnableCFI|cfi'
[11:40:40] [spechunter] [Read] /home/yzs/riscv/XiangShan/src/main/scala/xiangshan/backend/fu/NewCSR/CSRIND.scala
[11:40:40] [spechunter] [Grep] pattern='CSRs\\.(ssp|vstart|jvt|seed)'
[11:40:49] [spechunter] [text] The audit is complete. The report at `ssp_fence_ordering_audit.json` (272 lines) documents all 20 affected locations acr...
[11:40:54] [spechunter] [Read] /home/yzs/riscv/XiangShan/src/main/scala/xiangshan/backend/fu/NewCSR/NewCSR.scala
[11:41:11] [spechunter] [Agent] description, prompt
[11:41:22] [spechunter] [Bash] Check DecodeUnit file size
[11:41:22] [spechunter] [Grep] pattern='CSRs\\.ssp|CSRs\\.SSP|SSP|ssp'
[11:41:22] [spechunter] [Grep] pattern='SSE|Zicfiss|cfiss|CFI'
[11:41:36] [spechunter] [Grep] pattern='sspush|SSPUSH'
[11:41:36] [spechunter] [Grep] pattern='cfi|CFI'
[11:41:36] [spechunter] [Grep] pattern='shadow.stack'
[11:41:36] [spechunter] [Grep] pattern='zicfiss|ZICFISS'
[11:41:36] [spechunter] [Bash] Search git log for commits related to CFI
[11:41:36] [spechunter] [Bash] Search git log for commits related to SSPUSH
[11:41:40] [spechunter] [text] Now I have a thorough understanding of the code. Let me cross-validate.  **Key finding**: The current `trans_sspush` (tr...
[11:41:43] [spechunter] [Grep] pattern='SSE|ssp|shadow_stack|shadow-stack'
[11:41:43] [spechunter] [Bash] Search for SSP/CFI related commits
[11:41:43] [spechunter] [Grep] pattern='SSE'
[11:41:43] [spechunter] [Grep] pattern='SSE'
[11:41:52] [spechunter] [Grep] pattern='riscv_cfi_ssp_push|sspush|shadow_stack_push|gen_sspush|helper_sspush|ssp.*store|shadow.*stack.*store'
[11:41:52] [spechunter] [Grep] pattern='SSPUSH|sspush'
[11:42:03] [spechunter] [Read] /home/yzs/riscv/qemu/target/riscv/insn_trans/trans_rvzicfiss.c.inc
[11:42:03] [spechunter] [Grep] pattern='sspush|SSPUSH'
[11:42:03] [spechunter] [Grep] pattern='sspush|SSPUSH'
[11:42:12] [spechunter] [Read] /home/yzs/riscv/freebsd-src/ssp_fence_ordering_audit.json
[11:42:12] [spechunter] [Grep] pattern='cfi|shadow.stack|ssp|zicfiss|SSPUSH'
[11:42:12] [spechunter] [Grep] pattern='cfi|shadow.stack|ssp|zicfiss|SSPUSH'
[11:42:12] [spechunter] [Grep] pattern='cfi|shadow.stack|ssp|zicfiss|SSPUSH|fence.*ssp|SSPOPCHK'
[11:42:12] [spechunter] [Grep] pattern='cfi|shadow.stack|ssp|zicfiss|SSPUSH'
[11:42:36] [spechunter] [Read] /home/yzs/riscv/freebsd-src/sys/riscv/riscv/swtch.S
[11:42:36] [spechunter] [Read] /home/yzs/riscv/freebsd-src/sys/riscv/riscv/swtch.S
[11:42:36] [spechunter] [Read] /home/yzs/riscv/freebsd-src/sys/riscv/riscv/swtch.S
[11:42:36] [spechunter] [Read] /home/yzs/riscv/freebsd-src/sys/riscv/riscv/swtch.S
[11:42:36] [spechunter] [Read] /home/yzs/riscv/freebsd-src/sys/riscv/riscv/exec_machdep.c
[11:42:36] [spechunter] [Read] /home/yzs/riscv/freebsd-src/sys/riscv/riscv/exec_machdep.c
[11:42:38] [spechunter] [Grep] pattern='SSPUSH|sspush|C_SSPUSH|c_sspush'
[11:42:38] [spechunter] [Grep] pattern='shadow_stack|ShadowStack|shadowStack'
[11:42:38] [spechunter] [Grep] pattern='CSR_SSP|ssp.*decrement|ssp.*update|ssp_write'
[11:42:38] [spechunter] [Grep] pattern='\\\\bssp\\\\b|SSP\\\\b'
[11:42:38] [spechunter] [Grep] pattern='CFI|cfi'
[11:42:54] [spechunter] [Grep] pattern='0x011|CSR.*SSP|\\"ssp\\"'
[11:42:54] [spechunter] [Grep] pattern='zicfiss|Zicfiss|ZICFISS|sspopchk|ssrdssp|ssamoswap'
[11:42:54] [spechunter] [Grep] pattern='Ssp|shadow.stack'
[11:42:56] [spechunter] [text] Now let me compile the final analysis.  ```json {   "violation": "ssp_memory_ordering",   "spec_ref": "src/unpriv-cfi.ad...
[11:42:56] [spechunter] [TodoWrite] 4 items
[11:42:56] [spechunter] [text] Now let me check the disas and migration/vmstate for SSP-related state.  
[11:42:56] [spechunter] [Grep] pattern='ssp|bcfi|shadow.stack'
[11:42:56] [spechunter] [Grep] pattern='ssp|bcfi|shadow.stack'
[11:42:56] [spechunter] [Grep] pattern='ssp|bcfi'
[11:43:05] [spechunter] [Read] /home/yzs/riscv/freebsd-src/sys/riscv/include/pcb.h
[11:43:05] [spechunter] [Read] /home/yzs/riscv/freebsd-src/sys/riscv/include/frame.h
[11:43:05] [spechunter] [Read] /home/yzs/riscv/freebsd-src/sys/riscv/include/encoding.h
[11:43:05] [spechunter] [Read] /home/yzs/riscv/freebsd-src/sys/riscv/include/riscvreg.h
[11:43:05] [spechunter] [Read] /home/yzs/riscv/freebsd-src/sys/riscv/riscv/vm_machdep.c
[11:43:05] [spechunter] [Read] /home/yzs/riscv/freebsd-src/sys/riscv/riscv/trap.c
[11:43:09] [spechunter] [Read] /home/yzs/riscv/qemu/target/riscv/machine.c
[11:43:09] [spechunter] [Grep] pattern='cpu_reset|ssp'
[11:43:10] [spechunter] [Grep] pattern='zicfiss|Zicfiss|ZICFISS|sspopchk|ssrdssp|ssamoswap'
[11:43:10] [spechunter] [Grep] pattern='Ssp|ssp'
[11:43:10] [spechunter] [Grep] pattern='Ssp|ssp'
[11:43:10] [spechunter] [Grep] pattern='Ssp|ssp'
[11:43:10] [spechunter] [text] ## Summary  The analysis found **11 locations** across 6 files where the kernel reads CSR_SSP and subsequently accesses/...
[11:43:22] [spechunter] [Read] /home/yzs/riscv/freebsd-src/sys/riscv/riscv/exec_machdep.c
[11:43:22] [spechunter] [Read] /home/yzs/riscv/freebsd-src/sys/riscv/riscv/trap.c
[11:43:22] [spechunter] [Read] /home/yzs/riscv/freebsd-src/sys/riscv/vmm/vmm_riscv.c
[11:43:22] [spechunter] [Read] /home/yzs/riscv/freebsd-src/sys/riscv/include/asm.h
[11:43:22] [spechunter] [Read] /home/yzs/riscv/freebsd-src/sys/riscv/include/atomic.h
[11:43:22] [spechunter] [Read] /home/yzs/riscv/freebsd-src/sys/riscv/riscv/vm_machdep.c
[11:43:34] [spechunter] [Read] /home/yzs/riscv/freebsd-src/sys/riscv/riscv/sigtramp.S
[11:43:34] [spechunter] [Grep] pattern='struct reg'
[11:43:34] [spechunter] [Grep] pattern='struct reg \\{'
[11:43:41] [spechunter] [text] The `ssp` in the RAS files is an internal RAS stack pointer, not the architectural SSP CSR for CFI. Let me search more p...
[11:43:41] [spechunter] [Grep] pattern='SSPUSH|sspush|SSPOPCHK|sspopchk|SSRDP|ssamoswap|zicfiss|Zicfiss'
[11:43:41] [spechunter] [Grep] pattern='ShadowStack|shadow_stack|shadowStack|Shadowstack'
[11:43:41] [spechunter] [Grep] pattern='0xd11|CSRs\\\\.ssp|CSRs\\\\.SSP|ssp_decrement|sspDecrement'
[11:43:41] [spechunter] [Grep] pattern='cfi.*store|store.*cfi|shadow.*store|store.*shadow'
[11:43:52] [spechunter] [Glob] src/main/scala/xiangshan/backend/fu/NewCSR/**/*.scala
[11:43:52] [spechunter] [Glob] src/main/scala/xiangshan/backend/decode/**/*.scala
[11:43:52] [spechunter] [Grep] pattern='sspopchk|ssrdssp|ssamoswap|sspush|SSPUSH|C_SSPUSH'
[11:43:54] [spechunter] [text] Let me look at the current git diff and the existing analysis to understand the context better.  
[11:43:54] [spechunter] [Read] /home/yzs/riscv/qemu/analysis_sspush_ordering.json
[11:43:54] [spechunter] [Bash] Check current git diff
[11:44:11] [spechunter] [Grep] pattern='SSE|Zicfiss|zicfiss'
[11:44:11] [spechunter] [Bash] Check recent git history for CFI commits
[11:44:11] [spechunter] [Grep] pattern='isCFI|cfiOp|CFIStore|cfi_store|LpExpected|sspush|sspopchk|ssamoswap'
[11:44:33] [spechunter] [Grep] pattern='isCFI|cfiOp|CFIStore|cfi_store|cfi'
[11:44:33] [spechunter] [Grep] pattern='SSE|zicfiss'
[11:44:33] [spechunter] [Grep] pattern='SSE|zicfiss'
[11:44:33] [spechunter] [Grep] pattern='SSE|zicfiss'
[11:44:41] [spechunter] [text] Now let me check for any helper or KVM related paths for completeness.  
[11:44:41] [spechunter] [Grep] pattern='helper_sspush|helper_sspopchk|helper_ssamoswap'
[11:44:41] [spechunter] [Grep] pattern='zicfiss|bcfi|ssp'
[11:44:41] [spechunter] [text] Let me search more deeply for the CFI shadow stack implementation, including CSR SSP, instruction definitions, and any r...
[11:44:41] [spechunter] [Grep] pattern='ssamoswap|ssrdp|CSR_SSP|\\\\.ssp'
[11:44:41] [spechunter] [Grep] pattern='CFI|Cfi|custom_cfi'
[11:44:41] [spechunter] [Read] src/main/scala/xiangshan/backend/decode/isa/CSRs.scala
[11:44:48] [spechunter] [Grep] pattern='csr.*0x11|0x11.*csr|\\"ssp\\"|SSP'
[11:44:48] [spechunter] [Read] src/main/scala/xiangshan/backend/fu/NewCSR/Unprivileged.scala
[11:44:48] [spechunter] [Grep] pattern='ssp\\\\.|ssp_|writeSsp|sspWrite|sspField'
[11:44:54] [spechunter] [Read] /home/yzs/riscv/linux/arch/riscv/kernel/usercfi.c
[11:44:54] [spechunter] [Read] /home/yzs/riscv/linux/Documentation/arch/riscv/zicfiss.rst
[11:44:54] [spechunter] [Read] /home/yzs/riscv/linux/arch/riscv/kernel/entry.S
[11:45:08] [spechunter] [Bash] Check all branches for CFI-related commits
[11:45:08] [spechunter] [Grep] pattern='C_SSPUSHCHK|SSPUSHCHK|sspushchk|c_sspushchk'
[11:45:08] [spechunter] [Grep] pattern='LpExpected|landing.pad|zicfilp|LPE|landingpad'
[11:45:08] [spechunter] [Grep] pattern='backup|SSAMOSWAP|ssamoswap|ssrdp'
[11:45:13] [spechunter] [Grep] pattern='ssp|bcfi|ssamoswap'
[11:45:18] [spechunter] [text] ## 分析  PR 上下文是关于 RISC-V Zicfiss (影子栈 CFI) 扩展中 **SSPUSH 指令的文本排序行为修正及排序语义澄清**。  经过对整个 FreeBSD 内核源码树的交叉验证：  - **快速路径** (gre...
[11:45:31] [spechunter] [TodoWrite] 3 items
[11:45:42] [spechunter] [Grep] pattern='SSE|MLPE|LPE'
[11:45:42] [spechunter] [Read] src/main/scala/xiangshan/backend/fu/NewCSR/MachineLevel.scala
[11:45:42] [spechunter] [Grep] pattern='zicfiss|SSPUSH|sspopchk|ssamoswap'
[11:45:51] [spechunter] [Grep] pattern='ssp|SSP|shadow.stack|shadow_stack'
[11:45:51] [spechunter] [Grep] pattern='csr_read.*0x011|csrr.*ssp|SSP_SAVE|pcb.*ssp|savectx.*ssp|cpu_switch.*ssp|sendsig.*ssp|fork.*shadow'
[11:45:51] [spechunter] [Grep] pattern='FENCE|fence.*w|sfence'
[11:45:56] [spechunter] [Grep] pattern='SSPUSH|SSPOPCHK|SSAMOSWAP|C_SSPUSH|C_SSPOPCHK|C_SSAMOSWAP'
[11:45:56] [spechunter] [Bash] Check for shadow stack and CFI-specific commits
[11:45:56] [spechunter] [Bash] Check all branches
[11:45:59] [spechunter] [text] Now I have all the information needed. Let me compile the final analysis.  Based on my thorough review of the emulation ...
[11:46:05] [spechunter] [Grep] pattern='shadow.*stack|ShadowStack|Shadow_Stack|shadow_stack_mem|backup_mem'
[11:46:05] [spechunter] [Grep] pattern='ssp_csr|csr_ssp|SspCSR|CFI_SSP'
[11:46:05] [spechunter] [Bash] Check recent files changed
[11:46:05] [spechunter] [Bash] Check all branches for CFI commits
[11:46:07] [spechunter] [Grep] pattern='zicfiss|ZICFISS|cfi|CFI|shadow.stack|shadow_stack'
[11:46:07] [spechunter] [Grep] pattern='csr_ssp|CSR_SSP|SSP_CSR|ssp_csr'
[11:46:07] [spechunter] [Grep] pattern='0x011'
[11:46:20] [spechunter] [text] Let me verify the CSR SSP module definition and any CFI-related CSR field definitions.  
[11:46:20] [spechunter] [Read] src/main/scala/xiangshan/backend/fu/NewCSR/CSRBundles.scala
[11:46:20] [spechunter] [Grep] pattern='menvcfg.*SSE|SSE.*menvcfg|0x11.*mask|shadow.stack'
[11:46:20] [spechunter] [Grep] pattern='SSE|SSEED'
[11:46:27] [spechunter] [Grep] pattern='shadow.stack|shadow_stack|SHADOW_STACK|SHSTK|shstk'
[11:46:27] [spechunter] [Grep] pattern='SSPUSH|sspush'
[11:46:27] [spechunter] [Read] /home/yzs/riscv/freebsd-src/sys/riscv/include/encoding.h
[11:46:43] [spechunter] [text] Now let me look at a few more files to verify relevance.  
[11:46:43] [spechunter] [Read] /home/yzs/riscv/linux/arch/riscv/kernel/usercfi.c
[11:46:43] [spechunter] [Read] /home/yzs/riscv/linux/Documentation/arch/riscv/zicfiss.rst
[11:46:43] [spechunter] [Read] /home/yzs/riscv/linux/arch/riscv/kernel/signal.c
[11:46:45] [spechunter] [text] Now let me check the context-switch code, pcb structure, and locore.S for any shadow-stack handling.  
[11:46:45] [spechunter] [Grep] pattern='pcb_'
[11:46:45] [spechunter] [Read] /home/yzs/riscv/freebsd-src/sys/riscv/include/pcb.h
[11:46:45] [spechunter] [Grep] pattern='cpu_switch|savectx|cpu_throw'
[11:46:54] [spechunter] [text] Let me read the context-switch assembly code and locore.S to verify there's no ssp CSR usage.  
[11:46:54] [spechunter] [Read] /home/yzs/riscv/freebsd-src/sys/riscv/riscv/swtch.S
[11:46:54] [spechunter] [Read] /home/yzs/riscv/freebsd-src/sys/riscv/riscv/swtch.S
[11:46:54] [spechunter] [Grep] pattern='ssp|0x011|zicfiss|ZICFISS|CFI|shadow|menvcfg|senvcfg|envcfg'
[11:47:06] [spechunter] [text] Let me also check the RISC-V vmm, signal handling, fork, and ptrace code for shadow-stack references.  
[11:47:06] [spechunter] [Grep] pattern='ssp|shadow.stack|zicfiss|ZICFISS'
[11:47:06] [spechunter] [Grep] pattern='ssp|shadow.stack|zicfiss|ZICFISS'
[11:47:06] [spechunter] [Grep] pattern='ssp|shadow.stack|zicfiss|ZICFISS'
[11:47:10] [spechunter] [text] Now let me verify definitively that the SSP CSR is declared but unimplemented, and check for any shadow stack store or i...
[11:47:10] [spechunter] [Read] src/main/scala/xiangshan/backend/fu/NewCSR/NewCSR.scala
[11:47:10] [spechunter] [Grep] pattern='ssp|SSP|0x11|CSRs\\\\.'
[11:47:10] [spechunter] [Grep] pattern='CSR.*ssp|ssp.*CSR|csr.*SSP|SSP.*csr|0x11'
[11:47:13] [spechunter] [text] Let me check signal handling (sendsig), fork (vm_machdep), and ptrace code for the RISC-V architecture.  
[11:47:13] [spechunter] [Grep] pattern='sendsig|exec_setregs|set_regs|fill_regs|fill_fpregs|set_fpregs|fill_dbregs|set_dbregs|ptrace'
[11:47:13] [spechunter] [Grep] pattern='sendsig|exec_setregs'
[11:47:19] [spechunter] [Grep] pattern='sendsig|exec_setregs'
[11:47:19] [spechunter] [Grep] pattern='sendsig'
[11:47:22] [spechunter] [Grep] pattern='ssp|SSP'
[11:47:22] [spechunter] [Grep] pattern='CSR.*rd|rdCSR|csrRead|csrEcode'
[11:47:22] [spechunter] [Grep] pattern='SSP_BitPat|SSP_CSR|sspField|sspAddr'
[11:47:22] [spechunter] [Grep] pattern='cfi_type|cfiType|CFI_TYPE|isSSPush|isShadowStack|is_backup|BackupMem|backup_store'
[11:47:26] [spechunter] [Read] /home/yzs/riscv/freebsd-src/sys/riscv/riscv/exec_machdep.c
[11:47:26] [spechunter] [Read] /home/yzs/riscv/freebsd-src/sys/riscv/riscv/exec_machdep.c
[11:47:26] [spechunter] [Read] /home/yzs/riscv/freebsd-src/sys/riscv/riscv/vm_machdep.c
[11:47:40] [spechunter] [Grep] pattern='unprivilegedCSR|illegal.*csr|csr.*trap|csrUnavail'
[11:47:40] [spechunter] [Grep] pattern='unprivilegedCSRMap|unprivilegedCSRMods'
[11:47:43] [spechunter] [text] Let me also check `get_mcontext`/`set_mcontext` and the ptrace file for any shadow-stack references.  
[11:47:43] [spechunter] [Read] /home/yzs/riscv/freebsd-src/sys/riscv/riscv/exec_machdep.c
[11:47:43] [spechunter] [Read] /home/yzs/riscv/freebsd-src/sys/riscv/riscv/ptrace_machdep.c
[11:47:50] [spechunter] [text] Let me verify what happens when ssp CSR (0x11) is accessed and check if menvcfg SSE exists.  
[11:47:50] [spechunter] [Read] src/main/scala/xiangshan/backend/fu/NewCSR/NewCSR.scala
[11:47:50] [spechunter] [Grep] pattern='csrRwMap|illegal.*csr|unknown.*csr|unavail|IllegalCSR'
[11:47:51] [spechunter] [text] Let me do a final comprehensive search to make sure I haven't missed anything.  
[11:47:51] [spechunter] [Grep] pattern='ssp|shadow_stack|zicfiss|CFI_SHADOW|CSR_SSP|csr_ssp'
[11:47:51] [spechunter] [Grep] pattern='ssp|shadow_stack|zicfiss|CFI_SHADOW'
[11:47:51] [spechunter] [Read] /home/yzs/riscv/freebsd-src/sys/riscv/include/cpufunc.h
[11:48:08] [spechunter] [TodoWrite] 3 items
[11:48:08] [spechunter] [text] Now let me verify the remaining key locations.  
[11:48:08] [spechunter] [Read] /home/yzs/riscv/linux/arch/riscv/kernel/entry.S
[11:48:08] [spechunter] [Read] /home/yzs/riscv/linux/arch/riscv/kernel/entry.S
[11:48:08] [spechunter] [Read] /home/yzs/riscv/linux/arch/riscv/include/asm/csr.h
[11:48:15] [spechunter] [text] Let me verify the final picture by checking the illegal CSR handling and the menvcfg module.  
[11:48:15] [spechunter] [Grep] pattern='noCSRIllegal'
[11:48:15] [spechunter] [Grep] pattern='menvcfg|Menvefg|mseccfg'
[11:49:21] [spechunter] [text] My analysis is complete. Here is the final audit report:  ```json {   "findings": [     {       "file_path": "sys/riscv/...
[11:50:01] [spechunter] [text] Now I have enough context to produce the final cross-validated location set.  The PR is about **fixing the ordering of t...
[11:50:14] [spechunter] [text] I need to find the actual code locations first, since none were provided. Let me search for the shadow stack pointer pat...
[11:50:14] [spechunter] [Grep] pattern='csrr.*ssp|CSR_SSP|__read_ssp|write_ssp|ssp\\s*=.*csrr|csrw.*ssp|ssp.*shadow|shadow.*stack'
[11:50:14] [spechunter] [Grep] pattern='CSR_SSP|csr_ssp|CSR_SHADOW'
[11:50:28] [spechunter] [text] Let me read the key source files to analyze the shadow stack ordering.  
[11:50:28] [spechunter] [Read] /home/yzs/riscv/linux/arch/riscv/kernel/entry.S
[11:50:28] [spechunter] [Read] /home/yzs/riscv/linux/arch/riscv/kernel/usercfi.c
[11:50:28] [spechunter] [Read] /home/yzs/riscv/linux/arch/riscv/kernel/signal.c
[11:51:29] [spechunter] [text] Let me also check the ptrace and process paths, plus how the CSR is defined.  
[11:51:29] [spechunter] [Read] /home/yzs/riscv/linux/arch/riscv/kernel/ptrace.c
[11:51:29] [spechunter] [Grep] pattern='shadow_stack|user_shdw_stk|active_shstk|SSP|ssp'
[11:51:29] [spechunter] [Read] /home/yzs/riscv/linux/arch/riscv/kernel/process.c
[11:51:29] [spechunter] [Grep] pattern='CSR_SSP|csr.*ssp|ssp'
[11:51:29] [spechunter] [Read] /home/yzs/riscv/linux/arch/riscv/include/asm/csr.h
[11:51:57] [spechunter] [Read] /home/yzs/riscv/linux/arch/riscv/kernel/process.c
[11:51:57] [spechunter] [Read] /home/yzs/riscv/linux/arch/riscv/kernel/process.c
[11:51:57] [spechunter] [Read] /home/yzs/riscv/linux/arch/riscv/kernel/ptrace.c
[11:51:57] [spechunter] [Read] /home/yzs/riscv/linux/arch/riscv/kernel/entry.S
[11:53:02] [spechunter] [text] Now let me also check if there's any direct CSR_SSP read outside of entry.S that accesses shadow stack memory.  
[11:53:02] [spechunter] [Grep] pattern='csr_read.*SSP|csrr.*SSP|__read_ssp|read_ssp'
[11:53:02] [spechunter] [Grep] pattern='csr_write.*SSP|csrw.*SSP|__write_ssp|write_ssp'
[11:53:02] [spechunter] [Grep] pattern='TASK_TI_USER_SSP|user_shdw_stk'
[11:54:43] [spechunter] [text] Now let me also check if there's any KVM virtualization of CSR_SSP.  
[11:54:43] [spechunter] [Grep] pattern='CSR_SSP|ssp|shadow_stack'
[11:54:43] [spechunter] [Read] /home/yzs/riscv/linux/arch/riscv/include/asm/usercfi.h
[11:57:25] [spechunter] [text] Now I have a comprehensive understanding of the code. Let me compile the findings.  
[11:57:25] [spechunter] [Write] /home/yzs/riscv/linux/tmp/ssp_ordering_audit.json
[11:58:34] [spechunter] [text] Looking at the output, let me re-examine the security spec more carefully. The violation pattern is: kernel reads SSP vi...
[11:58:34] [spechunter] [Read] /home/yzs/riscv/linux/arch/riscv/kernel/usercfi.c
[11:58:34] [spechunter] [Read] /home/yzs/riscv/linux/arch/riscv/kernel/entry.S
[11:59:54] [spechunter] [text] The analysis is complete. Let me also verify there's no `ssamoswap` ordering concern since that is the shadow stack acce...
[11:59:54] [spechunter] [Read] /home/yzs/riscv/linux/arch/riscv/kernel/usercfi.c
[12:00:57] [spechunter] [text] Now I have a complete picture. Here is the final analysis:  ```json {   "findings": [     {       "file_path": "arch/ris...
