[16:44:02] [spechunter] PR loaded: #101 riscv-non-isa/riscv-server-platform — "ARC feedback"
[16:44:02] [spechunter]   diff: 7922 chars  body: 1 chars  reviews: 0
[16:44:02] [spechunter] Global pre-filter running...
[16:44:14] [spechunter] [text] {"should_skip": false}
[16:44:17] [spechunter] pre-filter: should_skip=False reason=""
[16:44:28] [spechunter] [text] {"should_skip": true, "skip_reason": "Server platform specification changes (hart symmetry requirements, performance cou...
[16:44:34] [spechunter] [text] {"should_skip": true, "skip_reason": "Server platform certification requirement changes (hart homogeneity relaxations, p...
[16:44:37] [spechunter] [text] {"should_skip": true, "skip_reason": "Server platform profile requirements (hart homogeneity, perf counter minimums, deb...
[16:44:40] [spechunter] [text] {"should_skip": false}
[16:44:43] [spechunter] [text] {"should_skip": false}
[16:45:44] [spechunter] [Write] /home/yzs/riscv/linux/output_PR101.json
[16:46:08] [spechunter] [text] ```json {   "violation_condition": "In XiangShan multi-hart RTL within the same supervisor execution environment (SEE), ...
[16:46:24] [spechunter] [text] {   "violation_condition": "When the Linux kernel migrates a task across harts that diverge in ISA-UNSPECIFIED or implem...
[16:46:30] [spechunter] [TodoWrite] 9 items
[16:46:34] [spechunter] [Grep] pattern='vlenb'
[16:46:34] [spechunter] [Grep] pattern='misa'
[16:46:34] [spechunter] [Grep] pattern='menvcfg'
[16:46:34] [spechunter] [Grep] pattern='senvcfg'
[16:46:34] [spechunter] [Grep] pattern='mhartid'
[16:46:34] [spechunter] [Grep] pattern='mvendorid'
[16:46:34] [spechunter] [Grep] pattern='marchid'
[16:46:34] [spechunter] [Grep] pattern='mimpid'
[16:46:34] [spechunter] [Grep] pattern='pmpcfg'
[16:46:34] [spechunter] [Grep] pattern='pmpaddr'
[16:46:50] [spechunter] [TodoWrite] 6 items
[16:47:05] [spechunter] [Agent] subagent_type, description
[16:47:05] [spechunter] [Agent] subagent_type, description
[16:47:05] [spechunter] [Agent] subagent_type, description
[16:47:05] [spechunter] [Agent] subagent_type, description
[16:47:05] [spechunter] [Agent] subagent_type, description
[16:47:06] [spechunter] [Grep] pattern='\\bmisa\\b'
[16:47:06] [spechunter] [Grep] pattern='\\bmvendorid\\b'
[16:47:06] [spechunter] [Grep] pattern='\\bmarchid\\b'
[16:47:06] [spechunter] [Grep] pattern='\\bmimpid\\b'
[16:47:06] [spechunter] [Grep] pattern='\\bhenvcfg\\b'
[16:47:06] [spechunter] [Grep] pattern='\\bsenvcfg\\b'
[16:47:06] [spechunter] [Grep] pattern='\\bdcsr\\b'
[16:47:06] [spechunter] [Grep] pattern='\\bmcontext\\b'
[16:47:06] [spechunter] [Grep] pattern='\\bscontext\\b'
[16:47:06] [spechunter] [Grep] pattern='\\bhcontext\\b'
[16:47:11] [spechunter] [Agent] description, prompt
[16:47:11] [spechunter] [text] I've launched 5 parallel exploration agents to search the XiangShan codebase for:  1. **CSR module files** — vlenb, misa...
[16:47:12] [spechunter] [Grep] pattern='vlenb|Vlenb|VLENB'
[16:47:12] [spechunter] [Grep] pattern='misa|Misa|MISA'
[16:47:12] [spechunter] [Grep] pattern='menvcfg|Menvcfg|MENVCFG'
[16:47:12] [spechunter] [Grep] pattern='senvcfg|Senvcfg|SENVCFG'
[16:47:12] [spechunter] [Grep] pattern='mhartid|Mhartid|MHARTID'
[16:47:12] [spechunter] [Grep] pattern='mvendorid|Mvendorid|MVENDORID'
[16:47:12] [spechunter] [Grep] pattern='pmpcfg|Pmpcfg|PMPCFG'
[16:47:12] [spechunter] [Grep] pattern='pmpaddr|Pmpaddr|PMPADDR'
[16:47:26] [spechunter] [Grep] pattern='riscv_isa_extension_available'
[16:47:26] [spechunter] [Grep] pattern='__riscv_isa_extension_available'
[16:47:26] [spechunter] [Grep] pattern='cpumask_generation'
[16:47:26] [spechunter] [Grep] pattern='\\bdcsr\\b'
[16:47:26] [spechunter] [Grep] pattern='UNSPECIFIED|RESERVED'
[16:47:26] [spechunter] [Grep] pattern='CSR_MISA|CSR_MVENDORID|CSR_MARCHID|CSR_MIMPID'
[16:47:29] [spechunter] [Read] /home/yzs/riscv/linux/arch/riscv/kernel/cpufeature.c
[16:47:29] [spechunter] [Read] /home/yzs/riscv/linux/arch/riscv/include/asm/hwcap.h
[16:47:29] [spechunter] [Grep] pattern='riscv_isa_extension_available'
[16:47:29] [spechunter] [Grep] pattern='__riscv_isa_extension_available'
[16:47:47] [spechunter] [Grep] pattern='hart_isa'
[16:47:47] [spechunter] [Read] /home/yzs/riscv/linux/arch/riscv/kernel/cpufeature.c
[16:47:47] [spechunter] [Grep] pattern='CSR_HENVCFG|CSR_SENVCFG|CSR_DCSR|CSR_MCONTEXT|CSR_SCONTEXT|CSR_HCONTEXT'
[16:47:47] [spechunter] [Read] /home/yzs/riscv/linux/arch/riscv/kvm/vcpu.c
[16:47:53] [spechunter] [Read] /home/yzs/riscv/linux/arch/riscv/include/asm/cpufeature-macros.h
[16:47:53] [spechunter] [Read] /home/yzs/riscv/linux/arch/riscv/include/asm/cpufeature.h
[16:47:53] [spechunter] [Read] /home/yzs/riscv/linux/arch/riscv/kernel/setup.c
[16:47:53] [spechunter] [Read] /home/yzs/riscv/linux/arch/riscv/kernel/smp.c
[16:47:53] [spechunter] [Read] /home/yzs/riscv/linux/arch/riscv/kernel/sys_hwprobe.c
[16:48:19] [spechunter] [text] Let me get more specific line numbers for the key references
[16:48:19] [spechunter] [Grep] pattern='misa|Misa|MISA'
[16:48:19] [spechunter] [Grep] pattern='menvcfg|Menvcfg|MENVCFG'
[16:48:19] [spechunter] [Grep] pattern='senvcfg|Senvcfg|SENVCFG'
[16:48:19] [spechunter] [Grep] pattern='mhartid|Mhartid|MHARTID'
[16:48:19] [spechunter] [Grep] pattern='mvendorid|Mvendorid|MVENDORID|marchid|Marchid|MARCHID|mimpid|Mimpid|MIMPID'
[16:48:19] [spechunter] [Grep] pattern='pmpcfg|pmpaddr'
[16:48:23] [spechunter] [Grep] pattern='riscv_isa_extension_available\\('
[16:48:23] [spechunter] [Grep] pattern='__riscv_isa_extension_available\\('
[16:48:23] [spechunter] [Read] /home/yzs/riscv/linux/arch/riscv/kernel/cpu.c
[16:48:40] [spechunter] [Grep] pattern='CSR_MISA|riscv_isa\\b|misa'
[16:48:40] [spechunter] [Grep] pattern='\\briscv_isa\\b'
[16:48:40] [spechunter] [Grep] pattern='kvm_arch_vcpu_load'
[16:48:40] [spechunter] [Grep] pattern='kvm_riscv_vcpu_setup_config|kvm_arch_vcpu_ioctl.*SET_ONE_REG|kvm_riscv_vcpu_swap'
[16:48:40] [spechunter] [Read] /home/yzs/riscv/linux/arch/riscv/kernel/cpufeature.c
[16:48:40] [spechunter] [Read] /home/yzs/riscv/linux/arch/riscv/kernel/cpu.c
[16:48:51] [spechunter] [Grep] pattern='vlenb|Vlenb|VLENB'
[16:48:51] [spechunter] [Grep] pattern='menvcfg|Menvcfg|MENVCFG'
[16:48:51] [spechunter] [Grep] pattern='menvcfg|Menvcfg|MENVCFG'
[16:48:51] [spechunter] [Grep] pattern='senvcfg|Senvcfg|SENVCFG'
[16:48:51] [spechunter] [Grep] pattern='hartid|Hartid|HARTID|hardware.*thread'
[16:48:51] [spechunter] [Grep] pattern='MVLEN|VLEN|vlenb|VlenbField'
[16:48:51] [spechunter] [Grep] pattern='menvcfg|Menvcfg|MEnvCfg'
[16:48:51] [spechunter] [Grep] pattern='menvcfg|Menvcfg|MEnvCfg'
[16:48:51] [spechunter] [Grep] pattern='menvcfg|Menvcfg|MEnvCfg'
[16:48:57] [spechunter] [Read] /home/yzs/riscv/linux/arch/riscv/kvm/vcpu_onereg.c
[16:48:57] [spechunter] [Read] /home/yzs/riscv/linux/arch/riscv/kvm/vcpu.c
[16:48:57] [spechunter] [Read] /home/yzs/riscv/linux/arch/riscv/kernel/cpufeature.c
[16:48:57] [spechunter] [Read] /home/yzs/riscv/linux/arch/riscv/include/asm/csr.h
[16:49:09] [spechunter] [Read] /home/yzs/riscv/XiangShan/src/main/scala/xiangshan/backend/fu/NewCSR/MachineLevel.scala
[16:49:09] [spechunter] [Read] /home/yzs/riscv/XiangShan/src/main/scala/xiangshan/backend/fu/NewCSR/MachineLevel.scala
[16:49:09] [spechunter] [Grep] pattern='hartId|hartid|fromTop'
[16:49:09] [spechunter] [Grep] pattern='pmpcfg|pmpaddr'
[16:49:09] [spechunter] [Grep] pattern='menvcfg|Menvcfg|MENVCFG'
[16:49:09] [spechunter] [Grep] pattern='menvcfg|Menvcfg|MENVCFG'
[16:49:09] [spechunter] [Grep] pattern='senvcfg|Senvcfg|SENVCFG'
[16:49:12] [spechunter] [text] Let me now search for more specific patterns related to KVM vCPU migration and the SENVCFG swap.  
[16:49:12] [spechunter] [Read] /home/yzs/riscv/linux/arch/riscv/kvm/vcpu.c
[16:49:12] [spechunter] [Grep] pattern='kvm_arch_vcpu_ioctl_run|kvm_arch_vcpu_create|kvm_riscv_vcpu_setup_config'
[16:49:12] [spechunter] [Grep] pattern='vcpu_migration|migrate|migration'
[16:49:12] [spechunter] [Grep] pattern='riscv_has_extension_unlikely'
[16:49:13] [spechunter] [Read] /home/yzs/riscv/linux/arch/riscv/kvm/vcpu.c
[16:49:13] [spechunter] [Read] /home/yzs/riscv/linux/arch/riscv/kvm/vcpu_vector.c
[16:49:13] [spechunter] [Read] /home/yzs/riscv/linux/arch/riscv/kvm/vcpu_fp.c
[16:49:13] [spechunter] [Read] /home/yzs/riscv/linux/arch/riscv/kvm/vcpu_onereg.c
[16:49:13] [spechunter] [Read] /home/yzs/riscv/linux/arch/riscv/kvm/vcpu_onereg.c
[16:49:13] [spechunter] [Read] /home/yzs/riscv/linux/arch/riscv/kvm/aia.c
[16:49:37] [spechunter] [Read] /home/yzs/riscv/linux/arch/riscv/kvm/vcpu_onereg.c
[16:49:37] [spechunter] [Read] /home/yzs/riscv/linux/arch/riscv/kvm/vcpu_onereg.c
[16:49:37] [spechunter] [Read] /home/yzs/riscv/linux/arch/riscv/kernel/cpufeature.c
[16:49:37] [spechunter] [Grep] pattern='CSR_MCONTEXT|CSR_SCONTEXT|CSR_HCONTEXT|mcontext|scontext|hcontext'
[16:49:37] [spechunter] [Grep] pattern='CSR_DCSR|dcsr'
[16:49:46] [spechunter] [Grep] pattern='menvcfg|Menvcfg|MENVCFG'
[16:49:46] [spechunter] [Grep] pattern='senvcfg|Senvcfg|SENVCFG'
[16:49:46] [spechunter] [Grep] pattern='menvcfg|Menvcfg|MENVCFG'
[16:49:46] [spechunter] [Grep] pattern='senvcfg|Senvcfg|SENVCFG'
[16:49:46] [spechunter] [Grep] pattern='granularity|G|NAPOT'
[16:49:46] [spechunter] [Grep] pattern='menvcfg|Menvcfg|MENVCFG'
[16:50:29] [spechunter] [Read] /home/yzs/riscv/linux/drivers/irqchip/irq-riscv-imsic-state.c
[16:50:29] [spechunter] [Read] /home/yzs/riscv/linux/drivers/irqchip/irq-riscv-intc.c
[16:50:29] [spechunter] [Read] /home/yzs/riscv/linux/drivers/perf/riscv_pmu_sbi.c
[16:50:29] [spechunter] [Read] /home/yzs/riscv/linux/drivers/clocksource/timer-riscv.c
[16:50:29] [spechunter] [Read] /home/yzs/riscv/linux/arch/riscv/crypto/aes-riscv64-glue.c
[16:50:29] [spechunter] [Read] /home/yzs/riscv/linux/arch/riscv/kvm/vcpu_timer.c
[16:50:29] [spechunter] [Read] /home/yzs/riscv/linux/arch/riscv/kvm/vcpu_insn.c
[16:50:29] [spechunter] [Read] /home/yzs/riscv/linux/arch/riscv/kvm/vcpu_sbi_fwft.c
[16:50:30] [spechunter] [Grep] pattern='misa|Misa|MISA'
[16:50:30] [spechunter] [Grep] pattern='misa|Misa|MISA'
[16:50:30] [spechunter] [Grep] pattern='menvcfg|Menvcfg|MENVCFG'
[16:50:30] [spechunter] [Grep] pattern='misa|Misa|MISA'
[16:50:30] [spechunter] [Grep] pattern='misa|Misa|MISA'
[16:50:30] [spechunter] [Grep] pattern='vlenb|Vlenb'
[16:50:42] [spechunter] [Read] /home/yzs/riscv/linux/arch/riscv/kernel/suspend.c
[16:50:42] [spechunter] [Grep] pattern='ENVCFG_'
[16:50:42] [spechunter] [Grep] pattern='sbi_get_mvendorid|sbi_get_marchid|sbi_get_mimpid'
[16:50:42] [spechunter] [Read] /home/yzs/riscv/linux/arch/riscv/kvm/vcpu.c
[16:50:45] [spechunter] [Bash] List CSR wrapper files
[16:50:45] [spechunter] [Bash] List CSR FU files
[16:50:45] [spechunter] [Glob] src/main/scala/**/*CSR*
[16:50:51] [spechunter] [text] Let me now read the key CSR implementation files to understand the per-hart CSR logic
[16:50:51] [spechunter] [Read] /home/yzs/riscv/XiangShan/src/main/scala/xiangshan/backend/fu/NewCSR/CSRBundles.scala
[16:50:51] [spechunter] [Read] /home/yzs/riscv/XiangShan/src/main/scala/xiangshan/backend/fu/NewCSR/NewCSR.scala
[16:50:51] [spechunter] [Read] /home/yzs/riscv/XiangShan/src/main/scala/xiangshan/backend/fu/wrapper/CSR.scala
[16:50:57] [spechunter] [text] Now let me get the specific line ranges for the old CSR.scala and the PMP granularity constants:  
[16:50:57] [spechunter] [Grep] pattern='vlenb|misa|menvcfg|senvcfg|mhartid|mvendorid|marchid|mimpid|pmpcfg|pmpaddr'
[16:50:57] [spechunter] [Grep] pattern='PlatformGrain|PMPOffBits|Granularity'
[16:50:57] [spechunter] [Grep] pattern='PlatformGrain|PMPOffBits'
[16:50:57] [spechunter] [Grep] pattern='MEnvCfg|class MEnvCfg'
[16:51:06] [spechunter] [Read] /home/yzs/riscv/XiangShan/src/main/scala/xiangshan/backend/fu/NewCSR/MachineLevel.scala
[16:51:06] [spechunter] [Read] /home/yzs/riscv/XiangShan/src/main/scala/xiangshan/backend/fu/NewCSR/SupervisorLevel.scala
[16:51:06] [spechunter] [Read] /home/yzs/riscv/XiangShan/src/main/scala/xiangshan/PMParameters.scala
[16:51:39] [spechunter] [Read] /home/yzs/riscv/linux/arch/riscv/kvm/main.c
[16:51:39] [spechunter] [Read] /home/yzs/riscv/linux/arch/riscv/crypto/sm3-riscv64-glue.c
[16:51:39] [spechunter] [Read] /home/yzs/riscv/linux/arch/riscv/crypto/sm4-riscv64-glue.c
[16:51:39] [spechunter] [Read] /home/yzs/riscv/linux/arch/riscv/crypto/ghash-riscv64-glue.c
[16:51:39] [spechunter] [Read] /home/yzs/riscv/linux/arch/riscv/kvm/vcpu_onereg.c
[16:51:39] [spechunter] [Read] /home/yzs/riscv/linux/arch/riscv/kvm/vcpu_onereg.c
[16:51:39] [spechunter] [Grep] pattern='riscv_cpu_has_extension'
[16:51:39] [spechunter] [Grep] pattern='riscv_has_extension_unlikely|riscv_has_extension_likely'
[16:51:51] [spechunter] [text] Now I have all the data needed. Here is the comprehensive JSON:  ```json {   "locations": [     {       "file_path": "ar...
[16:51:51] [spechunter] [text] Now let me trace the specific CSR module implementations and configuration parameters
[16:51:51] [spechunter] [Glob] src/main/scala/xiangshan/backend/fu/NewCSR/**/*.scala
[16:52:07] [spechunter] [Grep] pattern='hart_isa\\['
[16:52:07] [spechunter] [Grep] pattern='homogeneous|all_cpus_have|all_harts'
[16:52:07] [spechunter] [Grep] pattern='any_cpu_has|heterog'
[16:52:07] [spechunter] [Read] /home/yzs/riscv/linux/arch/riscv/kvm/vcpu_pmu.c
[16:52:19] [spechunter] [Read] /home/yzs/riscv/XiangShan/src/main/scala/xiangshan/backend/fu/NewCSR/MachineLevel.scala
[16:52:19] [spechunter] [Read] /home/yzs/riscv/XiangShan/src/main/scala/xiangshan/backend/fu/NewCSR/SupervisorLevel.scala
[16:52:19] [spechunter] [Read] /home/yzs/riscv/XiangShan/src/main/scala/xiangshan/backend/fu/NewCSR/Unprivileged.scala
[16:52:42] [spechunter] [Read] /home/yzs/riscv/XiangShan/src/main/scala/xiangshan/backend/fu/NewCSR/CSRPMP.scala
[16:52:42] [spechunter] [Read] /home/yzs/riscv/XiangShan/src/main/scala/xiangshan/backend/fu/NewCSR/CSRFields.scala
[16:52:56] [spechunter] [TaskOutput] task_id, block
[16:52:56] [spechunter] [TaskOutput] task_id, block
[16:52:56] [spechunter] [TaskOutput] task_id, block
[16:52:56] [spechunter] [TaskOutput] task_id, block
[16:52:56] [spechunter] [TaskOutput] task_id, block
[16:53:08] [spechunter] [text] Now I have a comprehensive picture of all references. Here is the complete JSON report:  ```json {   "locations": [     ...
[16:54:13] [spechunter] [text] Prompt is too long
[16:55:10] [spechunter] [Agent] description, prompt
[16:55:23] [spechunter] [Read] /home/yzs/riscv/linux/arch/riscv/kernel/asm-offsets.c
[16:55:23] [spechunter] [Read] /home/yzs/riscv/linux/arch/riscv/include/asm/switch_to.h
[16:55:23] [spechunter] [Glob] arch/riscv/kernel/entry.S
[16:55:23] [spechunter] [Glob] arch/riscv/kernel/head.S
[16:55:23] [spechunter] [Read] /home/yzs/riscv/linux/arch/riscv/kernel/signal.c
[16:55:23] [spechunter] [Read] /home/yzs/riscv/linux/arch/riscv/kernel/process.c
[16:55:59] [spechunter] [Read] /home/yzs/riscv/linux/arch/riscv/kernel/entry.S
[16:55:59] [spechunter] [Read] /home/yzs/riscv/linux/arch/riscv/kernel/head.S
[16:55:59] [spechunter] [Grep] pattern='__switch_to'
[16:55:59] [spechunter] [Read] /home/yzs/riscv/linux/arch/riscv/include/asm/processor.h
[16:56:09] [spechunter] [text] Prompt is too long
[16:56:33] [spechunter] [text] Prompt is too long
[16:56:37] [spechunter] [Grep] pattern='save_from_x6_to_x31|restore_from_x6_to_x31'
[16:56:37] [spechunter] [Grep] pattern='struct pt_regs'
[16:56:37] [spechunter] [Grep] pattern='CSR_ENVCFG|CSR_SENVCFG|senvcfg'
[16:56:37] [spechunter] [Grep] pattern='CSR_SCOUNTEREN|scounteren'
[16:56:37] [spechunter] [Grep] pattern='scontext|SCONTEXT|hcontext|HCONTEXT|mcontext|MCONTEXT'
[16:56:37] [spechunter] [Grep] pattern='dcsr|DCSR|henvcfg|HENVCFG'
[16:56:37] [spechunter] [Grep] pattern='fstate_save|__fstate_save|fstate_restore|__fstate_restore'
[16:56:37] [spechunter] [Grep] pattern='struct sigcontext|sc_regs|struct pt_regs'
[16:56:44] [spechunter] [Read] /home/yzs/riscv/linux/arch/riscv/include/asm/ptrace.h
[16:56:44] [spechunter] [Read] /home/yzs/riscv/linux/arch/riscv/include/asm/asm.h
[16:56:44] [spechunter] [Read] /home/yzs/riscv/linux/arch/riscv/include/uapi/asm/sigcontext.h
[16:56:44] [spechunter] [Read] /home/yzs/riscv/linux/arch/riscv/include/uapi/asm/ptrace.h
[16:56:44] [spechunter] [Read] /home/yzs/riscv/linux/arch/riscv/include/asm/csr.h
[16:56:44] [spechunter] [Read] /home/yzs/riscv/linux/arch/riscv/kernel/fpu.S
[16:56:44] [spechunter] [Read] /home/yzs/riscv/linux/arch/riscv/kernel/suspend.c
[16:56:52] [spechunter] [Glob] arch/riscv/kernel/suspend*.S
[16:56:52] [spechunter] [Read] /home/yzs/riscv/linux/arch/riscv/include/asm/vector.h
[16:56:52] [spechunter] [Grep] pattern='CSR_SSTATUS|csr_write.*STATUS|csr_read.*STATUS|SR_FS|SR_VS|SR_SUM'
[16:57:11] [spechunter] [text] Prompt is too long
[16:57:14] [spechunter] [Read] /home/yzs/riscv/linux/arch/riscv/kernel/suspend_entry.S
[16:57:14] [spechunter] [Grep] pattern='csr_write|csr_read|csr_set|csr_clear|csrw |csrr |csrs |csrc'
[16:57:14] [spechunter] [Read] /home/yzs/riscv/linux/arch/riscv/include/uapi/asm/ucontext.h
[16:57:44] [spechunter] [text] Prompt is too long
[16:57:49] [spechunter] [Grep] pattern='suspend_restore_csrs|suspend_restore_regs'
[16:57:49] [spechunter] [Read] /home/yzs/riscv/linux/arch/riscv/kvm/vcpu.c
[16:57:49] [spechunter] [Grep] pattern='kvm_riscv_vcpu_swap_in|kvm_riscv_vcpu_swap_in_guest|__kvm_riscv_switch_to|kvm_arch_vcpu_load|kvm_arch_vcpu_put'
[16:58:13] [spechunter] [Bash] Check recent commits on the branch
[16:58:13] [spechunter] [Bash] Search for ARC-related commits
[16:58:13] [spechunter] [Bash] Check recent changes to key CSR files
[16:58:13] [spechunter] [Read] /home/yzs/riscv/linux/arch/riscv/kvm/vcpu_switch.S
[16:58:13] [spechunter] [Read] /home/yzs/riscv/linux/arch/riscv/include/asm/assembler.h
[16:58:13] [spechunter] [Read] /home/yzs/riscv/linux/arch/riscv/kvm/vcpu.c
[16:58:30] [spechunter] [text] Let me investigate what "ARC feedback" actually refers to by checking recent changes on this branch.  
[16:58:30] [spechunter] [Bash] Check recent CSR-related commits on this branch
[16:58:30] [spechunter] [Bash] Check what this branch has compared to master/main
[16:58:30] [spechunter] [Bash] Check diff of key CSR files for uncommitted changes
[16:58:56] [spechunter] [Bash] Search for ARC in commit messages or references
[16:58:56] [spechunter] [Bash] Check recent CSR commit details
[16:58:56] [spechunter] [Grep] pattern='ARC'
[16:59:06] [spechunter] [Read] /home/yzs/riscv/linux/arch/riscv/kvm/vcpu.c
[16:59:06] [spechunter] [Read] /home/yzs/riscv/linux/arch/riscv/kernel/hibernate-asm.S
[16:59:06] [spechunter] [Read] /home/yzs/riscv/linux/arch/riscv/kernel/hibernate.c
[16:59:06] [spechunter] [Grep] pattern='CSR_SSCONTEXT|scontext|CSR_MSCONTEXT|mcontext'
[16:59:06] [spechunter] [Read] /home/yzs/riscv/linux/arch/riscv/kernel/kernel_mode_fpu.c
[16:59:43] [spechunter] [Read] /home/yzs/riscv/linux/arch/riscv/include/asm/suspend.h
[16:59:43] [spechunter] [Read] /home/yzs/riscv/linux/arch/riscv/kernel/compat_signal.c
[16:59:43] [spechunter] [Grep] pattern='CSR_SEPC|CSR_SCAUSE|CSR_STVAL|CSR_SSTATUS|CSR_SSCRATCH|CSR_STVEC|CSR_SATP'
[16:59:59] [spechunter] [Grep] pattern='CSR_SSCONTEXT|CSR_HCONTEXT|CSR_MSCONTEXT|CSR_DCSR'
[16:59:59] [spechunter] [Grep] pattern='CSR_SENVCFG|senvcfg'
[16:59:59] [spechunter] [Grep] pattern='CSR_SCOUNTEREN'
[16:59:59] [spechunter] [Grep] pattern='kvm_riscv_vcpu_guest_fp_save|kvm_riscv_vcpu_guest_fp_restore|kvm_riscv_vcpu_host_fp_save|kvm_riscv_vcpu_host_fp_restore'
[16:59:59] [spechunter] [Grep] pattern='kvm_riscv_vcpu_host_vector_save|kvm_riscv_vcpu_host_vector_restore|kvm_riscv_vcpu_guest_vector_save|kvm_riscv_vcpu_guest_vector_restore'
[17:00:39] [spechunter] [Read] /home/yzs/riscv/XiangShan/src/main/scala/xiangshan/backend/decode/isa/CSRs.scala
[17:00:39] [spechunter] [Read] /home/yzs/riscv/XiangShan/src/main/scala/xiangshan/backend/fu/NewCSR/Unprivileged.scala
[17:00:39] [spechunter] [Read] /home/yzs/riscv/XiangShan/src/main/scala/xiangshan/backend/fu/NewCSR/MachineLevel.scala
[17:00:39] [spechunter] [Read] /home/yzs/riscv/XiangShan/src/main/scala/xiangshan/backend/fu/NewCSR/CSRPMP.scala
[17:01:25] [spechunter] [text] Now let me verify the key locations match actual code and assess relevance.  
[17:01:25] [spechunter] [Read] /home/yzs/riscv/XiangShan/src/main/scala/xiangshan/backend/decode/isa/CSRs.scala
[17:01:25] [spechunter] [Read] /home/yzs/riscv/XiangShan/src/main/scala/xiangshan/backend/decode/isa/CSRs.scala
[17:01:25] [spechunter] [Read] /home/yzs/riscv/XiangShan/src/main/scala/xiangshan/backend/decode/isa/CSRs.scala
[17:02:13] [spechunter] [Read] /home/yzs/riscv/XiangShan/src/main/scala/xiangshan/backend/fu/NewCSR/MachineLevel.scala
[17:02:13] [spechunter] [Read] /home/yzs/riscv/XiangShan/src/main/scala/xiangshan/backend/fu/NewCSR/MachineLevel.scala
[17:02:13] [spechunter] [Read] /home/yzs/riscv/XiangShan/src/main/scala/xiangshan/backend/fu/NewCSR/MachineLevel.scala
[17:02:43] [spechunter] [text] Now let me verify a few more critical locations to cross-validate
[17:02:43] [spechunter] [Read] /home/yzs/riscv/XiangShan/src/main/scala/xiangshan/backend/fu/NewCSR/MachineLevel.scala
[17:02:43] [spechunter] [Read] /home/yzs/riscv/XiangShan/src/main/scala/xiangshan/backend/fu/NewCSR/Unprivileged.scala
[17:02:43] [spechunter] [Read] /home/yzs/riscv/XiangShan/src/main/scala/xiangshan/backend/fu/NewCSR/Unprivileged.scala
[17:02:43] [spechunter] [Read] /home/yzs/riscv/XiangShan/src/main/scala/xiangshan/backend/fu/NewCSR/CSRPermitModule.scala
[17:02:43] [spechunter] [Read] /home/yzs/riscv/XiangShan/src/main/scala/xiangshan/backend/fu/NewCSR/CSRPermitModule.scala
[17:03:41] [spechunter] [text] Let me verify the remaining key locations.  
[17:03:41] [spechunter] [Read] /home/yzs/riscv/XiangShan/src/main/scala/xiangshan/backend/fu/NewCSR/NewCSR.scala
[17:03:41] [spechunter] [Read] /home/yzs/riscv/XiangShan/src/main/scala/xiangshan/backend/fu/NewCSR/NewCSR.scala
[17:03:41] [spechunter] [Read] /home/yzs/riscv/XiangShan/src/main/scala/xiangshan/backend/fu/NewCSR/NewCSR.scala
[17:03:41] [spechunter] [Read] /home/yzs/riscv/XiangShan/src/main/scala/xiangshan/backend/fu/NewCSR/NewCSR.scala
[17:03:41] [spechunter] [Read] /home/yzs/riscv/XiangShan/src/main/scala/xiangshan/backend/fu/NewCSR/NewCSR.scala
[17:03:41] [spechunter] [Read] /home/yzs/riscv/XiangShan/src/main/scala/xiangshan/backend/fu/NewCSR/NewCSR.scala
[17:05:07] [spechunter] [Read] /home/yzs/riscv/XiangShan/src/main/scala/xiangshan/backend/fu/NewCSR/MachineLevel.scala
[17:05:07] [spechunter] [Read] /home/yzs/riscv/XiangShan/src/main/scala/xiangshan/backend/fu/NewCSR/MachineLevel.scala
[17:05:07] [spechunter] [Read] /home/yzs/riscv/XiangShan/src/main/scala/xiangshan/backend/fu/NewCSR/SupervisorLevel.scala
[17:05:07] [spechunter] [Read] /home/yzs/riscv/XiangShan/src/main/scala/xiangshan/backend/fu/NewCSR/SupervisorLevel.scala
[17:05:07] [spechunter] [Read] /home/yzs/riscv/XiangShan/src/main/scala/xiangshan/backend/fu/NewCSR/NewCSR.scala
[17:05:38] [spechunter] [text] That agent didn't actually do the work. Let me investigate directly.  
[17:05:38] [spechunter] [Read] /home/yzs/riscv/linux/arch/riscv/include/asm/switch_to.h
[17:05:38] [spechunter] [Read] /home/yzs/riscv/linux/arch/riscv/kernel/process.c
[17:05:38] [spechunter] [Read] /home/yzs/riscv/linux/arch/riscv/kernel/asm-offsets.c
[17:06:01] [spechunter] [Grep] pattern='__switch_to'
[17:06:01] [spechunter] [Grep] pattern='CSR_ENVCFG|CSR_HENVCFG|CSR_SENVCFG|senvcfg|henvcfg'
[17:06:01] [spechunter] [Grep] pattern='mcontext|scontext|hcontext|CSR_MCONTEXT|CSR_SCONTEXT|CSR_HCONTEXT'
[17:06:01] [spechunter] [Grep] pattern='mvendorid|marchid|mimpid|CSR_MVENDORID|CSR_MARCHID|CSR_MIMPID'
[17:06:06] [spechunter] [text] Now I have enough context to cross-validate all locations. The PR "ARC feedback" (RISC-V Architecture Review Committee) ...
[17:06:06] [spechunter] [Read] /home/yzs/riscv/XiangShan/src/main/scala/xiangshan/backend/fu/NewCSR/NewCSR.scala
[17:06:06] [spechunter] [Read] /home/yzs/riscv/XiangShan/src/main/scala/xiangshan/backend/fu/NewCSR/NewCSR.scala
[17:06:06] [spechunter] [Read] /home/yzs/riscv/XiangShan/src/main/scala/xiangshan/backend/fu/NewCSR/NewCSR.scala
[17:06:06] [spechunter] [Read] /home/yzs/riscv/XiangShan/src/main/scala/xiangshan/backend/fu/NewCSR/SstcInterruptGen.scala
[17:06:42] [spechunter] [Grep] pattern='__switch_to|switch_to'
[17:06:42] [spechunter] [Read] /home/yzs/riscv/linux/arch/riscv/kernel/suspend.c
[17:06:42] [spechunter] [Read] /home/yzs/riscv/linux/arch/riscv/kvm/vcpu.c
[17:07:06] [spechunter] [Read] /home/yzs/riscv/linux/arch/riscv/kernel/entry.S
[17:07:06] [spechunter] [Grep] pattern='dcsr|DCSR|CSR_DCSR'
[17:07:06] [spechunter] [Grep] pattern='kvm_riscv_vcpu_isa_check_host|kvm_riscv_vcpu_isa_enable_allowed|kvm_riscv_vcpu_setup_isa'
[17:07:38] [spechunter] [Read] /home/yzs/riscv/linux/arch/riscv/kvm/vcpu_onereg.c
[17:07:38] [spechunter] [Read] /home/yzs/riscv/linux/arch/riscv/kernel/usercfi.c
[17:07:38] [spechunter] [Read] /home/yzs/riscv/linux/arch/riscv/kernel/traps.c
[17:08:21] [spechunter] [text] Now I have all the context needed for cross-validation. Let me produce the final location set.  ```json {   "locations":...
[17:08:50] [spechunter] [text] I'll start by exploring the codebase structure and finding the relevant CSR implementations for cross-hart divergence an...
[17:08:50] [spechunter] [Agent] description, prompt
[17:08:50] [spechunter] [Agent] description, prompt
[17:08:56] [spechunter] [Read] /home/yzs/riscv/linux/arch/riscv/kernel/signal.c
[17:08:56] [spechunter] [Read] /home/yzs/riscv/linux/arch/riscv/errata/sifive/errata.c
[17:08:56] [spechunter] [Grep] pattern='menvcfg|CSR_MENVCFG'
[17:08:56] [spechunter] [Read] /home/yzs/riscv/linux/arch/riscv/kernel/cpu.c
[17:09:05] [spechunter] [Bash] List top-level Scala source directory
[17:09:05] [spechunter] [Bash] List project root
[17:09:05] [spechunter] [Glob] **/Config.scala
[17:09:05] [spechunter] [Glob] **/Parameters.scala
[17:09:11] [spechunter] [Bash] List all files in spec_ref directory
[17:09:11] [spechunter] [Bash] List directory structure recursively
[17:09:29] [spechunter] [Bash] XiangShan core directory structure
[17:09:29] [spechunter] [Grep] pattern='vlenb'
[17:09:29] [spechunter] [Grep] pattern='\\bmisa\\b'
[17:09:29] [spechunter] [Grep] pattern='menvcfg|senvcfg'
[17:09:29] [spechunter] [Grep] pattern='\\bPMP\\b|pmpcfg|pmpaddr|pmp_granularity|Napot|addr_matching'
[17:09:29] [spechunter] [Grep] pattern='CoreConfig|HartConfig|class.*Config|val.*XLen|val.*VLEN|val.*NumCores|val.*HartId'
[17:09:35] [spechunter] [Bash] List top-level structure of riscv-isa-manual
[17:09:35] [spechunter] [Grep] pattern='hart.*divergence|architectural.*state.*migration|multi.?hart|thread.*migration'
[17:09:35] [spechunter] [Grep] pattern='vlenb'
[17:09:35] [spechunter] [Grep] pattern='menvcfg|senvcfg|CBOZE|CBCFE|CBIE'
[17:09:35] [spechunter] [Grep] pattern='PMP.*address.*match|pmp.*granularity|pmpcfg'
[17:10:03] [spechunter] [Grep] pattern='vlenb|VLENB|Vlenb'
[17:10:03] [spechunter] [Grep] pattern='misa|MISA|Isa'
[17:10:03] [spechunter] [Grep] pattern='menvcfg|MenVcfg|MENVCFG|CBOZE|CBCFE|CBIE|cbo'
[17:10:03] [spechunter] [Grep] pattern='senvcfg|SenVcfg|SENVCFG|CBOZE|CBCFE|CBIE|cbo'
[17:10:03] [spechunter] [Grep] pattern='pmp|PMP|granularity|G |Napot|address_matching'
[17:10:03] [spechunter] [Grep] pattern='VLEN|XLen|NumCores|HartId|config|Config'
[17:10:13] [spechunter] [Grep] pattern='RVA_050|RVA050'
[17:10:13] [spechunter] [Grep] pattern='hart divergence|state.*migrat|hart.*migrat|hart.*different|heterogen'
[17:10:13] [spechunter] [Grep] pattern='misa.*CSR|CSR.*misa|\\"misa\\"|misa\\b'
[17:10:13] [spechunter] [Grep] pattern='multi.?hart|multi.?thread.*migrat|mtvec.*migrat|context.*migrat'
[17:10:13] [spechunter] [Bash] List all adoc files in riscv-isa-manual/src
[17:10:13] [spechunter] [Read] /home/yzs/riscv/linux/arch/riscv/kvm/main.c
[17:10:13] [spechunter] [Grep] pattern='kvm_arch_vcpu_load|kvm_sched_in|kvm_sched_out'
[17:10:13] [spechunter] [Grep] pattern='prev_cpu|thread_migrated|cpu_migrated|set_cpus_allowed|migration'
[17:10:34] [spechunter] [Grep] pattern='VlenbField'
[17:10:34] [spechunter] [Grep] pattern='MisaBundle|getISAString|isaExt|Mxlen'
[17:10:34] [spechunter] [Grep] pattern='class MEnvCfg'
[17:10:34] [spechunter] [Grep] pattern='class SEnvCfg'
[17:10:34] [spechunter] [Grep] pattern='granularity|Granule|AddressMatching|G'
[17:10:34] [spechunter] [Grep] pattern='granularity|Granule|AddressMatching|G'
[17:10:43] [spechunter] [Read] /home/yzs/riscv/linux/drivers/irqchip/irq-riscv-intc.c
[17:10:43] [spechunter] [Grep] pattern='cpumask_generation|tif_need_resched|cpu_active_mask|cpu_online_mask'
[17:10:43] [spechunter] [Read] /home/yzs/riscv/linux/arch/riscv/kernel/alternative.c
[17:10:59] [spechunter] [TodoWrite] 6 items
[17:11:38] [spechunter] [Grep] pattern='vlenb'
[17:11:38] [spechunter] [Grep] pattern='vlenb|vector.*length.*byte'
[17:11:38] [spechunter] [Grep] pattern='menvcfg|senvcfg|CBOZE|CBCFE|CBIE'
[17:11:38] [spechunter] [Grep] pattern='misa\\b|Machine ISA Register|\\"misa\\"'
[17:11:38] [spechunter] [Grep] pattern='PMP|Physical Memory Protection|pmpcfg|pmpaddr'
[17:11:38] [spechunter] [Grep] pattern='multi.?hart|thread.*migration|context.*migrat'
[17:12:08] [spechunter] [text] Now let me compile the final report.  
[17:12:08] [spechunter] [Read] /home/yzs/riscv/linux/arch/riscv/kernel/sys_hwprobe.c
[17:12:08] [spechunter] [Read] /home/yzs/riscv/linux/arch/riscv/kernel/sys_hwprobe.c
[17:12:10] [spechunter] [Grep] pattern='class EnvCfg'
[17:12:10] [spechunter] [Grep] pattern='PlatformGrain|PMParameKey|PMPAddrBits'
[17:12:10] [spechunter] [Grep] pattern='class XSCoreParameters|class XSTile|class CoreParams|ISAExtensions'
[17:12:10] [spechunter] [Grep] pattern='class XSCoreParameters'
[17:12:10] [spechunter] [Grep] pattern='ISAExtensions'
[17:12:16] [spechunter] [Read] /home/yzs/riscv/rv-isa-sec/spec_ref/riscv-isa-manual/src/priv/csrs.adoc
[17:12:16] [spechunter] [Grep] pattern='CBOZE|CBCFE|CBIE|CBO.ZERO|CBO.L1|CBO.L2|Cache Block'
[17:12:16] [spechunter] [Grep] pattern='CBOZE|CBCFE|CBIE'
[17:12:16] [spechunter] [Grep] pattern='menvcfg|Machine Environment Configuration'
[17:12:16] [spechunter] [Grep] pattern='Machine ISA Register|misa.*register|misa.*encoding'
[17:12:22] [spechunter] [Grep] pattern='class EnvCfg'
[17:12:22] [spechunter] [Read] /home/yzs/riscv/XiangShan/src/main/scala/xiangshan/PMParameters.scala
[17:12:22] [spechunter] [Read] /home/yzs/riscv/XiangShan/src/main/scala/top/Configs.scala
[17:12:22] [spechunter] [Grep] pattern='CBQRI|CBCFE|CBIE|CBOZE'
[17:12:36] [spechunter] [Grep] pattern='senvcfg|Supervisor Environment Configuration'
[17:12:36] [spechunter] [Read] /home/yzs/riscv/rv-isa-sec/spec_ref/riscv-isa-manual/src/priv/machine.adoc
[17:12:36] [spechunter] [Grep] pattern='RVA20|RVA22|RVA23|RVA_050|RVA.*profile'
[17:12:36] [spechunter] [Glob] **/*RVA*
[17:12:36] [spechunter] [Glob] **/*profile*
[17:12:50] [spechunter] [Read] /home/yzs/riscv/rv-isa-sec/spec_ref/riscv-isa-manual/src/profiles/rva23.adoc
[17:12:50] [spechunter] [Read] /home/yzs/riscv/rv-isa-sec/spec_ref/riscv-isa-manual/src/profiles/intro.adoc
[17:12:50] [spechunter] [Read] /home/yzs/riscv/rv-isa-sec/spec_ref/riscv-isa-manual/src/unpriv/zifencei.adoc
[17:12:50] [spechunter] [Grep] pattern='hart.*diverg|state.*migrat|thread.*migrat|multi.?hart|multihart|hart.*uniqu|hart.*requirement|hart.*identi'
[17:12:50] [spechunter] [Grep] pattern='hart.*diverg|hart.*migrat|hart.*uniqu|state.*migrat|architectural.*state'
[17:12:50] [spechunter] [text] Let me check a few more things before finalizing.  
[17:12:50] [spechunter] [Read] /home/yzs/riscv/linux/arch/riscv/kernel/smpboot.c
[17:12:50] [spechunter] [Grep] pattern='riscv_user_isa_enable|riscv_fill_hwcap'
[17:12:50] [spechunter] [Read] /home/yzs/riscv/linux/arch/riscv/kernel/cpufeature.c
[17:13:16] [spechunter] [Grep] pattern='mhartid|hart.*unique|hart.*ID'
[17:13:16] [spechunter] [Grep] pattern='PMP.*granularity|four.?byte.*granul|granul|pmp.*region.*size|G.*pmpaddr|size.*pmp'
[17:13:16] [spechunter] [Grep] pattern='NAPOT.*pmpaddr|pmpaddr.*NAPOT|pmpaddr~.*G|G.*pmpaddr'
[17:13:16] [spechunter] [Grep] pattern='misa'
[17:13:19] [spechunter] [Grep] pattern='NewCSR|XSCore|misa|vlenb|HartId|hartId|envcfg'
[17:13:19] [spechunter] [Read] /home/yzs/riscv/XiangShan/src/main/scala/xiangshan/Parameters.scala
[17:13:19] [spechunter] [Grep] pattern='misa\\.bundle|println.*isa'
[17:13:19] [spechunter] [Grep] pattern='setAddr\\(CSRs\\.misa\\)|setAddr\\(CSRs\\.vlenb\\)|setAddr\\(CSRs\\.menvcfg\\)'
[17:13:19] [spechunter] [Grep] pattern='setAddr\\(CSRs\\.senvcfg\\)'
[17:13:43] [spechunter] [Grep] pattern='VLEN|vlen|VLENB|Vlenb'
[17:13:43] [spechunter] [Grep] pattern='vlenb|misa|menvcfg|senvcfg'
[17:13:43] [spechunter] [Grep] pattern='PlatformGrain|pmp|PMP'
[17:13:43] [spechunter] [Grep] pattern='misa|vlenb|menvcfg|VLEN|NewCSR'
[17:13:43] [spechunter] [Grep] pattern='EnvCBIE|EnvPMM'
[17:14:03] [spechunter] [Grep] pattern='val VLEN'
[17:14:03] [spechunter] [Grep] pattern='senvcfg|envcfg|menvcfg|MEnvCfg'
[17:14:03] [spechunter] [Grep] pattern='EnvcCBIE|EnvCBIE|object Env'
[17:14:03] [spechunter] [Grep] pattern='XSTileKey|site|hartId|numCores|n'
[17:14:03] [spechunter] [Grep] pattern='XLENField|VlenbField|import.*VLEN'
[17:14:18] [spechunter] [Grep] pattern='object XLENField|class XLENField'
[17:14:18] [spechunter] [Grep] pattern='object EnvCBIE|val Inval'
[17:14:18] [spechunter] [Grep] pattern='MEnvCfg|envcfg|shadow|write.*senvcfg'
[17:14:18] [spechunter] [Grep] pattern='XSTileKey|numCores|Tile|tabulate|hartId'
[17:14:18] [spechunter] [Grep] pattern='import.*VLEN|VLEN'
[17:14:26] [spechunter] [Read] /home/yzs/riscv/rv-isa-sec/spec_ref/riscv-isa-manual/src/priv/images/wavedrom/menvcfgreg.edn
[17:14:26] [spechunter] [Grep] pattern='hart|thread|cpu|multi|diverg'
[17:14:26] [spechunter] [Grep] pattern='menvcfg.*CBIE|CBIE.*bit|CBCFE.*bit|CBZE.*bit|CBIE.*field|CBCFE.*field|CBZE.*field'
[17:14:26] [spechunter] [Read] /home/yzs/riscv/rv-isa-sec/spec_ref/riscv-isa-manual/src/unpriv/cmo.adoc
[17:15:05] [spechunter] [text] Now I have all the data. Let me compile the final JSON report
[17:15:05] [spechunter] [TodoWrite] 6 items
[17:15:38] [spechunter] [Grep] pattern='import|package|VLEN'
[17:15:38] [spechunter] [Grep] pattern='VLEN|XLen|XLENField|VlenbField'
[17:15:38] [spechunter] [Grep] pattern='object XLENField'
[17:15:38] [spechunter] [Grep] pattern='VLEN ='
[17:15:38] [spechunter] [Grep] pattern='import.*NewCSR.*VLEN|import.*VLEN'
[17:15:52] [spechunter] [Grep] pattern='senvcfg|menvcfg|HasMachineEnvBundle|HasSupervisorEnv|envcfg.*shadow'
[17:15:52] [spechunter] [Grep] pattern='senvcfg'
[17:15:52] [spechunter] [Grep] pattern='All|csrMods|machineLevelCSRMods|writeMask|readMask'
[17:16:13] [spechunter] [Read] /home/yzs/riscv/XiangShan/src/main/scala/xiangshan/backend/fu/NewCSR/NewCSR.scala
[17:16:13] [spechunter] [Grep] pattern='senvcfg\\.w|Senvcfg.*write|senvcfg.*alias|senvcfg.*menvcfg'
[17:16:13] [spechunter] [Grep] pattern='isMode.*CBOZE|CBZE.*senvcfg'
[17:16:29] [spechunter] [Grep] pattern='senvcfg\\.w\\.|writedata.*senvcfg|senvcfg.*wdata|senvcfg.*writedataJ'
[17:16:29] [spechunter] [Read] /home/yzs/riscv/XiangShan/src/main/scala/xiangshan/backend/fu/NewCSR/NewCSR.scala
[17:16:29] [spechunter] [Grep] pattern='senvcfg|Senvcfg'
[17:16:59] [spechunter] [Read] /home/yzs/riscv/XiangShan/src/main/scala/xiangshan/backend/fu/NewCSR/SupervisorLevel.scala
[17:16:59] [spechunter] [Grep] pattern='senvcfg\\.w'
[17:16:59] [spechunter] [Read] /home/yzs/riscv/XiangShan/src/main/scala/xiangshan/backend/fu/NewCSR/NewCSR.scala
[17:17:19] [spechunter] [Grep] pattern='class.*Module.*senvcfg|class.*Senvcfg|SEnvCfg|envcfg'
[17:17:19] [spechunter] [Grep] pattern='class SEnvCfg'
[17:18:00] [spechunter] [Grep] pattern='HasMachineEnvBundle|HasSupervisorEnv'
[17:18:00] [spechunter] [Grep] pattern='class NewCSR|override.*VLEN|import.*Parameters.*VLEN'
[17:18:00] [spechunter] [Read] /home/yzs/riscv/XiangShan/src/main/scala/xiangshan/backend/fu/NewCSR/NewCSR.scala
[17:20:43] [spechunter] [text] Let me now read the key source files to verify the findings and produce a detailed analysis
[17:20:43] [spechunter] [Read] /home/yzs/riscv/XiangShan/src/main/scala/xiangshan/backend/fu/NewCSR/NewCSR.scala
[17:20:43] [spechunter] [Read] /home/yzs/riscv/XiangShan/src/main/scala/xiangshan/backend/fu/NewCSR/Unprivileged.scala
[17:20:43] [spechunter] [Read] /home/yzs/riscv/XiangShan/src/main/scala/xiangshan/backend/fu/NewCSR/Unprivileged.scala
[17:20:43] [spechunter] [Read] /home/yzs/riscv/XiangShan/src/main/scala/xiangshan/backend/fu/NewCSR/MachineLevel.scala
[17:20:43] [spechunter] [Read] /home/yzs/riscv/XiangShan/src/main/scala/xiangshan/backend/fu/NewCSR/MachineLevel.scala
[17:20:43] [spechunter] [Read] /home/yzs/riscv/XiangShan/src/main/scala/xiangshan/backend/fu/NewCSR/MachineLevel.scala
[17:21:04] [spechunter] [Read] /home/yzs/riscv/XiangShan/src/main/scala/xiangshan/backend/fu/NewCSR/CSRBundles.scala
[17:21:04] [spechunter] [Read] /home/yzs/riscv/XiangShan/src/main/scala/xiangshan/PMParameters.scala
[17:21:04] [spechunter] [Read] /home/yzs/riscv/XiangShan/src/main/scala/top/Configs.scala
[17:21:04] [spechunter] [Read] /home/yzs/riscv/XiangShan/src/main/scala/xiangshan/Parameters.scala
[17:22:08] [spechunter] [text] Now let me check the CBO block size parameter and any context-switch/thread-migration logic.  
[17:22:08] [spechunter] [Grep] pattern='cache.?block.?size|cacheBlockSize|CACHE_BLOCK|blockSize|cboz_block|cbo.*size'
[17:22:08] [spechunter] [Grep] pattern='thread.migrat|hart.migrat|context.switch|migrat'
[17:22:08] [spechunter] [Grep] pattern='VlenbField|cboz|cbo\\.zero|cache.?block.?size'
[17:23:34] [spechunter] [Read] /home/yzs/riscv/XiangShan/src/main/scala/xiangshan/XSDts.scala
[17:23:34] [spechunter] [Grep] pattern='dcacheParameters|blockBytes'
[17:23:47] [spechunter] [Grep] pattern='cbo.*zero|CBO.*ZERO|CboZero|cboz'
[17:23:47] [spechunter] [Read] /home/yzs/riscv/XiangShan/src/main/scala/xiangshan/package.scala
[17:24:05] [spechunter] [Read] /home/yzs/riscv/XiangShan/src/main/scala/xiangshan/package.scala
[17:24:05] [spechunter] [Grep] pattern='VLEN|vlen'
[17:24:11] [spechunter] [Grep] pattern='cbo.*block|cache.*block.*bytes|dcacheParameters.blockBytes'
[17:24:11] [spechunter] [Read] /home/yzs/riscv/XiangShan/src/main/scala/xiangshan/Parameters.scala
[17:24:38] [spechunter] [Grep] pattern='blockBytes'
[17:24:38] [spechunter] [Read] /home/yzs/riscv/XiangShan/src/main/scala/xiangshan/backend/fu/NewCSR/Unprivileged.scala
[17:25:07] [spechunter] [Grep] pattern='import.*VLEN|XSCoreParams.*VLEN|coreParams.*VLEN|\\.VLEN'
[17:25:07] [spechunter] [Grep] pattern='import|VLEN|HasXSParameter'
[17:25:44] [spechunter] [Grep] pattern='class NewCSR|with HasXSParameter|HasXSCoreParameter|XSCoreParamsKey'
[17:25:44] [spechunter] [Read] /home/yzs/riscv/XiangShan/src/main/scala/xiangshan/backend/fu/NewCSR/NewCSR.scala
[17:25:57] [spechunter] [Grep] pattern='def VLEN|HasXSParameter|HasXSCoreParameter'
[17:25:57] [spechunter] [Grep] pattern='trait HasXSCoreParameter'
[17:26:03] [spechunter] [Grep] pattern='trait HasXSParameter'
[17:26:21] [spechunter] [Read] /home/yzs/riscv/XiangShan/src/main/scala/xiangshan/Parameters.scala
[17:26:40] [spechunter] [text] ```json {   "target": "linux",   "pr": {     "title": "ARC feedback",     "body": "Spec file: docs-resources",     "url"...
[17:26:40] [spechunter] [TodoWrite] 6 items
[17:27:52] [spechunter] [text] Let me check the current state of the working tree and any relevant context to understand where we left off
[17:27:52] [spechunter] [Bash] Check working tree status
[17:27:52] [spechunter] [Bash] Check recent commits
[17:28:13] [spechunter] [Read] /home/yzs/riscv/XiangShan/src/main/scala/xiangshan/backend/fu/NewCSR/NewCSR.scala
[17:28:13] [spechunter] [Read] /home/yzs/riscv/XiangShan/src/main/scala/xiangshan/backend/fu/NewCSR/NewCSR.scala
[17:28:17] [spechunter] [Bash] Check transcript file from previous session
[17:28:17] [spechunter] [Bash] List recent JSON output files
[17:29:13] [spechunter] [text] Let me check the transcript to understand where exactly the conversation left off.  
[17:29:13] [spechunter] [Bash] Check last entries of the transcript
[17:29:56] [spechunter] [text] Let me look at what was being worked on by examining the recent outputs and the current branch
[17:29:56] [spechunter] [Bash] Check most recently modified JSON files
[17:29:56] [spechunter] [Bash] Check current branch and recent commits
[17:29:59] [spechunter] [text] Now let me check the RVA profile specs for any hart uniformity requirements, and the vlenb spec
[17:29:59] [spechunter] [Read] /home/yzs/riscv/rv-isa-sec/spec_ref/riscv-isa-manual/src/unpriv/vector-common.adoc
[17:29:59] [spechunter] [Read] /home/yzs/riscv/rv-isa-sec/spec_ref/riscv-isa-manual/src/priv/machine.adoc
[17:29:59] [spechunter] [Read] /home/yzs/riscv/rv-isa-sec/spec_ref/riscv-isa-manual/src/profiles/intro.adoc
[17:30:15] [spechunter] [Read] /home/yzs/riscv/rv-isa-sec/spec_ref/riscv-isa-manual/src/unpriv/zifencei.adoc
[17:30:15] [spechunter] [Read] /home/yzs/riscv/rv-isa-sec/spec_ref/riscv-isa-manual/src/priv/machine.adoc
[17:30:30] [spechunter] [text] I'll validate the fast-path locations by reading the actual source files to confirm they match the described behavior an...
[17:30:30] [spechunter] [Read] /home/yzs/riscv/linux/arch/riscv/kernel/cpufeature.c
[17:30:30] [spechunter] [Read] /home/yzs/riscv/linux/arch/riscv/kernel/cpufeature.c
[17:30:30] [spechunter] [Read] /home/yzs/riscv/linux/arch/riscv/kernel/cpufeature.c
[17:30:30] [spechunter] [Read] /home/yzs/riscv/linux/arch/riscv/include/asm/cpufeature.h
[17:30:30] [spechunter] [Read] /home/yzs/riscv/linux/arch/riscv/include/asm/cpufeature-macros.h
[17:30:45] [spechunter] [Grep] pattern='hart.*uniform|uniform.*hart|migration|hart.*diverge|diverge.*hart'
[17:30:45] [spechunter] [Read] /home/yzs/riscv/rv-isa-sec/spec_ref/riscv-isa-manual/src/unpriv/zicond.adoc
[17:30:50] [spechunter] [Read] /home/yzs/riscv/rv-isa-sec/spec_ref/riscv-isa-manual/src/unpriv/vector-common.adoc
[17:30:50] [spechunter] [Read] /home/yzs/riscv/rv-isa-sec/spec_ref/riscv-isa-manual/src/unpriv/vector-common.adoc
[17:31:12] [spechunter] [Read] /home/yzs/riscv/linux/arch/riscv/kvm/vcpu.c
[17:31:12] [spechunter] [Read] /home/yzs/riscv/linux/arch/riscv/kvm/vcpu.c
[17:31:12] [spechunter] [Read] /home/yzs/riscv/linux/arch/riscv/kvm/vcpu.c
[17:31:12] [spechunter] [Read] /home/yzs/riscv/linux/arch/riscv/kvm/vcpu.c
[17:31:12] [spechunter] [Read] /home/yzs/riscv/linux/arch/riscv/kvm/vcpu_onereg.c
[17:31:12] [spechunter] [Read] /home/yzs/riscv/linux/arch/riscv/kvm/vcpu_onereg.c
[17:31:42] [spechunter] [Read] /home/yzs/riscv/linux/arch/riscv/kvm/vcpu_onereg.c
[17:31:42] [spechunter] [Read] /home/yzs/riscv/linux/arch/riscv/kvm/vcpu_sbi_fwft.c
[17:31:42] [spechunter] [Read] /home/yzs/riscv/linux/arch/riscv/kernel/cpu.c
[17:31:42] [spechunter] [Read] /home/yzs/riscv/linux/arch/riscv/kernel/head.S
[17:31:42] [spechunter] [Read] /home/yzs/riscv/linux/arch/riscv/kernel/alternative.c
[17:31:42] [spechunter] [Read] /home/yzs/riscv/linux/arch/riscv/kernel/suspend.c
[17:32:11] [spechunter] [text] Let me also check for TLB shootdown and any hart synchronization mechanisms.  
[17:32:11] [spechunter] [Grep] pattern='sfence|tlb.*shoot|shootdown|fence\\.i|SFENCE'
[17:32:11] [spechunter] [Read] /home/yzs/riscv/XiangShan/src/main/scala/xiangshan/backend/fu/NewCSR/CSRBundles.scala
[17:32:36] [spechunter] [text] Let me now read the remaining locations
[17:32:36] [spechunter] [Read] /home/yzs/riscv/linux/arch/riscv/kvm/aia.c
[17:32:36] [spechunter] [Read] /home/yzs/riscv/linux/arch/riscv/crypto/aes-riscv64-glue.c
[17:32:36] [spechunter] [Read] /home/yzs/riscv/linux/arch/riscv/kvm/vcpu.c
[17:34:42] [spechunter] [text] Now I have a complete picture. Let me cross-validate and produce the final location set.  
[17:34:42] [spechunter] [Read] /home/yzs/riscv/linux/arch/riscv/include/asm/csr.h
[17:34:42] [spechunter] [Read] /home/yzs/riscv/linux/arch/riscv/include/asm/csr.h
[17:34:42] [spechunter] [Read] /home/yzs/riscv/linux/arch/riscv/include/asm/csr.h
[17:34:42] [spechunter] [Read] /home/yzs/riscv/linux/arch/riscv/include/asm/csr.h
[17:36:57] [spechunter] [text] Now I have all the data needed for cross-validation. Let me produce the final analysis.  ```json {   "locations": [     ...
[17:37:46] [spechunter] [text] I'll start by searching for the key vulnerability patterns in the RISC-V Linux kernel code. Let me look at the specific ...
[17:37:46] [spechunter] [Agent] description, prompt
[17:37:46] [spechunter] [Agent] description, prompt
[17:37:46] [spechunter] [Agent] description, prompt
[17:38:06] [spechunter] [Grep] pattern='switch_to|__switch_to|cpu_switch_to'
[17:38:06] [spechunter] [Glob] arch/riscv/kernel/entry.S
[17:38:06] [spechunter] [Grep] pattern='csr_[rw].*switch|CSR.*save|CSR.*restore|\\.csrr|\\.csrw'
[17:38:06] [spechunter] [Grep] pattern='sstatus|sscratch|stvec|sepc|scause|stval|scounteren|senvcfg|satp'
[17:38:06] [spechunter] [Grep] pattern='signal.*frame|sigframe|__user.*ext|ext_state|extension.*state'
[17:38:12] [spechunter] [Glob] arch/riscv/kvm/*.c
[17:38:12] [spechunter] [Glob] arch/riscv/kvm/*.h
[17:38:12] [spechunter] [Grep] pattern='kvm_arch_vcpu_load|kvm_arch_vcpu_put'
[17:38:12] [spechunter] [Grep] pattern='migrate|migration'
[17:38:12] [spechunter] [Grep] pattern='cpumask|set_cpus_allowed|kvm_vcpu_on_spin|vcpu_preempted'
[17:38:26] [spechunter] [Grep] pattern='riscv_isa_extension_available'
[17:38:26] [spechunter] [Grep] pattern='__riscv_isa_extension_available'
[17:38:26] [spechunter] [Glob] arch/riscv/kernel/cpufeature*
[17:38:26] [spechunter] [Grep] pattern='riscv_isa_extension_available'
[17:38:26] [spechunter] [Grep] pattern='__riscv_isa_extension_available'
[17:38:29] [spechunter] [Grep] pattern='kvm_arch_vcpu_load|kvm_arch_vcpu_put'
[17:38:29] [spechunter] [Read] /home/yzs/riscv/linux/arch/riscv/kvm/vcpu.c
[17:38:29] [spechunter] [Read] /home/yzs/riscv/linux/arch/riscv/kvm/vcpu_onereg.c
[17:38:29] [spechunter] [Read] /home/yzs/riscv/linux/arch/riscv/kvm/vcpu_fp.c
[17:38:29] [spechunter] [Read] /home/yzs/riscv/linux/arch/riscv/kvm/vcpu_vector.c
[17:38:29] [spechunter] [Read] /home/yzs/riscv/linux/arch/riscv/kvm/vcpu_pmu.c
[17:38:38] [spechunter] [Read] /home/yzs/riscv/linux/arch/riscv/kernel/entry.S
[17:38:38] [spechunter] [Read] /home/yzs/riscv/linux/arch/riscv/include/asm/switch_to.h
[17:38:38] [spechunter] [Read] /home/yzs/riscv/linux/arch/riscv/kernel/signal.c
[17:38:38] [spechunter] [Read] /home/yzs/riscv/linux/arch/riscv/kernel/process.c
[17:38:39] [spechunter] [Read] /home/yzs/riscv/linux/arch/riscv/kernel/cpufeature.c
[17:38:39] [spechunter] [Read] /home/yzs/riscv/linux/arch/riscv/include/asm/cpufeature-macros.h
[17:38:39] [spechunter] [Read] /home/yzs/riscv/linux/arch/riscv/include/asm/cpufeature.h
[17:38:52] [spechunter] [Read] /home/yzs/riscv/linux/arch/riscv/kernel/cpufeature.c
[17:38:52] [spechunter] [Grep] pattern='static.*bool.*riscv_isa|static.*bool.*has_|static.*bool.*any_|static.*bool.*supports'
[17:38:52] [spechunter] [Grep] pattern='riscv_isa_extension_available\\(NULL|__riscv_isa_extension_available\\(NULL'
[17:39:09] [spechunter] [Read] /home/yzs/riscv/linux/arch/riscv/kvm/vcpu_switch.S
[17:39:09] [spechunter] [Glob] arch/riscv/kernel/fpu.S
[17:39:09] [spechunter] [Grep] pattern='__fstate_save|__fstate_restore'
[17:39:09] [spechunter] [Grep] pattern='riscv_has_extension|riscv_isa_ext|ISA_EXT|cap.*prob|per_cpu.*cpufeature|hwprobe|alternative'
[17:39:09] [spechunter] [Grep] pattern='csr_write|csr_read|csr_set|csr_clear|\\.word.*CSR|CSR_STATUS|CSR_ENVCFG|CSR_SSTATUS|CSR_SCOUNTEREN|CSR_SENVCFG|CSR_SEPC|CSR_STVEC|CSR_SSCRATCH'
[17:39:10] [spechunter] [Read] /home/yzs/riscv/linux/arch/riscv/kernel/cpufeature.c
[17:39:10] [spechunter] [Read] /home/yzs/riscv/linux/arch/riscv/kernel/cpufeature.c
[17:39:10] [spechunter] [Read] /home/yzs/riscv/linux/arch/riscv/kernel/cpufeature.c
[17:39:12] [spechunter] [Grep] pattern='kvm_sched_out|kvm_sched_in'
[17:39:12] [spechunter] [Grep] pattern='riscv_isa_extension_available|__riscv_isa_extension_available|riscv_has_extension'
[17:39:12] [spechunter] [Grep] pattern='cpumask|on_each_cpu|for_each_online_cpu|cpu_online|sched_setaffinity'
[17:39:12] [spechunter] [Read] /home/yzs/riscv/linux/arch/riscv/kvm/vcpu_exit.c
[17:39:12] [spechunter] [Read] /home/yzs/riscv/linux/arch/riscv/kvm/vcpu_insn.c
[17:39:26] [spechunter] [Read] /home/yzs/riscv/linux/arch/riscv/kernel/fpu.S
[17:39:26] [spechunter] [Grep] pattern='SAVE_HOST_AND_RESTORE_GUEST_CSRS|SAVE_GUEST_AND_RESTORE_HOST_CSRS|SAVE_HOST_GPRS|SAVE_GUEST_GPRS|RESTORE_GUEST_GPRS|RESTORE_HOST_GPRS'
[17:39:26] [spechunter] [Read] /home/yzs/riscv/linux/arch/riscv/kernel/cpufeature.c
[17:39:41] [spechunter] [Read] /home/yzs/riscv/linux/arch/riscv/kernel/cpufeature.c
[17:39:41] [spechunter] [Read] /home/yzs/riscv/linux/arch/riscv/kernel/cpufeature.c
[17:39:41] [spechunter] [Read] /home/yzs/riscv/linux/arch/riscv/kernel/setup.c
[17:39:43] [spechunter] [Grep] pattern='kvm_riscv_vcpu_aia_load|kvm_riscv_vcpu_aia_put|kvm_riscv_vcpu_aia_update'
[17:39:43] [spechunter] [Read] /home/yzs/riscv/linux/arch/riscv/kvm/aia.c
[17:39:43] [spechunter] [Grep] pattern='sched_out|sched_in|preempt_notifier'
[17:39:43] [spechunter] [Grep] pattern='kvm_vcpu_on_spin|vcpu_preempted'
[17:39:43] [spechunter] [Read] /home/yzs/riscv/linux/arch/riscv/kvm/vcpu_timer.c
[17:39:43] [spechunter] [Read] /home/yzs/riscv/linux/arch/riscv/kvm/vmid.c
[17:39:50] [spechunter] [Grep] pattern='SAVE_HOST_AND_RESTORE_GUEST_CSRS|SAVE_GUEST_AND_RESTORE_HOST_CSRS'
[17:39:50] [spechunter] [Grep] pattern='per.cpu.*isa|check_isa|populate.*isa|decode.*isa|fill.*isa|hart_isa'
[17:39:50] [spechunter] [Grep] pattern='__switch_to_vector'
[17:40:08] [spechunter] [Read] /home/yzs/riscv/linux/arch/riscv/kvm/aia.c
[17:40:08] [spechunter] [Grep] pattern='for_each_online_cpu|for_each_possible_cpu|on_each_cpu'
[17:40:08] [spechunter] [Grep] pattern='isa_extension_available|riscv_has_extension.*NULL'
[17:40:08] [spechunter] [Read] /home/yzs/riscv/linux/arch/riscv/kvm/vcpu_sbi_fwft.c
[17:40:08] [spechunter] [Read] /home/yzs/riscv/linux/arch/riscv/kvm/aia_imsic.c
[17:40:08] [spechunter] [Grep] pattern='kvm_sched_out|kvm_sched_in'
[17:40:14] [spechunter] [Grep] pattern='SAVE_HOST_AND_RESTORE_GUEST_CSRS|SAVE_GUEST_AND_RESTORE_HOST_CSRS'
[17:40:14] [spechunter] [Read] /home/yzs/riscv/linux/arch/riscv/include/asm/vector.h
[17:40:14] [spechunter] [Read] /home/yzs/riscv/linux/arch/riscv/kernel/cpufeature.c
[17:40:20] [spechunter] [Read] /home/yzs/riscv/linux/arch/riscv/kernel/sys_hwprobe.c
[17:40:20] [spechunter] [Read] /home/yzs/riscv/linux/arch/riscv/kernel/cpu.c
[17:40:20] [spechunter] [Read] /home/yzs/riscv/linux/arch/riscv/crypto/aes-riscv64-glue.c
[17:40:20] [spechunter] [Read] /home/yzs/riscv/linux/arch/riscv/crypto/ghash-riscv64-glue.c
[17:40:24] [spechunter] [Grep] pattern='kvm_sched_out|kvm_sched_in|kvm_arch.*sched'
[17:40:24] [spechunter] [Read] /home/yzs/riscv/linux/arch/riscv/kvm/aia.c
[17:40:24] [spechunter] [Grep] pattern='kvm_riscv_aia_available|kvm_riscv_aia_initialized'
[17:40:24] [spechunter] [Grep] pattern='riscv_isa_extension_available.*NULL.*ZICBOM|riscv_isa_extension_available.*NULL.*ZICBOZ|zicbom_block_size|riscv_cbom_block_size'
[17:40:24] [spechunter] [Read] /home/yzs/riscv/linux/arch/riscv/kvm/mmu.c
[17:40:24] [spechunter] [Grep] pattern='kvm_riscv_mmu_update_hgatp'
[17:40:29] [spechunter] [Read] /home/yzs/riscv/linux/arch/riscv/crypto/sm3-riscv64-glue.c
[17:40:29] [spechunter] [Read] /home/yzs/riscv/linux/arch/riscv/crypto/sm4-riscv64-glue.c
[17:40:29] [spechunter] [Read] /home/yzs/riscv/linux/arch/riscv/kvm/main.c
[17:40:29] [spechunter] [Read] /home/yzs/riscv/linux/arch/riscv/kvm/vcpu_timer.c
[17:40:29] [spechunter] [Read] /home/yzs/riscv/linux/arch/riscv/kvm/vcpu_pmu.c
[17:40:29] [spechunter] [Read] /home/yzs/riscv/linux/arch/riscv/kvm/aia.c
[17:40:43] [spechunter] [Read] /home/yzs/riscv/linux/arch/riscv/kvm/vcpu_switch.S
[17:40:43] [spechunter] [Read] /home/yzs/riscv/linux/arch/riscv/kernel/cpufeature.c
[17:40:43] [spechunter] [Grep] pattern='assume.*same|assume.*homogeneous|all.*hart.*same|across.*hart'
[17:40:45] [spechunter] [Read] /home/yzs/riscv/linux/arch/riscv/kvm/mmu.c
[17:40:45] [spechunter] [Read] /home/yzs/riscv/linux/virt/kvm/kvm_main.c
[17:40:45] [spechunter] [Grep] pattern='preempt_notifier|kvm_arch_vcpu_load|kvm_arch_vcpu_put|sched_in|sched_out'
[17:40:45] [spechunter] [Grep] pattern='has_svinval|SVINVAL'
[17:40:45] [spechunter] [Read] /home/yzs/riscv/linux/arch/riscv/kvm/tlb.c
[17:40:51] [spechunter] [Read] /home/yzs/riscv/linux/arch/riscv/kvm/vcpu_fp.c
[17:40:51] [spechunter] [Read] /home/yzs/riscv/linux/arch/riscv/kvm/vcpu_vector.c
[17:40:51] [spechunter] [Read] /home/yzs/riscv/linux/arch/riscv/kvm/vcpu_sbi_fwft.c
[17:40:51] [spechunter] [Read] /home/yzs/riscv/linux/arch/riscv/kvm/vcpu_insn.c
[17:40:51] [spechunter] [Read] /home/yzs/riscv/linux/arch/riscv/kvm/vcpu_onereg.c
[17:40:51] [spechunter] [Read] /home/yzs/riscv/linux/arch/riscv/include/asm/pgtable.h
[17:41:13] [spechunter] [Read] /home/yzs/riscv/linux/arch/riscv/include/asm/switch_to.h
[17:41:13] [spechunter] [Read] /home/yzs/riscv/linux/arch/riscv/include/asm/vector.h
[17:41:13] [spechunter] [Read] /home/yzs/riscv/linux/arch/riscv/kvm/vcpu.c
[17:41:26] [spechunter] [Read] /home/yzs/riscv/linux/arch/riscv/kernel/cpu.c
[17:41:26] [spechunter] [Read] /home/yzs/riscv/linux/arch/riscv/kernel/sys_hwprobe.c
[17:41:26] [spechunter] [Read] /home/yzs/riscv/linux/arch/riscv/kernel/compat_signal.c
[17:41:26] [spechunter] [Read] /home/yzs/riscv/linux/arch/riscv/include/asm/kvm_nacl.h
[17:41:39] [spechunter] [Read] /home/yzs/riscv/linux/arch/riscv/kvm/vcpu_onereg.c
[17:41:39] [spechunter] [Read] /home/yzs/riscv/linux/arch/riscv/kvm/vcpu_onereg.c
[17:41:42] [spechunter] [Read] /home/yzs/riscv/linux/arch/riscv/include/asm/csr.h
[17:41:42] [spechunter] [Grep] pattern='SR_VS|SR_FS|SR_XS|SR_UXL|SR_SUM|SR_PIE|SR_PP|SR_FS_CLEAN|SR_FS_OFF|SR_FS_INITIAL'
[17:41:42] [spechunter] [Grep] pattern='riscv_v_vstate_save|__riscv_v_vstate_save|riscv_v_vstate_restore|riscv_v_vstate_set_restore'
[17:41:42] [spechunter] [Grep] pattern='riscv_v_vstate_save|__riscv_v_vstate_save|riscv_v_vstate_set_restore'
[17:41:48] [spechunter] [Read] /home/yzs/riscv/linux/arch/riscv/include/asm/vector.h
[17:41:48] [spechunter] [Grep] pattern='alternative|apply_alternatives|patch_text|_ALTERNATIVE|RISCV_ALTERNATIVES'
[17:41:56] [spechunter] [Read] /home/yzs/riscv/linux/arch/riscv/kernel/entry.S
[17:41:56] [spechunter] [Read] /home/yzs/riscv/linux/arch/riscv/kernel/cpufeature.c
[17:41:56] [spechunter] [Read] /home/yzs/riscv/linux/arch/riscv/kernel/cpufeature.c
[17:41:59] [spechunter] [Read] /home/yzs/riscv/linux/arch/riscv/kvm/aia.c
[17:41:59] [spechunter] [Grep] pattern='kvm_riscv_aia_available'
[17:41:59] [spechunter] [Read] /home/yzs/riscv/linux/arch/riscv/kvm/aia.c
[17:41:59] [spechunter] [Read] /home/yzs/riscv/linux/arch/riscv/kvm/vm.c
[17:41:59] [spechunter] [Grep] pattern='riscv_isa_vlenb_of|hpm_width|num_hw_ctrs|riscv_pmu_get_hpm_info'
[17:42:02] [spechunter] [Grep] pattern='restore_all|resume_userspace|ret_from_exception|restore.*context'
[17:42:02] [spechunter] [Read] /home/yzs/riscv/linux/arch/riscv/kernel/entry.S
[17:42:27] [spechunter] [Read] /home/yzs/riscv/linux/arch/riscv/kernel/suspend.c
[17:42:27] [spechunter] [Read] /home/yzs/riscv/linux/arch/riscv/kernel/hibernate-asm.S
[17:42:27] [spechunter] [Read] /home/yzs/riscv/linux/arch/riscv/kernel/compat_signal.c
[17:42:27] [spechunter] [Grep] pattern='csr_write|csr_read|csrw|csrr|CSR_'
[17:43:30] [spechunter] [Grep] pattern='__riscv_isa_extension_available|riscv_isa_extension_available\\b'
[17:43:30] [spechunter] [Read] /home/yzs/riscv/linux/arch/riscv/kernel/cpufeature.c
[17:43:30] [spechunter] [Grep] pattern='riscv_isa_extension_available|__riscv_isa_extension_available'
[17:43:30] [spechunter] [Read] /home/yzs/riscv/linux/arch/riscv/kvm/aia_device.c
[17:43:43] [spechunter] [Read] /home/yzs/riscv/linux/arch/riscv/include/asm/cpufeature-macros.h
[17:43:43] [spechunter] [Read] /home/yzs/riscv/linux/arch/riscv/include/asm/cpufeature.h
[17:43:43] [spechunter] [Read] /home/yzs/riscv/linux/arch/riscv/kvm/aia_imsic.c
[17:46:36] [spechunter] [text] Let me read the key source files to get exact code for analysis.  
[17:46:36] [spechunter] [Read] /home/yzs/riscv/linux/arch/riscv/kernel/cpufeature.c
[17:46:36] [spechunter] [Read] /home/yzs/riscv/linux/arch/riscv/kernel/cpufeature.c
[17:46:36] [spechunter] [Read] /home/yzs/riscv/linux/arch/riscv/kernel/cpufeature.c
[17:46:36] [spechunter] [Read] /home/yzs/riscv/linux/arch/riscv/kernel/cpufeature.c
[17:46:48] [spechunter] [Read] /home/yzs/riscv/linux/arch/riscv/kernel/entry.S
[17:46:48] [spechunter] [Read] /home/yzs/riscv/linux/arch/riscv/kernel/process.c
[17:46:48] [spechunter] [Read] /home/yzs/riscv/linux/arch/riscv/kvm/vcpu.c
[17:47:09] [spechunter] [Read] /home/yzs/riscv/linux/arch/riscv/kvm/vcpu_fp.c
[17:47:09] [spechunter] [Read] /home/yzs/riscv/linux/arch/riscv/kvm/vcpu_vector.c
[17:47:09] [spechunter] [Read] /home/yzs/riscv/linux/arch/riscv/kvm/vcpu.c
[17:47:09] [spechunter] [Read] /home/yzs/riscv/linux/arch/riscv/kvm/vcpu.c
[17:47:20] [spechunter] [text] Now let me check the spec reference documents and look at additional code locations.  
[17:47:20] [spechunter] [Bash] List spec reference directories
[17:47:20] [spechunter] [Read] /home/yzs/riscv/linux/arch/riscv/include/asm/switch_to.h
[17:47:20] [spechunter] [Read] /home/yzs/riscv/linux/arch/riscv/kvm/vcpu_onereg.c
[17:47:34] [spechunter] [Bash] List ISA manual spec files
[17:47:34] [spechunter] [Read] /home/yzs/riscv/linux/arch/riscv/kernel/setup.c
[17:48:20] [spechunter] [Grep] pattern='WARL|reserved.*field|implementation.defined|UNSPECIFIED'
[17:48:20] [spechunter] [Grep] pattern='hart.*homogen|heterogen|same.*ISA|ISA.*same|all harts'
[17:49:46] [spechunter] [Grep] pattern='WARL|warl|all harts.*same|same.*all harts|heterogen|homogen'
[17:49:46] [spechunter] [Grep] pattern='WARL|warl|implementation.defined|unspecified'
[17:49:46] [spechunter] [Grep] pattern='WARL|warl|implementation.defined|unspecified|heterogen|homogen'
[17:50:56] [spechunter] [Grep] pattern='WARL|warl|implementation.defined'
[17:50:56] [spechunter] [Read] /home/yzs/riscv/linux/arch/riscv/kernel/cpufeature.c
[17:50:56] [spechunter] [Read] /home/yzs/riscv/linux/arch/riscv/kvm/vcpu_timer.c
[17:51:55] [spechunter] [Grep] pattern='all harts|entire hart|hart.*same|uniform|platform.*uniform'
[17:51:55] [spechunter] [Read] /home/yzs/riscv/rv-isa-sec/spec_ref/riscv-isa-manual/src/priv/csrs.adoc
[17:52:33] [spechunter] [text] Now let me check a few more specific locations to complete the analysis
[17:52:33] [spechunter] [Read] /home/yzs/riscv/linux/arch/riscv/kernel/sys_hwprobe.c
[17:52:33] [spechunter] [Read] /home/yzs/riscv/linux/arch/riscv/kvm/vcpu_onereg.c
[17:52:33] [spechunter] [Read] /home/yzs/riscv/linux/arch/riscv/kernel/cpufeature.c
[17:55:24] [spechunter] [text] Let me check the suspend save/restore CSRs and the KVM vCPU SBI FWFT pointer masking code
[17:55:24] [spechunter] [Read] /home/yzs/riscv/linux/arch/riscv/kernel/suspend.c
[17:55:24] [spechunter] [Read] /home/yzs/riscv/linux/arch/riscv/kvm/vcpu_sbi_fwft.c
[17:55:24] [spechunter] [Read] /home/yzs/riscv/linux/arch/riscv/kvm/vcpu_pmu.c
[17:56:02] [spechunter] [text] Now I have all the information needed. Let me compile the findings into the output.  
[17:56:02] [spechunter] [Read] /home/yzs/riscv/linux/arch/riscv/kvm/tlb.c
[17:56:02] [spechunter] [Read] /home/yzs/riscv/rv-isa-sec/spec_ref/riscv-isa-manual/src/priv/csrs.adoc
[17:56:02] [spechunter] [Read] /home/yzs/riscv/rv-isa-sec/spec_ref/riscv-isa-manual/src/priv/supervisor.adoc
[17:58:24] [spechunter] [text] Now I have all the data needed to compile the analysis. Here is the comprehensive security audit:  ```json {   "findings...
