[10:39:17] [spechunter] PR loaded: #2660 riscv/riscv-isa-manual — "[Norm Tags] Added Normative rules for Smcntrpmf.adoc"
[10:39:17] [spechunter]   diff: 6448 chars  body: 107 chars  reviews: 0
[10:39:17] [spechunter] Global pre-filter running...
[10:40:31] [spechunter] [text] {"should_skip": false}
[10:40:32] [spechunter] pre-filter: should_skip=False reason=""
[10:40:48] [spechunter] [text] {"should_skip": false}
[10:40:51] [spechunter] [text] {"should_skip": false}
[10:40:54] [spechunter] [text] {"should_skip": false}
[10:41:03] [spechunter] [text] {"should_skip": true, "skip_reason": "Purely adds normative rule tags/annotations to existing Smcntrpmf spec text withou...
[10:41:04] [spechunter] [text] {"should_skip": true, "skip_reason": "Smcntrpmf is a performance counter filtering extension unrelated to M-mode firmwar...
[10:41:52] [spechunter] [Grep] pattern='mcyclecfg|minstretcfg|Smcntrpmf|cycle.*inhibit|instret.*inhibit'
[10:41:52] [spechunter] [Grep] pattern='MINH|SINH|UINH|VSINH|VUINH'
[10:41:54] [spechunter] [text] ```json {   "violation_condition": "Linux kernel on RV64 reads mcyclecfg/minstretcfg as 64-bit CSRs but only saves/resto...
[10:42:01] [spechunter] [text] ```json {   "violation_condition": "In the FreeBSD kernel, when Smcdeleg/Ssccfg delegates mcyclecfg/minstretcfg to S-mod...
[10:42:04] [spechunter] [Grep] pattern='mcyclecfg|minstretcfg|MINH|SINH|UINH|cyclecfg|instretcfg'
[10:42:04] [spechunter] [Grep] pattern='mcyclecfg|minstretcfg|MINH|SINH|UINH|cyclecfg|instretcfg'
[10:42:14] [spechunter] [Read] /home/yzs/riscv/XiangShan/src/main/scala/xiangshan/backend/fu/NewCSR/MachineLevel.scala
[10:42:14] [spechunter] [Read] /home/yzs/riscv/XiangShan/src/main/scala/xiangshan/backend/fu/NewCSR/NewCSR.scala
[10:42:14] [spechunter] [TodoWrite] 5 items
[10:42:34] [spechunter] [Grep] pattern='mcyclecfg|minstretcfg'
[10:42:34] [spechunter] [Grep] pattern='cyclecfg|instretcfg'
[10:42:34] [spechunter] [Grep] pattern='CSR_CYCLE|CSR_INSTRET|CSR_MCYCLE|CSR_MINSTRET'
[10:42:34] [spechunter] [Grep] pattern='__switch_to|switch_to'
[10:42:34] [spechunter] [Grep] pattern='thread_struct'
[10:42:36] [spechunter] [Grep] pattern='mcyclecfg'
[10:42:36] [spechunter] [Grep] pattern='minstretcfg'
[10:42:36] [spechunter] [Grep] pattern='mcyclecfgh'
[10:42:36] [spechunter] [Grep] pattern='minstretcfgh'
[10:42:42] [spechunter] [TodoWrite] 7 items
[10:42:47] [spechunter] [Grep] pattern='mcyclecfg|minstretcfg|mcyclecfgh|minstretcfgh'
[10:42:47] [spechunter] [Grep] pattern='"cycle"'
[10:42:47] [spechunter] [Grep] pattern='instret'
[10:42:52] [spechunter] [text] No direct `mcyclecfg`/`minstretcfg` references found. Let me dig into the CSR definitions, context switch, and thread st...
[10:42:52] [spechunter] [Read] /home/yzs/riscv/linux/arch/riscv/include/asm/csr.h
[10:42:52] [spechunter] [Read] /home/yzs/riscv/linux/arch/riscv/include/asm/switch_to.h
[10:42:52] [spechunter] [Read] /home/yzs/riscv/linux/arch/riscv/include/asm/processor.h
[10:43:01] [spechunter] [text] No direct CSR name matches. Let me search for related patterns and terms.  
[10:43:01] [spechunter] [Grep] pattern='Smcntrpmf'
[10:43:01] [spechunter] [Grep] pattern='mcounteren'
[10:43:01] [spechunter] [Grep] pattern='scounteren'
[10:43:01] [spechunter] [Grep] pattern='CSR_CYCLE|CSR_INSTRET'
[10:43:01] [spechunter] [Grep] pattern='__switch_to'
[10:43:01] [spechunter] [Grep] pattern='mcyclecfg|minstretcfg|mcyclecfgh|minstretcfgh'
[10:43:01] [spechunter] [Grep] pattern='mcyclecfg|minstretcfg|mcyclecfgh|minstretcfgh'
[10:43:01] [spechunter] [Grep] pattern='cycle|instret'
[10:43:03] [spechunter] [Grep] pattern='cycle|mcycle'
[10:43:03] [spechunter] [Grep] pattern='CSR_CYCLE|CSR_INSTRET|CSR_MCYCLE|CSR_MINSTRET'
[10:43:03] [spechunter] [Grep] pattern='mcyclecfg|minstretcfg|mcyclecfgh|minstretcfgh'
[10:43:13] [spechunter] [text] Let me now examine the key context-switching files and thread_struct to understand what's currently saved/restored.  
[10:43:13] [spechunter] [Read] /home/yzs/riscv/linux/arch/riscv/kernel/entry.S
[10:43:13] [spechunter] [Read] /home/yzs/riscv/linux/arch/riscv/include/asm/switch_to.h
[10:43:13] [spechunter] [Read] /home/yzs/riscv/linux/arch/riscv/kernel/process.c
[10:43:24] [spechunter] [Read] /home/yzs/riscv/freebsd-src/sys/riscv/riscv/swtch.S
[10:43:24] [spechunter] [Read] /home/yzs/riscv/freebsd-src/sys/riscv/include/riscvreg.h
[10:43:24] [spechunter] [Read] /home/yzs/riscv/freebsd-src/sys/riscv/include/cpu.h
[10:43:26] [spechunter] [text] Now let me dig deeper into the KVM paths, `__switch_to` assembly, and look for any Smcntrpmf-related handling.  
[10:43:26] [spechunter] [TodoWrite] 5 items
[10:43:32] [spechunter] [Read] /home/yzs/riscv/linux/arch/riscv/kernel/process.c
[10:43:32] [spechunter] [Read] /home/yzs/riscv/linux/arch/riscv/kvm/vcpu_switch.S
[10:43:32] [spechunter] [Grep] pattern='Smcntrpmf|smcntrpmf|cntrpmf|CNTRPMF'
[10:43:32] [spechunter] [Grep] pattern='scountovf|SCOUNTOVF|cyclecfg|instretcfg'
[10:43:37] [spechunter] [Read] /home/yzs/riscv/freebsd-src/sys/riscv/riscv/trap.c
[10:43:37] [spechunter] [Read] /home/yzs/riscv/freebsd-src/sys/riscv/include/cpufunc.h
[10:43:37] [spechunter] [Read] /home/yzs/riscv/freebsd-src/sys/riscv/include/encoding.h
[10:43:37] [spechunter] [Grep] pattern='mcounteren|scounteren|mcountinhibit|scountinhibit'
[10:43:39] [spechunter] [Grep] pattern='rdcycle|rdinstret|rdmcycle|rdminstret|rdcycleh|rdinstreth'
[10:43:39] [spechunter] [Grep] pattern='rdcycle|rdinstret|get_cyclecount'
[10:43:39] [spechunter] [Grep] pattern='MPMC_CYCLE|PMC_EV_CYCLE|PMC_EV_INSTRET|instret|cycle'
[10:43:39] [spechunter] [Grep] pattern='mcyclecfg|minstretcfg|mcyclecfgh|minstretcfgh'
[10:43:40] [spechunter] [text] Now let me check the thread_struct definition and the CSR definitions for any cfg-related counters.  
[10:43:40] [spechunter] [Grep] pattern='struct thread_struct'
[10:43:40] [spechunter] [Grep] pattern='mc(ycle|instret)cfg|mcountinh|mhpmevent'
[10:43:40] [spechunter] [Grep] pattern='mc(ycle|instret)cfg|mcountinh'
[10:43:40] [spechunter] [Grep] pattern='mc(ycle|instret)cfg|mcountinh'
[10:43:52] [spechunter] [Read] /home/yzs/riscv/linux/arch/riscv/include/asm/processor.h
[10:43:52] [spechunter] [Grep] pattern='CSR_MCYCLECFG|CSR_MINSTRETCFG|CSR_MCOUNTINHIBIT'
[10:43:52] [spechunter] [Grep] pattern='mcycle|minstret'
[10:43:52] [spechunter] [Grep] pattern='mcycle|minstret'
[10:43:53] [spechunter] [Grep] pattern='rdcycle|rdinstret|cycle|instret'
[10:43:53] [spechunter] [Grep] pattern='riscv.*pmc|pmc.*riscv'
[10:43:53] [spechunter] [Grep] pattern='rdcycle|rdinstret|rdtime'
[10:43:54] [spechunter] [text] Let me now check the VMM paths, PCB structure, and startup code more carefully.  
[10:43:54] [spechunter] [TodoWrite] 7 items
[10:43:58] [spechunter] [text] ```json {   "violation_condition": "In XiangShan RTL, the EventInhibitBundle (MachineLevel.scala:769-775) unconditionall...
[10:44:04] [spechunter] [text] Let me do a few more searches to be thorough.  
[10:44:04] [spechunter] [Grep] pattern='cyclecfg|instretcfg|mcountinhibit'
[10:44:04] [spechunter] [Grep] pattern='CSR_MCYCLE|CSR_MINSTRET'
[10:44:04] [spechunter] [Grep] pattern='0x320|0x321|0x322|0x323'
[10:44:05] [spechunter] [Read] /home/yzs/riscv/freebsd-src/sys/riscv/vmm/vmm_switch.S
[10:44:05] [spechunter] [Read] /home/yzs/riscv/freebsd-src/sys/riscv/riscv/genassym.c
[10:44:05] [spechunter] [Read] /home/yzs/riscv/freebsd-src/sys/riscv/riscv/exception.S
[10:44:06] [spechunter] [text] Now let me dig into the `__switch_to` assembly, the KVM vCPU code, and the perf driver for cycle/instret handling.  
[10:44:06] [spechunter] [Grep] pattern='__switch_to'
[10:44:06] [spechunter] [Read] /home/yzs/riscv/linux/drivers/perf/riscv_pmu_sbi.c
[10:44:06] [spechunter] [Read] /home/yzs/riscv/linux/arch/riscv/kvm/vcpu_pmu.c
[10:44:06] [spechunter] [Read] /home/yzs/riscv/linux/arch/riscv/include/asm/kvm_vcpu_pmu.h
[10:44:13] [spechunter] [Grep] pattern='mcyclecfg|minstretcfg|mcyclecfgh|minstretcfgh|mcountinhibit|scountinhibit'
[10:44:13] [spechunter] [Read] /home/yzs/riscv/freebsd-src/sys/riscv/riscv/locore.S
[10:44:13] [spechunter] [Grep] pattern='struct pcb'
[10:44:13] [spechunter] [Grep] pattern='EventInhibitBundle'
[10:44:13] [spechunter] [Grep] pattern='mcyclecfg|minstretcfg'
[10:44:13] [spechunter] [Grep] pattern='MINH|SINH|UINH|VSINH|VUINH'
[10:44:16] [spechunter] [text] Now let me check the entry.S for the `__switch_to` assembly and search for any SSCOFPMF or Smcntrpmf config handling.  
[10:44:16] [spechunter] [Grep] pattern='__switch_to|ENTRY.*switch'
[10:44:16] [spechunter] [Grep] pattern='SSCOFPMF|SCOFPMF|Smcntrpmf|smcntrpmf'
[10:44:16] [spechunter] [Grep] pattern='mcyclecfg|minstretcfg|CSR_MCYCLECFG|CSR_MINSTRETCFG'
[10:44:18] [spechunter] [Grep] pattern='CYCLE|INSTRET|mcycle|minstret|cycle|instret'
[10:44:18] [spechunter] [Glob] sys/dev/hwpmc/hwpmc_riscv*.c
[10:44:18] [spechunter] [Grep] pattern='hcounteren|HCOUNTEREN'
[10:44:25] [spechunter] [Grep] pattern='mcyclecfg'
[10:44:25] [spechunter] [Grep] pattern='minstretcfg'
[10:44:25] [spechunter] [Grep] pattern='EventInhibitBundle'
[10:44:25] [spechunter] [Grep] pattern='RW\\(5[89]\\)|RW\\(59\\)|RW\\(60\\)'
[10:44:25] [spechunter] [Grep] pattern='[VSU]INH|SINH|UINH|VINH'
[10:44:26] [spechunter] [Grep] pattern='0x321|0x322|0x721|0x722'
[10:44:26] [spechunter] [Glob] sys/dev/hwpmc/hwpmc_riscv*
[10:44:26] [spechunter] [Grep] pattern='rdcycle|rdinstret|rdtime|rdmcycle|rdminstret'
[10:44:31] [spechunter] [Read] /home/yzs/riscv/XiangShan/src/main/scala/xiangshan/backend/fu/NewCSR/MachineLevel.scala
[10:44:31] [spechunter] [Read] /home/yzs/riscv/XiangShan/src/main/scala/xiangshan/backend/fu/NewCSR/NewCSR.scala
[10:44:32] [spechunter] [Read] /home/yzs/riscv/linux/arch/riscv/kernel/entry.S
[10:44:32] [spechunter] [Grep] pattern='SSCOFPMF|sscofpmf'
[10:44:32] [spechunter] [Grep] pattern='SCOFPMF|scountovf|mcyclecfg|minstretcfg'
[10:44:33] [spechunter] [text] Let me do a final sweep for any related patterns.  
[10:44:33] [spechunter] [Grep] pattern='smcntrpmf|Smcntrpmf'
[10:44:33] [spechunter] [Grep] pattern='mcycle|minstret'
[10:44:33] [spechunter] [Grep] pattern='mcycle|minstret'
[10:44:33] [spechunter] [Read] /home/yzs/riscv/linux/arch/riscv/include/asm/processor.h
[10:44:37] [spechunter] [Glob] sys/dev/hwpmc/hwpmc_riscv*
[10:44:37] [spechunter] [Grep] pattern='CYCLE|INSTRET|mcycle|minstret'
[10:44:37] [spechunter] [Grep] pattern='get_cyclecount'
[10:44:37] [spechunter] [Grep] pattern='mcyclecfg|minstretcfg'
[10:44:37] [spechunter] [Read] /home/yzs/riscv/XiangShan/src/main/scala/xiangshan/backend/fu/NewCSR/MachineLevel.scala
[10:44:41] [spechunter] [Read] /home/yzs/riscv/freebsd-src/sys/dev/hwpmc/hwpmc_riscv.h
[10:44:41] [spechunter] [Read] /home/yzs/riscv/freebsd-src/sys/riscv/include/cpu.h
[10:44:52] [spechunter] [Read] /home/yzs/riscv/freebsd-src/sys/riscv/include/pcb.h
[10:44:52] [spechunter] [Read] /home/yzs/riscv/freebsd-src/sys/riscv/vmm/riscv.h
[10:44:52] [spechunter] [Grep] pattern='rdcycle|rdinstret|rdtime|get_cyclecount|rdhpmcounter'
[10:44:57] [spechunter] [Grep] pattern='class CSRBundle'
[10:44:57] [spechunter] [Grep] pattern='def RW\\('
[10:44:57] [spechunter] [Grep] pattern='MhpmeventBundle|EventInhibitBundle'
[10:45:11] [spechunter] [text] Now let me check the VMM vmm_riscv.c for the counter-related TODO, and the initriscv code for CSR configuration at boot....
[10:45:11] [spechunter] [Read] /home/yzs/riscv/freebsd-src/sys/riscv/vmm/vmm_riscv.c
[10:45:11] [spechunter] [Read] /home/yzs/riscv/freebsd-src/sys/riscv/vmm/vmm_riscv.c
[10:45:11] [spechunter] [Grep] pattern='identify_cpu|initriscv|mcounteren|scounteren'
[10:45:18] [spechunter] [Read] /home/yzs/riscv/XiangShan/src/main/scala/xiangshan/backend/fu/NewCSR/CSRBundle.scala
[10:45:18] [spechunter] [Read] /home/yzs/riscv/XiangShan/src/main/scala/xiangshan/backend/fu/NewCSR/CSRFields.scala
[10:45:18] [spechunter] [Grep] pattern='mcyclecfg|minstretcfg|EventInhibit'
[10:45:24] [spechunter] [text] Let me check for the Smcntrpmf CSR numbers and any related definitions.  
[10:45:24] [spechunter] [Grep] pattern='0x321|0x322|0x721|0x722'
[10:45:24] [spechunter] [Grep] pattern='MCYCLECFG|MINSTRETCFG|mcycle_cfg|minstret_cfg'
[10:45:24] [spechunter] [Grep] pattern='SMCNTRPMF|smcntrpmf|RISCV_ISA_EXT_SMCNTRPMF'
[10:45:24] [spechunter] [Read] /home/yzs/riscv/linux/arch/riscv/include/asm/hwcap.h
[10:45:37] [spechunter] [text] Here is the complete search report:  ```json {   "locations": [     {       "file_path": "arch/riscv/include/asm/process...
[10:45:44] [spechunter] [text] Prompt is too long
[10:45:45] [spechunter] [text] ```json {   "locations": [     {       "file_path": "src/main/scala/xiangshan/backend/decode/isa/CSRs.scala",       "fun...
[10:45:49] [spechunter] [text] ```json {   "locations": [     {       "file_path": "sys/riscv/include/encoding.h",       "function_name": null,       "...
[10:45:56] [spechunter] [Grep] pattern='mcounteren|scounteren|mcountinhibit|cycle|instret|mcyclecfg|minstretcfg'
[10:45:56] [spechunter] [Grep] pattern='mcounteren|scounteren|mcountinhibit|cycle|instret'
[10:45:56] [spechunter] [Grep] pattern='mcounteren|scounteren|mcountinhibit'
[10:45:57] [spechunter] [text] Now let me trace the write path to check if there's any WARL gating anywhere in the CSR pipeline.  
[10:45:57] [spechunter] [Grep] pattern='class CSRModule'
[10:45:57] [spechunter] [Grep] pattern='RWType|ROType|WARLType'
[10:46:12] [spechunter] [text] Let me now check for delegation-related setup and broader counter infrastructure across the codebase.  
[10:46:12] [spechunter] [Grep] pattern='mcounteren|scounteren|mcountinhibit|hcounteren'
[10:46:12] [spechunter] [Grep] pattern='htimedelta|htimedeltah|stimecmp|vstimecmp'
[10:46:22] [spechunter] [Read] /home/yzs/riscv/XiangShan/src/main/scala/xiangshan/backend/fu/NewCSR/CSRModule.scala
[10:46:35] [spechunter] [text] Let me also check the pmap code and search more broadly for any counter configuration/delegation handling.  
[10:46:35] [spechunter] [Grep] pattern='mcyclecfg|minstretcfg|cyclecfg|instretcfg|mcountinhibit'
[10:46:35] [spechunter] [Grep] pattern='Smcntrpmf|smcntrpmf|Ssccfg|Smcdeleg'
[10:46:35] [spechunter] [Read] /home/yzs/riscv/freebsd-src/sys/riscv/riscv/pmap.c
[10:46:46] [spechunter] [text] Now let me cross-validate each location against the actual Smcntrpmf spec scope, then rank by relevance.  
[10:46:46] [spechunter] [Read] /home/yzs/riscv/linux/arch/riscv/include/asm/csr.h
[10:46:46] [spechunter] [Read] /home/yzs/riscv/linux/arch/riscv/include/asm/processor.h
[10:46:46] [spechunter] [Read] /home/yzs/riscv/linux/arch/riscv/include/asm/switch_to.h
[10:46:46] [spechunter] [Read] /home/yzs/riscv/linux/drivers/perf/Kconfig
[10:46:50] [spechunter] [text] Now let me check the full write path to see if there's any privilege-mode-aware gating downstream.</think>  
[10:46:50] [spechunter] [Read] /home/yzs/riscv/XiangShan/src/main/scala/xiangshan/backend/fu/NewCSR/MachineLevel.scala
[10:46:50] [spechunter] [Read] /home/yzs/riscv/XiangShan/src/main/scala/xiangshan/backend/fu/NewCSR/MachineLevel.scala
[10:46:50] [spechunter] [Grep] pattern='mhpmevent'
[10:47:11] [spechunter] [text] Now let me check the mhpmevent write WARL logic and the `countingInhibit` signal usage to understand how the inhibit bit...
[10:47:11] [spechunter] [Read] /home/yzs/riscv/XiangShan/src/main/scala/xiangshan/backend/fu/NewCSR/MachineLevel.scala
[10:47:11] [spechunter] [Grep] pattern='countingInhibit'
[10:47:13] [spechunter] [Read] /home/yzs/riscv/freebsd-src/sys/riscv/riscv/timer.c
[10:47:13] [spechunter] [Grep] pattern='initriscv|mcounteren|scounteren|mtvec|medeleg|mideleg|mstatus'
[10:47:13] [spechunter] [text] Prompt is too long
[10:47:34] [spechunter] [Read] /home/yzs/riscv/XiangShan/src/main/scala/xiangshan/backend/fu/NewCSR/CSRFields.scala
[10:47:34] [spechunter] [Grep] pattern='mcyclecfg|minstretcfg'
[10:47:51] [spechunter] [Grep] pattern='def isModeHU|def isModeVS|def isModeVU|def isModeHS|def isModeM'
[10:47:51] [spechunter] [Grep] pattern='class PrivState'
[10:47:51] [spechunter] [Grep] pattern='HasMExtension|HasSExtension|HasUExtension|HasHExtension|HasVirtualization'
[10:48:10] [spechunter] [Read] /home/yzs/riscv/XiangShan/src/main/scala/xiangshan/backend/fu/NewCSR/CSRBundles.scala
[10:48:10] [spechunter] [Grep] pattern='isVirtualHardwire'
[10:48:13] [spechunter] [text] Let me first search for any existing Smcntrpmf-related definitions in the codebase, since the fast-path locations seem t...
[10:48:13] [spechunter] [Grep] pattern='mcyclecfg|minstretcfg|MCYCLECFG|MINSTRETCFG|mcountinhibit|MCOUNTINHIBIT'
[10:48:13] [spechunter] [Grep] pattern='Smcntrpmf|smcntrpmf|SMCNTRPMF'
[10:48:21] [spechunter] [text] Now let me check how the H-extension and U-mode are configured in the core, and whether they conditionally affect these ...
[10:48:21] [spechunter] [Grep] pattern='HasHExtension|HasVirtualization|EnableVirtual'
[10:48:21] [spechunter] [Grep] pattern='Smcntrpmf|SmcntrpmfBundle"'
[10:48:42] [spechunter] [Grep] pattern='scounteren|SCOUNTEREN'
[10:48:42] [spechunter] [Grep] pattern='mcounteren|MCOUNTEREN'
[10:48:43] [spechunter] [Grep] pattern='class McountinhibitBundle'
[10:48:43] [spechunter] [Read] /home/yzs/riscv/XiangShan/src/main/scala/xiangshan/backend/fu/NewCSR/MachineLevel.scala
[10:48:58] [spechunter] [text] Now let me also verify the KVM and PMU locations to confirm relevance.  
[10:48:58] [spechunter] [Read] /home/yzs/riscv/linux/arch/riscv/kvm/vcpu_pmu.c
[10:48:58] [spechunter] [Read] /home/yzs/riscv/linux/arch/riscv/kvm/vcpu.c
[10:48:58] [spechunter] [Read] /home/yzs/riscv/linux/drivers/perf/riscv_pmu_sbi.c
[10:48:58] [spechunter] [Read] /home/yzs/riscv/linux/drivers/perf/riscv_pmu_legacy.c
[10:49:27] [spechunter] [text] Let me also check the mcycle/minstret counter bundles and the SmcntrpmfBundle to see how countingEn is used.  
[10:49:27] [spechunter] [Grep] pattern='class SmcntrpmfBundle|trait SmcntrpmfBundle|class McycleBundle|class MinstretBundle'
[10:49:27] [spechunter] [Read] /home/yzs/riscv/XiangShan/src/main/scala/xiangshan/backend/fu/NewCSR/MachineLevel.scala
[10:49:43] [spechunter] [text] Now let me look at the CSR definition in the CSRs.scala file (the CSR address file) and the overall write infrastructure...
[10:49:43] [spechunter] [Grep] pattern='mcyclecfg|minstretcfg'
[10:49:43] [spechunter] [Read] /home/yzs/riscv/XiangShan/src/main/scala/xiangshan/backend/fu/NewCSR/NewCSR.scala
[10:49:48] [spechunter] [text] Let me also check if there's any existing findings JSON that relates to this issue for reference.    
[10:49:48] [spechunter] [Read] /home/yzs/riscv/XiangShan/criterr_counter_leak_findings.json
[10:49:57] [spechunter] [text] Now let me verify the tools header and process.c locations.  
[10:49:57] [spechunter] [Read] /home/yzs/riscv/linux/tools/arch/riscv/include/asm/csr.h
[10:49:57] [spechunter] [Read] /home/yzs/riscv/linux/arch/riscv/kernel/process.c
[10:49:57] [spechunter] [Read] /home/yzs/riscv/linux/arch/riscv/kernel/process.c
[10:50:12] [spechunter] [text] Let me also check the actual encoding.h to ensure line accuracy for any new CSRs that Smcntrpmf would add.  
[10:50:12] [spechunter] [Read] /home/yzs/riscv/freebsd-src/sys/riscv/include/encoding.h
[10:50:12] [spechunter] [Read] /home/yzs/riscv/freebsd-src/sys/riscv/include/encoding.h
[10:50:12] [spechunter] [Read] /home/yzs/riscv/freebsd-src/sys/riscv/include/cpufunc.h
[10:50:12] [spechunter] [Read] /home/yzs/riscv/freebsd-src/sys/riscv/include/cpu.h
[10:50:12] [spechunter] [Read] /home/yzs/riscv/freebsd-src/sys/riscv/include/riscvreg.h
[10:50:21] [spechunter] [Read] /home/yzs/riscv/XiangShan/src/main/scala/xiangshan/backend/fu/NewCSR/NewCSR.scala
[10:50:46] [spechunter] [text] Let me check for U-mode configuration parameters in the codebase.  
[10:50:46] [spechunter] [Grep] pattern='HasUExtension|EnableU'
[10:50:46] [spechunter] [Read] /home/yzs/riscv/XiangShan/src/main/scala/xiangshan/backend/fu/NewCSR/CSRFields.scala
[10:51:17] [spechunter] [text] Now let me check the normative rule definition file and see if there are any build-time parameter guards in the EventInh...
[10:51:17] [spechunter] [Glob] **/normative_rule_defs/smcntrpmf*
[10:51:17] [spechunter] [Grep] pattern='isLegal'
[10:51:25] [spechunter] [text] Let me also check for `mcountinhibit` which is part of the Smcntrpmf ecosystem.  
[10:51:25] [spechunter] [Grep] pattern='mcountinhibit|MCOUNTINHIBIT|0x320'
[10:51:25] [spechunter] [Grep] pattern='0x321|0x322'
[10:51:26] [spechunter] [text] Now I have all the data needed for cross-validation. Let me analyze each location against the Smcntrpmf spec scope.  **S...
[10:51:51] [spechunter] [text] I'll search the kernel for relevant Smcntrpmf-related code, context switch paths, and CSR save/restore logic.  
[10:51:51] [spechunter] [Grep] pattern='mcyclecfg|minstretcfg|CSR_CYCLE_CFG|CSR_INSTRET_CFG'
[10:51:51] [spechunter] [Grep] pattern='cyclecfg|instretcfg'
[10:51:51] [spechunter] [Grep] pattern='Smcntrpmf|cntrpmf|smcntrpmf'
[10:52:12] [spechunter] [Grep] pattern='thread_struct'
[10:52:12] [spechunter] [Grep] pattern='__switch_to|switch_to'
[10:52:12] [spechunter] [Grep] pattern='cntr|mcountinhibit|mcycle|minstret'
[10:52:18] [spechunter] [text] Let me verify the hwpmc file and the vmm locations for accuracy.  
[10:52:18] [spechunter] [Read] /home/yzs/riscv/freebsd-src/sys/dev/hwpmc/hwpmc_riscv.h
[10:52:18] [spechunter] [Read] /home/yzs/riscv/freebsd-src/sys/riscv/vmm/vmm_riscv.c
[10:52:18] [spechunter] [Read] /home/yzs/riscv/freebsd-src/sys/riscv/vmm/vmm_riscv.c
[10:52:21] [spechunter] [text] Let me read the key files for context switch paths and the thread_struct definition.  
[10:52:21] [spechunter] [Read] /home/yzs/riscv/linux/arch/riscv/include/asm/processor.h
[10:52:21] [spechunter] [Read] /home/yzs/riscv/linux/arch/riscv/include/asm/switch_to.h
[10:52:21] [spechunter] [Read] /home/yzs/riscv/linux/arch/riscv/kernel/process.c
[10:52:37] [spechunter] [text] Now I have a complete picture. Let me construct the findings JSON.  
[10:52:37] [spechunter] [Write] /home/yzs/riscv/XiangShan/unimplemented_mode_inhibit_rw_findings.json
[10:53:04] [spechunter] [text] Now let me check the `__switch_to` assembly implementation and look for any counter-related CSR handling.  
[10:53:04] [spechunter] [Grep] pattern='__switch_to'
[10:53:04] [spechunter] [Grep] pattern='CSR_CYCLE|CSR_INSTRET|CSR_CYCLEH|CSR_INSTRETH'
[10:53:04] [spechunter] [Grep] pattern='mcountinhibit|MCOUNTINHIBIT|CSR_MCOUNTINHIBIT'
[10:53:10] [spechunter] [text] Let me verify the fast-path locations against the actual source code to confirm accuracy and relevance to Smcntrpmf.  
[10:53:10] [spechunter] [Read] /home/yzs/riscv/XiangShan/src/main/scala/xiangshan/backend/decode/isa/CSRs.scala
[10:53:10] [spechunter] [Read] /home/yzs/riscv/XiangShan/src/main/scala/xiangshan/backend/decode/isa/CSRs.scala
[10:53:10] [spechunter] [Read] /home/yzs/riscv/XiangShan/src/main/scala/xiangshan/backend/decode/isa/CSRs.scala
[10:53:10] [spechunter] [Read] /home/yzs/riscv/XiangShan/src/main/scala/xiangshan/backend/decode/isa/CSRs.scala
[10:53:10] [spechunter] [Read] /home/yzs/riscv/XiangShan/src/main/scala/xiangshan/backend/fu/NewCSR/MachineLevel.scala
[10:53:10] [spechunter] [Read] /home/yzs/riscv/XiangShan/src/main/scala/xiangshan/backend/fu/NewCSR/MachineLevel.scala
[10:53:10] [spechunter] [Read] /home/yzs/riscv/XiangShan/src/main/scala/xiangshan/backend/fu/NewCSR/MachineLevel.scala
[10:53:10] [spechunter] [Read] /home/yzs/riscv/XiangShan/src/main/scala/xiangshan/backend/fu/NewCSR/NewCSR.scala
[10:53:19] [spechunter] [Grep] pattern='__switch_to|switch_to'
[10:53:34] [spechunter] [text] Let me check CSR 0x321/0x322 in the illegal instruction trap handler context.  
[10:53:34] [spechunter] [Grep] pattern='0x321|0x322'
[10:53:34] [spechunter] [Grep] pattern='illegal_instruction|csr.*trap|trap.*csr'
[10:53:40] [spechunter] [Read] /home/yzs/riscv/linux/arch/riscv/kernel/entry.S
[10:53:50] [spechunter] [text] Now let me check the CSR definitions and search for mcyclecfg/minstretcfg CSR numbers.  
[10:53:50] [spechunter] [Grep] pattern='#define CSR_.*0x32[01]|#define CSR_.*0xB0[01]'
[10:53:50] [spechunter] [Grep] pattern='Smcntrpmf|cntrpmf|CYCFG|cyclecfg|minstretcfg|mcyclecfg|0x321|0x322'
[10:53:50] [spechunter] [Read] /home/yzs/riscv/linux/drivers/perf/Kconfig
[10:54:02] [spechunter] [Grep] pattern='Smcntrpmf'
[10:54:02] [spechunter] [Grep] pattern='mcyclecfg|minstretcfg|CSR_MCYCLECFG|CSR_MINSTRETCFG|0x321|0xB01|0xB03'
[10:54:16] [spechunter] [text] Let me check the CSR trap handling code to see if there's any relevant infrastructure.  
[10:54:16] [spechunter] [Grep] pattern='csr_read|csr_write|DECLARE_CSR'
[10:54:16] [spechunter] [Grep] pattern='mcycle|minstret|cycle|instret'
[10:54:27] [spechunter] [text] Now let me look more specifically at the RISC-V CSR definitions file and check for the Smcntrpmf extension support in th...
[10:54:27] [spechunter] [Read] /home/yzs/riscv/linux/arch/riscv/include/asm/csr.h
[10:54:27] [spechunter] [Grep] pattern='S[cS]ofpmf|S[mM]cntrpmf|Smcntrpmf|SSCOFPMF|SMCNTRPMF'
[10:55:24] [spechunter] [text] Now let me also check whether `mcyclecfg` (0x321) and `minstretcfg` (0x322) CSRs exist anywhere in the tree, and verify ...
[10:55:24] [spechunter] [Grep] pattern='CSR_MCYCLECFG|CSR_MINSTRETCFG|CSR_MCOUNTINHIBIT|mcyclecfg|minstretcfg'
[10:55:24] [spechunter] [Grep] pattern='0x321|0x322|0x320'
[10:55:27] [spechunter] [Grep] pattern='RISCV_ISA_EXT_SMCNTRPMF|smcntrpmf'
[10:55:27] [spechunter] [Read] /home/yzs/riscv/linux/arch/riscv/kernel/cpufeature.c
[10:55:27] [spechunter] [Grep] pattern='Sscofpmf|S[mM]cntrpmf'
[10:55:51] [spechunter] [text] All fast-path locations verified against source code. Here's the cross-validation:  **Verification results**: All 11 loc...
[10:55:52] [spechunter] [Read] /home/yzs/riscv/linux/arch/riscv/include/asm/hwcap.h
[10:55:52] [spechunter] [Grep] pattern='scofpmf|scof|SCOVF|SCOUNTOVF|ireg|mhpmevent'
[10:56:09] [spechunter] [Grep] pattern='scofpmf|scyclecfg|sinstretcfg|CSR_SCYC|CSR_SINS|0x.?0E[12]|CSR_CYCLE_CFG|CSR_INSTRET_CFG'
[10:56:09] [spechunter] [Grep] pattern='scofpmf|cyclecfg|instretcfg'
[10:56:11] [spechunter] [Grep] pattern='class EventInhibitBundle'
[10:56:11] [spechunter] [Grep] pattern='EventInhibit'
[10:56:11] [spechunter] [Grep] pattern='mcyclecfg|minstretcfg'
[10:56:18] [spechunter] [Read] /home/yzs/riscv/XiangShan/src/main/scala/xiangshan/backend/fu/NewCSR/MachineLevel.scala
[10:56:24] [spechunter] [text] Let me also check the full tree for any Smcntrpmf CSR definitions and look for counter context-switch code.  
[10:56:24] [spechunter] [Grep] pattern='mcountinhibit|mcyclecfg|minstretcfg|MCYCLECFG|MINSTRETCFG|MCOUNTINHIBIT'
[10:56:24] [spechunter] [Grep] pattern='counter.*save|save.*counter|context.*switch.*counter|counter.*switch'
[10:56:24] [spechunter] [Grep] pattern='CSR_MCOUNTEREN|CSR_SCOUNTEREN|CSR_HCOUNTEREN'
[10:56:36] [spechunter] [text] Now let me check the CSRBundle base class and how RW() works, as well as how mcyclecfg/minstretcfg use EventInhibitBundl...
[10:56:36] [spechunter] [Grep] pattern='class CSRBundle'
[10:56:36] [spechunter] [Grep] pattern='mcyclecfg|minstretcfg'
[10:56:48] [spechunter] [Read] /home/yzs/riscv/XiangShan/src/main/scala/xiangshan/backend/fu/NewCSR/CSRBundle.scala
[10:56:48] [spechunter] [Read] /home/yzs/riscv/XiangShan/src/main/scala/xiangshan/backend/fu/NewCSR/MachineLevel.scala
[10:57:05] [spechunter] [text] Let me check how CSRModule handles writes and whether there's any WARL gating mechanism, as well as how the RW() method ...
[10:57:05] [spechunter] [Grep] pattern='class CSRModule|def wdata|def wen|WARL|warl'
[10:57:05] [spechunter] [Grep] pattern='def RW|class CSREnumType|class CSRField'
[10:57:14] [spechunter] [text] Let me also check the perf/SBI PMU paths and how the kernel currently handles cycle/instret counters.  
[10:57:14] [spechunter] [Grep] pattern='cycle|instret|mcycle|minstret'
[10:57:14] [spechunter] [Grep] pattern='vstate_save|vstate_restore|__switch_to_vector'
[10:57:14] [spechunter] [Grep] pattern='perf.*cycle|perf.*instret|CPU_CYCLE|CPU_INSTRET|RISCV_PMU|riscv_pmu'
[10:57:24] [spechunter] [Read] /home/yzs/riscv/XiangShan/src/main/scala/xiangshan/backend/fu/NewCSR/CSRFields.scala
[10:57:24] [spechunter] [Grep] pattern='def RW\\b|def RW\\('
[10:57:24] [spechunter] [Grep] pattern='counter|counteren|cycle|instret'
[10:57:24] [spechunter] [Grep] pattern='counter|counteren|cycle|instret'
[10:57:40] [spechunter] [Grep] pattern='mcyclecfg|minstretcfg|cyclecfg|instretcfg|0x321|0x322|0xB01|0xB03'
[10:57:40] [spechunter] [Grep] pattern='cycle|instret'
[10:57:42] [spechunter] [Grep] pattern='mcyclecfg|minstretcfg'
[10:57:42] [spechunter] [Grep] pattern='CSRModule|class CSRModule'
[10:57:46] [spechunter] [Read] /home/yzs/riscv/XiangShan/src/main/scala/xiangshan/backend/fu/NewCSR/CSRModule.scala
[10:58:10] [spechunter] [text] Let me check whether XiangShan supports the H-extension (Hypervisor) and U-mode.  
[10:58:10] [spechunter] [Grep] pattern='HasHypervisor|EnableHypervisor|HasHExt|hExt'
[10:58:10] [spechunter] [Grep] pattern='PrivMode.*U|UserMode|HasUMode|ModeU'
[10:58:43] [spechunter] [text] Let me also check how the inhibit bits are used in the actual counting logic.  
[10:58:43] [spechunter] [Read] /home/yzs/riscv/XiangShan/src/main/scala/xiangshan/backend/fu/NewCSR/MachineLevel.scala
[10:58:46] [spechunter] [text] Let me check one more thing — whether the SBI PMU layer or perf subsystem indirectly touches these CSRs.  
[10:58:46] [spechunter] [Grep] pattern='cyclecfg|instretcfg|scyclecfg|sinstretcfg|0x0E1|0x0E2|CSR_SCYCLECFG|CSR_SINSTRETCFG'
[10:58:46] [spechunter] [Grep] pattern='RISCV_ISA_EXT_SMCNTRPMF|smcntrpmf'
[10:58:52] [spechunter] [Read] /home/yzs/riscv/XiangShan/src/main/scala/xiangshan/backend/fu/NewCSR/MachineLevel.scala
[10:58:52] [spechunter] [Grep] pattern='mcountinhibit|trait HasMachineCounterControlBundle|class MCountInhibitBundle'
[10:59:06] [spechunter] [text] Now I have a complete picture. Let me produce the cross-validation result.  ```json {   "locations": [     {       "file...
[10:59:25] [spechunter] [text] I'll search the FreeBSD kernel codebase for the relevant code paths related to this security concern.  
[10:59:25] [spechunter] [Grep] pattern='mcyclecfg|minstretcfg|mcyclecfgh|minstretcfgh'
[10:59:25] [spechunter] [Grep] pattern='Smcdeleg|Ssccfg|smcntrpmf|Smcntrpmf'
[10:59:25] [spechunter] [Grep] pattern='___INH|_INH|INHIBIT'
[10:59:25] [spechunter] [Glob] **/riscv/riscv/swtch.S
[10:59:26] [spechunter] [text] Let me check the SmcntrpmfBundle trait and how the inhibit bits interact with the counter counting logic.  
[10:59:26] [spechunter] [Grep] pattern='trait SmcntrpmfBundle|Smcntrpmf'
[10:59:35] [spechunter] [Read] /home/yzs/riscv/freebsd-src/sys/riscv/riscv/swtch.S
[10:59:35] [spechunter] [Grep] pattern='mcounteren|scounteren|mcountinhibit'
[10:59:35] [spechunter] [Grep] pattern='cycle|instret|CY|IR.*counter'
[10:59:49] [spechunter] [text] Now I have a thorough understanding of the RTL. Let me compile the analysis.  
[10:59:49] [spechunter] [Read] /home/yzs/riscv/XiangShan/src/main/scala/xiangshan/Parameters.scala
[10:59:56] [spechunter] [text] Now let me verify the KVM vcpu_switch.S and look at the KVM context for completeness.  
[10:59:56] [spechunter] [Read] /home/yzs/riscv/linux/arch/riscv/kvm/vcpu_switch.S
[11:00:12] [spechunter] [text] Let me also check the init code and PCB structures for any CSR handling.  
[11:00:12] [spechunter] [Grep] pattern='mcyclecfg|minstretcfg|mcyclecfgh|minstretcfgh'
[11:00:12] [spechunter] [Grep] pattern='smcntrpmf|Smcntrpmf'
[11:00:12] [spechunter] [Grep] pattern='Smcdeleg|Ssccfg|smcdeleg|ssccfg'
[11:00:12] [spechunter] [Grep] pattern='COUNTEREN_CY|COUNTEREN_TM|HCOUNTEREN'
[11:00:33] [spechunter] [text] Let me also verify the boot init path and check for any CSR definitions related to these CSRs.  
[11:00:33] [spechunter] [Grep] pattern='0x321|0x322|0x721|0x722'
[11:00:33] [spechunter] [Grep] pattern='initriscv|identify_cpu|riscv_init|init_riscv'
[11:00:33] [spechunter] [Glob] sys/riscv/riscv/machdep.c
[11:00:40] [spechunter] [Read] /home/yzs/riscv/freebsd-src/sys/riscv/riscv/machdep.c
[11:00:40] [spechunter] [Grep] pattern='PCB_|pcb\\b'
[11:00:40] [spechunter] [Read] /home/yzs/riscv/freebsd-src/sys/riscv/include/pcb.h
[11:01:00] [spechunter] [text] Now I have a complete picture. Let me also verify the VMM switch path for completeness.  
[11:01:00] [spechunter] [Read] /home/yzs/riscv/freebsd-src/sys/riscv/vmm/vmm_switch.S
[11:01:01] [spechunter] [text] Now I have all the information needed to produce the security audit. Let me write the findings.  ```json {   "findings":...
[11:01:37] [spechunter] [text] Now I have a complete picture. Let me produce the analysis.  ```json {   "findings": [     {       "file_path": "arch/ri...
[11:01:58] [spechunter] [text] Now I have a complete picture. Let me produce the final analysis.  ```json {   "findings": [     {       "file_path": "s...
