[04:54:11] [spechunter] PR loaded: #760 riscv/riscv-fast-interrupt — "Smivt: Fixing inconsistent definition of handler address"
[04:54:11] [spechunter]   diff: 836 chars  body: 1 chars  reviews: 0
[04:54:11] [spechunter] Global pre-filter running...
[04:54:25] [spechunter] [text] {"should_skip": false}
[04:54:26] [spechunter] pre-filter: should_skip=False reason=""
[04:54:37] [spechunter] [text] {"should_skip": false}
[04:54:44] [spechunter] [Grep] pattern='clic|CLIC|smclic|aclic'
[04:54:48] [spechunter] [text] {"should_skip": true, "skip_reason": "Trivial documentation fix (exccode→vtoffset) in S-mode CLIC interrupt vector table...
[04:54:52] [spechunter] [text] {"should_skip": true, "skip_reason": "Pure documentation clarification renaming exccode to vtoffset in handler address f...
[04:54:53] [spechunter] [text] {"should_skip": true, "skip_reason": "Pure documentation typo fix in CLIC spec (exccode → vtoffset for internal consiste...
[04:54:56] [spechunter] [Grep] pattern='clic|CLIC|fast.interrupt'
[04:55:12] [spechunter] [text] {"should_skip": true, "skip_reason": "QEMU does not implement the CLIC/Smivt fast-interrupt extension; this is a documen...
[04:55:32] [spechunter] [text] {   "violation_condition": "When the kernel sets up the in-memory interrupt vector table (VTBASE) allocating entry slots...
[04:55:46] [spechunter] [TodoWrite] 6 items
[04:56:01] [spechunter] [Grep] pattern='vstvec'
[04:56:01] [spechunter] [Grep] pattern='mtvec'
[04:56:01] [spechunter] [Grep] pattern='VTBASE'
[04:56:01] [spechunter] [Grep] pattern='vtoffset|vtoffset'
[04:56:01] [spechunter] [Grep] pattern='vtbase'
[04:56:01] [spechunter] [Grep] pattern='vector_table'
[04:56:01] [spechunter] [Grep] pattern='exccode.*XLEN/8|XLEN/8.*exccode'
[04:56:01] [spechunter] [Grep] pattern='smivt|SMIVT'
[04:56:11] [spechunter] [Grep] pattern='VTBASE|vtbase'
[04:56:11] [spechunter] [Grep] pattern='vtoffset|vt_offset'
[04:56:11] [spechunter] [Grep] pattern='SMIVT|smivt|SmiVT'
[04:56:11] [spechunter] [Grep] pattern='vector_table|interrupt.*table|tvec_base'
[04:56:11] [spechunter] [Grep] pattern='exccode|EXCCODE'
[04:56:21] [spechunter] [Grep] pattern='CSR_STVEC|CSR_MTVEC|CSR_VSTVEC|CSR_TVEC'
[04:56:21] [spechunter] [Grep] pattern='stvec'
[04:56:21] [spechunter] [Grep] pattern='exccode'
[04:56:21] [spechunter] [Grep] pattern='excp_vect'
[04:56:29] [spechunter] [text] No direct hits for VTBASE/smivt in the kernel source. Let me search the RISC-V specific code for the underlying patterns...
[04:56:29] [spechunter] [Grep] pattern='stvec|mtvec|CSR_TVEC|tvec_base'
[04:56:29] [spechunter] [Grep] pattern='stvec|mtvec'
[04:56:29] [spechunter] [Glob] arch/riscv/**/*trap*
[04:56:29] [spechunter] [Glob] arch/riscv/**/*irq*
[04:56:29] [spechunter] [Glob] arch/riscv/**/*csr*
[04:56:33] [spechunter] [text] Let me read the key source files to get precise line ranges and understand the context.  
[04:56:33] [spechunter] [Read] /home/yzs/riscv/linux/arch/riscv/kernel/entry.S
[04:56:33] [spechunter] [Read] /home/yzs/riscv/linux/arch/riscv/kernel/entry.S
[04:56:33] [spechunter] [Read] /home/yzs/riscv/linux/arch/riscv/kernel/head.S
[04:56:33] [spechunter] [Read] /home/yzs/riscv/linux/arch/riscv/kvm/vcpu.c
[04:56:33] [spechunter] [Read] /home/yzs/riscv/linux/arch/riscv/kvm/vcpu.c
[04:56:33] [spechunter] [Read] /home/yzs/riscv/linux/arch/riscv/kvm/vcpu_exit.c
[04:56:40] [spechunter] [TodoWrite] 6 items
[04:56:44] [spechunter] [Read] /home/yzs/riscv/linux/arch/riscv/kvm/vcpu_switch.S
[04:56:44] [spechunter] [Read] /home/yzs/riscv/linux/arch/riscv/kvm/vcpu_switch.S
[04:56:44] [spechunter] [Read] /home/yzs/riscv/linux/arch/riscv/kernel/kexec_relocate.S
[04:56:44] [spechunter] [Read] /home/yzs/riscv/linux/arch/riscv/kernel/suspend.c
[04:56:44] [spechunter] [Read] /home/yzs/riscv/linux/arch/riscv/kernel/asm-offsets.c
[04:56:44] [spechunter] [Read] /home/yzs/riscv/linux/arch/riscv/include/uapi/asm/kvm.h
[04:56:44] [spechunter] [Read] /home/yzs/riscv/linux/arch/riscv/include/asm/kvm_host.h
[04:56:58] [spechunter] [Read] /home/yzs/riscv/linux/arch/riscv/kernel/traps.c
[04:56:58] [spechunter] [Read] /home/yzs/riscv/linux/arch/riscv/kernel/irq.c
[04:56:58] [spechunter] [Read] /home/yzs/riscv/linux/arch/riscv/kvm/vcpu.c
[04:56:58] [spechunter] [Read] /home/yzs/riscv/linux/arch/riscv/kvm/vcpu_exit.c
[04:57:00] [spechunter] [text] Now let me check the remaining relevant source locations.  
[04:57:00] [spechunter] [Read] /home/yzs/riscv/linux/arch/riscv/kernel/head.S
[04:57:00] [spechunter] [Read] /home/yzs/riscv/linux/arch/riscv/kernel/head.S
[04:57:00] [spechunter] [Read] /home/yzs/riscv/linux/arch/riscv/kernel/kexec_relocate.S
[04:57:00] [spechunter] [Read] /home/yzs/riscv/linux/arch/riscv/include/asm/kvm_host.h
[04:57:00] [spechunter] [Read] /home/yzs/riscv/linux/arch/riscv/kvm/vcpu.c
[04:57:16] [spechunter] [text] Now let me look at the CSR definitions and the entry assembly code where the trap vector is set up.  
[04:57:16] [spechunter] [Read] /home/yzs/riscv/linux/arch/riscv/include/asm/csr.h
[04:57:16] [spechunter] [Read] /home/yzs/riscv/linux/arch/riscv/kernel/head.S
[04:57:16] [spechunter] [Read] /home/yzs/riscv/linux/arch/riscv/kernel/kexec_relocate.S
[04:57:16] [spechunter] [Read] /home/yzs/riscv/linux/arch/riscv/kernel/suspend.c
[04:57:24] [spechunter] [text] Now let me look at the entry assembly where trap handlers are dispatched and any vector table dispatch logic.  
[04:57:24] [spechunter] [Glob] arch/riscv/kernel/entry.S
[04:57:24] [spechunter] [Grep] pattern='handle_exception|handle_kernel_stack_overflow|trap_entry|trap_table'
[04:57:24] [spechunter] [Grep] pattern='scause.*shift|scause.*offset|scause.*index|exception_table|exc_table|trap_handler_table'
[04:57:27] [spechunter] [Read] /home/yzs/riscv/linux/arch/riscv/kernel/entry.S
[04:57:37] [spechunter] [text] Now let me check remaining head.S lines and also look for the CSR_TVEC aliasing definitions more closely.  
[04:57:37] [spechunter] [Read] /home/yzs/riscv/linux/arch/riscv/kernel/head.S
[04:57:37] [spechunter] [Read] /home/yzs/riscv/linux/arch/riscv/kernel/head.S
[04:57:37] [spechunter] [Read] /home/yzs/riscv/linux/arch/riscv/include/asm/csr.h
[04:57:37] [spechunter] [Read] /home/yzs/riscv/linux/arch/riscv/include/asm/csr.h
[04:57:37] [spechunter] [Read] /home/yzs/riscv/linux/arch/riscv/kvm/vcpu_exit.c
[04:57:44] [spechunter] [Grep] pattern='CSR_MTVT|CSR_STVT|CSR_VSTVT'
[04:57:45] [spechunter] [TodoWrite] 5 items
[04:58:07] [spechunter] [text] Now let me search for CLIC-related code, any in-memory vector table implementations, and patterns around xcause field wi...
[04:58:07] [spechunter] [Grep] pattern='CLIC|clic|clint|CLINT'
[04:58:07] [spechunter] [Grep] pattern='riscv|RISCV'
[04:58:07] [spechunter] [Grep] pattern='aclic|ACLIC|clic|CLIC'
[04:58:07] [spechunter] [Grep] pattern='aclic|ACLIC'
[04:58:16] [spechunter] [Grep] pattern='CSR_MTVT|CSR_STVT'
[04:58:16] [spechunter] [Grep] pattern='handle_exception'
[04:58:23] [spechunter] [Grep] pattern='scause|SCAUSE|exception.*cause|exc.*cause'
[04:58:23] [spechunter] [Grep] pattern='_unpriv_trap|HSTATUS|htval|htinst'
[04:58:23] [spechunter] [Read] /home/yzs/riscv/linux/arch/riscv/include/asm/kvm_host.h
[04:58:31] [spechunter] [text] Let me now look at the KVM switch assembly and the unpriv_trap for more vector handling detail.  
[04:58:31] [spechunter] [Read] /home/yzs/riscv/linux/arch/riscv/kvm/vcpu_switch.S
[04:58:31] [spechunter] [Grep] pattern='xlen|XLEN'
[04:58:51] [spechunter] [text] Let me find the key indexing constants and understand the table dispatch mechanism.  
[04:58:51] [spechunter] [Grep] pattern='RISCV_LGPTR|LGPTR|LGREG'
[04:58:51] [spechunter] [Grep] pattern='cause.*shift|cause.*index|cause.*offset|cause.*mask'
[04:58:51] [spechunter] [Grep] pattern='handler.*addr|handler_addr|IRQ_VECTOR|vector.*handler|NR_IRQS|NR_irqs'
[04:58:56] [spechunter] [Read] /home/yzs/riscv/linux/arch/riscv/include/asm/asm.h
[04:58:56] [spechunter] [Read] /home/yzs/riscv/linux/tmp/smivt_violation_analysis.json
[04:58:56] [spechunter] [Read] /home/yzs/riscv/linux/tmp/aclic_violation_report.json
[04:59:09] [spechunter] [text] Prompt is too long
[04:59:27] [spechunter] [text] Here is the comprehensive location report:  ```json {   "locations": [     {       "file_path": "arch/riscv/include/asm/...
[05:01:13] [spechunter] [text] Let me cross-validate each location against the PR's core concern: "inconsistent handler address definition under Smivt ...
[05:01:13] [spechunter] [Read] /home/yzs/riscv/linux/arch/riscv/kernel/entry.S
[05:01:13] [spechunter] [Read] /home/yzs/riscv/linux/arch/riscv/kernel/head.S
[05:01:13] [spechunter] [Read] /home/yzs/riscv/linux/arch/riscv/include/asm/csr.h
[05:01:24] [spechunter] [Read] /home/yzs/riscv/linux/arch/riscv/kernel/entry.S
[05:01:24] [spechunter] [Read] /home/yzs/riscv/linux/arch/riscv/kernel/suspend.c
[05:01:24] [spechunter] [Read] /home/yzs/riscv/linux/arch/riscv/kernel/kexec_relocate.S
[05:02:40] [spechunter] [text] Now let me verify the KVM API structure and a remaining head.S location.  
[05:02:40] [spechunter] [Read] /home/yzs/riscv/linux/arch/riscv/include/uapi/asm/kvm.h
[05:02:40] [spechunter] [Read] /home/yzs/riscv/linux/arch/riscv/include/asm/csr.h
[05:02:40] [spechunter] [Read] /home/yzs/riscv/linux/arch/riscv/kernel/head.S
[05:03:26] [spechunter] [text] Now let me verify a few remaining references to ensure accuracy.  
[05:03:26] [spechunter] [Read] /home/yzs/riscv/linux/arch/riscv/kvm/vcpu_switch.S
[05:03:26] [spechunter] [Read] /home/yzs/riscv/linux/arch/riscv/kvm/vcpu_exit.c
[05:03:26] [spechunter] [Read] /home/yzs/riscv/linux/arch/riscv/kvm/vcpu_exit.c
[05:03:26] [spechunter] [Read] /home/yzs/riscv/linux/arch/riscv/kvm/vcpu.c
[05:04:04] [spechunter] [Read] /home/yzs/riscv/linux/arch/riscv/kvm/vcpu_exit.c
[05:04:04] [spechunter] [Read] /home/yzs/riscv/linux/arch/riscv/kvm/vcpu_switch.S
[05:04:04] [spechunter] [Read] /home/yzs/riscv/linux/arch/riscv/kvm/vcpu_exit.c
[05:05:23] [spechunter] [text] Now let me check the kexec_relocate.S lines for the second STVEC write, and verify the kvm_host.h struct fields.  
[05:05:23] [spechunter] [Read] /home/yzs/riscv/linux/arch/riscv/kernel/kexec_relocate.S
[05:05:23] [spechunter] [Read] /home/yzs/riscv/linux/arch/riscv/include/asm/kvm_host.h
[05:05:23] [spechunter] [Read] /home/yzs/riscv/linux/arch/riscv/include/asm/kvm_host.h
[05:05:23] [spechunter] [Read] /home/yzs/riscv/linux/arch/riscv/kernel/asm-offsets.c
[05:06:06] [spechunter] [text] Now let me verify that the CSR definitions (csr.h:321, 361, 419) are indeed just constants and not location-worthy.  
[05:06:06] [spechunter] [Read] /home/yzs/riscv/linux/arch/riscv/include/asm/csr.h
[05:06:06] [spechunter] [Read] /home/yzs/riscv/linux/arch/riscv/include/asm/csr.h
[05:06:06] [spechunter] [Read] /home/yzs/riscv/linux/arch/riscv/kernel/head.S
[05:06:06] [spechunter] [Read] /home/yzs/riscv/linux/arch/riscv/kernel/head.S
[05:07:04] [spechunter] [text] Now let me verify whether CSR_STVT/CSR_MTVT definitions exist (as noted in the fast-path).  
[05:07:04] [spechunter] [Grep] pattern='CSR_STVT|CSR_MTVT|CSR_VSTVT'
[05:07:04] [spechunter] [Grep] pattern='stvt'
[05:07:23] [spechunter] [Read] /home/yzs/riscv/linux/arch/riscv/kernel/head.S
[05:07:23] [spechunter] [Read] /home/yzs/riscv/linux/arch/riscv/kernel/head.S
[05:07:23] [spechunter] [Read] /home/yzs/riscv/linux/arch/riscv/kernel/head.S
[05:09:09] [spechunter] [text] Now I have all the verification I need. Let me produce the final output.  ```json {   "locations": [     {       "file":...
[05:09:22] [spechunter] [text] Let me search the codebase for SMIVT-related code to find the actual locations to analyze.  
[05:09:22] [spechunter] [Grep] pattern='smivt|SMIVT|vtbase|VTBASE|vtoffset|vector_table'
[05:09:22] [spechunter] [Grep] pattern='exccode.*XLEN|xlen.*exccode'
[05:09:36] [spechunter] [Grep] pattern='smivt|SMIVT|vtbase|VTBASE|vtoffset|vector_table'
[05:09:36] [spechunter] [Grep] pattern='smivt|SMIVT|vtbase|VTBASE|vtoffset'
[05:09:36] [spechunter] [Glob] **/smivt*
[05:09:43] [spechunter] [Read] /home/yzs/riscv/linux/tmp/smivt_violation_analysis.json
[05:09:43] [spechunter] [Read] /home/yzs/riscv/linux/tmp/review-v2-locations.json
[05:09:54] [spechunter] [text] Let me read the actual kernel source at the key locations to produce an evidence-based audit.  
[05:09:54] [spechunter] [Read] /home/yzs/riscv/linux/arch/riscv/kernel/entry.S
[05:09:54] [spechunter] [Read] /home/yzs/riscv/linux/drivers/irqchip/irq-riscv-intc.c
[05:09:54] [spechunter] [Read] /home/yzs/riscv/linux/arch/riscv/kernel/head.S
[05:10:00] [spechunter] [Read] /home/yzs/riscv/linux/arch/riscv/kernel/head.S
[05:10:00] [spechunter] [Read] /home/yzs/riscv/linux/arch/riscv/kvm/vcpu.c
[05:10:00] [spechunter] [Read] /home/yzs/riscv/linux/arch/riscv/kvm/vcpu_exit.c
[05:10:11] [spechunter] [Read] /home/yzs/riscv/linux/arch/riscv/kvm/vcpu.c
[05:10:11] [spechunter] [Read] /home/yzs/riscv/linux/arch/riscv/kvm/vcpu_switch.S
[05:10:11] [spechunter] [Read] /home/yzs/riscv/linux/arch/riscv/kvm/vcpu_switch.S
[05:10:11] [spechunter] [Read] /home/yzs/riscv/linux/arch/riscv/kvm/vcpu_switch.S
[05:10:19] [spechunter] [Read] /home/yzs/riscv/linux/arch/riscv/kvm/vcpu_switch.S
[05:10:19] [spechunter] [Read] /home/yzs/riscv/linux/arch/riscv/kernel/signal.c
[05:10:19] [spechunter] [Read] /home/yzs/riscv/linux/arch/riscv/mm/fault.c
[05:10:19] [spechunter] [Read] /home/yzs/riscv/linux/arch/riscv/mm/fault.c
[05:10:26] [spechunter] [Read] /home/yzs/riscv/linux/arch/riscv/kernel/kexec_relocate.S
[05:10:26] [spechunter] [Read] /home/yzs/riscv/linux/arch/riscv/kernel/kexec_relocate.S
[05:10:26] [spechunter] [Read] /home/yzs/riscv/linux/arch/riscv/kernel/suspend_entry.S
[05:10:26] [spechunter] [Read] /home/yzs/riscv/linux/arch/riscv/include/asm/assembler.h
[05:10:56] [spechunter] [text] Let me check a few more key definitions and the suspend CSR save/restore path.  
[05:10:56] [spechunter] [Grep] pattern='CAUSE_IRQ_FLAG'
[05:10:56] [spechunter] [Grep] pattern='vtoffset|exccode'
[05:10:56] [spechunter] [Grep] pattern='CSR_TVEC|CSR_STVEC|CSR_MTVEC|CSR_VSTVEC'
[05:10:56] [spechunter] [Read] /home/yzs/riscv/linux/arch/riscv/kernel/suspend.c
[05:11:00] [spechunter] [Read] /home/yzs/riscv/linux/arch/riscv/kernel/suspend.c
[05:11:00] [spechunter] [Read] /home/yzs/riscv/linux/arch/riscv/kernel/entry.S
[05:12:42] [spechunter] [text] Now I have all the evidence needed to produce the formal audit.  
[05:12:42] [spechunter] [Write] /home/yzs/riscv/linux/tmp/security_audit.json
[05:12:52] [spechunter] [text] Here is the completed security audit.  **Overall severity: `potential_risk`**  The kernel has **no SMIVT/CLIC awareness*...
