[07:20:11] [spechunter] PR loaded: #45 riscv-non-isa/riscv-hart-trace-interface — "Add context clarification - Issue 44"
[07:20:11] [spechunter]   diff: 818 chars  body: 1 chars  reviews: 0
[07:20:11] [spechunter] Global pre-filter running...
[07:20:25] [spechunter] [text] {"should_skip": false}
[07:20:27] [spechunter] pre-filter: should_skip=False reason=""
[07:20:32] [spechunter] [text] {"should_skip": true, "skip_reason": "Hart Trace Interface is a debug/trace hardware spec with no kernel-visible interfa...
[07:20:36] [spechunter] [text] {"should_skip": true, "skip_reason": "Debug/trace spec clarification in hart-trace-interface that only affects hardware ...
[07:20:42] [spechunter] [text] {"should_skip": true, "skip_reason": "Hart Trace Interface spec clarification — trace/debug hardware spec that OpenSBI d...
[07:20:42] [spechunter] [text] {"should_skip": false}
[07:20:59] [spechunter] [text] {"should_skip": true, "skip_reason": "Trace interface spec clarification about context/time in trace packets; only affec...
[07:21:10] [spechunter] [Grep] pattern='trace.*encoder|TraceEncoder|trace.*packet|hti|HTI'
[07:21:16] [spechunter] [Read] /home/yzs/riscv/XiangShan/src/main/scala/xiangshan/backend/trace/Trace.scala
[07:21:16] [spechunter] [Read] /home/yzs/riscv/XiangShan/src/main/scala/xiangshan/backend/trace/TraceBuffer.scala
[07:21:26] [spechunter] [Grep] pattern='ctype|context.*type|context_type|hasCtxt|ctxt|ContextType'
[07:21:26] [spechunter] [Grep] pattern='trap|trap_handler|privilege|priv.*change|excp'
[07:21:26] [spechunter] [Glob] src/main/scala/xiangshan/backend/trace/**
[07:21:31] [spechunter] [Read] /home/yzs/riscv/XiangShan/src/main/scala/xiangshan/backend/trace/Interface.scala
[07:22:12] [spechunter] [text] ```json {   "violation_condition": "XiangShan trace encoder RTL fails to automatically emit context/time in trace packet...
[07:22:25] [spechunter] [TodoWrite] 4 items
[07:22:33] [spechunter] [Grep] pattern='TraceEncoder'
[07:22:33] [spechunter] [Grep] pattern='TraceCoreInterface'
[07:22:33] [spechunter] [Grep] pattern='Itype'
[07:22:33] [spechunter] [Grep] pattern='ctype'
[07:22:33] [spechunter] [Grep] pattern='Priv'
[07:22:39] [spechunter] [Read] /home/yzs/riscv/XiangShan/src/main/scala/xiangshan/backend/trace/Trace.scala
[07:22:39] [spechunter] [Read] /home/yzs/riscv/XiangShan/src/main/scala/xiangshan/backend/trace/Interface.scala
[07:22:39] [spechunter] [Read] /home/yzs/riscv/XiangShan/src/main/scala/xiangshan/backend/trace/TraceBuffer.scala
[07:22:45] [spechunter] [Agent] description, prompt
[07:22:58] [spechunter] [text] Now let me find the specific usages of the key vulnerability-related patterns.  
[07:22:58] [spechunter] [Grep] pattern='isTrap|isTrapOrXret'
[07:22:58] [spechunter] [Grep] pattern='ctype'
[07:22:58] [spechunter] [Grep] pattern='TraceCoreInterface'
[07:22:58] [spechunter] [Grep] pattern='prev_priv|lastPriv|currentPriv'
[07:22:58] [spechunter] [Glob] **/*trace*
[07:22:58] [spechunter] [Glob] **/*Trace*
[07:22:58] [spechunter] [Grep] pattern='itype|Itype|IType'
[07:22:58] [spechunter] [Grep] pattern='ctype|Ctype|CType'
[07:23:07] [spechunter] [text] Let me look at the critical trace-related logic in CtrlBlock.scala and MemBlock.scala where context emission should happ...
[07:23:07] [spechunter] [Read] /home/yzs/riscv/XiangShan/src/main/scala/xiangshan/backend/CtrlBlock.scala
[07:23:07] [spechunter] [Read] /home/yzs/riscv/XiangShan/src/main/scala/xiangshan/mem/MemBlock.scala
[07:23:07] [spechunter] [Read] /home/yzs/riscv/XiangShan/src/main/scala/xiangshan/L2Top.scala
[07:23:07] [spechunter] [Read] /home/yzs/riscv/XiangShan/src/main/scala/xiangshan/backend/CtrlBlock.scala
[07:23:20] [spechunter] [text] Let me also check the CSR-side trace-related logic for completeness.  
[07:23:20] [spechunter] [Read] /home/yzs/riscv/XiangShan/src/main/scala/xiangshan/backend/fu/NewCSR/NewCSR.scala
[07:23:20] [spechunter] [Grep] pattern='traceCSR'
[07:23:20] [spechunter] [Grep] pattern='privForTrace'
[07:23:23] [spechunter] [Bash] List files in the trace directory
[07:23:23] [spechunter] [Glob] src/main/scala/xiangshan/backend/trace/**/*
[07:23:23] [spechunter] [Grep] pattern='TraceEncoder|traceEncoder|trace_encoder'
[07:23:23] [spechunter] [Grep] pattern='context|Context'
[07:23:23] [spechunter] [Grep] pattern='privilege|Privilege|prv'
[07:23:46] [spechunter] [Read] /home/yzs/riscv/XiangShan/src/main/scala/xiangshan/backend/trace/Interface.scala
[07:23:46] [spechunter] [Read] /home/yzs/riscv/XiangShan/src/main/scala/xiangshan/backend/trace/Trace.scala
[07:23:46] [spechunter] [Read] /home/yzs/riscv/XiangShan/src/main/scala/xiangshan/backend/trace/TraceBuffer.scala
[07:23:46] [spechunter] [Read] /home/yzs/riscv/XiangShan/src/main/scala/xiangshan/mem/MemTrace.scala
[07:23:46] [spechunter] [Grep] pattern='trace|Trace'
[07:24:11] [spechunter] [Grep] pattern='ItypeWidth|IretireWidth|IaddrWidth|IlastsizeWidth|TraceGroupNum'
[07:24:11] [spechunter] [Grep] pattern='TraceCoreInterface|TraceCSR|TracePipe|TraceBlock|TraceBundle'
[07:24:11] [spechunter] [Grep] pattern='trace|Trace'
[07:24:11] [spechunter] [Grep] pattern='trace|Trace'
[07:24:11] [spechunter] [Grep] pattern='trace|Trace'
[07:24:14] [spechunter] [text] Here is the complete code-location report:  ```json {   "locations": [     {       "file_path": "src/main/scala/xiangsha...
[07:24:33] [spechunter] [Grep] pattern='ItypeWidth|IretireWidth|IaddrWidth|IlastsizeWidth|TraceGroupNum|CauseWidth|TvalWidth|IretireWidthCommited|IretireWidthCompressed|IretireWidthEncoded'
[07:24:33] [spechunter] [Grep] pattern='trace'
[07:24:33] [spechunter] [Grep] pattern='trace'
[07:24:33] [spechunter] [Grep] pattern='trace'
[07:24:33] [spechunter] [Grep] pattern='trace'
[07:24:56] [spechunter] [Grep] pattern='trace'
[07:24:56] [spechunter] [Grep] pattern='trace'
[07:24:56] [spechunter] [Grep] pattern='trace|itype'
[07:24:56] [spechunter] [Grep] pattern='TraceCauseWidth|TraceTvalWidth|TracePrivWidth|TraceStatusWidth|TraceGrpNum|TraceIaddrWidth|TraceItypeWidth|TraceIretireWidthCompressed|TraceIlastsizeWidth'
[07:24:56] [spechunter] [Grep] pattern='traceCSR|TraceCSR'
[07:24:56] [spechunter] [Grep] pattern='traceCSR'
[07:25:16] [spechunter] [Grep] pattern='TraceCauseWidth|TraceTvalWidth|TracePrivWidth|TraceStatusWidth|TraceGrpNum|TraceIaddrWidth|TraceItypeWidth|TraceIretireWidth|TraceIlastsizeWidth'
[07:25:16] [spechunter] [Grep] pattern='import.*trace'
[07:25:16] [spechunter] [Grep] pattern='trace|fromEncoder|toEncoder'
[07:25:16] [spechunter] [Grep] pattern='trace|Trace'
[07:25:16] [spechunter] [Grep] pattern='trace|Trace'
[07:25:16] [spechunter] [Grep] pattern='trace|Trace'
[07:25:34] [spechunter] [Grep] pattern='trace|itype|Itype|jumpType'
[07:25:34] [spechunter] [Grep] pattern='trace|itype'
[07:25:34] [spechunter] [Grep] pattern='traceBlockInPipe|trace'
[07:25:34] [spechunter] [Grep] pattern='traceBlockInPipe|trace'
[07:25:34] [spechunter] [Glob] **/*trace*.*
[07:25:34] [spechunter] [Glob] **/*trace*
[07:25:52] [spechunter] [Read] /home/yzs/riscv/XiangShan/docs/XSPdb/examples/csr_trace.fsm
[07:25:52] [spechunter] [Read] /home/yzs/riscv/XiangShan/src/main/scala/xiangshan/backend/fu/NewCSR/NewCSR.scala
[07:25:52] [spechunter] [Read] /home/yzs/riscv/XiangShan/src/main/scala/xiangshan/backend/rename/Rename.scala
[07:25:52] [spechunter] [Read] /home/yzs/riscv/XiangShan/src/main/scala/xiangshan/backend/rob/Rob.scala
[07:25:52] [spechunter] [Grep] pattern='ctype|context[Pp]acket|Context'
[07:26:08] [spechunter] [Grep] pattern='ctype|Ctype'
[07:26:08] [spechunter] [Grep] pattern='TraceEncoder|traceEncoder|trace_encoder|processor_trace|ProcessorTrace'
[07:26:08] [spechunter] [Grep] pattern='EfficientTrace|efficientTrace|etrace|Etrace'
[07:26:08] [spechunter] [Grep] pattern='trTeInst|trTeContext|trTeSync'
[07:26:08] [spechunter] [Grep] pattern='trace|Trace'
[07:26:23] [spechunter] [Grep] pattern='riscvTrace|RiscvTrace|SiFive.*[Tt]race'
[07:26:23] [spechunter] [Glob] src/main/scala/**/encoder*
[07:26:23] [spechunter] [Glob] src/main/scala/**/*Encode*
[07:26:23] [spechunter] [Grep] pattern='trace'
[07:26:39] [spechunter] [Grep] pattern='trace|Trace'
[07:26:39] [spechunter] [Grep] pattern='EnableTrace|EnableTraceAndDebug|traceParams'
[07:26:39] [spechunter] [Read] /home/yzs/riscv/XiangShan/src/main/scala/xiangshan/Parameters.scala
[07:28:01] [spechunter] [text] Good, I have the full file map. Now let me read the key source files to understand the FSM logic for context emission at...
[07:28:01] [spechunter] [TodoWrite] 4 items
[07:28:09] [spechunter] [Read] /home/yzs/riscv/XiangShan/src/main/scala/xiangshan/backend/trace/Interface.scala
[07:28:09] [spechunter] [Read] /home/yzs/riscv/XiangShan/src/main/scala/xiangshan/backend/trace/Trace.scala
[07:28:09] [spechunter] [Read] /home/yzs/riscv/XiangShan/src/main/scala/xiangshan/backend/trace/TraceBuffer.scala
[07:28:25] [spechunter] [text] Now let me read the key wiring and privilege-context logic.  
[07:28:25] [spechunter] [Read] /home/yzs/riscv/XiangShan/src/main/scala/xiangshan/backend/CtrlBlock.scala
[07:28:25] [spechunter] [Read] /home/yzs/riscv/XiangShan/src/main/scala/xiangshan/backend/fu/NewCSR/NewCSR.scala
[07:28:25] [spechunter] [Read] /home/yzs/riscv/XiangShan/src/main/scala/xiangshan/backend/rob/Rob.scala
[07:28:41] [spechunter] [text] Let me now check how the ROB commit deals with exceptions/interrupts for trace output, and trace the full itype path.  
[07:28:41] [spechunter] [Read] /home/yzs/riscv/XiangShan/src/main/scala/xiangshan/backend/rob/Rob.scala
[07:28:41] [spechunter] [Read] /home/yzs/riscv/XiangShan/src/main/scala/xiangshan/backend/rename/Rename.scala
[07:29:08] [spechunter] [Read] /home/yzs/riscv/XiangShan/src/main/scala/xiangshan/L2Top.scala
[07:29:08] [spechunter] [Read] /home/yzs/riscv/XiangShan/src/main/scala/xiangshan/XSCore.scala
[07:29:17] [spechunter] [Read] /home/yzs/riscv/XiangShan/src/main/scala/xiangshan/XSCore.scala
[07:29:17] [spechunter] [Read] /home/yzs/riscv/XiangShan/src/main/scala/xiangshan/XSCore.scala
[07:29:17] [spechunter] [Read] /home/yzs/riscv/XiangShan/src/main/scala/xiangshan/mem/MemBlock.scala
[07:29:20] [spechunter] [Grep] pattern='traceCoreInterfaceBypass'
[07:29:24] [spechunter] [Read] /home/yzs/riscv/XiangShan/src/main/scala/xiangshan/mem/MemBlock.scala
[07:29:48] [spechunter] [TodoWrite] 4 items
[07:30:02] [spechunter] [text] Now let me check the spec file and look for any external trace encoder logic.  
[07:30:02] [spechunter] [Glob] **/hti.adoc
[07:30:02] [spechunter] [Grep] pattern='context|ctype|Ctype|trTeContext|autoSync|trapSync|privSync'
[07:30:02] [spechunter] [Grep] pattern='emit|inject|auto|forceSync|syncPack'
[07:30:09] [spechunter] [Grep] pattern='context|sync|Sync'
[07:30:09] [spechunter] [Grep] pattern='lastPriv|privChange|priv.*change'
[07:30:33] [spechunter] [text] Now I have a thorough understanding of the entire trace path. Let me write the findings.  
[07:30:33] [spechunter] [TodoWrite] 4 items
[07:31:54] [spechunter] [text] Now I'll produce the final JSON output based on my thorough analysis.  ```json {   "finding": "XiangShan trace encoder l...
[07:32:12] [spechunter] [text] Let me verify the key locations against the actual source code before producing the final set.  
[07:32:12] [spechunter] [Read] /home/yzs/riscv/XiangShan/src/main/scala/xiangshan/backend/trace/Interface.scala
[07:32:12] [spechunter] [Read] /home/yzs/riscv/XiangShan/src/main/scala/xiangshan/backend/CtrlBlock.scala
[07:32:12] [spechunter] [Read] /home/yzs/riscv/XiangShan/src/main/scala/xiangshan/backend/fu/NewCSR/NewCSR.scala
[07:32:29] [spechunter] [Read] /home/yzs/riscv/XiangShan/src/main/scala/xiangshan/backend/trace/Interface.scala
[07:32:29] [spechunter] [Read] /home/yzs/riscv/XiangShan/src/main/scala/xiangshan/backend/trace/Interface.scala
[07:33:00] [spechunter] [Read] /home/yzs/riscv/XiangShan/src/main/scala/xiangshan/mem/MemBlock.scala
[07:33:00] [spechunter] [Read] /home/yzs/riscv/XiangShan/src/main/scala/xiangshan/L2Top.scala
[07:33:00] [spechunter] [Read] /home/yzs/riscv/XiangShan/src/main/scala/xiangshan/backend/trace/Trace.scala
[07:33:00] [spechunter] [Read] /home/yzs/riscv/XiangShan/src/main/scala/xiangshan/backend/trace/TraceBuffer.scala
[07:33:55] [spechunter] [text] Now I have all the data. Let me cross-validate each location against the actual code and the Issue 44 requirements.  ## ...
[07:34:15] [spechunter] [text] Let me first locate the trace encoder RTL files in the repository, since the code locations provided are all `:0-0` (pla...
[07:34:15] [spechunter] [Agent] description, prompt
[07:34:28] [spechunter] [Glob] **/*[Tt]race*
[07:34:28] [spechunter] [Glob] **/*trace*
[07:34:28] [spechunter] [Grep] pattern='TraceEncoder|trace_encoder'
[07:34:28] [spechunter] [Grep] pattern='trace.*encoder|TraceEncoder'
[07:34:44] [spechunter] [Bash] List all files in the trace directory
[07:34:44] [spechunter] [Grep] pattern='context|context_packet|ctype|itype'
[07:34:44] [spechunter] [Grep] pattern='FSM|state_machine|s_.*State|ContextState|TraceFsms'
[07:34:44] [spechunter] [Grep] pattern='TraceEncoder|TealBundle|Teal'
[07:34:56] [spechunter] [Read] /home/yzs/riscv/XiangShan/src/main/scala/xiangshan/backend/trace/Interface.scala
[07:34:56] [spechunter] [Read] /home/yzs/riscv/XiangShan/src/main/scala/xiangshan/backend/trace/Trace.scala
[07:34:56] [spechunter] [Read] /home/yzs/riscv/XiangShan/src/main/scala/xiangshan/backend/trace/TraceBuffer.scala
[07:34:56] [spechunter] [Grep] pattern='encoder|Encoder|ENCODER'
[07:34:56] [spechunter] [Grep] pattern='context_packet|contextPacket|ContextPacket'
[07:35:13] [spechunter] [Grep] pattern='toEncoder|fromEncoder'
[07:35:13] [spechunter] [Grep] pattern='TraceCoreInterface|trace.*interface'
[07:35:13] [spechunter] [Grep] pattern='Teal|teal'
[07:35:13] [spechunter] [Grep] pattern='trace|Trace'
[07:35:38] [spechunter] [Grep] pattern='traceCoreInterface|trace.*Interface'
[07:35:38] [spechunter] [Grep] pattern='traceCoreInterface|trace.*Interface'
[07:35:38] [spechunter] [Grep] pattern='traceCoreInterface|trace.*Interface'
[07:35:38] [spechunter] [Grep] pattern='TraceCoreInterface'
[07:35:55] [spechunter] [Grep] pattern='toEncoder|fromEncoder|traceCoreInterface'
[07:35:55] [spechunter] [Grep] pattern='toEncoder|fromEncoder|traceCoreInterface'
[07:36:19] [spechunter] [Grep] pattern='class Trace|module.*Trace'
[07:36:19] [spechunter] [Grep] pattern='TraceEncoded|TealInst|TealTrace|trace.*packet'
[07:36:19] [spechunter] [Glob] **/trace/**/*.scala
[07:36:19] [spechunter] [Grep] pattern='TraceGroupNum|IretireWidth|IaddrWidth|ItypeWidth|IlazysizeWidth'
[07:36:19] [spechunter] [Grep] pattern='context|ctype'
[07:36:39] [spechunter] [Grep] pattern='Trace|trace|Teal'
[07:36:39] [spechunter] [Grep] pattern='Trace|trace'
[07:36:39] [spechunter] [Grep] pattern='Trace|trace'
[07:36:55] [spechunter] [Grep] pattern='traceBlockInPipe|traceCommitInfo|blockCommit.*trace'
[07:36:55] [spechunter] [Grep] pattern='IretireWidthEncoded|IretireWidthCompressed|IretireWidthCommited'
[07:36:55] [spechunter] [Grep] pattern='pcMem|pcMemRdIndexes|PcMem'
[07:37:11] [spechunter] [Read] /home/yzs/riscv/XiangShan/src/main/scala/xiangshan/mem/MemTrace.scala
[07:37:11] [spechunter] [Grep] pattern='trace.*encoder|encoder.*trace|teal|TEAL|context_packet|CTYPE'
[07:37:11] [spechunter] [Grep] pattern='csr_trace|trace.*fsm|trace.*state'
[07:37:19] [spechunter] [Read] /home/yzs/riscv/XiangShan/docs/XSPdb/examples/csr_trace.fsm
[07:37:19] [spechunter] [Grep] pattern='trace'
[07:37:19] [spechunter] [Grep] pattern='traceCoreInterface|fromEncoder|toEncoder'
[07:37:44] [spechunter] [Read] /home/yzs/riscv/XiangShan/src/main/scala/xiangshan/backend/Bundles.scala
[07:37:44] [spechunter] [Read] /home/yzs/riscv/XiangShan/src/main/scala/xiangshan/backend/Bundles.scala
[07:37:44] [spechunter] [Read] /home/yzs/riscv/XiangShan/src/main/scala/xiangshan/backend/rob/Rob.scala
[07:37:44] [spechunter] [Read] /home/yzs/riscv/XiangShan/src/main/scala/xiangshan/backend/Backend.scala
[07:37:44] [spechunter] [Grep] pattern='traceBlockInPipe'
[07:37:55] [spechunter] [Read] /home/yzs/riscv/XiangShan/src/main/scala/xiangshan/backend/rename/Rename.scala
[07:37:55] [spechunter] [Grep] pattern='XSTOP|xstop'
[07:39:11] [spechunter] [text] Let me read the key trace pipeline RTL files to understand the exact data flow and what context information is (or isn't...
[07:39:11] [spechunter] [Read] /home/yzs/riscv/XiangShan/src/main/scala/xiangshan/backend/trace/Interface.scala
[07:39:11] [spechunter] [Read] /home/yzs/riscv/XiangShan/src/main/scala/xiangshan/backend/trace/Trace.scala
[07:39:11] [spechunter] [Read] /home/yzs/riscv/XiangShan/src/main/scala/xiangshan/backend/trace/TraceBuffer.scala
[07:39:32] [spechunter] [text] Now let me read the CtrlBlock to see how trace CSR data (priv, mstatus, trap) is wired, and also the top-level to unders...
[07:39:32] [spechunter] [Read] /home/yzs/riscv/XiangShan/src/main/scala/xiangshan/backend/CtrlBlock.scala
[07:39:32] [spechunter] [Read] /home/yzs/riscv/XiangShan/src/main/scala/top/Top.scala
[07:39:32] [spechunter] [Read] /home/yzs/riscv/XiangShan/src/main/scala/xiangshan/backend/rob/Rob.scala
[07:39:50] [spechunter] [text] Let me find how `traceCSR` is populated and how the CSR trace data flows.  
[07:39:50] [spechunter] [Grep] pattern='traceCSR'
[07:39:50] [spechunter] [Grep] pattern='fromCSR'
[07:40:03] [spechunter] [text] Let me look at how `traceCSR` is populated in the CSR module and Backend.  
[07:40:03] [spechunter] [Grep] pattern='traceCSR'
[07:40:03] [spechunter] [Grep] pattern='traceCSR'
[07:40:03] [spechunter] [Grep] pattern='traceCSR'
[07:40:23] [spechunter] [text] Let me also check the `privForTrace` definition and how trap events are routed in the CSR module.    
[07:40:23] [spechunter] [Grep] pattern='privForTrace'
[07:40:23] [spechunter] [Grep] pattern='io.fromRob.trap'
[07:41:34] [spechunter] [text] Let me look at how the CSR priv state transitions on trap to understand the timing of `lastPriv`.  
[07:41:34] [spechunter] [Grep] pattern='privState.*isMode'
[07:41:34] [spechunter] [Grep] pattern='class PrivState|when.*hasTrap|when.*trap'
[07:42:43] [spechunter] [text] Now let me verify one more critical piece — how priv changement would be detectable across consecutive trace groups in t...
[07:42:43] [spechunter] [Read] /home/yzs/riscv/XiangShan/src/main/scala/xiangshan/backend/CtrlBlock.scala
[07:42:43] [spechunter] [Read] /home/yzs/riscv/XiangShan/src/main/scala/xiangshan/backend/fu/NewCSR/NewCSR.scala
[07:45:11] [spechunter] [text] Now let me look at the Rename stage to see how itype assignments work for xRET instructions and CSR instructions that mo...
[07:45:11] [spechunter] [Read] /home/yzs/riscv/XiangShan/src/main/scala/xiangshan/backend/rename/Rename.scala
[07:45:11] [spechunter] [Grep] pattern='ExpIntReturn'
[07:46:11] [spechunter] [text] Let me also verify if any trace encoder FSM exists in the repo, and check for related documentation or external encoder ...
[07:46:11] [spechunter] [Grep] pattern='context|Context|CONTEXT|ctype|Ctype'
[07:46:11] [spechunter] [Grep] pattern='XSTOP|Teal|teal|xstop|TraceEncoder|trace_encoder|TealEncoder'
[07:46:17] [spechunter] [Grep] pattern='XSTOP|Teal|xstop|TraceEncoder|trace_encoder'
[07:46:17] [spechunter] [Grep] pattern='XSTOP|Teal|xstop|TraceEncoder|trace_encoder'
[07:47:33] [spechunter] [text] Now I have a complete picture of the trace system. Let me verify one more detail about the interface signal widths used ...
[07:47:33] [spechunter] [Grep] pattern='TracePrivWidth|TraceCauseWidth|TraceTvalWidth|TraceStatusWidth|TraceItypeWidth|TraceGrpNum'
[07:50:08] [spechunter] [text] Now let me verify the decoder tables and check for potential xRET instruction encoding issues in Rename.  
[07:50:08] [spechunter] [Grep] pattern='CSROpType'
[07:50:08] [spechunter] [Grep] pattern='isSystemOp|isXret|systemOp'
[07:50:12] [spechunter] [Grep] pattern='object CSROpType'
[07:50:25] [spechunter] [Read] /home/yzs/riscv/XiangShan/src/main/scala/xiangshan/package.scala
[07:52:23] [spechunter] [text] Let me check the existing findings files and the recent commits for context on this issue.  
[07:52:23] [spechunter] [Read] /home/yzs/riscv/XiangShan/tval_itype_findings.json
[07:52:23] [spechunter] [Read] /home/yzs/riscv/XiangShan/smnip_preempt_findings.json
[07:54:24] [spechunter] [text] Now I have a thorough understanding of the trace pipeline. Let me verify one more timing detail about how `lastPriv` is ...
[07:54:24] [spechunter] [Read] /home/yzs/riscv/XiangShan/src/main/scala/xiangshan/backend/fu/NewCSR/CSREvents/TrapEntryMEvent.scala
[07:54:24] [spechunter] [Grep] pattern='debugMode'
[07:56:07] [spechunter] [text] Now I have a complete picture of the trace pipeline. Let me write the findings.  
[07:56:07] [spechunter] [Write] /home/yzs/riscv/XiangShan/notrace_security_trace_findings.json
[07:56:10] [spechunter] [Read] /home/yzs/riscv/XiangShan/notrace_security_trace_findings.json
[07:57:18] [spechunter] [text] Now I have all the context. Let me write the comprehensive findings for the trace encoder context-emission vulnerability...
[07:57:18] [spechunter] [Write] /home/yzs/riscv/XiangShan/notrace_security_trace_findings.json
[19:53:44] [spechunter] PR loaded: #45 riscv-non-isa/riscv-hart-trace-interface — "Add context clarification - Issue 44"
[19:53:44] [spechunter]   diff: 818 chars  body: 1 chars  reviews: 0
[19:53:44] [spechunter] Global pre-filter running...
[19:53:50] [spechunter] [text] {"should_skip": false}
[19:53:51] [spechunter] pre-filter: should_skip=False reason=""
[19:53:56] [spechunter] [text] {"should_skip": true, "skip_reason": "Trace interface spec documentation clarification unrelated to OpenSBI firmware beh...
[19:54:04] [spechunter] [text] {"should_skip": true, "skip_reason": "Hart Trace Interface is a debug/trace spec for external hardware trace tools, not ...
[19:54:11] [spechunter] [text] {"should_skip": true, "skip_reason": "RISC-V Hart Trace Interface is a hardware trace encoder spec for external debugger...
[19:54:13] [spechunter] [text] {"should_skip": true, "skip_reason": "Debug/trace spec change for hart trace interface hardware signals, not relevant to...
[19:54:25] [spechunter] [text] {"should_skip": false}
[19:55:03] [spechunter] [text] ```json {   "violation_condition": "In XiangShan RTL, the trace encoder logic fails to automatically include *context* a...
[19:55:21] [spechunter] [TodoWrite] 6 items
[19:55:41] [spechunter] [Grep] pattern='trTeCtx'
[19:55:41] [spechunter] [Grep] pattern='trTeTime'
[19:55:41] [spechunter] [Grep] pattern='trTeCtype'
[19:55:41] [spechunter] [Grep] pattern='mcontext'
[19:55:41] [spechunter] [Grep] pattern='scontext'
[19:55:41] [spechunter] [Grep] pattern='mcycle'
[19:55:56] [spechunter] [Agent] subagent_type, description
[19:55:56] [spechunter] [Agent] subagent_type, description
[19:55:56] [spechunter] [Agent] subagent_type, description
[19:56:13] [spechunter] [Grep] pattern='\\btime\\b'
[19:56:13] [spechunter] [Grep] pattern='trace.*context|trace.*ctype|auto.*include.*context|priv.*change.*trace|trap.*handler.*trace|context.*packet.*priv|ctype.*zero.*trap'
[19:56:13] [spechunter] [Grep] pattern='TrTe|trte|TRTE'
[19:56:13] [spechunter] [Grep] pattern='hcontext'
[19:56:13] [spechunter] [Grep] pattern='trace'
[19:56:14] [spechunter] [Grep] pattern='ctype'
[19:56:14] [spechunter] [Grep] pattern='trTeCtype|teCtype'
[19:56:14] [spechunter] [Grep] pattern='mcontext|scontext'
[19:56:14] [spechunter] [Grep] pattern='mcycle|time'
[19:56:14] [spechunter] [Glob] **/*trace*/**/*.{scala,v,sv}
[19:56:14] [spechunter] [Glob] **/*Trace*
[19:56:15] [spechunter] [Glob] **/src/main/scala/**/*Trace*
[19:56:15] [spechunter] [Glob] **/src/main/scala/**/*trace*
[19:56:15] [spechunter] [Glob] **/src/main/scala/**/*Te*
[19:56:15] [spechunter] [Glob] **/src/main/scala/**/*encoder*
[19:56:15] [spechunter] [Glob] **/src/main/scala/**/*Encoder*
[19:56:15] [spechunter] [Glob] **/src/main/scala/**/*packet*
[19:56:15] [spechunter] [Glob] **/src/main/scala/**/*Packet*
[19:56:25] [spechunter] [Grep] pattern='priv.*(?:trace|te|packet)|(?:trace|te|packet).*priv'
[19:56:25] [spechunter] [Grep] pattern='trap.*(?:trace|first.*inst|handler)|(?:trace|handler).*trap'
[19:56:25] [spechunter] [Grep] pattern='auto.*include|context.*trace|include.*context'
[19:56:25] [spechunter] [Grep] pattern='trTeInstEnAll|trTeInstEnTgtInst|trTeInstEnExcptInst|trTeInstEnTgtExcpt'
[19:56:25] [spechunter] [Grep] pattern='time.*(?:trace.*packet|te.*packet)|(?:trace.*packet|te.*packet).*time'
[19:56:25] [spechunter] [Grep] pattern='fsm|state.*machine|tracestate|state.*trace'
[19:56:32] [spechunter] [Read] /home/yzs/riscv/XiangShan/src/main/scala/xiangshan/backend/trace/Trace.scala
[19:56:32] [spechunter] [Read] /home/yzs/riscv/XiangShan/src/main/scala/xiangshan/backend/trace/TraceBuffer.scala
[19:56:32] [spechunter] [Read] /home/yzs/riscv/XiangShan/src/main/scala/xiangshan/backend/trace/Interface.scala
[19:56:32] [spechunter] [Grep] pattern='ctype|tc_enabled|trTeInstCtype|ctype'
[19:56:32] [spechunter] [Grep] pattern='mcycle'
[19:56:35] [spechunter] [Grep] pattern='trTeCtx|trTeTime|trTeCtype|mcontext|scontext'
[19:56:35] [spechunter] [Grep] pattern='ctype'
[19:56:35] [spechunter] [Grep] pattern='TraceEncoder|TraceEncode|TracePacket|TraceBlock'
[19:56:35] [spechunter] [Grep] pattern='trTeCtx|trTeTime|trTeCtype|mcontext|scontext'
[19:56:35] [spechunter] [Bash] List all files under the trace directory
[19:56:35] [spechunter] [Glob] **/src/main/scala/**/trace/**
[19:56:39] [spechunter] [Grep] pattern='TraceCSR'
[19:56:39] [spechunter] [Glob] src/main/scala/xiangshan/backend/trace/**
[19:56:39] [spechunter] [Grep] pattern='trTeCtx|trTeTime|trTeCtype|mcontext|scontext|hcontext|mcycle|time'
[19:57:03] [spechunter] [Read] /home/yzs/riscv/XiangShan/src/main/scala/xiangshan/backend/trace/Trace.scala
[19:57:03] [spechunter] [Read] /home/yzs/riscv/XiangShan/src/main/scala/xiangshan/backend/trace/Interface.scala
[19:57:03] [spechunter] [Read] /home/yzs/riscv/XiangShan/src/main/scala/xiangshan/backend/trace/TraceBuffer.scala
[19:57:03] [spechunter] [Grep] pattern='Trace'
[19:57:03] [spechunter] [Grep] pattern='Trace'
[19:57:03] [spechunter] [Grep] pattern='Trace'
[19:57:03] [spechunter] [Grep] pattern='Trace'
[19:57:03] [spechunter] [Grep] pattern='Trace'
[19:57:12] [spechunter] [Grep] pattern='trace.*priv|priv.*trace|lastPriv|tracePriv|currentPriv|privForTrace'
[19:57:12] [spechunter] [Grep] pattern='trap.*trace|trace.*trap|traceCSR|toEncoder.*trap'
[19:57:12] [spechunter] [Grep] pattern='trace.*packet|TracePacket|tracePacket'
[19:57:12] [spechunter] [Grep] pattern='time.*trace|trace.*time|timestamp.*trace'
[19:57:12] [spechunter] [Grep] pattern='auto.*include|include.*auto|forceContext|force.*context|context.*force'
[19:57:12] [spechunter] [Grep] pattern='TraceState|traceState|trace.*fsm|fsm.*trace'
[19:57:12] [spechunter] [Read] /home/yzs/riscv/XiangShan/rocket-chip/src/main/scala/util/TraceCoreInterface.scala
[19:57:12] [spechunter] [Grep] pattern='ctype|trace.*context|context.*trace'
[19:57:12] [spechunter] [Grep] pattern='trace.*time|time.*trace|trTe|te_inst|teImp'
[19:57:12] [spechunter] [Grep] pattern='context.*Bundle|Bundle.*context|val context|val time'
[19:57:12] [spechunter] [Grep] pattern='trTe|te_inst|teInst'
[19:57:33] [spechunter] [Grep] pattern='trTeCtx|trTeTime|trTeCtype'
[19:57:33] [spechunter] [Grep] pattern='mcontext|scontext'
[19:57:33] [spechunter] [Grep] pattern='mcontext|scontext'
[19:57:33] [spechunter] [Grep] pattern='trace|Trace'
[19:57:33] [spechunter] [Grep] pattern='ctype'
[19:57:33] [spechunter] [Glob] **/src/main/scala/**/*Trace*.scala
[19:57:33] [spechunter] [Glob] **/src/main/scala/**/*trace*
[19:57:35] [spechunter] [Grep] pattern='io\\.trace|trace\\.(context|time|ctype)'
[19:57:35] [spechunter] [Grep] pattern='teControl|teImpl|trTeInstCtype|trTeInstFeatures|ctype'
[19:57:35] [spechunter] [Read] /home/yzs/riscv/XiangShan/rocket-chip/src/main/scala/rocket/RocketCore.scala
[19:57:35] [spechunter] [Glob] src/main/scala/xiangshan/backend/trace/**/*.scala
[19:57:35] [spechunter] [Grep] pattern='priv|Priv|PRV|privilegeChange'
[19:57:35] [spechunter] [Grep] pattern='trap|Trap|xret|Xret|handler|Handler|exception|Exception'
[19:57:35] [spechunter] [Grep] pattern='context|Context|time|Time|include|Include'
[19:57:39] [spechunter] [Read] /home/yzs/riscv/XiangShan/src/main/scala/xiangshan/backend/trace/Interface.scala
[19:57:39] [spechunter] [Read] /home/yzs/riscv/XiangShan/src/main/scala/xiangshan/backend/fu/NewCSR/MachineLevel.scala
[19:57:39] [spechunter] [Read] /home/yzs/riscv/XiangShan/src/main/scala/xiangshan/backend/fu/NewCSR/SupervisorLevel.scala
[19:57:39] [spechunter] [Read] /home/yzs/riscv/XiangShan/src/main/scala/xiangshan/backend/fu/NewCSR/HypervisorLevel.scala
[19:57:57] [spechunter] [Grep] pattern='val context|val time|context.*UInt|time.*UInt'
[19:57:57] [spechunter] [Grep] pattern='class.*Trace|Bundle.*trace|trace.*Bundle'
[19:57:57] [spechunter] [Grep] pattern='class TraceCoreInterfaceDef|class TraceCoreInterface'
[19:57:57] [spechunter] [Grep] pattern='trace.*context|context.*trace|trace.*time|time.*trace|mcycle'
[19:57:58] [spechunter] [Grep] pattern='mcontext|Mcontext'
[19:57:58] [spechunter] [Grep] pattern='scontext|Scontext'
[19:57:58] [spechunter] [Grep] pattern='mcontext|hcontext'
[19:57:58] [spechunter] [Grep] pattern='McontextBundle|ScontextBundle|HcontextBundle'
[19:57:58] [spechunter] [Grep] pattern='TraceCoreInterface|TraceCSR|TraceEncoder|traceEncoder'
[19:57:58] [spechunter] [Read] /home/yzs/riscv/XiangShan/src/main/scala/xiangshan/mem/MemTrace.scala
[19:58:02] [spechunter] [Glob] src/main/scala/xiangshan/backend/trace/**/*.scala
[19:58:02] [spechunter] [Grep] pattern='Trace|trace|te_inst|te_packet'
[19:58:02] [spechunter] [Grep] pattern='TraceCoreInterface|traceCoreInterface|traceInterface'
[19:58:02] [spechunter] [Grep] pattern='privilegeChange|privChange|priv_change|changePriv|priv.*change|change.*priv'
[19:58:10] [spechunter] [Grep] pattern='trace.*context|context.*trace|trace.*time|mcycle'
[19:58:10] [spechunter] [Grep] pattern='class.*Bundle.*trace|trace.*extends.*Bundle|class.*TraceInsn|class.*TraceCSR'
[19:58:10] [spechunter] [Grep] pattern='io\\.time\\b'
[19:58:11] [spechunter] [Grep] pattern='McontextBundle|ScontextBundle'
[19:58:11] [spechunter] [Read] /home/yzs/riscv/XiangShan/src/main/scala/xiangshan/backend/fu/NewCSR/NewCSR.scala
[19:58:11] [spechunter] [Read] /home/yzs/riscv/XiangShan/src/main/scala/xiangshan/backend/fu/NewCSR/Unprivileged.scala
[19:58:11] [spechunter] [Read] /home/yzs/riscv/XiangShan/src/main/scala/xiangshan/backend/fu/NewCSR/MachineLevel.scala
[19:58:13] [spechunter] [Read] /home/yzs/riscv/XiangShan/src/main/scala/xiangshan/backend/trace/Interface.scala
[19:58:13] [spechunter] [Read] /home/yzs/riscv/XiangShan/src/main/scala/xiangshan/backend/trace/Trace.scala
[19:58:13] [spechunter] [Read] /home/yzs/riscv/XiangShan/src/main/scala/xiangshan/backend/trace/TraceBuffer.scala
[19:58:33] [spechunter] [Read] /home/yzs/riscv/XiangShan/src/main/scala/xiangshan/backend/fu/NewCSR/NewCSR.scala
[19:58:33] [spechunter] [Read] /home/yzs/riscv/XiangShan/src/main/scala/xiangshan/backend/CtrlBlock.scala
[19:58:33] [spechunter] [Read] /home/yzs/riscv/XiangShan/src/main/scala/xiangshan/backend/CtrlBlock.scala
[19:58:33] [spechunter] [Grep] pattern='TraceCoreInterface|trace'
[19:58:33] [spechunter] [Grep] pattern='TraceCoreInterface|trace|Trace'
[19:58:33] [spechunter] [Grep] pattern='TraceCoreInterface|trace|Trace'
[19:58:33] [spechunter] [Grep] pattern='TraceCoreInterface|trace|Trace'
[19:58:33] [spechunter] [Grep] pattern='TraceCoreInterface|trace|Trace'
[19:58:33] [spechunter] [Grep] pattern='TraceCoreInterface|trace|Trace'
[19:58:33] [spechunter] [Grep] pattern='TraceCoreInterface|trace|Trace'
[19:58:33] [spechunter] [Grep] pattern='TraceCoreInterface|trace|Trace'
[19:58:40] [spechunter] [Read] /home/yzs/riscv/XiangShan/src/main/scala/xiangshan/backend/fu/NewCSR/MachineLevel.scala
[19:58:40] [spechunter] [Read] /home/yzs/riscv/XiangShan/src/main/scala/xiangshan/backend/fu/NewCSR/SupervisorLevel.scala
[19:58:40] [spechunter] [Read] /home/yzs/riscv/XiangShan/src/main/scala/xiangshan/backend/decode/isa/CSRs.scala
[19:58:40] [spechunter] [Read] /home/yzs/riscv/XiangShan/src/main/scala/xiangshan/backend/decode/isa/CSRs.scala
[19:58:40] [spechunter] [Read] /home/yzs/riscv/XiangShan/src/main/scala/xiangshan/backend/fu/NewCSR/NewCSR.scala
[19:58:40] [spechunter] [Read] /home/yzs/riscv/XiangShan/src/main/scala/xiangshan/backend/fu/NewCSR/NewCSR.scala
[19:58:56] [spechunter] [Grep] pattern='hcontext|Hcontext'
[19:58:56] [spechunter] [Read] /home/yzs/riscv/XiangShan/rocket-chip/src/main/scala/util/TraceCoreInterface.scala
[19:58:56] [spechunter] [Grep] pattern='TraceGroupNum|IaddrWidth|IretireWidthCompressed|IretireWidthCommited'
[19:58:56] [spechunter] [Grep] pattern='scontext|hcontext|CONTEXT'
[19:58:56] [spechunter] [Grep] pattern='Trace'
[19:59:05] [spechunter] [Read] /home/yzs/riscv/XiangShan/rocket-chip/src/main/scala/rocket/CSR.scala
[19:59:05] [spechunter] [Read] /home/yzs/riscv/XiangShan/rocket-chip/src/main/scala/tile/Core.scala
[19:59:05] [spechunter] [Read] /home/yzs/riscv/XiangShan/rocket-chip/src/main/scala/tile/Core.scala
[19:59:06] [spechunter] [Read] /home/yzs/riscv/XiangShan/src/main/scala/xiangshan/backend/fu/NewCSR/NewCSR.scala
[19:59:06] [spechunter] [Read] /home/yzs/riscv/XiangShan/src/main/scala/xiangshan/backend/fu/NewCSR/CSRPermitModule.scala
[19:59:06] [spechunter] [Read] /home/yzs/riscv/XiangShan/src/main/scala/xiangshan/backend/fu/CSR.scala
[19:59:06] [spechunter] [Read] /home/yzs/riscv/XiangShan/src/main/scala/xiangshan/backend/fu/CSR.scala
[19:59:06] [spechunter] [Read] /home/yzs/riscv/XiangShan/src/main/scala/xiangshan/backend/decode/isa/CSRs.scala
[19:59:06] [spechunter] [Read] /home/yzs/riscv/XiangShan/src/main/scala/xiangshan/backend/decode/isa/CSRs.scala
[19:59:10] [spechunter] [Grep] pattern='trTeInstEn|InstEn|TgtInst|ExcptInst|TgtExcpt'
[19:59:10] [spechunter] [Grep] pattern='time|timestamp|cycle'
[19:59:10] [spechunter] [Read] /home/yzs/riscv/XiangShan/src/main/scala/xiangshan/XSCore.scala
[19:59:10] [spechunter] [Read] /home/yzs/riscv/XiangShan/src/main/scala/xiangshan/XSTile.scala
[19:59:26] [spechunter] [Read] /home/yzs/riscv/XiangShan/src/main/scala/xiangshan/backend/decode/isa/CSRs.scala
[19:59:26] [spechunter] [Read] /home/yzs/riscv/XiangShan/src/main/scala/xiangshan/backend/fu/NewCSR/CSRPermitModule.scala
[19:59:35] [spechunter] [Grep] pattern='\\"time\\"|val time\\s*='
[19:59:35] [spechunter] [Grep] pattern='trace.*priv|priv.*trace|trap.*handler.*trace|context.*packet'
[19:59:35] [spechunter] [Grep] pattern='ctype'
[19:59:35] [spechunter] [Grep] pattern='NewCSR.*trace|trace.*NewCSR|trace.*CSR|CSR.*trace'
[19:59:35] [spechunter] [Read] /home/yzs/riscv/XiangShan/src/main/scala/xiangshan/mem/MemTrace.scala
[19:59:36] [spechunter] [Grep] pattern='TraceGroupNum|IaddrWidth|IretireWidth|Trace'
[19:59:36] [spechunter] [Grep] pattern='TraceGroupNum|IaddrWidth|IretireWidth|trace'
[19:59:36] [spechunter] [Grep] pattern='traceTrace'
[19:59:36] [spechunter] [Glob] **/src/main/scala/**/*trTe*
[19:59:36] [spechunter] [Grep] pattern='trTeCtx|trTeTime|trTeCtype'
[19:59:42] [spechunter] [Grep] pattern='trTeInstEn|InstEn'
[19:59:42] [spechunter] [Grep] pattern='time.*packet|timestamp.*trace|trace.*time|te_impl|TeImpl'
[19:59:42] [spechunter] [Grep] pattern='traceCoreInterface.*time|time.*traceCoreInterface|toEncoder.*time'
[19:59:42] [spechunter] [Grep] pattern='encoder|Encoder'
[19:59:42] [spechunter] [Grep] pattern='traceCoreInterface.*toEncoder|toEncoder.*priv|toEncoder.*cause|toEncoder.*context'
[19:59:42] [spechunter] [Grep] pattern='TraceGroupNum|traceGroupNum|traceNum'
[19:59:49] [spechunter] [Grep] pattern='mcycle|cycle'
[19:59:49] [spechunter] [Grep] pattern='mcycle'
[19:59:49] [spechunter] [Grep] pattern='mcontext|scontext'
[19:59:49] [spechunter] [Read] /home/yzs/riscv/XiangShan/src/main/scala/xiangshan/backend/fu/NewCSR/NewCSR.scala
[19:59:58] [spechunter] [Read] /home/yzs/riscv/XiangShan/src/main/scala/xiangshan/backend/fu/NewCSR/MachineLevel.scala
[19:59:58] [spechunter] [Read] /home/yzs/riscv/XiangShan/src/main/scala/xiangshan/backend/fu/NewCSR/SupervisorLevel.scala
[19:59:58] [spechunter] [Grep] pattern='class ScontextBundle|class McontextBundle|class Scontext|class Mcontext'
[19:59:58] [spechunter] [Grep] pattern='DebugLevel|mcontext|mscontext|scontext|tselect|tdata|tinfo|tcontrol'
[20:00:00] [spechunter] [Grep] pattern='scontext'
[20:00:00] [spechunter] [Read] /home/yzs/riscv/XiangShan/utility/src/main/scala/utility/ChiselTaggedTrace.scala
[20:00:00] [spechunter] [Grep] pattern='mscontext'
[20:00:06] [spechunter] [Read] /home/yzs/riscv/XiangShan/src/main/scala/xiangshan/backend/fu/NewCSR/SupervisorLevel.scala
[20:00:06] [spechunter] [Read] /home/yzs/riscv/XiangShan/src/main/scala/xiangshan/backend/fu/NewCSR/MachineLevel.scala
[20:00:06] [spechunter] [Grep] pattern='DebugLevel|class Debug|mscontext|hcontext'
[20:00:15] [spechunter] [Read] /home/yzs/riscv/XiangShan/src/main/scala/xiangshan/backend/fu/NewCSR/DebugLevel.scala
[20:00:15] [spechunter] [Read] /home/yzs/riscv/XiangShan/src/main/scala/xiangshan/backend/fu/NewCSR/MachineLevel.scala
[20:00:15] [spechunter] [Read] /home/yzs/riscv/XiangShan/src/main/scala/xiangshan/backend/fu/NewCSR/HypervisorLevel.scala
[20:00:26] [spechunter] [Grep] pattern='mscontext'
[20:00:26] [spechunter] [Glob] **/src/main/scala/**/CSR.scala
[20:00:26] [spechunter] [Grep] pattern='TraceEncoder|traceEncoder|trace_encoder|trTeImpl'
[20:00:39] [spechunter] [Grep] pattern='trTe|trace.*CSR|0x7a6|0x7a7'
[20:00:39] [spechunter] [Grep] pattern='val time'
[20:00:39] [spechunter] [Read] /home/yzs/riscv/XiangShan/src/main/scala/xiangshan/backend/fu/NewCSR/NewCSR.scala
[20:00:41] [spechunter] [Grep] pattern='trace|Trace'
[20:00:41] [spechunter] [Grep] pattern='traceCSR|TraceCSR|privForTrace'
[20:00:41] [spechunter] [Grep] pattern='TraceGroupNum|TraceBlock|TraceBundle|TracePipe|TraceBuffer'
[20:00:52] [spechunter] [Grep] pattern='Trace|trace'
[20:00:52] [spechunter] [Grep] pattern='Trace|trace'
[20:00:52] [spechunter] [Grep] pattern='Trace|trace'
[20:00:58] [spechunter] [Grep] pattern='TraceCoreInterface'
[20:00:58] [spechunter] [Glob] **/test/**/*trace*
[20:00:58] [spechunter] [Glob] **/test/**/*Trace*
[20:01:05] [spechunter] [text] ```json {   "locations": [     {       "file_path": "src/main/scala/xiangshan/backend/decode/isa/CSRs.scala",       "fun...
[20:01:05] [spechunter] [Read] /home/yzs/riscv/XiangShan/src/main/scala/top/XSNoCTop.scala
[20:01:05] [spechunter] [Read] /home/yzs/riscv/XiangShan/src/main/scala/top/Top.scala
[20:01:05] [spechunter] [Grep] pattern='traceCommitInfo|tracePipe|trace.*commit|isTrap|isTrapOrXret|xret'
[20:01:05] [spechunter] [Grep] pattern='traceCommitInfo|TracePipe|tracePipe|itype.*trap|trap.*itype'
[20:01:11] [spechunter] [Grep] pattern='clintTime|val time'
[20:01:11] [spechunter] [Read] /home/yzs/riscv/XiangShan/src/main/scala/xiangshan/backend/fu/NewCSR/NewCSR.scala
[20:01:11] [spechunter] [Grep] pattern='fromTop|clintTime'
[20:01:25] [spechunter] [Read] /home/yzs/riscv/XiangShan/src/main/scala/xiangshan/backend/rob/Rob.scala
[20:01:25] [spechunter] [Read] /home/yzs/riscv/XiangShan/src/main/scala/xiangshan/backend/rob/RobBundles.scala
[20:01:25] [spechunter] [Read] /home/yzs/riscv/XiangShan/src/main/scala/xiangshan/backend/rob/RobBundles.scala
[20:01:25] [spechunter] [Read] /home/yzs/riscv/XiangShan/src/main/scala/xiangshan/Parameters.scala
[20:01:25] [spechunter] [Read] /home/yzs/riscv/XiangShan/src/main/scala/xiangshan/L2Top.scala
[20:01:42] [spechunter] [Read] /home/yzs/riscv/XiangShan/src/main/scala/xiangshan/mem/MemBlock.scala
[20:01:42] [spechunter] [Read] /home/yzs/riscv/XiangShan/src/main/scala/xiangshan/backend/CtrlBlock.scala
[20:01:42] [spechunter] [Grep] pattern='class.*traceCoreInterface|traceCoreInterface.*Bundle|io.*traceCoreInterface'
[20:01:42] [spechunter] [Grep] pattern='traceCoreInterfaceBypass|TEBypass|traceToL2Top|traceFromBackend'
[20:01:58] [spechunter] [Read] /home/yzs/riscv/XiangShan/src/main/scala/xiangshan/XSTileWrap.scala
[20:01:58] [spechunter] [Read] /home/yzs/riscv/XiangShan/src/main/scala/top/XSNoCTop.scala
[20:01:58] [spechunter] [Read] /home/yzs/riscv/XiangShan/src/main/scala/xiangshan/mem/MemBlock.scala
[20:01:58] [spechunter] [Grep] pattern='privState|isModeM|isModeHS|isModeVS|isModeHU|isModeVU'
[20:03:18] [spechunter] [text] Now let me read the key files to get precise details for the report
[20:03:18] [spechunter] [TodoWrite] 6 items
[20:03:26] [spechunter] [Read] /home/yzs/riscv/XiangShan/src/main/scala/xiangshan/backend/trace/Interface.scala
[20:03:26] [spechunter] [Read] /home/yzs/riscv/XiangShan/src/main/scala/xiangshan/backend/trace/Trace.scala
[20:03:26] [spechunter] [Read] /home/yzs/riscv/XiangShan/src/main/scala/xiangshan/backend/CtrlBlock.scala
[20:03:26] [spechunter] [Read] /home/yzs/riscv/XiangShan/src/main/scala/xiangshan/backend/fu/NewCSR/NewCSR.scala
[20:03:36] [spechunter] [text] Let me also check the top-level trace wiring and the rocket-chip reference implementation for comparison
[20:03:36] [spechunter] [Read] /home/yzs/riscv/XiangShan/src/main/scala/top/XSNoCTop.scala
[20:03:36] [spechunter] [Read] /home/yzs/riscv/XiangShan/src/main/scala/top/Top.scala
[20:03:36] [spechunter] [Read] /home/yzs/riscv/XiangShan/rocket-chip/src/main/scala/util/TraceCoreInterface.scala
[20:03:36] [spechunter] [Read] /home/yzs/riscv/XiangShan/src/main/scala/xiangshan/L2Top.scala
[20:03:55] [spechunter] [text] Let me check the tile-level trace wiring and SoC-level parameters.  
[20:03:55] [spechunter] [Read] /home/yzs/riscv/XiangShan/src/main/scala/xiangshan/XSTile.scala
[20:03:55] [spechunter] [Read] /home/yzs/riscv/XiangShan/src/main/scala/xiangshan/XSTileWrap.scala
[20:03:55] [spechunter] [Read] /home/yzs/riscv/XiangShan/src/main/scala/xiangshan/mem/MemBlock.scala
[20:03:55] [spechunter] [Read] /home/yzs/riscv/XiangShan/src/main/scala/system/SoC.scala
[20:04:18] [spechunter] [Read] /home/yzs/riscv/XiangShan/src/main/scala/xiangshan/XSTileWrap.scala
[20:04:18] [spechunter] [Read] /home/yzs/riscv/XiangShan/src/main/scala/xiangshan/XSCore.scala
[20:04:18] [spechunter] [Read] /home/yzs/riscv/XiangShan/src/main/scala/xiangshan/mem/MemBlock.scala
[20:04:41] [spechunter] [text] Let me also check the rocket-chip reference for how it propagates trace info, and look for any encoder wrapper or extern...
[20:04:41] [spechunter] [Grep] pattern='io\\.trace\\.(time|context|ctype)'
[20:04:41] [spechunter] [Grep] pattern='trace.*encoder|TraceEncoder|trace_encoder|trTe'
[20:04:58] [spechunter] [text] Now let me check one more thing - the rocket-chip RocketCore trace connection to see if there's a `context` field too.  
[20:04:58] [spechunter] [Read] /home/yzs/riscv/XiangShan/rocket-chip/src/main/scala/rocket/RocketCore.scala
[20:04:58] [spechunter] [Read] /home/yzs/riscv/XiangShan/src/main/scala/xiangshan/backend/rob/Rob.scala
[20:05:35] [spechunter] [TodoWrite] 6 items
[20:07:37] [spechunter] [text] Now let me compile the comprehensive findings into the JSON report.  
[20:07:37] [spechunter] [Write] /home/yzs/riscv/XiangShan/trace_context_ctype_missing_findings.json
[20:08:05] [spechunter] [TodoWrite] 6 items
[20:08:24] [spechunter] [text] Report written to `trace_context_ctype_missing_findings.json`.  ## Summary of Findings  The XiangShan RTL has a **system...
[20:10:42] [spechunter] [text] ## Location Review: "Add context clarification - Issue 44"  ### Analysis  This PR deals with the **context CSRs** (`scon...
[20:10:42] [spechunter] [Write] /home/yzs/riscv/XiangShan/context_clarification_issue44_locations.json
[20:11:00] [spechunter] [text] ### Review Summary  **Precision**: 13/46 = ~28% (33 false positives removed)  **Kept (13 locations, 6 files)**:  | Rank ...
[20:11:16] [spechunter] [text] Let me first look at the code locations mentioned in the security spec and then analyze the relevant RTL files.  
[20:11:16] [spechunter] [Agent] description, prompt
[20:11:54] [spechunter] [Glob] **/*trace*
[20:11:54] [spechunter] [Glob] **/*Trace*
[20:11:54] [spechunter] [Grep] pattern='ctype'
[20:11:54] [spechunter] [Grep] pattern='context.*packet|auto.*include.*context'
[20:11:54] [spechunter] [Grep] pattern='priv.*change.*trace|trap.*handler.*trace'
[20:12:21] [spechunter] [Read] /home/yzs/riscv/XiangShan/trace_context_ctype_missing_findings.json
[20:12:21] [spechunter] [Read] /home/yzs/riscv/XiangShan/src/main/scala/xiangshan/backend/trace/Trace.scala
[20:12:21] [spechunter] [Read] /home/yzs/riscv/XiangShan/src/main/scala/xiangshan/backend/trace/TraceBuffer.scala
[20:12:21] [spechunter] [Read] /home/yzs/riscv/XiangShan/notrace_security_trace_findings.json
[20:12:21] [spechunter] [Read] /home/yzs/riscv/XiangShan/notrace_security_inhibit_findings.json
[20:12:21] [spechunter] [Read] /home/yzs/riscv/XiangShan/src/main/scala/xiangshan/mem/MemTrace.scala
[20:12:21] [spechunter] [Read] /home/yzs/riscv/XiangShan/utility/src/main/scala/utility/ChiselTaggedTrace.scala
[20:13:14] [spechunter] [Read] /home/yzs/riscv/XiangShan/src/main/scala/xiangshan/backend/trace/Interface.scala
[20:13:14] [spechunter] [Read] /home/yzs/riscv/XiangShan/rocket-chip/src/main/scala/util/TraceCoreInterface.scala
[20:13:14] [spechunter] [Grep] pattern='traceCoreInterface|traceCSR|TraceCoreInterface'
[20:13:14] [spechunter] [Grep] pattern='trace'
[20:13:14] [spechunter] [Grep] pattern='trace'
[20:13:34] [spechunter] [Grep] pattern='traceCoreInterface|traceCSR|TraceCoreInterface'
[20:13:34] [spechunter] [Grep] pattern='traceCoreInterface|TraceCoreInterface|trace'
[20:13:34] [spechunter] [Grep] pattern='traceCoreInterface|traceCSR|TraceCoreInterface'
[20:13:34] [spechunter] [Grep] pattern='traceCoreInterface|traceCSR|TraceCoreInterface'
[20:13:34] [spechunter] [Grep] pattern='traceCoreInterface|traceCSR|TraceCoreInterface'
[20:13:34] [spechunter] [Grep] pattern='traceCoreInterface|TraceCoreInterface'
[20:13:53] [spechunter] [Grep] pattern='mcontext|scontext|hcontext'
[20:13:53] [spechunter] [Grep] pattern='mcontext|scontext|hcontext'
[20:13:53] [spechunter] [Grep] pattern='mcontext|scontext|hcontext'
[20:13:53] [spechunter] [Grep] pattern='trace|TraceGroupNum|IaddrWidth|PrivWidth|ItypeWidth'
[20:13:53] [spechunter] [Grep] pattern='trace|TraceGroupNum|IaddrWidth|PrivWidth'
[20:13:53] [spechunter] [Grep] pattern='traceCommitInfo|traceBlock'
[20:14:02] [spechunter] [Grep] pattern='traceCoreInterface|TraceCoreInterface|traceCSR'
[20:14:02] [spechunter] [Grep] pattern='traceCoreInterface|TraceCoreInterface'
[20:14:02] [spechunter] [Grep] pattern='traceCoreInterface|TraceCoreInterface'
[20:14:02] [spechunter] [Glob] **/XSTile.scala
[20:14:12] [spechunter] [Grep] pattern='traceCoreInterface|TraceCoreInterface|trace'
[20:14:12] [spechunter] [Glob] **/*trace*.v
[20:14:12] [spechunter] [Grep] pattern='TraceParams'
[20:16:08] [spechunter] [text] Now let me read the key source files and spec documents in detail
[20:16:08] [spechunter] [Read] /home/yzs/riscv/XiangShan/src/main/scala/xiangshan/backend/trace/Interface.scala
[20:16:08] [spechunter] [Read] /home/yzs/riscv/XiangShan/src/main/scala/xiangshan/backend/CtrlBlock.scala
[20:16:08] [spechunter] [Read] /home/yzs/riscv/XiangShan/src/main/scala/xiangshan/backend/rob/Rob.scala
[20:16:08] [spechunter] [Bash] List spec reference documents
[20:16:39] [spechunter] [text] Let me look at the spec documents and the existing findings file, as well as any E-Trace or trace-related specs.  
[20:16:39] [spechunter] [Read] /home/yzs/riscv/XiangShan/trace_context_ctype_missing_findings.json
[20:16:39] [spechunter] [Bash] List riscv-isa-manual spec files
[20:16:39] [spechunter] [Bash] List other spec reference directories
[20:16:49] [spechunter] [Bash] Find E-Trace related spec files
[20:16:49] [spechunter] [Grep] pattern='trace.*context|context.*trace|ctype|trTeCtx|trTeTime|trTeCtype|self.hosted.*trace|Smstrc|Ssstrc'
[20:16:56] [spechunter] [Read] /home/yzs/riscv/rv-isa-sec/spec_ref/riscv-isa-manual/src/priv/smctr.adoc
[20:16:56] [spechunter] [Grep] pattern='trTeCtx|trTeTime|trTeCtype|ctype|context.*auto|auto.*include'
[20:17:28] [spechunter] [Bash] Find E-Trace spec PDF or trace-related files
[20:17:28] [spechunter] [Grep] pattern='trTeCtx|trTeTime|trTeCtype|teCtx|teTime|teCtype|0x7A8|0x7A9|0x7AA'
[20:17:56] [spechunter] [text] Let me read a few more files and check for the E-Trace spec.  
[20:17:56] [spechunter] [Read] /home/yzs/riscv/XiangShan/src/main/scala/xiangshan/backend/fu/NewCSR/NewCSR.scala
[20:17:56] [spechunter] [Grep] pattern='trTeCtx|trTeTime|trTeCtype|TeCtx|TeTime|TeCtype'
[20:17:56] [spechunter] [Grep] pattern='context.*trace|trace.*context|auto.*include|ctype.*trace|trace.*ctype'
[20:18:36] [spechunter] [text] Now let me check a couple more things before producing the analysis.  
[20:18:36] [spechunter] [Grep] pattern='0x7A8|0x7A9|0x7AA'
[20:18:36] [spechunter] [Grep] pattern='context|time.*auto|auto.*context|src_addr'
[20:18:39] [spechunter] [Read] /home/yzs/riscv/XiangShan/context_clarification_issue44_locations.json
[20:19:38] [spechunter] [text] Let me read a few more files for a complete picture.  
[20:19:38] [spechunter] [Read] /home/yzs/riscv/XiangShan/src/main/scala/xiangshan/backend/fu/NewCSR/SupervisorLevel.scala
[20:19:38] [spechunter] [Read] /home/yzs/riscv/XiangShan/src/main/scala/xiangshan/backend/fu/NewCSR/MachineLevel.scala
[20:19:38] [spechunter] [Read] /home/yzs/riscv/XiangShan/src/main/scala/xiangshan/backend/fu/NewCSR/HypervisorLevel.scala
[20:19:38] [spechunter] [Read] /home/yzs/riscv/XiangShan/src/main/scala/xiangshan/backend/decode/isa/CSRs.scala
[20:19:55] [spechunter] [Read] /home/yzs/riscv/XiangShan/src/main/scala/xiangshan/backend/decode/isa/CSRs.scala
[20:19:55] [spechunter] [Read] /home/yzs/riscv/XiangShan/src/main/scala/xiangshan/backend/fu/NewCSR/StateEnBundle.scala
[20:19:55] [spechunter] [Read] /home/yzs/riscv/XiangShan/src/main/scala/xiangshan/backend/fu/NewCSR/CSRPermitModule.scala
[20:20:12] [spechunter] [Read] /home/yzs/riscv/XiangShan/src/main/scala/xiangshan/backend/fu/NewCSR/CSRPermitModule.scala
[20:20:12] [spechunter] [Read] /home/yzs/riscv/XiangShan/src/main/scala/xiangshan/backend/fu/NewCSR/SupervisorLevel.scala
[20:20:12] [spechunter] [Read] /home/yzs/riscv/XiangShan/src/main/scala/xiangshan/backend/fu/NewCSR/MachineLevel.scala
[20:22:20] [spechunter] [text] Now let me also check the trace encoder spec for more specific language on context/time auto-inclusion.  
[20:22:20] [spechunter] [Grep] pattern='0x7A9|0x7AA|mscontext'
[20:22:20] [spechunter] [Grep] pattern='Smstrc|Ssstrc|teEnable|trTeEnable'
[20:22:34] [spechunter] [Bash] Find spec reference CSV or JSON files
[20:22:34] [spechunter] [Bash] Find any E-Trace spec files in spec_ref
[20:31:05] [spechunter] [text] Now let me check one more thing - whether `mscontext` at 0x7AA is implemented anywhere, and verify the Sdtrig context CS...
[20:31:05] [spechunter] [Grep] pattern='mscontext|Mscontext'
[20:31:05] [spechunter] [Grep] pattern='mcontext|scontext|hcontext'
[20:32:40] [spechunter] [text] Now let me check the Sdtrig spec for the proper scontext/mcontext bit width requirements
[20:32:40] [spechunter] [Grep] pattern='scontext|mcontext|hcontext'
[20:34:20] [spechunter] [text] Now I have a thorough understanding. Let me also verify a specific detail about the `mscontext` address definition at 0x...
[20:34:20] [spechunter] [Grep] pattern='0x7AA|0x7aa|mscontext'
[20:38:09] [spechunter] [text] Now I have all the information needed. Let me compile the analysis
[20:38:09] [spechunter] [Read] /home/yzs/riscv/rv-isa-sec/spec_ref/riscv-isa-manual/src/priv/smstateen.adoc
[20:40:59] [spechunter] [text] Now I have all the data needed for a thorough analysis. Let me compile the findings for each code location.  The Source ...
