[02:56:47] [spechunter] PR loaded: #2503 riscv/riscv-isa-manual — "Move SSEED and USEED description to mseccfg section"
[02:56:47] [spechunter]   diff: 6862 chars  body: 1 chars  reviews: 1
[02:56:47] [spechunter] Global pre-filter running...
[02:57:03] [spechunter] [text] {"should_skip": false}
[02:57:04] [spechunter] pre-filter: should_skip=False reason=""
[02:57:16] [spechunter] [text] {"should_skip": false}
[02:57:21] [spechunter] [text] {"should_skip": false}
[02:57:29] [spechunter] [text] {"should_skip": true, "skip_reason": "Documentation reorganization moving SSEED/USEED description from scalar-crypto to ...
[02:57:31] [spechunter] [text] {"should_skip": false}
[02:57:39] [spechunter] [text] {"should_skip": true, "skip_reason": "Documentation reorganization moving Zkr SSEED/USEED descriptions to mseccfg sectio...
[02:57:51] [spechunter] [text] ```json {   "violation_condition": "QEMU TCG/helper allows read-write access to the seed CSR from S/HS or U mode without...
[02:58:05] [spechunter] [Agent] description, prompt
[02:58:05] [spechunter] [TodoWrite] 5 items
[02:58:11] [spechunter] [Grep] pattern='mseccfg|SSEED|USEED|seed'
[02:58:11] [spechunter] [Grep] pattern='mseccfg|SSEED|USEED|seed'
[02:58:11] [spechunter] [Grep] pattern='seed.*access|sseed|useed|mseccfg.*SSEED|mseccfg.*USEED|csr_ops.*seed|rmw_seed|write_seed|read_seed'
[02:58:11] [spechunter] [Grep] pattern='mseccfg|SSEED|USEED|seed'
[02:58:24] [spechunter] [Grep] pattern='seed|SSEED|USEED|sseed|useed'
[02:58:24] [spechunter] [Grep] pattern='mseccfg|MSECCFG'
[02:58:24] [spechunter] [Grep] pattern='seed|SSEED|USEED|sseed|useed'
[02:58:24] [spechunter] [Grep] pattern='mseccfg|MSECCFG'
[02:58:27] [spechunter] [Grep] pattern='mseccfg'
[02:58:27] [spechunter] [Grep] pattern='\\bseed\\b'
[02:58:27] [spechunter] [Grep] pattern='hsm.*save|hsave|suspend.*context|context.*suspend|ctx.*save|save.*ctx'
[02:58:30] [spechunter] [text] ```json {   "violation_condition": "In the FreeBSD kernel, a direct CSR read of `seed` (csrr/csrrw reading without prior...
[02:58:39] [spechunter] [Grep] pattern='CSR_SEED|CSR_MSECCFG'
[02:58:39] [spechunter] [Grep] pattern='seed|mseccfg|MSECCFG'
[02:58:39] [spechunter] [Read] /home/yzs/riscv/qemu/target/riscv/op_helper.c
[02:58:39] [spechunter] [Read] /home/yzs/riscv/qemu/target/riscv/pmp.h
[02:58:41] [spechunter] [Grep] pattern='seed|SSEED|USEED|sseed|useed'
[02:58:41] [spechunter] [Grep] pattern='seed|SSEED|USEED|sseed|useed'
[02:58:41] [spechunter] [Grep] pattern='seed|SSEED|USEED|sseed|useed'
[02:58:50] [spechunter] [Grep] pattern='seed'
[02:58:50] [spechunter] [Grep] pattern='mseccfg'
[02:58:50] [spechunter] [Grep] pattern='CSR_SEED|0x015'
[02:58:50] [spechunter] [Grep] pattern='seed|mseccfg'
[02:58:50] [spechunter] [Read] /home/yzs/riscv/opensbi/lib/sbi/sbi_hsm.c
[02:58:50] [spechunter] [Read] /home/yzs/riscv/opensbi/lib/sbi/sbi_hart.c
[02:58:50] [spechunter] [Read] /home/yzs/riscv/opensbi/lib/sbi/sbi_hart.c
[02:58:50] [spechunter] [Read] /home/yzs/riscv/opensbi/lib/sbi/sbi_hart_pmp.c
[02:58:50] [spechunter] [Read] /home/yzs/riscv/opensbi/include/sbi/riscv_encoding.h
[02:58:53] [spechunter] [Read] /home/yzs/riscv/qemu/target/riscv/kvm/kvm-cpu.c
[02:58:53] [spechunter] [Read] /home/yzs/riscv/qemu/target/riscv/csr.c
[02:58:53] [spechunter] [Read] /home/yzs/riscv/qemu/target/riscv/csr.c
[02:58:53] [spechunter] [Read] /home/yzs/riscv/qemu/target/riscv/cpu_bits.h
[02:58:54] [spechunter] [TodoWrite] 7 items
[02:58:57] [spechunter] [Grep] pattern='MSECCFG_SSEED|MSECCFG_USEED|MSECCFG_S|MSECCFG_U'
[02:58:57] [spechunter] [Grep] pattern='CSR_SEED|mseccfg'
[02:58:57] [spechunter] [Grep] pattern='mseccfg|MSECCFG'
[02:59:07] [spechunter] [Grep] pattern='struct sbi_hsm_data'
[02:59:07] [spechunter] [Grep] pattern='warmboot|warm_boot|warm reboot'
[02:59:07] [spechunter] [Grep] pattern='seed'
[02:59:11] [spechunter] [Grep] pattern='seed'
[02:59:11] [spechunter] [Grep] pattern='mseccfg'
[02:59:11] [spechunter] [Grep] pattern='0x015|CSR_SEED'
[02:59:11] [spechunter] [Grep] pattern='csrr.*seed|csrrw.*seed'
[02:59:11] [spechunter] [Read] /home/yzs/riscv/qemu/target/riscv/pmp.h
[02:59:11] [spechunter] [Read] /home/yzs/riscv/qemu/target/riscv/csr.c
[02:59:11] [spechunter] [Read] /home/yzs/riscv/qemu/target/riscv/csr.c
[02:59:16] [spechunter] [Grep] pattern='CSR_SEED|CSR_MSECCFG|SATP_MODE|satp|mseccfg|USEED|SSEED'
[02:59:16] [spechunter] [Grep] pattern='csrr|crsr|seed'
[02:59:16] [spechunter] [Grep] pattern='seed|mseccfg'
[02:59:16] [spechunter] [Grep] pattern='seed|mseccfg'
[02:59:18] [spechunter] [Grep] pattern='seed|mseccfg|SSEED|USEED'
[02:59:18] [spechunter] [Grep] pattern='mseccfg|MSECCFG|SSEED|USEED'
[02:59:18] [spechunter] [Read] /home/yzs/riscv/qemu/target/riscv/csr.c
[02:59:18] [spechunter] [Read] /home/yzs/riscv/qemu/target/riscv/csr.c
[02:59:18] [spechunter] [Read] /home/yzs/riscv/qemu/target/riscv/csr.c
[02:59:20] [spechunter] [Grep] pattern='mseccfg|MSECCFG|seed'
[02:59:20] [spechunter] [Grep] pattern='sbi_hart_pmp_configure|pmp_init|smepmp'
[02:59:20] [spechunter] [Grep] pattern='sbi_hart_pmp_configure|smepmp_configure'
[02:59:27] [spechunter] [Read] /home/yzs/riscv/qemu/disas/riscv.c
[02:59:27] [spechunter] [Grep] pattern='seed|mseccfg|SSEED|USEED'
[02:59:27] [spechunter] [Grep] pattern='seed|mseccfg|SSEED|USEED'
[02:59:28] [spechunter] [Grep] pattern='protection.*configure|\\.configure'
[02:59:28] [spechunter] [Grep] pattern='sbi_hart_reinit'
[02:59:28] [spechunter] [Grep] pattern='sbi_hart_reinit'
[02:59:34] [spechunter] [text] No direct matches for `mseccfg`, `csrr seed`, or `CSR_SEED`. Let me explore the entropy harvesting paths, DTRACE probes,...
[02:59:34] [spechunter] [Grep] pattern='Zkr|zkr'
[02:59:34] [spechunter] [Grep] pattern='random.*harvest|harvest.*random|entropy.*harvest|harvest.*entropy'
[02:59:34] [spechunter] [Grep] pattern='illegal.instruction|ILLEGAL_INSTRUCTION|sepc|stval'
[02:59:34] [spechunter] [Grep] pattern='csr|crs'
[02:59:36] [spechunter] [Read] /home/yzs/riscv/qemu/hw/riscv/riscv-iommu.c
[02:59:36] [spechunter] [Bash] Check diff stat for riscv-iommu.c
[02:59:36] [spechunter] [Grep] pattern='seed|mseccfg|SSEED|USEED'
[02:59:38] [spechunter] [Grep] pattern='SSEED|USEED|mseccfg|MSECCFG'
[02:59:38] [spechunter] [Grep] pattern='SSEED|USEED|mseccfg|MSECCFG'
[02:59:38] [spechunter] [Grep] pattern='SSEED|USEED|mseccfg|MSECCFG'
[02:59:41] [spechunter] [Grep] pattern='CSR_SEED|seed.*0x'
[02:59:41] [spechunter] [Grep] pattern='MSECCFG|mseccfg'
[02:59:41] [spechunter] [Read] /home/yzs/riscv/opensbi/lib/sbi/sbi_hart.c
[02:59:41] [spechunter] [TodoWrite] 5 items
[02:59:49] [spechunter] [Grep] pattern='mseccfg_csr_write|mseccfg_csr_read'
[02:59:49] [spechunter] [Read] /home/yzs/riscv/opensbi/include/sbi/riscv_encoding.h
[02:59:49] [spechunter] [Grep] pattern='sbi_ecall_handler|ecall.*CSR|mseccfg_emulate|csr_emulate'
[02:59:49] [spechunter] [Grep] pattern='mseccfg|MSECCFG'
[02:59:52] [spechunter] [Read] /home/yzs/riscv/qemu/target/riscv/csr.c
[02:59:52] [spechunter] [Read] /home/yzs/riscv/qemu/target/riscv/pmp.c
[02:59:52] [spechunter] [Read] /home/yzs/riscv/qemu/target/riscv/cpu.c
[02:59:52] [spechunter] [Read] /home/yzs/riscv/qemu/target/riscv/cpu_helper.c
[02:59:52] [spechunter] [Read] /home/yzs/riscv/qemu/target/riscv/cpu_helper.c
[02:59:52] [spechunter] [Read] /home/yzs/riscv/qemu/target/riscv/insn_trans/trans_rvi.c.inc
[02:59:53] [spechunter] [Read] /home/yzs/riscv/qemu/target/riscv/pmp.c
[02:59:54] [spechunter] [Read] /home/yzs/riscv/freebsd-src/sys/riscv/riscv/trap.c
[02:59:54] [spechunter] [Grep] pattern='seed'
[02:59:54] [spechunter] [Grep] pattern='bhyve.*riscv|riscv.*bhyve'
[03:00:00] [spechunter] [Grep] pattern='CSR_SEED|CSR_MSECCFG|0x015|0x747'
[03:00:00] [spechunter] [Grep] pattern='CSR_'
[03:00:00] [spechunter] [Grep] pattern='entropy.*seed|seed.*entropy|getrandom.*seed'
[03:00:09] [spechunter] [TodoWrite] 7 items
[03:00:14] [spechunter] [Read] /home/yzs/riscv/freebsd-src/sys/riscv/include/encoding.h
[03:00:14] [spechunter] [Grep] pattern='0x74|0x75|CSR_H|CSR_VS'
[03:00:20] [spechunter] [text] Let me read the rest of encoding.h to check for any seed/mseccfg CSR definitions, and also check sys/dev/random/rdseed.c...
[03:00:20] [spechunter] [Read] /home/yzs/riscv/freebsd-src/sys/riscv/include/encoding.h
[03:00:20] [spechunter] [Grep] pattern='seed|mseccfg'
[03:00:22] [spechunter] [Grep] pattern='dtrace.*trap|FBT|fbt'
[03:00:22] [spechunter] [Grep] pattern='0x015'
[03:00:22] [spechunter] [Glob] **/riscv/*csr*
[03:00:22] [spechunter] [Glob] **/riscv/include/*reg*
[03:00:24] [spechunter] [text] Critical finding in `mseccfg_csr_write`. Now let me check the reset/init and migration paths.  
[03:00:24] [spechunter] [Grep] pattern='mseccfg'
[03:00:24] [spechunter] [Grep] pattern='mseccfg'
[03:00:24] [spechunter] [Grep] pattern='mseccfg|seed'
[03:00:25] [spechunter] [Read] /home/yzs/riscv/freebsd-src/sys/riscv/include/riscvreg.h
[03:00:25] [spechunter] [Glob] **/riscv/**/*csr*
[03:00:32] [spechunter] [Read] /home/yzs/riscv/qemu/target/riscv/kvm/kvm-cpu.c
[03:00:32] [spechunter] [Grep] pattern='mseccfg|seed'
[03:00:32] [spechunter] [Glob] target/riscv/machine.c
[03:00:41] [spechunter] [text] ```json {   "locations": [     {       "file_path": "target/riscv/cpu_bits.h",       "function_name": null,       "line_...
[03:00:42] [spechunter] [text] Now let me search deeper for potential paths where `csr_read()` could be called with `seed` as the argument, and DTRACE ...
[03:00:42] [spechunter] [Grep] pattern='csr_read\\('
[03:00:42] [spechunter] [Grep] pattern='csr_read|csr_write|csr_set|csr_clear|csr_swap'
[03:00:42] [spechunter] [Grep] pattern='dtrace.*csr|csr.*dtrace|fbt.*csr'
[03:00:42] [spechunter] [Grep] pattern='riscv.*isa.*ext|isa.*extension|hwacha|vector.*ext'
[03:00:52] [spechunter] [text] ```json {   "locations": [     {       "file_path": "sys/riscv/include/encoding.h",       "function_name": null,       "...
[03:00:53] [spechunter] [TodoWrite] 8 items
[03:01:09] [spechunter] [Grep] pattern='mseccfg|seed'
[03:01:09] [spechunter] [Grep] pattern='mseccfg|seed'
[03:01:19] [spechunter] [Grep] pattern='seed'
[03:01:19] [spechunter] [Grep] pattern='seed'
[03:01:19] [spechunter] [Read] /home/yzs/riscv/qemu/target/riscv/cpu.c
[03:01:19] [spechunter] [text] ```json {   "violation_condition": "During HSM non-retentive suspend/resume, OpenSBI saves and restores menvcfg, mie, mi...
[03:01:35] [spechunter] [Read] /home/yzs/riscv/freebsd-src/sys/riscv/vmm/vmm_riscv.c
[03:01:35] [spechunter] [Read] /home/yzs/riscv/freebsd-src/sys/riscv/riscv/identcpu.c
[03:01:35] [spechunter] [Read] /home/yzs/riscv/freebsd-src/sys/riscv/riscv/swtch.S
[03:01:39] [spechunter] [Grep] pattern='delegate_traps'
[03:01:39] [spechunter] [Grep] pattern='CSR_MSECCFG|MSECCFG_SSEED|MSECCFG_USEED|mseccfg'
[03:01:39] [spechunter] [Grep] pattern='__sbi_hsm_suspend_non_ret_save|__sbi_hsm_suspend_non_ret_restore'
[03:01:39] [spechunter] [Grep] pattern='init_warm_resume'
[03:01:42] [spechunter] [text] Now let me check the initial value of mseccfg when it's NOT zeroed and the migration/VMState paths.  
[03:01:42] [spechunter] [Grep] pattern='mseccfg|MSECCFG'
[03:01:42] [spechunter] [Grep] pattern='vmstate.*cpu|vmstate_riscv|VMState'
[03:01:42] [spechunter] [Grep] pattern='debugger'
[03:01:52] [spechunter] [text] Now let me check a few more paths - identcpu.c Zkr detection gap, and DTRACE FBT probe paths.  
[03:01:52] [spechunter] [Read] /home/yzs/riscv/freebsd-src/sys/riscv/riscv/identcpu.c
[03:01:52] [spechunter] [Read] /home/yzs/riscv/freebsd-src/sys/riscv/riscv/trap.c
[03:01:52] [spechunter] [Grep] pattern='dtrace_trap_func|dtrace_invop'
[03:01:56] [spechunter] [Read] /home/yzs/riscv/opensbi/lib/sbi/sbi_hart.c
[03:01:56] [spechunter] [Read] /home/yzs/riscv/opensbi/lib/sbi/sbi_hsm.c
[03:01:56] [spechunter] [Read] /home/yzs/riscv/opensbi/lib/sbi/sbi_init.c
[03:01:58] [spechunter] [Grep] pattern='mseccfg'
[03:01:58] [spechunter] [Grep] pattern='SSEED'
[03:01:58] [spechunter] [Grep] pattern='USEED'
[03:01:58] [spechunter] [Grep] pattern='CSR_SEED'
[03:01:58] [spechunter] [Grep] pattern='delegate_traps'
[03:01:58] [spechunter] [Grep] pattern='__sbi_hsm_suspend_non_ret_save'
[03:01:58] [spechunter] [Grep] pattern='__sbi_hsm_suspend_non_ret_restore'
[03:01:58] [spechunter] [Grep] pattern='init_warm_resume'
[03:02:00] [spechunter] [Grep] pattern='mseccfg'
[03:02:00] [spechunter] [Grep] pattern='vmstate_cpu\\b|riscv_cpu_vmstate|vmstate_riscv_cpu'
[03:02:12] [spechunter] [Read] /home/yzs/riscv/qemu/target/riscv/machine.c
[03:02:16] [spechunter] [Read] /home/yzs/riscv/opensbi/lib/sbi/sbi_hart.c
[03:02:16] [spechunter] [Grep] pattern='sbi_hart_reinit'
[03:02:16] [spechunter] [Read] /home/yzs/riscv/opensbi/lib/sbi/sbi_hsm.c
[03:02:20] [spechunter] [Read] /home/yzs/riscv/freebsd-src/sys/cddl/dev/dtrace/riscv/dtrace_subr.c
[03:02:20] [spechunter] [Glob] **/riscv/riscv/exception.S
[03:02:20] [spechunter] [Grep] pattern='hypcsr|struct hypcsr'
[03:02:30] [spechunter] [Grep] pattern='struct hypcsr'
[03:02:30] [spechunter] [Read] /home/yzs/riscv/freebsd-src/sys/riscv/riscv/exception.S
[03:02:30] [spechunter] [Grep] pattern='hls_to|rw_seed|read_seed|seed_write|write_seed|ZKR|zk_r|entropy.*source'
[03:02:35] [spechunter] [Read] /home/yzs/riscv/opensbi/lib/sbi/sbi_hart.c
[03:02:35] [spechunter] [Read] /home/yzs/riscv/opensbi/lib/sbi/sbi_hart.c
[03:02:39] [spechunter] [Read] /home/yzs/riscv/opensbi/lib/sbi/sbi_hart.c
[03:02:39] [spechunter] [Read] /home/yzs/riscv/opensbi/lib/sbi/sbi_hart.c
[03:02:39] [spechunter] [Read] /home/yzs/riscv/opensbi/lib/sbi/sbi_hsm.c
[03:02:39] [spechunter] [Read] /home/yzs/riscv/opensbi/lib/sbi/sbi_init.c
[03:02:39] [spechunter] [Read] /home/yzs/riscv/opensbi/include/sbi/riscv_encoding.h
[03:02:39] [spechunter] [Read] /home/yzs/riscv/opensbi/firmware/fw_base.S
[03:02:39] [spechunter] [Read] /home/yzs/riscv/opensbi/lib/sbi/sbi_hsm.c
[03:02:39] [spechunter] [Read] /home/yzs/riscv/opensbi/lib/sbi/sbi_system.c
[03:02:39] [spechunter] [Read] /home/yzs/riscv/opensbi/lib/sbi/sbi_init.c
[03:02:39] [spechunter] [Read] /home/yzs/riscv/opensbi/lib/sbi/sbi_hart.c
[03:02:43] [spechunter] [Read] /home/yzs/riscv/opensbi/lib/sbi/sbi_hart.c
[03:02:43] [spechunter] [Read] /home/yzs/riscv/opensbi/lib/sbi/sbi_hart.c
[03:02:48] [spechunter] [Grep] pattern='mseccfg'
[03:02:48] [spechunter] [Grep] pattern='memset.*env|riscv_cpu_initfn|mseccfg'
[03:02:48] [spechunter] [Grep] pattern='ext_smepmp|ext_zkr'
[03:02:53] [spechunter] [text] Let me now read the `mstatus_init` function to understand what happens during `sbi_hart_reinit`, and also check the `sbi...
[03:02:53] [spechunter] [Grep] pattern='mstatus_init'
[03:02:53] [spechunter] [Grep] pattern='struct sbi_hsm_data'
[03:02:53] [spechunter] [Grep] pattern='saved_m'
[03:03:04] [spechunter] [Read] /home/yzs/riscv/opensbi/lib/sbi/sbi_hart.c
[03:03:07] [spechunter] [Read] /home/yzs/riscv/opensbi/lib/sbi/sbi_hart.c
[03:03:07] [spechunter] [Read] /home/yzs/riscv/opensbi/lib/sbi/sbi_hsm.c
[03:03:08] [spechunter] [Grep] pattern='seed|SSEED|USEED'
[03:03:08] [spechunter] [Grep] pattern='seed|SSEED|USEED'
[03:03:08] [spechunter] [Grep] pattern='ext_zkr'
[03:03:15] [spechunter] [Grep] pattern='struct sbi_hsm_data'
[03:03:15] [spechunter] [Read] /home/yzs/riscv/opensbi/lib/sbi/sbi_hart.c
[03:03:16] [spechunter] [text] Now let me read the EDK2 mseccfg reference and check for any virtio-rng RISC-V configuration.  
[03:03:16] [spechunter] [Grep] pattern='SSEED|USEED|mseccfg'
[03:03:16] [spechunter] [Grep] pattern='virtio.*random.*riscv|riscv.*virtio.*rng'
[03:03:16] [spechunter] [Grep] pattern='bhyve.*csr|vmm.*csr.*seed|vmm.*csr.*random'
[03:03:24] [spechunter] [Grep] pattern='SSEED|USEED'
[03:03:24] [spechunter] [Grep] pattern='virtio_random'
[03:03:24] [spechunter] [Grep] pattern='seed'
[03:03:29] [spechunter] [text] Let me trace the call graphs more carefully.  
[03:03:29] [spechunter] [Grep] pattern='sbi_hart_init\\('
[03:03:29] [spechunter] [Grep] pattern='init_cold_boot|init_warm_startup'
[03:03:31] [spechunter] [text] Let me check the VMM virtual instruction handler and the conf/NOTES for RISC-V entropy options.  
[03:03:31] [spechunter] [Grep] pattern='virtual_instruction|VIRTUAL_INSTRUCTION|SCAUSE_VIRTUAL'
[03:03:31] [spechunter] [Grep] pattern='random|entropy|RNG'
[03:03:31] [spechunter] [Grep] pattern='riscv.*random|random.*riscv'
[03:03:42] [spechunter] [Read] /home/yzs/riscv/opensbi/lib/sbi/sbi_hsm.c
[03:03:42] [spechunter] [Read] /home/yzs/riscv/opensbi/lib/sbi/sbi_hart.c
[03:03:49] [spechunter] [Read] /home/yzs/riscv/qemu/target/riscv/machine.c
[03:03:49] [spechunter] [Read] /home/yzs/riscv/qemu/target/riscv/csr.c
[03:03:49] [spechunter] [Grep] pattern='MSECCFG_RLB_ISSET'
[03:03:56] [spechunter] [Read] /home/yzs/riscv/freebsd-src/sys/riscv/vmm/vmm_riscv.c
[03:03:58] [spechunter] [Read] /home/yzs/riscv/opensbi/lib/sbi/sbi_hart.c
[03:03:58] [spechunter] [Grep] pattern='mstatus_init'
[03:04:14] [spechunter] [text] Let me read `delegate_traps()` more fully and trace the complete call graph.  
[03:04:14] [spechunter] [Read] /home/yzs/riscv/opensbi/lib/sbi/sbi_hart.c
[03:04:14] [spechunter] [Read] /home/yzs/riscv/opensbi/lib/sbi/sbi_hart.c
[03:04:22] [spechunter] [text] Let me trace the function containing the SSEED/USEED code at lines 177-180 more precisely.  
[03:04:22] [spechunter] [Read] /home/yzs/riscv/opensbi/lib/sbi/sbi_hart.c
[03:04:22] [spechunter] [Read] /home/yzs/riscv/opensbi/lib/sbi/sbi_init.c
[03:04:25] [spechunter] [text] Now let me trace the full picture. Let me also look at the sys/dev/random for RISC-V platforms and check virtio_random.c...
[03:04:25] [spechunter] [Grep] pattern='riscv|RISCV'
[03:04:25] [spechunter] [Grep] pattern='riscv'
[03:04:25] [spechunter] [Grep] pattern='riscv'
[03:04:38] [spechunter] [Read] /home/yzs/riscv/freebsd-src/sys/cddl/dev/fbt/riscv/fbt_isa.c
[03:04:38] [spechunter] [Read] /home/yzs/riscv/freebsd-src/sys/riscv/riscv/sdt_machdep.c
[03:04:49] [spechunter] [TodoWrite] 5 items
[03:04:51] [spechunter] [text] ```json {   "locations": [     {       "file_path": "lib/sbi/sbi_hart.c",       "function_name": "mstatus_init",       "...
[03:05:17] [spechunter] [TodoWrite] 8 items
[03:05:27] [spechunter] [text] Now let me also look at the `sbi_system.c` suspend path to see if there's an alternative suspend entry point.  
[03:05:27] [spechunter] [Read] /home/yzs/riscv/opensbi/lib/sbi/sbi_system.c
[03:05:27] [spechunter] [Read] /home/yzs/riscv/opensbi/lib/sbi/sbi_hsm.c
[03:06:18] [spechunter] [Grep] pattern='jump_warmboot'
[03:06:18] [spechunter] [Grep] pattern='sbi_hart_protection_configure'
[03:06:33] [spechunter] [Read] /home/yzs/riscv/opensbi/lib/sbi/sbi_hsm.c
[03:06:33] [spechunter] [Read] /home/yzs/riscv/opensbi/lib/sbi/sbi_init.c
[03:06:35] [spechunter] [text] Now let me verify one more thing about the VMState subsection and check the `pmp_needed` function.  
[03:06:35] [spechunter] [Grep] pattern='pmp_needed'
[03:06:35] [spechunter] [Read] /home/yzs/riscv/qemu/target/riscv/csr.c
[03:06:42] [spechunter] [text] ## Cross-Validation Analysis  **PR intent**: Move SSEED and USEED description to the `mseccfg` CSR section — a RISC-V sp...
[03:07:02] [spechunter] [Grep] pattern='csrr.*seed|csrrw.*seed|CSR_SEED|0x015'
[03:07:02] [spechunter] [Grep] pattern='seed'
[03:07:21] [spechunter] [Grep] pattern='CSRS_SEED|csr_seed|seed.*csr|mseccfg.*seed|SSEED|USEED'
[03:07:21] [spechunter] [Grep] pattern='mseccfg'
[03:07:21] [spechunter] [Grep] pattern='csrr|csrw|csrrw|csrrs|csrrc'
[03:07:30] [spechunter] [text] Let me also check for any entropy/random seed CSR usage and look at the CSR definitions more carefully.  
[03:07:30] [spechunter] [Grep] pattern='SEED|0x015'
[03:07:30] [spechunter] [Grep] pattern='RNG|entropy|random.*hardware|hw.*random'
[03:07:30] [spechunter] [Grep] pattern='SEED'
[03:07:35] [spechunter] [text] Now I have a complete picture of the call graph. Let me also check the `mstatus_init` surrounding function context to un...
[03:07:35] [spechunter] [Read] /home/yzs/riscv/opensbi/lib/sbi/sbi_hart.c
[03:07:35] [spechunter] [Read] /home/yzs/riscv/opensbi/include/sbi/riscv_encoding.h
[03:07:36] [spechunter] [text] Let me search for the mseccfg/SSEED/USEED context referenced in the PR, and also check whether there's any code that dir...
[03:07:36] [spechunter] [Grep] pattern='SSEED|USEED|mseccfg'
[03:07:36] [spechunter] [Grep] pattern='SEED'
[03:07:51] [spechunter] [Grep] pattern='seed.*csr|zkr|entropy.*source|random.*source'
[03:07:51] [spechunter] [Grep] pattern='CSR_SEED|csr_seed|0x015.*define|SEED.*0x015'
[03:08:05] [spechunter] [Grep] pattern='riscv|RISC-V|__riscv'
[03:08:05] [spechunter] [Glob] sys/dev/random/*
[03:08:32] [spechunter] [text] The audit is complete. Here are the findings:  ```json {   "findings": [     {       "file_path": "sys/riscv/riscv/elf_m...
[03:09:03] [spechunter] [text] Now I have a thorough understanding. Let me compile the findings.  
[03:09:03] [spechunter] [Read] /home/yzs/riscv/opensbi/lib/sbi/sbi_hart_pmp.c
[03:09:03] [spechunter] [Read] /home/yzs/riscv/opensbi/lib/sbi/sbi_hart_pmp.c
[03:09:59] [spechunter] [text] ## Cross-Validation Analysis  **PR intent:** Reorganize SSEED (bit 9) and USEED (bit 8) field descriptions under the `ms...
[03:10:28] [spechunter] [Grep] pattern='SSEED|USEED|sseed|useed'
[03:10:28] [spechunter] [Grep] pattern='seed'
[03:10:28] [spechunter] [Grep] pattern='mseccfg'
[03:10:58] [spechunter] [Grep] pattern='SSEED|USEED|sseed|useed'
[03:10:58] [spechunter] [Grep] pattern='seed'
[03:10:58] [spechunter] [Grep] pattern='SSEED|USEED|MSECCFG'
[03:10:58] [spechunter] [Grep] pattern='seed'
[03:11:22] [spechunter] [text] Now I have a complete picture. Let me compile the JSON finding with all semantic locations traced.  
[03:11:22] [spechunter] [Write] /home/yzs/riscv/opensbi/semantic_finding_mseccfg.json
[03:11:51] [spechunter] [text] Here is the semantic analysis of the mseccfg SSEED/USEED save/restore gap during HSM non-retentive suspend/resume.  ## F...
[03:12:05] [spechunter] [Read] /home/yzs/riscv/qemu/target/riscv/csr.c
[03:12:05] [spechunter] [Read] /home/yzs/riscv/qemu/target/riscv/csr.c
[03:12:05] [spechunter] [Grep] pattern='SSEED|USEED'
[03:12:05] [spechunter] [Grep] pattern='mseccfg'
[03:12:27] [spechunter] [text] Now let me look at the mseccfg write function, the op_helper.c seed handling, and the TCG translation for seed instructi...
[03:12:27] [spechunter] [Grep] pattern='mseccfg_csr_write|mseccfg_csr_read'
[03:12:27] [spechunter] [Grep] pattern='seed'
[03:12:27] [spechunter] [Grep] pattern='seed'
[03:12:27] [spechunter] [Grep] pattern='seed'
[03:12:49] [spechunter] [text] The PR is about **documentation reorganization** — moving SSEED/USEED descriptions to the mseccfg section in docs. Most ...
[03:12:49] [spechunter] [Read] /home/yzs/riscv/opensbi/include/sbi/riscv_encoding.h
[03:12:49] [spechunter] [Read] /home/yzs/riscv/opensbi/include/sbi/riscv_encoding.h
[03:12:58] [spechunter] [Read] /home/yzs/riscv/opensbi/lib/sbi/sbi_hart.c
[03:13:13] [spechunter] [Grep] pattern='mseccfg_csr_write|mseccfg_csr_read'
[03:13:13] [spechunter] [Grep] pattern='mseccfg_csr_write|mseccfg_csr_read'
[03:13:56] [spechunter] [Read] /home/yzs/riscv/qemu/target/riscv/pmp.c
[03:13:56] [spechunter] [Read] /home/yzs/riscv/qemu/target/riscv/op_helper.c
[03:14:24] [spechunter] [text] Let me check the full SEED_OPST definitions and also check the vmstate for migration of mseccfg.  
[03:14:24] [spechunter] [Grep] pattern='SEED_OPST'
[03:14:24] [spechunter] [Grep] pattern='mseccfg'
[03:14:24] [spechunter] [Grep] pattern='mseccfg'
[03:14:32] [spechunter] [Grep] pattern='mseccfg'
[03:14:32] [spechunter] [Grep] pattern='vmstate_riscv_cpu|mseccfg'
[03:14:37] [spechunter] [Read] /home/yzs/riscv/qemu/target/riscv/machine.c
[03:14:37] [spechunter] [Grep] pattern='mseccfg'
[03:14:52] [spechunter] [Grep] pattern='vmstate_pmp'
[03:14:52] [spechunter] [Grep] pattern='mseccfg'
[03:15:05] [spechunter] [text] ```json {   "locations": [     {       "file": "include/sbi/riscv_encoding.h",       "line": "727-741",       "func": "(...
[03:15:39] [spechunter] [Grep] pattern='MSECCFG_SSEED|MSECCFG_USEED'
[03:15:39] [spechunter] [Grep] pattern='__sbi_hsm_suspend_non_ret_save|__sbi_hsm_suspend_non_ret_restore'
[03:15:39] [spechunter] [Grep] pattern='delegate_traps'
[03:15:54] [spechunter] [Read] /home/yzs/riscv/opensbi/lib/sbi/sbi_hart.c
[03:15:54] [spechunter] [Read] /home/yzs/riscv/opensbi/lib/sbi/sbi_hsm.c
[03:15:54] [spechunter] [Read] /home/yzs/riscv/opensbi/lib/sbi/sbi_hart.c
[03:16:08] [spechunter] [text] Now let me read the `delegate_traps` function and `sbi_hart_reinit` to confirm the warm-resume path doesn't re-configure...
[03:16:08] [spechunter] [Read] /home/yzs/riscv/opensbi/lib/sbi/sbi_hart.c
[03:16:08] [spechunter] [Grep] pattern='sbi_hart_reinit'
[03:16:14] [spechunter] [Read] /home/yzs/riscv/opensbi/lib/sbi/sbi_hart.c
[03:16:14] [spechunter] [Read] /home/yzs/riscv/opensbi/lib/sbi/sbi_hart.c
[03:16:26] [spechunter] [Grep] pattern='static RISCVException riscv_csrrw\\b'
[03:16:35] [spechunter] [Grep] pattern='riscv_csrrw'
[03:16:38] [spechunter] [Read] /home/yzs/riscv/qemu/target/riscv/csr.c
[03:17:07] [spechunter] [Grep] pattern='vmstate_pointermasking'
[03:17:35] [spechunter] [text] Now let me also check how `sbi_hart_init` flows into the warm-resume path to fully trace the call chain.  
[03:17:35] [spechunter] [Grep] pattern='sbi_hart_init'
[03:18:20] [spechunter] [text] Now let me check a few more areas to complete the analysis.  
[03:18:20] [spechunter] [Read] /home/yzs/riscv/qemu/target/riscv/csr.c
[03:18:20] [spechunter] [Grep] pattern='have_mseccfg'
[03:18:20] [spechunter] [Read] /home/yzs/riscv/qemu/target/riscv/op_helper.c
[03:18:26] [spechunter] [Read] /home/yzs/riscv/qemu/target/riscv/csr.c
[03:18:26] [spechunter] [Grep] pattern='ext_zkr'
[03:18:32] [spechunter] [text] Let me check the TCG translation code and the KVM CSR handling for seed in more detail.  
[03:18:32] [spechunter] [Read] /home/yzs/riscv/qemu/target/riscv/kvm/kvm-cpu.c
[03:18:32] [spechunter] [Grep] pattern='CSR_SEED|csr.*seed|seed.*csr'
[03:18:38] [spechunter] [text] Let me check the TCG translation for CSR instructions and verify migration coverage for mseccfg.  
[03:18:38] [spechunter] [Grep] pattern='helper_csrr\\b|helper_csrw\\b|helper_csrrw\\b'
[03:18:38] [spechunter] [Read] /home/yzs/riscv/qemu/target/riscv/csr.c
[03:18:46] [spechunter] [Grep] pattern='CSR_SEED'
[03:18:46] [spechunter] [Grep] pattern='MSECCFG|mseccfg'
[03:18:46] [spechunter] [Grep] pattern='mseccfg'
[03:18:55] [spechunter] [text] Now I have all the code needed for a complete analysis. Let me verify one more detail — whether `sbi_hart_reinit` → `mst...
[03:18:55] [spechunter] [Read] /home/yzs/riscv/opensbi/lib/sbi/sbi_init.c
[03:20:05] [spechunter] [text] Now I have a complete picture of the code. Let me verify one more thing about the HSM resume path to make sure I underst...
[03:20:05] [spechunter] [Read] /home/yzs/riscv/opensbi/lib/sbi/sbi_init.c
[03:21:04] [spechunter] [text] Now let me check the git history to understand the pointermasking migration issue and verify the reset behavior for msec...
[03:21:04] [spechunter] [Bash] Check git history for machine.c migration changes
[03:21:04] [spechunter] [Read] /home/yzs/riscv/qemu/target/riscv/cpu.c
[03:21:31] [spechunter] [text] Let me also check `sbi_hart_protection_configure()` to see if it touches mseccfg, which is called on the warm_resume pat...
[03:21:31] [spechunter] [Grep] pattern='sbi_hart_protection_configure'
[03:21:41] [spechunter] [Read] /home/yzs/riscv/opensbi/lib/sbi/sbi_hart_protection.c
[03:21:53] [spechunter] [Read] /home/yzs/riscv/opensbi/lib/sbi/sbi_init.c
[03:22:49] [spechunter] [text] Let me verify the exact function boundaries to confirm which function contains the SSEED/USEED code.  
[03:22:49] [spechunter] [Grep] pattern='^static.*mstatus_init'
[03:23:30] [spechunter] [Read] /home/yzs/riscv/opensbi/lib/sbi/sbi_domain.c
[03:23:30] [spechunter] [Read] /home/yzs/riscv/opensbi/lib/sbi/riscv_asm.c
[03:23:34] [spechunter] [text] Now let me check the `sbi_domain_context` for any mseccfg save/restore during context switch.  
[03:23:34] [spechunter] [Read] /home/yzs/riscv/opensbi/lib/sbi/sbi_domain_context.c
[03:25:01] [spechunter] [text] Now I have the complete picture. Let me produce the analysis.  The security spec's core claim needs verification: it say...
[03:25:01] [spechunter] [Bash] Print JSON analysis output
[03:25:21] [spechunter] [text] ## Analysis Summary  **Overall severity: `potential_risk`** — not `bug_confirmed` because the specific SSEED/USEED claim...
