[23:50:03] [spechunter] PR loaded: #998 riscv/riscv-cheri — "put YTOPR into the base"
[23:50:03] [spechunter]   diff: 6510 chars  body: 36 chars  reviews: 0
[23:50:03] [spechunter] Global pre-filter running...
[23:50:22] [spechunter] [text] {"should_skip": false}
[23:50:23] [spechunter] pre-filter: should_skip=False reason=""
[23:50:31] [spechunter] [text] {"should_skip": false}
[23:50:32] [spechunter] [text] {"should_skip": true, "skip_reason": "CHERI capability instruction spec reorganization (GCTOP moved to base extension); ...
[23:50:38] [spechunter] [text] {"should_skip": true, "skip_reason": "CHERI capability extension is not supported by FreeBSD's RISC-V port; this change ...
[23:51:03] [spechunter] [text] ```json {   "violation_condition": "Kernel code computes a CHERI capability top bound via manual non-saturating addition...
[23:51:25] [spechunter] [Grep] pattern='GCTOP|GCBASE|GCLEN'
[23:51:25] [spechunter] [Grep] pattern='gctop|gcbase|gclen'
[23:51:25] [spechunter] [Grep] pattern='GCBASE.*GCLEN|gclen.*gcbase|base.*\\+.*len|cap_bounds.*add|saturating.*add.*top|top.*=.*base.*\\+.*len'
[23:51:26] [spechunter] [TodoWrite] 5 items
[23:51:38] [spechunter] [Grep] pattern='GCTOP|GCBASE|GCLEN'
[23:51:38] [spechunter] [Grep] pattern='cheri|CHERI|cap_bounds|capability'
[23:51:38] [spechunter] [Grep] pattern='cheri|CHERI|cap_bounds|capability'
[23:51:38] [spechunter] [Glob] **/cheri/**
[23:51:46] [spechunter] [text] Let me search more specifically in RISC-V paths and also check for YTOPR references.  
[23:51:46] [spechunter] [Grep] pattern='ytopr|ytop'
[23:51:46] [spechunter] [Grep] pattern='GCTOP|GCBASE|GCLEN'
[23:51:46] [spechunter] [Grep] pattern='GCTOP|GCBASE|GCLEN'
[23:51:46] [spechunter] [Grep] pattern='GCTOP|GCBASE|GCLEN'
[23:51:46] [spechunter] [Grep] pattern='GCTOP|GCBASE|GCLEN'
[23:51:57] [spechunter] [Grep] pattern='CHERI|CONFIG_CHERI|__CHERI__|__cheri'
[23:51:57] [spechunter] [Grep] pattern='cheri_cap|cap_bounds|cap_top|cap_base|cap_length'
[23:51:57] [spechunter] [Grep] pattern='cheri_cap|cap_bounds_set|cheri_bounds|cheri_inbounds'
[23:51:59] [spechunter] [text] Let me also verify the tools RISC-V path and check for any CHERI-related references.  
[23:51:59] [spechunter] [Bash] Check if tools/arch/riscv exists
[23:51:59] [spechunter] [Grep] pattern='CHERI|cheri|capability.*bound|ghost.*cap'
[23:51:59] [spechunter] [Grep] pattern='CHERI|cheri'
[23:52:07] [spechunter] [Grep] pattern='morello|MORELLO|capability_mode|cap_mode'
[23:52:07] [spechunter] [Bash] List git branches
[23:52:07] [spechunter] [Grep] pattern='gctop|gcbase|gclen'
[23:52:38] [spechunter] [text] The mainline Linux kernel doesn't have explicit CHERI support. Let me think like a true code archaeologist and find the ...
[23:52:38] [spechunter] [Grep] pattern='base.*\\+.*size|base.*\\+.*len|CSR_|csr_write|csr_read'
[23:52:38] [spechunter] [Grep] pattern='riscv.*signal|riscv.*ptrace|signal.*restore|signal.*frame'
[23:52:38] [spechunter] [Glob] arch/riscv/kernel/signal*
[23:52:38] [spechunter] [Glob] arch/riscv/kernel/ptrace*
[23:52:50] [spechunter] [TodoWrite] 5 items
[23:53:00] [spechunter] [text] Let me now examine the key files that handle register and capability-like state: ptrace, signal, and KVM.  
[23:53:00] [spechunter] [Read] /home/yzs/riscv/linux/arch/riscv/kernel/ptrace.c
[23:53:00] [spechunter] [Read] /home/yzs/riscv/linux/arch/riscv/kernel/signal.c
[23:53:00] [spechunter] [Read] /home/yzs/riscv/linux/arch/riscv/kvm/vcpu_onereg.c
[23:53:23] [spechunter] [text] Now let me examine the context-switch code, CSR definitions, and KVM instruction emulation for capability-related patter...
[23:53:23] [spechunter] [Read] /home/yzs/riscv/linux/arch/riscv/kvm/vcpu_switch.S
[23:53:23] [spechunter] [Read] /home/yzs/riscv/linux/arch/riscv/kvm/vcpu_insn.c
[23:53:23] [spechunter] [Grep] pattern='struct kvm_riscv_csr|struct kvm_vcpu_csr|struct kvm_cpu_context'
[23:53:41] [spechunter] [Read] /home/yzs/riscv/linux/arch/riscv/include/asm/kvm_host.h
[23:53:41] [spechunter] [Read] /home/yzs/riscv/linux/arch/riscv/include/uapi/asm/kvm.h
[23:53:52] [spechunter] [text] Now let me look at the CSR definitions and the usercfi code (which is the closest RISC-V has to capability-like extensio...
[23:53:52] [spechunter] [Read] /home/yzs/riscv/linux/arch/riscv/include/asm/csr.h
[23:53:52] [spechunter] [Read] /home/yzs/riscv/linux/arch/riscv/kernel/usercfi.c
[23:53:52] [spechunter] [Grep] pattern='access_ok|__access_ok|addr_limit|TASK_SIZE'
[23:54:16] [spechunter] [Read] /home/yzs/riscv/linux/arch/riscv/include/asm/uaccess.h
[23:54:16] [spechunter] [Read] /home/yzs/riscv/linux/arch/riscv/mm/fault.c
[23:54:20] [spechunter] [text] ```json {   "locations": [] } ```
[23:54:43] [spechunter] [Read] /home/yzs/riscv/linux/arch/riscv/kvm/vcpu_exit.c
[23:54:43] [spechunter] [Read] /home/yzs/riscv/linux/arch/riscv/kernel/traps.c
[23:55:09] [spechunter] [text] Prompt is too long
[23:55:21] [spechunter] [Grep] pattern='ytopr|YTOPR'
[23:55:21] [spechunter] [Bash] Check recent commits for YTOPR context
[23:55:30] [spechunter] [Grep] pattern='ytopr|YTOPR'
[23:55:30] [spechunter] [Bash] Search git log for YTOPR references
[23:55:30] [spechunter] [Bash] Search for cherry-picked RISC-V commits
[23:56:03] [spechunter] [Bash] List git branches
[23:56:03] [spechunter] [Grep] pattern='ytop|YTOP'
[23:56:22] [spechunter] [text] No matches for "YTOPR" found anywhere in the codebase (case-insensitive grep across all files, plus git log search). Nei...
[23:56:36] [spechunter] [text] I'll start by searching for the vulnerability pattern across the codebase, focusing on CHERI-related capability bound co...
[23:56:36] [spechunter] [Agent] description, prompt
[23:57:04] [spechunter] [Grep] pattern='GCBASE.*GCLEN|GCLEN.*GCBASE'
[23:57:04] [spechunter] [Grep] pattern='cap_bounds.*add|saturating.*add.*top|saturating.*top'
[23:57:04] [spechunter] [Grep] pattern='top\\s*[+*/]=?\\s*base\\s*\\+\\s*len|top\\s*=\\s*bound|top\\s*=\\s*base\\s*\\+|gctop'
[23:57:04] [spechunter] [Grep] pattern='GCTOP|gc_top|gc\\.top|gctop'
[23:57:04] [spechunter] [Glob] **/cheri*
[23:57:04] [spechunter] [Glob] **/capability*
[23:57:42] [spechunter] [Grep] pattern='cheri'
[23:57:42] [spechunter] [Grep] pattern='cheri'
[23:57:42] [spechunter] [Grep] pattern='cheri'
[23:57:42] [spechunter] [Glob] arch/riscv/**/cheri*
[23:57:42] [spechunter] [Grep] pattern='cap.*base|cap.*bound|cap.*length|cap.*addr|capability_t'
[23:57:42] [spechunter] [Grep] pattern='GCBASE|GCLEN|GCTOP|GCADDR|GCPERM|gclen|gcbase|gctop|gcaddr|gcperm'
[23:58:11] [spechunter] [Grep] pattern='cap|bound|length'
[23:58:11] [spechunter] [Grep] pattern='cap|bound'
[23:58:11] [spechunter] [Grep] pattern='GCBASE|GCLEN|GCTOP'
[23:58:11] [spechunter] [Grep] pattern='set_?bounds|cset_?bounds|setbounds|csetbounds|setc_?bounds|scbnds'
[23:58:11] [spechunter] [Grep] pattern='base\\s*\\+\\s*length|base\\s*\\+\\s*len|base\\s*\\+\\s*size'
[23:58:11] [spechunter] [Grep] pattern='base\\s*\\+\\s*length|base\\s*\\+\\s*len|base\\s*\\+\\s*size'
[23:58:11] [spechunter] [Grep] pattern='CHERI|MORELLO|cap_wide|__capability'
[23:58:41] [spechunter] [Read] /home/yzs/riscv/linux/arch/arm64/boot/dts/arm/morello-fvp.dts
[23:58:41] [spechunter] [Read] /home/yzs/riscv/linux/arch/arm64/boot/dts/arm/morello-sdp.dts
[23:58:41] [spechunter] [Grep] pattern='cheri'
[23:58:41] [spechunter] [Grep] pattern='capability|cap_|cheri|purecap|hybridcap'
[23:58:41] [spechunter] [Grep] pattern='bounds|set_bounds|seal|unseal'
[23:58:41] [spechunter] [Glob] **/cheri*
[23:59:04] [spechunter] [Grep] pattern='CHERI|Morello|capability'
[23:59:04] [spechunter] [Grep] pattern='CHERI|Morello|morello'
[23:59:04] [spechunter] [Grep] pattern='CHERI|cheri'
[23:59:04] [spechunter] [Grep] pattern='zcheri|CHERI|CLEN|capability_mode|purecap|hybridcap|cap_mode|user_cap|kernel_cap|cap_meta|cap_regs'
[23:59:04] [spechunter] [Grep] pattern='setbounds|csetaddr|csetbnd|buildcap|cap_copy|cap_move|cap_seal|user_ptr|make_cap'
[23:59:33] [spechunter] [Grep] pattern='CHERI_RISC|CONFIG_CHERI|Zcheri|zcheri_purecap|riscv.cheri'
[23:59:33] [spechunter] [Grep] pattern='CHERI|cheri'
[23:59:33] [spechunter] [Grep] pattern='__cap_wide|int_cap_t|uintcap_t|capability\\.h'
[23:59:33] [spechunter] [Grep] pattern='bounds|set_bounds|setbounds'
[23:59:33] [spechunter] [Grep] pattern='cheri|morello'
[23:59:33] [spechunter] [Grep] pattern='GCBASE|GCLEN|GCTOP|GCADDR|GCPERM'
[23:59:54] [spechunter] [Grep] pattern='GCBASE|GCLEN|GCTOP|GCADDR|GCPERM'
[23:59:54] [spechunter] [Grep] pattern='GCBASE|GCLEN|GCTOP|GCADDR|GCPERM'
[23:59:54] [spechunter] [Grep] pattern='cheri|morello'
[23:59:54] [spechunter] [Grep] pattern='cheri|morello|CHERI|MORELLO'
[23:59:54] [spechunter] [Grep] pattern='capability.*bound|cap.*top|cap.*base|cap.*len|cursor|capability_cs'
[23:59:54] [spechunter] [Grep] pattern='CHERI|Zcheri|zcheri_purecap'
[00:00:32] [spechunter] [Grep] pattern='Zcheri_cap|riscv.*cheri|cheri.*riscv|riscv.cheri|zcheri'
[00:00:32] [spechunter] [Grep] pattern='capability_register|cap_reg|cap_meta|cap_len|cap_base|cap_top|cap_cursor|cap_addr'
[00:00:32] [spechunter] [Grep] pattern='buildcap|makecap|sealcap|unsealcap|setaddr|scbnd|sentry|cspecial|cnull'
[00:00:32] [spechunter] [Grep] pattern='__cheri|__CHERI|purecap|pure_cap|hybrid.*cap'
[00:00:32] [spechunter] [Grep] pattern='cheri_cset|cheri_cget|__builtin_cheri|csetbounds|csetaddr|cheri_address_get|cheri_length_get|cheri_base_get'
[00:00:32] [spechunter] [Grep] pattern='cap|cheri|bound|128|129'
[00:00:54] [spechunter] [Read] /home/yzs/riscv/linux/lib/crypto/riscv/poly1305-riscv.pl
[00:00:54] [spechunter] [Grep] pattern='top|bound|base.*length|base.*len|cap|cheri'
[00:00:54] [spechunter] [Grep] pattern='saturating|overflow|wrap|carry'
[00:01:13] [spechunter] [Grep] pattern='csc|clc|cld|cra|cseal|cincoffset|csetaddr|candperm|ctestsubset'
[00:01:13] [spechunter] [Grep] pattern='cspecialr|cnull|crepresentable|cincoffset|csetbounds'
[00:01:13] [spechunter] [Grep] pattern='__cheri_addr|__cheri_base|__cheri_length|__cheri_offset|__cheri_setbound|__builtin_cheri'
[00:01:13] [spechunter] [Grep] pattern='CHERI_RISCV|CHERI_ISA|CHERI_CAP|CONFIG_CHERI|CHERI_ENABLED'
[00:01:13] [spechunter] [Grep] pattern='cbuildcap|cclearbounds|cclearregs|cgetbase|cgetlength|cgettop|cgetaddr'
[00:01:26] [spechunter] [Grep] pattern='CHERI_PURE_CAPABILITY|__CHERI_PURE_CAPABILITY'
[00:01:26] [spechunter] [Grep] pattern='SIZEOF_POINTER|16.*byte.*pointer|pointer.*16'
[00:01:26] [spechunter] [Bash] Search git history for CHERI-related commits
[00:01:26] [spechunter] [Grep] pattern='unrepresentable|representable_mask|alignment_mask'
[00:01:52] [spechunter] [Bash] List git branches
[00:01:52] [spechunter] [Grep] pattern='Karicheri'
[00:01:52] [spechunter] [Grep] pattern='__cheri'
[00:03:17] [spechunter] [text] ```json {   "findings": [     {       "file_path": "N/A (kernel tree does not include CHERI-RISC-V port)",       "functi...
[02:17:12] [spechunter] PR loaded: #998 riscv/riscv-cheri — "put YTOPR into the base"
[02:17:12] [spechunter]   diff: 6510 chars  body: 36 chars  reviews: 0
[02:17:12] [spechunter] Global pre-filter running...
[02:17:22] [spechunter] [text] {"should_skip": false}
[02:17:24] [spechunter] pre-filter: should_skip=False reason=""
[02:17:37] [spechunter] [text] {"should_skip": true, "skip_reason": "XiangShan does not implement the CHERI capability extension; this PR merely reorga...
[02:17:42] [spechunter] [text] {"should_skip": true, "skip_reason": "CHERI ISA reorganization moving GCTOP instruction into base spec — purely unprivil...
[02:17:44] [spechunter] [text] {"should_skip": false}
[02:17:47] [spechunter] [Grep] pattern='CHERI|cheri|cheri_base'
[02:17:56] [spechunter] [text] {"should_skip": false}
[02:18:19] [spechunter] [text] {"should_skip": true, "skip_reason": "CHERI capability extension is not supported by FreeBSD's RISC-V port; no CHERI cod...
[02:18:20] [spechunter] [text] ```json {   "violation_condition": "Linux kernel CHERI capability bounds-enforcement code computes the top bound via sof...
[02:18:25] [spechunter] [text] ```json {   "violation_condition": "QEMU's TCG decoder or CHERI capability emulation gates GCTOP instruction availabilit...
[02:18:36] [spechunter] [TodoWrite] 5 items
[02:18:41] [spechunter] [Grep] pattern='GCTOP'
[02:18:41] [spechunter] [Grep] pattern='gctop'
[02:18:41] [spechunter] [Grep] pattern='zytopr'
[02:18:41] [spechunter] [Grep] pattern='YTOPR'
[02:18:47] [spechunter] [Grep] pattern='GCTOP|gctop'
[02:18:47] [spechunter] [Grep] pattern='Zytopr|zytopr|ZYTOPR'
[02:18:49] [spechunter] [Grep] pattern='GCTOP|GCBASE|GCLEN'
[02:18:49] [spechunter] [Grep] pattern='saturating.*add.*(GCBASE|gcbase|GCLEN|gclen)|base.*\\+.*len.*top|top.*=.*base.*\\+.*len|YTOPR|ytopr|GCTOP|gctop'
[02:18:49] [spechunter] [Grep] pattern='graft.*cap|GCBASE|GCLEN|GCTOP|YTOPR'
[02:18:58] [spechunter] [text] No direct matches for GCTOP/gctop/ZYTOPR/YTOPR. Let me broaden the search to find related CHERI infrastructure.  
[02:18:58] [spechunter] [Grep] pattern='cheri'
[02:18:58] [spechunter] [Glob] **/cheri*
[02:18:58] [spechunter] [Glob] **/cheri*
[02:19:00] [spechunter] [Grep] pattern='saturating.*add.*(GCBASE|GCLEN|[Gg]cbase|[Gg]clen)'
[02:19:00] [spechunter] [Grep] pattern='(base|G?CBASE).*\\+(GCLEN|len|LENGTH).*(top|[Gg]ctop)'
[02:19:00] [spechunter] [Grep] pattern='Zytopr|zytopr|has_cap.*GCTOP|has_cap.*gctop'
[02:19:00] [spechunter] [Grep] pattern='GCTOP|gctop'
[02:19:05] [spechunter] [text] The literal strings "GCTOP"/"gctop" and "Zytopr"/"zytopr"/"ZYTOPR" don't exist in this repo. Let me search for related C...
[02:19:05] [spechunter] [Grep] pattern='cheri.*decode|decode.*cheri|CHERI.*decode'
[02:19:05] [spechunter] [Grep] pattern='TARGET_CHERI'
[02:19:05] [spechunter] [Grep] pattern='isa_ext_cheri'
[02:19:05] [spechunter] [Grep] pattern='cheri\\.decode|decode_cheri|cheri_decode'
[02:19:11] [spechunter] [text] No direct matches found with the exact entity names. Let me broaden the search to look for related concepts and the PR c...
[02:19:11] [spechunter] [Grep] pattern='graft'
[02:19:11] [spechunter] [Grep] pattern='graft'
[02:19:11] [spechunter] [Grep] pattern='graft'
[02:19:11] [spechunter] [Grep] pattern='GCTOP|GCBASE|GCLEN|YTOPR|ytopr|gctop|gcbase|gclen'
[02:19:17] [spechunter] [text] No CHERI-related code exists anywhere in this repository. Let me verify that the repo is QEMU upstream (which does not c...
[02:19:17] [spechunter] [Bash] Check for CHERI or YTOPR branches
[02:19:17] [spechunter] [Grep] pattern='GCTOP|gctop|YTOPR|ytopr|zytopr|ZYTOPR'
[02:19:21] [spechunter] [text] None of the CHERI-related patterns exist in this QEMU repo. Let me verify the repo structure and search for any capabili...
[02:19:21] [spechunter] [Bash] Check recent git commits to verify this is QEMU
[02:19:21] [spechunter] [Grep] pattern='capability|CHERI|cheri'
[02:19:21] [spechunter] [Glob] target/riscv/**/*cheri*
[02:19:21] [spechunter] [Glob] target/riscv/**/*decode*
[02:19:25] [spechunter] [text] The direct CHERI CSR names (GCTOP, GCBASE, GCLEN, Zytopr) don't appear in this tree. Let me search more broadly for capa...
[02:19:25] [spechunter] [Grep] pattern='saturating_add|saturating.*add'
[02:19:25] [spechunter] [Grep] pattern='cheri|CHERI'
[02:19:25] [spechunter] [Grep] pattern='capability.*bound|bounds.*capability|cap_bounds|bounds_check|check_bounds'
[02:19:25] [spechunter] [Grep] pattern='gcbase|gclen|gctop|Gcbase|Gclen|Gctop'
[02:19:30] [spechunter] [text] Let me search more broadly for any shadow stack / CFI / capability-related code and recent commits mentioning this PR
[02:19:30] [spechunter] [Bash] Search git log for YTOPR references
[02:19:30] [spechunter] [Bash] Search git log for PR #994 references
[02:19:30] [spechunter] [Bash] Search git log for GCTOP/GCBASE/GCLEN/graft capability commits
[02:19:30] [spechunter] [Grep] pattern='shadow.stack|zicfiss|zicfilp|CFI|landing.pad'
[02:19:38] [spechunter] [text] The repository contains **zero matches** for GCTOP, gctop, YTOPR, ZYTOPR, or cheri across the entire codebase. This is u...
[02:19:44] [spechunter] [text] CHERI extensions don't exist in this repo. Let me verify what's available in the RISC-V target decode infrastructure.  
[02:19:44] [spechunter] [Grep] pattern='CHERI|cheri'
[02:19:44] [spechunter] [Grep] pattern='has_cheri|isa_ext_cheri|cpu_cfg.*cheri'
[02:19:44] [spechunter] [Bash] List decode files in target/riscv
[02:19:44] [spechunter] [Grep] pattern='gctop|GCTOP|zytopr|ZYTOPR|Zytopr'
[02:19:44] [spechunter] [Grep] pattern='gctop|GCTOP|zytopr|ZYTOPR|Zytopr'
[02:19:50] [spechunter] [Read] /home/yzs/riscv/linux/Documentation/devicetree/bindings/arm/arm,morello.yaml
[02:19:50] [spechunter] [Grep] pattern='riscv.*cheri|cheri.*riscv|RISCV.*CAP|capability.*riscv'
[02:19:50] [spechunter] [Grep] pattern='capability_t|cap_meta|cap_addr|cap_bounds|cap_perms|ccap|user_cap'
[02:19:56] [spechunter] [text] The search is conclusive. Let me also verify that the currently modified file has no CHERI relevance.  
[02:19:56] [spechunter] [Bash] List modified files in working tree
[02:20:08] [spechunter] [text] Let me search for Morello/CHERI capability bounds implementations in the kernel.  
[02:20:08] [spechunter] [Grep] pattern='morello|MORELLO'
[02:20:08] [spechunter] [Grep] pattern='cheri|CHERI|capability.*bound|bound.*capability'
[02:20:08] [spechunter] [Grep] pattern='cheri|CHERI|capability.*bound|pc_has_cap|has_cap'
[02:20:18] [spechunter] [text] These entity names (GCTOP, GCBASE, GCLEN, YTOPR) don't appear as exact strings. Let me search the CSR definitions and th...
[02:20:18] [spechunter] [Grep] pattern='TOPR|GCT|gct|graft.cap'
[02:20:18] [spechunter] [Grep] pattern='TOPR|GCT|gct'
[02:20:18] [spechunter] [Grep] pattern='CSR_.*GCTOP|CSR_.*GCBASE|CSR_.*GCLEN|CSR_.*YTOPR'
[02:20:18] [spechunter] [Grep] pattern='0x1[0-9a-f]C7|0x2[0-9a-f]C7|0x3[0-9a-f]C7'
[02:20:25] [spechunter] [Grep] pattern='saturating_add|saturating.*add'
[02:20:25] [spechunter] [Grep] pattern='saturating_add|saturating.*add'
[02:20:28] [spechunter] [Read] /home/yzs/riscv/linux/arch/riscv/include/asm/csr.h
[02:20:28] [spechunter] [Read] /home/yzs/riscv/linux/arch/riscv/include/asm/cfi.h
[02:20:36] [spechunter] [Write] /home/yzs/riscv/qemu/analysis_zytopr.json
[02:20:43] [spechunter] [text] Let me also search the shadow stack implementation files for any top-of-shadow-stack / shadow-stack-base concepts and lo...
[02:20:43] [spechunter] [Read] /home/yzs/riscv/linux/arch/riscv/kernel/usercfi.c
[02:20:43] [spechunter] [Read] /home/yzs/riscv/linux/arch/riscv/include/asm/usercfi.h
[02:20:43] [spechunter] [Grep] pattern='shstk|shadow_stack|ssp|SSP|shadow_stack_base|shadow_stack_size|shadow_stack_ptr'
[02:20:43] [spechunter] [Grep] pattern='capability|CHERI|Morello|morello'
[02:20:43] [spechunter] [Grep] pattern='saturating|cap_bounds|cap_u64|GCBASE|GCLEN|GCTOP|pc_has_cap'
[02:20:55] [spechunter] [text] **Result: NOT_FOUND**  This upstream QEMU repository (`qemu.git`) contains **zero** CHERI capability extension code. Spe...
[02:20:56] [spechunter] [Grep] pattern='src/cheri/attributes.adoc|YTOPR|ytopr'
[02:20:56] [spechunter] [Grep] pattern='attributes\\.adoc'
[02:20:56] [spechunter] [Glob] **/cheri/**
[02:21:04] [spechunter] [text] Let me check for branches related to this PR and any references in Kconfig or the SBI firmware interface related to shad...
[02:21:04] [spechunter] [Bash] List local branches that may relate to this PR
[02:21:04] [spechunter] [Grep] pattern='FWFT|fwft|SBI_EXT_FWFT'
[02:21:04] [spechunter] [Grep] pattern='graft|GCTOP|GCBASE|GCLEN|YTOPR|ytopr'
[02:21:07] [spechunter] [text] Let me investigate the current branch and PR context to understand what "YTOPR" refers to and find the relevant code loc...
[02:21:07] [spechunter] [Bash] Recent commits on current branch
[02:21:07] [spechunter] [Bash] Changes compared to base branch
[02:21:10] [spechunter] [Bash] Check for CHERI/Morello branches
[02:21:10] [spechunter] [Grep] pattern='top.*=.*base.*\\+.*len|base.*\\+.*len.*top|bound.*base.*\\+|bounds.*base.*\\+'
[02:21:24] [spechunter] [Bash] Show the commit diff
[02:21:24] [spechunter] [Grep] pattern='ytopr|YTOPR'
[02:21:24] [spechunter] [Bash] Search YTOPR in all commit messages
[02:21:32] [spechunter] [Grep] pattern='capability_register|cap_reg|purecap|hybrid_cap|capability_access'
[02:21:32] [spechunter] [Grep] pattern='C64|C128|capability_mode|capmode|cheriabi'
[02:21:32] [spechunter] [Grep] pattern='buildcap|capbuild|capmeta|CSetAddr|CSetBounds|CSetOffset|CGetBase|CGetLen|CGetTop'
[02:21:32] [spechunter] [Grep] pattern='sentry|sealcap|cinctte|cinvtype|cheri_'
[02:21:33] [spechunter] [text] After exhaustive searching of the entire Linux kernel source tree, the entities **GCTOP**, **GCBASE**, **GCLEN**, and **...
[02:21:40] [spechunter] [TodoWrite] 5 items
[02:21:42] [spechunter] [Bash] Verify no CHERI/Zytopr code exists
[02:21:42] [spechunter] [Bash] Find cherry-picked YTOPR commits
[02:21:56] [spechunter] [text] Now let me check the current branch's actual diff to confirm what's really here.  
[02:21:56] [spechunter] [Bash] Full diff of branch changes
[02:22:05] [spechunter] [text] Let me do one more round of deeper searching to make sure nothing is missed
[02:22:05] [spechunter] [Grep] pattern='bound|cap|top.*base|base.*top'
[02:22:05] [spechunter] [Grep] pattern='morello|MORELLO'
[02:22:05] [spechunter] [Grep] pattern='morello|CHERI|cheri|capability'
[02:22:05] [spechunter] [Grep] pattern='GCBASE|GCLEN|GCTOP|Zytopr|YTOPR|ytopr'
[02:22:11] [spechunter] [text] Let me also verify whether `MENVCFG_CDE` and `scountinhibit` appear elsewhere for completeness
[02:22:11] [spechunter] [Grep] pattern='MENVCFG_CDE'
[02:22:11] [spechunter] [Grep] pattern='scountinhibit'
[02:22:48] [spechunter] [text] Now let me also check the `hvictl` and `hstatus` related CSRs that the branch may also plan to touch, and the hunvcfg/hs...
[02:22:48] [spechunter] [Grep] pattern='scountinhibit_pred|scountinhibit_read|scountinhibit_write'
[02:22:48] [spechunter] [Read] /home/yzs/riscv/qemu/target/riscv/csr.c
[02:23:07] [spechunter] [text] Let me do one final sweep to be absolutely thorough  
[02:23:07] [spechunter] [Grep] pattern='pcrelative|capability_length|cap_base|cap_offset|cap_top|cap_bounds_set|cap_representable'
[02:23:07] [spechunter] [Grep] pattern='cheri_pmode|cheri_sentry|cheri_sealcap|cheri_buildcap|cheri_capbuild'
[02:23:07] [spechunter] [Grep] pattern='CPtrCmp|CSetAddr|CSetBounds|CGetBase|CGetLen|CGetTop|CIncAddr'
[02:23:07] [spechunter] [Grep] pattern='morello|cheri'
[02:23:20] [spechunter] [text] Now let me check for any existing `MENVCFG_CDE` checks around scountinhibit for comparison/context
[02:23:20] [spechunter] [Read] /home/yzs/riscv/qemu/target/riscv/csr.c
[02:23:20] [spechunter] [Read] /home/yzs/riscv/qemu/target/riscv/csr.c
[02:23:20] [spechunter] [Read] /home/yzs/riscv/qemu/target/riscv/cpu_bits.h
[02:23:23] [spechunter] [text] Let me verify these are truly false positives — the "cheri" in device driver names like "cherish" etc.  
[02:23:23] [spechunter] [Grep] pattern='morello|MORELLO|CHERI|cheri'
[02:23:23] [spechunter] [Grep] pattern='morello|MORELLO|CHERI|cheri'
[02:23:34] [spechunter] [TodoWrite] 5 items
[02:23:44] [spechunter] [text] Now I have a complete picture. Let me summarize my findings.  **Key observation**: The PR context mentions "YTOPR into t...
[02:24:02] [spechunter] [Grep] pattern='gctop|GCTOP|zytopr|ZYTOPR'
[02:24:02] [spechunter] [Grep] pattern='TARGET_CHERI'
[02:24:12] [spechunter] [Read] /home/yzs/riscv/qemu/analysis_zytopr.json
[02:24:12] [spechunter] [Glob] **/cheri*
[02:24:12] [spechunter] [Bash] Recent commits to understand repo state
[02:24:23] [spechunter] [text] Let me also check the spec reference directory for any CHERI-related specs
[02:24:23] [spechunter] [Bash] List spec reference directories
[02:24:33] [spechunter] [Grep] pattern='gctop|zytopr'
[02:24:33] [spechunter] [Bash] List CHERI spec reference files
[02:24:48] [spechunter] [Grep] pattern='gctop|GCTOP|zytopr|ZYTOPR'
[02:24:59] [spechunter] [Grep] pattern='.*'
[02:24:59] [spechunter] [Read] /home/yzs/riscv/rv-isa-sec/spec_ref/riscv-cheri/src/cheri/csv/CHERI_ISA.csv
[02:25:18] [spechunter] [text] Based on my thorough investigation, here is the analysis:  
[02:25:18] [spechunter] [Grep] pattern='gctop|GCTOP|zytopr|ZYTOPR'
[02:25:29] [spechunter] [text] After exhaustive semantic searching across this entire Linux 7.0-rc5 tree, here are the conclusive findings:  ## Summary...
[02:25:29] [spechunter] [TodoWrite] 5 items
[02:25:30] [spechunter] [text] ```json {   "findings": [     {       "file_path": "N/A (target/riscv/)",       "function_name": "N/A",       "line_star...
[02:25:36] [spechunter] [text] The JSON report is above. To be explicit: I searched for CHERI CSR accessors (`GCTOP`, `GCBASE`, `GCLEN`), the RISC-V YT...
[02:26:27] [spechunter] [text] Both input sets are empty, so there are no locations to cross-validate or merg. Let me check what this PR actually touch...
[02:26:27] [spechunter] [Bash] Check recent commits for YTOPR context
[02:26:27] [spechunter] [Grep] pattern='YTOPR|ytopr'
[02:26:36] [spechunter] [text] Both fast-path and slow-path location sets are empty, and no `YTOPR` references exist in the kernel tree at `c369299895a...
[02:26:55] [spechunter] [Grep] pattern='saturating.*add.*(GCBASE|gcbase|GCLEN|gclen)'
[02:26:55] [spechunter] [Grep] pattern='Zytopr'
[02:26:55] [spechunter] [Grep] pattern='GCTOP|gctop'
[02:26:55] [spechunter] [Grep] pattern='has_cap.*GCTOP|has.*zytopr|HAS_Zytopr'
[02:27:10] [spechunter] [Grep] pattern='top.*=.*base.*\\+.*len|base.*\\+.*len.*top'
[02:27:10] [spechunter] [Grep] pattern='cheri_cap_build|cap_build|cheri_top|cap_top|top_and_base'
[02:27:10] [spechunter] [Grep] pattern='CHERI|cheri'
[02:27:30] [spechunter] [Grep] pattern='cheri_cap|riscv_cheri|CHERI_CAP'
[02:27:30] [spechunter] [Grep] pattern='cap_build|cap_bounds_set|cap_bounds_check|CHERI_PERM'
[02:27:30] [spechunter] [Bash] Check spec reference directory contents
[02:27:30] [spechunter] [Grep] pattern='cheri|morello|capability'
[02:27:50] [spechunter] [Bash] List riscv-cheri spec reference directory
[02:27:50] [spechunter] [Grep] pattern='cheri|CHERI|morello|capability'
[02:28:27] [spechunter] [Grep] pattern='CHERI|cheri|morello'
[02:28:27] [spechunter] [Grep] pattern='CHERI|cheri|morello'
[02:28:27] [spechunter] [Bash] Check if this is a CHERI-specific Linux branch
[02:28:50] [spechunter] [text] This is mainline Linux 7.0-rc5, which does **not contain any CHERI capability code**. I searched exhaustively for all th...
