[09:36:36] [spechunter] PR loaded: #1467 riscv/riscv-unified-db — "feat(vector): support unit stride vector load/store"
[09:36:36] [spechunter]   diff: 16818 chars  body: 121 chars  reviews: 1
[09:36:36] [spechunter] Global pre-filter running...
[09:36:47] [spechunter] [text] {"should_skip": false}
[09:36:48] [spechunter] pre-filter: should_skip=False reason=""
[09:36:57] [spechunter] [text] {"should_skip": true, "skip_reason": "ISA-level vector load/store instruction definitions with no impact on M-mode firmw...
[09:36:58] [spechunter] [text] {"should_skip": false}
[09:37:10] [spechunter] [text] {"should_skip": true, "skip_reason": "Fills in SAIL operational model for existing V-extension unit-stride load/store in...
[09:37:10] [spechunter] [text] {"should_skip": true, "skip_reason": "This PR fills in operational pseudocode for already-defined vector load/store inst...
[09:37:28] [spechunter] [text] ```json {   "violation_condition": "XiangShan RTL vector load/store unit executes vle8.v with sign-extension of the load...
[09:37:28] [spechunter] [text] {"should_skip": false}
[09:37:58] [spechunter] [Agent] description, subagent_type
[09:37:58] [spechunter] [Agent] description, subagent_type
[09:37:58] [spechunter] [Agent] description, subagent_type
[09:38:02] [spechunter] [text] ```json {   "violation_condition": "QEMU TCG implements vle8/vle16/vle32/vle64 or vse8/vse16/vse32/vse64 without properl...
[09:38:14] [spechunter] [Grep] pattern='vstart'
[09:38:14] [spechunter] [Grep] pattern='vtype|vsew|vlmul|vill'
[09:38:14] [spechunter] [Grep] pattern='\\bvl\\b.*(CSR|csr|\\.vl|VecLen|vlReg)'
[09:38:14] [spechunter] [Grep] pattern='(VECTOR|vector).*(exception|fault|trap)|(illegal).*(vector|Vector)|(address).*(misalign).*(vector|Vector)|(vector|Vector).*(misalign)'
[09:38:14] [spechunter] [Grep] pattern='vlSplit|vlMax|vlSplit|VLMax'
[09:38:18] [spechunter] [Bash] List top-level scala source directories
[09:38:18] [spechunter] [Glob] **/vector/**/lsu/**/*.scala
[09:38:18] [spechunter] [Glob] **/vector/**/*lsu*/**/*.scala
[09:38:18] [spechunter] [Glob] **/vector/**/*lsu*.scala
[09:38:19] [spechunter] [Grep] pattern='vle8|vle16|vle32|vle64|vse8|vse16|vse32|vse64'
[09:38:19] [spechunter] [Grep] pattern='vstart|vl[^a-zA-Z]|vtype'
[09:38:19] [spechunter] [Grep] pattern='unit.?stride|unitStride|unit_stride'
[09:38:19] [spechunter] [Grep] pattern='VECTOR_LS|vector.?load.?store|VectorLoadStore|vectorLoadStore'
[09:38:19] [spechunter] [Grep] pattern='misalign'
[09:38:21] [spechunter] [Grep] pattern='vle8\\.v|vle16\\.v|vle32\\.v|vle64\\.v'
[09:38:21] [spechunter] [Grep] pattern='vse8\\.v|vse16\\.v|vse32\\.v|vse64\\.v'
[09:38:21] [spechunter] [Grep] pattern='vext_ldst_us'
[09:38:21] [spechunter] [Grep] pattern='vext_vle|vext_vse|gen_vle|gen_vse|GEN_VEXT_LD|GEN_VEXT_ST'
[09:38:24] [spechunter] [TodoWrite] 6 items
[09:38:25] [spechunter] [Glob] **/xiangshan/**/lsu*.scala
[09:38:25] [spechunter] [Glob] **/xiangshan/**/vector/**/*.scala
[09:38:25] [spechunter] [Grep] pattern='vector.*lsu|lsu.*vector|Vlsu|vlsu|VLSU'
[09:38:27] [spechunter] [Grep] pattern='vle8|vle16|vle32|vle64|vse8|vse16|vse32|vse64'
[09:38:27] [spechunter] [Grep] pattern='Vld|Vst|vector.*load|vector.*store'
[09:38:27] [spechunter] [Grep] pattern='BitPat.*vle|BitPat.*vse'
[09:38:27] [spechunter] [Glob] src/main/scala/**/IDecode*
[09:38:27] [spechunter] [Glob] src/main/scala/**/*Decode*
[09:38:27] [spechunter] [Glob] src/main/scala/**/*decode*
[09:38:32] [spechunter] [Grep] pattern='vstart|vtype|sew|vlmax'
[09:38:32] [spechunter] [Grep] pattern='vle8_v|vle16_v|vle32_v|vle64_v|vse8_v|vse16_v|vse32_v|vse64_v'
[09:38:32] [spechunter] [Grep] pattern='undisturbed|vma|vta|vext_set_elems_1s|vext_set_elem_mask'
[09:38:43] [spechunter] [Glob] target/riscv/**/vector*
[09:38:43] [spechunter] [Glob] target/riscv/**/vec*
[09:38:43] [spechunter] [Grep] pattern='vext_ldst_us'
[09:38:43] [spechunter] [Bash] List vector mem directory
[09:38:43] [spechunter] [Bash] List mem directory recursively
[09:38:43] [spechunter] [Grep] pattern='vle8|vle16|vle32|vle64|vse8|vse16|vse32|vse64'
[09:38:44] [spechunter] [Glob] src/main/scala/xiangshan/**/CSR*.scala
[09:38:44] [spechunter] [Grep] pattern='vle8|vle16|vle32|vle64|vse8|vse16|vse32|vse64'
[09:38:44] [spechunter] [Grep] pattern='vstart|\\.vl\\b'
[09:38:44] [spechunter] [Grep] pattern='vstart|\\.vl\\b'
[09:38:44] [spechunter] [Grep] pattern='sign.?extend|sext|SignExt'
[09:38:49] [spechunter] [Read] /home/yzs/riscv/XiangShan/src/main/scala/xiangshan/mem/vector/VecCommon.scala
[09:38:49] [spechunter] [Read] /home/yzs/riscv/XiangShan/src/main/scala/xiangshan/mem/vector/VecBundle.scala
[09:38:49] [spechunter] [Read] /home/yzs/riscv/XiangShan/src/main/scala/xiangshan/mem/vector/VSegmentUnit.scala
[09:38:56] [spechunter] [Grep] pattern='\\bvl\\b|\\.vl\\b|vlReg|vlCsr'
[09:38:56] [spechunter] [Grep] pattern='\\bvl\\b|\\.vl\\b|vlReg|vlCsr'
[09:38:56] [spechunter] [Grep] pattern='\\bvl\\b|\\.vl\\b|vlReg|vlCsr'
[09:38:56] [spechunter] [Grep] pattern='\\bvl\\b|\\.vl\\b|vlReg|vlCsr'
[09:38:56] [spechunter] [Grep] pattern='\\bvl\\b|\\.vl\\b|vlReg|vlCsr'
[09:38:56] [spechunter] [Read] /home/yzs/riscv/qemu/target/riscv/vector_helper.c
[09:38:56] [spechunter] [Grep] pattern='vext_ldst_us'
[09:38:56] [spechunter] [Read] /home/yzs/riscv/qemu/target/riscv/vector_internals.h
[09:38:58] [spechunter] [Read] /home/yzs/riscv/XiangShan/src/main/scala/xiangshan/backend/decode/VecDecoder.scala
[09:38:58] [spechunter] [Grep] pattern='vle|vse|VLE|VSE|vl[eE]|vs[eE]'
[09:38:58] [spechunter] [Grep] pattern='vle|vse'
[09:38:58] [spechunter] [Grep] pattern='vle|vse'
[09:39:01] [spechunter] [Read] /home/yzs/riscv/qemu/target/riscv/vector_helper.c
[09:39:06] [spechunter] [Read] /home/yzs/riscv/XiangShan/src/main/scala/xiangshan/backend/decode/VecDecoder.scala
[09:39:06] [spechunter] [Grep] pattern='Vld|Vst|VLd|VSt|vld|vst'
[09:39:06] [spechunter] [Grep] pattern='FuType|fuType|FuncUnitType|stu|ldu|LSU|l2i|load|store'
[09:39:06] [spechunter] [Grep] pattern='vle|vse|vle8|vle16|vle32|vle64|vse8|vse16|vse32|vse64|unit.stride|unitStride|unit_stride'
[09:39:09] [spechunter] [Grep] pattern='VlduType|VstuType|vldu|vstu'
[09:39:09] [spechunter] [Grep] pattern='VlduType|VstuType'
[09:39:09] [spechunter] [Grep] pattern='unitStride|unit_stride|unitstride|isUS\\b'
[09:39:09] [spechunter] [Grep] pattern='vlenAlign|checkAddr|misalign|addrMisalign'
[09:39:18] [spechunter] [Read] /home/yzs/riscv/XiangShan/src/main/scala/xiangshan/package.scala
[09:39:18] [spechunter] [Read] /home/yzs/riscv/XiangShan/src/main/scala/xiangshan/backend/decode/VecDecoder.scala
[09:39:18] [spechunter] [Read] /home/yzs/riscv/XiangShan/src/main/scala/xiangshan/mem/vector/VSplit.scala
[09:39:18] [spechunter] [Read] /home/yzs/riscv/XiangShan/src/main/scala/xiangshan/mem/vector/VSplit.scala
[09:39:19] [spechunter] [Read] /home/yzs/riscv/XiangShan/src/main/scala/xiangshan/backend/fu/CSR.scala
[09:39:19] [spechunter] [Read] /home/yzs/riscv/XiangShan/src/main/scala/xiangshan/backend/fu/NewCSR/NewCSR.scala
[09:39:19] [spechunter] [Read] /home/yzs/riscv/XiangShan/src/main/scala/xiangshan/backend/fu/NewCSR/NewCSR.scala
[09:39:19] [spechunter] [Read] /home/yzs/riscv/XiangShan/src/main/scala/xiangshan/mem/vector/VSegmentUnit.scala
[09:39:19] [spechunter] [Read] /home/yzs/riscv/XiangShan/src/main/scala/xiangshan/mem/vector/VSegmentUnit.scala
[09:39:19] [spechunter] [Read] /home/yzs/riscv/XiangShan/src/main/scala/xiangshan/mem/vector/VecBundle.scala
[09:39:20] [spechunter] [TodoWrite] 6 items
[09:39:21] [spechunter] [Read] /home/yzs/riscv/XiangShan/src/main/scala/xiangshan/backend/fu/FuType.scala
[09:39:21] [spechunter] [Grep] pattern='vldu|vstu|VlduType|VstuType'
[09:39:21] [spechunter] [Grep] pattern='VLE8_V|VLE16_V|VLE32_V|VLE64_V|VSE8_V|VSE16_V|VSE32_V|VSE64_V'
[09:39:21] [spechunter] [Grep] pattern='VlduType|VstuType|vlduType|vstuType|object Vldu|object Vstu'
[09:39:33] [spechunter] [Read] /home/yzs/riscv/XiangShan/src/main/scala/xiangshan/mem/vector/VSplit.scala
[09:39:33] [spechunter] [Read] /home/yzs/riscv/XiangShan/src/main/scala/xiangshan/mem/vector/VSplit.scala
[09:39:33] [spechunter] [Read] /home/yzs/riscv/XiangShan/src/main/scala/xiangshan/mem/vector/VecCommon.scala
[09:39:33] [spechunter] [Read] /home/yzs/riscv/XiangShan/src/main/scala/xiangshan/mem/lsqueue/ExceptionInfoGen.scala
[09:39:33] [spechunter] [Read] /home/yzs/riscv/XiangShan/src/main/scala/xiangshan/mem/lsqueue/ExceptionInfoGen.scala
[09:39:33] [spechunter] [Read] /home/yzs/riscv/XiangShan/src/main/scala/xiangshan/backend/fu/NewCSR/Unprivileged.scala
[09:39:35] [spechunter] [Read] /home/yzs/riscv/XiangShan/src/main/scala/xiangshan/mem/vector/VSplit.scala
[09:39:35] [spechunter] [Read] /home/yzs/riscv/XiangShan/src/main/scala/xiangshan/mem/vector/VMergeBuffer.scala
[09:39:35] [spechunter] [Read] /home/yzs/riscv/XiangShan/src/main/scala/xiangshan/mem/vector/VfofBuffer.scala
[09:39:36] [spechunter] [Grep] pattern='def VLE8_V|def VLE16_V|def VLE32_V|def VLE64_V|def VSE8_V|def VSE16_V|def VSE32_V|def VSE64_V|val VLE8_V|val VLE16_V|val VLE32_V|val VLE64_V|val VSE8_V|val VSE16_V|val VSE32_V|val VSE64_V'
[09:39:36] [spechunter] [Read] /home/yzs/riscv/XiangShan/src/main/scala/xiangshan/backend/fu/FuType.scala
[09:39:36] [spechunter] [Read] /home/yzs/riscv/XiangShan/src/main/scala/xiangshan/backend/fu/FuConfig.scala
[09:39:36] [spechunter] [Grep] pattern='isVLoad|isVStore|isVload|isVstore'
[09:39:46] [spechunter] [text] Now let me look at `vext_page_ldst_us` and how elements are stored into the vector register, and also check the load ele...
[09:39:46] [spechunter] [Grep] pattern='vext_page_ldst_us'
[09:39:46] [spechunter] [Grep] pattern='lde_b_tlb|lde_b_host'
[09:39:53] [spechunter] [Read] /home/yzs/riscv/qemu/target/riscv/vector_helper.c
[09:39:54] [spechunter] [Grep] pattern='VLE8_V|VLE16_V|VLE32_V|VLE64_V|VSE8_V|VSE16_V|VSE32_V|VSE64_V'
[09:39:54] [spechunter] [Grep] pattern='VLD|VST'
[09:39:54] [spechunter] [Grep] pattern='vm_mask|vm.*mask|undisturbed|agnostic'
[09:39:54] [spechunter] [Grep] pattern='vstart.*exception|vstart.*zero|vstartIllegal'
[09:39:57] [spechunter] [Grep] pattern='vill|vtype.*Bundle|VType\\b'
[09:39:57] [spechunter] [Grep] pattern='vtype|vl\\b.*CSR|CSR.*vl\\b|Vl\\(\\)|Vtype'
[09:39:57] [spechunter] [Read] /home/yzs/riscv/XiangShan/src/main/scala/xiangshan/backend/fu/CSR.scala
[09:39:57] [spechunter] [Grep] pattern='exception|fault|illegal|misalign'
[09:39:57] [spechunter] [Grep] pattern='exception|fault|illegal|misalign'
[09:39:59] [spechunter] [Grep] pattern='object VlduType|object VstuType|VlduType|VstuType'
[09:39:59] [spechunter] [Grep] pattern='object VlduType|object VstuType'
[09:39:59] [spechunter] [Grep] pattern='vldu|vstu'
[09:39:59] [spechunter] [Grep] pattern='vldu|vstu'
[09:39:59] [spechunter] [Grep] pattern='vldu|vstu'
[09:40:06] [spechunter] [Grep] pattern='vext_continuous_ldst_host'
[09:40:06] [spechunter] [Grep] pattern='vext_continuous_ldst_tlb'
[09:40:12] [spechunter] [Read] /home/yzs/riscv/qemu/target/riscv/vector_helper.c
[09:40:12] [spechunter] [Read] /home/yzs/riscv/XiangShan/src/main/scala/xiangshan/package.scala
[09:40:12] [spechunter] [Read] /home/yzs/riscv/XiangShan/src/main/scala/xiangshan/backend/issue/IssueBlockParams.scala
[09:40:12] [spechunter] [Grep] pattern='vldu|vstu|VecMem|vecMem|vecLsu'
[09:40:12] [spechunter] [Grep] pattern='VlduCfg|VstuCfg|vldu|vstu'
[09:40:12] [spechunter] [Grep] pattern='vldu|vstu|VecMem|vecMem|MemBlock'
[09:40:17] [spechunter] [Read] /home/yzs/riscv/XiangShan/src/main/scala/xiangshan/backend/decode/VecExceptionGen.scala
[09:40:17] [spechunter] [Read] /home/yzs/riscv/XiangShan/src/main/scala/xiangshan/backend/decode/VecExceptionGen.scala
[09:40:17] [spechunter] [Read] /home/yzs/riscv/XiangShan/src/main/scala/xiangshan/backend/fu/NewCSR/Unprivileged.scala
[09:40:17] [spechunter] [Grep] pattern='\\bvls\\b|VLSplit|VLSplitImp|VLSplitImp|class.*VLSplit'
[09:40:17] [spechunter] [Read] /home/yzs/riscv/XiangShan/src/main/scala/xiangshan/mem/vector/VSplit.scala
[09:40:23] [spechunter] [Read] /home/yzs/riscv/qemu/target/riscv/vector_helper.c
[09:40:26] [spechunter] [Read] /home/yzs/riscv/XiangShan/src/main/scala/xiangshan/backend/decode/VecDecoder.scala
[09:40:26] [spechunter] [Read] /home/yzs/riscv/XiangShan/src/main/scala/xiangshan/backend/decode/VecExceptionGen.scala
[09:40:26] [spechunter] [Read] /home/yzs/riscv/XiangShan/src/main/scala/xiangshan/backend/decode/VecExceptionGen.scala
[09:40:26] [spechunter] [Read] /home/yzs/riscv/XiangShan/src/main/scala/xiangshan/backend/decode/DecodeUnit.scala
[09:40:30] [spechunter] [Read] /home/yzs/riscv/XiangShan/src/main/scala/xiangshan/backend/decode/DecodeUnit.scala
[09:40:30] [spechunter] [Read] /home/yzs/riscv/XiangShan/src/main/scala/xiangshan/backend/decode/DecodeUnit.scala
[09:40:30] [spechunter] [Read] /home/yzs/riscv/XiangShan/src/main/scala/xiangshan/mem/MemBlock.scala
[09:40:30] [spechunter] [Grep] pattern='hasVLoadFu|hasVStoreFu'
[09:40:30] [spechunter] [Grep] pattern='VEC_US_LDST|uopSplitType|isVload|isVstore|isVls'
[09:40:34] [spechunter] [Read] /home/yzs/riscv/qemu/target/riscv/vector_helper.c
[09:40:43] [spechunter] [Read] /home/yzs/riscv/XiangShan/src/main/scala/xiangshan/backend/decode/isa/CSRs.scala
[09:40:43] [spechunter] [Grep] pattern='sext|signExt|SignExt|signedExt'
[09:40:43] [spechunter] [Grep] pattern='newCSR.*vstart|CSR.*vstart|vstart.*CSR'
[09:40:43] [spechunter] [Grep] pattern='readMem|read_memory|loadData|load_data|vecData|element.*load|load.*element'
[09:40:48] [spechunter] [text] Now let me read the critical sections to get precise line ranges.  
[09:40:48] [spechunter] [Read] /home/yzs/riscv/qemu/target/riscv/vector_helper.c
[09:40:48] [spechunter] [Read] /home/yzs/riscv/qemu/target/riscv/insn_trans/trans_rvv.c.inc
[09:40:48] [spechunter] [Read] /home/yzs/riscv/qemu/target/riscv/vector_helper.c
[09:40:58] [spechunter] [Grep] pattern='VecScheduler|vecSchdParams|VecMem|MemBlock'
[09:40:58] [spechunter] [Grep] pattern='vecSchdParams|vldu|vstu|VecCfg|VlduCfg|VstuCfg'
[09:40:58] [spechunter] [Read] /home/yzs/riscv/XiangShan/src/main/scala/xiangshan/backend/BackendParams.scala
[09:41:12] [spechunter] [text] Let me also check the helper macros and the trans_rvv entry points
[09:41:12] [spechunter] [Grep] pattern='VSTART_CHECK_EARLY_EXIT|vext_page_ldst_us|vext_set_tail_elems_1s|vext_continuous_ldst_tlb|vext_continuous_ldst_host'
[09:41:12] [spechunter] [Grep] pattern='ldst_us_trans|ld_us_op|st_us_op|ld_us_check|st_us_check'
[09:41:12] [spechunter] [Read] /home/yzs/riscv/qemu/target/riscv/insn32.decode
[09:41:27] [spechunter] [Read] /home/yzs/riscv/XiangShan/src/main/scala/xiangshan/backend/fu/NewCSR/Unprivileged.scala
[09:41:27] [spechunter] [Read] /home/yzs/riscv/XiangShan/src/main/scala/xiangshan/mem/vector/VSplit.scala
[09:41:27] [spechunter] [Read] /home/yzs/riscv/XiangShan/src/main/scala/xiangshan/mem/vector/VMergeBuffer.scala
[09:41:31] [spechunter] [text] Let me also read the VSTART_CHECK_EARLY_EXIT macro and the `ldst_us_trans` function
[09:41:31] [spechunter] [Read] /home/yzs/riscv/qemu/target/riscv/vector_internals.h
[09:41:31] [spechunter] [Read] /home/yzs/riscv/qemu/target/riscv/insn_trans/trans_rvv.c.inc
[09:41:31] [spechunter] [Read] /home/yzs/riscv/qemu/target/riscv/vector_helper.c
[09:41:50] [spechunter] [Grep] pattern='VLE8_V|VLE16_V|VLE32_V|VLE64_V|VSE8_V|VSE16_V|VSE32_V|VSE64_V'
[09:41:50] [spechunter] [Grep] pattern='vldu|vstu|isVecLoad|isVecStore'
[09:41:50] [spechunter] [Grep] pattern='vldu|vstu|isVecLoad|isVecStore'
[09:41:50] [spechunter] [Grep] pattern='isVecLoad|isVecStore'
[09:41:54] [spechunter] [text] Let me also get the `vext_page_ldst_us` function and the `vext_ldst_stride` function for the stride-based masked ld/st
[09:41:54] [spechunter] [Read] /home/yzs/riscv/qemu/target/riscv/vector_helper.c
[09:41:54] [spechunter] [Read] /home/yzs/riscv/qemu/target/riscv/vector_helper.c
[09:42:19] [spechunter] [Grep] pattern='SignExt|signExt|sign_ext|sext'
[09:42:19] [spechunter] [Read] /home/yzs/riscv/XiangShan/src/main/scala/xiangshan/backend/fu/vector/NewMgu.scala
[09:42:19] [spechunter] [Grep] pattern='misalign|misalign_addr|MisAlign|MISALIGN|VECTOR_LS_MISALIGN'
[09:42:20] [spechunter] [Read] /home/yzs/riscv/XiangShan/src/main/scala/xiangshan/backend/decode/isa/bitfield/RiscvInst.scala
[09:42:20] [spechunter] [Read] /home/yzs/riscv/XiangShan/src/main/scala/xiangshan/mem/vector/VecBundle.scala
[09:42:20] [spechunter] [Read] /home/yzs/riscv/XiangShan/src/main/scala/xiangshan/mem/vector/VecBundle.scala
[09:42:20] [spechunter] [Read] /home/yzs/riscv/XiangShan/src/main/scala/xiangshan/backend/decode/DecodeUnitComp.scala
[09:42:24] [spechunter] [Read] /home/yzs/riscv/XiangShan/src/main/scala/xiangshan/backend/rob/ExceptionGen.scala
[09:42:24] [spechunter] [Read] /home/yzs/riscv/XiangShan/src/main/scala/xiangshan/backend/rob/VTypeBuffer.scala
[09:42:24] [spechunter] [Read] /home/yzs/riscv/XiangShan/src/main/scala/xiangshan/backend/rob/RobBundles.scala
[09:42:24] [spechunter] [Read] /home/yzs/riscv/XiangShan/src/main/scala/xiangshan/backend/Bundles.scala
[09:42:24] [spechunter] [Read] /home/yzs/riscv/XiangShan/src/main/scala/xiangshan/mem/vector/VSplit.scala
[09:42:28] [spechunter] [Read] /home/yzs/riscv/XiangShan/src/main/scala/xiangshan/backend/BackendParams.scala
[09:42:28] [spechunter] [Grep] pattern='vldu|vstu|MemBlock'
[09:42:28] [spechunter] [Grep] pattern='isVecMem|isVLoad|isVStore|veclsu|vecMem|vldu|vstu'
[09:42:35] [spechunter] [text] Now let me check the `vext_max_elems` function and how the element index maps to byte positions in the vector register. ...
[09:42:35] [spechunter] [Grep] pattern='vext_max_elems'
[09:42:38] [spechunter] [text] ```json {   "locations": [     {       "file_path": "target/riscv/insn32.decode",       "function_name": null,       "li...
[09:42:50] [spechunter] [Read] /home/yzs/riscv/XiangShan/src/main/scala/xiangshan/mem/MemBlock.scala
[09:42:50] [spechunter] [Read] /home/yzs/riscv/XiangShan/src/main/scala/xiangshan/backend/dispatch/Dispatch.scala
[09:42:50] [spechunter] [Read] /home/yzs/riscv/XiangShan/src/main/scala/xiangshan/backend/exu/ExeUnitParams.scala
[09:42:50] [spechunter] [Grep] pattern='VEC_US_LDST'
[09:42:50] [spechunter] [Grep] pattern='isVecStore|isVecLoad'
[09:43:15] [spechunter] [Read] /home/yzs/riscv/XiangShan/src/main/scala/xiangshan/backend/fu/vector/ByteMaskTailGen.scala
[09:43:15] [spechunter] [Grep] pattern='misalign|misaligned|vecld|vector.*load|loadAddrMis|exception.*misalign'
[09:43:15] [spechunter] [Grep] pattern='undisturbed|agnostic|vta|vma'
[09:43:20] [spechunter] [Grep] pattern='VLE8_V|VLE16_V|VLE32_V|VLE64_V|VSE8_V|VSE16_V|VSE32_V|VSE64_V'
[09:43:20] [spechunter] [Read] /home/yzs/riscv/XiangShan/src/main/scala/xiangshan/backend/decode/DecodeUnitComp.scala
[09:43:20] [spechunter] [Read] /home/yzs/riscv/XiangShan/src/main/scala/xiangshan/backend/decode/DecodeUnitComp.scala
[09:43:20] [spechunter] [Read] /home/yzs/riscv/XiangShan/src/main/scala/xiangshan/mem/MemBlock.scala
[09:43:35] [spechunter] [Read] /home/yzs/riscv/qemu/target/riscv/vector_helper.c
[09:43:44] [spechunter] [Read] /home/yzs/riscv/XiangShan/src/main/scala/xiangshan/mem/pipeline/NewLoadUnit.scala
[09:43:44] [spechunter] [Grep] pattern='vlxe|vle8v|vle16v|vle32v|vle64v|vse8v|vse16v|vse32v|vse64v|VlduType|VstuType'
[09:43:44] [spechunter] [Read] /home/yzs/riscv/XiangShan/src/main/scala/xiangshan/backend/fu/vector/DstMgu.scala
[09:43:57] [spechunter] [Read] /home/yzs/riscv/XiangShan/src/main/scala/xiangshan/package.scala
[09:43:57] [spechunter] [Read] /home/yzs/riscv/XiangShan/src/main/scala/xiangshan/backend/fu/vector/Mgu.scala
[09:43:57] [spechunter] [Grep] pattern='vector|Vector|isVector|vecld|VectorLoad'
[09:44:46] [spechunter] [Grep] pattern='\\"Vstart\\"|vstart'
[09:44:46] [spechunter] [Read] /home/yzs/riscv/XiangShan/src/main/scala/xiangshan/mem/vector/VSegmentUnit.scala
[09:44:46] [spechunter] [Read] /home/yzs/riscv/XiangShan/src/main/scala/xiangshan/mem/pipeline/NewLoadUnit.scala
[09:44:46] [spechunter] [Grep] pattern='exceptionVec|hasException|loadAddrMisalign|storeAddrMisalign|loadAccessFault|storeAccessFault|loadPageFault|storePageFault'
[09:44:46] [spechunter] [Grep] pattern='exceptionVec|hasException|loadAddrMisalign|storeAddrMisalign|loadAccessFault|storeAccessFault|loadPageFault|storePageFault'
[09:45:34] [spechunter] [Grep] pattern='vec_ld|vec_st|vec.*load.*store|segment.*load|segment.*store|UnitStrideSegment'
[09:45:34] [spechunter] [Grep] pattern='FuType\\.vldu|FuType\\.vstu|isVLoad|isVStore|vldu|vstu'
[09:45:34] [spechunter] [Grep] pattern='read.?memory|load.*data.*sign|sign.*load|vs2.*load|load.*vs2'
[09:45:34] [spechunter] [Grep] pattern='VelemNum|elemNum|element.*count|EVL|evl'
[09:45:41] [spechunter] [Read] /home/yzs/riscv/XiangShan/src/main/scala/xiangshan/mem/pipeline/NewLoadUnit.scala
[09:45:41] [spechunter] [Read] /home/yzs/riscv/XiangShan/src/main/scala/xiangshan/backend/fu/vector/Mgtu.scala
[09:45:41] [spechunter] [Grep] pattern='ZeroExt|zeroExt|zero_extend|zero\\.extend'
[09:45:41] [spechunter] [Grep] pattern='ZeroExt|zero_ext|zext'
[09:46:01] [spechunter] [Read] /home/yzs/riscv/XiangShan/src/main/scala/xiangshan/mem/vector/VMergeBuffer.scala
[09:46:01] [spechunter] [Read] /home/yzs/riscv/XiangShan/src/main/scala/xiangshan/mem/vector/VMergeBuffer.scala
[09:46:01] [spechunter] [Read] /home/yzs/riscv/XiangShan/src/main/scala/xiangshan/backend/decode/UopInfoGen.scala
[09:46:06] [spechunter] [Grep] pattern='loadAddrMisalign|storeAddrMisalign|loadAccessFault|storeAccessFault|loadPageFault|storePageFault|loadGuestPageFault|storeGuestPageFault|illegalInstr'
[09:46:06] [spechunter] [Read] /home/yzs/riscv/XiangShan/src/main/scala/xiangshan/mem/MemBlock.scala
[09:46:06] [spechunter] [Read] /home/yzs/riscv/XiangShan/src/main/scala/xiangshan/mem/MemBlock.scala
[09:46:06] [spechunter] [Grep] pattern='VlduCnt|VstuCnt|VecLoadPipelineWidth|VecStorePipelineWidth|VLEN\\b'
[09:46:06] [spechunter] [Grep] pattern='class ExceptionNO|loadAddrMisalign|storeAddrMisalign|loadAccessFault|storeAccessFault|loadPageFault|storePageFault'
[09:46:12] [spechunter] [Grep] pattern='\\balign\\b|misalign|isVectorUnitStride'
[09:46:12] [spechunter] [Read] /home/yzs/riscv/XiangShan/src/main/scala/xiangshan/backend/fu/vector/utils/VecDataSplitModule.scala
[09:46:12] [spechunter] [Grep] pattern='SignExt|sign.*extend'
[09:46:12] [spechunter] [Grep] pattern='vle8|vle16|vle32|vle64|vse8|vse16|vse32|vse64|VLE8|VLE16|VLE32|VLE64|VSE8|VSE16|VSE32|VSE64'
[09:46:12] [spechunter] [Grep] pattern='undisturbed|agnostic|tail.*policy'
[09:46:21] [spechunter] [Glob] **/ExceptionNO*
[09:46:21] [spechunter] [Grep] pattern='VecLoadPipelineWidth|VecStorePipelineWidth|VlduCnt|VstuCnt'
[09:46:21] [spechunter] [Read] /home/yzs/riscv/XiangShan/src/main/scala/xiangshan/backend/decode/VecExceptionGen.scala
[09:47:04] [spechunter] [Read] /home/yzs/riscv/XiangShan/src/main/scala/xiangshan/mem/pipeline/NewLoadUnit.scala
[09:47:04] [spechunter] [Read] /home/yzs/riscv/XiangShan/src/main/scala/xiangshan/mem/Bundles.scala
[09:47:04] [spechunter] [Grep] pattern='loadAddrMis|storeAddrMis'
[09:47:16] [spechunter] [Grep] pattern='loadAddrMisalign|storeAddrMisalign|illegalInstr|loadAccessFault|storeAccessFault|loadPageFault|storePageFault'
[09:47:16] [spechunter] [Grep] pattern='loadAddrMisalign|storeAddrMisalign'
[09:47:16] [spechunter] [Read] /home/yzs/riscv/XiangShan/src/main/scala/xiangshan/mem/vector/VSegmentUnit.scala
[09:47:16] [spechunter] [Read] /home/yzs/riscv/XiangShan/src/main/scala/xiangshan/mem/pipeline/NewLoadUnit.scala
[09:47:40] [spechunter] [Glob] **/ExceptionNO*
[09:47:40] [spechunter] [Grep] pattern='val loadAddrMisalign'
[09:47:40] [spechunter] [Grep] pattern='VlduCnt|VstuCnt'
[09:47:44] [spechunter] [Grep] pattern='SignExt|sign.*ext|sext'
[09:47:44] [spechunter] [Grep] pattern='SignExt|sign.*ext'
[09:47:44] [spechunter] [Read] /home/yzs/riscv/XiangShan/src/main/scala/xiangshan/mem/MaskedDataModule.scala
[09:48:10] [spechunter] [text] API Error: 400 {"detail":"Error code: 400 - {'detail': 'Rate limit exceeded for team: AI_PRD_SELF-ygOCagDg1IJPqSZyFTZ2lU...
[09:48:35] [spechunter] [text] ```json {   "locations": [     {       "file_path": "src/main/scala/xiangshan/package.scala",       "function_name": "Vl...
[09:48:58] [spechunter] [text] I'll cross-validate the locations by reading key files to confirm relevance and accuracy
[09:48:58] [spechunter] [Read] /home/yzs/riscv/XiangShan/src/main/scala/xiangshan/package.scala
[09:48:58] [spechunter] [Read] /home/yzs/riscv/XiangShan/src/main/scala/xiangshan/backend/decode/VecDecoder.scala
[09:48:58] [spechunter] [Read] /home/yzs/riscv/XiangShan/src/main/scala/xiangshan/backend/decode/VecExceptionGen.scala
[09:49:18] [spechunter] [Read] /home/yzs/riscv/XiangShan/src/main/scala/xiangshan/backend/decode/VecDecoder.scala
[09:49:18] [spechunter] [Read] /home/yzs/riscv/XiangShan/src/main/scala/xiangshan/backend/decode/DecodeUnit.scala
[09:49:18] [spechunter] [Read] /home/yzs/riscv/XiangShan/src/main/scala/xiangshan/mem/vector/VSplit.scala
[09:49:38] [spechunter] [Read] /home/yzs/riscv/XiangShan/src/main/scala/xiangshan/mem/vector/VSplit.scala
[09:49:38] [spechunter] [Read] /home/yzs/riscv/XiangShan/src/main/scala/xiangshan/mem/vector/VSplit.scala
[09:49:38] [spechunter] [Read] /home/yzs/riscv/XiangShan/src/main/scala/xiangshan/mem/vector/VSegmentUnit.scala
[09:49:57] [spechunter] [Read] /home/yzs/riscv/XiangShan/src/main/scala/xiangshan/backend/decode/isa/CSRs.scala
[09:49:57] [spechunter] [Read] /home/yzs/riscv/XiangShan/src/main/scala/xiangshan/backend/fu/NewCSR/Unprivileged.scala
[09:49:57] [spechunter] [Read] /home/yzs/riscv/XiangShan/src/main/scala/xiangshan/backend/fu/NewCSR/CSRPermitModule.scala
[09:49:57] [spechunter] [Read] /home/yzs/riscv/XiangShan/src/main/scala/xiangshan/mem/vector/VSplit.scala
[09:50:07] [spechunter] [Read] /home/yzs/riscv/XiangShan/src/main/scala/xiangshan/mem/vector/VecCommon.scala
[09:50:07] [spechunter] [Read] /home/yzs/riscv/XiangShan/src/main/scala/xiangshan/backend/fu/vector/ByteMaskTailGen.scala
[09:50:07] [spechunter] [Read] /home/yzs/riscv/XiangShan/src/main/scala/xiangshan/backend/fu/FuncUnit.scala
[09:50:23] [spechunter] [Read] /home/yzs/riscv/XiangShan/src/main/scala/xiangshan/backend/rob/Rob.scala
[09:50:23] [spechunter] [Read] /home/yzs/riscv/XiangShan/src/main/scala/xiangshan/backend/decode/DecodeUnitComp.scala
[09:50:23] [spechunter] [Read] /home/yzs/riscv/XiangShan/src/main/scala/xiangshan/backend/decode/isa/bitfield/RiscvInst.scala
[09:54:50] [spechunter] [Read] /home/yzs/riscv/XiangShan/src/main/scala/xiangshan/mem/vector/VSplit.scala
[09:54:50] [spechunter] [Read] /home/yzs/riscv/XiangShan/src/main/scala/xiangshan/mem/vector/VSplit.scala
[09:56:47] [spechunter] [text] Now let me verify the few remaining questionable locations.  
[09:56:47] [spechunter] [Read] /home/yzs/riscv/XiangShan/src/main/scala/xiangshan/backend/decode/DecodeUnit.scala
[09:56:47] [spechunter] [Read] /home/yzs/riscv/XiangShan/src/main/scala/xiangshan/backend/decode/DecodeUnit.scala
[09:56:47] [spechunter] [Read] /home/yzs/riscv/XiangShan/src/main/scala/xiangshan/mem/vector/VSplit.scala
[10:01:03] [spechunter] [text] Now I have enough context to cross-validate. Let me compile the final review.  
[10:01:03] [spechunter] [Bash] Write final cross-validated JSON to findings file
[10:06:43] [spechunter] [text] Now let me check the TCG translate side for vle/vse instructions.  
[10:06:43] [spechunter] [Grep] pattern='vle8_v|vle16_v|vle32_v|vle64_v|vse8_v|vse16_v|vse32_v|vse64_v'
[10:06:51] [spechunter] [Grep] pattern='vle8_v|vle16_v|vle32_v|vle64_v|vse8_v|vse16_v|vse32_v|vse64_v'
[10:06:54] [spechunter] [Read] /home/yzs/riscv/qemu/target/riscv/insn_trans/trans_rvv.c.inc
[10:07:09] [spechunter] [text] Cross-validation complete. Here's the summary:  **22 locations kept** (from 44 fast-path), **25 removed** (+ several ded...
[10:07:36] [spechunter] [Agent] description, prompt
[10:08:13] [spechunter] [Glob] **/*vector*l*su*
[10:08:13] [spechunter] [Glob] **/*vector*load*
[10:08:13] [spechunter] [Glob] **/*vector*store*
[10:08:13] [spechunter] [Glob] **/*VlSU*
[10:08:13] [spechunter] [Glob] **/*VLSU*
[10:08:13] [spechunter] [Grep] pattern='vle8|vle16|vle32|vle64'
[10:08:13] [spechunter] [Grep] pattern='vse8|vse16|vse32|vse64'
[10:08:13] [spechunter] [Grep] pattern='VECTOR_LS_MISALIGNED'
[10:08:13] [spechunter] [Grep] pattern='read_memory'
[10:08:25] [spechunter] [Bash] List top-level directory structure
[10:08:25] [spechunter] [Glob] **/*.scala
[10:08:25] [spechunter] [Glob] **/*.sv
[10:08:25] [spechunter] [Glob] **/*.v
[10:08:55] [spechunter] [Grep] pattern='vle8|vle16|vle32|vle64'
[10:08:55] [spechunter] [Grep] pattern='vse8|vse16|vse32|vse64'
[10:08:55] [spechunter] [Grep] pattern='VECTOR_LS_MISALIGNED'
[10:08:55] [spechunter] [Grep] pattern='read_memory'
[10:08:55] [spechunter] [Grep] pattern='VectorLSU|vector.*lsu|VEC.*LSU|LSU.*VEC'
[10:08:55] [spechunter] [Glob] src/**/LSU*.scala
[10:08:55] [spechunter] [Glob] src/**/lsu*.scala
[10:08:55] [spechunter] [Glob] src/**/*Vector*.scala
[10:09:09] [spechunter] [Grep] pattern='vext_get_emul'
[10:09:12] [spechunter] [Bash] List all Scala files under mem directory
[10:09:12] [spechunter] [Bash] List all Scala files under backend/fu/vector
[10:09:41] [spechunter] [Read] /home/yzs/riscv/XiangShan/src/main/scala/xiangshan/mem/vector/VecBundle.scala
[10:09:41] [spechunter] [Read] /home/yzs/riscv/XiangShan/src/main/scala/xiangshan/mem/vector/VecCommon.scala
[10:09:41] [spechunter] [Read] /home/yzs/riscv/XiangShan/src/main/scala/xiangshan/mem/vector/VMergeBuffer.scala
[10:09:41] [spechunter] [Read] /home/yzs/riscv/XiangShan/src/main/scala/xiangshan/mem/vector/VSegmentUnit.scala
[10:09:41] [spechunter] [Read] /home/yzs/riscv/XiangShan/src/main/scala/xiangshan/mem/vector/VSplit.scala
[10:09:41] [spechunter] [Read] /home/yzs/riscv/XiangShan/src/main/scala/xiangshan/mem/vector/VfofBuffer.scala
[10:11:10] [spechunter] [Grep] pattern='sext|SignExt|sign.?ext'
[10:11:10] [spechunter] [Grep] pattern='zero.?ext|ZeroExt'
[10:11:10] [spechunter] [Grep] pattern='read_memory|readMemory'
[10:11:10] [spechunter] [Grep] pattern='vstart'
[10:11:10] [spechunter] [Grep] pattern='\\.vm\\b|isMasked|usMaskReg|us_mask_reg|isWhole\\b|usWholeReg'
[10:11:10] [spechunter] [Grep] pattern='misalign|Misalign|MISALIGN'
[10:11:10] [spechunter] [Read] /home/yzs/riscv/XiangShan/src/main/scala/xiangshan/mem/pipeline/HybridUnit.scala
[10:11:10] [spechunter] [Bash] List pipeline directory files
[10:11:48] [spechunter] [text] Now let me check the `vext_set_elems_1s` function and look for any KVM/migration paths related to vector state
[10:11:48] [spechunter] [Grep] pattern='vext_set_elems_1s'
[10:11:48] [spechunter] [Grep] pattern='vstart'
[10:11:49] [spechunter] [Grep] pattern='VlduType|VstuType'
[10:11:49] [spechunter] [Read] /home/yzs/riscv/XiangShan/src/main/scala/xiangshan/mem/pipeline/NewLoadUnit.scala
[10:11:49] [spechunter] [Read] /home/yzs/riscv/XiangShan/src/main/scala/xiangshan/mem/lsqueue/LoadQueue.scala
[10:11:49] [spechunter] [Bash] Find Mgu-related file sources
[10:12:14] [spechunter] [Grep] pattern='VECTOR_LS_MISALIGNED|vecLSMisalignedLegal|vec_ls_misaligned|vecMisaligned'
[10:12:14] [spechunter] [Grep] pattern='vecLdMisalign|loadAddrMisaligned.*vector|vector.*loadAddrMisalign'
[10:12:14] [spechunter] [Grep] pattern='isVecLd|isVecSt|isVecLoad|isVecStore'
[10:12:14] [spechunter] [Read] /home/yzs/riscv/XiangShan/src/main/scala/xiangshan/mem/Bundles.scala
[10:12:38] [spechunter] [Grep] pattern='object VlduType|object VstuType'
[10:12:38] [spechunter] [Read] /home/yzs/riscv/XiangShan/src/main/scala/xiangshan/mem/lsqueue/LoadQueue.scala
[10:12:38] [spechunter] [Grep] pattern='vle8|vle16|vle32|vle64|vse8|vse16|vse32|vse64|vle|vse'
[10:13:05] [spechunter] [Read] /home/yzs/riscv/XiangShan/src/main/scala/xiangshan/package.scala
[10:13:05] [spechunter] [Grep] pattern='vecLoadUnit|vecStoreUnit|VecLoadUnit|VecStoreUnit|NewLoadUnit|NewStoreUnit'
[10:13:05] [spechunter] [Grep] pattern='VectorLoadIn|VectorStoreIn|VectorLoad|VectorStore'
[10:14:14] [spechunter] [Grep] pattern='vle8|vle16|vle32|vle64|vse8|vse16|vse32|vse64'
[10:14:14] [spechunter] [Grep] pattern='VECTOR_LS_MISALIGNED'
[10:14:14] [spechunter] [Grep] pattern='read_memory'
[10:14:14] [spechunter] [Glob] **/vector*lsu*
[10:14:14] [spechunter] [Glob] **/vector*load*
[10:14:42] [spechunter] [Grep] pattern='vle8'
[10:14:42] [spechunter] [Glob] **/Vector*
[10:14:42] [spechunter] [Glob] **/vector*
[10:14:42] [spechunter] [Glob] **/*LS*.scala
[10:15:08] [spechunter] [Grep] pattern='unit.?stride|unitStride|UnitStride'
[10:15:08] [spechunter] [Grep] pattern='vector.*mem|VectorMem|vector.*load|VectorLoad|vld|VLD'
[10:15:08] [spechunter] [Grep] pattern='misalign.*legal|MisalignLegal|misaligned_legal'
[10:15:26] [spechunter] [text] Now let me read the key vector load/store implementation files.  
[10:15:26] [spechunter] [Read] /home/yzs/riscv/XiangShan/src/main/scala/xiangshan/mem/vector/VecBundle.scala
[10:15:26] [spechunter] [Read] /home/yzs/riscv/XiangShan/src/main/scala/xiangshan/mem/vector/VecCommon.scala
[10:15:26] [spechunter] [Read] /home/yzs/riscv/XiangShan/src/main/scala/xiangshan/mem/vector/VSegmentUnit.scala
[10:15:38] [spechunter] [text] Now let me look at the VSplit (which handles unit-stride splitting) and the NewLoadUnit/NewStoreUnit for vector processi...
[10:15:38] [spechunter] [Read] /home/yzs/riscv/XiangShan/src/main/scala/xiangshan/mem/vector/VSplit.scala
[10:15:38] [spechunter] [Grep] pattern='vle8|vle16|vle32|vle64|vse8|vse16|vse32|vse64|VlduType'
[10:16:43] [spechunter] [Read] /home/yzs/riscv/XiangShan/src/main/scala/xiangshan/backend/decode/VecDecoder.scala
[10:16:43] [spechunter] [Read] /home/yzs/riscv/XiangShan/src/main/scala/xiangshan/mem/pipeline/NewLoadUnit.scala
[10:16:43] [spechunter] [Read] /home/yzs/riscv/XiangShan/src/main/scala/xiangshan/package.scala
[10:17:10] [spechunter] [text] Now let me look at the VMergeBuffer (where vector load data is merged/writeback), the spec reference for vector loads, a...
[10:17:10] [spechunter] [Read] /home/yzs/riscv/XiangShan/src/main/scala/xiangshan/package.scala
[10:17:10] [spechunter] [Read] /home/yzs/riscv/XiangShan/src/main/scala/xiangshan/mem/vector/VMergeBuffer.scala
[10:17:10] [spechunter] [Glob] **/riscv-isa-manual/**/*.adoc
[10:17:25] [spechunter] [text] Now let me look at the spec for vector load/store instructions, and also look for the GenRdata function used for vector ...
[10:17:25] [spechunter] [Glob] **/vector*
[10:17:25] [spechunter] [Grep] pattern='GenRdata|genRdata|sext|SignExt|ZeroExt.*vle|vle.*zero|vle.*sign'
[10:18:19] [spechunter] [Read] /home/yzs/riscv/qemu/target/riscv/insn_trans/trans_rvv.c.inc
[10:19:07] [spechunter] [text] Prompt is too long
[10:22:19] [spechunter] [Grep] pattern='vstart|misa.*ext|ext_zalrsc|ext_zaamo'
[10:22:19] [spechunter] [Grep] pattern='vstart|vl|vtype|vector'
[10:22:19] [spechunter] [Grep] pattern='ldst_us_trans|ld_us_op|st_us_op'
[10:22:43] [spechunter] [text] Let me verify the key locations against the actual source to cross-validate.  
[10:22:43] [spechunter] [Read] /home/yzs/riscv/qemu/target/riscv/vector_helper.c
[10:22:43] [spechunter] [Read] /home/yzs/riscv/qemu/target/riscv/insn_trans/trans_rvv.c.inc
[10:22:43] [spechunter] [Read] /home/yzs/riscv/qemu/target/riscv/insn32.decode
[10:22:43] [spechunter] [Read] /home/yzs/riscv/qemu/target/riscv/helper.h
[10:22:56] [spechunter] [text] Let me verify the remaining referenced locations.  
[10:22:56] [spechunter] [Read] /home/yzs/riscv/qemu/target/riscv/vector_helper.c
[10:22:56] [spechunter] [Read] /home/yzs/riscv/qemu/target/riscv/vector_helper.c
[10:22:56] [spechunter] [Read] /home/yzs/riscv/qemu/target/riscv/vector_helper.c
[10:22:56] [spechunter] [Read] /home/yzs/riscv/qemu/target/riscv/helper.h
[10:24:21] [spechunter] [Grep] pattern='vle8_v|vle16_v|vle32_v|vle64_v|vse8_v|vse16_v|vse32_v|vse64_v'
[10:24:21] [spechunter] [Read] /home/yzs/riscv/qemu/target/riscv/vector_internals.h
[10:24:21] [spechunter] [Read] /home/yzs/riscv/qemu/target/riscv/vector_helper.c
[10:24:26] [spechunter] [Grep] pattern='"vle8.v"|"vle16.v"|"vle32.v"|"vle64.v"|"vse8.v"|"vse16.v"|"vse32.v"|"vse64.v"'
[10:27:26] [spechunter] [text] Now let me also quickly verify the `vlm_v`/`vsm_v` in `helper.h` to finalize the range
[10:27:26] [spechunter] [Read] /home/yzs/riscv/qemu/target/riscv/helper.h
[10:29:35] [spechunter] [text] Now I have a complete picture. Let me produce the final review.  ```json {   "locations": [     "target/riscv/insn32.dec...
[10:29:48] [spechunter] [text] Let me start by finding the relevant vector load/store implementation files.  
[10:29:48] [spechunter] [Agent] description, subagent_type
[10:30:12] [spechunter] [Grep] pattern='vext_ldst_us'
[10:30:12] [spechunter] [Grep] pattern='vle8|vse8'
[10:30:12] [spechunter] [Grep] pattern='GEN_VEXT_LD_US'
[10:30:12] [spechunter] [Grep] pattern='vmstate.*vector|vmstate.*vcsr|vmstate.*vreg'
[10:30:12] [spechunter] [Glob] target/riscv/**/*
[10:30:56] [spechunter] [Read] /home/yzs/riscv/qemu/target/riscv/vector_helper.c
[10:30:56] [spechunter] [Read] /home/yzs/riscv/qemu/target/riscv/insn_trans/trans_rvv.c.inc
[10:30:56] [spechunter] [Read] /home/yzs/riscv/qemu/target/riscv/helper.h
[10:30:56] [spechunter] [Read] /home/yzs/riscv/qemu/target/riscv/machine.c
[10:30:56] [spechunter] [Read] /home/yzs/riscv/qemu/target/riscv/insn32.decode
[10:31:27] [spechunter] [Grep] pattern='^static bool ldst_us_trans'
[10:31:27] [spechunter] [Grep] pattern='GEN_VEXT_TRANS\\('
[10:31:27] [spechunter] [Grep] pattern='ldst_us_trans'
[10:31:27] [spechunter] [Read] /home/yzs/riscv/qemu/target/riscv/machine.c
[10:31:35] [spechunter] [Read] /home/yzs/riscv/qemu/target/riscv/insn_trans/trans_rvv.c.inc
[10:34:12] [spechunter] [text] Now let me read the core implementation and check the spec.  
[10:34:12] [spechunter] [Read] /home/yzs/riscv/qemu/target/riscv/vector_helper.c
[10:34:12] [spechunter] [Read] /home/yzs/riscv/qemu/target/riscv/insn_trans/trans_rvv.c.inc
[10:34:33] [spechunter] [text] Let me read the page-level functions and the element load/store helpers to complete the picture
[10:34:33] [spechunter] [Grep] pattern='vext_page_ldst_us'
[10:34:33] [spechunter] [Grep] pattern='vext_continuous_ldst_tlb'
[10:34:33] [spechunter] [Grep] pattern='vext_set_tail_elems_1s'
[10:34:33] [spechunter] [Grep] pattern='ldendian_b_host|le_b'
[10:34:50] [spechunter] [Read] /home/yzs/riscv/qemu/target/riscv/vector_helper.c
[10:34:50] [spechunter] [Read] /home/yzs/riscv/qemu/target/riscv/vector_helper.c
[10:34:55] [spechunter] [text] Now let me read the element-level load/store functions and the spec reference documents
[10:34:55] [spechunter] [Read] /home/yzs/riscv/qemu/target/riscv/vector_helper.c
[10:34:55] [spechunter] [Read] /home/yzs/riscv/qemu/target/riscv/vector_helper.c
[10:35:12] [spechunter] [text] Now let me check the spec reference for vector loads and the VSTART_CHECK_EARLY_EXIT macro
[10:35:12] [spechunter] [Grep] pattern='VSTART_CHECK_EARLY_EXIT'
[10:35:12] [spechunter] [Grep] pattern='H1|H2|H4|H8'
[10:35:12] [spechunter] [Glob] **/*
[10:35:37] [spechunter] [text] Let me look at the spec for vector load/store and also check the H1/H2/H4/H8 macro definitions.  
[10:35:37] [spechunter] [Grep] pattern='#define H1|#define H2|#define H4|#define H8'
[10:35:37] [spechunter] [Grep] pattern='#define VSTART_CHECK_EARLY_EXIT'
[10:35:37] [spechunter] [Grep] pattern='vle8|vle16|vle32|vle64'
[10:36:07] [spechunter] [Grep] pattern='#define H1|#define H2|#define H4|#define H8'
[10:36:07] [spechunter] [Grep] pattern='unit.stride'
[10:39:27] [spechunter] [Grep] pattern='vstart.*load|vstart.*store|start_bit_pos'
[10:39:27] [spechunter] [Grep] pattern='When vstart|vstart is|instruction restarted|restarted from'
[10:40:13] [spechunter] [Grep] pattern='vstart'
[10:45:02] [spechunter] [text] Now let me verify by checking the element load implementation uses `ldub` (unsigned, zero-extending) not `ldsb` (sign-ex...
[10:45:02] [spechunter] [Read] /home/yzs/riscv/qemu/target/riscv/insn32.decode
[10:45:02] [spechunter] [Grep] pattern='lb_aqrl|arg_lb_aqrl|lb_aq'
[10:45:02] [spechunter] [Grep] pattern='arg_lb_aqrl|arg_atomic'
[10:47:43] [spechunter] [text] Now let me also check the spec for the normative text on vstart and unit-stride loads to provide proper citations.  
[10:47:43] [spechunter] [Read] /home/yzs/riscv/rv-isa-sec/spec_ref/riscv-isa-manual/src/unpriv/vector-common.adoc
[10:47:43] [spechunter] [Read] /home/yzs/riscv/rv-isa-sec/spec_ref/riscv-isa-manual/src/unpriv/vector-common.adoc
[10:47:43] [spechunter] [Read] /home/yzs/riscv/rv-isa-sec/spec_ref/riscv-isa-manual/src/unpriv/vector-common.adoc
[10:49:08] [spechunter] [text] Now let me check `vext_max_elems` and how the tail setting works:  
[10:49:08] [spechunter] [Grep] pattern='vext_max_elems'
[10:49:08] [spechunter] [Grep] pattern='static inline.*vext_max_elems'
[10:50:35] [spechunter] [Read] /home/yzs/riscv/qemu/target/riscv/vector_helper.c
[10:52:10] [spechunter] [text] Now I have a complete picture. Let me verify one final detail about the element load types and also look at the spec for...
[10:52:10] [spechunter] [Read] /home/yzs/riscv/rv-isa-sec/spec_ref/riscv-isa-manual/src/unpriv/vector-common.adoc
[10:52:10] [spechunter] [Read] /home/yzs/riscv/rv-isa-sec/spec_ref/riscv-isa-manual/src/unpriv/vector-common.adoc
[10:55:38] [spechunter] [text] Now let me check the spec more carefully for the normative text on vstart and load semantics
[10:55:38] [spechunter] [Read] /home/yzs/riscv/rv-isa-sec/spec_ref/riscv-isa-manual/src/unpriv/vector-common.adoc
[10:55:38] [spechunter] [Grep] pattern='prestart.*element|vstart.*undisturbed|undisturbed.*vstart'
[10:57:59] [spechunter] [text] Now I have a thorough understanding of the code. Let me do a final check on one detail - how the element type in the mac...
[10:57:59] [spechunter] [Read] /home/yzs/riscv/rv-isa-sec/spec_ref/riscv-isa-manual/src/unpriv/vector-common.adoc
[10:57:59] [spechunter] [Read] /home/yzs/riscv/rv-isa-sec/spec_ref/riscv-isa-manual/src/unpriv/vector-common.adoc
[11:02:56] [spechunter] [text] Now let me look at the spec for the normative citations on vstart and unit-stride semantics.  
[11:02:56] [spechunter] [Read] /home/yzs/riscv/rv-isa-sec/spec_ref/riscv-isa-manual/src/unpriv/vector-common.adoc
[11:02:56] [spechunter] [Grep] pattern='misaligned'
[11:07:09] [spechunter] [text] Now let me check the spec on vstart-vl dependency and tail elements for my final analysis    
[11:07:09] [spechunter] [Read] /home/yzs/riscv/rv-isa-sec/spec_ref/riscv-isa-manual/src/unpriv/vector-common.adoc
[11:07:09] [spechunter] [Read] /home/yzs/riscv/rv-isa-sec/spec_ref/riscv-isa-manual/src/unpriv/vector-common.adoc
[11:08:45] [spechunter] [text] Now I have all the information needed for a thorough analysis. Let me verify one final detail about the masked load/unma...
[11:08:45] [spechunter] [Read] /home/yzs/riscv/qemu/target/riscv/vector_helper.c
