[22:04:04] [spechunter] PR loaded: #142 riscv-non-isa/riscv-ap-tee-io — "specifications: Remove the IOMMU registration flow and related SBI"
[22:04:04] [spechunter]   diff: 11852 chars  body: 11 chars  reviews: 1
[22:04:04] [spechunter] Global pre-filter running...
[22:04:18] [spechunter] [text] {"should_skip": false}
[22:04:19] [spechunter] pre-filter: should_skip=False reason=""
[22:04:33] [spechunter] [text] {"should_skip": true, "skip_reason": "Changes to the CoVE-IO (confidential computing) specification removing SBI calls t...
[22:04:46] [spechunter] [text] ```json {"should_skip": true, "skip_reason": "CoVE-IO TEE specification change removing IOMMU registration SBI functions...
[22:04:50] [spechunter] [text] {"should_skip": true, "skip_reason": "CoVE-IO confidential computing TEE SBI calls (COVH extension) are not supported by...
[21:57:00] [spechunter] PR loaded: #142 riscv-non-isa/riscv-ap-tee-io — "specifications: Remove the IOMMU registration flow and related SBI"
[21:57:00] [spechunter]   diff: 11852 chars  body: 11 chars  reviews: 1
[21:57:00] [spechunter] Global pre-filter running...
[21:57:05] [spechunter] [text] {"should_skip": false}
[21:57:07] [spechunter] pre-filter: should_skip=False reason=""
[21:57:25] [spechunter] [text] {"should_skip": true, "skip_reason": "Pure software/firmware SBI and TEE-IO registration flow change (CoVE-IO ABI), no h...
[21:57:26] [spechunter] [text] {"should_skip": true, "skip_reason": "PR modifies the CoVE-IO/AP-TEE confidential computing specification (non-standard ...
[21:57:28] [spechunter] [text] ```json {"should_skip": false} ```
[21:57:29] [spechunter] [text] {"should_skip": true, "skip_reason": "CoVE-IO TEE confidential computing IOMMU registration flow; FreeBSD does not imple...
[21:57:37] [spechunter] [text] {"should_skip": true, "skip_reason": "CoVE-IO TEE/confidential computing specification change (IOMMU registration flow r...
[21:58:34] [spechunter] [text] ```json {   "violation_condition": "Linux kernel SBI CoVE-IO host driver calls the removed FID 1024 (was sbi_covh_regist...
[21:58:50] [spechunter] [Grep] pattern='sbi_covh_register_iommu|sbi_covh_notify_iommu_msi'
[21:58:50] [spechunter] [Grep] pattern='COVH|0x434F5648|covh'
[21:58:50] [spechunter] [Grep] pattern='register_iommu|notify_iommu|IOMMU.*register|IOMMU.*notify'
[21:59:01] [spechunter] [Grep] pattern='sbi_covh_register_iommu'
[21:59:01] [spechunter] [Grep] pattern='sbi_covh_notify_iommu_msi'
[21:59:01] [spechunter] [Grep] pattern='COVH'
[21:59:01] [spechunter] [Grep] pattern='0x434F5648'
[21:59:01] [spechunter] [Grep] pattern='s_msi_cfg_table'
[21:59:01] [spechunter] [Grep] pattern='s_ipsr'
[21:59:10] [spechunter] [text] No direct hits. Let me now search more broadly for CoVE-related SBI code, RISC-V SBI extensions, and any IOMMU-related S...
[21:59:10] [spechunter] [Grep] pattern='sbi.*cove|cove.*sbi|SBI_EXT_COVE|COVE'
[21:59:10] [spechunter] [Grep] pattern='SBI_EXT|sbi_ext|sbi_ecall|sbi_call'
[21:59:10] [spechunter] [Grep] pattern='register_iommu|notify_iommu|iommu_register|iommu_notify|IOMMU_REGISTER|IOMMU_NOTIFY'
[21:59:10] [spechunter] [Glob] arch/riscv/**/sbi*
[21:59:24] [spechunter] [text] Let me dig deeper into the SBI headers and KVM SBI handling to find CoVE-related extensions and any IOMMU registration f...
[21:59:24] [spechunter] [Read] /home/yzs/riscv/linux/arch/riscv/include/asm/sbi.h
[21:59:24] [spechunter] [Read] /home/yzs/riscv/linux/arch/riscv/kernel/sbi.c
[21:59:24] [spechunter] [Read] /home/yzs/riscv/linux/arch/riscv/kvm/vcpu_sbi.c
[21:59:26] [spechunter] [text] None of the specific entities were found. Let me also try the fallback pattern and broader searches.  
[21:59:26] [spechunter] [Grep] pattern='SBI_EXT_COVH'
[21:59:26] [spechunter] [Grep] pattern='covh'
[21:59:26] [spechunter] [Grep] pattern='sbi.*iommu'
[21:59:26] [spechunter] [Grep] pattern='register_iommu|notify_iommu'
[21:59:26] [spechunter] [Grep] pattern='ipsr|msi_cfg_table'
[21:59:26] [spechunter] [Grep] pattern='434F5648|434f5648'
[21:59:35] [spechunter] [text] 让我深入 KVM 的 experimental/vendor SBI 扩展处理和 CoVE 相关的 NACL 路径。  
[21:59:35] [spechunter] [Read] /home/yzs/riscv/linux/arch/riscv/kvm/vcpu_sbi_replace.c
[21:59:35] [spechunter] [Read] /home/yzs/riscv/linux/arch/riscv/kvm/vcpu_sbi_forward.c
[21:59:35] [spechunter] [Read] /home/yzs/riscv/linux/arch/riscv/include/asm/kvm_vcpu_sbi.h
[21:59:46] [spechunter] [text] Let me also verify whether any SBI IOMMU-related extensions exist under different names.  
[21:59:46] [spechunter] [Grep] pattern='SBI_EXT.*IOMMU|SBI_EXT.*COVH|IOMMU.*sbi|iommu.*sbi'
[21:59:46] [spechunter] [Grep] pattern='covh_register|covh_notify|covh_iommu'
[21:59:46] [spechunter] [Grep] pattern='\\"COVH\\"|COVH'
[22:00:05] [spechunter] [text] Now let me look at the RISC-V IOMMU driver and any TSM/CoVE-related paths, plus check for the `sbi_ecall` mechanism to u...
[22:00:05] [spechunter] [Read] /home/yzs/riscv/linux/arch/riscv/kernel/sbi_ecall.c
[22:00:05] [spechunter] [Grep] pattern='cove|CoVE|COVE|tsm|TSM|confidential.vm'
[22:00:05] [spechunter] [Read] /home/yzs/riscv/linux/drivers/iommu/riscv/iommu.c
[22:00:24] [spechunter] [Grep] pattern='0x434F|COVH|covh|register_rp|connect_device'
[22:00:24] [spechunter] [Grep] pattern='1024|1025'
[22:00:27] [spechunter] [text] ```json {   "locations": [] } ```  **Summary:** None of the affected entities exist in this Linux kernel tree. All speci...
[22:00:33] [spechunter] [text] No direct CoVE IOMMU SBI code exists in the current kernel tree. Let me now search for the TSM core, confidential comput...
[22:00:33] [spechunter] [Read] /home/yzs/riscv/linux/drivers/virt/coco/tsm-core.c
[22:00:33] [spechunter] [Grep] pattern='sbi.*probe|sbi.*ecall|__sbi_ecall'
[22:00:33] [spechunter] [Grep] pattern='covh|COVH|0x434F5648'
[22:01:14] [spechunter] [text] Now let me look at the RISC-V IOMMU driver more completely for any SBI integration, and check the PCI TSM infrastructure...
[22:01:14] [spechunter] [Grep] pattern='sbi_ecall|__sbi_ecall|sbi_probe_extension'
[22:01:14] [spechunter] [Read] /home/yzs/riscv/linux/include/linux/pci-tsm.h
[22:01:14] [spechunter] [Grep] pattern='pci_tsm|PCI_TSM'
[22:01:59] [spechunter] [text] Let me look at the PCI TSM driver and the RISC-V IOMMU's MSI handling, which are the infrastructure a CoVE-IO host drive...
[22:01:59] [spechunter] [Read] /home/yzs/riscv/linux/drivers/pci/tsm.c
[22:01:59] [spechunter] [Grep] pattern='msi.*cfg|MSI.*CFG|msi_cfg|s_msi|ipsr|s_ipsr'
[22:02:44] [spechunter] [text] Now let me look at the IOMMU MSI configuration in detail, the `riscv_iommu_queue_ipsr` function, and any existing TSM/Co...
[22:02:44] [spechunter] [Read] /home/yzs/riscv/linux/drivers/iommu/riscv/iommu-platform.c
[22:02:44] [spechunter] [Read] /home/yzs/riscv/linux/drivers/iommu/riscv/iommu.c
[22:02:44] [spechunter] [Read] /home/yzs/riscv/linux/drivers/virt/coco/guest/tsm-mr.c
[22:03:34] [spechunter] [text] Let me now look for RISC-V specific TSM drivers and the SEV-TSM reference implementation to understand how a CoVE-IO hos...
[22:03:34] [spechunter] [Grep] pattern='CONFIG_RISCV.*TSM|CONFIG_RISCV.*COVE|CONFIG_RISCV.*COCO|RISCV.*TSM'
[22:03:34] [spechunter] [Read] /home/yzs/riscv/linux/drivers/crypto/ccp/sev-dev-tsm.c
[22:03:34] [spechunter] [Grep] pattern='sbi_ecall|__sbi_ecall'
[22:04:01] [spechunter] [text] Let me now check the KVM NACL extension implementation in detail, as this is the closest RISC-V confidential computing i...
[22:04:01] [spechunter] [Read] /home/yzs/riscv/linux/arch/riscv/kvm/nacl.c
[22:04:01] [spechunter] [Read] /home/yzs/riscv/linux/arch/riscv/kvm/vcpu_sbi_fwft.c
[22:04:33] [spechunter] [text] Now let me also check the KVM MPXY handler and the VCPU exit path where CoVE-related SBI calls would flow through KVM.  
[22:04:33] [spechunter] [Grep] pattern='KVM_EXIT_RISCV_SBI|kvm_riscv_vcpu_sbi_forward'
[22:04:33] [spechunter] [Read] /home/yzs/riscv/linux/arch/riscv/kvm/vcpu_sbi_sta.c
[22:04:33] [spechunter] [Read] /home/yzs/riscv/linux/arch/riscv/kvm/vcpu_exit.c
[22:05:12] [spechunter] [text] Let me check the VCPU exit handler for the RISC-V SBI exit path, and also look for any qemu/kvm-tool userspace programs ...
[22:05:12] [spechunter] [Read] /home/yzs/riscv/linux/arch/riscv/kvm/vcpu.c
[22:05:12] [spechunter] [Grep] pattern='register_iommu|notify_iommu|register_rp|connect_device'
[22:05:12] [spechunter] [Read] /home/yzs/riscv/linux/drivers/iommu/riscv/iommu-bits.h
[22:06:42] [spechunter] [text] Now I have sufficient understanding to produce the semantic audit report.  The CoVE-IO host driver (`sbi_covh_register_i...
[22:06:42] [spechunter] [Write] /home/yzs/riscv/linux/tmp/cove_io_semantic_audit.json
[22:07:02] [spechunter] [text] Prompt is too long
[22:07:35] [spechunter] [text] Let me search the codebase thoroughly for IOMMU-related SBI code that would be relevant to this specification change.  
[22:07:35] [spechunter] [Agent] description, subagent_type
[22:07:35] [spechunter] [Grep] pattern='SBI_EXT.*IOMMU|IOMMU.*SBI|sbi.*iommu|iommu.*sbi'
[22:07:35] [spechunter] [Grep] pattern='io_pmu|IOMMU.*PMU|iopmp|IOPMP'
[22:08:11] [spechunter] [Grep] pattern='sbi.*iommu|iommu.*sbi'
[22:08:11] [spechunter] [Grep] pattern='SBI_EXT'
[22:08:11] [spechunter] [Grep] pattern='SBI_EXT'
[22:08:11] [spechunter] [Grep] pattern='SBI_EXT_IOPMP|SBI_EXT_IOMMU'
[22:08:11] [spechunter] [Glob] **/iommu/*riscv*
[22:08:11] [spechunter] [Glob] **/riscv/**/iommu*
[22:08:26] [spechunter] [Read] /home/yzs/riscv/linux/arch/riscv/include/asm/sbi.h
[22:08:26] [spechunter] [Read] /home/yzs/riscv/linux/drivers/iommu/riscv/iommu.c
[22:08:26] [spechunter] [Read] /home/yzs/riscv/linux/drivers/iommu/riscv/iommu.h
[22:08:26] [spechunter] [Read] /home/yzs/riscv/linux/drivers/iommu/riscv/iommu-bits.h
[22:08:26] [spechunter] [Grep] pattern='iommu'
[22:08:26] [spechunter] [Grep] pattern='iommu|iommu'
[22:09:07] [spechunter] [Grep] pattern='iommu'
[22:09:07] [spechunter] [Grep] pattern='iommu'
[22:09:07] [spechunter] [Grep] pattern='iommu'
[22:09:07] [spechunter] [Grep] pattern='iommu'
[22:09:07] [spechunter] [Grep] pattern='sbi.*iommu|iommu.*sbi|SBI.*IOMMU|IOMMU.*SBI|iopmp|IOPMP'
[22:09:07] [spechunter] [Grep] pattern='iommu_register|iommu_remove|iommu_deregister|sbi_iommu|iommu_sbi'
[22:09:44] [spechunter] [Grep] pattern='iommu'
[22:09:44] [spechunter] [Grep] pattern='iommu|covh|cove|tsm'
[22:09:44] [spechunter] [Glob] **/cove*
[22:09:44] [spechunter] [Grep] pattern='covh|cove|COVH|COVE'
[22:09:44] [spechunter] [Grep] pattern='SBI_EXT.*IOPMP|IOPMP.*SBI_EXT|sbi.*iopmp|iopmp.*sbi'
[22:09:44] [spechunter] [Grep] pattern='SBI_EXT.*0x[0-9a-fA-F]+.*IOMMU|SBI_EXT.*IOMMU'
[22:10:12] [spechunter] [Grep] pattern='register_iommu|iommu.*register.*sbi|sbi.*register.*iommu'
[22:10:12] [spechunter] [Grep] pattern='COVH|covh_register_iommu|covh_notify_iommu|covh_iommu'
[22:10:12] [spechunter] [Read] /home/yzs/riscv/linux/drivers/iommu/riscv/iommu-pci.c
[22:10:12] [spechunter] [Read] /home/yzs/riscv/linux/drivers/iommu/riscv/iommu-platform.c
[22:10:12] [spechunter] [Grep] pattern='sbi|SBI|covh|COVH|register|probe'
[22:10:12] [spechunter] [Grep] pattern='riscv|RISCV|RISC-V'
[22:10:36] [spechunter] [Grep] pattern='rimt|pci_tsm|tsm.*connect|tsm.*register'
[22:10:36] [spechunter] [Grep] pattern='rimt|sbi|ecall|tsm'
[22:10:36] [spechunter] [Read] /home/yzs/riscv/linux/drivers/iommu/riscv/iommu.c
[22:10:36] [spechunter] [Grep] pattern='iommu'
[22:10:36] [spechunter] [Grep] pattern='iommu|covh|cove|tsm'
[22:10:36] [spechunter] [Grep] pattern='iommu|covh|cove|tsm'
[22:11:10] [spechunter] [Grep] pattern='iommu|register|sbi|covh'
[22:11:10] [spechunter] [Grep] pattern='iommu|register|sbi|covh'
[22:11:10] [spechunter] [Grep] pattern='iommu|register|sbi|covh|connect'
[22:11:10] [spechunter] [Grep] pattern='.*'
[22:11:10] [spechunter] [Glob] **/cove*
[22:11:10] [spechunter] [Glob] **/covh*
[22:11:27] [spechunter] [Grep] pattern='notify_iommu|notify.*iommu.*msi'
[22:11:27] [spechunter] [Grep] pattern='remove.*iommu.*registration|iommu.*registration.*flow|register_iommu'
[22:11:27] [spechunter] [Read] /home/yzs/riscv/linux/drivers/iommu/riscv/Kconfig
[22:11:27] [spechunter] [Grep] pattern='iommu'
[22:11:27] [spechunter] [Grep] pattern='iommu|covh|cove|tsm'
[22:11:27] [spechunter] [Grep] pattern='iommu|covh|cove|tsm'
[22:11:35] [spechunter] [Read] /home/yzs/riscv/linux/tmp/cove_io_semantic_audit.json
[22:11:35] [spechunter] [Bash] Show recent git log for IOMMU registration related changes
[22:11:35] [spechunter] [Grep] pattern='.*'
[22:12:05] [spechunter] [Grep] pattern='IOPMP'
[22:12:05] [spechunter] [Grep] pattern='experimental|vendor|forward|SBI_EXT'
[22:12:05] [spechunter] [Grep] pattern='KVM_EXIT_RISCV_SBI|kvm_riscv_vcpu_sbi_return'
[22:12:05] [spechunter] [Bash] Find any git commits that mention both IOMMU and SBI
[22:12:05] [spechunter] [Bash] Find any commits related to CoVE-IO or COVH
[22:13:11] [spechunter] [Grep] pattern='SBI_EXT_MPXY|SBI_EXT_DBCN|forward'
[22:13:11] [spechunter] [Grep] pattern='.*'
[22:13:11] [spechunter] [Grep] pattern='ipsr|IPSR|queue_ipsr|register|unregister|iommu_device_register|iommu_device_sysfs'
[22:14:22] [spechunter] [Read] /home/yzs/riscv/linux/arch/riscv/kvm/nacl.c
[22:14:22] [spechunter] [Read] /home/yzs/riscv/linux/drivers/virt/coco/tsm-core.c
[22:14:22] [spechunter] [Read] /home/yzs/riscv/linux/drivers/iommu/riscv/iommu.c
[22:14:46] [spechunter] [Grep] pattern='sbi|SBI|ecall|covh|cove|COVH|COVE'
[22:14:46] [spechunter] [Grep] pattern='sbi_covh|covh_sbi_send_msg|SBI_EXT_COVH|SBI_EXT_COVG|SBI_EXT_COVI'
[22:14:46] [spechunter] [Grep] pattern='0x434F5648|COVH'
[22:17:05] [spechunter] [text] Based on the thorough cross-validation of both fast-path and slow-path location sets against the kernel codebase, here i...
[22:17:05] [spechunter] [Read] /home/yzs/riscv/linux/tmp/cove_io_semantic_audit.json
[22:17:16] [spechunter] [Read] /home/yzs/riscv/linux/tmp/cove_io_semantic_audit.json
[22:17:37] [spechunter] [text] Now let me cross-validate the key locations against the actual kernel source to ensure accuracy
[22:17:37] [spechunter] [Read] /home/yzs/riscv/linux/arch/riscv/kernel/sbi_ecall.c
[22:17:37] [spechunter] [Read] /home/yzs/riscv/linux/arch/riscv/kernel/sbi.c
[22:17:37] [spechunter] [Read] /home/yzs/riscv/linux/arch/riscv/kvm/vcpu_sbi_forward.c
[22:17:37] [spechunter] [Read] /home/yzs/riscv/linux/drivers/iommu/riscv/iommu-platform.c
[22:17:55] [spechunter] [Read] /home/yzs/riscv/linux/drivers/iommu/riscv/iommu.c
[22:17:55] [spechunter] [Read] /home/yzs/riscv/linux/drivers/pci/tsm.c
[22:17:55] [spechunter] [Read] /home/yzs/riscv/linux/drivers/virt/coco/tsm-core.c
[22:17:55] [spechunter] [Read] /home/yzs/riscv/linux/arch/riscv/kvm/nacl.c
[22:18:31] [spechunter] [text] Now let me cross-validate the remaining locations.  
[22:18:31] [spechunter] [Read] /home/yzs/riscv/linux/drivers/iommu/riscv/iommu-bits.h
[22:18:31] [spechunter] [Read] /home/yzs/riscv/linux/arch/riscv/include/asm/sbi.h
[22:18:31] [spechunter] [Read] /home/yzs/riscv/linux/arch/riscv/kvm/vcpu.c
[22:21:12] [spechunter] [text] Now I have all validation data. Here is the final cross-validated location set:  ```json {   "locations": [     {       ...
[22:21:34] [spechunter] [text] The code locations are empty, so I need to search the kernel source for the relevant SBI CoVE-IO patterns. Let me do a t...
[22:21:34] [spechunter] [Agent] description, prompt
[22:22:22] [spechunter] [Grep] pattern='1024|1025'
[22:22:22] [spechunter] [Grep] pattern='0x400|0x401'
[22:22:22] [spechunter] [Grep] pattern='sbi_covh_register_iommu|sbi_covh_notify_iommu_msi'
[22:22:22] [spechunter] [Grep] pattern='COVH|covh'
[22:22:22] [spechunter] [Grep] pattern='COVH|covh'
[22:22:22] [spechunter] [Grep] pattern='COVH|covh'
[22:22:22] [spechunter] [Grep] pattern='register_iommu|notify_iommu_msi'
[22:22:22] [spechunter] [Grep] pattern='0x434F5648|SBI_EXT_COVE|COVE'
[22:22:22] [spechunter] [Grep] pattern='covg|COVG|CoVE'
[22:22:22] [spechunter] [Grep] pattern='0x434F5648|SBI_EXT_COVE|COVE'
[22:22:22] [spechunter] [Grep] pattern='0x434F5648|SBI_EXT_COVE|COVE'
[22:22:22] [spechunter] [Grep] pattern='covg|COVG'
[22:22:22] [spechunter] [Grep] pattern='covg|COVG'
[22:22:54] [spechunter] [Read] /home/yzs/riscv/linux/tmp/cove_io_semantic_audit.json
[22:22:54] [spechunter] [Grep] pattern='cove|COVE|CoVE'
[22:22:54] [spechunter] [Grep] pattern='SBI_EXT_COV|SBI_EXT_COVE|SBI_EXT_COVG'
[22:22:54] [spechunter] [Grep] pattern='0x434F'
[22:22:54] [spechunter] [Glob] **/cove*
[22:22:54] [spechunter] [Glob] **/covh*
[22:22:54] [spechunter] [Glob] **/covg*
[22:22:54] [spechunter] [Grep] pattern='register_iommu|notify_iommu|register_rp|connect_device'
[22:24:04] [spechunter] [Read] /home/yzs/riscv/linux/arch/riscv/kernel/sbi_ecall.c
[22:24:04] [spechunter] [Read] /home/yzs/riscv/linux/arch/riscv/kernel/sbi.c
[22:24:04] [spechunter] [Read] /home/yzs/riscv/linux/arch/riscv/kvm/vcpu_sbi_forward.c
[22:24:04] [spechunter] [Read] /home/yzs/riscv/linux/arch/riscv/include/asm/sbi.h
[22:24:04] [spechunter] [Read] /home/yzs/riscv/linux/drivers/iommu/riscv/iommu-platform.c
[22:24:04] [spechunter] [Read] /home/yzs/riscv/linux/drivers/pci/tsm.c
[22:24:46] [spechunter] [Grep] pattern='SBI_EXT_.*='
[22:24:46] [spechunter] [Grep] pattern='covh|COVH|tsm.*riscv|riscv.*tsm'
[22:24:46] [spechunter] [Grep] pattern='pci_tsm_ops'
[22:25:27] [spechunter] [Grep] pattern='COV[HG]|CoVE'
[22:25:27] [spechunter] [Grep] pattern='COV[HG]|CoVE'
[22:25:27] [spechunter] [Grep] pattern='COV[HG]|CoVE'
[22:25:27] [spechunter] [Grep] pattern='COVE'
[22:26:52] [spechunter] [text] Let me also check the spec reference directory for related CoVE-IO documentation
[22:26:52] [spechunter] [Glob] **/*
[22:27:07] [spechunter] [text] The search confirms that no CoVE-IO host driver code exists in this kernel tree. The provided code locations are all emp...
