[10:14:10] [spechunter] PR loaded: #152 riscv-non-isa/riscv-iopmp — "Reference Model: Update model to support latest spec v0.8.1"
[10:14:10] [spechunter]   diff: 35952 chars  body: 268 chars  reviews: 0
[10:14:10] [spechunter] Global pre-filter running...
[10:14:24] [spechunter] [text] {"should_skip": false}
[10:14:25] [spechunter] pre-filter: should_skip=False reason=""
[10:14:41] [spechunter] [text] {"should_skip": false, "skip_reason": "IOPMP is a hardware memory protection spec (I/O PMP) with CSR-like configuration ...
[10:14:49] [spechunter] [text] {"should_skip": true, "skip_reason": "IOPMP reference model update (bit positions, config macros for v0.8.1) unrelated t...
[10:14:49] [spechunter] [text] {"should_skip": true, "skip_reason": "This PR only updates the IOPMP reference model (simulation/validation tool) to tra...
[10:14:51] [spechunter] [text] {"should_skip": true, "skip_reason": "Reference model implementation update (hardware verification tool) — the underlyin...
[10:14:52] [spechunter] [Grep] pattern='iopmp'
[10:15:09] [spechunter] [text] {"should_skip": true, "skip_reason": "QEMU does not implement IOPMP (I/O Physical Memory Protection) and this PR only up...
[10:15:38] [spechunter] [text] ```json {   "violation_condition": "XiangShan RTL implements IOPMP HWCFG register fields at v0.8.0 bit positions while s...
[10:15:52] [spechunter] [TodoWrite] 6 items
[10:15:56] [spechunter] [Grep] pattern='HWCFG0|HWCFG1|HWCFG2|HWCFG3'
[10:15:56] [spechunter] [Grep] pattern='ENTRYOFFSET|ENTRY_CFG'
[10:15:56] [spechunter] [Grep] pattern='MDCFG|SRCMD'
[10:15:56] [spechunter] [Grep] pattern='iopmpRuleAnalyzer|iopmpCheckPerms|errorCapture'
[10:16:00] [spechunter] [Agent] description, prompt
[10:16:15] [spechunter] [text] No matches found in the core RTL directory. These entities appear to be IOPMP-related. Let me search more broadly.  
[10:16:15] [spechunter] [Grep] pattern='HWCFG0|HWCFG1|HWCFG2|HWCFG3|ENTRYOFFSET|ENTRY_CFG|MDCFG|SRCMD|iopmpRuleAnalyzer|iopmpCheckPerms|errorCapture'
[10:16:15] [spechunter] [Grep] pattern='hwcfg|iopmp|entry.?offset|entry.?cfg'
[10:16:25] [spechunter] [Glob] **/*iopmp*
[10:16:25] [spechunter] [Glob] **/*IOPMP*
[10:16:25] [spechunter] [Glob] **/*Iopmp*
[10:16:25] [spechunter] [Grep] pattern='HWCFG'
[10:16:25] [spechunter] [Grep] pattern='ENTRYOFFSET'
[10:16:25] [spechunter] [Grep] pattern='iopmpRuleAnalyzer|iopmpCheckPerms'
[10:16:25] [spechunter] [Grep] pattern='hwcfg'
[10:16:33] [spechunter] [text] The specific entities (HWCFG0-3, ENTRYOFFSET, ENTRY_CFG, MDCFG, SRCMD, iopmpRuleAnalyzer, iopmpCheckPerms, errorCapture)...
[10:16:33] [spechunter] [Grep] pattern='iopmp'
[10:16:33] [spechunter] [Grep] pattern='hwcfg|chk_x|no_x|no_w|sps_en|peis|pees|stall_en|mfr_en|mdcfg_fmt|srcmd_fmt|rrid_transl|prio_ent_prog|non_prio'
[10:16:39] [spechunter] [Bash] List top-level directory contents
[10:16:39] [spechunter] [Bash] Show directory structure up to 4 levels
[10:16:49] [spechunter] [Bash] List all files in ChiselIOPMP
[10:16:49] [spechunter] [Bash] Find IOPMP files in ChiselAIA
[10:16:49] [spechunter] [Bash] Find IOPMP files in rocket-chip
[10:16:55] [spechunter] [Grep] pattern='iopmp'
[10:16:55] [spechunter] [Grep] pattern='iopmp|IOPMP'
[10:16:55] [spechunter] [Bash] Find IOPMP source files on disk
[10:17:10] [spechunter] [Bash] Check for git submodules
[10:17:10] [spechunter] [Bash] Check ChiselIOPMP directory contents
[10:17:10] [spechunter] [Bash] Check ChiselAIA directory contents
[10:17:10] [spechunter] [Bash] Deep find IOPMP files anywhere
[10:17:10] [spechunter] [Bash] Check if IOPMP submodule is initialized
[10:17:10] [spechunter] [Bash] Check IOPMP submodule status
[10:17:20] [spechunter] [text] Let me also check the wrapper/integration code for any of these entity names.  
[10:17:20] [spechunter] [Grep] pattern='HWCFG|hwcfg|ENTRYOFFSET|entryOffset|MDCFG|mdcfg|SRCMD|srcmd|iopmpRule|iopmpCheck|errorCapture'
[10:17:20] [spechunter] [Grep] pattern='IOPMP|iopmp'
[10:17:25] [spechunter] [Grep] pattern='[iI][oO][pP][mM][pP]'
[10:17:25] [spechunter] [Grep] pattern='[hH][wW][cC][fF][gG]'
[10:17:25] [spechunter] [Grep] pattern='ENTRYOFFSET|entryoffset|entry_offset'
[10:17:25] [spechunter] [Grep] pattern='iopmp|IOPMP|Iopmp'
[10:17:25] [spechunter] [Grep] pattern='iopmp|IOPMP'
[10:17:25] [spechunter] [Grep] pattern='iopmp|IOPMP'
[10:17:49] [spechunter] [Grep] pattern='[iI][oO][pP][mM][pP]'
[10:17:49] [spechunter] [Grep] pattern='[iI][oO][pP][mM][pP]'
[10:17:49] [spechunter] [Bash] Exhaustive search for IOPMP in text files across all submodules
[10:17:49] [spechunter] [Bash] Exhaustive search for HWCFG, ENTRYOFFSET, hwcfg, etc
[10:17:49] [spechunter] [text] All affected entities are from the **ChiselIOPMP** submodule, which is **not initialized** (not checked out) in this rep...
[10:18:06] [spechunter] [Grep] pattern='iopmp|IOPMP'
[10:18:06] [spechunter] [Grep] pattern='iopmp|IOPMP'
[10:18:06] [spechunter] [Grep] pattern='iopmp|IOPMP'
[10:18:06] [spechunter] [Grep] pattern='iopmp|IOPMP'
[10:18:06] [spechunter] [Grep] pattern='iopmp|IOPMP'
[10:18:06] [spechunter] [Grep] pattern='iopmp|IOPMP'
[10:18:38] [spechunter] [Bash] Search for iopmp_ref_model directory
[10:18:38] [spechunter] [Grep] pattern='iopmp|IOPMP'
[10:18:38] [spechunter] [Grep] pattern='iopmp|IOPMP'
[10:18:38] [spechunter] [Bash] Find all markdown files
[10:18:38] [spechunter] [Bash] Exhaustive scala file search for Iopmp
[10:18:57] [spechunter] [Grep] pattern='iopmp|IOPMP'
[10:18:57] [spechunter] [Grep] pattern='iopmp|IOPMP'
[10:18:57] [spechunter] [Bash] List resource/config files
[10:18:57] [spechunter] [Grep] pattern='iopmp|IOPMP|HWCFG|hwcfg'
[10:18:57] [spechunter] [Grep] pattern='iopmp|IOPMP|HWCFG|hwcfg'
[10:18:57] [spechunter] [Grep] pattern='iopmp|IOPMP|HWCFG|hwcfg'
[10:19:25] [spechunter] [Grep] pattern='iopmp_ref_model|ref.model'
[10:19:25] [spechunter] [Grep] pattern='iopmp|IOPMP|ChiselIOPMP'
[10:19:25] [spechunter] [Grep] pattern='HWCFG|hwcfg|ENTRYOFFSET|entryoffset'
[10:19:25] [spechunter] [Grep] pattern='HWCFG|hwcfg|ENTRYOFFSET|entryoffset|iopmpRuleAnalyzer|iopmpCheckPerms'
[10:19:25] [spechunter] [Grep] pattern='HWCFG|hwcfg|ENTRYOFFSET|entryoffset|iopmpRuleAnalyzer|iopmpCheckPerms'
[10:19:25] [spechunter] [Grep] pattern='HWCFG|hwcfg|ENTRYOFFSET|entryoffset'
[10:19:36] [spechunter] [Read] /home/yzs/riscv/XiangShan/build.mill
[10:19:36] [spechunter] [Read] /home/yzs/riscv/XiangShan/scripts/xiangshan.py
[10:19:36] [spechunter] [Read] /home/yzs/riscv/XiangShan/src/test/scala/top/SimMMIO.scala
[10:19:36] [spechunter] [Grep] pattern='iopmp|IOPMP|chiselIOPMP|ChiselIOPMP'
[10:19:49] [spechunter] [Grep] pattern='iopmp|IOMMU|IOPMP|ChiselIOPMP'
[10:19:49] [spechunter] [Read] /home/yzs/riscv/XiangShan/src/main/resources/config/Default.yml
[10:19:49] [spechunter] [Bash] Check submodule status
[10:19:49] [spechunter] [Bash] Find all .git directories in submodules
[10:20:04] [spechunter] [Grep] pattern='Iommu|iommu|piommu|PIOMMU'
[10:20:04] [spechunter] [Grep] pattern='Imsic|IMSIC|aia|AIA'
[10:20:04] [spechunter] [Bash] List all test Scala files
[10:20:04] [spechunter] [Bash] Check system directory
[10:20:04] [spechunter] [Bash] List src subdirectories
[10:20:32] [spechunter] [Grep] pattern='iopmp|IOPMP|ChiselIOPMP'
[10:20:32] [spechunter] [Grep] pattern='iopmp|IOPMP|ChiselIOPMP'
[10:20:32] [spechunter] [Grep] pattern='iopmp|IOPMP|ChiselIOPMP'
[10:20:32] [spechunter] [Grep] pattern='iopmp|IOPMP'
[10:20:32] [spechunter] [Grep] pattern='iopmp_ref_model|ref.model.*iopmp'
[10:20:32] [spechunter] [Grep] pattern='RuleAnalyzer|CheckPerms|ruleAnalyzer|checkPerms'
[10:20:49] [spechunter] [Bash] Check git tree for empty ChiselIOPMP submodule
[10:20:49] [spechunter] [Bash] Deep recursive listing of ChiselIOPMP
[10:20:49] [spechunter] [Bash] Full submodule status
[10:20:58] [spechunter] [WebFetch] https://raw.githubusercontent.com/OpenXiangShan/ChiselIOPMP/main/README.md
[10:20:58] [spechunter] [WebFetch] https://api.github.com/repos/OpenXiangShan/ChiselIOPMP/git/trees/main?recursive=1
[10:21:10] [spechunter] [WebFetch] https://github.com/OpenXiangShan/ChiselIOPMP
[10:21:10] [spechunter] [WebFetch] https://github.com/OpenXiangShan/ChiselAIA
[10:21:59] [spechunter] [WebFetch] https://raw.githubusercontent.com/OpenXiangShan/ChiselIOPMP/435815008053614c2e338439a16b2a1359931c9e
[10:21:59] [spechunter] [WebFetch] https://raw.githubusercontent.com/OpenXiangShan/ChiselIOPMP/435815008053614c2e338439a16b2a1359931c9e
[10:23:10] [spechunter] [WebFetch] https://github.com/OpenXiangShan/ChiselIOPMP/tree/main/src/main/scala
[10:23:10] [spechunter] [WebFetch] https://github.com/OpenXiangShan/ChiselIOPMP/tree/main/src
[10:23:17] [spechunter] [Bash] Fetch full file tree via GitHub API for ChiselIOPMP
[10:23:22] [spechunter] [WebFetch] https://github.com/OpenXiangShan/ChiselIOPMP
[10:23:46] [spechunter] [WebFetch] https://github.com/OpenXiangShan/ChiselIOPMP/tree/435815008053614c2e338439a16b2a1359931c9e/src/main/
[10:23:46] [spechunter] [WebFetch] https://github.com/OpenXiangShan/ChiselIOPMP/tree/435815008053614c2e338439a16b2a1359931c9e
[10:24:12] [spechunter] [WebFetch] https://raw.githubusercontent.com/OpenXiangShan/ChiselIOPMP/435815008053614c2e338439a16b2a1359931c9e
[10:25:22] [spechunter] [WebFetch] https://github.com/OpenXiangShan/ChiselIOPMP/tree/435815008053614c2e338439a16b2a1359931c9e/src/main/
[10:25:22] [spechunter] [WebFetch] https://github.com/OpenXiangShan/ChiselIOPMP/tree/435815008053614c2e338439a16b2a1359931c9e/src/main/
[10:25:36] [spechunter] [WebFetch] https://github.com/OpenXiangShan/ChiselIOPMP/tree/435815008053614c2e338439a16b2a1359931c9e/src/main/
[10:25:36] [spechunter] [WebFetch] https://raw.githubusercontent.com/OpenXiangShan/ChiselIOPMP/435815008053614c2e338439a16b2a1359931c9e
[10:25:36] [spechunter] [WebFetch] https://raw.githubusercontent.com/OpenXiangShan/ChiselIOPMP/435815008053614c2e338439a16b2a1359931c9e
[10:32:13] [spechunter] [WebFetch] https://raw.githubusercontent.com/OpenXiangShan/ChiselIOPMP/435815008053614c2e338439a16b2a1359931c9e
[10:32:13] [spechunter] [WebFetch] https://raw.githubusercontent.com/OpenXiangShan/ChiselIOPMP/435815008053614c2e338439a16b2a1359931c9e
[10:33:03] [spechunter] [WebFetch] https://github.com/OpenXiangShan/ChiselIOPMP/raw/435815008053614c2e338439a16b2a1359931c9e/Makefile
[10:33:03] [spechunter] [WebFetch] https://raw.githubusercontent.com/OpenXiangShan/ChiselIOPMP/435815008053614c2e338439a16b2a1359931c9e
[10:35:19] [spechunter] [Bash] Check ChiselIOPMP submodule directory
[10:35:19] [spechunter] [Bash] Check iopmp_ref_model directory
[10:35:19] [spechunter] [Grep] pattern='iopmp|IOPMP|Iopmp'
[10:35:28] [spechunter] [Bash] Check IOPMP submodule status
[10:35:28] [spechunter] [Bash] Check IOPMP in gitmodules
[10:35:40] [spechunter] [Bash] Initialize ChiselIOPMP submodule
[10:35:47] [spechunter] [text] Now let me read the actual IOPMP RTL source files.  
[10:35:47] [spechunter] [Glob] **/*.scala
[10:35:47] [spechunter] [Glob] **/*
[10:35:55] [spechunter] [Read] /home/yzs/riscv/XiangShan/ChiselIOPMP/src/main/scala/IopmpChecker.scala
[10:35:55] [spechunter] [Read] /home/yzs/riscv/XiangShan/ChiselIOPMP/src/main/scala/Iopmp.scala
[10:35:55] [spechunter] [Read] /home/yzs/riscv/XiangShan/ChiselIOPMP/src/main/scala/IopmpBridge.scala
[10:35:55] [spechunter] [Read] /home/yzs/riscv/XiangShan/ChiselIOPMP/README.md
[10:38:05] [spechunter] [text] Now let me check the reference model if it exists in the related repo, and also look at how the hwcfg fields flow throug...
[10:38:05] [spechunter] [TodoWrite] 6 items
[10:39:20] [spechunter] [text] Let me now check the zero-day-labs reference model to understand the v0.8.1 spec changes, and look deeper into which hwc...
[10:39:20] [spechunter] [Bash] Check ChiselIOPMP submodules
[10:39:20] [spechunter] [Grep] pattern='specver|spec_ver|SPECVER|version.*0\\.8'
[10:39:20] [spechunter] [Bash] Clone zero-day-labs riscv-iopmp reference model
[10:39:23] [spechunter] [stderr] 
Shell cwd was reset to /home/yzs/riscv/XiangShan
[10:39:26] [spechunter] [Bash] Check reference model structure
[10:39:37] [spechunter] [Grep] pattern='HWCFG|hwcfg'
[10:39:37] [spechunter] [Glob] **/*reg*
[10:39:40] [spechunter] [Read] /tmp/riscv-iopmp/rtl/interfaces/regmap/rv_iopmp_regmap.sv
[10:40:05] [spechunter] [text] Now let me find the reg_pkg file with the actual register offset definitions in the reference model.  
[10:40:05] [spechunter] [Grep] pattern='IOPMP_HWCFG0_OFFSET|IOPMP_HWCFG2_OFFSET|IOPMP_HWCFG3_OFFSET|IOPMP_ENTRY_OFFSET'
[10:40:05] [spechunter] [Grep] pattern='HWCFG3|hwcfg3|non_prio_en|HWCFG2_en|HWCFG3_en'
[10:42:21] [spechunter] [Read] /tmp/riscv-iopmp/packages/rv_iopmp/rv_iopmp_reg_pkg.sv
[10:42:21] [spechunter] [Bash] List reference model doc directory
[10:43:43] [spechunter] [Bash] Check reference model git log
[10:43:43] [spechunter] [Bash] Check all branches in reference model
[10:43:43] [spechunter] [stderr] 
Shell cwd was reset to /home/yzs/riscv/XiangShan
[10:43:43] [spechunter] [stderr] 
Shell cwd was reset to /home/yzs/riscv/XiangShan
[10:44:35] [spechunter] [TodoWrite] 6 items
[10:46:58] [spechunter] [text] Now I have all the information needed. Let me synthesize the findings and construct the report.  
[10:46:58] [spechunter] [Write] /home/yzs/riscv/XiangShan/iopmp_hwcfg_v081_findings.json
[10:48:01] [spechunter] [TodoWrite] 6 items
[10:48:44] [spechunter] [text] Findings written to `iopmp_hwcfg_v081_findings.json`. Here is a summary of the key discoveries:  ## Core Problem The Chi...
[10:49:27] [spechunter] [text] ```json {   "locations": [],   "removed_locations": [     ".gitmodules:28-30 (submodule declaration — points to ChiselIO...
[10:49:35] [spechunter] [Agent] description, prompt
[10:49:56] [spechunter] [Grep] pattern='IOPMP|iopmp|Iopmp'
[10:49:56] [spechunter] [Grep] pattern='HWCFG|hwcfg|Hwcfg'
[10:49:56] [spechunter] [Grep] pattern='ENTRYOFFSET|entryoffset|EntryOffset'
[10:49:56] [spechunter] [Grep] pattern='iopmpRuleAnalyzer|iopmpCheckPerms|IopmpRuleAnalyzer|IopmpCheckPerms'
[10:49:56] [spechunter] [Glob] **/*[Ii][Oo][Pp][Mm][Pp]*.{scala,v,sv,svh}
[10:50:15] [spechunter] [Grep] pattern='HWCFG|hwcfg|Hwcfg'
[10:50:15] [spechunter] [Grep] pattern='ENTRYOFFSET|entryoffset|EntryOffset'
[10:50:15] [spechunter] [Grep] pattern='iopmpRuleAnalyzer|iopmpCheckPerms|IopmpRuleAnalyzer|IopmpCheckPerms|RuleAnalyzer|CheckPerms'
[10:50:15] [spechunter] [Grep] pattern='IOPMP|iopmp|Iopmp'
[10:50:15] [spechunter] [Read] /home/yzs/riscv/XiangShan/ChiselIOPMP/src/main/scala/IopmpChecker.scala
[10:50:15] [spechunter] [Read] /home/yzs/riscv/XiangShan/ChiselIOPMP/src/main/scala/Iopmp.scala
[10:50:15] [spechunter] [Read] /home/yzs/riscv/XiangShan/ChiselIOPMP/src/main/scala/IopmpBridge.scala
[10:50:53] [spechunter] [Glob] **/build/rtl/*[Ii][Oo][Pp][Mm][Pp]*.{v,sv}
[10:50:53] [spechunter] [Grep] pattern='IOPMP|iopmp'
[10:50:53] [spechunter] [Glob] **/ChiselIOPMP/**/*.{scala,v,sv,svh}
[10:51:09] [spechunter] [Glob] **/*.{v,sv}*
[10:51:09] [spechunter] [Glob] **/iopmp*/**
[10:51:09] [spechunter] [Bash] List ChiselIOPMP directory structure
[10:52:10] [spechunter] [Read] /home/yzs/riscv/XiangShan/ChiselIOPMP/src/main/scala/IopmpChecker.scala
[10:52:19] [spechunter] [Read] /home/yzs/riscv/XiangShan/ChiselIOPMP/src/main/scala/IopmpChecker.scala
[10:52:29] [spechunter] [Read] /home/yzs/riscv/XiangShan/ChiselIOPMP/src/main/scala/IopmpChecker.scala
[10:52:42] [spechunter] [text] Now let me read the Ctrl module where HWCFG fields are consumed in the state machine.  
[10:52:42] [spechunter] [Read] /home/yzs/riscv/XiangShan/ChiselIOPMP/src/main/scala/IopmpChecker.scala
[10:53:39] [spechunter] [text] Now let me also verify the `RegMapIO` bundle to see what HWCFG signals are exported.  
[10:53:39] [spechunter] [Read] /home/yzs/riscv/XiangShan/ChiselIOPMP/src/main/scala/IopmpChecker.scala
[10:55:49] [spechunter] [text] Now let me also check if `chk_x` and `no_x` are ever consumed outside the register definition, and verify the specver-vs...
[10:55:49] [spechunter] [Grep] pattern='chk_x|no_x'
[10:55:49] [spechunter] [Grep] pattern='sps_en|peis|pees|mfr_en|stall_en'
[10:55:49] [spechunter] [Grep] pattern='HWCFG3|hwcfg3|Hwcfg3'
[10:56:34] [spechunter] [text] Now let me also check if there are any `HWCFG3` references in generated Verilog or any test files.  
[10:56:34] [spechunter] [Grep] pattern='hwcfg3|HWCFG3|0x0014'
[10:56:34] [spechunter] [Grep] pattern='specver|spec_ver|SPECVER'
[10:58:35] [spechunter] [text] Now I have a complete picture of the RTL. Let me compile the analysis.  Based on my thorough review of the Chisel RTL at...
[23:44:32] [spechunter] PR loaded: #152 riscv-non-isa/riscv-iopmp — "Reference Model: Update model to support latest spec v0.8.1"
[23:44:32] [spechunter]   diff: 35952 chars  body: 268 chars  reviews: 0
[23:44:32] [spechunter] Global pre-filter running...
[23:44:42] [spechunter] [text] {"should_skip": false}
[23:44:44] [spechunter] pre-filter: should_skip=False reason=""
[23:45:09] [spechunter] [text] ```json {"should_skip": true, "skip_reason": "IOPMP reference model update; changes are to a simulation/reference implem...
[23:45:09] [spechunter] [text] {"should_skip": true, "skip_reason": "Reference model implementation update (verification tooling) not a spec change; IO...
[23:45:16] [spechunter] [text] {"should_skip": false}
[23:45:27] [spechunter] [text] {"should_skip": false}
[23:45:39] [spechunter] [text] {"should_skip": false, "skip_reason": "IOPMP HWCFG register bit position changes and new enable fields (HWCFG2_en, HWCFG...
[23:45:56] [spechunter] [text] ```json {   "violation_condition": "QEMU emulates the IOPMP register map using the pre-v0.8.1 layout (HWCFG0 fields at w...
[23:46:25] [spechunter] [text] ```json {   "violation_condition": "XiangShan RTL implements the pre-v0.8.1 HWCFG register layout (HWCFG0 holding chk_x,...
[23:46:35] [spechunter] [Grep] pattern='iopmp|IOPMP|iopmp'
[23:46:35] [spechunter] [Grep] pattern='HWCFG|hwcfg'
[23:46:35] [spechunter] [Grep] pattern='ENTRYOFFSET|entryoffset|entry_offset'
[23:46:39] [spechunter] [Grep] pattern='HWCFG0|HWCFG1|HWCFG2|HWCFG3'
[23:46:39] [spechunter] [Grep] pattern='ENTRYOFFSET|ENTRY_OFFSET|entryoffset|entry_offset'
[23:46:39] [spechunter] [Grep] pattern='ERR_INFO|err_info'
[23:46:39] [spechunter] [Grep] pattern='ENTRY_CFG|ENTRYCFG|entry_cfg|entrycfg'
[23:46:49] [spechunter] [TodoWrite] 6 items
[23:46:55] [spechunter] [text] Let me search more broadly for IOPMP-related code and look at the reference model and the RISC-V IOMMU code since the PR...
[23:46:55] [spechunter] [Bash] Find any IOPMP-related files and directories
[23:46:55] [spechunter] [Read] /home/yzs/riscv/qemu/hw/riscv/riscv-iommu.c
[23:46:55] [spechunter] [Bash] See recent commits for IOPMP references
[23:46:57] [spechunter] [text] No matches in RISC-V paths for those exact names. Let me search the RISC-V directories more broadly for IOMMU-related en...
[23:46:57] [spechunter] [Grep] pattern='hwcfg|HWCFG|HW_CFG'
[23:46:57] [spechunter] [Grep] pattern='hwcfg|HWCFG|HW_CFG'
[23:46:57] [spechunter] [Grep] pattern='hwcfg|HWCFG|HW_CFG'
[23:46:57] [spechunter] [Grep] pattern='iommu|IOMMU'
[23:46:57] [spechunter] [Grep] pattern='iommu|IOMMU'
[23:47:05] [spechunter] [Grep] pattern='HWCFG0|hwcfg0'
[23:47:05] [spechunter] [Grep] pattern='HWCFG2|hwcfg2'
[23:47:05] [spechunter] [Grep] pattern='HWCFG3|hwcfg3'
[23:47:05] [spechunter] [Grep] pattern='ENTRYOFFSET|entryoffset|EntryOffset'
[23:47:05] [spechunter] [Grep] pattern='ENTRY_CFG|entry_cfg|EntryCfg'
[23:47:05] [spechunter] [Grep] pattern='ERR_MFR|err_mfr|ErrMfr'
[23:47:06] [spechunter] [text] ```json {   "violation_condition": "OpenSBI platform firmware compiled against IOPMP v0.8 register layout reads/writes H...
[23:47:16] [spechunter] [Agent] description, subagent_type
[23:47:16] [spechunter] [Agent] description, subagent_type
[23:47:16] [spechunter] [Agent] description, subagent_type
[23:47:21] [spechunter] [text] Found the IOMMU files. Let me now search within them for the specific bitfield/register entities.  
[23:47:21] [spechunter] [Grep] pattern='hwcfg|HWCFG|HW_CFG'
[23:47:21] [spechunter] [Grep] pattern='hwcfg|HWCFG|HW_CFG'
[23:47:21] [spechunter] [Grep] pattern='hwcfg|HWCFG|HW_CFG'
[23:47:21] [spechunter] [Grep] pattern='entryoffset|entry_offset|ENTRYOFFSET|ENTRY_OFFSET'
[23:47:21] [spechunter] [Grep] pattern='err_info|ERR_INFO'
[23:47:21] [spechunter] [Grep] pattern='entry_cfg|ENTRY_CFG|ENTRYCFG'
[23:47:22] [spechunter] [Bash] Search exhaustively for IOPMP references
[23:47:22] [spechunter] [Grep] pattern='ENTRY_CFG|entry_cfg'
[23:47:22] [spechunter] [Grep] pattern='prio_ent|non_prio|rrid_transl'
[23:47:26] [spechunter] [text] No results in the core RTL. These entities appear to be IOPMP-related. Let me search more broadly.  
[23:47:26] [spechunter] [Grep] pattern='HWCFG0|hwcfg0'
[23:47:26] [spechunter] [Grep] pattern='ENTRYOFFSET'
[23:47:26] [spechunter] [Grep] pattern='ENTRY_CFG'
[23:47:26] [spechunter] [Grep] pattern='ERR_MFR'
[23:47:28] [spechunter] [Agent] description, prompt
[23:47:28] [spechunter] [Grep] pattern='IOPMP_HWCFG0|IOPMP_HWCFG2|IOPMP_HWCFG3|IOPMP_ENTRYOFFSET'
[23:47:28] [spechunter] [Grep] pattern='hwcfg0\\.(chk_x|peis|pees|sps_en|stall_en|mfr_en|no_x|no_w|rrid_transl_en|rrid_transl_prog|mdcfg_fmt|srcmd_fmt|md_entry_num|prient_prog|user_cfg_en)'
[23:47:28] [spechunter] [Grep] pattern='ENTRYOFFSET'
[23:47:28] [spechunter] [Grep] pattern='iopmp|IOPMP'
[23:47:33] [spechunter] [Glob] **/*iopmp*
[23:47:33] [spechunter] [Glob] **/*IOPMP*
[23:47:33] [spechunter] [Glob] **/*PMP*
[23:47:33] [spechunter] [Grep] pattern='IOPMP'
[23:47:33] [spechunter] [Grep] pattern='iopmp'
[23:47:38] [spechunter] [Grep] pattern='hwcfg0|hwcfg1|hwcfg2|hwcfg3'
[23:47:38] [spechunter] [Grep] pattern='HWCFG'
[23:47:38] [spechunter] [Grep] pattern='chk_x|peis|pees|mfr_en|no_x|no_w|sps_en|mdcfg_fmt|srcmd_fmt'
[23:47:38] [spechunter] [Grep] pattern='IOPMP'
[23:47:38] [spechunter] [Glob] **/riscv-iommu*
[23:47:38] [spechunter] [Glob] **/iopmp*
[23:47:40] [spechunter] [Grep] pattern='entryoffset|entry_offset|hwcfg0|hwcfg2|hwcfg3'
[23:47:40] [spechunter] [Grep] pattern='IOPMP'
[23:47:44] [spechunter] [text] The specific entity names (HWCFG0-3, ENTRYOFFSET, ERR_INFO, ENTRY_CFG) don't appear in the QEMU tree. These are likely f...
[23:47:44] [spechunter] [Read] /home/yzs/riscv/qemu/hw/riscv/riscv-iommu-bits.h
[23:47:44] [spechunter] [Read] /home/yzs/riscv/qemu/hw/riscv/riscv-iommu.h
[23:47:44] [spechunter] [Read] /home/yzs/riscv/qemu/include/hw/riscv/iommu.h
[23:47:45] [spechunter] [Grep] pattern='ENTRYOFFSET'
[23:47:45] [spechunter] [Grep] pattern='ENTRY_CFG|sire|siwe|sixe|sere|sewe|sexe'
[23:47:45] [spechunter] [Grep] pattern='ERR_MFR'
[23:47:45] [spechunter] [Grep] pattern='IOPMP|iopmp'
[23:47:56] [spechunter] [Read] /home/yzs/riscv/XiangShan/ChiselIOPMP/src/main/scala/IopmpChecker.scala
[23:47:56] [spechunter] [Grep] pattern='0x08|0x0C|0x10|0x14'
[23:47:56] [spechunter] [Read] /home/yzs/riscv/XiangShan/ChiselIOPMP/src/main/scala/Iopmp.scala
[23:47:56] [spechunter] [Read] /home/yzs/riscv/XiangShan/ChiselIOPMP/src/main/scala/IopmpBridge.scala
[23:47:56] [spechunter] [Grep] pattern='HWCFG|hwcfg'
[23:47:57] [spechunter] [text] Found hits in the IOPMP submodule. Let me dig deeper into those files and also search for related patterns.  
[23:47:57] [spechunter] [Grep] pattern='HWCFG0|hwcfg0|Hwcfg0'
[23:47:57] [spechunter] [Grep] pattern='HWCFG2|hwcfg2|Hwcfg2'
[23:47:57] [spechunter] [Grep] pattern='HWCFG3|hwcfg3|Hwcfg3'
[23:47:57] [spechunter] [Grep] pattern='ENTRYOFFSET|entryoffset|entryOffset'
[23:47:57] [spechunter] [Grep] pattern='ENTRY_CFG|EntryCfg|entrycfg'
[23:47:57] [spechunter] [Grep] pattern='ERR_MFR|ErrMfr|errmfr'
[23:47:57] [spechunter] [text] Let me also search for any IOMMU CSR handling in `target/riscv/` and for the specific vulnerability patterns mentioned
[23:47:57] [spechunter] [Grep] pattern='iommu'
[23:47:57] [spechunter] [Grep] pattern='non_prio_en|prio_ent_prog|rrid_transl_prog|hwcfg2_t|hwcfg3_t'
[23:47:57] [spechunter] [Grep] pattern='write.1.clear|write-1-clear|sticky|w1c|W1C'
[23:47:57] [spechunter] [Grep] pattern='regs_wc|regs_ro|regs_rw'
[23:47:58] [spechunter] [Read] /home/yzs/riscv/qemu/hw/riscv/riscv-iommu-bits.h
[23:47:58] [spechunter] [Read] /home/yzs/riscv/qemu/hw/riscv/riscv-iommu.h
[23:47:58] [spechunter] [Bash] Search for IOPMP reference model README
[23:47:58] [spechunter] [Glob] ChiselIOPMP/**/*
[23:47:58] [spechunter] [Bash] List top-level contents of the ChiselIOPMP directory
[23:47:58] [spechunter] [Read] /home/yzs/riscv/XiangShan/ChiselIOPMP/src/main/scala/Iopmp.scala
[23:47:58] [spechunter] [Read] /home/yzs/riscv/XiangShan/ChiselIOPMP/src/main/scala/IopmpChecker.scala
[23:47:58] [spechunter] [Read] /home/yzs/riscv/XiangShan/ChiselIOPMP/src/main/scala/IopmpBridge.scala
[23:47:58] [spechunter] [Grep] pattern='HWCFG|ENTRYOFFSET|ENTRY_CFG|ERR_CFG'
[23:48:03] [spechunter] [text] Let me also check if there are any IOMMU reference model submodules or additional directories  
[23:48:03] [spechunter] [Bash] List git submodules
[23:48:03] [spechunter] [Grep] pattern='reference.model|ref.model|refmod'
[23:48:10] [spechunter] [Glob] **/*iopmp*
[23:48:10] [spechunter] [Glob] **/*IOPMP*
[23:48:10] [spechunter] [Grep] pattern='IOPMP'
[23:48:10] [spechunter] [Grep] pattern='IOPMP_HWCFG[023]'
[23:48:10] [spechunter] [Grep] pattern='IOPMP_ENTRYOFFSET'
[23:48:10] [spechunter] [Grep] pattern='chk_x|peis|pees|sps_en|stall_en|mfr_en|prient_prog|rrid_transl_en|rrid_transl_prog|no_x|no_w|mdcfg_fmt|srcmd_fmt|md_entry_num'
[23:48:11] [spechunter] [Read] /home/yzs/riscv/XiangShan/ChiselIOPMP/src/main/scala/Iopmp.scala
[23:48:11] [spechunter] [Read] /home/yzs/riscv/XiangShan/ChiselIOPMP/src/main/scala/IopmpChecker.scala
[23:48:11] [spechunter] [Read] /home/yzs/riscv/XiangShan/ChiselIOPMP/src/main/scala/IopmpBridge.scala
[23:48:11] [spechunter] [Grep] pattern='ENTRY.*OFFSET|entry.*offset|EntryOffset'
[23:48:11] [spechunter] [Grep] pattern='IOPMP|iopmp'
[23:48:13] [spechunter] [text] Let me also check the QEMU IOMMU spec version and see if there are reference model directories nearby
[23:48:13] [spechunter] [Bash] List sibling riscv directories
[23:48:13] [spechunter] [Grep] pattern='HWCFG|hwcfg_offset|HWCFG_OFFSET|PRI_DBQ|pri_dbq|ENTRY_VLD|entry_vld'
[23:48:13] [spechunter] [Grep] pattern='hwcfg3|HWCFG3'
[23:48:13] [spechunter] [Grep] pattern='HWCFG|hwcfg'
[23:48:13] [spechunter] [Glob] **/Iopmp*Test*
[23:48:13] [spechunter] [Glob] **/IOPMP*test*
[23:48:13] [spechunter] [Glob] **/ChiselIOPMP/**/test*/**/*.scala
[23:48:23] [spechunter] [text] ```json {   "locations": [] } ```  The search across the entire OpenSBI repository found **no references** to the affect...
[23:48:25] [spechunter] [Read] /home/yzs/riscv/XiangShan/src/test/scala/top/SimMMIO.scala
[23:48:25] [spechunter] [Grep] pattern='entry_cfg|entrycfg|entry\\.cfg|ENTRY_CFG'
[23:48:25] [spechunter] [Grep] pattern='reg_entryoffset|entryoffset|entryoffset_addr_offset'
[23:48:25] [spechunter] [Grep] pattern='entry_base_addr|EntryAttribute|entry_cfg|entry_addr_width|entry_j|entry_num'
[23:48:30] [spechunter] [text] The HWCFG hits in the USB DWC2 code are unrelated to the IOMMU. Let me check if there's a reference model in the sibling...
[23:48:30] [spechunter] [Bash] Search for sail-riscv IOMMU files
[23:48:30] [spechunter] [Grep] pattern='iommu|IOMMU'
[23:48:35] [spechunter] [Grep] pattern='RegHwcfg|reg_hwcfg'
[23:48:35] [spechunter] [Glob] **/ChiselIOPMP/**
[23:48:35] [spechunter] [Grep] pattern='hwcfg'
[23:48:38] [spechunter] [Bash] Search for IOPMP reference model and related directories
[23:48:38] [spechunter] [Bash] Search for iopmp_ref_model directory
[23:48:38] [spechunter] [Bash] Search git history for IOPMP-related commits
[23:48:38] [spechunter] [Read] /home/yzs/riscv/opensbi/docs/domain_support.md
[23:48:38] [spechunter] [Grep] pattern='iopmp|IOPMP'
[23:48:38] [spechunter] [Grep] pattern='0x0[48]|0x1[04]'
[23:48:38] [spechunter] [Glob] **/*pmp*
[23:48:38] [spechunter] [Grep] pattern='HWCFG|ENTRYOFFSET'
[23:48:40] [spechunter] [Grep] pattern='sire|siwe|sixe|sere|sewe|sexe|sire_en|siwe_en|sixe_en|sere_en|sewe_en|sexe_en'
[23:48:40] [spechunter] [Grep] pattern='entry_addr|ENTRY_ADDR|entryADDR|EntryAddr'
[23:48:40] [spechunter] [Grep] pattern='EntryCfg|entrycfg|ENTRYCFG'
[23:48:40] [spechunter] [Read] /home/yzs/riscv/XiangShan/ChiselIOPMP/src/main/scala/IopmpChecker.scala
[23:48:40] [spechunter] [Glob] ChiselIOPMP/src/main/scala/**/*.scala
[23:48:45] [spechunter] [Bash] List subdirectories inside ChiselIOPMP
[23:48:45] [spechunter] [Bash] Recursively list src directory contents
[23:48:45] [spechunter] [Read] /home/yzs/riscv/XiangShan/ChiselIOPMP/build.sc
[23:48:45] [spechunter] [Read] /home/yzs/riscv/XiangShan/ChiselIOPMP/README.md
[23:48:50] [spechunter] [Grep] pattern='riscv-iommu-spec|iommu.*spec|spec.*iommu|reference.model|riscv-iommu.*v0\\.|riscv-iommu.*version'
[23:48:50] [spechunter] [Bash] Find IOMMU-related files broadly
[23:48:57] [spechunter] [Read] /home/yzs/riscv/XiangShan/ChiselIOPMP/src/main/scala/IopmpChecker.scala
[23:48:57] [spechunter] [Read] /home/yzs/riscv/XiangShan/ChiselIOPMP/src/main/scala/IopmpChecker.scala
[23:48:57] [spechunter] [Read] /home/yzs/riscv/XiangShan/ChiselIOPMP/src/main/scala/IopmpBridge.scala
[23:48:57] [spechunter] [Read] /home/yzs/riscv/XiangShan/ChiselIOPMP/src/main/scala/Iopmp.scala
[23:49:01] [spechunter] [Grep] pattern='IOPMP'
[23:49:01] [spechunter] [Read] /home/yzs/riscv/opensbi/include/sbi/sbi_hart_pmp.h
[23:49:01] [spechunter] [Read] /home/yzs/riscv/opensbi/lib/sbi/sbi_hart_pmp.c
[23:49:01] [spechunter] [Grep] pattern='IOPMP|iopmp'
[23:49:01] [spechunter] [Grep] pattern='ENTRYOFFSET|entry_offset|entryoff'
[23:49:01] [spechunter] [Grep] pattern='HWCFG[023]|hwcfg[023]'
[23:49:03] [spechunter] [Bash] Deep search for any IOPMP-related paths
[23:49:03] [spechunter] [Bash] Grep for IOPMP in all source files
[23:49:03] [spechunter] [Bash] Search for ENTRYOFFSET or related entry offset references
[23:49:10] [spechunter] [text] Let me now look at the IopmpParams configuration file and search for any additional references.  
[23:49:10] [spechunter] [Glob] **/*.scala
[23:49:10] [spechunter] [Grep] pattern='IopmpParams'
[23:49:28] [spechunter] [text] Let me search more specifically for the IOPMP reference model and related code
[23:49:28] [spechunter] [Bash] Search git log for files with IOPMP in their name
[23:49:28] [spechunter] [Bash] List available branches
[23:49:28] [spechunter] [Bash] Search for IOPMP in documentation files
[23:49:29] [spechunter] [text] Let me verify the QEMU IOMMU register map to confirm it has no overlap with the PR entities.  
[23:49:29] [spechunter] [Grep] pattern='RISCV_IOMMU_REG_'
[23:49:29] [spechunter] [Grep] pattern='REG_0x|0x14|0x0?1[4C]|reg_write|reg_read'
[23:49:30] [spechunter] [Grep] pattern='object IopmpParams|class IopmpParams|IopmpParams'
[23:49:30] [spechunter] [Glob] **/*param*
[23:49:30] [spechunter] [Glob] **/*package*
[23:49:34] [spechunter] [Grep] pattern='iopmp|IOPMP'
[23:49:34] [spechunter] [Grep] pattern='iopmp|IOPMP'
[23:49:34] [spechunter] [Grep] pattern='iopmp|IOPMP'
[23:49:34] [spechunter] [Grep] pattern='iopmp|IOPMP'
[23:49:34] [spechunter] [Grep] pattern='iopmp|IOPMP'
[23:49:34] [spechunter] [Grep] pattern='iopmp|IOPMP'
[23:49:34] [spechunter] [Grep] pattern='iopmp|IOPMP'
[23:49:34] [spechunter] [Read] /home/yzs/riscv/opensbi/include/sbi/riscv_encoding.h
[23:49:40] [spechunter] [Bash] Check if iopmp_ref_model directory exists anywhere
[23:49:40] [spechunter] [Bash] Check untracked files for IOPMP-related content
[23:49:41] [spechunter] [text] Let me do a final sweep to confirm nothing is missed.  
[23:49:41] [spechunter] [Grep] pattern='priority.ent|rrid.trans|entry.prog|transl.prog'
[23:49:41] [spechunter] [Grep] pattern='soft_remap|softremap|DQT|DBQ|ENTRY'
[23:49:41] [spechunter] [Grep] pattern='soft_remap|softremap|DQT|DBQ'
[23:49:48] [spechunter] [Read] /home/yzs/riscv/XiangShan/ChiselIOPMP/src/main/scala/IopmpChecker.scala
[23:49:50] [spechunter] [Bash] Search for HWCFG2/HWCFG3 and related fields across the entire repo
[23:49:50] [spechunter] [Bash] Search for IO-PMP related code patterns
[23:49:50] [spechunter] [Bash] Search for write-1-clear patterns in RISC-V hardware code
[23:49:58] [spechunter] [text] Let me check for the specific new fields mentioned in the PR (`hwcfg2_en`, `hwcfg3_en`, `non_prio_en`) and also search i...
[23:49:58] [spechunter] [Grep] pattern='hwcfg2_en|hwcfg3_en|non_prio_en'
[23:49:58] [spechunter] [Grep] pattern='Iopmp|iopmp|IOPMP'
[23:49:58] [spechunter] [Grep] pattern='specver'
[23:49:59] [spechunter] [Grep] pattern='IOPMP|iopmp'
[23:49:59] [spechunter] [Grep] pattern='chk_x|peis|pees|sps_en|stall_en|mfr_en|prient_prog|rrid_transl_en|rrid_transl_prog|no_x|no_w|mdcfg_fmt|srcmd_fmt|md_entry_num'
[23:49:59] [spechunter] [Grep] pattern='0x08|0x10|0x14'
[23:49:59] [spechunter] [Grep] pattern='IOPMP|iopmp'
[23:49:59] [spechunter] [Bash] List docs directory
[23:49:59] [spechunter] [Glob] **/*{iopmp,IOPMP}*
[23:50:07] [spechunter] [Grep] pattern='ENTRY'
[23:50:07] [spechunter] [Grep] pattern='ENTRY'
[23:50:11] [spechunter] [Grep] pattern='Iopmp|iopmp|IOPMP|HWCFG|hwcfg'
[23:50:11] [spechunter] [Grep] pattern='IopmpBridge|IopmpChecker|IopmpLazy'
[23:50:11] [spechunter] [Read] /home/yzs/riscv/XiangShan/ChiselIOPMP/src/main/scala/IopmpChecker.scala
[23:50:33] [spechunter] [Bash] Search git log for IOPMP-related commits
[23:50:33] [spechunter] [Grep] pattern='IOPMP|iopmp'
[23:50:33] [spechunter] [Grep] pattern='IOPMP|iopmp'
[23:50:33] [spechunter] [Grep] pattern='IOPMP|iopmp'
[23:50:33] [spechunter] [Bash] Check recent commit history
[23:50:34] [spechunter] [text] Now I have a complete picture. The QEMU RISC-V IOMMU code is based on **spec version 1.0** (March 2023), not the v0.8.1 ...
[23:50:44] [spechunter] [text] Now let me check the `RegVersion` object to see where the spec version is set, and also look at the ERR_MFR register ref...
[23:50:44] [spechunter] [Read] /home/yzs/riscv/XiangShan/ChiselIOPMP/src/main/scala/IopmpChecker.scala
[23:50:44] [spechunter] [Grep] pattern='ERREQADDR|erreqaddr|errmfr|ERRMFR|RegErrmfr'
[23:50:52] [spechunter] [Read] /home/yzs/riscv/XiangShan/ChiselIOPMP/src/main/scala/IopmpChecker.scala
[23:51:17] [spechunter] [text] Let me look more carefully at the IOMMU code and related files, since IOPMP may share code with or be part of the IOMMU ...
[23:51:17] [spechunter] [Read] /home/yzs/riscv/qemu/docs/specs/riscv-iommu.rst
[23:51:17] [spechunter] [Bash] Search RISC-V hw and target dirs for IOPMP register fields
[23:51:17] [spechunter] [Bash] Search for HWCFG in RISC-V code
[23:51:23] [spechunter] [text] Let me verify the agent's findings directly and also check if the `iopmp_ref_model` might be in a submodule or different...
[23:51:23] [spechunter] [Glob] **/*iopmp*
[23:51:23] [spechunter] [Glob] **/*IOPMP*
[23:51:23] [spechunter] [Grep] pattern='iopmp_ref_model'
[23:51:23] [spechunter] [Bash] Check git history and submodules for IOPMP
[23:51:42] [spechunter] [Grep] pattern='HWCFG[0-3]'
[23:51:42] [spechunter] [Grep] pattern='ENTRYOFFSET'
[23:51:42] [spechunter] [Grep] pattern='chk_x|peis|pees|sps_en|stall_en|mfr_en|prient_prog|rrid_transl'
[23:51:42] [spechunter] [Grep] pattern='mdcfg_fmt|srcmd_fmt|md_entry_num'
[23:51:43] [spechunter] [text] Now I have a complete picture. Let me compile the results.  ```json {   "locations": [     {       "file_path": "ChiselI...
[23:51:49] [spechunter] [Bash] Search for exact IOPMP register names anywhere in the repo
[23:51:49] [spechunter] [Bash] Search for 0x14 offset patterns in IOMMU code
[23:51:49] [spechunter] [Bash] Search for write-clear registers pattern in IOMMU
[23:51:56] [spechunter] [text] Let me also check if this might be a separate repository that's referenced.  
[23:51:56] [spechunter] [Grep] pattern='iopmp'
[23:51:56] [spechunter] [Bash] List branches and remotes
[23:52:13] [spechunter] [Bash] Search all git history for any IOPMP-related work
[23:52:13] [spechunter] [Bash] Find files newer than IOMMU code
[23:52:13] [spechunter] [Bash] Check when PMP and IOMMU code was added
[23:52:23] [spechunter] [TodoWrite] 7 items
[23:52:25] [spechunter] [text] The IOPMP reference model (`iopmp_ref_model/`) does not exist in this repository. After exhaustive search:  - **No files...
[23:52:41] [spechunter] [Agent] description, subagent_type
[23:53:07] [spechunter] [text] Now let me read the critical source code to verify bit positions and the reference model for v0.8.1 changes
[23:53:07] [spechunter] [Read] /home/yzs/riscv/XiangShan/ChiselIOPMP/src/main/scala/IopmpChecker.scala
[23:53:07] [spechunter] [Agent] description, subagent_type
[23:53:11] [spechunter] [text] Now let me read the IOMMU MMIO register dispatch code to understand the patterns used for register offset handling
[23:53:11] [spechunter] [Read] /home/yzs/riscv/qemu/hw/riscv/riscv-iommu.c
[23:53:11] [spechunter] [Bash] Find MMIO read/write handler functions in IOMMU code
[23:53:19] [spechunter] [Glob] **/*rmi*
[23:53:19] [spechunter] [Glob] **/*rdsm*
[23:53:19] [spechunter] [Glob] **/*ref_model*
[23:53:19] [spechunter] [Glob] **/*ref*model*
[23:53:19] [spechunter] [Grep] pattern='ref_model|reference.model'
[23:53:19] [spechunter] [Grep] pattern='HWCFG|hwcfg'
[23:53:19] [spechunter] [Grep] pattern='non_prio_en'
[23:53:19] [spechunter] [Grep] pattern='rdsm|RDSM'
[23:53:19] [spechunter] [Grep] pattern='rmi|RMI'
[23:53:21] [spechunter] [Glob] **/iopmp_ref_model/**
[23:53:21] [spechunter] [Glob] **/iopmp*
[23:53:21] [spechunter] [Glob] **/IOPMP*
[23:53:21] [spechunter] [Glob] **/ChiselIOPMP/**
[23:53:21] [spechunter] [Grep] pattern='0\\.8\\.1'
[23:53:53] [spechunter] [Grep] pattern='\\bRMI\\b'
[23:53:53] [spechunter] [Grep] pattern='\\bRDSM\\b'
[23:53:53] [spechunter] [Grep] pattern='\\brmi\\b'
[23:53:53] [spechunter] [Grep] pattern='\\brdsm\\b'
[23:53:53] [spechunter] [Grep] pattern='0\\.8\\.[01]|v0\\.8'
[23:53:53] [spechunter] [Bash] Show recent git commits
[23:54:04] [spechunter] [Read] /home/yzs/riscv/qemu/include/hw/riscv/iommu.h
[23:54:04] [spechunter] [Bash] List all RISC-V hardware files
[23:54:04] [spechunter] [Bash] Search for any PMP references in RISC-V hardware code
[23:54:09] [spechunter] [Read] /home/yzs/riscv/XiangShan/ChiselIOPMP/README.md
[23:54:09] [spechunter] [Read] /home/yzs/riscv/XiangShan/iopmp_hwcfg_v081_findings.json
[23:54:09] [spechunter] [Read] /home/yzs/riscv/XiangShan/iopmp_security_audit.json
[23:54:09] [spechunter] [Read] /home/yzs/riscv/XiangShan/iopmp_hwcfg_reorg_findings.json
[23:54:09] [spechunter] [Read] /home/yzs/riscv/XiangShan/iopmp_intr_msi_mutex_findings.json
[23:54:09] [spechunter] [Bash] Check git submodule status for IOPMP
[23:54:09] [spechunter] [Grep] pattern='0\\.8\\.1'
[23:54:26] [spechunter] [Bash] Exhaustive search for IOPMP and IO-PMP patterns
[23:54:26] [spechunter] [Bash] Search for specific v0.8.1 spec fields
[23:54:26] [spechunter] [Bash] Search for write-1-clear and sticky bit patterns in RISC-V IOMMU
[23:54:32] [spechunter] [Grep] pattern='rpmi'
[23:54:32] [spechunter] [Grep] pattern='rpmi'
[23:54:32] [spechunter] [Grep] pattern='spec.*version|version.*spec|spc.*v0\\.'
[23:54:32] [spechunter] [Grep] pattern='RISC-V.*RM|reference.*monitor|Reference Model'
[23:54:32] [spechunter] [Bash] Search for non_prio variants in code
[23:54:32] [spechunter] [Bash] Search for hwcfG variants in code
[23:54:32] [spechunter] [Bash] Search for SBI extension-related code files
[23:54:40] [spechunter] [Glob] **/ref_model/**
[23:54:40] [spechunter] [Glob] **/reference_model/**
[23:54:40] [spechunter] [Glob] **/README.md
[23:54:40] [spechunter] [Bash] List scala source files in ChiselIOPMP
[23:54:40] [spechunter] [Read] /home/yzs/riscv/XiangShan/hwcfg2_msi_en_findings.json
[23:54:40] [spechunter] [Bash] Search for iopmp/reference model directories
[23:54:40] [spechunter] [Grep] pattern='iopmp_ref_model'
[23:54:40] [spechunter] [Bash] Ultra-wide search for IOPMP anywhere in the repo
[23:54:40] [spechunter] [Bash] Search for reference model code in the QEMU source tree
[23:54:40] [spechunter] [Bash] Check git submodules for IOPMP reference model
[23:55:05] [spechunter] [Read] /home/yzs/riscv/opensbi/include/sbi_utils/mailbox/rpmi_msgprot.h
[23:55:05] [spechunter] [Read] /home/yzs/riscv/opensbi/include/sbi_utils/mailbox/rpmi_mailbox.h
[23:55:05] [spechunter] [Read] /home/yzs/riscv/opensbi/include/sbi_utils/mpxy/fdt_mpxy_rpmi_mbox.h
[23:55:05] [spechunter] [Read] /home/yzs/riscv/opensbi/lib/utils/mailbox/rpmi_mailbox.c
[23:55:05] [spechunter] [Read] /home/yzs/riscv/opensbi/include/sbi/sbi_ecall_interface.h
[23:55:06] [spechunter] [Bash] Search for reference model directories
[23:55:06] [spechunter] [Bash] Check all branches for IOPMP reference model history
[23:55:06] [spechunter] [Read] /home/yzs/riscv/XiangShan/ChiselIOPMP/src/main/scala/IopmpChecker.scala
[23:55:06] [spechunter] [Read] /home/yzs/riscv/XiangShan/ChiselIOPMP/src/main/scala/IopmpChecker.scala
[23:55:06] [spechunter] [Read] /home/yzs/riscv/XiangShan/ChiselIOPMP/src/main/scala/IopmpChecker.scala
[23:55:19] [spechunter] [Bash] Check for iopmp reference model in git branches
[23:55:19] [spechunter] [Bash] Check if ChiselIOPMP submodule has any reference model branches
[23:55:19] [spechunter] [Bash] Search entire filesystem for iopmp_ref_model directory
[23:55:19] [spechunter] [Grep] pattern='granularity|hwcfg0.*G\\b|G_field|napot_granularity'
[23:55:19] [spechunter] [Bash] Search for any JSON or Markdown files referring to iopmp_ref_model
[23:55:32] [spechunter] [text] Let me check the PMP code and any more potential IOPMP references
[23:55:32] [spechunter] [Read] /home/yzs/riscv/qemu/target/riscv/pmp.c
[23:55:32] [spechunter] [Read] /home/yzs/riscv/qemu/target/riscv/pmp.h
[23:55:32] [spechunter] [Bash] Search for sticky/write-1-clear/lock patterns in RISC-V code
[23:55:37] [spechunter] [Read] /home/yzs/riscv/rv-isa-sec/spec_ref/riscv-iopmp/iopmp_ref_model/README.md
[23:55:37] [spechunter] [Bash] List top-level files in iopmp_ref_model
[23:55:58] [spechunter] [text] Let me check a few more things — perhaps IOPMP-related code is under a different name or in the process of being added. ...
[23:55:58] [spechunter] [Bash] Check what's modified in this working tree
[23:55:58] [spechunter] [Bash] Search for any IO-PMP pattern variations
[23:55:58] [spechunter] [Bash] Search for any hwcfg register definitions
[23:56:01] [spechunter] [Grep] pattern='0\\.8|v0\\.8|0\\.7|v0\\.7|0\\.6|v0\\.6'
[23:56:01] [spechunter] [Grep] pattern='SPEC_VERSION|spec_version|spec.*ver|spc.*ver'
[23:56:01] [spechunter] [Grep] pattern='RPMI_VERSION|rpmi.*version|RPMI.*VERSION'
[23:56:01] [spechunter] [Grep] pattern='f0|f1|f2|f3|flag0|flag1|flag2|flag3'
[23:56:01] [spechunter] [Grep] pattern='HWCFG|hw_cfg|HwCfg'
[23:56:01] [spechunter] [Bash] Search git history for RDSM/RMI/ref_model related commits
[23:56:01] [spechunter] [Bash] Search commit messages for relevant terms
[23:56:12] [spechunter] [Read] /home/yzs/riscv/rv-isa-sec/spec_ref/riscv-iopmp/iopmp_ref_model/include/iopmp.h
[23:56:12] [spechunter] [Read] /home/yzs/riscv/rv-isa-sec/spec_ref/riscv-iopmp/iopmp_ref_model/include/config.h
[23:56:12] [spechunter] [Read] /home/yzs/riscv/rv-isa-sec/spec_ref/riscv-iopmp/iopmp_ref_model/include/iopmp_registers.h
[23:56:23] [spechunter] [Read] /home/yzs/riscv/opensbi/lib/utils/mailbox/fdt_mailbox_rpmi_shmem.c
[23:56:23] [spechunter] [Read] /home/yzs/riscv/opensbi/lib/utils/mpxy/fdt_mpxy_rpmi_mm.c
[23:56:23] [spechunter] [Read] /home/yzs/riscv/opensbi/lib/utils/mpxy/fdt_mpxy_rpmi_mbox.c
[23:56:28] [spechunter] [Read] /home/yzs/riscv/rv-isa-sec/spec_ref/riscv-iopmp/iopmp_ref_model/CONTRIBUTORS.md
[23:56:28] [spechunter] [Grep] pattern='granularity|NAPOT|gen_granularity'
[23:56:28] [spechunter] [Read] /home/yzs/riscv/rv-isa-sec/spec_ref/riscv-iopmp/iopmp_ref_model/src/iopmp_rule_analyzer.c
[23:56:28] [spechunter] [Read] /home/yzs/riscv/rv-isa-sec/spec_ref/riscv-iopmp/iopmp_ref_model/src/iopmp_reg.c
[23:56:44] [spechunter] [Grep] pattern='domain.*security|security.*domain|secure.*monitor|tvm|trusted.*vm'
[23:56:44] [spechunter] [Grep] pattern='hardware.*config|config.*register|HW.*CFG'
[23:56:44] [spechunter] [Bash] Search broadly across all source and doc files
[23:56:44] [spechunter] [Read] /home/yzs/riscv/opensbi/semantic_finding_rdsm_domain_protection.json
[23:56:44] [spechunter] [Bash] List config files
[23:56:48] [spechunter] [Bash] View the current diff to understand the change
[23:56:48] [spechunter] [Read] /home/yzs/riscv/qemu/hw/riscv/riscv-iommu.c
[23:57:16] [spechunter] [text] Both location sets are empty, so I need to independently discover the relevant code locations based on the PR context. L...
[23:57:16] [spechunter] [Grep] pattern='HWCFG2_en|HWCFG3_en|non_prio_en'
[23:57:16] [spechunter] [Grep] pattern='HWCFG0|hwcfg0'
[23:57:16] [spechunter] [Grep] pattern='HWCFG2|hwcfg2'
[23:57:16] [spechunter] [Grep] pattern='non_prio|nonprio'
[23:57:23] [spechunter] [Grep] pattern='reg_entryoffset_addr_offset|ENTRYOFFSET|entryoffset'
[23:57:23] [spechunter] [Grep] pattern='ENTRYOFFSET|HWCFG2_OFFSET|HWCFG3_OFFSET|no_err_rec|msi_sel|msi_en'
[23:57:23] [spechunter] [Read] /home/yzs/riscv/rv-isa-sec/spec_ref/riscv-iopmp/iopmp_ref_model/src/iopmp_validate.c
[23:57:41] [spechunter] [text] None of the spec strings exist yet in the codebase. Let me look at the actual modifications in the changed file and sear...
[23:57:41] [spechunter] [Bash] Show diff of modified IOMMU file
[23:57:41] [spechunter] [Grep] pattern='HWCFG|caps.*register|CAPS'
[23:57:41] [spechunter] [Grep] pattern='riscv_iommu_reg'
[23:57:56] [spechunter] [text] ## Review Result  ```json {   "locations": [],   "removed_locations": [],   "merge_notes": "No locations found in OpenSB...
[23:58:10] [spechunter] [text] The PR description mentions HWCFG bits and v0.8.1, but the actual code diff in `hw/riscv/riscv-iommu.c` only adds a vali...
[23:58:10] [spechunter] [Read] /home/yzs/riscv/qemu/hw/riscv/riscv-iommu.c
[23:58:10] [spechunter] [Grep] pattern='RISCV_IOMMU_DC_IOHGATP_MODE_BARE|RISCV_IOMMU_DC_MSIPTP_MODE'
[23:58:42] [spechunter] [text] The PR mentions HWCFG bits (`HWCFG2_en`, `HWCFG3_en`, `non_prio_en`) but the actual code diff only adds a validation gua...
[23:58:42] [spechunter] [Grep] pattern='HWCFG'
[23:58:42] [spechunter] [Glob] **/riscv-iommu*
[23:58:42] [spechunter] [Grep] pattern='non_prio'
[23:58:42] [spechunter] [Agent] description, prompt
[23:58:42] [spechunter] [Agent] description, prompt
[23:59:00] [spechunter] [Grep] pattern='iopmp'
[23:59:00] [spechunter] [Grep] pattern='IOPMP'
[23:59:00] [spechunter] [Grep] pattern='HWCFG0|HWCFG2|HWCFG3|ENTRYOFFSET'
[23:59:00] [spechunter] [Glob] **/*iopmp*
[23:59:00] [spechunter] [Glob] **/*IOPMP*
[23:59:03] [spechunter] [text] Now let me read the critical code sections for precise location references.  
[23:59:03] [spechunter] [Read] /home/yzs/riscv/XiangShan/ChiselIOPMP/src/main/scala/IopmpChecker.scala
[23:59:03] [spechunter] [Read] /home/yzs/riscv/XiangShan/ChiselIOPMP/src/main/scala/IopmpChecker.scala
[23:59:03] [spechunter] [Read] /home/yzs/riscv/XiangShan/ChiselIOPMP/src/main/scala/IopmpChecker.scala
[23:59:09] [spechunter] [Grep] pattern='HWCFG|hwcfg|CAP_'
[23:59:09] [spechunter] [Grep] pattern='cap|CAP'
[23:59:09] [spechunter] [Grep] pattern='HWCFG|reference.model|v0\\\\.8'
[23:59:20] [spechunter] [text] Now let me read the entry attribute usage and the Ctrl FSM to trace how bits are consumed.  
[23:59:20] [spechunter] [Read] /home/yzs/riscv/XiangShan/ChiselIOPMP/src/main/scala/IopmpChecker.scala
[23:59:20] [spechunter] [Read] /home/yzs/riscv/XiangShan/ChiselIOPMP/src/main/scala/IopmpChecker.scala
[23:59:20] [spechunter] [Read] /home/yzs/riscv/XiangShan/ChiselIOPMP/src/main/scala/IopmpChecker.scala
[23:59:26] [spechunter] [Bash] List top-level directory structure under spec_ref
[23:59:26] [spechunter] [Glob] **/*[iI][oO][pP][mM][pP]*
[23:59:26] [spechunter] [Grep] pattern='(?i)iopmp'
[23:59:26] [spechunter] [Grep] pattern='HWCFG[0-3]|ENTRYOFFSET'
[23:59:39] [spechunter] [Bash] Full directory listing of riscv-iopmp
[23:59:39] [spechunter] [Read] /home/yzs/riscv/rv-isa-sec/spec_ref/riscv-iopmp/iopmp_ref_model/include/iopmp_registers.h
[23:59:39] [spechunter] [Grep] pattern='HWCFG[0-9]|ENTRYOFFSET'
[23:59:40] [spechunter] [Read] /home/yzs/riscv/opensbi/docs/domain_support.md
[23:59:40] [spechunter] [Grep] pattern='iopmp|IOPMP'
[23:59:40] [spechunter] [Grep] pattern='iopmp|IOMMU|IO.?PMP'
[23:59:40] [spechunter] [Grep] pattern='SBI_PMP|sbi_pmp|iopmp'
[23:59:47] [spechunter] [Read] /home/yzs/riscv/rv-isa-sec/spec_ref/riscv-iopmp/chapter2.adoc
[23:59:47] [spechunter] [Read] /home/yzs/riscv/rv-isa-sec/spec_ref/riscv-iopmp/chapter4.adoc
[23:59:47] [spechunter] [Read] /home/yzs/riscv/rv-isa-sec/spec_ref/riscv-iopmp/extensions/registers.adoc
[23:59:47] [spechunter] [Read] /home/yzs/riscv/rv-isa-sec/spec_ref/riscv-iopmp/application_note/application_note_registers.adoc
[23:59:58] [spechunter] [Read] /home/yzs/riscv/XiangShan/ChiselIOPMP/src/main/scala/IopmpChecker.scala
[23:59:58] [spechunter] [Read] /home/yzs/riscv/XiangShan/ChiselIOPMP/src/main/scala/IopmpChecker.scala
[23:59:58] [spechunter] [Read] /home/yzs/riscv/XiangShan/ChiselIOPMP/src/main/scala/IopmpChecker.scala
[23:59:58] [spechunter] [Grep] pattern='IOMMU|io_pmp|io.?protection|SBI_PMU_IO'
[23:59:58] [spechunter] [Grep] pattern='domain.*memregion|memregion.*domain'
[23:59:58] [spechunter] [Grep] pattern='sbi_domain_memregion'
[23:59:58] [spechunter] [Glob] **/pmp/**
[23:59:58] [spechunter] [Glob] **/*pmp*
[00:00:00] [spechunter] [Glob] **/reference_model/**
[00:00:00] [spechunter] [Grep] pattern='reference.model|ref_model|riscv-iommu-spec'
[00:00:00] [spechunter] [Grep] pattern='riscv_iommu_validate_device_ctx'
[00:00:09] [spechunter] [Read] /home/yzs/riscv/rv-isa-sec/spec_ref/riscv-iopmp/iopmp_ref_model/include/iopmp.h
[00:00:09] [spechunter] [Read] /home/yzs/riscv/rv-isa-sec/spec_ref/riscv-iopmp/iopmp_ref_model/README.md
[00:00:10] [spechunter] [Read] /home/yzs/riscv/rv-isa-sec/spec_ref/riscv-iopmp/iopmp_ref_model/include/iopmp_registers.h
[00:00:10] [spechunter] [Grep] pattern='ENTRYOFFSET|entryoffset|entry_offset'
[00:00:21] [spechunter] [text] Let me check the recent commit message and the full scope of changes on the branch.  
[00:00:21] [spechunter] [Bash] Check recent commits on current branch
[00:00:21] [spechunter] [Bash] Show diff vs master for all files
[00:00:30] [spechunter] [Grep] pattern='IOPMP|iopmp'
[00:00:30] [spechunter] [Grep] pattern='IOPMP|iopmp'
[00:00:30] [spechunter] [Grep] pattern='IOPMP|iopmp'
[00:00:30] [spechunter] [Grep] pattern='IOPMP|iopmp'
[00:00:30] [spechunter] [Grep] pattern='IOPMP|iopmp'
[00:00:40] [spechunter] [text] Now let me read the reference model ERR_CFG to confirm the msi_en→msi_sel rename and check the interrup/error suppressio...
[00:00:40] [spechunter] [Read] /home/yzs/riscv/rv-isa-sec/spec_ref/riscv-iopmp/iopmp_ref_model/include/iopmp_registers.h
[00:00:40] [spechunter] [Read] /home/yzs/riscv/XiangShan/ChiselIOPMP/src/main/scala/IopmpChecker.scala
[00:00:47] [spechunter] [Grep] pattern='IOPMP|iopmp'
[00:00:47] [spechunter] [Bash] List SBI header files
[00:00:47] [spechunter] [Grep] pattern='HWCFG|ENTRYOFFSET'
[00:00:58] [spechunter] [text] Now let me also look at the commit that's relevant to the PR title vs the actual code diff on disk
[00:00:58] [spechunter] [Read] /home/yzs/riscv/qemu/hw/riscv/riscv-iommu.c
[00:00:58] [spechunter] [Read] /home/yzs/riscv/qemu/hw/riscv/riscv-iommu-bits.h
[00:01:12] [spechunter] [Bash] List platform directory contents
[00:01:12] [spechunter] [Grep] pattern='iopmp|IOPMP'
[00:01:40] [spechunter] [TodoWrite] 7 items
[00:02:32] [spechunter] [Grep] pattern='REG_|HWCF|FCTRL|_en\\b|non_prio'
[00:02:32] [spechunter] [Grep] pattern='REG_|register|tr_mask|hwcfg'
[00:02:32] [spechunter] [Read] /home/yzs/riscv/rv-isa-sec/spec_ref/riscv-iopmp/iopmp_ref_model/include/iopmp_registers.h
[00:02:32] [spechunter] [Grep] pattern='entry_cfg_t|ENTRY_CFG'
[00:02:42] [spechunter] [text] Now let me verify the key finding by reading the one file that mentions IOPMP in OpenSBI, and also confirm by looking at...
[00:02:42] [spechunter] [Grep] pattern='iopmp'
[00:02:42] [spechunter] [Grep] pattern='HWCFG|ENTRYOFFSET|hwcfg'
[00:02:45] [spechunter] [text] Now let me look at the call sites and other relevant context-affecting code
[00:02:45] [spechunter] [Read] /home/yzs/riscv/qemu/hw/riscv/riscv-iommu.c
[00:02:45] [spechunter] [Read] /home/yzs/riscv/qemu/hw/riscv/riscv-iommu.c
[00:02:45] [spechunter] [Read] /home/yzs/riscv/qemu/hw/riscv/riscv-iommu.c
[00:02:57] [spechunter] [Grep] pattern='iopmp|IOPMP'
[00:02:57] [spechunter] [Grep] pattern='0x08|0x10|0x14'
[00:03:07] [spechunter] [Grep] pattern='FCTL|fctl'
[00:03:07] [spechunter] [Read] /home/yzs/riscv/qemu/hw/riscv/riscv-iommu-bits.h
[00:03:07] [spechunter] [Read] /home/yzs/riscv/qemu/hw/riscv/riscv-iommu.c
[00:03:08] [spechunter] [text] Now let me read the one file that mentions IOPMP to confirm it's just documentation
[00:03:08] [spechunter] [Read] /home/yzs/riscv/opensbi/docs/domain_support.md
[00:03:26] [spechunter] [text] Now I have a complete picture. Here is the final reviewed location set.  Both the fast-path (entity-index) and slow-path...
[00:03:45] [spechunter] [text] The analysis is complete. OpenSBI does not implement any IOPMP hardware register access code whatsoever. Here is the fin...
[00:03:46] [spechunter] [text] Let me start by exploring the IOPMP-related code and spec documents.  
[00:03:46] [spechunter] [Agent] description, prompt
[00:04:10] [spechunter] [Grep] pattern='(?i)iopmp'
[00:04:10] [spechunter] [Glob] **/*iopmp*
[00:04:10] [spechunter] [Glob] **/*IOPMP*
[00:04:10] [spechunter] [Grep] pattern='ENTRYOFFSET|HWCFG0|HWCFG1|HWCFG2|HWCFG3|prio_ent_prog|rrid_transl_prog|non_prio_en|hwcfg2_t|hwcfg3_t'
[00:04:10] [spechunter] [Bash] List all directories under spec_ref
[00:04:10] [spechunter] [Grep] pattern='(?i)iopmp'
[00:04:23] [spechunter] [text] Now I have all the data I need. Let me compile the full findings into the JSON output.  
[00:04:23] [spechunter] [TodoWrite] 7 items
[00:04:52] [spechunter] [Read] /home/yzs/riscv/rv-isa-sec/spec_ref/riscv-iopmp/iopmp.adoc
[00:04:52] [spechunter] [Read] /home/yzs/riscv/rv-isa-sec/spec_ref/riscv-iopmp/extensions/registers.adoc
[00:04:52] [spechunter] [Read] /home/yzs/riscv/rv-isa-sec/spec_ref/riscv-iopmp/libiopmp/include/libiopmp.h
[00:04:52] [spechunter] [Read] /home/yzs/riscv/rv-isa-sec/spec_ref/riscv-iopmp/iopmp_ref_model/include/iopmp.h
[00:04:52] [spechunter] [Grep] pattern='(?i)iopmp|IOPMP'
[00:04:52] [spechunter] [Grep] pattern='(?i)iopmp|IOPMP'
[00:04:52] [spechunter] [Grep] pattern='(?i)iopmp|IOPMP'
[00:05:49] [spechunter] [Bash] Full directory tree of riscv-iopmp spec
[00:05:49] [spechunter] [Read] /home/yzs/riscv/rv-isa-sec/spec_ref/riscv-iopmp/intro.adoc
[00:05:49] [spechunter] [Read] /home/yzs/riscv/rv-isa-sec/spec_ref/riscv-iopmp/extensions/non_priority_entries.adoc
[00:05:49] [spechunter] [Read] /home/yzs/riscv/rv-isa-sec/spec_ref/riscv-iopmp/extensions/programming.adoc
[00:05:49] [spechunter] [Read] /home/yzs/riscv/rv-isa-sec/spec_ref/riscv-iopmp/libiopmp/README.md
[00:05:49] [spechunter] [Read] /home/yzs/riscv/rv-isa-sec/spec_ref/riscv-iopmp/iopmp_ref_model/README.md
[00:06:28] [spechunter] [Grep] pattern='ENTRYOFFSET|HWCFG0|HWCFG1|HWCFG2|HWCFG3'
[00:06:28] [spechunter] [Read] /home/yzs/riscv/rv-isa-sec/spec_ref/riscv-iopmp/chapter2.adoc
[00:06:28] [spechunter] [Read] /home/yzs/riscv/rv-isa-sec/spec_ref/riscv-iopmp/chapter3.adoc
[00:06:28] [spechunter] [Read] /home/yzs/riscv/rv-isa-sec/spec_ref/riscv-iopmp/iopmp_ref_model/include/iopmp_registers.h
[00:06:28] [spechunter] [Read] /home/yzs/riscv/rv-isa-sec/spec_ref/riscv-iopmp/extensions/adoc
[00:06:28] [spechunter] [Read] /home/yzs/riscv/rv-isa-sec/spec_ref/riscv-iopmp/libiopmp/src/libiopmp_def.h
[00:06:41] [spechunter] [Grep] pattern='(?i)iopmp'
[00:06:41] [spechunter] [Read] /home/yzs/riscv/rv-isa-sec/spec_ref/riscv-iopmp/extensions.adoc
[00:06:48] [spechunter] [text] Now I have all the evidence. Let me compile the comprehensive findings.  
[00:06:48] [spechunter] [Write] /home/yzs/riscv/XiangShan/iopmp_hwcfg_v081_findings.json
[00:06:51] [spechunter] [Read] /home/yzs/riscv/XiangShan/iopmp_hwcfg_v081_findings.json
[00:08:38] [spechunter] [text] Now let me read the key spec files to verify the register layout and provide proper spec citations.  
[00:08:38] [spechunter] [Read] /home/yzs/riscv/rv-isa-sec/spec_ref/riscv-iopmp/iopmp_ref_model/include/iopmp_registers.h
[00:08:38] [spechunter] [Read] /home/yzs/riscv/rv-isa-sec/spec_ref/riscv-iopmp/extensions/registers.adoc
[00:08:57] [spechunter] [text] Now let me read the baseline registers spec and the non-priority entries extension for completeness.  
[00:08:57] [spechunter] [Glob] **/riscv-iopmp/chapter4.adoc
[00:08:57] [spechunter] [Read] /home/yzs/riscv/rv-isa-sec/spec_ref/riscv-iopmp/extensions/non_priority_entries.adoc
[00:09:05] [spechunter] [Read] /home/yzs/riscv/rv-isa-sec/spec_ref/riscv-iopmp/chapter4.adoc
[00:09:15] [spechunter] [text] Let me also check the HWCFG3 spec from the application note and the reference model's register read/write logic for the ...
[00:09:15] [spechunter] [Grep] pattern='HWCFG3|rrid_transl_prog|rrid_transl_en'
[00:09:15] [spechunter] [Read] /home/yzs/riscv/rv-isa-sec/spec_ref/riscv-iopmp/iopmp_ref_model/src/iopmp_reg.c
[00:09:41] [spechunter] [text] Now let me check the application note register definitions for HWCFG3 and the iopmp.h header for key data structures
[00:09:41] [spechunter] [Read] /home/yzs/riscv/rv-isa-sec/spec_ref/riscv-iopmp/application_note/application_note_registers.adoc
[00:09:41] [spechunter] [Grep] pattern='prio_ent_prog|rrid_transl_prog|non_prio_en|write-1-clear|W1CS|sticky'
[00:10:15] [spechunter] [text] Now I have a complete picture. Let me verify one more detail about the reference model's write-1-clear logic.  
[00:10:15] [spechunter] [Read] /home/yzs/riscv/rv-isa-sec/spec_ref/riscv-iopmp/iopmp_ref_model/include/iopmp.h
[00:10:25] [spechunter] [text] That file already has a previous granularity finding. I'll write the new v0.8.1 layout findings to a separate file
[00:10:25] [spechunter] [Write] /home/yzs/riscv/XiangShan/iopmp_hwcfg_v081_layout_findings.json
[00:10:51] [spechunter] [TodoWrite] 7 items
[00:11:05] [spechunter] [text] Now I have all the information needed. Let me compile the analysis.  **Summary**: QEMU at `/home/yzs/riscv/qemu` has **n...
[00:11:28] [spechunter] [text] Findings written to `iopmp_hwcfg_v081_layout_findings.json`. Here is the summary:  ---  ## IOPMP HWCFG v0.8.1 Layout Vio...
[00:12:03] [spechunter] [text] Let me read the key source files to cross-validate the locations against the actual PR changes
[00:12:03] [spechunter] [Read] /home/yzs/riscv/XiangShan/ChiselIOPMP/src/main/scala/IopmpChecker.scala
[00:12:03] [spechunter] [Read] /home/yzs/riscv/XiangShan/ChiselIOPMP/src/main/scala/IopmpChecker.scala
[00:12:03] [spechunter] [Read] /home/yzs/riscv/XiangShan/ChiselIOPMP/src/main/scala/IopmpChecker.scala
[00:12:03] [spechunter] [Read] /home/yzs/riscv/XiangShan/ChiselIOPMP/src/main/scala/IopmpChecker.scala
[00:12:21] [spechunter] [Read] /home/yzs/riscv/XiangShan/ChiselIOPMP/src/main/scala/IopmpChecker.scala
[00:12:21] [spechunter] [Read] /home/yzs/riscv/XiangShan/ChiselIOPMP/src/main/scala/IopmpChecker.scala
[00:12:21] [spechunter] [Read] /home/yzs/riscv/XiangShan/ChiselIOPMP/src/main/scala/IopmpChecker.scala
[00:12:21] [spechunter] [Read] /home/yzs/riscv/XiangShan/ChiselIOPMP/src/main/scala/IopmpChecker.scala
[00:12:34] [spechunter] [Read] /home/yzs/riscv/XiangShan/ChiselIOPMP/src/main/scala/IopmpChecker.scala
[00:12:34] [spechunter] [Read] /home/yzs/riscv/XiangShan/ChiselIOPMP/src/main/scala/IopmpChecker.scala
[00:12:34] [spechunter] [Read] /home/yzs/riscv/XiangShan/ChiselIOPMP/src/main/scala/IopmpChecker.scala
[00:12:34] [spechunter] [Read] /home/yzs/riscv/XiangShan/ChiselIOPMP/src/main/scala/IopmpChecker.scala
[00:12:34] [spechunter] [Read] /home/yzs/riscv/XiangShan/ChiselIOPMP/src/main/scala/IopmpChecker.scala
[00:12:42] [spechunter] [text] Now let me look at the interrupt logic area and the remaining referenced sections
[00:12:42] [spechunter] [Read] /home/yzs/riscv/XiangShan/ChiselIOPMP/src/main/scala/IopmpChecker.scala
[00:12:42] [spechunter] [Read] /home/yzs/riscv/XiangShan/ChiselIOPMP/src/main/scala/IopmpChecker.scala
[00:12:42] [spechunter] [Read] /home/yzs/riscv/XiangShan/ChiselIOPMP/src/main/scala/Iopmp.scala
[00:12:42] [spechunter] [Read] /home/yzs/riscv/XiangShan/ChiselIOPMP/src/main/scala/IopmpBridge.scala
[00:13:08] [spechunter] [Grep] pattern='reg_hwcfg3|hwcfg3|HWCFG3'
[00:13:08] [spechunter] [Grep] pattern='non_prio|non_prio_en|prio_en'
[00:13:42] [spechunter] [text] Now I have enough context to cross-validate. Let me verify a few more things about what's missing vs what's present.  
[00:13:42] [spechunter] [Grep] pattern='hwcfg2_en|hwcfg3_en|HWCFG2_en|HWCFG3_en|non_prio_en|non_prio'
[00:13:42] [spechunter] [Grep] pattern='hwcfg3|HWCFG3'
[00:14:58] [spechunter] [text] Now I have a complete picture. Let me produce the final cross-validated location set.  ```json {   "locations": [     { ...
[00:15:32] [spechunter] [Agent] description, subagent_type
[00:15:32] [spechunter] [Agent] description, subagent_type
[00:15:50] [spechunter] [Bash] List top-level contents of spec_ref directory
[00:15:50] [spechunter] [Glob] **/*IOPMP*
[00:15:50] [spechunter] [Glob] **/*iopmp*
[00:15:50] [spechunter] [Glob] **/*
[00:16:09] [spechunter] [Read] /home/yzs/riscv/rv-isa-sec/spec_ref/riscv-iopmp/iopmp.adoc
[00:16:09] [spechunter] [Read] /home/yzs/riscv/rv-isa-sec/spec_ref/riscv-iopmp/iopmp_ref_model/include/iopmp_registers.h
[00:16:09] [spechunter] [Read] /home/yzs/riscv/rv-isa-sec/spec_ref/riscv-iopmp/libiopmp/include/libiopmp.h
[00:16:09] [spechunter] [Read] /home/yzs/riscv/rv-isa-sec/spec_ref/riscv-iopmp/libiopmp/src/libiopmp_def.h
[00:16:11] [spechunter] [Grep] pattern='(?i)iopmp'
[00:16:11] [spechunter] [Grep] pattern='(?i)hwcfg'
[00:16:11] [spechunter] [Grep] pattern='chk_x|ENTRYOFFSET|peis|pees|sps_en|stall_en|mfr_en|no_x|no_w|mdcfg_fmt|srcmd_fmt'
[00:16:11] [spechunter] [Grep] pattern='(?i)IOPMP'
[00:16:11] [spechunter] [Glob] **/*iopmp*
[00:16:11] [spechunter] [Glob] **/*IOPMP*
[00:16:28] [spechunter] [Glob] chapter*.adoc
[00:16:28] [spechunter] [Glob] intro.adoc
[00:16:28] [spechunter] [Grep] pattern='0\\.8\\.1'
[00:16:29] [spechunter] [Read] /home/yzs/riscv/XiangShan/ChiselIOPMP/src/main/scala/IopmpChecker.scala
[00:16:29] [spechunter] [Read] /home/yzs/riscv/XiangShan/ChiselIOPMP/src/main/scala/Iopmp.scala
[00:16:29] [spechunter] [Read] /home/yzs/riscv/XiangShan/ChiselIOPMP/src/main/scala/IopmpBridge.scala
[00:16:29] [spechunter] [Read] /home/yzs/riscv/XiangShan/ChiselIOPMP/build.sc
[00:16:43] [spechunter] [Grep] pattern='(?i)iopmp|IOPMP'
[00:16:43] [spechunter] [Grep] pattern='(?i)iopmp|IOPMP'
[00:16:43] [spechunter] [Grep] pattern='(?i)iopmp|IOPMP'
[00:16:43] [spechunter] [Grep] pattern='(?i)iopmp|IOPMP'
[00:16:43] [spechunter] [Glob] **/build/rtl/*.sv
[00:17:06] [spechunter] [Grep] pattern='(?i)iopmp|IOPMP'
[00:17:06] [spechunter] [Read] /home/yzs/riscv/XiangShan/ChiselIOPMP/README.md
[00:17:06] [spechunter] [Grep] pattern='(?i)iopmp|IOPMP'
[00:17:10] [spechunter] [Read] /home/yzs/riscv/rv-isa-sec/spec_ref/riscv-iopmp/chapter2.adoc
[00:17:10] [spechunter] [Read] /home/yzs/riscv/rv-isa-sec/spec_ref/riscv-iopmp/chapter3.adoc
[00:17:10] [spechunter] [Read] /home/yzs/riscv/rv-isa-sec/spec_ref/riscv-iopmp/iopmp_ref_model/README.md
[00:17:15] [spechunter] [Read] /home/yzs/riscv/XiangShan/src/test/scala/top/SimMMIO.scala
[00:17:15] [spechunter] [Read] /home/yzs/riscv/XiangShan/ChiselIOPMP/Makefile
[00:17:29] [spechunter] [Read] /home/yzs/riscv/rv-isa-sec/spec_ref/riscv-iopmp/chapter4.adoc
[00:17:29] [spechunter] [Read] /home/yzs/riscv/rv-isa-sec/spec_ref/riscv-iopmp/libiopmp/src/iopmp_drv_common.h
[00:17:29] [spechunter] [Glob] **/config.h
[00:17:49] [spechunter] [Read] /home/yzs/riscv/rv-isa-sec/spec_ref/riscv-iopmp/extensions.adoc
[00:17:49] [spechunter] [Read] /home/yzs/riscv/rv-isa-sec/spec_ref/riscv-iopmp/iopmp_ref_model/include/config.h
[00:17:49] [spechunter] [Glob] extensions.adoc
[00:18:02] [spechunter] [Glob] registers.adoc
[00:18:02] [spechunter] [Glob] *.adoc
[00:18:40] [spechunter] [Read] /home/yzs/riscv/rv-isa-sec/spec_ref/riscv-iopmp/extensions/registers.adoc
[00:18:40] [spechunter] [Read] /home/yzs/riscv/rv-isa-sec/spec_ref/riscv-iopmp/application_note/iopmp_models.adoc
[00:19:32] [spechunter] [text] Let me read the key RTL file and check the IOPMP spec references.  
[00:19:32] [spechunter] [Read] /home/yzs/riscv/XiangShan/ChiselIOPMP/src/main/scala/IopmpChecker.scala
[00:19:32] [spechunter] [Read] /home/yzs/riscv/XiangShan/ChiselIOPMP/src/main/scala/IopmpChecker.scala
[00:19:32] [spechunter] [Read] /home/yzs/riscv/XiangShan/ChiselIOPMP/src/main/scala/IopmpChecker.scala
[00:19:32] [spechunter] [Bash] List spec reference directories
[00:19:37] [spechunter] [Bash] List all IOPMP spec files
[00:20:06] [spechunter] [Bash] Find IOPMP spec document files
[00:20:06] [spechunter] [Bash] Check git log for spec version info
[00:20:06] [spechunter] [stderr] 
Shell cwd was reset to /home/yzs/riscv/XiangShan
[00:20:47] [spechunter] [Bash] Search for HWCFG register defs in chapter4
[00:20:47] [spechunter] [Bash] Search for HWCFG register defs in chapter2
[00:20:47] [spechunter] [Bash] Search for HWCFG register defs in extensions
[00:21:17] [spechunter] [text] Now let me read the spec's HWCFG0 and HWCFG2 definitions more carefully, plus the entryoffset definition.  
[00:21:17] [spechunter] [Read] /home/yzs/riscv/rv-isa-sec/spec_ref/riscv-iopmp/chapter4.adoc
[00:21:17] [spechunter] [Read] /home/yzs/riscv/rv-isa-sec/spec_ref/riscv-iopmp/extensions/registers.adoc
[00:21:30] [spechunter] [Read] /home/yzs/riscv/rv-isa-sec/spec_ref/riscv-iopmp/chapter4.adoc
[00:23:13] [spechunter] [text] Let me check the VERSION register implementation and the ENTRYOFFSET handling
[00:23:13] [spechunter] [Grep] pattern='reg_version|VERSION|specver|version.*toUInt'
[00:23:13] [spechunter] [Grep] pattern='class RegVersion|class RegImplementation|reg_version|reg_implementation'
[00:23:25] [spechunter] [Read] /home/yzs/riscv/XiangShan/ChiselIOPMP/src/main/scala/IopmpChecker.scala
[00:23:25] [spechunter] [Grep] pattern='addrhit'
[00:25:14] [spechunter] [Bash] Search spec for fields not found in baseline
[00:25:14] [spechunter] [Read] /home/yzs/riscv/rv-isa-sec/spec_ref/riscv-iopmp/application_note/application_note_registers.adoc
[00:26:39] [spechunter] [Read] /home/yzs/riscv/XiangShan/ChiselIOPMP/README.md
[00:26:39] [spechunter] [Bash] Check ChiselIOPMP git history
[00:27:55] [spechunter] [text] Now I have a clear picture. Let me verify the spec ENTRYOFFSET offset and also compare the `specver` field more carefull...
[00:27:55] [spechunter] [Read] /home/yzs/riscv/rv-isa-sec/spec_ref/riscv-iopmp/chapter4.adoc
[00:27:55] [spechunter] [Bash] Verify ENTRYOFFSET offset in spec
[00:27:55] [spechunter] [Bash] Verify spec version encoding in spec
[00:30:07] [spechunter] [Grep] pattern='hwcfg3|HWCFG3|hwcfguser|HWCFG_USER'
[00:30:07] [spechunter] [Grep] pattern='o_reg_hwcfg|o_reg_errcfg'
[00:33:36] [spechunter] [text] Now I have a complete picture. Let me also check the access logic to confirm how `no_w` flows into security decisions.  
[00:33:36] [spechunter] [Read] /home/yzs/riscv/XiangShan/ChiselIOPMP/src/main/scala/IopmpChecker.scala
[00:33:36] [spechunter] [Read] /home/yzs/riscv/XiangShan/ChiselIOPMP/src/main/scala/IopmpChecker.scala
[00:34:48] [spechunter] [text] Now I have all the data needed for a thorough audit. Let me verify one more detail about the `chk_x` field and the HWCFG...
[00:34:48] [spechunter] [Bash] Search for chk_x in IOPMP spec
[00:34:48] [spechunter] [Bash] Check xinr and no_err_rec in spec
[00:36:42] [spechunter] [text] Now I have a comprehensive picture. Let me verify the address offset decoding logic and the `addr_offset` derivation to ...
[00:36:42] [spechunter] [Read] /home/yzs/riscv/XiangShan/ChiselIOPMP/src/main/scala/IopmpChecker.scala
[00:36:58] [spechunter] [Grep] pattern='addr_offset'
[00:43:56] [spechunter] [text] Now I have all the data needed for a comprehensive analysis. Let me also check the FSM bypass path when `enable=0` to co...
[00:43:56] [spechunter] [Read] /home/yzs/riscv/XiangShan/ChiselIOPMP/src/main/scala/IopmpChecker.scala
[00:48:05] [spechunter] [text] Now I have all the data needed. Let me compile the comprehensive security audit
[00:48:05] [spechunter] [Read] /home/yzs/riscv/XiangShan/ChiselIOPMP/src/main/scala/IopmpChecker.scala
[00:51:20] [spechunter] [text] Now I have a comprehensive picture of the RTL and the spec. Let me compile the security audit findings
[00:51:20] [spechunter] [TodoWrite] 7 items
