[06:44:51] [spechunter] PR loaded: #2419 riscv/riscv-isa-manual — "Fix non-normative description of RV32V_Zdinx"
[06:44:51] [spechunter]   diff: 937 chars  body: 51 chars  reviews: 0
[06:44:51] [spechunter] Global pre-filter running...
[06:44:57] [spechunter] [text] {"should_skip": false}
[06:44:58] [spechunter] pre-filter: should_skip=False reason=""
[06:45:06] [spechunter] [text] {"should_skip": true, "skip_reason": "Non-normative documentation fix for RV32V_Zdinx vector extension, which is an appl...
[06:45:07] [spechunter] [text] ```json {"should_skip": true, "skip_reason": "Non-normative description fix for Zdinx (embedded-only FP-in-integer-regis...
[06:45:09] [spechunter] [text] {"should_skip": true, "skip_reason": "Non-normative description fix for RV32 RV32V_Zdinx (embedded-only Zdinx/Zfinx exte...
[06:45:17] [spechunter] [text] {"should_skip": true, "skip_reason": "Non-normative note clarification for Zdinx, an RV32-specific FP-in-integer-registe...
[06:45:21] [spechunter] [text] {"should_skip": false}
[06:46:05] [spechunter] [text] ```json {   "violation_condition": "In QEMU TCG, when XLEN=32 and Zdinx is enabled, vector floating-point instructions w...
[06:46:15] [spechunter] [TodoWrite] 4 items
[06:46:20] [spechunter] [Grep] pattern='vfmv\\.s\\.f|vfmv\\.f\\.s|vfmacc\\.vf|vfnmacc\\.vf|vfmsac\\.vf|vfnmsac\\.vf|vfmadd\\.vf|vfnmadd\\.vf|vfmsub\\.vf|vfnmsub\\.vf|vfmerge\\.vfm|vfdiv\\.vf|vfrdiv\\.vf'
[06:46:26] [spechunter] [Grep] pattern='vfsqrt\\.v|vfwadd\\.vf|vfwsub\\.vf|vfwmacc\\.vf|vfwnmacc\\.vf|vfwmsac\\.vf|vfwnmsac\\.vf|vfslide1up\\.vf|vfslide1down\\.vf|vfrsqrt7\\.v|vfrec7\\.v'
[06:46:27] [spechunter] [Agent] description, prompt
[06:46:39] [spechunter] [Grep] pattern='riscv_cpu_get_fflags|gen_helper_vfmv|gen_nf_vec|vec_fp_scalar|zdinx_scalar|get_fp_reg_zdinx.*XLEN.*32|opfv_nanbox|opfv_zdinx'
[06:46:47] [spechunter] [Grep] pattern='zdinx|ZDINX|Zdinx'
[06:47:02] [spechunter] [Grep] pattern='gen_helper_vfmv|opfv_nanbox|opfv_zdinx|get_fp_reg_zdinx|vec_fp_scalar|zdinx_scalar'
[06:47:10] [spechunter] [Grep] pattern='zdinx'
[06:47:10] [spechunter] [Grep] pattern='dinx'
[06:47:10] [spechunter] [Grep] pattern='gen_helper_vfmv'
[06:47:10] [spechunter] [Grep] pattern='opfv_nanbox'
[06:47:10] [spechunter] [Grep] pattern='opfv_zdinx'
[06:47:10] [spechunter] [Grep] pattern='vec_fp_scalar'
[06:47:10] [spechunter] [Grep] pattern='get_fp_reg_zdinx'
[06:47:20] [spechunter] [Grep] pattern='opfv_nanbox|opfv_zdinx'
[06:47:26] [spechunter] [Grep] pattern='opfv_|nanbox.*zdinx|zdinx.*nanbox'
[06:47:37] [spechunter] [Grep] pattern='gen_helper_vfmv_f_s|gen_helper_vfmv_s_f|gen_helper_vfmv_v_f|GEN_OPFV_TRANS|GEN_OPFVF_TRANS'
[06:47:40] [spechunter] [Grep] pattern='vfmv'
[06:47:40] [spechunter] [Grep] pattern='vec_fp'
[06:47:40] [spechunter] [Grep] pattern='opfv'
[06:47:40] [spechunter] [Grep] pattern='nanbox'
[06:47:40] [spechunter] [Grep] pattern='scalar.*fp|fp.*scalar'
[06:47:40] [spechunter] [Glob] target/riscv/**/trans_vm*.c.inc
[06:47:40] [spechunter] [Glob] target/riscv/**/trans_rvv*.c.inc
[06:47:40] [spechunter] [Glob] target/riscv/vector*.c
[06:47:45] [spechunter] [Grep] pattern='zdinx|Dinx|ZDINX'
[06:47:55] [spechunter] [Read] /home/yzs/riscv/qemu/target/riscv/insn_trans/trans_rvv.c.inc
[06:47:55] [spechunter] [Read] /home/yzs/riscv/qemu/target/riscv/insn_trans/trans_rvv.c.inc
[06:47:55] [spechunter] [Read] /home/yzs/riscv/qemu/target/riscv/translate.c
[06:47:55] [spechunter] [Read] /home/yzs/riscv/qemu/target/riscv/insn_trans/trans_rvd.c.inc
[06:48:02] [spechunter] [Grep] pattern='opfvf_check|do_opfvf|GEN_OPFVF'
[06:48:10] [spechunter] [Read] /home/yzs/riscv/qemu/target/riscv/insn_trans/trans_rvv.c.inc
[06:48:10] [spechunter] [Grep] pattern='vfmv_s_f|vfmv_f_s|trans_vfmv'
[06:48:25] [spechunter] [Grep] pattern='get_fp_reg_zdinx'
[06:48:25] [spechunter] [Grep] pattern='helper.*vfmv|helper.*vfsqrt|helper.*vfrdiv|helper.*vfdiv|helper.*fmerge|helper.*fslide|helper.*fmacc|helper.*fmsac|helper.*fmadd|helper.*fmsub|helper.*fn'
[06:48:32] [spechunter] [Grep] pattern='HELPER.*vfdiv|HELPER.*vfrdiv|HELPER.*vfmacc|HELPER.*vfmsac|HELPER.*vfsqrt|HELPER.*vfslide|HELPER.*vfmv|HELPER.*vfmerge'
[06:48:32] [spechunter] [Grep] pattern='HELPER.*vfred|HELPER.*vfwred|HELPER.*vfredosum|HELPER.*vfredusum'
[06:48:33] [spechunter] [Grep] pattern='do_nanbox'
[06:48:33] [spechunter] [Grep] pattern='static bool do_opfv\\b'
[06:48:33] [spechunter] [Grep] pattern='GEN_OPFVF_BFA_TRANS'
[06:48:33] [spechunter] [Grep] pattern='zfinx|zhinx'
[06:48:33] [spechunter] [Grep] pattern='require_rvf\\b'
[06:48:33] [spechunter] [Grep] pattern='#define require_rvf\\b|#define REQUIRE_FPU\\b'
[06:48:50] [spechunter] [Grep] pattern='vfdiv_vf|vfrdiv_vf|vfmacc_vf|vfmsac_vf|vfsqrt_v'
[06:48:50] [spechunter] [Grep] pattern='GEN_VEXT_VF|DEF_VF_HELPER|vext_vf|vext_vvmf'
[06:48:54] [spechunter] [Read] /home/yzs/riscv/qemu/target/riscv/insn_trans/trans_rvv.c.inc
[06:48:54] [spechunter] [Read] /home/yzs/riscv/qemu/target/riscv/insn_trans/trans_rvv.c.inc
[06:48:54] [spechunter] [Read] /home/yzs/riscv/qemu/target/riscv/insn_trans/trans_rvv.c.inc
[06:48:54] [spechunter] [Grep] pattern='cpu_fpr\\['
[06:48:54] [spechunter] [Grep] pattern='gen_helper_vmv_v'
[06:48:54] [spechunter] [Grep] pattern='helper_vmv_v'
[06:49:01] [spechunter] [Read] /home/yzs/riscv/qemu/target/riscv/vector_helper.c
[06:49:01] [spechunter] [Grep] pattern='do_opfvf'
[06:49:16] [spechunter] [Read] /home/yzs/riscv/qemu/target/riscv/insn_trans/trans_rvv.c.inc
[06:49:16] [spechunter] [Read] /home/yzs/riscv/qemu/target/riscv/insn_trans/trans_rvv.c.inc
[06:49:17] [spechunter] [Grep] pattern='ext_zfinx'
[06:49:17] [spechunter] [Grep] pattern='helper_opfvf|HELPER_OPFVF'
[06:49:17] [spechunter] [Grep] pattern='void HELPER.*vmv_v_x'
[06:49:17] [spechunter] [Read] /home/yzs/riscv/qemu/target/riscv/insn_trans/trans_rvv.c.inc
[06:49:17] [spechunter] [Grep] pattern='ext_zfinx|ext_zdinx|ext_zhinx'
[06:49:38] [spechunter] [Grep] pattern='opfvf_trans'
[06:49:40] [spechunter] [Grep] pattern='cpu_fpr'
[06:49:40] [spechunter] [Grep] pattern='vmv_v_x|vmv_v_f'
[06:49:40] [spechunter] [Read] /home/yzs/riscv/qemu/target/riscv/internals.h
[06:49:40] [spechunter] [Grep] pattern='ext_zfinx'
[06:49:40] [spechunter] [Grep] pattern='zfinx|zdinx|zhinx'
[06:49:40] [spechunter] [Grep] pattern='zfinx|zdinx'
[06:49:47] [spechunter] [Grep] pattern='do_nanbox'
[06:49:47] [spechunter] [Grep] pattern='vfmv_s_f|vfmv_f_s|src1.*fpr|fpr\\[.*rs1\\]|fpr\\[.*rs2\\]|fpr\\[.*rd\\]'
[06:49:56] [spechunter] [Grep] pattern='zdinx|ZDINX'
[06:49:56] [spechunter] [Grep] pattern='require_scale_rvf|require_rvf'
[06:49:59] [spechunter] [Read] /home/yzs/riscv/qemu/target/riscv/insn_trans/trans_rvv.c.inc
[06:50:17] [spechunter] [Grep] pattern='get_fpr_hs\\|get_fpr_d\\|dest_fpr\\|gen_set_fpr'
[06:50:17] [spechunter] [Grep] pattern='gen_helper_vmv_v_x_|gen_helper_opfvf|gen_helper_vmv_v_f|gen_helper_vfmv'
[06:50:17] [spechunter] [Grep] pattern='DEF_HELPER.*vmv_v_x|DEF_HELPER.*opfvf|DEF_HELPER.*opfv'
[06:50:17] [spechunter] [Grep] pattern='mark_fs_dirty'
[06:50:33] [spechunter] [Grep] pattern='REQUIRE_EVEN'
[06:50:33] [spechunter] [Grep] pattern='REQUIRE_ZDINX_OR_D'
[06:50:33] [spechunter] [Grep] pattern='mark_fs_dirty'
[06:50:33] [spechunter] [Grep] pattern='DEF_HELPER.*opfv\\b|DEF_HELPER.*opfvf\\b|DEF_HELPER.*opfvv\\b'
[06:50:33] [spechunter] [Read] /home/yzs/riscv/qemu/target/riscv/insn_trans/trans_rvv.c.inc
[06:50:54] [spechunter] [Grep] pattern='DEF_HELPER.*vfadd_vf|DEF_HELPER.*vfsub_vf|DEF_HELPER.*vfmul_vf|DEF_HELPER.*vfmacc_vf'
[06:50:54] [spechunter] [Grep] pattern='VEUL|vext_get_total_elems'
[06:50:54] [spechunter] [Grep] pattern='GEN_VEXT_VF_OPVF'
[06:51:04] [spechunter] [Grep] pattern='#define GEN_VEXT_VF_OPVF|#define GEN_VEXT_VF_OP'
[06:51:04] [spechunter] [Grep] pattern='Helper function for|vext_vf_add_vf|vfadd_vf'
[06:51:12] [spechunter] [Read] /home/yzs/riscv/qemu/target/riscv/vector_helper.c
[06:51:12] [spechunter] [Read] /home/yzs/riscv/qemu/target/riscv/vector_helper.c
[06:51:12] [spechunter] [Grep] pattern='#define RVVCALL|#define OPFVF|#define OP_UUU'
[06:51:20] [spechunter] [Grep] pattern='#define RVVCALL|#define OP_UUU'
[06:51:20] [spechunter] [Grep] pattern='GEN_OPFVF_SLIDE1_TRANS'
[06:51:35] [spechunter] [Read] /home/yzs/riscv/qemu/target/riscv/vector_helper.c
[06:51:35] [spechunter] [Grep] pattern='GEN_OPIVX_VSLIDE1_TRANS'
[06:52:50] [spechunter] [text] Now let me read the specific code locations to understand the exact mechanism.  
[06:52:50] [spechunter] [Read] /home/yzs/riscv/qemu/target/riscv/insn_trans/trans_rvv.c.inc
[06:52:50] [spechunter] [Read] /home/yzs/riscv/qemu/target/riscv/translate.c
[06:53:08] [spechunter] [text] Now let me read the specific vector instruction transition points and the KVM path.  
[06:53:08] [spechunter] [Read] /home/yzs/riscv/qemu/target/riscv/insn_trans/trans_rvv.c.inc
[06:53:08] [spechunter] [Read] /home/yzs/riscv/qemu/target/riscv/insn_trans/trans_rvv.c.inc
[06:53:08] [spechunter] [Read] /home/yzs/riscv/qemu/target/riscv/insn_trans/trans_rvv.c.inc
[06:53:27] [spechunter] [text] Now let me trace the GEN_OPFVF dispatch chain and check the KVM path.  
[06:53:27] [spechunter] [Read] /home/yzs/riscv/qemu/target/riscv/insn_trans/trans_rvv.c.inc
[06:53:27] [spechunter] [Read] /home/yzs/riscv/qemu/target/riscv/insn_trans/trans_rvv.c.inc
[06:53:27] [spechunter] [Read] /home/yzs/riscv/qemu/target/riscv/insn_trans/trans_rvv.c.inc
[06:53:40] [spechunter] [text] Now let me look at the widen multiply-add path and the KVM ONE_REG Zdinx handling.  
[06:53:40] [spechunter] [Grep] pattern='GEN_OPFVF_WIDEN_TRANS|gen_helper_vfw'
[06:53:40] [spechunter] [Grep] pattern='zdinx|zfinx'
[06:53:40] [spechunter] [Grep] pattern='vfslide1up_vf|vfslide1down_vf|vfrdiv_vf'
[06:53:57] [spechunter] [Grep] pattern='vfw(macc|nmacc|msac|nmsac)|vfn(macc|msac)|vfmsac|vfnmsub'
[06:53:57] [spechunter] [Grep] pattern='vfsqrt_v|vfrsqrt7_v|vfrec7_v'
[06:53:57] [spechunter] [Grep] pattern='zfinx|zdinx|zhinx'
[06:54:13] [spechunter] [Grep] pattern='zfinx|zdinx|zhinx'
[06:54:35] [spechunter] [text] Let me now check how KVM handles Zdinx FP registers and the decode pipeline for vector Zdinx blocking.  
[06:54:35] [spechunter] [Grep] pattern='require_rvf|require_vext'
[06:54:35] [spechunter] [Grep] pattern='require_rvf'
[06:54:45] [spechunter] [Read] /home/yzs/riscv/qemu/target/riscv/insn_trans/trans_rvv.c.inc
[06:54:58] [spechunter] [Grep] pattern='get_fpr_hs|get_fpr_d|ext_zfinx'
[06:54:58] [spechunter] [Grep] pattern='get_fpr_hs|get_fpr_d|ext_zfinx|ext_zdinx|require_even'
[06:54:58] [spechunter] [Read] /home/yzs/riscv/qemu/target/riscv/internals.h
[06:55:16] [spechunter] [TodoWrite] 4 items
[06:55:56] [spechunter] [text] Let me search for the remaining multiply-add .vf instruction macros.  
[06:55:56] [spechunter] [Grep] pattern='GEN_OPFVF_OVERWIDE|GEN_OPFVF_OVERWRITE|fvmacc_vf|vfmadd_vf|vfnmadd_vf|vfmsub_vf'
[06:56:16] [spechunter] [Grep] pattern='ONE_REG|KVM_REG'
[06:56:32] [spechunter] [Grep] pattern='zfinx|zdinx|zhinx|KVM_REG_RISCV_FP|kvm_riscv_reg_id.*FP'
[06:56:40] [spechunter] [Grep] pattern='RISCV_FP_F_REG|RISCV_FP_D_REG|KVM_REG_RISCV_FP'
[06:57:06] [spechunter] [text] Now I have a complete picture. Let me produce the final JSON report.  
[06:57:06] [spechunter] [TodoWrite] 4 items
[06:58:26] [spechunter] [text] ```json {   "vulnerability_class": "missing-zdinx-register-pairing-in-vector-float-scalar",   "target": "qemu",   "pr_ti...
[06:58:40] [spechunter] [Agent] description, subagent_type
[06:59:01] [spechunter] [Grep] pattern='[Zz]dinx'
[06:59:01] [spechunter] [Grep] pattern='zdinx|Zdinx'
[06:59:01] [spechunter] [Grep] pattern='register.pair|reg.*pair|pair.*reg'
[06:59:01] [spechunter] [Grep] pattern='EEW.*64|eew.*64|EEW64'
[06:59:25] [spechunter] [Grep] pattern='vext_check.*fp|vext_check.*float|vext_check.*ee'
[06:59:25] [spechunter] [Grep] pattern='[Zz]dinx'
[06:59:25] [spechunter] [Grep] pattern='vext_check'
[06:59:25] [spechunter] [Grep] pattern='require.*rvv.*zdinx|require.*zdinx|has_zdinx'
[07:00:05] [spechunter] [Read] /home/yzs/riscv/qemu/target/riscv/insn_trans/trans_rvv.c.inc
[07:00:05] [spechunter] [Read] /home/yzs/riscv/qemu/target/riscv/insn_trans/trans_rvd.c.inc
[07:00:05] [spechunter] [Read] /home/yzs/riscv/qemu/target/riscv/cpu.c
[07:00:05] [spechunter] [Grep] pattern='vext_check_isa_ill'
[07:00:26] [spechunter] [Read] /home/yzs/riscv/qemu/target/riscv/insn_trans/trans_rvv.c.inc
[07:00:26] [spechunter] [Grep] pattern='sew.*64|EEW.*64|eew.*64|MO_64'
[07:00:26] [spechunter] [Grep] pattern='vext_check_dds|vext_check_dss|vext_check_sds|vext_check_ds'
[07:00:44] [spechunter] [Grep] pattern='require_scale_rvf|require_rvf|require_zve64d'
[07:00:44] [spechunter] [Grep] pattern='require_rvf|require_scale_rvf'
[07:00:44] [spechunter] [Grep] pattern='opfv_widen_check|opfv_narrow_check|opffv_check|opffv_widen'
[07:01:10] [spechunter] [Read] /home/yzs/riscv/qemu/target/riscv/insn_trans/trans_rvv.c.inc
[07:01:10] [spechunter] [Grep] pattern='zve64d|ext_zve'
[07:01:10] [spechunter] [Grep] pattern='require_zve64d'
[07:01:23] [spechunter] [Read] /home/yzs/riscv/qemu/target/riscv/insn_trans/trans_rvv.c.inc
[07:01:23] [spechunter] [Read] /home/yzs/riscv/qemu/target/riscv/insn_trans/trans_rvv.c.inc
[07:01:23] [spechunter] [Grep] pattern='vext_wide_check_common'
[07:01:35] [spechunter] [Grep] pattern='REQUIRE_EVEN|register.*pair|get_xl.*RV32'
[07:01:35] [spechunter] [Grep] pattern='vext_wide_check_common|sew.*<.*MO_64'
[07:01:35] [spechunter] [Grep] pattern='vfw|vfncvt|vfwcvt|vfadd|vfsub|vfsqrt|vfmul|vfmacc|vfmerge|vfcvt|vfslide'
[07:01:58] [spechunter] [Read] /home/yzs/riscv/qemu/target/riscv/insn_trans/trans_rvv.c.inc
[07:01:58] [spechunter] [Grep] pattern='vext_check_st_index'
[07:01:58] [spechunter] [Grep] pattern='vfw|vext_set_tail_elems_1s|vext_ldst_whole|vlr_v|vext_vv_rm'
[07:02:14] [spechunter] [Read] /home/yzs/riscv/qemu/target/riscv/vector_helper.c
[07:02:14] [spechunter] [Grep] pattern='RVVCALL|H4|H8|H2'
[07:02:14] [spechunter] [Grep] pattern='GETPC.*rv32|RV32.*sew|XLEN.*32.*sew|xl.*rv32.*vect|vext_get_xl'
[07:02:44] [spechunter] [Grep] pattern='get_fpr_d|dest_fpr|get_fpr_hs'
[07:02:44] [spechunter] [Grep] pattern='vfmv_f_s|vfmv_s_f|vfmv_v_f'
[07:02:52] [spechunter] [Grep] pattern='get_fpr_d|dest_fpr|gen_set_fpr_d'
[07:02:52] [spechunter] [Read] /home/yzs/riscv/qemu/target/riscv/insn_trans/trans_rvv.c.inc
[07:02:52] [spechunter] [Read] /home/yzs/riscv/qemu/target/riscv/insn_trans/trans_rvv.c.inc
[07:03:10] [spechunter] [Grep] pattern='get_fpr_d|dest_fpr|gen_set_fpr_d'
[07:03:10] [spechunter] [Grep] pattern='get_fpr_d|dest_fpr|gen_set_fpr_d'
[07:03:21] [spechunter] [Grep] pattern='get_fpr_d|dest_fpr|gen_set_fpr_d'
[07:03:21] [spechunter] [Grep] pattern='opfv_check\\b'
[07:03:41] [spechunter] [Grep] pattern='get_fpr_d|dest_fpr|gen_set_fpr_d'
[07:03:41] [spechunter] [Read] /home/yzs/riscv/qemu/target/riscv/insn_trans/trans_rvv.c.inc
[07:03:41] [spechunter] [Read] /home/yzs/riscv/qemu/target/riscv/insn_trans/trans_rvv.c.inc
[07:03:46] [spechunter] [Read] /home/yzs/riscv/qemu/target/riscv/translate.c
[07:03:46] [spechunter] [Read] /home/yzs/riscv/qemu/target/riscv/translate.c
[07:04:03] [spechunter] [Read] /home/yzs/riscv/qemu/target/riscv/translate.c
[07:04:03] [spechunter] [Read] /home/yzs/riscv/qemu/target/riscv/insn_trans/trans_rvv.c.inc
[07:04:03] [spechunter] [Read] /home/yzs/riscv/qemu/target/riscv/insn_trans/trans_rvv.c.inc
[07:04:11] [spechunter] [Read] /home/yzs/riscv/qemu/target/riscv/insn_trans/trans_rvv.c.inc
[07:04:11] [spechunter] [Read] /home/yzs/riscv/qemu/target/riscv/insn_trans/trans_rvv.c.inc
[07:04:11] [spechunter] [Grep] pattern='vmfeq|vmfne|vmflt|vmfle|vmfgt|vmfge'
[07:04:22] [spechunter] [Read] /home/yzs/riscv/qemu/target/riscv/insn_trans/trans_rvv.c.inc
[07:04:22] [spechunter] [Read] /home/yzs/riscv/qemu/target/riscv/insn_trans/trans_rvv.c.inc
[07:04:22] [spechunter] [Grep] pattern='sew.*MO_8|sew - 1|fns\\[s->sew'
[07:04:38] [spechunter] [Read] /home/yzs/riscv/qemu/target/riscv/insn_trans/trans_rvv.c.inc
[07:04:38] [spechunter] [Read] /home/yzs/riscv/qemu/target/riscv/tcg/tcg-cpu.c
[07:04:38] [spechunter] [Grep] pattern='REQUIRE_FPU|REQUIRE_ZFINX|REQUIRE_EXT.*RVD|REQUIRE_EXT.*RVF'
[07:04:38] [spechunter] [Grep] pattern='zfinx.*zve64d|zve64d.*zfinx|zdinx.*zve64d|zve64d.*zdinx'
[07:04:56] [spechunter] [Grep] pattern='#define REQUIRE_FPU\\b|#define REQUIRE_ZFINX_OR_F'
[07:04:56] [spechunter] [Grep] pattern='REQUIRE_ZDINX_OR_D|REQUIRE_ZCD_OR_DC|REQUIRE_ZHINX_OR_H'
[07:04:56] [spechunter] [Grep] pattern='Zfinx.*not.*compat|F.*disabled.*Zfinx'
[07:05:07] [spechunter] [Read] /home/yzs/riscv/qemu/target/riscv/tcg/tcg-cpu.c
[07:05:07] [spechunter] [Read] /home/yzs/riscv/qemu/target/riscv/tcg/tcg-cpu.c
[07:05:07] [spechunter] [Grep] pattern='REQUIRE_EXT.*RVD|REQUIRE_EXT.*RVF'
[07:05:07] [spechunter] [Grep] pattern='REQUIRE_EXT_RELAXED|REQUIRE_EXT'
[07:05:23] [spechunter] [Grep] pattern='MO_8|MO_16|MO_32|MO_64'
[07:05:23] [spechunter] [Grep] pattern='gen_set_rm_chkfrm'
[07:05:23] [spechunter] [Grep] pattern='sew|vsew'
[07:05:23] [spechunter] [Grep] pattern='vfmv.s.f|vfmv.f.s|REQUIRE_64BIT.*vfm'
[07:05:54] [spechunter] [Read] /home/yzs/riscv/qemu/target/riscv/insn_trans/trans_rvd.c.inc
[07:05:54] [spechunter] [Read] /home/yzs/riscv/qemu/target/riscv/insn_trans/trans_rvd.c.inc
[07:05:54] [spechunter] [Grep] pattern='vl_eq_vlmax|vlmax|MAXSZ'
[07:05:54] [spechunter] [Grep] pattern='vext_narrow_check_common'
[07:07:30] [spechunter] [text] The slow-path locations are all empty/null entries. Let me verify the key code locations identified by the exploration t...
[07:07:30] [spechunter] [Grep] pattern='zdinx|ext_zdinx|Zdinx'
[07:07:30] [spechunter] [Grep] pattern='get_fpr_d|gen_set_fpr_d'
[07:07:30] [spechunter] [Grep] pattern='require_rvf|require_scale_rvf'
[07:07:53] [spechunter] [Read] /home/yzs/riscv/qemu/target/riscv/insn_trans/trans_rvd.c.inc
[07:07:53] [spechunter] [Bash] Check the current git diff for riscv-iommu.c
[07:07:53] [spechunter] [Bash] Check recent commits for context
[07:08:47] [spechunter] [text] Let me look at the key code areas more closely to understand the non-normative description context.  
[07:08:47] [spechunter] [Read] /home/yzs/riscv/qemu/target/riscv/insn_trans/trans_rvv.c.inc
[07:08:47] [spechunter] [Read] /home/yzs/riscv/qemu/target/riscv/insn_trans/trans_rvv.c.inc
[07:08:47] [spechunter] [Read] /home/yzs/riscv/qemu/target/riscv/insn_trans/trans_rvv.c.inc
[07:09:04] [spechunter] [text] Let me check for the vector FP check functions and the Zdinx interaction more specifically.  
[07:09:04] [spechunter] [Grep] pattern='ext_zdinx|zdinx|Zdinx'
[07:09:04] [spechunter] [Grep] pattern='ext_zdinx|zfinx|Zfinx'
[07:09:04] [spechunter] [Grep] pattern='REQUIRE_ZDINX_OR_D|REQUIRE_EVEN'
[07:09:44] [spechunter] [text] Now I have a complete picture. The slow-path locations are all empty stubs (`:0-0`), and fast-path returned nothing. I'v...
[07:09:57] [spechunter] [text] I need to find the actual code in the QEMU repository related to the Zdinx scalar operand handling. Let me search for th...
[07:09:57] [spechunter] [Grep] pattern='zdinx_scalar|vec_fp_scalar|get_fp_reg_zdinx'
[07:09:57] [spechunter] [Grep] pattern='gen_nf_vec|opfv_nanbox|opfv_zdinx'
[07:09:57] [spechunter] [Grep] pattern='gen_helper_vfmv|gen_helper_vfmacc'
[07:10:21] [spechunter] [Grep] pattern='zdinx'
[07:10:21] [spechunter] [Grep] pattern='vext_zdinx|zdinx|Zdinx'
[07:10:35] [spechunter] [Read] /home/yzs/riscv/qemu/target/riscv/insn_trans/trans_rvd.c.inc
[07:10:35] [spechunter] [Grep] pattern='zfinx|zdinx|ZFINX|ZDINX'
[07:11:01] [spechunter] [text] Let me look at the key helper functions used in the Zdinx emulation and the vector FP scalar operand path.  
[07:11:01] [spechunter] [Grep] pattern='static TCGv_i64 get_fpr_d|static TCGv_i64 dest_fpr|static void gen_set_fpr_d|static TCGv_i64 get_fpr_hs'
[07:11:01] [spechunter] [Grep] pattern='vec_fp_scalar|get_fp_reg_zdinx|vext_zdinx'
[07:11:40] [spechunter] [Grep] pattern='get_fpr_d|dest_fpr|gen_set_fpr_d|get_fpr_hs'
[07:11:43] [spechunter] [Read] /home/yzs/riscv/qemu/target/riscv/translate.c
[07:11:51] [spechunter] [text] Now let me look at the vector FP instruction translation, specifically for `vf` variants that take a scalar operand from...
[07:11:51] [spechunter] [Grep] pattern='opfv|OPFVF|OPFVV'
[07:11:51] [spechunter] [Glob] **/insn_trans/trans_rvv*.c.inc
[07:12:11] [spechunter] [Grep] pattern='OPFVF.*scalar|get_scalar|ldst_us|vec_load_store|vext_ld_us_scalar'
[07:12:11] [spechunter] [Grep] pattern='zdinx|zfinx|ZFINX|ZDINX'
[07:12:25] [spechunter] [Grep] pattern='OPFVF|opivf|opivv_scalar|get_scalar_fp'
[07:12:25] [spechunter] [Grep] pattern='OPFVF|OPFVV'
[07:12:32] [spechunter] [Read] /home/yzs/riscv/qemu/target/riscv/insn_trans/trans_rvv.c.inc
[07:12:53] [spechunter] [text] Now let me look at the `do_nanbox` function and the widening scalar path.  
[07:12:53] [spechunter] [Grep] pattern='do_nanbox'
[07:13:06] [spechunter] [text] Now let me look at the widening OPFVF path and the reduction/vfmv+v.f paths for Zdinx handling.  
[07:13:06] [spechunter] [Grep] pattern='OPFVF.*WIDEN|opfvf_widen|GEN_OPFVF_WIDEN'
[07:13:06] [spechunter] [Read] /home/yzs/riscv/qemu/target/riscv/insn_trans/trans_rvv.c.inc
[07:13:20] [spechunter] [text] Now let me verify the reduction path and `vfmv_v_f` / `vfmv_f_s` for Zdinx handling.  
[07:13:20] [spechunter] [Read] /home/yzs/riscv/qemu/target/riscv/insn_trans/trans_rvv.c.inc
[07:13:20] [spechunter] [Read] /home/yzs/riscv/qemu/target/riscv/insn_trans/trans_rvv.c.inc
[07:13:54] [spechunter] [Grep] pattern='require_rvf\\b'
[07:14:10] [spechunter] [text] Now let me look at the `require_rvf` function and the trans_rvf.c.inc for Zfinx/Zdinx scalar handling.  
[07:14:10] [spechunter] [Read] /home/yzs/riscv/qemu/target/riscv/insn_trans/trans_rvv.c.inc
[07:14:10] [spechunter] [Grep] pattern='zfinx|ZFINX|zdinx|ZDINX'
[07:15:15] [spechunter] [text] Now let me check the reduction and widening scalar paths, plus KVM state for Zdinx.  
[07:15:15] [spechunter] [Grep] pattern='vfred|vfwred|vfredosum|vfredusum'
[07:15:15] [spechunter] [Grep] pattern='vmstate.*zfinx|vmstate.*zdinx|vmstate_riscv_cpu'
[07:15:57] [spechunter] [text] Now let me examine the `tcg_gen_concat_tl_i64` path for correctness in the 32-bit case.  
[07:15:57] [spechunter] [Read] /home/yzs/riscv/qemu/target/riscv/translate.c
[07:15:57] [spechunter] [Read] /home/yzs/riscv/qemu/target/riscv/translate.c
[07:17:07] [spechunter] [Grep] pattern='riscv_cpu_get_fflags'
[07:17:07] [spechunter] [Grep] pattern='gen_nf_vec|NF_VEC'
[07:17:56] [spechunter] [text] Let me check the reduction path and the `vfmv_f_s` (vmv from vector element to FP register) path for Zdinx handling.  
[07:17:56] [spechunter] [Read] /home/yzs/riscv/qemu/target/riscv/insn_trans/trans_rvv.c.inc
[07:17:56] [spechunter] [Grep] pattern='trans_vfmv_f_s|vfmv_f_s'
[07:19:36] [spechunter] [text] Let me check the mstatus handling under Zfinx and the KVM path for completeness.  
[07:19:36] [spechunter] [Grep] pattern='zfinx.*mstatus|mstatus.*zfinx|FS.*zfinx|zfinx.*FS'
[07:19:36] [spechunter] [Grep] pattern='get_xl\\b'
