[22:02:47] [spechunter] PR loaded: #34 riscv/integrated-matrix-extension — "unprivileged/integrated-matrix: Permit mixed-format inputs on non-widening FP"
[22:02:47] [spechunter]   diff: 3140 chars  body: 2535 chars  reviews: 0
[22:02:47] [spechunter] Global pre-filter running...
[22:03:10] [spechunter] [text] {"should_skip": false}
[22:03:11] [spechunter] pre-filter: should_skip=False reason=""
[22:03:22] [spechunter] [text] ```json {"should_skip": true, "skip_reason": "Integrated matrix extension (floating-point matrix multiply-accumulate) IS...
[22:03:24] [spechunter] [text] {"should_skip": true, "skip_reason": "Spec clarification for the Integrated Matrix Extension, which FreeBSD does not sup...
[22:03:27] [spechunter] [text] {"should_skip": true, "skip_reason": "Pure instruction semantics clarification for the integrated matrix compute extensi...
[21:04:57] [spechunter] PR loaded: #34 riscv/integrated-matrix-extension — "unprivileged/integrated-matrix: Permit mixed-format inputs on non-widening FP"
[21:04:57] [spechunter]   diff: 3140 chars  body: 2535 chars  reviews: 0
[21:04:57] [spechunter] Global pre-filter running...
[21:05:21] [spechunter] [text] {"should_skip": false}
[21:05:23] [spechunter] pre-filter: should_skip=False reason=""
[21:05:40] [spechunter] [text] {"should_skip": true, "skip_reason": "This is a pure unprivileged ISA extension (integrated matrix) defining floating-po...
[21:05:43] [spechunter] [text] {"should_skip": false}
[21:05:45] [spechunter] [text] {"should_skip": false}
[21:06:01] [spechunter] [text] {"should_skip": true, "skip_reason": "Integrated Matrix Extension is not supported by FreeBSD; this is a minor clarifica...
[21:06:10] [spechunter] [text] ```json {   "violation_condition": "In XiangShan RTL, the instruction decoder (IDU) for the matrix unit raises an illega...
[21:06:12] [spechunter] [text] {"should_skip": true, "skip_reason": "Spec clarification for Integrated Matrix Extension (IME) instruction encoding lega...
[21:06:20] [spechunter] [text] ```json {   "violation_condition": "QEMU's decode/validation logic for vfmmacc.vv still raises an illegal-instruction ex...
[21:06:27] [spechunter] [Grep] pattern='vfmmacc|vfwmmacc|vfqwmmacc'
[21:06:27] [spechunter] [Grep] pattern='altfmt|alt_fmt|altFmt'
[21:06:27] [spechunter] [Grep] pattern='Zvvfp16mm|Zvvbf16mm|zvvfp16mm|zvvbf16mm|isecfg'
[21:06:27] [spechunter] [Grep] pattern='isWidening|is_widening|isWiden'
[21:06:40] [spechunter] [Grep] pattern='matrix|Matrix|MMACC|mmacc|gemm|GEMM'
[21:06:40] [spechunter] [Grep] pattern='OFP4|OFP8|E4M3|E5M2'
[21:06:40] [spechunter] [Grep] pattern='mixed.*format|MixedFormat|mixed_format'
[21:06:44] [spechunter] [Grep] pattern='vfmmacc'
[21:06:44] [spechunter] [Grep] pattern='Zvvofp8mm|Zvvfp16mm|Zvvbf16mm'
[21:06:44] [spechunter] [Grep] pattern='altfmt_A|altfmt_B|altfmt'
[21:06:44] [spechunter] [Grep] pattern='vfwmmacc|vfqwmmacc|vfwmacc|vfqmacc'
[21:06:44] [spechunter] [Grep] pattern='integrated.?matrix|matrix.?multiply|fp.?gemm|block.?dot'
[21:06:49] [spechunter] [Grep] pattern='vfmmacc|vfwmmacc|vfqwmmacc'
[21:06:49] [spechunter] [Grep] pattern='Zvvfp16mm|Zvvbf16mm'
[21:06:49] [spechunter] [Grep] pattern='integrated.matrix|IntegratedMatrix|integrated_matrix'
[21:06:57] [spechunter] [Agent] description, prompt
[21:06:57] [spechunter] [Agent] description, prompt
[21:06:58] [spechunter] [Agent] description, subagent_type
[21:07:06] [spechunter] [Bash] List top-level directory structure
[21:07:06] [spechunter] [Glob] **/*.scala
[21:07:07] [spechunter] [Grep] pattern='VFMMACC|vfmmacc|vfwmacc|VFWMMACC'
[21:07:07] [spechunter] [Grep] pattern='Zvim|zvim|VIM|integratedMatrix'
[21:07:07] [spechunter] [Grep] pattern='VectorFloat|vectorFloat|vector_float|VecFP|vecfp|vec_fp'
[21:07:14] [spechunter] [Grep] pattern='vfmmacc'
[21:07:14] [spechunter] [Grep] pattern='vmmacc'
[21:07:14] [spechunter] [Grep] pattern='altfmt'
[21:07:14] [spechunter] [Grep] pattern='zvofp8|zvfp16|zvbf16'
[21:07:18] [spechunter] [text] Let me also check the existing altfmt infrastructure and the decode/disas code that would be relevant.  
[21:07:18] [spechunter] [Grep] pattern='ALTFMT'
[21:07:18] [spechunter] [Grep] pattern='ALTFMT'
[21:07:18] [spechunter] [Grep] pattern='fwmacc|fwnmacc|fwmmacc'
[21:07:18] [spechunter] [Grep] pattern='opcode.*1010111|funct6.*111100.*111011'
[21:07:19] [spechunter] [Grep] pattern='vfmmacc|vfwmmacc|vfqwmmacc|mmacc|integrated_matrix'
[21:07:19] [spechunter] [Grep] pattern='matrix'
[21:07:19] [spechunter] [Grep] pattern='altfmt|alt_fmt|altFmt'
[21:07:19] [spechunter] [Grep] pattern='Zvvfp16mm|Zvvbf16mm|zvfp16mm|zvbf16mm'
[21:07:29] [spechunter] [Grep] pattern='misa.*matrix|matrix.*misa|integrated.?matrix|IMATRIX'
[21:07:29] [spechunter] [Grep] pattern='isecfg|isencfg|ISECFG'
[21:07:29] [spechunter] [Grep] pattern='subextension|sub.?extension|subExt'
[21:07:29] [spechunter] [Grep] pattern='illegal_instruction|illegalInst|IllegalInst'
[21:07:29] [spechunter] [Grep] pattern='extension.*check|extension.*enable|extEnable|ExtEnable'
[21:07:29] [spechunter] [Grep] pattern='fp16|bf16|float16|BFloat16'
[21:07:33] [spechunter] [Grep] pattern='altfmt'
[21:07:33] [spechunter] [Grep] pattern='zvv'
[21:07:33] [spechunter] [Grep] pattern='mmacc'
[21:07:33] [spechunter] [Grep] pattern='zvf'
[21:07:33] [spechunter] [Grep] pattern='matrix'
[21:07:34] [spechunter] [Grep] pattern='vfmmacc|vfwmmacc|vfqwmmacc|VFMMACC|VFWMMACC|VFQMMACC'
[21:07:34] [spechunter] [Grep] pattern='vfmmacc|vfwmmacc|vfqwmmacc|VFMMACC|VFWMMACC|VFQMMACC'
[21:07:34] [spechunter] [Grep] pattern='vfmmacc|vfwmmacc|vfqwmmacc|VFMMACC|VFWMMACC|VFQMMACC'
[21:07:45] [spechunter] [Grep] pattern='misa|Misa|MISA'
[21:07:45] [spechunter] [Grep] pattern='VectorExtension|MatrixExtension|vectorExtension|matrixExtension|HasVector|HasMatrix'
[21:07:45] [spechunter] [Grep] pattern='fp16|bf16|float16|BFloat'
[21:07:45] [spechunter] [Read] /home/yzs/riscv/XiangShan/src/main/scala/xiangshan/backend/fu/NewCSR/NewCSR.scala
[21:07:45] [spechunter] [Read] /home/yzs/riscv/XiangShan/src/main/scala/xiangshan/backend/decode/VecExceptionGen.scala
[21:07:45] [spechunter] [Read] /home/yzs/riscv/XiangShan/src/main/scala/xiangshan/backend/decode/UopInfoGen.scala
[21:07:46] [spechunter] [Read] /home/yzs/riscv/XiangShan/src/main/scala/xiangshan/backend/decode/VecDecoder.scala
[21:07:46] [spechunter] [Read] /home/yzs/riscv/XiangShan/src/main/scala/xiangshan/backend/decode/VecExceptionGen.scala
[21:07:53] [spechunter] [Grep] pattern='vmacc\\.m|vmadd\\.m|vmmacc|vmclr|integrated.matrix'
[21:07:53] [spechunter] [Grep] pattern='vmacc\\.m|vmadd\\.m|vmmacc|vmclr|integrated.matrix'
[21:07:53] [spechunter] [Read] /home/yzs/riscv/qemu/target/riscv/cpu.h
[21:07:53] [spechunter] [Read] /home/yzs/riscv/qemu/target/riscv/insn_trans/trans_rvv.c.inc
[21:07:53] [spechunter] [Grep] pattern='fmm'
[21:07:53] [spechunter] [Grep] pattern='Zvfbfa|Zvfh'
[21:07:53] [spechunter] [Grep] pattern='ext_zvf'
[21:07:53] [spechunter] [Read] /home/yzs/riscv/qemu/target/riscv/insn_trans/trans_rvv.c.inc
[21:07:53] [spechunter] [Read] /home/yzs/riscv/qemu/target/riscv/insn_trans/trans_rvv.c.inc
[21:08:01] [spechunter] [text] Let me check for existing decode patterns and the altfmt validation path in vector_helper.c.  
[21:08:01] [spechunter] [Read] /home/yzs/riscv/qemu/target/riscv/vector_helper.c
[21:08:01] [spechunter] [Grep] pattern='zvfbfa|zvfofp8|zvfp16|zvbf16|zvkgs|zvknh'
[21:08:01] [spechunter] [Grep] pattern='ext_zvf'
[21:08:04] [spechunter] [Grep] pattern='fmmacc|qfmmacc|qwmmacc|vfmacc'
[21:08:04] [spechunter] [Grep] pattern='zvfh|zvfbf|zvfbfw|zvfbfmin'
[21:08:04] [spechunter] [Grep] pattern='bf16|fp16.*matrix|matrix.*fp16|widen.*matrix|matrix.*widen'
[21:08:04] [spechunter] [Grep] pattern='VecDecode|VectorDecode|vectorDecode|IDU.*vector|vector.*IDU|Decoder.*vector|vector.*Decoder'
[21:08:09] [spechunter] [Read] /home/yzs/riscv/XiangShan/src/main/scala/xiangshan/backend/fu/vector/VIMacU.scala
[21:08:09] [spechunter] [Read] /home/yzs/riscv/XiangShan/src/main/scala/xiangshan/backend/fu/wrapper/VIMacU.scala
[21:08:09] [spechunter] [Read] /home/yzs/riscv/XiangShan/src/main/scala/xiangshan/backend/fu/FuConfig.scala
[21:08:14] [spechunter] [text] Let me also check the line near 40-100 in trans_rvv.c.inc where altfmt gates FP instructions, and look for any CFG field...
[21:08:14] [spechunter] [Read] /home/yzs/riscv/qemu/target/riscv/insn_trans/trans_rvv.c.inc
[21:08:14] [spechunter] [Grep] pattern='zvofp8|zvvofp8|zvfp16|zvvfp16|zvbf16|zvvbf16'
[21:08:14] [spechunter] [Read] /home/yzs/riscv/qemu/target/riscv/vector_helper.c
[21:08:18] [spechunter] [Grep] pattern='vfmmacc|vfmadd|vfmacc|vmmacc'
[21:08:18] [spechunter] [Grep] pattern='opcode_mmacc|matrix_mul|vfwmacc|matrix'
[21:08:18] [spechunter] [Glob] target/riscv/insn_trans/trans_rv*
[21:08:18] [spechunter] [Glob] target/riscv/*.decode
[21:08:21] [spechunter] [Read] /home/yzs/riscv/XiangShan/src/main/scala/xiangshan/backend/fu/NewCSR/StateEnBundle.scala
[21:08:21] [spechunter] [Read] /home/yzs/riscv/XiangShan/src/main/scala/xiangshan/backend/fu/NewCSR/CSRBundles.scala
[21:08:21] [spechunter] [Grep] pattern='misa|Misa'
[21:08:21] [spechunter] [Read] /home/yzs/riscv/XiangShan/src/main/scala/xiangshan/backend/fu/NewCSR/CSRCustom.scala
[21:08:21] [spechunter] [Read] /home/yzs/riscv/XiangShan/rocket-chip/src/main/scala/rocket/CSR.scala
[21:08:36] [spechunter] [Read] /home/yzs/riscv/XiangShan/src/main/scala/xiangshan/backend/decode/VecDecoder.scala
[21:08:36] [spechunter] [Read] /home/yzs/riscv/XiangShan/src/main/scala/xiangshan/backend/decode/DecodeUnit.scala
[21:08:36] [spechunter] [Read] /home/yzs/riscv/XiangShan/rocket-chip/src/main/scala/rocket/Instructions.scala
[21:08:36] [spechunter] [Grep] pattern='vfmadd|vfnmadd|vfwmacc|vfwnmacc'
[21:08:36] [spechunter] [Grep] pattern='IntegratedMatrix|integrated_matrix|integratedMatrix'
[21:08:36] [spechunter] [Grep] pattern='misa'
[21:08:36] [spechunter] [Grep] pattern='Zvim|zvim'
[21:08:36] [spechunter] [Grep] pattern='altfmt|alt_fmt|altFmt'
[21:08:37] [spechunter] [Read] /home/yzs/riscv/qemu/target/riscv/cpu_cfg_fields.h.inc
[21:08:37] [spechunter] [Grep] pattern='altfmt|ALT_FMT|alt_fmt'
[21:08:37] [spechunter] [Read] /home/yzs/riscv/qemu/target/riscv/tcg/tcg-cpu.c
[21:08:55] [spechunter] [text] Now let me check if there are any matrix extension CFG fields defined.  
[21:08:55] [spechunter] [Grep] pattern='ext_zvv|ext_zvofp|ext_zvfp16mm|ext_zvbf16mm'
[21:08:55] [spechunter] [Grep] pattern='ofp8|fp16mm|bf16mm|zvvofp8|zvvfp16|zvvbf16'
[21:08:59] [spechunter] [text] Let me verify more broadly and check the CSR/misa implementation for any matrix-related subextension references.  
[21:08:59] [spechunter] [Grep] pattern='vfmacc|vfwmacc|vfqmacc|VFMMACC|VFWMMACC|VFQMMACC'
[21:08:59] [spechunter] [Grep] pattern='isecfg'
[21:08:59] [spechunter] [Grep] pattern='Zvv|zvbb|Zvbb|Zvfh|Zvkn'
[21:09:01] [spechunter] [Grep] pattern='vfmmacc|vmmacc|matrix|opcode_mmacc|matrix_mul'
[21:09:01] [spechunter] [Grep] pattern='vfmacc|vfmadd|vfnmacc|vfnmadd|vfwmacc|vfwnmacc'
[21:09:01] [spechunter] [Grep] pattern='opcode_mmacc|matrix_mul|0b101101|011101|111101|vfwmacc|101111'
[21:09:01] [spechunter] [Grep] pattern='zvv_ofp8|zvv_fp16mm|zvv_bf16mm|zvvofp8mm|zvvfp16mm|zvvbf16mm'
[21:09:02] [spechunter] [Read] /home/yzs/riscv/XiangShan/yunsuan/src/main/scala/yunsuan/package.scala
[21:09:02] [spechunter] [Read] /home/yzs/riscv/XiangShan/yunsuan/src/main/scala/yunsuan/vector/VectorFloatFMA.scala
[21:09:02] [spechunter] [Read] /home/yzs/riscv/XiangShan/yunsuan/src/main/scala/yunsuan/fpulite/FloatFMA.scala
[21:09:02] [spechunter] [Grep] pattern='Zvmm|zvmm|zvfmm'
[21:09:02] [spechunter] [Grep] pattern='VfmaType|VfmaOpCode|VimacType'
[21:09:13] [spechunter] [Grep] pattern='vfmmacc|vfwmmacc|vfqwmmacc'
[21:09:13] [spechunter] [Grep] pattern='vfmmacc|vfwmmacc|vfqwmmacc'
[21:09:13] [spechunter] [Grep] pattern='altfmt|alt_fmt|altFmt|OFP4|OFP8|E4M3|E5M2'
[21:09:18] [spechunter] [Read] /home/yzs/riscv/XiangShan/src/main/scala/xiangshan/backend/fu/NewCSR/MachineLevel.scala
[21:09:18] [spechunter] [Grep] pattern='class MisaBundle|class Misa|getISAString|isaExt|ISAString'
[21:09:18] [spechunter] [Grep] pattern='matrix|Matrix|MATRIX|imat'
[21:09:18] [spechunter] [Read] /home/yzs/riscv/XiangShan/src/main/scala/xiangshan/backend/decode/DecodeUnit.scala
[21:09:18] [spechunter] [Grep] pattern='vsIsOff|vectorOff|vecOff|vector.?off'
[21:09:29] [spechunter] [Grep] pattern='VfmaType|VimacType|VfmaOpCode'
[21:09:29] [spechunter] [Read] /home/yzs/riscv/XiangShan/src/main/scala/xiangshan/backend/fu/wrapper/VFMA.scala
[21:09:29] [spechunter] [Read] /home/yzs/riscv/XiangShan/src/main/scala/xiangshan/backend/fu/wrapper/VIMacU.scala
[21:09:29] [spechunter] [Read] /home/yzs/riscv/XiangShan/src/main/scala/xiangshan/backend/fu/vector/VIMacU.scala
[21:09:34] [spechunter] [Read] /home/yzs/riscv/XiangShan/src/main/scala/xiangshan/backend/fu/NewCSR/MachineLevel.scala
[21:09:34] [spechunter] [Read] /home/yzs/riscv/XiangShan/src/main/scala/xiangshan/backend/decode/DecodeUnit.scala
[21:09:34] [spechunter] [Read] /home/yzs/riscv/XiangShan/src/main/scala/xiangshan/backend/fu/CSR.scala
[21:09:34] [spechunter] [Read] /home/yzs/riscv/XiangShan/src/main/scala/xiangshan/backend/fu/wrapper/CSR.scala
[21:09:34] [spechunter] [Read] /home/yzs/riscv/XiangShan/src/main/scala/xiangshan/backend/fu/NewCSR/CSRPermitModule.scala
[21:09:40] [spechunter] [Read] /home/yzs/riscv/qemu/target/riscv/insn32.decode
[21:09:40] [spechunter] [Grep] pattern='vfmacc|vfmadd|OPFVV|opfvv_'
[21:09:40] [spechunter] [Read] /home/yzs/riscv/qemu/target/riscv/insn_trans/trans_rvv.c.inc
[21:09:40] [spechunter] [Read] /home/yzs/riscv/qemu/target/riscv/vector_helper.c
[21:09:48] [spechunter] [Grep] pattern='vsew|SEW|vtype|vstart|vill'
[21:09:48] [spechunter] [Read] /home/yzs/riscv/XiangShan/src/main/scala/xiangshan/backend/decode/DecodeUnitComp.scala
[21:09:48] [spechunter] [Grep] pattern='illegal_instruction.*vec|illegal_instruction.*fence|illegal.*vec|checkExtension|check.?ext'
[21:09:48] [spechunter] [Read] /home/yzs/riscv/XiangShan/rocket-chip/src/main/scala/rocket/CSR.scala
[21:09:48] [spechunter] [Read] /home/yzs/riscv/XiangShan/rocket-chip/src/main/scala/rocket/RocketCore.scala
[21:09:48] [spechunter] [text] Now let me check the misa CSR implementation and the closest existing vector float FMA infrastructure that the integrate...
[21:09:48] [spechunter] [Grep] pattern='misa|Misa'
[21:09:48] [spechunter] [Grep] pattern='vfmacc|vfwmacc|VFMA'
[21:09:48] [spechunter] [Grep] pattern='misa|Misa|0x301'
[21:09:55] [spechunter] [text] Here are the results.  ```json {   "locations": [     {       "file_path": "target/riscv/cpu.h",       "function_name": ...
[21:09:58] [spechunter] [Grep] pattern='object VimacType'
[21:09:58] [spechunter] [Grep] pattern='object VfmaOpCode'
[21:09:58] [spechunter] [Grep] pattern='VFW?MACC|VFW?NMACC|VFW?MSAC|VFH?MACC'
[21:09:58] [spechunter] [Grep] pattern='VIMac64b|VIMac\\b'
[21:10:01] [spechunter] [Grep] pattern='vector_illegal|fp_illegal|is.*illegal|illegal'
[21:10:01] [spechunter] [Grep] pattern='subextension|SubExtension|sub_ext|sub_extension'
[21:10:01] [spechunter] [Grep] pattern='vpu|vector|vec|VType|vtype|vstart'
[21:10:01] [spechunter] [Glob] **/decoder/**/*.scala
[21:10:01] [spechunter] [Grep] pattern='fp16|bf16|e16|float16|BFloat16|half'
[21:10:06] [spechunter] [Grep] pattern='ALTFMT|altfmt|alt_fmt'
[21:10:06] [spechunter] [Grep] pattern='zvfbfa'
[21:10:06] [spechunter] [Read] /home/yzs/riscv/qemu/target/riscv/translate.c
[21:10:06] [spechunter] [Read] /home/yzs/riscv/qemu/target/riscv/tcg/tcg-cpu.c
[21:10:14] [spechunter] [text] Let me verify whether VIMac has anything related to floating-point matrix multiply-accumulate operations.  
[21:10:14] [spechunter] [Grep] pattern='fp_gemm|fp_block_dot|fp_mul_to|gemm|block_dot'
[21:10:14] [spechunter] [Grep] pattern='VIMac|vimac'
[21:10:27] [spechunter] [Read] /home/yzs/riscv/XiangShan/yunsuan/src/main/scala/yunsuan/package.scala
[21:10:27] [spechunter] [Grep] pattern='zvfh|zvfbf|zvfbfw|zvfbfmin|Zvv.*mm|bf16'
[21:10:27] [spechunter] [Read] /home/yzs/riscv/XiangShan/yunsuan/src/main/scala/yunsuan/vector/VectorBrainFloatAdder.scala
[21:10:27] [spechunter] [Grep] pattern='VfpuType'
[21:10:33] [spechunter] [Grep] pattern='SEW=8|MO_8|sew.*8'
[21:10:33] [spechunter] [Read] /home/yzs/riscv/qemu/target/riscv/insn_trans/trans_rvv.c.inc
[21:10:33] [spechunter] [Grep] pattern='vma|vta|vill|vtype_reserved|VTYPE'
[21:10:33] [spechunter] [Read] /home/yzs/riscv/qemu/target/riscv/insn_trans/trans_rvbf16.c.inc
[21:10:40] [spechunter] [text] Let me check those integrated-matrix audit files and the misa CSR implementation for any matrix subextension bits.  
[21:10:40] [spechunter] [Read] /home/yzs/riscv/XiangShan/integrated_matrix_G_WARL_findings.json
[21:10:40] [spechunter] [Grep] pattern='isecf|isecfg|ISE'
[21:10:45] [spechunter] [Grep] pattern='Zvvofp8|Zvvfp16|Zvvbf16'
[21:10:45] [spechunter] [Grep] pattern='zvp8|zvfp|zvbf'
[21:10:45] [spechunter] [Grep] pattern='altfmt_A|altfmt_B|altfmt_a|altfmt_b'
[21:10:45] [spechunter] [Grep] pattern='require_scale_rvf'
[21:10:48] [spechunter] [Read] /home/yzs/riscv/XiangShan/rocket-chip/src/main/scala/rocket/CSR.scala
[21:10:48] [spechunter] [Grep] pattern='reg_misa|misa.*reg|misa.*init|misaInit|misa.*Reset'
[21:10:48] [spechunter] [Read] /home/yzs/riscv/XiangShan/src/main/scala/xiangshan/backend/fu/vector/Bundles.scala
[21:10:48] [spechunter] [Grep] pattern='Object VSew|Object VLmul|VSew\\\\.|VLmul\\\\.'
[21:10:48] [spechunter] [Read] /home/yzs/riscv/XiangShan/src/main/scala/xiangshan/backend/decode/DecodeUnit.scala
[21:10:48] [spechunter] [Grep] pattern='HasVPU|HasVPU|HasVector|hasVector|usingVector|usingVector'
[21:11:10] [spechunter] [Grep] pattern='object VfpuType'
[21:11:10] [spechunter] [Glob] **/yunsuan/src/main/scala/yunsuan/encoding/**/*.scala
[21:11:10] [spechunter] [Glob] **/yunsuan/src/main/scala/yunsuan/vector/vectorIMAC/*.scala
[21:11:10] [spechunter] [Grep] pattern='VectorElementFormat'
[21:11:12] [spechunter] [Read] /home/yzs/riscv/XiangShan/yunsuan/src/main/scala/yunsuan/encoding/VecFp.scala
[21:11:12] [spechunter] [Read] /home/yzs/riscv/XiangShan/yunsuan/src/main/scala/yunsuan/encoding/VecDstType.scala
[21:11:12] [spechunter] [Read] /home/yzs/riscv/XiangShan/src/main/scala/xiangshan/backend/decode/DecodeStage.scala
[21:11:12] [spechunter] [Grep] pattern='CSRToDecode|toDecode|fromCSR'
[21:11:12] [spechunter] [Read] /home/yzs/riscv/XiangShan/src/main/scala/xiangshan/backend/fu/wrapper/CSR.scala
[21:11:14] [spechunter] [Grep] pattern='Misa|misa|XSMisa|MisaBundle'
[21:11:14] [spechunter] [Grep] pattern='class.*Misa|MisaBundle|XSMisa'
[21:11:14] [spechunter] [Grep] pattern='misa|Misa|isecfg|ISECFG'
[21:11:24] [spechunter] [Read] /home/yzs/riscv/qemu/target/riscv/tcg/tcg-cpu.c
[21:11:24] [spechunter] [Read] /home/yzs/riscv/qemu/target/riscv/insn_trans/trans_rvv.c.inc
[21:11:24] [spechunter] [Read] /home/yzs/riscv/qemu/target/riscv/insn_trans/trans_rvv.c.inc
[21:11:24] [spechunter] [Grep] pattern='integrated.*matrix|matrix.*extension|zmmul'
[21:11:41] [spechunter] [Read] /home/yzs/riscv/XiangShan/src/main/scala/xiangshan/Parameters.scala
[21:11:41] [spechunter] [Grep] pattern='HasMExtension|HasCExtension|HasHExtension|HasFPU|HasVPU'
[21:11:41] [spechunter] [Grep] pattern='isel|fsel|vsel|functionality.*select|iselect'
[21:11:41] [spechunter] [Grep] pattern='integrated.*matrix|matrix.*extension'
[21:11:41] [spechunter] [Read] /home/yzs/riscv/XiangShan/macros/src/main/scala/CSRMacros.scala
[21:11:43] [spechunter] [Read] /home/yzs/riscv/XiangShan/yunsuan/src/main/scala/yunsuan/encoding/Opcode/VimacOpcode.scala
[21:11:43] [spechunter] [Read] /home/yzs/riscv/XiangShan/yunsuan/src/main/scala/yunsuan/encoding/VecFp.scala
[21:11:43] [spechunter] [Read] /home/yzs/riscv/XiangShan/yunsuan/src/main/scala/yunsuan/encoding/package.scala
[21:11:43] [spechunter] [Read] /home/yzs/riscv/XiangShan/src/main/scala/xiangshan/backend/decode/VecExceptionGen.scala
[21:11:45] [spechunter] [Read] /home/yzs/riscv/qemu/target/riscv/cpu.h
[21:11:45] [spechunter] [Read] /home/yzs/riscv/qemu/target/riscv/translate.c
[21:11:45] [spechunter] [Grep] pattern='DEF_HELPER.*vfmacc|DEF_HELPER.*vfmmacc|DEF_HELPER.*vfwmacc|DEF_HELPER.*bf16|DEF_HELPER.*_h_'
[21:11:45] [spechunter] [Grep] pattern='opfvv_check|opfvf_check|opfvv_widen_check|opfvv_overwrite_widen_check'
[21:12:10] [spechunter] [Grep] pattern='HELPER.*vfmacc_vv|HELPER.*vfwmacc_vv|HELPER.*vfwmaccbf16'
[21:12:10] [spechunter] [Grep] pattern='vext_check_altfmt'
[21:12:10] [spechunter] [Read] /home/yzs/riscv/qemu/target/riscv/insn_trans/trans_rvv.c.inc
[21:12:10] [spechunter] [Read] /home/yzs/riscv/qemu/target/riscv/cpu.h
[21:12:20] [spechunter] [Grep] pattern='object VfpuType'
[21:12:20] [spechunter] [Read] /home/yzs/riscv/XiangShan/yunsuan/src/main/scala/yunsuan/vector/vectorIMAC/VIMac.scala
[21:12:20] [spechunter] [Read] /home/yzs/riscv/XiangShan/yunsuan/src/main/scala/yunsuan/vector/vectorIMAC/VIMac64b.scala
[21:12:20] [spechunter] [Glob] **/yunsuan/src/main/scala/yunsuan/vector/mac/*.scala
[21:12:20] [spechunter] [Grep] pattern='brain.?float|bf.?16|BF16|bfloat'
[21:12:30] [spechunter] [Grep] pattern='vfmacc_vv_h_bf16|vfmacc_vv_h|vfwmacc_vv_h|vfwmaccbf16'
[21:12:30] [spechunter] [Read] /home/yzs/riscv/qemu/target/riscv/insn_trans/trans_rvv.c.inc
[21:12:30] [spechunter] [Read] /home/yzs/riscv/qemu/target/riscv/insn_trans/trans_rvv.c.inc
[21:12:46] [spechunter] [Read] /home/yzs/riscv/XiangShan/yunsuan/src/main/scala/yunsuan/package.scala
[21:12:46] [spechunter] [Grep] pattern='VectorElementFormat'
[21:12:46] [spechunter] [Grep] pattern='VectorElementFormat'
[21:12:46] [spechunter] [Grep] pattern='integrated.matrix|matrix.operation|matrix.multiply|vmmacc'
[21:13:01] [spechunter] [Read] /home/yzs/riscv/XiangShan/integrated_matrix_G_WARL_findings.json
[21:13:01] [spechunter] [Read] /home/yzs/riscv/XiangShan/integrated_matrix_CMUL_audit.json
[21:13:01] [spechunter] [Grep] pattern='VectorElementFormat'
[21:13:01] [spechunter] [Grep] pattern='VfmaType\\b'
[21:13:21] [spechunter] [text] Based on the thorough search, the integrated-matrix extension (Zvim) including vfmmacc.vv, vfwmmacc.vv, vfqwmmacc.vv, an...
[21:13:58] [spechunter] [Read] /home/yzs/riscv/qemu/target/riscv/insn_trans/trans_rvv.c.inc
[21:13:58] [spechunter] [Grep] pattern='static bool opfv_check'
[21:13:58] [spechunter] [Grep] pattern='do_opfv'
[21:13:58] [spechunter] [Read] /home/yzs/riscv/qemu/target/riscv/insn_trans/trans_rvbf16.c.inc
[21:14:54] [spechunter] [Read] /home/yzs/riscv/qemu/target/riscv/insn_trans/trans_rvv.c.inc
[21:14:54] [spechunter] [Read] /home/yzs/riscv/qemu/target/riscv/insn_trans/trans_rvv.c.inc
[21:15:57] [spechunter] [Read] /home/yzs/riscv/XiangShan/integrated_matrix_CMUL_audit.json
[21:15:57] [spechunter] [Read] /home/yzs/riscv/XiangShan/integrated_matrix_G_WARL_findings.json
[21:16:32] [spechunter] [text] Let me also check if there are existing audit files related to "vivitrol" or "integrated_matrix" that might overlap with...
[21:16:32] [spechunter] [Glob] integrated_matrix*
[21:16:32] [spechunter] [Glob] *mixed*format*
[21:16:45] [spechunter] [Agent] description, subagent_type
[21:16:47] [spechunter] [text] Let me look at the specific relevant infrastructure files for precise location references.  
[21:16:47] [spechunter] [Read] /home/yzs/riscv/XiangShan/src/main/scala/xiangshan/backend/decode/VecDecoder.scala
[21:16:47] [spechunter] [Read] /home/yzs/riscv/XiangShan/src/main/scala/xiangshan/backend/fu/vector/Bundles.scala
[21:16:47] [spechunter] [Read] /home/yzs/riscv/XiangShan/src/main/scala/xiangshan/backend/fu/CSR.scala
[21:17:07] [spechunter] [text] Let me also check for the `isecfg` CSR, extension checking in the CSR module, and the `Vsetu.scala` for illegal instruct...
[21:17:07] [spechunter] [Grep] pattern='isecfg|ise_cfg|Isecfg|IsECfg'
[21:17:07] [spechunter] [Grep] pattern='illegal|isReserved|reserved.*orR'
[21:17:07] [spechunter] [Grep] pattern='VecExceptionGen'
[21:17:12] [spechunter] [Read] /home/yzs/riscv/qemu/target/riscv/insn_trans/trans_rvv.c.inc
[21:17:12] [spechunter] [Read] /home/yzs/riscv/qemu/target/riscv/insn_trans/trans_rvv.c.inc
[21:17:12] [spechunter] [Read] /home/yzs/riscv/qemu/target/riscv/vector_helper.c
[21:17:12] [spechunter] [Read] /home/yzs/riscv/qemu/target/riscv/tcg/tcg-cpu.c
[21:17:38] [spechunter] [Read] /home/yzs/riscv/qemu/target/riscv/insn_trans/trans_rvv.c.inc
[21:17:38] [spechunter] [Grep] pattern='GEN_OPFVV_BFA_TRANS'
[21:17:38] [spechunter] [Grep] pattern='altfmt|ALTFMT'
[21:17:38] [spechunter] [Grep] pattern='vfmmacc|vfmacc'
[21:17:38] [spechunter] [Grep] pattern='WIDEN_BFA|widen.*bfa|bfa.*widen'
[21:17:41] [spechunter] [Read] /home/yzs/riscv/XiangShan/src/main/scala/xiangshan/backend/decode/VecExceptionGen.scala
[21:17:41] [spechunter] [Grep] pattern='extension|Extension|misa|Misa|MISA'
[21:18:09] [spechunter] [Read] /home/yzs/riscv/qemu/target/riscv/insn_trans/trans_rvv.c.inc
[21:18:09] [spechunter] [Read] /home/yzs/riscv/qemu/target/riscv/insn_trans/trans_rvv.c.inc
[21:18:09] [spechunter] [Read] /home/yzs/riscv/qemu/target/riscv/insn32.decode
[21:18:09] [spechunter] [Grep] pattern='mixed.format|E4M3|E5M2|FP16.*BF16|BF16.*FP16'
[21:18:09] [spechunter] [Grep] pattern='TB_FLAGS.*ALTFMT|ALTFMT_SHIFT|alftmt'
[21:18:28] [spechunter] [text] Now I have a clear picture. Let me verify one more critical area — the CSR extension mapping and the `Vsetu.scala` vtype...
[21:18:28] [spechunter] [Read] /home/yzs/riscv/XiangShan/src/main/scala/xiangshan/backend/fu/Vsetu.scala
[21:18:28] [spechunter] [Grep] pattern='MaskedRegMap.*vtype|vtype.*MaskedRegMap|MaskedRegMap.*vcsr|vstart|vl'
[21:18:38] [spechunter] [Grep] pattern='R_VTYPE_ALTFMT_SHIFT|R_VTYPE_RESERVED_SHIFT'
[21:18:38] [spechunter] [Grep] pattern='bool altfmt|uint8_t altfmt|int.*altfmt'
[21:18:38] [spechunter] [Read] /home/yzs/riscv/qemu/target/riscv/insn32.decode
[21:18:38] [spechunter] [Grep] pattern='vext_check_input_eew'
[21:18:53] [spechunter] [Read] /home/yzs/riscv/qemu/target/riscv/insn32.decode
[21:18:53] [spechunter] [Read] /home/yzs/riscv/qemu/target/riscv/vector_helper.c
[21:18:53] [spechunter] [Read] /home/yzs/riscv/qemu/target/riscv/tcg/tcg-cpu.c
[21:18:53] [spechunter] [Read] /home/yzs/riscv/qemu/target/riscv/cpu.h
[21:18:53] [spechunter] [Grep] pattern='vext_check_altfmt'
[21:19:30] [spechunter] [Read] /home/yzs/riscv/qemu/target/riscv/insn_trans/trans_rvv.c.inc
[21:19:30] [spechunter] [Read] /home/yzs/riscv/qemu/target/riscv/insn_trans/trans_rvv.c.inc
[21:19:30] [spechunter] [Read] /home/yzs/riscv/qemu/target/riscv/insn_trans/trans_rvv.c.inc
[21:19:30] [spechunter] [Grep] pattern='vfmacc_vf\\b.*decode|vfmacc_vv\\b.*decode'
[21:19:30] [spechunter] [Grep] pattern='ALTFMT_SHIFT'
[21:19:30] [spechunter] [Read] /home/yzs/riscv/qemu/target/riscv/insn32.decode
[21:20:12] [spechunter] [text] Now I have a complete picture. Let me compile the findings into the required JSON format.  
[21:20:12] [spechunter] [Write] /home/yzs/riscv/XiangShan/vfmmacc_mixed_format_findings.json
[21:20:18] [spechunter] [Grep] pattern='ALTFMT_SHIFT|VTYPE_ALTFMT'
[21:20:18] [spechunter] [Grep] pattern='ALTFMT'
[21:20:18] [spechunter] [Read] /home/yzs/riscv/qemu/target/riscv/insn_trans/trans_rvv.c.inc
[21:20:18] [spechunter] [Read] /home/yzs/riscv/qemu/target/riscv/insn_trans/trans_rvv.c.inc
[21:20:18] [spechunter] [Grep] pattern='vfwmaccbf16_vv|vfwmaccbf16_vf'
[21:20:33] [spechunter] [text] The audit is complete. Key finding: **XiangShan has no integrated-matrix extension RTL implementation** — no `vfmmacc`/`...
[21:20:39] [spechunter] [Grep] pattern='ALTFMT_SHIFT|RESERVED_SHIFT'
[21:20:39] [spechunter] [Read] /home/yzs/riscv/qemu/target/riscv/insn_trans/trans_rvbf16.c.inc
[21:20:39] [spechunter] [Read] /home/yzs/riscv/qemu/target/riscv/insn_trans/trans_rvv.c.inc
[21:20:59] [spechunter] [Grep] pattern='R_VTYPE_ALTFMT|R_VTYPE_RESERVED'
[21:20:59] [spechunter] [Grep] pattern='R_VTYPE_ALTFMT_SHIFT|R_VTYPE_RESERVED_SHIFT|define.*ALTFMT'
[21:20:59] [spechunter] [Grep] pattern='^@r_vm\\b|@r_vm\\b'
[21:20:59] [spechunter] [Read] /home/yzs/riscv/qemu/target/riscv/insn_trans/trans_rvv.c.inc
[21:21:42] [spechunter] [text] ## Cross-validation Analysis  **PR nature**: This is a **specification text correction only** — the encoding map and SAI...
[21:21:42] [spechunter] [Bash] Check audit finding for Zvim implementation status
[21:21:51] [spechunter] [Read] /home/yzs/riscv/XiangShan/integrated_matrix_G_WARL_findings.json
[21:21:53] [spechunter] [Grep] pattern='R_VTYPE_ALTFMT_SHIFT|R_VTYPE_RESERVED_SHIFT'
[21:21:53] [spechunter] [Read] /home/yzs/riscv/qemu/target/riscv/insn_trans/trans_rvv.c.inc
[21:21:53] [spechunter] [Read] /home/yzs/riscv/qemu/target/riscv/insn_trans/trans_rvv.c.inc
[21:22:10] [spechunter] [Grep] pattern='VSTART|VTYPE|vsew|vlmul'
[21:22:23] [spechunter] [Grep] pattern='widen_fp_check'
[21:22:23] [spechunter] [Grep] pattern='fwmacc16_bf16|fwmaccbf16|bf16_at_sew'
[21:22:23] [spechunter] [Read] /home/yzs/riscv/qemu/target/riscv/insn_trans/trans_rvv.c.inc
[21:22:23] [spechunter] [Grep] pattern='GEN_OPFVV_WIDEN_BFA_TRANS\\b'
[21:22:23] [spechunter] [Read] /home/yzs/riscv/qemu/target/riscv/insn_trans/trans_rvv.c.inc
[21:22:26] [spechunter] [Write] /home/yzs/riscv/XiangShan/altfmt_mixed_format_permissive_findings.json
[21:22:52] [spechunter] [Read] /home/yzs/riscv/qemu/target/riscv/vector_helper.c
[21:22:52] [spechunter] [Read] /home/yzs/riscv/qemu/target/riscv/insn_trans/trans_rvv.c.inc
[21:22:52] [spechunter] [Grep] pattern='require_rvf\\b|require_vm\\b'
[21:22:52] [spechunter] [Read] /home/yzs/riscv/qemu/target/riscv/insn_trans/trans_rvv.c.inc
[21:23:04] [spechunter] [text] ```json {   "locations": [],   "removed_locations": [     "src/main/scala/xiangshan/backend/decode/VecDecoder.scala:593-...
[21:23:13] [spechunter] [Read] /home/yzs/riscv/qemu/target/riscv/insn32.decode
[21:23:13] [spechunter] [Read] /home/yzs/riscv/qemu/target/riscv/insn32.decode
[21:23:13] [spechunter] [Read] /home/yzs/riscv/qemu/target/riscv/insn_trans/trans_rvv.c.inc
[21:23:25] [spechunter] [Read] /home/yzs/riscv/qemu/target/riscv/vector_helper.c
[21:23:25] [spechunter] [Grep] pattern='1010111\\b'
[21:23:25] [spechunter] [Bash] grep -n '100111.*001\|000111.*001\|010011.*001\|110011.*001\|111011.*001\|001011.*001\|011011.*001\|
[21:23:33] [spechunter] [Bash] grep -n '100111.*001.*1010111' target/riscv/insn32.decode
[21:23:33] [spechunter] [Read] /home/yzs/riscv/qemu/target/riscv/vector_helper.c
[21:23:33] [spechunter] [Grep] pattern='altfmt'
[21:23:34] [spechunter] [Agent] description, prompt
[21:23:34] [spechunter] [Agent] description, prompt
[21:23:44] [spechunter] [Bash] List top-level directory structure
[21:23:44] [spechunter] [Bash] List all files under spec_ref
[21:23:57] [spechunter] [Bash] List all adoc spec files under riscv-isa-manual
[21:23:57] [spechunter] [Grep] pattern='matrix|Zvvfp16mm|Zvvbf16mm|vfmmacc|integrated.matrix'
[21:24:01] [spechunter] [Glob] **/*matrix*
[21:24:01] [spechunter] [Glob] **/*Matrix*
[21:24:01] [spechunter] [Grep] pattern='vfmmacc|mmacc'
[21:24:01] [spechunter] [Grep] pattern='altfmt'
[21:24:01] [spechunter] [Grep] pattern='isWidening'
[21:24:01] [spechunter] [Grep] pattern='Zvvfp16mm|Zvvbf16mm'
[21:24:16] [spechunter] [Read] /home/yzs/riscv/rv-isa-sec/spec_ref/riscv-isa-manual/src/unpriv/matrix.adoc
[21:24:16] [spechunter] [Grep] pattern='Zvvfp16mm|Zvvbf16mm|matrix|fmm|vfmma'
[21:24:16] [spechunter] [Grep] pattern='matrix'
[21:24:36] [spechunter] [Grep] pattern='Zvvfp16mm|Zvvbf16mm|vfmmacc|integrated.matrix'
[21:24:36] [spechunter] [Grep] pattern='altfmt_A|altfmt_B|mixed.format'
[21:24:36] [spechunter] [Grep] pattern='fmmacc'
[21:24:43] [spechunter] [Grep] pattern='matrix|Matrix'
[21:24:43] [spechunter] [Grep] pattern='vfmmacc|vfwmmacc|vfmadd|vfmacc'
[21:24:43] [spechunter] [Grep] pattern='altfmt'
[21:24:43] [spechunter] [Read] /home/yzs/riscv/XiangShan/vfmmacc_mixed_format_findings.json
[21:24:43] [spechunter] [Read] /home/yzs/riscv/XiangShan/altfmt_mixed_format_permissive_findings.json
[21:25:04] [spechunter] [Read] /home/yzs/riscv/rv-isa-sec/spec/integrated-matrix-extension/manifest.tsv
[21:25:04] [spechunter] [Bash] List PRs and their sizes in integrated-matrix-extension
[21:25:18] [spechunter] [Read] /home/yzs/riscv/rv-isa-sec/spec/integrated-matrix-extension/pr-37/diff.patch
[21:25:18] [spechunter] [Read] /home/yzs/riscv/rv-isa-sec/spec/integrated-matrix-extension/pr-25/diff.patch
[21:25:18] [spechunter] [Read] /home/yzs/riscv/rv-isa-sec/spec/integrated-matrix-extension/pr-12/diff.patch
[21:25:18] [spechunter] [Read] /home/yzs/riscv/rv-isa-sec/spec/integrated-matrix-extension/pr-34/diff.patch
[21:25:25] [spechunter] [Read] /home/yzs/riscv/XiangShan/src/main/scala/xiangshan/backend/decode/VecDecoder.scala
[21:25:25] [spechunter] [Read] /home/yzs/riscv/XiangShan/src/main/scala/xiangshan/backend/decode/VecExceptionGen.scala
[21:25:25] [spechunter] [Read] /home/yzs/riscv/XiangShan/src/main/scala/xiangshan/backend/fu/vector/Bundles.scala
[21:25:43] [spechunter] [Grep] pattern='CSR|mstateen|sstateen|henvcfg|misa|feature.enable|control.register'
[21:25:43] [spechunter] [Read] /home/yzs/riscv/rv-isa-sec/spec/riscv-isa-manual/pr-2729/diff.patch
[21:26:08] [spechunter] [Read] /home/yzs/riscv/rv-isa-sec/spec/integrated-matrix-extension/pr-3/diff.patch
[21:26:08] [spechunter] [Read] /home/yzs/riscv/rv-isa-sec/spec/riscv-isa-manual/pr-2767/diff.patch
[21:26:08] [spechunter] [Read] /home/yzs/riscv/rv-isa-sec/spec/integrated-matrix-extension/pr-27/diff.patch
[21:26:10] [spechunter] [Grep] pattern='VFMACC_VV|VFWMACC_VV|VFWMMACC|VFMMACC'
[21:26:10] [spechunter] [Grep] pattern='class VtypeStruct|val vill|val reserved|val vma|val vta|val vsew|val vlmul'
[21:26:10] [spechunter] [Grep] pattern='vtypeIllegal|reserved\\.orR'
[21:26:10] [spechunter] [Grep] pattern='VfmaType|matFmt|vfmmacc|vfmacc'
[21:26:10] [spechunter] [Read] /home/yzs/riscv/XiangShan/integrated_matrix_CMUL_audit.json
[21:26:10] [spechunter] [Read] /home/yzs/riscv/XiangShan/integrated_matrix_G_WARL_findings.json
[21:26:13] [spechunter] [text] Let me verify the key code sections directly.  
[21:26:13] [spechunter] [Read] /home/yzs/riscv/qemu/target/riscv/insn_trans/trans_rvv.c.inc
[21:26:13] [spechunter] [Read] /home/yzs/riscv/qemu/target/riscv/insn_trans/trans_rvv.c.inc
[21:26:13] [spechunter] [Read] /home/yzs/riscv/qemu/target/riscv/insn_trans/trans_rvv.c.inc
[21:26:26] [spechunter] [Grep] pattern='mstateen|sstateen|henvcfg|menvcfg|mstatus|misa.*V|misa.*V.*disabled|stateen'
[21:26:26] [spechunter] [Grep] pattern='illegal.instruction|exception|vstart.*0|vm.*0|vector.mask|vma'
[21:26:40] [spechunter] [Read] /home/yzs/riscv/rv-isa-sec/spec/integrated-matrix-extension/pr-3/diff.patch
[21:26:40] [spechunter] [Read] /home/yzs/riscv/rv-isa-sec/spec/integrated-matrix-extension/pr-3/diff.patch
[21:26:40] [spechunter] [Read] /home/yzs/riscv/rv-isa-sec/spec/integrated-matrix-extension/pr-9/diff.patch
[21:26:44] [spechunter] [Glob] **/Instructions.scala
[21:26:44] [spechunter] [Glob] **/yunsuan/**/package.scala
[21:26:44] [spechunter] [Grep] pattern='VfmaType|VfmmaType'
[21:26:44] [spechunter] [Grep] pattern='VFMMACC|VFWMMACC|VFQWMMACC'
[21:26:44] [spechunter] [Grep] pattern='VfimacType|VfImacType|vfimac'
[21:26:46] [spechunter] [Read] /home/yzs/riscv/rv-isa-sec/spec/integrated-matrix-extension/pr-31/diff.patch
[21:26:46] [spechunter] [Read] /home/yzs/riscv/rv-isa-sec/spec/integrated-matrix-extension/pr-6/diff.patch
[21:26:53] [spechunter] [Read] /home/yzs/riscv/qemu/target/riscv/insn_trans/trans_rvv.c.inc
[21:26:53] [spechunter] [Read] /home/yzs/riscv/qemu/target/riscv/insn_trans/trans_rvv.c.inc
[21:26:53] [spechunter] [Read] /home/yzs/riscv/qemu/target/riscv/vector_helper.c
[21:26:57] [spechunter] [Grep] pattern='VfmaType|matFmt|vfmmacc|vfmacc|vfwmmacc'
[21:26:57] [spechunter] [Grep] pattern='VFMACC|VFWMACC|VFMMACC|VFWMMACC|VFQWMMACC'
[21:26:57] [spechunter] [Read] /home/yzs/riscv/XiangShan/src/main/scala/xiangshan/backend/fu/Vsetu.scala
[21:26:57] [spechunter] [Grep] pattern='VFMACC_VV|VFWMACC_VV'
[21:26:57] [spechunter] [Read] /home/yzs/riscv/XiangShan/altfmt_vtype_reserved_findings.json
[21:27:12] [spechunter] [Grep] pattern='VfmaType|vfma|VfmaType'
[21:27:12] [spechunter] [Read] /home/yzs/riscv/XiangShan/yunsuan/src/main/scala/yunsuan/package.scala
[21:27:12] [spechunter] [Grep] pattern='VFMACC|VFWMACC|VFMADD|VFNMSUB|VFNMADD|VFMSAC|VFNMSAC|VFNMACC'
[21:27:12] [spechunter] [Read] /home/yzs/riscv/XiangShan/src/main/scala/xiangshan/backend/decode/DecodeUnit.scala
[21:27:12] [spechunter] [Grep] pattern='VfmaType|vfma|isWidening|altfmt'
[21:27:27] [spechunter] [Read] /home/yzs/riscv/qemu/target/riscv/insn32.decode
[21:27:27] [spechunter] [Read] /home/yzs/riscv/qemu/target/riscv/insn_trans/trans_rvbf16.c.inc
[21:27:27] [spechunter] [Read] /home/yzs/riscv/qemu/target/riscv/tcg/tcg-cpu.c
[21:27:35] [spechunter] [Grep] pattern='isWiden|matFmt'
[21:27:35] [spechunter] [Grep] pattern='matFmt|mat_fmt|matrix'
[21:27:35] [spechunter] [Grep] pattern='CSRVTypeBundle|altfmt|Zvvfp16mm|Zvvbf16mm'
[21:27:35] [spechunter] [Grep] pattern='misa|extList|HasMExtension|matrix|Zvt'
[21:27:35] [spechunter] [Grep] pattern='class InstVType|reserved|vma|vta|vsew|vlmul'
[21:27:46] [spechunter] [Grep] pattern='altfmt'
[21:27:46] [spechunter] [Grep] pattern='zvfbfa'
[21:28:13] [spechunter] [Read] /home/yzs/riscv/XiangShan/src/main/scala/xiangshan/backend/fu/NewCSR/Unprivileged.scala
[21:28:13] [spechunter] [Grep] pattern='class MisaBundle'
[21:28:13] [spechunter] [Grep] pattern='isWiden|isWidening'
[21:28:35] [spechunter] [text] Let me also check the existing analysis file and the CPU configuration side.  
[21:28:35] [spechunter] [Read] /home/yzs/riscv/qemu/analysis_zvfbfa.json
[21:28:35] [spechunter] [Grep] pattern='zvfbfa|zvfbfmin|zvfbfwma'
[21:28:35] [spechunter] [Read] /home/yzs/riscv/qemu/target/riscv/cpu_cfg_fields.h.inc
[21:29:33] [spechunter] [Read] /home/yzs/riscv/qemu/target/riscv/tcg/tcg-cpu.c
[21:29:33] [spechunter] [Read] /home/yzs/riscv/qemu/target/riscv/tcg/tcg-cpu.c
[21:31:18] [spechunter] [text] Now let me read the specific spec files to get exact citations for the normative text.  
[21:31:18] [spechunter] [Read] /home/yzs/riscv/rv-isa-sec/spec/integrated-matrix-extension/pr-34/diff.patch
[21:31:18] [spechunter] [Read] /home/yzs/riscv/rv-isa-sec/spec/integrated-matrix-extension/pr-3/diff.patch
[21:31:28] [spechunter] [text] Let me also check the existing audit findings and the PR #12 spec to confirm the normative text.  
[21:31:28] [spechunter] [Read] /home/yzs/riscv/rv-isa-sec/spec/integrated-matrix-extension/pr-12/diff.patch
[21:31:28] [spechunter] [Read] /home/yzs/riscv/XiangShan/altfmt_mixed_format_permissive_findings.json
[21:31:28] [spechunter] [Read] /home/yzs/riscv/rv-isa-sec/spec/integrated-matrix-extension/pr-25/diff.patch
[21:31:28] [spechunter] [text] Now I have a complete picture. Let me compile the results.  ```json {   "violation_condition": "QEMU's decode/validation...
[21:31:49] [spechunter] [text] Now I have all the information needed. Let me verify the audit findings file and confirm there are no actual code locati...
[21:31:49] [spechunter] [Read] /home/yzs/riscv/XiangShan/vfmmacc_mixed_format_findings.json
[21:32:10] [spechunter] [text] Now I have all the information I need. Let me compile the audit findings.  
[21:32:10] [spechunter] [TodoWrite] 3 items
[21:32:33] [spechunter] [text] # Cross-Validation Report: mixed-format vfmmacc.vv  ## Assessment  **Key finding:** QEMU does not currently implement `v...
[21:32:33] [spechunter] [Grep] pattern='vfmmacc|vfwmmacc|vfqwmmacc|Zvvofp8mm|Zvvfp16mm|Zvvbf16mm|integrated.matrix'
[21:32:33] [spechunter] [Grep] pattern='altfmt'
[21:32:48] [spechunter] [text] Let me verify a few key code locations to ensure accuracy of the report.  
[21:32:48] [spechunter] [Read] /home/yzs/riscv/XiangShan/src/main/scala/xiangshan/backend/fu/Vsetu.scala
[21:32:48] [spechunter] [Read] /home/yzs/riscv/XiangShan/src/main/scala/xiangshan/backend/decode/VecDecoder.scala
[21:32:48] [spechunter] [Read] /home/yzs/riscv/XiangShan/src/main/scala/xiangshan/backend/decode/VecExceptionGen.scala
[21:33:06] [spechunter] [text] Let me verify the fast-path locations actually exist.  
[21:33:06] [spechunter] [Read] /home/yzs/riscv/qemu/target/riscv/cpu.h
[21:33:06] [spechunter] [Read] /home/yzs/riscv/qemu/target/riscv/vector_helper.c
[21:33:06] [spechunter] [Read] /home/yzs/riscv/qemu/target/riscv/insn_trans/trans_rvv.c.inc
[21:33:06] [spechunter] [Read] /home/yzs/riscv/qemu/target/riscv/insn_trans/trans_rvv.c.inc
[21:33:06] [spechunter] [Read] /home/yzs/riscv/qemu/target/riscv/insn32.decode
[21:33:06] [spechunter] [Read] /home/yzs/riscv/qemu/target/riscv/cpu.c
[21:33:06] [spechunter] [Read] /home/yzs/riscv/qemu/target/riscv/cpu_cfg_fields.h.inc
[21:33:06] [spechunter] [Read] /home/yzs/riscv/qemu/target/riscv/tcg/tcg-cpu.c
[21:33:06] [spechunter] [Read] /home/yzs/riscv/qemu/target/riscv/translate.c
[21:33:46] [spechunter] [Read] /home/yzs/riscv/qemu/target/riscv/insn_trans/trans_rvv.c.inc
[21:33:46] [spechunter] [Grep] pattern='vfwmacc_vv|vfwmacc_vf|vfmmacc'
[21:34:22] [spechunter] [text] Now I have all the data I need. The key finding is that the integrated matrix extension is **not implemented** in XiangS...
[21:35:18] [spechunter] [text] Now I have complete data for the cross-validation. Here is the final report:  ```json {   "locations": [     {       "fi...
[21:35:40] [spechunter] [text] I'll search the QEMU codebase for the relevant integrated-matrix decode/validation logic for `vfmmacc.vv`.  
[21:35:40] [spechunter] [Grep] pattern='vfmmacc'
[21:35:40] [spechunter] [Grep] pattern='altfmt'
[21:35:40] [spechunter] [Grep] pattern='integrated.matrix'
[21:35:54] [spechunter] [Grep] pattern='vfmmacc|altfmt'
[21:35:54] [spechunter] [Grep] pattern='vfmmacc|altfmt'
[21:35:54] [spechunter] [Grep] pattern='vfmmacc|altfmt'
[21:35:54] [spechunter] [Grep] pattern='vfmmacc|altfmt'
[21:36:08] [spechunter] [Grep] pattern='integrated.matrix|vext_check_ma|trans_vfmmacc|trans_vfwmmacc|trans_vfq'
[21:36:08] [spechunter] [Grep] pattern='integrated.matrix|OPIVV_MATRIX|OPFVV_MATRIX|vfmmacc|vfwmmacc|vfqmmacc'
[21:36:24] [spechunter] [Grep] pattern='matrix|mmacc|fmmacc'
[21:36:24] [spechunter] [Grep] pattern='VMAJOR|OPIVV_MAJOR_MA'
[21:36:24] [spechunter] [Grep] pattern='0xAE|0xCE|0xEE|funct6.*matrix'
[21:36:46] [spechunter] [Grep] pattern='zvvfp16mm|zvvbf16mm|integrated.matrix|altfmt'
[21:36:46] [spechunter] [Grep] pattern='gen_helper.*wmma|gen_helper.*fmmacc'
[21:37:11] [spechunter] [Grep] pattern='wmma|mma'
[21:37:11] [spechunter] [Grep] pattern='vext_check_ma\\b'
[21:37:28] [spechunter] [Grep] pattern='integrated.matrix|OPFVV_MAJOR_MATRIX|OPIVV_MAJOR_MATRIX|matrix|zvimatr'
[21:37:28] [spechunter] [Grep] pattern='zvimatr|zvfmma|matrix|integrated'
[21:37:28] [spechunter] [Grep] pattern='zvimatr|zvfmma|matrix'
[21:37:41] [spechunter] [Bash] List spec reference directories
[21:37:41] [spechunter] [Grep] pattern='zvimatr|zvfmma|integrated.matrix'
[21:38:02] [spechunter] [Read] /home/yzs/riscv/qemu/analysis_integrated_matrix_arith.json
[21:38:02] [spechunter] [Read] /home/yzs/riscv/qemu/target/riscv/vector_helper.c
[21:38:12] [spechunter] [Read] /home/yzs/riscv/qemu/target/riscv/vector_helper.c
[21:38:12] [spechunter] [Read] /home/yzs/riscv/qemu/target/riscv/insn_trans/trans_rvv.c.inc
[21:38:39] [spechunter] [text] Let me search for where widening instructions handle altfmt mixing and where matrix instructions might be decoded.  
[21:38:39] [spechunter] [Grep] pattern='vfw|widening|vext_check_wide|OPFVV_WIDE'
[21:38:39] [spechunter] [Grep] pattern='vext_check_dd|vext_check_ood'
[21:38:48] [spechunter] [Read] /home/yzs/riscv/qemu/target/riscv/insn_trans/trans_rvv.c.inc
[21:38:48] [spechunter] [Read] /home/yzs/riscv/qemu/target/riscv/insn_trans/trans_rvv.c.inc
[21:39:04] [spechunter] [Read] /home/yzs/riscv/qemu/target/riscv/insn_trans/trans_rvv.c.inc
[21:39:04] [spechunter] [Read] /home/yzs/riscv/qemu/target/riscv/insn_trans/trans_rvv.c.inc
[21:39:17] [spechunter] [text] Now let me look at the spec references and search for how QEMU handles the altfmt path (which maps to the matrix/bfa for...
[21:39:17] [spechunter] [Grep] pattern='OPFVV_BFA_TRANS|OPFVV_WIDEN_BFA_TRANS|GEN_OPFVV_BFA_TRANS'
[21:39:17] [spechunter] [Grep] pattern='vfmmacc|integrated.matrix|mixed.format'
[21:40:41] [spechunter] [Grep] pattern='mmacc|macc|wmmacc|fwmacc'
[21:40:41] [spechunter] [Grep] pattern='vfmacc|vfnmacc|vfmsac|vfwmacc|vfwnmacc|vfwmsac'
[21:41:12] [spechunter] [Grep] pattern='vfn?m?m?acc'
[21:41:12] [spechunter] [Grep] pattern='altfmt.*!=|altfmt.*==|altfmt.*check|altfmt.*ill'
[21:41:25] [spechunter] [Grep] pattern='opivv_matrix|matrix|zfmmacc|zvfmma|integrated'
[21:41:25] [spechunter] [Grep] pattern='zvimatr|zfmatr|ext_zv'
[21:41:25] [spechunter] [Grep] pattern='ext_zvimatr|ext_zvfmatr|ext_zvfmma|ext_zvvfp16mm|ext_zvvbf16mm'
[21:41:42] [spechunter] [text] The search confirms that the integrated-matrix extension is **not yet implemented** in this QEMU codebase. Let me verify...
[21:41:42] [spechunter] [Bash] Check for any matrix-related commits in git history
[21:41:42] [spechunter] [Bash] Check for stashed work or branches
[21:42:01] [spechunter] [Grep] pattern='mixed.format|vfmmacc|vfwmmacc|vfqmmacc|altfmt'
[21:42:24] [spechunter] [Bash] Search spec files for matrix-related content
