[08:22:19] [spechunter] PR loaded: #2686 riscv/riscv-isa-manual — "Added CACHE_BLOCK_SIZE norm rule"
[08:22:19] [spechunter]   diff: 229932 chars  body: 1 chars  reviews: 1
[08:22:19] [spechunter] Global pre-filter running...
[08:22:23] [spechunter] [text] {"should_skip": false}
[08:22:24] [spechunter] pre-filter: should_skip=False reason=""
[08:22:37] [spechunter] [text] {"should_skip": true, "skip_reason": "Pure spec documentation infrastructure change — adds a normative rule tag for CACH...
[08:22:39] [spechunter] [text] {"should_skip": true, "skip_reason": "This PR adds a normative rule for cache block size discovery in the unprivileged C...
[08:22:41] [spechunter] [text] {"should_skip": true, "skip_reason": "Internal spec repo bookkeeping: adding a normative rule tag (CACHE_BLOCK_SIZE) for...
[08:22:41] [spechunter] [text] {"should_skip": true, "skip_reason": "Spec metadata-only change adding a normative tag for existing cache block size tex...
[08:22:41] [spechunter] [text] {"should_skip": true, "skip_reason": "Pure specification metadata change — adds a normative rule tag for CACHE_BLOCK_SIZ...
[06:15:23] [spechunter] PR loaded: #2686 riscv/riscv-isa-manual — "Added CACHE_BLOCK_SIZE norm rule"
[06:15:23] [spechunter]   diff: 229932 chars  body: 1 chars  reviews: 1
[06:15:23] [spechunter] Global pre-filter running...
[06:15:34] [spechunter] [text] {"should_skip": false}
[06:15:35] [spechunter] pre-filter: should_skip=False reason=""
[06:15:46] [spechunter] [text] {"should_skip": true, "skip_reason": "Unprivileged ISA spec change adding a CACHE_BLOCK_SIZE normative rule for cache ma...
[06:15:53] [spechunter] [text] {"should_skip": true, "skip_reason": "Spec metadata-only change adding a normative rule tag for CACHE_BLOCK_SIZE; no CSR...
[06:15:54] [spechunter] [text] {"should_skip": false}
[06:16:02] [spechunter] [text] {"should_skip": true, "skip_reason": "Spec infrastructure metadata change adding a normative rule tag definition for CMO...
[06:16:09] [spechunter] [text] {"should_skip": true, "skip_reason": "Purely metadata/normative rule tagging addition (YAML definition + JSON tag entry)...
[06:16:16] [spechunter] [text] ```json {   "violation_condition": "Linux kernel issues CBO instructions (CBO.INVAL, CBO.CLEAN, CBO.FLUSH, CBO.ZERO) usi...
[06:16:35] [spechunter] [TodoWrite] 6 items
[06:16:43] [spechunter] [Grep] pattern='CBO\\.INVAL|CBO\\.CLEAN|CBO\\.FLUSH|CBO\\.ZERO'
[06:16:43] [spechunter] [Grep] pattern='Zicbom|Zicboz'
[06:16:43] [spechunter] [Grep] pattern='cbo_block_size|cboz_block_size'
[06:16:43] [spechunter] [Grep] pattern='riscv_cbom_block_size|riscv_cboz_block_size'
[06:16:43] [spechunter] [Grep] pattern='L1_CACHE_BYTES.*riscv|alternative_cmo'
[06:16:56] [spechunter] [text] Let me also search for the CMO alternative instruction patterns and additional related entities
[06:16:56] [spechunter] [Grep] pattern='ALT_CMO_OP|THEAD_CMO_OP|alternative_cmo'
[06:16:56] [spechunter] [Grep] pattern='CBO_OP_|\\.long\\s+CBO_'
[06:16:56] [spechunter] [Grep] pattern='CBIE|CBCFE|CBZE'
[06:16:56] [spechunter] [Grep] pattern='cbo\\.zero|cbo\\.clean|cbo\\.flush|cbo\\.inval'
[06:17:07] [spechunter] [Agent] description, subagent_type
[06:17:07] [spechunter] [Agent] description, subagent_type
[06:17:07] [spechunter] [Agent] description, subagent_type
[06:17:09] [spechunter] [text] Let me also look at the key functions in the critical files to get function names and line ranges
[06:17:09] [spechunter] [Read] /home/yzs/riscv/linux/arch/riscv/mm/dma-noncoherent.c
[06:17:09] [spechunter] [Read] /home/yzs/riscv/linux/arch/riscv/mm/cacheflush.c
[06:17:09] [spechunter] [Read] /home/yzs/riscv/linux/arch/riscv/kernel/cpufeature.c
[06:17:09] [spechunter] [Read] /home/yzs/riscv/linux/arch/riscv/kernel/cpufeature.c
[06:17:09] [spechunter] [Read] /home/yzs/riscv/linux/arch/riscv/kvm/vcpu.c
[06:17:09] [spechunter] [Read] /home/yzs/riscv/linux/arch/riscv/kvm/vcpu_onereg.c
[06:17:09] [spechunter] [Read] /home/yzs/riscv/linux/arch/riscv/mm/pmem.c
[06:17:09] [spechunter] [Read] /home/yzs/riscv/linux/arch/riscv/include/asm/errata_list.h
[06:17:26] [spechunter] [text] Let me check a few more remaining files for completeness.  
[06:17:26] [spechunter] [Read] /home/yzs/riscv/linux/arch/riscv/kernel/sys_hwprobe.c
[06:17:26] [spechunter] [Read] /home/yzs/riscv/linux/arch/riscv/errata/thead/errata.c
[06:17:26] [spechunter] [Read] /home/yzs/riscv/linux/arch/riscv/errata/andes/errata.c
[06:17:26] [spechunter] [Read] /home/yzs/riscv/linux/drivers/cache/sifive_ccache.c
[06:17:26] [spechunter] [Read] /home/yzs/riscv/linux/drivers/cache/starfive_starlink_cache.c
[06:17:26] [spechunter] [Read] /home/yzs/riscv/linux/drivers/cache/ax45mp_cache.c
[06:17:26] [spechunter] [Read] /home/yzs/riscv/linux/arch/riscv/include/asm/csr.h
[06:17:26] [spechunter] [Read] /home/yzs/riscv/linux/arch/riscv/lib/clear_page.S
[06:17:33] [spechunter] [Grep] pattern='riscv_cbom_block_size'
[06:17:33] [spechunter] [Grep] pattern='riscv_cboz_block_size'
[06:17:33] [spechunter] [Grep] pattern='cbo_block_size|cboz_block_size'
[06:17:33] [spechunter] [Grep] pattern='\\bCBO_(INVAL|CLEAN|FLUSH|ZERO)\\b'
[06:17:33] [spechunter] [Grep] pattern='alternative_cmo'
[06:17:33] [spechunter] [Grep] pattern='Zicbom|Zicboz'
[06:17:33] [spechunter] [Grep] pattern='RISCV_ISA_EXT_ZICBOM|RISCV_ISA_EXT_ZICBOZ'
[06:17:35] [spechunter] [Grep] pattern='riscv_cbom_block_size'
[06:17:35] [spechunter] [Grep] pattern='riscv_cboz_block_size'
[06:17:35] [spechunter] [Glob] arch/riscv/kernel/cpufeature*
[06:17:35] [spechunter] [Glob] arch/riscv/include/asm/cache*
[06:17:35] [spechunter] [Grep] pattern='cache-block-size'
[06:17:42] [spechunter] [Grep] pattern='riscv_cbom_block_size'
[06:17:42] [spechunter] [Grep] pattern='riscv_cboz_block_size'
[06:17:42] [spechunter] [Grep] pattern='L1_CACHE_BYTES'
[06:17:42] [spechunter] [Glob] arch/riscv/**/*cflush*
[06:17:42] [spechunter] [Glob] arch/riscv/**/*dcache*
[06:17:42] [spechunter] [Glob] arch/riscv/**/*cacheflush*
[06:17:42] [spechunter] [Glob] arch/riscv/**/*cache_ops*
[06:17:42] [spechunter] [Glob] arch/riscv/kvm/**
[06:17:42] [spechunter] [Glob] arch/riscv/mm/dma-noncoherent*
[06:17:43] [spechunter] [Grep] pattern='CBO_INVAL|CBO_CLEAN|CBO_FLUSH|CBO_ZERO|CBOZ_ALT'
[06:17:43] [spechunter] [Grep] pattern='CBO_INVAL|CBO_CLEAN|CBO_FLUSH|CBO_ZERO|CBOZ_ALT'
[06:17:50] [spechunter] [Read] /home/yzs/riscv/linux/arch/riscv/mm/cacheflush.c
[06:17:50] [spechunter] [Read] /home/yzs/riscv/linux/arch/riscv/include/asm/cacheflush.h
[06:17:50] [spechunter] [Read] /home/yzs/riscv/linux/arch/riscv/include/asm/cache.h
[06:17:50] [spechunter] [Read] /home/yzs/riscv/linux/arch/riscv/include/asm/cacheinfo.h
[06:17:50] [spechunter] [Read] /home/yzs/riscv/linux/drivers/cache/sifive_ccache.c
[06:17:50] [spechunter] [Read] /home/yzs/riscv/linux/drivers/cache/starfive_starlink_cache.c
[06:17:50] [spechunter] [Read] /home/yzs/riscv/linux/drivers/cache/ax45mp_cache.c
[06:18:01] [spechunter] [Grep] pattern='ALT_CMO_OP'
[06:18:01] [spechunter] [Grep] pattern='THEAD_CMO_OP'
[06:18:01] [spechunter] [Grep] pattern='cbom-block-size|cboz-block-size'
[06:18:01] [spechunter] [Grep] pattern='RISCV_HWPROBE_KEY_ZICBOM|RISCV_HWPROBE_KEY_ZICBOZ'
[06:18:01] [spechunter] [Grep] pattern='ALTERNATIVE.*CMO|alternative_cmo'
[06:18:01] [spechunter] [Grep] pattern='riscv_ext_zicbom_validate|riscv_ext_zicboz_validate'
[06:18:01] [spechunter] [Read] /home/yzs/riscv/linux/arch/riscv/include/asm/cacheflush.h
[06:18:01] [spechunter] [Read] /home/yzs/riscv/linux/arch/riscv/mm/cacheflush.c
[06:18:01] [spechunter] [Read] /home/yzs/riscv/linux/arch/riscv/include/asm/insn-def.h
[06:18:07] [spechunter] [Read] /home/yzs/riscv/linux/arch/riscv/include/asm/insn-def.h
[06:18:10] [spechunter] [Read] /home/yzs/riscv/linux/arch/riscv/kernel/cpufeature.c
[06:18:10] [spechunter] [Read] /home/yzs/riscv/linux/arch/riscv/errata/andes/errata.c
[06:18:10] [spechunter] [Read] /home/yzs/riscv/linux/arch/riscv/errata/thead/errata.c
[06:18:10] [spechunter] [Grep] pattern='riscv_init_cbo_blocksizes'
[06:18:10] [spechunter] [Grep] pattern='acpi_get_cbo_block_size'
[06:18:10] [spechunter] [Grep] pattern='riscv_cbop_block_size'
[06:18:23] [spechunter] [Read] /home/yzs/riscv/linux/arch/riscv/include/asm/errata_list.h
[06:18:23] [spechunter] [Read] /home/yzs/riscv/linux/arch/riscv/kernel/cpufeature.c
[06:18:23] [spechunter] [Read] /home/yzs/riscv/linux/arch/riscv/lib/clear_page.S
[06:18:23] [spechunter] [Read] /home/yzs/riscv/linux/arch/riscv/include/asm/hwcap.h
[06:18:23] [spechunter] [Read] /home/yzs/riscv/linux/arch/riscv/include/asm/acpi.h
[06:18:23] [spechunter] [Read] /home/yzs/riscv/linux/arch/riscv/errata/thead/errata.c
[06:18:23] [spechunter] [Read] /home/yzs/riscv/linux/arch/riscv/errata/andes/errata.c
[06:18:23] [spechunter] [Read] /home/yzs/riscv/linux/drivers/acpi/riscv/rhct.c
[06:18:26] [spechunter] [Read] /home/yzs/riscv/linux/arch/riscv/mm/cacheflush.c
[06:18:26] [spechunter] [Read] /home/yzs/riscv/linux/arch/riscv/mm/dma-noncoherent.c
[06:18:26] [spechunter] [Read] /home/yzs/riscv/linux/arch/riscv/include/asm/cacheflush.h
[06:18:26] [spechunter] [Read] /home/yzs/riscv/linux/arch/riscv/include/asm/cache.h
[06:18:26] [spechunter] [Read] /home/yzs/riscv/linux/arch/riscv/kernel/cpufeature.c
[06:18:26] [spechunter] [Read] /home/yzs/riscv/linux/arch/riscv/kernel/cpufeature.c
[06:18:26] [spechunter] [Read] /home/yzs/riscv/linux/arch/riscv/kvm/vcpu_onereg.c
[06:18:26] [spechunter] [Read] /home/yzs/riscv/linux/arch/riscv/errata/thead/errata.c
[06:18:26] [spechunter] [Read] /home/yzs/riscv/linux/arch/riscv/mm/pmem.c
[06:18:26] [spechunter] [Read] /home/yzs/riscv/linux/arch/riscv/lib/clear_page.S
[06:18:29] [spechunter] [Read] /home/yzs/riscv/linux/arch/riscv/kernel/setup.c
[06:18:29] [spechunter] [Read] /home/yzs/riscv/linux/drivers/acpi/riscv/rhct.c
[06:18:29] [spechunter] [Read] /home/yzs/riscv/linux/arch/riscv/mm/dma-noncoherent.c
[06:18:29] [spechunter] [Grep] pattern='riscv_set_dma_cache_alignment'
[06:18:29] [spechunter] [Grep] pattern='riscv_noncoherent_supported'
[06:18:36] [spechunter] [Read] /home/yzs/riscv/linux/arch/riscv/mm/dma-noncoherent.c
[06:18:36] [spechunter] [Read] /home/yzs/riscv/linux/arch/riscv/kernel/sys_hwprobe.c
[06:18:36] [spechunter] [Read] /home/yzs/riscv/linux/arch/riscv/kvm/vcpu_onereg.c
[06:18:36] [spechunter] [Read] /home/yzs/riscv/linux/arch/riscv/kernel/cpufeature.c
[06:18:36] [spechunter] [Read] /home/yzs/riscv/linux/drivers/acpi/riscv/rhct.c
[06:18:36] [spechunter] [Read] /home/yzs/riscv/linux/drivers/cache/ax45mp_cache.c
[06:18:36] [spechunter] [Read] /home/yzs/riscv/linux/drivers/cache/sifive_ccache.c
[06:18:36] [spechunter] [Read] /home/yzs/riscv/linux/drivers/cache/starfive_starlink_cache.c
[06:18:42] [spechunter] [Read] /home/yzs/riscv/linux/drivers/acpi/riscv/rhct.c
[06:18:42] [spechunter] [Read] /home/yzs/riscv/linux/arch/riscv/lib/clear_page.S
[06:18:42] [spechunter] [Grep] pattern='riscv_cbom_block_size\\s*='
[06:18:42] [spechunter] [Grep] pattern='riscv_cboz_block_size\\s*='
[06:18:42] [spechunter] [Read] /home/yzs/riscv/linux/arch/riscv/include/asm/acpi.h
[06:18:49] [spechunter] [Grep] pattern='ALT_CMO_OP'
[06:18:49] [spechunter] [Grep] pattern='CBO_'
[06:18:49] [spechunter] [Grep] pattern='SZ_64|SZ_32|64\\)|32\\)'
[06:18:49] [spechunter] [Read] /home/yzs/riscv/linux/arch/riscv/kernel/sys_hwprobe.c
[06:18:49] [spechunter] [Read] /home/yzs/riscv/linux/arch/riscv/errata/andes/errata.c
[06:18:49] [spechunter] [Read] /home/yzs/riscv/linux/drivers/cache/ax45mp_cache.c
[06:18:49] [spechunter] [Read] /home/yzs/riscv/linux/drivers/cache/sifive_ccache.c
[06:18:50] [spechunter] [text] API Error: 400 {"detail":"Error code: 400 - {'detail': 'Rate limit exceeded for team: AI_PRD_SELF-ygOCagDg1IJPqSZyFTZ2lU...
[06:19:12] [spechunter] [text] ```json {   "locations": [     {       "file_path": "arch/riscv/include/asm/insn-def.h",       "function_name": null,   ...
[06:19:59] [spechunter] [Read] /home/yzs/riscv/linux/arch/riscv/mm/cacheflush.c
[06:19:59] [spechunter] [Read] /home/yzs/riscv/linux/arch/riscv/kernel/cpufeature.c
[06:19:59] [spechunter] [Read] /home/yzs/riscv/linux/arch/riscv/mm/cacheflush.c
[06:21:06] [spechunter] [text] Now let me check a few more locations that were flagged to verify accuracy.  
[06:21:06] [spechunter] [Read] /home/yzs/riscv/linux/arch/riscv/include/asm/cacheflush.h
[06:21:06] [spechunter] [Read] /home/yzs/riscv/linux/arch/riscv/kernel/cpufeature.c
[06:21:06] [spechunter] [Read] /home/yzs/riscv/linux/arch/riscv/include/uapi/asm/kvm.h
[06:22:20] [spechunter] [text] Now let me verify the ACPI and erratum locations referenced.  
[06:22:20] [spechunter] [Read] /home/yzs/riscv/linux/arch/riscv/include/asm/acpi.h
[06:22:20] [spechunter] [Grep] pattern='acpi_get_cbo_block_size'
[06:22:20] [spechunter] [Grep] pattern='riscv_cbop_block_size'
[06:24:22] [spechunter] [text] Now I have a clear picture. Let me produce the final validated set.  ```json {   "locations": [     "arch/riscv/mm/cache...
[06:25:16] [spechunter] [text] I'll systematically analyze the RISC-V CBO cache block size handling in the Linux kernel. Let me start by exploring the ...
[06:25:16] [spechunter] [Agent] description, prompt
[06:25:16] [spechunter] [Agent] description, prompt
[06:25:21] [spechunter] [Bash] List top-level contents of spec_ref directory
[06:25:25] [spechunter] [Bash] Explore riscv-isa-manual directory structure
[06:25:36] [spechunter] [Bash] List all pages in unpriv module
[06:25:36] [spechunter] [Read] /home/yzs/riscv/rv-isa-sec/spec_ref/riscv-isa-manual/modules/unpriv/pages/cmo.adoc
[06:25:42] [spechunter] [Grep] pattern='riscv_cbom_block_size|riscv_cboz_block_size|riscv_cbo_block_size'
[06:25:42] [spechunter] [Grep] pattern='CBO_INVAL|CBO_CLEAN|CBO_FLUSH|CBO_ZERO'
[06:25:42] [spechunter] [Grep] pattern='L1_CACHE_BYTES'
[06:25:42] [spechunter] [Grep] pattern='alternative_cmo|ALT_CMO'
[06:25:42] [spechunter] [Grep] pattern='riscv_cbom|riscv_cboz'
[06:25:42] [spechunter] [Grep] pattern='cache.block.size|cache-block-size|cacheblock'
[06:25:58] [spechunter] [Grep] pattern='CBOBLOCK|cbo_block_size|cache.?block.?size|cbom_blocksize|cboz_blocksize'
[06:25:58] [spechunter] [Grep] pattern='device.tree|dt_binding|cpu-intc|riscv,cbom|riscv,cboz|riscv,cbop'
[06:25:58] [spechunter] [Grep] pattern='Zicbom|Zicboz|Zicbop|CBO'
[06:26:08] [spechunter] [Read] /home/yzs/riscv/rv-isa-sec/spec_ref/riscv-isa-manual/src/unpriv/cmo.adoc
[06:26:08] [spechunter] [Read] /home/yzs/riscv/rv-isa-sec/spec_ref/riscv-isa-manual/src/unpriv/zic64b.adoc
[06:26:08] [spechunter] [Read] /home/yzs/riscv/rv-isa-sec/spec_ref/riscv-isa-manual/normative_rule_defs/cmo.yaml
[06:26:08] [spechunter] [Read] /home/yzs/riscv/rv-isa-sec/spec_ref/riscv-isa-manual/normative_rule_defs/zic64b.yaml
[06:26:22] [spechunter] [Read] /home/yzs/riscv/linux/arch/riscv/mm/cacheflush.c
[06:26:22] [spechunter] [Read] /home/yzs/riscv/linux/arch/riscv/include/asm/cacheflush.h
[06:26:22] [spechunter] [Read] /home/yzs/riscv/linux/arch/riscv/include/asm/insn-def.h
[06:26:22] [spechunter] [Read] /home/yzs/riscv/linux/arch/riscv/lib/clear_page.S
[06:26:22] [spechunter] [Read] /home/yzs/riscv/linux/arch/riscv/include/asm/errata_list.h
[06:26:22] [spechunter] [Read] /home/yzs/riscv/linux/arch/riscv/mm/dma-noncoherent.c
[06:26:22] [spechunter] [Read] /home/yzs/riscv/linux/arch/riscv/include/asm/cache.h
[06:26:22] [spechunter] [Read] /home/yzs/riscv/linux/arch/riscv/kernel/cpufeature.c
[06:26:22] [spechunter] [Read] /home/yzs/riscv/linux/arch/riscv/errata/andes/errata.c
[06:26:22] [spechunter] [Read] /home/yzs/riscv/linux/arch/riscv/errata/thead/errata.c
[06:26:24] [spechunter] [Grep] pattern='CBOBLOCK|cbo_block|ccreg|cpuid.*cbo|cache.?block.?size'
[06:26:24] [spechunter] [Grep] pattern='cbom.*block.?size|cboz.*block.?size|riscv,cbom|riscv,cboz'
[06:26:24] [spechunter] [Grep] pattern='cbom_blocksize|cboz_blocksize|cache.?block'
[06:26:34] [spechunter] [Read] /home/yzs/riscv/linux/arch/riscv/kernel/cpufeature.c
[06:26:34] [spechunter] [Read] /home/yzs/riscv/linux/arch/riscv/kernel/sys_hwprobe.c
[06:26:34] [spechunter] [Grep] pattern='cbop_block_size|riscv_cbop|hardcoded.*cache|cache.*hardcod'
[06:26:34] [spechunter] [Read] /home/yzs/riscv/linux/arch/riscv/mm/pmem.c
[06:26:34] [spechunter] [Grep] pattern='acpi_get_cbo_block_size'
[06:26:34] [spechunter] [Grep] pattern='nonstandard_cache_ops|noncoherent_cache_ops|riscv_noncoherent_register'
[06:26:37] [spechunter] [Grep] pattern='discovery|CBOBLOCK'
[06:26:37] [spechunter] [Grep] pattern='Zicbom|Zicboz|Zicbop|Zic64b|CBO|CMO'
[06:26:37] [spechunter] [Grep] pattern='zicbom|zicboz|zicbop|zic64b'
[06:26:50] [spechunter] [Read] /home/yzs/riscv/linux/arch/riscv/include/asm/acpi.h
[06:26:50] [spechunter] [Read] /home/yzs/riscv/linux/arch/riscv/mm/cache-ops.c
[06:26:50] [spechunter] [Read] /home/yzs/riscv/linux/arch/riscv/include/asm/dma-noncoherent.h
[06:26:50] [spechunter] [Read] /home/yzs/riscv/linux/arch/riscv/include/asm/errata_list.h
[06:26:50] [spechunter] [Read] /home/yzs/riscv/linux/arch/riscv/kvm/vcpu_onereg.c
[06:26:56] [spechunter] [Grep] pattern='discovery|CMO|cbo|CBO|cache.*block'
[06:26:56] [spechunter] [Grep] pattern='CBO|cmo|cache.*block|Zicbom|Zicboz|Zicbop|Zic64b'
[06:27:13] [spechunter] [Grep] pattern='cache.*block.*size|CBO|cmo|Zicbom|Zicboz|Zicbop|Zic64b|blocksize|discovery'
[06:27:13] [spechunter] [Grep] pattern='discovery.*CMO|CMO.*discovery|cache.*block.*size'
[06:27:13] [spechunter] [Grep] pattern='cbom_blocksize|cboz_blocksize|cbop_blocksize'
[06:27:15] [spechunter] [Grep] pattern='riscv_init_cbo_blocksizes'
[06:27:15] [spechunter] [Read] /home/yzs/riscv/linux/arch/riscv/kernel/cpufeature.c
[06:27:15] [spechunter] [Grep] pattern='setup_vm_final|riscv_init_cbo'
[06:27:15] [spechunter] [Grep] pattern='\\.long 0x00f5c023|CBO_INVAL|CBO_CLEAN|CBO_FLUSH|CBO_ZERO|\\.word.*0x00f5c0'
[06:27:21] [spechunter] [Grep] pattern='Zicbom|Zicboz|Zicbop|Zic64b|cache.block'
[06:27:21] [spechunter] [Grep] pattern='CBOBLOCK|cbo.*block|cbom_blocksize|cboz_blocksize|discovery'
[06:27:21] [spechunter] [Grep] pattern='CBOBLOCK|cbo.*block|cbom|cboz|discovery'
[06:27:28] [spechunter] [Bash] List source files in unpriv directory
[06:27:28] [spechunter] [Grep] pattern='Zicbom|Zicboz|Zicbop|Zic64b|CBO|cmo|CMO'
[06:27:48] [spechunter] [Grep] pattern='Zicbom|Zicboz|Zicbop|Zic64b|CBO|cmo|CMO'
[06:27:48] [spechunter] [Grep] pattern='discovery|hardcoded|block.size|UNSPECIFIED'
[06:28:36] [spechunter] [Grep] pattern='discovery|device.tree|cpu-intc|CBOBLOCK|dt_binding|hardcoded'
[06:28:36] [spechunter] [Grep] pattern='CBOBLOCK|cbo_block|cache.?block.?size'
[06:28:58] [spechunter] [Grep] pattern='Zic64b|Zicbom|Zicboz|Zicbop|cache.block|discovery|NOTE:'
[06:28:58] [spechunter] [Read] /home/yzs/riscv/rv-isa-sec/spec_ref/riscv-isa-manual/src/profiles/rva22.adoc
[06:29:13] [spechunter] [Grep] pattern='CBOBLOCK|cbo_block|ccreg|cpuid.*cbo|mcpuid'
[06:29:13] [spechunter] [Grep] pattern='cbo|CMO|cache.block|discovery|Zicbom|Zicboz'
[06:29:13] [spechunter] [Grep] pattern='cbom.blocksize|cboz.blocksize|block.size'
[06:29:56] [spechunter] [Grep] pattern='discovery|uniform|implementation.specific|UNSPECIFIED'
[06:29:56] [spechunter] [Grep] pattern='should|shall|must'
[06:30:23] [spechunter] [Grep] pattern='cbo|CMO|cache.block|CBZE|CBCFE|CBIE|Zicbom|Zicboz|Zicbop'
[06:30:23] [spechunter] [Grep] pattern='CBO|CBZE|CBCFE|CBIE'
[06:30:58] [spechunter] [Grep] pattern='UNSPECIFIED|wrong|incorrect|mismatch|portable|hardcode'
[06:30:58] [spechunter] [Grep] pattern='NAPOT|naturally aligned power.of.two'
[06:30:58] [spechunter] [Grep] pattern='shorter|longer|compatible|sequence|64.bytes'
[06:31:23] [spechunter] [Bash] List all spec_ref subdirectories
[06:31:23] [spechunter] [Grep] pattern='uniform|block size shall|block size is'
[06:31:23] [spechunter] [Grep] pattern='CBOBLOCK|cbo_block_size'
[06:31:34] [spechunter] [Read] /home/yzs/riscv/rv-isa-sec/spec_ref/riscv-isa-manual/src/unpriv/unpriv.adoc
[06:31:34] [spechunter] [Grep] pattern='include|chapter|cmos|cmo|zicbom|zicboz|zicbop'
[06:31:39] [spechunter] [Grep] pattern='cmo|zicbom|zicboz|zicbop|zic64b|cache.block'
[06:32:53] [spechunter] [text] Now let me read the key code files in detail to produce the precise analysis
[06:32:53] [spechunter] [Read] /home/yzs/riscv/linux/arch/riscv/include/asm/cache.h
[06:32:53] [spechunter] [Read] /home/yzs/riscv/linux/arch/riscv/errata/thead/errata.c
[06:32:53] [spechunter] [Read] /home/yzs/riscv/linux/arch/riscv/errata/andes/errata.c
[06:32:53] [spechunter] [Read] /home/yzs/riscv/linux/arch/riscv/mm/cacheflush.c
[06:33:12] [spechunter] [Read] /home/yzs/riscv/linux/arch/riscv/mm/dma-noncoherent.c
[06:33:12] [spechunter] [Read] /home/yzs/riscv/linux/arch/riscv/include/asm/errata_list.h
[06:33:12] [spechunter] [Read] /home/yzs/riscv/linux/arch/riscv/kernel/cpufeature.c
[06:33:12] [spechunter] [Read] /home/yzs/riscv/linux/arch/riscv/kernel/cpufeature.c
[06:33:12] [spechunter] [Read] /home/yzs/riscv/linux/arch/riscv/lib/clear_page.S
[06:33:21] [spechunter] [text] Let me check a few more code locations and read the spec for precise citations.  
[06:33:21] [spechunter] [Read] /home/yzs/riscv/linux/arch/riscv/mm/pmem.c
[06:33:21] [spechunter] [Read] /home/yzs/riscv/rv-isa-sec/spec_ref/riscv-isa-manual/src/unpriv/cmo.adoc
[06:33:21] [spechunter] [Read] /home/yzs/riscv/rv-isa-sec/spec_ref/riscv-isa-manual/src/unpriv/cmo.adoc
[06:33:21] [spechunter] [Read] /home/yzs/riscv/rv-isa-sec/spec_ref/riscv-isa-manual/src/unpriv/cmo.adoc
[06:33:21] [spechunter] [Read] /home/yzs/riscv/rv-isa-sec/spec_ref/riscv-isa-manual/src/unpriv/zic64b.adoc
[06:33:27] [spechunter] [Read] /home/yzs/riscv/rv-isa-sec/spec_ref/riscv-isa-manual/src/profiles/rva22.adoc
[06:33:27] [spechunter] [Read] /home/yzs/riscv/linux/arch/riscv/include/asm/set_memory.h
[06:33:27] [spechunter] [Read] /home/yzs/riscv/linux/arch/riscv/kernel/module-sections.c
[06:34:49] [spechunter] [text] Now let me read the errata list header for the alternative instruction definitions and the setup call flow to verify ord...
[06:34:49] [spechunter] [Read] /home/yzs/riscv/linux/arch/riscv/include/asm/errata_list.h
[06:34:49] [spechunter] [Read] /home/yzs/riscv/linux/arch/riscv/include/asm/insn-def.h
[06:36:23] [spechunter] [text] Now I have all the information needed. Let me produce the final analysis.  ```json {   "findings": [     {       "file_p...
