[20:14:24] [spechunter] PR loaded: #38 riscv/riscv-spec-barrier — "Add Zihpd and Zifencehpd extensions"
[20:14:24] [spechunter]   diff: 8828 chars  body: 1 chars  reviews: 0
[20:14:24] [spechunter] Global pre-filter running...
[20:14:42] [spechunter] [text] {"should_skip": false}
[20:14:43] [spechunter] pre-filter: should_skip=False reason=""
[20:15:04] [spechunter] [text] ```json {"should_skip": false} ```
[20:15:10] [spechunter] [text] {"should_skip": false}
[20:15:11] [spechunter] [text] {"should_skip": false}
[20:15:13] [spechunter] [text] {"should_skip": true, "skip_reason": "Zihpd/Zifencehpd define hardware-level prediction domain isolation and fence.hpd i...
[20:15:27] [spechunter] [text] {"should_skip": false}
[20:15:46] [spechunter] [text] ```json {   "violation_condition": "Linux kernel writes satp (changing ASID) or hgatp (changing VMID) during context swi...
[20:15:51] [spechunter] [text] ```json {   "violation_condition": "In XiangShan RTL, when predictor structures (FTB, TAGE-SC branch predictor, load-val...
[20:16:11] [spechunter] [TodoWrite] 5 items
[20:16:12] [spechunter] [TodoWrite] 6 items
[20:16:12] [spechunter] [Grep] pattern='fence\\.hpd|FENCE_HPD|fence_hpd|zhpd|zifencehpd|Zihpd|Zifencehpd|hpd\\.flush|hpd_flush'
[20:16:12] [spechunter] [Grep] pattern='mstatus.*TSR|TSR.*mstatus|\\\\bTSR\\\\b'
[20:16:12] [spechunter] [Grep] pattern='hstatus.*VTSR|VTSR|vtsr'
[20:16:12] [spechunter] [Grep] pattern='predictor.*tag|prediction.*domain|branch.*ASID|FTB.*VMID|tage.*tag|prefetch.*domain|prediction.*privilege|speculative.*cross.*domain|prediction.*invalidation'
[20:16:30] [spechunter] [Grep] pattern='fence\\.hpd|FENCE_HPD|fence_hpd'
[20:16:30] [spechunter] [Grep] pattern='csr_write.*satp|csr_set.*satp|SR_SATP|SATP_MODE|write_satp|__set_satp'
[20:16:30] [spechunter] [Grep] pattern='csr_write.*hgatp|HGATP|write_hgatp'
[20:16:30] [spechunter] [Grep] pattern='ASID|asid|vsatp|VSATP'
[20:16:30] [spechunter] [Grep] pattern='VMID|vmid'
[20:16:39] [spechunter] [Grep] pattern='ASID|asid'
[20:16:39] [spechunter] [Grep] pattern='VMID|vmid'
[20:16:39] [spechunter] [Grep] pattern='VMID|vmid'
[20:16:39] [spechunter] [Grep] pattern='satp.*ASID|ASID.*satp|hgatp.*VMID|VMID.*hgatp|vsatp.*ASID|ASID.*vsatp'
[20:16:39] [spechunter] [Glob] src/main/scala/xiangshan/frontend/bpu/**/*.scala
[20:16:40] [spechunter] [text] ```json {   "violation_condition": "When the FreeBSD kernel reuses an ASID (satp.ASID) during context switch or ASID spa...
[20:16:44] [spechunter] [Agent] description, prompt
[20:16:44] [spechunter] [Agent] description, prompt
[20:16:44] [spechunter] [Agent] description, prompt
[20:16:52] [spechunter] [text] ```json {   "violation_condition": "QEMU TCG translates `fence.hpd` as a no-op without evaluating the architecturally ma...
[20:16:56] [spechunter] [text] No `fence.hpd` found anywhere. This is the critical finding. Now let me read the key files to trace all satp/hgatp write...
[20:16:56] [spechunter] [Read] /home/yzs/riscv/linux/arch/riscv/mm/context.c
[20:16:56] [spechunter] [Read] /home/yzs/riscv/linux/arch/riscv/kvm/vcpu.c
[20:16:56] [spechunter] [Read] /home/yzs/riscv/linux/arch/riscv/kvm/vmid.c
[20:16:56] [spechunter] [Read] /home/yzs/riscv/linux/arch/riscv/include/asm/mmu_context.h
[20:16:56] [spechunter] [text] Now let me search for ASID/VMID in the frontend BPU specifically, and also check the CSR field definitions for satp/hgat...
[20:16:56] [spechunter] [Grep] pattern='asid|ASID|vmid|VMID'
[20:16:56] [spechunter] [Grep] pattern='ASID|VMID'
[20:16:56] [spechunter] [Grep] pattern='TSR'
[20:16:56] [spechunter] [Grep] pattern='fence|FENCE|sfence|SFENCE|hfence|HFENCE'
[20:16:56] [spechunter] [Grep] pattern='cross.*domain|domain.*cross|speculative|prediction.*inval|flush.*predict|predict.*flush'
[20:16:56] [spechunter] [Grep] pattern='fence\\.hpd'
[20:16:56] [spechunter] [Grep] pattern='fence_hpd'
[20:16:56] [spechunter] [Grep] pattern='"fence\\.h"'
[20:16:56] [spechunter] [Grep] pattern='FENCE_HPD'
[20:16:56] [spechunter] [Grep] pattern='satp\\.ASID|ASID.*satp|SATP_ASID'
[20:16:56] [spechunter] [Grep] pattern='hgatp\\.VMID|VMID.*hgatp|HGATP_VMID'
[20:16:56] [spechunter] [Grep] pattern='vsatp\\.ASID|ASID.*vsatp|VSATP_ASID'
[20:16:56] [spechunter] [Grep] pattern='mstatus\\.TSR|MSTATUS_TSR|TSR.*mstatus'
[20:16:56] [spechunter] [Grep] pattern='hstatus\\.VTSR|HSTATUS_VTSR|VTSR.*hstatus'
[20:16:56] [spechunter] [Grep] pattern='SDID'
[20:17:12] [spechunter] [TodoWrite] 6 items
[20:17:12] [spechunter] [Glob] src/main/scala/xiangshan/backend/fu/CSR/**/*.scala
[20:17:12] [spechunter] [Glob] src/main/scala/xiangshan/mmu/**/*.scala
[20:17:12] [spechunter] [Glob] src/main/scala/xiangshan/frontend/**/*.scala
[20:17:12] [spechunter] [Grep] pattern='hstatus'
[20:17:12] [spechunter] [Grep] pattern='mstatus'
[20:17:12] [spechunter] [Grep] pattern='TSR|VTSR'
[20:17:12] [spechunter] [Grep] pattern='SDID|Smsdid'
[20:17:17] [spechunter] [Grep] pattern='fence.*hpd|HPD|hpd'
[20:17:17] [spechunter] [Grep] pattern='TSR|VTSR|hstatus|mstatus.*TSR'
[20:17:17] [spechunter] [Grep] pattern='Zihpd|Zifencehpd|zihpd|zifencehpd|isb\\.adoc'
[20:17:17] [spechunter] [text] Let me search more specifically for the context-switch paths and satp/hgatp writes
[20:17:17] [spechunter] [Grep] pattern='csr_write.*CSR_SATP|csr_write.*satp|write.*SATP'
[20:17:17] [spechunter] [Grep] pattern='csr_write.*CSR_HGATP|csr_write.*hgatp|write.*HGATP'
[20:17:17] [spechunter] [Grep] pattern='csr_swap.*CSR_HGATP|csr_swap.*hgatp'
[20:17:17] [spechunter] [Grep] pattern='HSTATUS_VTSR'
[20:17:17] [spechunter] [Grep] pattern='__switch_to|switch_mm|switch_mm_irqs_off'
[20:17:19] [spechunter] [Grep] pattern='fence\\.hpd|fence_hpd|FENCE_HPD|fencehpd|HPD'
[20:17:19] [spechunter] [Grep] pattern='VTSR|vtsr'
[20:17:19] [spechunter] [Grep] pattern='mstatus.*TSR|TSR.*mstatus|\\.tsr\\b'
[20:17:21] [spechunter] [Grep] pattern='fence\\.hpd|FENCE_HPD'
[20:17:21] [spechunter] [Grep] pattern='\\b[Hh][Pp][Dd]\\b'
[20:17:21] [spechunter] [Grep] pattern='\\b[Hh][Pp][Dd]\\b'
[20:17:21] [spechunter] [Grep] pattern='\\b[Hh][Pp][Dd]\\b'
[20:17:21] [spechunter] [Grep] pattern='\\b[Hh][Pp][Dd]\\b'
[20:17:21] [spechunter] [Grep] pattern='fence_hpd|fence.hpd'
[20:17:21] [spechunter] [Grep] pattern='flushPipe|flushPredictor|invalidatePredictor|flush_pipe|flush_predictor|invalidate_predictor'
[20:17:21] [spechunter] [Grep] pattern='flushPipe|flushPredictor|invalidatePredictor|flush_pipe|flush_predictor|invalidate_predictor'
[20:17:21] [spechunter] [Grep] pattern='flushPredictor|flushPipe|invalidatePredictor|flush_pipe|flush_predictor|invalidate_predictor'
[20:17:22] [spechunter] [Grep] pattern='fence_i|FENCE_I|fence\\.i|FENCE\\.I|sfence_vma|SFENCE_VMA|sinval_vma|SINVAL_VMA'
[20:17:22] [spechunter] [Grep] pattern='flush|Flush|inval|Inval'
[20:17:22] [spechunter] [Grep] pattern='sfence|SFENCE|hfence|HFENCE|fence_i|FENCE_I|fence\\.i'
[20:17:22] [spechunter] [Grep] pattern='fence_hpd|FENCE_HPD|fence\\.hpd|FENCE\\.HPD|hpd'
[20:17:25] [spechunter] [text] Now let me read the hgatp update function and other critical paths
[20:17:25] [spechunter] [Grep] pattern='kvm_riscv_mmu_update_hgatp'
[20:17:25] [spechunter] [Grep] pattern='csr_write.*CSR_HGATP|HGATP'
[20:17:26] [spechunter] [Glob] src/main/scala/xiangshan/frontend/**/*.scala
[20:17:26] [spechunter] [Glob] src/main/scala/xiangshan/predictor/**/*.scala
[20:17:26] [spechunter] [Glob] src/main/scala/xiangshan/prefetch/**/*.scala
[20:17:26] [spechunter] [Grep] pattern='asid|vmid|domain|ASID|VMID|DomainTag'
[20:17:26] [spechunter] [Grep] pattern='asid|vmid|domain|ASID|VMID|DomainTag'
[20:17:26] [spechunter] [Grep] pattern='asid|vmid|domain|ASID|VMID|DomainTag'
[20:17:29] [spechunter] [Read] /home/yzs/riscv/XiangShan/src/main/scala/xiangshan/backend/fu/NewCSR/HypervisorLevel.scala
[20:17:29] [spechunter] [Read] /home/yzs/riscv/XiangShan/src/main/scala/xiangshan/backend/fu/NewCSR/MachineLevel.scala
[20:17:29] [spechunter] [Grep] pattern='ASID|asid'
[20:17:29] [spechunter] [Grep] pattern='VMID|vmid'
[20:17:29] [spechunter] [Grep] pattern='satp|hgatp|vsatp'
[20:17:29] [spechunter] [Grep] pattern='privilege|Privilege|ModeS|ModeU|ModeM|mode_s|mode_u|mode_m|priv'
[20:17:30] [spechunter] [Grep] pattern='fence\\.i|FENCE_I|fencei|fence_i'
[20:17:30] [spechunter] [Grep] pattern='fence'
[20:17:30] [spechunter] [Grep] pattern='TSR|VTSR'
[20:17:31] [spechunter] [Grep] pattern='fence\\.hpd|fence_hpd|FENCE_HPD|Zihpd|Zifencehpd'
[20:17:31] [spechunter] [Grep] pattern='satp|SATP'
[20:17:31] [spechunter] [Grep] pattern='hgatp|HGATP'
[20:17:31] [spechunter] [Grep] pattern='vsatp|VSATP'
[20:17:31] [spechunter] [Grep] pattern='mstatus.*TSR|MSTATUS.*TSR|TSR'
[20:17:31] [spechunter] [Grep] pattern='hstatus|HSTATUS|VTSR'
[20:17:31] [spechunter] [Grep] pattern='ASID|asid'
[20:17:31] [spechunter] [Grep] pattern='sfence\\.vma|sfence_vma|SFENCE_VMA|sfence\\.w\\.inval|sfence\\.inval\\.ir'
[20:17:35] [spechunter] [Grep] pattern='fence_hpd|FENCE_HPD|fence\\.hpd'
[20:17:35] [spechunter] [Grep] pattern='sfence_w_inval|sfence_inval_ir|SFENCE_W_INVAL|SFENCE_INVAL_IR'
[20:17:35] [spechunter] [Grep] pattern='OP_FENCE_HPD|op_fence_hpd|OpcFenceHpd'
[20:17:35] [spechunter] [Read] /home/yzs/riscv/qemu/target/riscv/op_helper.c
[20:17:42] [spechunter] [Glob] sys/riscv/riscv/pmap.c
[20:17:42] [spechunter] [Glob] sys/riscv/riscv/swtch.S
[20:17:42] [spechunter] [Glob] sys/riscv/riscv/trap.c
[20:17:42] [spechunter] [Glob] sys/riscv/**/*.c
[20:17:42] [spechunter] [Grep] pattern='fence\\.hpd'
[20:17:42] [spechunter] [Grep] pattern='hgatp'
[20:17:42] [spechunter] [Grep] pattern='sfence\\.vma'
[20:17:42] [spechunter] [Read] /home/yzs/riscv/linux/arch/riscv/mm/context.c
[20:17:42] [spechunter] [Read] /home/yzs/riscv/linux/arch/riscv/kvm/vcpu.c
[20:17:42] [spechunter] [Read] /home/yzs/riscv/linux/arch/riscv/kvm/mmu.c
[20:17:42] [spechunter] [Read] /home/yzs/riscv/linux/arch/riscv/kvm/vmid.c
[20:17:42] [spechunter] [Grep] pattern='TSR|MSTATUS_TSR'
[20:17:42] [spechunter] [Read] /home/yzs/riscv/linux/arch/riscv/kvm/tlb.c
[20:17:42] [spechunter] [Read] /home/yzs/riscv/linux/arch/riscv/kvm/mmu.c
[20:17:42] [spechunter] [Read] /home/yzs/riscv/linux/arch/riscv/kvm/tlb.c
[20:17:42] [spechunter] [Read] /home/yzs/riscv/linux/arch/riscv/kvm/main.c
[20:17:50] [spechunter] [Grep] pattern='fence|FENCE|sfence|SFENCE'
[20:17:50] [spechunter] [Grep] pattern='predictor.*flash|predictor.*flush|flashPredictor|flushPredictor|predictorInvalid|InvalidPredictor|predictor.*clear|clearPredictor'
[20:17:50] [spechunter] [Grep] pattern='predictor.*flash|predictor.*flush|flashPredictor|flushPredictor|predictorInvalid|InvalidPredictor|predictor.*clear|clearPredictor'
[20:17:50] [spechunter] [Grep] pattern='SFENCE\\.VMA|sfence.vma|SfenceVma|sfenceVma'
[20:17:50] [spechunter] [Grep] pattern='predictor.*inval|inval.*predictor'
[20:17:50] [spechunter] [Grep] pattern='predictor.*inval|inval.*predictor'
[20:17:52] [spechunter] [Grep] pattern='fence'
[20:17:52] [spechunter] [Grep] pattern='fence'
[20:17:53] [spechunter] [text] Now let me search for ASID allocation/recycling, VMID, and pmap_activate details
[20:17:53] [spechunter] [Read] /home/yzs/riscv/freebsd-src/sys/riscv/riscv/pmap.c
[20:17:53] [spechunter] [Read] /home/yzs/riscv/freebsd-src/sys/riscv/riscv/pmap.c
[20:17:53] [spechunter] [Read] /home/yzs/riscv/freebsd-src/sys/riscv/riscv/pmap.c
[20:17:53] [spechunter] [Read] /home/yzs/riscv/freebsd-src/sys/riscv/riscv/pmap.c
[20:17:53] [spechunter] [Grep] pattern='VMID|vmid'
[20:17:53] [spechunter] [Read] /home/yzs/riscv/freebsd-src/sys/riscv/vmm/vmm_riscv.c
[20:17:53] [spechunter] [Grep] pattern='pmap_activate|pmap_invalidate'
[20:17:53] [spechunter] [Grep] pattern='mstatus'
[20:17:54] [spechunter] [Grep] pattern='fence'
[20:17:54] [spechunter] [Grep] pattern='fence'
[20:17:54] [spechunter] [Grep] pattern='hstatus|HSTATUS'
[20:17:57] [spechunter] [Grep] pattern='asid|vmid|domain|ASID|VMID'
[20:17:57] [spechunter] [Read] /home/yzs/riscv/XiangShan/src/main/scala/xiangshan/frontend/bpu/ittage/Bundles.scala
[20:17:57] [spechunter] [Read] /home/yzs/riscv/XiangShan/src/main/scala/xiangshan/frontend/bpu/tage/Bundles.scala
[20:17:57] [spechunter] [Read] /home/yzs/riscv/XiangShan/src/main/scala/xiangshan/frontend/bpu/sc/Bundles.scala
[20:17:57] [spechunter] [Read] /home/yzs/riscv/XiangShan/src/main/scala/xiangshan/frontend/bpu/utage/Bundles.scala
[20:17:57] [spechunter] [Read] /home/yzs/riscv/XiangShan/src/main/scala/xiangshan/frontend/bpu/ubtb/Bundles.scala
[20:17:57] [spechunter] [text] Now let me check additional paths that write satp/hgatp - hibernate, suspend, kexec, and the head.S boot path.  
[20:17:57] [spechunter] [Grep] pattern='csr_write.*CSR_SATP|csr_swap.*CSR_SATP'
[20:17:57] [spechunter] [Grep] pattern='csr_write.*CSR_HGATP|ncsr_write.*CSR_HGATP|csr_swap.*CSR_HGATP'
[20:17:57] [spechunter] [Grep] pattern='csr_write.*CSR_VSATP|nacl_csr_write.*CSR_VSATP'
[20:18:05] [spechunter] [text] Let me now check the suspend path and head.S, plus look for any fence instruction definitions involving HPD.  
[20:18:05] [spechunter] [Read] /home/yzs/riscv/linux/arch/riscv/kernel/suspend.c
[20:18:05] [spechunter] [Grep] pattern='SATP|satp'
[20:18:05] [spechunter] [Grep] pattern='FENCE_HPD|fence_hpd|\\.insn.*hpd|HPD'
[20:18:05] [spechunter] [Grep] pattern='Zihpd|zihpd|Zifencehpd|zifencehpd'
[20:18:06] [spechunter] [text] Now let me also check for existing MSTATUS_TSR usage and get additional context on the switch_mm path
[20:18:06] [spechunter] [Grep] pattern='MSTATUS_TSR|SR_TSR'
[20:18:06] [spechunter] [Grep] pattern='HSTATUS_VTSR'
[20:18:06] [spechunter] [Read] /home/yzs/riscv/linux/arch/riscv/include/asm/csr.h
[20:18:06] [spechunter] [Read] /home/yzs/riscv/linux/arch/riscv/mm/context.c
[20:18:06] [spechunter] [Read] /home/yzs/riscv/linux/arch/riscv/kernel/suspend.c
[20:18:08] [spechunter] [text] Good — no `fence.hpd` in the entire tree. Let me now read the key files.  
[20:18:08] [spechunter] [Read] /home/yzs/riscv/freebsd-src/sys/riscv/riscv/pmap.c
[20:18:08] [spechunter] [Read] /home/yzs/riscv/freebsd-src/sys/riscv/vmm/vmm_riscv.c
[20:18:08] [spechunter] [Read] /home/yzs/riscv/freebsd-src/sys/riscv/riscv/locore.S
[20:18:12] [spechunter] [Grep] pattern='TSR'
[20:18:12] [spechunter] [Grep] pattern='VTSR'
[20:18:12] [spechunter] [Read] /home/yzs/riscv/XiangShan/src/main/scala/xiangshan/cache/mmu/TLB.scala
[20:18:12] [spechunter] [Read] /home/yzs/riscv/XiangShan/src/main/scala/xiangshan/cache/mmu/TLBStorage.scala
[20:18:12] [spechunter] [Read] /home/yzs/riscv/XiangShan/src/main/scala/xiangshan/cache/mmu/MMUBundle.scala
[20:18:12] [spechunter] [Read] /home/yzs/riscv/XiangShan/src/main/scala/xiangshan/cache/mmu/MMUConst.scala
[20:18:12] [spechunter] [Read] /home/yzs/riscv/XiangShan/src/main/scala/xiangshan/Bundle.scala
[20:18:12] [spechunter] [Glob] **/frontend/*Predictor*
[20:18:12] [spechunter] [Glob] **/frontend/*predict*
[20:18:12] [spechunter] [Grep] pattern='flush|inval|clear'
[20:18:12] [spechunter] [Glob] **/frontend/**/*redict*
[20:18:13] [spechunter] [Grep] pattern='pm_active|generation|asid_gen|ASID'
[20:18:13] [spechunter] [Read] /home/yzs/riscv/freebsd-src/sys/riscv/riscv/pmap.c
[20:18:13] [spechunter] [Read] /home/yzs/riscv/freebsd-src/sys/riscv/include/pmap.h
[20:18:13] [spechunter] [Grep] pattern='hfence_gvma|hfence_gvma_vmid|hfence'
[20:18:13] [spechunter] [Read] /home/yzs/riscv/freebsd-src/sys/riscv/vmm/vmm_switch.S
[20:18:13] [spechunter] [Grep] pattern='sfence\\.w\\.inval|sfence\\.inval\\.ir|fence\\.i'
[20:18:16] [spechunter] [text] Let me also check if MSTATUS_TSR is defined in csr.h and look for any other satp/hgatp write paths
[20:18:16] [spechunter] [Grep] pattern='TSR'
[20:18:16] [spechunter] [Grep] pattern='csr_write.*satp|csr_set.*satp|CSR_SATP'
[20:18:16] [spechunter] [Grep] pattern='hfence'
[20:18:23] [spechunter] [text] Now let me read the pmap.c file in focused chunks, targeting ASID allocation, sfence.vma usage, and pmap_activate.  
[20:18:23] [spechunter] [Grep] pattern='pmap_activate|pmap_invalidate|asid|ASID|sfence\\.vma|satp.*write|SATP'
[20:18:23] [spechunter] [Grep] pattern='fence\\.hpd|fence_hpd|FENCE_HPD|zihpd|Zihpd'
[20:18:23] [spechunter] [Grep] pattern='hfence\\.gvma|hfence_gvma'
[20:18:26] [spechunter] [Grep] pattern='MSTATUS_TSR|HSTATUS_VTSR|_TSR|_VTSR'
[20:18:26] [spechunter] [Grep] pattern='fence_i|trans_fence_i'
[20:18:26] [spechunter] [Grep] pattern='MSTATUS_TSR|TSR'
[20:18:27] [spechunter] [Read] /home/yzs/riscv/XiangShan/src/main/scala/xiangshan/backend/fu/NewCSR/SupervisorLevel.scala
[20:18:27] [spechunter] [Read] /home/yzs/riscv/XiangShan/src/main/scala/xiangshan/backend/fu/NewCSR/HypervisorLevel.scala
[20:18:27] [spechunter] [Read] /home/yzs/riscv/XiangShan/src/main/scala/xiangshan/backend/fu/NewCSR/VirtualSupervisorLevel.scala
[20:18:27] [spechunter] [Read] /home/yzs/riscv/XiangShan/src/main/scala/xiangshan/backend/fu/NewCSR/NewCSR.scala
[20:18:27] [spechunter] [Grep] pattern='flush_predict|predict.*inval|inval.*predict|flush.*bp|bp.*flush|flush.*tage|tage.*flush|flush.*ftb|ftb.*flush|flush.*ftq|ftq.*flush'
[20:18:27] [spechunter] [Grep] pattern='ASID|asid'
[20:18:27] [spechunter] [Grep] pattern='VMID|vmid'
[20:18:27] [spechunter] [Grep] pattern='ASID|asid'
[20:18:27] [spechunter] [Grep] pattern='VMID|vmid'
[20:18:27] [spechunter] [Grep] pattern='ASID|asid'
[20:18:27] [spechunter] [Grep] pattern='VMID|vmid'
[20:18:27] [spechunter] [Read] /home/yzs/riscv/XiangShan/src/main/scala/xiangshan/cache/mmu/MMUBundle.scala
[20:18:27] [spechunter] [Grep] pattern='privilege|Privilege|privMode|priv_'
[20:18:29] [spechunter] [Read] /home/yzs/riscv/qemu/target/riscv/insn_trans/trans_rvi.c.inc
[20:18:29] [spechunter] [Grep] pattern='Zihpd|zihpd|Zifencehpd|Zifencehpd'
[20:18:29] [spechunter] [Grep] pattern='hpd|HPD'
[20:18:30] [spechunter] [Grep] pattern='FTB|FetchTarget|LoadValue|StridePred|StridePref|LVP|lvp|lp'
[20:18:30] [spechunter] [Glob] src/main/scala/xiangshan/**/*FTB*
[20:18:30] [spechunter] [Glob] src/main/scala/xiangshan/**/*ftb*
[20:18:30] [spechunter] [Glob] src/main/scala/xiangshan/**/*predict*
[20:18:30] [spechunter] [Glob] src/main/scala/xiangshan/**/*prefetch*
[20:18:30] [spechunter] [Glob] src/main/scala/xiangshan/**/*stride*
[20:18:30] [spechunter] [Glob] src/main/scala/xiangshan/**/*load*
[20:18:32] [spechunter] [Read] /home/yzs/riscv/linux/arch/riscv/include/asm/csr.h
[20:18:32] [spechunter] [Read] /home/yzs/riscv/linux/arch/riscv/include/asm/csr.h
[20:18:32] [spechunter] [Grep] pattern='SATP_PPN'
[20:18:35] [spechunter] [Read] /home/yzs/riscv/freebsd-src/sys/riscv/riscv/pmap.c
[20:18:35] [spechunter] [Read] /home/yzs/riscv/freebsd-src/sys/riscv/riscv/pmap.c
[20:18:35] [spechunter] [Read] /home/yzs/riscv/freebsd-src/sys/riscv/riscv/pmap.c
[20:18:35] [spechunter] [Read] /home/yzs/riscv/freebsd-src/sys/riscv/include/cpufunc.h
[20:18:35] [spechunter] [Bash] List frontend directory contents
[20:18:35] [spechunter] [Glob] **/frontend/bpu/**
[20:18:35] [spechunter] [Grep] pattern='flush.*all|flushAll|inval.*all|invalAll|clear.*all|clearAll'
[20:18:35] [spechunter] [Grep] pattern='flush.*all|flushAll|inval.*all|invalAll|clear.*all|clearAll'
[20:18:35] [spechunter] [Grep] pattern='flush.*all|flushAll|inval.*all|invalAll|clear.*all|clearAll'
[20:18:37] [spechunter] [Grep] pattern='SATP_ASID|ASID'
[20:18:37] [spechunter] [Grep] pattern='fence\\.hpd|fence_hpd|FENCE_HPD|Zihpd|Zifencehpd'
[20:18:37] [spechunter] [Grep] pattern='satp|hgatp|vsatp'
[20:18:37] [spechunter] [Grep] pattern='satp|hgatp'
[20:18:37] [spechunter] [Read] /home/yzs/riscv/freebsd-src/sys/riscv/include/cpufunc.h
[20:18:42] [spechunter] [Read] /home/yzs/riscv/linux/arch/riscv/kernel/head.S
[20:18:42] [spechunter] [Grep] pattern='SATP|satp'
[20:18:42] [spechunter] [Grep] pattern='SATP|satp'
[20:18:42] [spechunter] [Grep] pattern='FENCE_HPD|\\.insn.*fence.*hpd|HFENCE|SINVAL'
[20:18:44] [spechunter] [Read] /home/yzs/riscv/qemu/target/riscv/op_helper.c
[20:18:44] [spechunter] [Grep] pattern='fence.*hpd|FENCE_HPD|fence_hpd|HPD'
[20:18:48] [spechunter] [text] Now let me find the ASID allocation and recycling code.  
[20:18:48] [spechunter] [Grep] pattern='asid|ASID|pm_satp|pm_active|asid_generation|asid_next|pmap_asid'
[20:18:48] [spechunter] [Grep] pattern='struct pmap'
[20:18:51] [spechunter] [Read] /home/yzs/riscv/XiangShan/src/main/scala/xiangshan/frontend/bpu/Bpu.scala
[20:18:51] [spechunter] [Read] /home/yzs/riscv/XiangShan/src/main/scala/xiangshan/frontend/ifu/Ifu.scala
[20:18:51] [spechunter] [Grep] pattern='sfence_vma|sfenceVMA|sfence_vma'
[20:18:51] [spechunter] [Read] /home/yzs/riscv/XiangShan/src/main/scala/xiangshan/frontend/icache/ICachePrefetchPipe.scala
[20:18:53] [spechunter] [Grep] pattern='ASID|VMID|asid|vmid'
[20:18:53] [spechunter] [Grep] pattern='ASID|VMID|asid|vmid'
[20:18:53] [spechunter] [Grep] pattern='ASID|VMID|asid|vmid'
[20:18:53] [spechunter] [Grep] pattern='ASID|VMID|asid|vmid'
[20:18:53] [spechunter] [Grep] pattern='ASID|VMID|asid|vmid'
[20:18:53] [spechunter] [Grep] pattern='fence\\.hpd|fence_hpd|FENCE_HPD'
[20:18:53] [spechunter] [Read] /home/yzs/riscv/freebsd-src/sys/riscv/riscv/pmap.c
[20:18:53] [spechunter] [Read] /home/yzs/riscv/freebsd-src/sys/riscv/riscv/pmap.c
[20:18:53] [spechunter] [Read] /home/yzs/riscv/freebsd-src/sys/riscv/riscv/pmap.c
[20:18:53] [spechunter] [Read] /home/yzs/riscv/freebsd-src/sys/riscv/riscv/pmap.c
[20:18:53] [spechunter] [Read] /home/yzs/riscv/freebsd-src/sys/riscv/riscv/pmap.c
[20:18:55] [spechunter] [Grep] pattern='SatpBundle|VsatpBundle'
[20:18:55] [spechunter] [Glob] src/main/scala/xiangshan/backend/fu/NewCSR/CSRBundles*
[20:18:55] [spechunter] [Read] /home/yzs/riscv/XiangShan/src/main/scala/xiangshan/backend/fu/NewCSR/CSRPermitModule.scala
[20:18:55] [spechunter] [Grep] pattern='SDID|sdid'
[20:18:55] [spechunter] [Grep] pattern='isVirtMode|virt|virtMode|vq|priv|isHyper'
[20:18:55] [spechunter] [Grep] pattern='priv|Priv|isHyper|virt'
[20:18:56] [spechunter] [text] Now let me check where the TSR/VTSR checks are applied in the sret flow to confirm the gap.  
[20:18:56] [spechunter] [Read] /home/yzs/riscv/qemu/target/riscv/op_helper.c
[20:18:56] [spechunter] [Grep] pattern='helper_sret'
[20:18:56] [spechunter] [Grep] pattern='ext_zihpd|ext_zifencehpd'
[20:18:56] [spechunter] [Read] /home/yzs/riscv/freebsd-src/sys/riscv/include/pmap.h
[20:18:56] [spechunter] [Read] /home/yzs/riscv/freebsd-src/sys/riscv/riscv/pmap.c
[20:19:04] [spechunter] [Read] /home/yzs/riscv/qemu/target/riscv/insn_trans/trans_privileged.c.inc
[20:19:04] [spechunter] [Grep] pattern='sfence_vma|trans_sfence|hfence'
[20:19:04] [spechunter] [Grep] pattern='sfence_vma|hfence|sinval|hinval'
[20:19:04] [spechunter] [Read] /home/yzs/riscv/linux/arch/riscv/kernel/hibernate-asm.S
[20:19:04] [spechunter] [Read] /home/yzs/riscv/linux/arch/riscv/kernel/kexec_relocate.S
[20:19:04] [spechunter] [Read] /home/yzs/riscv/linux/arch/riscv/include/asm/insn-def.h
[20:19:06] [spechunter] [Read] /home/yzs/riscv/XiangShan/src/main/scala/xiangshan/mem/prefetch/L1StridePrefetcher.scala
[20:19:06] [spechunter] [Read] /home/yzs/riscv/XiangShan/src/main/scala/xiangshan/mem/prefetch/BasePrefecher.scala
[20:19:06] [spechunter] [Read] /home/yzs/riscv/XiangShan/src/main/scala/xiangshan/mem/prefetch/L1StreamPrefetcher.scala
[20:19:06] [spechunter] [Read] /home/yzs/riscv/XiangShan/src/main/scala/xiangshan/mem/prefetch/SMSPrefetcher.scala
[20:19:06] [spechunter] [Read] /home/yzs/riscv/XiangShan/src/main/scala/xiangshan/mem/mdp/StoreSet.scala
[20:19:06] [spechunter] [Read] /home/yzs/riscv/XiangShan/src/main/scala/xiangshan/mem/mdp/WaitTable.scala
[20:19:06] [spechunter] [text] Let me also check more broadly for any existing HPD-related infrastructure and for the `fence` instruction decode patter...
[20:19:06] [spechunter] [Grep] pattern='zihpd|Zihpd|zifencehpd|Zifencehpd'
[20:19:06] [spechunter] [Grep] pattern='fence'
[20:19:06] [spechunter] [Grep] pattern='ext_zifencei'
[20:19:08] [spechunter] [Grep] pattern='FenceOpType|fence_i|fence\\.i|fencei|FENCE_I'
[20:19:08] [spechunter] [Grep] pattern='fence_hpd|FENCE_HPD|hpd'
[20:19:08] [spechunter] [Read] /home/yzs/riscv/XiangShan/src/main/scala/xiangshan/Bundle.scala
[20:19:08] [spechunter] [Grep] pattern='flushPipe'
[20:19:08] [spechunter] [Grep] pattern='sfence.*vma.*predict|predict.*sfence|SFENCE.*predict|predict.*SFENCE'
[20:19:08] [spechunter] [Grep] pattern='predictorFlush|flushPredictor|PredictorFlush'
[20:19:09] [spechunter] [Read] /home/yzs/riscv/XiangShan/src/main/scala/xiangshan/backend/fu/NewCSR/MachineLevel.scala
[20:19:09] [spechunter] [Read] /home/yzs/riscv/XiangShan/src/main/scala/xiangshan/backend/fu/NewCSR/VirtualSupervisorLevel.scala
[20:19:09] [spechunter] [Grep] pattern='SFENCE|sfence|SINVAL|sinval'
[20:19:09] [spechunter] [Grep] pattern='satp|vsatp|hgatp'
[20:19:09] [spechunter] [Grep] pattern='fence_i|SFENCE_VMA|SINVAL_VMA|HLV|HSV'
[20:19:13] [spechunter] [text] Let me also check for the CSR write paths that would handle TSR in menvcfg and the VTSR field definition.  
[20:19:13] [spechunter] [Read] /home/yzs/riscv/qemu/target/riscv/csr.c
[20:19:13] [spechunter] [Grep] pattern='MSTATUS_TSR|HSTATUS_VTSR'
[20:19:13] [spechunter] [Grep] pattern='disas/riscv'
[20:19:14] [spechunter] [text] Now let me check a few more critical pieces: the vcpu_onereg satp handling, any SBI or isa-ext references, and the NACL ...
[20:19:14] [spechunter] [Grep] pattern='satp|SATP'
[20:19:14] [spechunter] [Grep] pattern='Zihpd|zihpd|Zifencehpd|zifencehpd'
[20:19:14] [spechunter] [Grep] pattern='nacl_csr_write.*HGATP|nacl.*hgatp'
[20:19:14] [spechunter] [Grep] pattern='RISCV_ISA_EXT.*[Zz]i'
[20:19:17] [spechunter] [text] Let me also check the boot loader and libpmc paths
[20:19:17] [spechunter] [Grep] pattern='satp|sfence|fence\\.hpd|fence_hpd'
[20:19:17] [spechunter] [Grep] pattern='satp|sfence|fence\\.hpd'
[20:19:17] [spechunter] [Grep] pattern='Zihpd|Zifencehpd'
[20:19:17] [spechunter] [Grep] pattern='sfence\\.vma|sfence_vma|SFENCE'
[20:19:17] [spechunter] [Grep] pattern='mstatus|MSTATUS'
[20:19:17] [spechunter] [Grep] pattern='HFENCE|hfence'
[20:19:19] [spechunter] [Grep] pattern='sfence_vma|sfence.w.inval|sfence_inval'
[20:19:19] [spechunter] [Grep] pattern='sfence_vma|trans_sfence'
[20:19:19] [spechunter] [Grep] pattern='ext_zifencei|zifencei|cfg_ptr.*fence|ext_zisb'
[20:19:21] [spechunter] [Grep] pattern='SatpBundle|VsatpBundle|class Satp|class Hgatp|class VSatp'
[20:19:21] [spechunter] [Read] /home/yzs/riscv/XiangShan/src/main/scala/xiangshan/backend/fu/NewCSR/CSRBundles.scala
[20:19:21] [spechunter] [Grep] pattern='class TlbCsrBundle|class TlbSatpBundle|class TlbPrivBundle'
[20:19:21] [spechunter] [Grep] pattern='SatpBundle|VsatpBundle|asidLen|vmidLen|asid|VMID'
[20:19:21] [spechunter] [Grep] pattern='priv|isVirtual|isHyper|isMode|PrivState'
[20:19:21] [spechunter] [Grep] pattern='PrivState|isVirtual|isHyper|priv|privilege'
[20:19:27] [spechunter] [Grep] pattern='asid|vmid|domain|ASID|VMID|domain_id|process_id'
[20:19:27] [spechunter] [Read] /home/yzs/riscv/XiangShan/src/main/scala/xiangshan/frontend/bpu/Bundles.scala
[20:19:27] [spechunter] [Read] /home/yzs/riscv/XiangShan/src/main/scala/xiangshan/frontend/bpu/Bpu.scala
[20:19:27] [spechunter] [Read] /home/yzs/riscv/XiangShan/src/main/scala/xiangshan/frontend/bpu/abtb/Bundles.scala
[20:19:27] [spechunter] [Read] /home/yzs/riscv/XiangShan/src/main/scala/xiangshan/frontend/bpu/mbtb/Bundles.scala
[20:19:27] [spechunter] [Grep] pattern='fence|FENCE|FenceOpType'
[20:19:27] [spechunter] [Read] /home/yzs/riscv/XiangShan/src/main/scala/xiangshan/backend/fu/NewCSR/NewCSR.scala
[20:19:27] [spechunter] [Read] /home/yzs/riscv/XiangShan/src/main/scala/xiangshan/backend/fu/NewCSR/SupervisorLevel.scala
[20:19:30] [spechunter] [Grep] pattern='FenceOpType'
[20:19:30] [spechunter] [Read] /home/yzs/riscv/XiangShan/src/main/scala/xiangshan/backend/decode/DecodeUnit.scala
[20:19:30] [spechunter] [Grep] pattern='sfence|flushPipe|fencei'
[20:19:30] [spechunter] [Grep] pattern='invalidateFTB|invalidateBPU|bpu.*flush|flush.*bpu|BpuFlush|bpuFlush'
[20:19:30] [spechunter] [Grep] pattern='flush_pipe|flushPipe|sfence.*pipe|pipe.*sfence'
[20:19:34] [spechunter] [Grep] pattern='smode|hmode|require_smode|require_hmode'
[20:19:34] [spechunter] [Read] /home/yzs/riscv/qemu/target/riscv/op_helper.c
[20:19:40] [spechunter] [text] Now let me verify if there are any existing SFENCE/HFENCE variants that could serve as HPD-equivalent fences
[20:19:40] [spechunter] [Grep] pattern='SFENCE_W_INVAL|SFENCE_INVAL_IR|SFENCE_VMA'
[20:19:40] [spechunter] [Grep] pattern='HFENCE_GVMA|HFENCE_VVMA|HINVAL'
[20:19:40] [spechunter] [Read] /home/yzs/riscv/linux/arch/riscv/kvm/tlb.c
[20:19:42] [spechunter] [Read] /home/yzs/riscv/XiangShan/src/main/scala/xiangshan/Bundle.scala
[20:19:42] [spechunter] [Grep] pattern='class Satp|class VSatp|class SatpBundle|SatpStruct|class SatpStruct'
[20:19:42] [spechunter] [Grep] pattern='class SatpBundle|SatpMode|asidLen|vmidLen'
[20:19:42] [spechunter] [Read] /home/yzs/riscv/XiangShan/src/main/scala/xiangshan/backend/fu/NewCSR/NewCSR.scala
[20:19:49] [spechunter] [text] Now let me check the disassembler for any fence.hpd references.  
[20:19:49] [spechunter] [Grep] pattern='fence'
[20:19:49] [spechunter] [Grep] pattern='cpu_cfg_fields'
[20:19:51] [spechunter] [TodoWrite] 4 items
[20:19:54] [spechunter] [Read] /home/yzs/riscv/freebsd-src/sys/riscv/vmm/vmm_fence.c
[20:19:54] [spechunter] [Read] /home/yzs/riscv/freebsd-src/sys/riscv/vmm/vmm_riscv.c
[20:19:54] [spechunter] [Read] /home/yzs/riscv/freebsd-src/sys/riscv/vmm/vmm_riscv.c
[20:19:56] [spechunter] [Grep] pattern='FenceOpType'
[20:19:56] [spechunter] [Read] /home/yzs/riscv/XiangShan/src/main/scala/xiangshan/backend/decode/DecodeUnit.scala
[20:19:56] [spechunter] [Read] /home/yzs/riscv/XiangShan/src/main/scala/xiangshan/backend/rob/Rob.scala
[20:19:56] [spechunter] [Grep] pattern='flushFrontend|frontendFlush|FrontendFlush'
[20:19:56] [spechunter] [Read] /home/yzs/riscv/XiangShan/src/main/scala/xiangshan/backend/rob/Rob.scala
[20:20:09] [spechunter] [Grep] pattern='RISCV_ISA_EXT'
[20:20:09] [spechunter] [Grep] pattern='nacl_scratch_write.*hgatp|nacl.*shmem.*HGATP|SBI_NACL_SHMEM.*HGATP'
[20:20:12] [spechunter] [Read] /home/yzs/riscv/XiangShan/src/main/scala/xiangshan/package.scala
[20:20:12] [spechunter] [Read] /home/yzs/riscv/XiangShan/src/main/scala/xiangshan/backend/fu/wrapper/CSR.scala
[20:20:12] [spechunter] [Read] /home/yzs/riscv/XiangShan/src/main/scala/xiangshan/backend/decode/DecodeUnit.scala
[20:20:12] [spechunter] [Grep] pattern='fence_hpd|FENCE_HPD|SfenceHpd|sfenceHpd|sfence_hpd|SFENCE_HPD'
[20:20:12] [spechunter] [Read] /home/yzs/riscv/XiangShan/src/main/scala/xiangshan/cache/mmu/TLB.scala
[20:20:13] [spechunter] [Grep] pattern='fence\\.hpd|FENCE_HPD'
[20:20:13] [spechunter] [Grep] pattern='HGATP|hgatp'
[20:20:13] [spechunter] [Read] /home/yzs/riscv/freebsd-src/sys/riscv/riscv/locore.S
[20:20:13] [spechunter] [Read] /home/yzs/riscv/freebsd-src/sys/riscv/riscv/locore.S
[20:20:13] [spechunter] [Read] /home/yzs/riscv/freebsd-src/sys/riscv/riscv/pmap.c
[20:20:15] [spechunter] [Read] /home/yzs/riscv/XiangShan/src/main/scala/xiangshan/frontend/FrontendParameters.scala
[20:20:15] [spechunter] [Read] /home/yzs/riscv/XiangShan/src/main/scala/xiangshan/frontend/bpu/Types.scala
[20:20:15] [spechunter] [Read] /home/yzs/riscv/XiangShan/src/main/scala/xiangshan/frontend/bpu/Parameters.scala
[20:20:22] [spechunter] [text] Here is the comprehensive location report:  ```json {   "locations": [     {       "file_path": "target/riscv/insn32.dec...
[20:20:28] [spechunter] [text] Let me now check additional paths — swtch.S, the context-switch code, vmm_fence.c, and the riscvreg.h header for CSR def...
[20:20:28] [spechunter] [Read] /home/yzs/riscv/freebsd-src/sys/riscv/riscv/swtch.S
[20:20:28] [spechunter] [Read] /home/yzs/riscv/freebsd-src/sys/riscv/vmm/vmm_fence.c
[20:20:28] [spechunter] [Grep] pattern='fence\\.hpd|FENCE_HPD|hfence\\.gvma|HFENCE_GVMA|SATP_MODE|VMID|vmid'
[20:20:29] [spechunter] [Grep] pattern='MSTATUS_TSR|_TSR|SSTATUS_TSR'
[20:20:29] [spechunter] [Grep] pattern='MSTATUS_TVM|MSTATUS_TSR'
[20:20:29] [spechunter] [Grep] pattern='vmid_generation'
[20:20:29] [spechunter] [Grep] pattern='csr_write.*satp|csr_write.*hgatp|csr_write.*vsatp|csrw.*satp|csrw.*hgatp'
[20:20:31] [spechunter] [Grep] pattern='nacl_scratch_write_long.*HGATP|SBI_NACL_SHMEM.*SWAP.*HGATP|AUTOSWAP.*HGATP'
[20:20:31] [spechunter] [Grep] pattern='RISCV_ISA_EXT_ZI'
[20:20:37] [spechunter] [Grep] pattern='CSR_HGATP|CSR_VSATP|hgatp|vsatp'
[20:20:37] [spechunter] [Read] /home/yzs/riscv/freebsd-src/sys/riscv/include/encoding.h
[20:20:37] [spechunter] [Read] /home/yzs/riscv/freebsd-src/sys/riscv/include/cpufunc.h
[20:20:38] [spechunter] [text] Now let me look at whether `fence.hpd` has any encoding or helper references at all, and how `fence.i` is handled in `op...
[20:20:38] [spechunter] [Grep] pattern='helper_fence|HELPER.*fence|fence_i'
[20:20:38] [spechunter] [Grep] pattern='helper_fence|fence_i'
[20:20:38] [spechunter] [Grep] pattern='zisb|Zisb|ext_zisb|zifencehpd|zihpd'
[20:20:47] [spechunter] [text] Now I have all the data. Let me compile the comprehensive results.  ```json {   "locations": [     {       "file_path": ...
[20:20:51] [spechunter] [text] Now let me check for CPU feature detection and vmm_switch, plus the has_hpd flag
[20:20:51] [spechunter] [Grep] pattern='has_hpd|zihpd|Zihpd|HPD|hpd'
[20:20:51] [spechunter] [Grep] pattern='vmm_switch'
[20:20:51] [spechunter] [Grep] pattern='vmm_switch'
[20:20:51] [spechunter] [Read] /home/yzs/riscv/freebsd-src/sys/riscv/riscv/trap.c
[20:20:52] [spechunter] [Read] /home/yzs/riscv/XiangShan/src/main/scala/xiangshan/mem/prefetch/L1PrefetchComponent.scala
[20:20:52] [spechunter] [Read] /home/yzs/riscv/XiangShan/src/main/scala/xiangshan/mem/prefetch/FDP.scala
[20:20:52] [spechunter] [Read] /home/yzs/riscv/XiangShan/src/main/scala/xiangshan/mem/prefetch/Berti.scala
[20:20:52] [spechunter] [Read] /home/yzs/riscv/XiangShan/src/main/scala/xiangshan/mem/prefetch/PrefetcherMonitor.scala
[20:20:52] [spechunter] [Read] /home/yzs/riscv/XiangShan/src/main/scala/xiangshan/frontend/bpu/Tage.scala
[20:20:52] [spechunter] [Read] /home/yzs/riscv/XiangShan/src/main/scala/xiangshan/frontend/bpu/ittage/Ittage.scala
[20:20:59] [spechunter] [Grep] pattern='vmid_generation|vmid'
[20:21:04] [spechunter] [Grep] pattern='satp.*changed|satpChanged|satp.*flush'
[20:21:04] [spechunter] [Grep] pattern='contextSwitch|context_switch|priv.*change|priv_changed.*flush|flush.*priv'
[20:21:04] [spechunter] [Grep] pattern='sram.*reset|resetPredictor|predictor.*reset|reset.*predict'
[20:21:04] [spechunter] [Read] /home/yzs/riscv/XiangShan/src/main/scala/xiangshan/backend/CtrlBlock.scala
[20:21:04] [spechunter] [Grep] pattern='fence_i|fencei|FENCE_I'
[20:21:06] [spechunter] [Read] /home/yzs/riscv/XiangShan/src/main/scala/xiangshan/mem/prefetch/Berti.scala
[20:21:06] [spechunter] [Read] /home/yzs/riscv/XiangShan/src/main/scala/xiangshan/frontend/bpu/tage/Helpers.scala
[20:21:06] [spechunter] [Read] /home/yzs/riscv/XiangShan/src/main/scala/xiangshan/frontend/bpu/ittage/Helpers.scala
[20:21:06] [spechunter] [Read] /home/yzs/riscv/XiangShan/src/main/scala/xiangshan/frontend/bpu/utage/Helpers.scala
[20:21:06] [spechunter] [Read] /home/yzs/riscv/XiangShan/src/main/scala/xiangshan/frontend/bpu/ubtb/Helpers.scala
[20:21:06] [spechunter] [Read] /home/yzs/riscv/XiangShan/src/main/scala/xiangshan/frontend/bpu/mbtb/Helpers.scala
[20:21:14] [spechunter] [text] Now let me check some remaining details before compiling the report
[20:21:14] [spechunter] [Grep] pattern='SATPCFG|SATPCFG_MASK|sppp|SPPP'
[20:21:14] [spechunter] [Grep] pattern='SATP_ASID_BITS|SATP_ASID_SHIFT|SATP_ASID_MASK'
[20:21:14] [spechunter] [Read] /home/yzs/riscv/linux/arch/riscv/mm/kasan_init.c
[20:21:24] [spechunter] [text] Now I have comprehensive results. Here is the final JSON output:  ```json {   "locations": [     {       "file_path": "s...
[20:21:30] [spechunter] [Read] /home/yzs/riscv/freebsd-src/sys/riscv/vmm/vmm_switch.S
[20:21:30] [spechunter] [Grep] pattern='satp|ASID|asid|sfence\\.vma|hgatp|vsatp'
[20:21:30] [spechunter] [Grep] pattern='SFENCE_VMA|sfence_vma|satp'
[20:21:45] [spechunter] [Read] /home/yzs/riscv/qemu/target/riscv/insn_trans/trans_rvi.c.inc
[20:21:45] [spechunter] [Grep] pattern='gen_helper_fence|helper.*fence'
[20:21:45] [spechunter] [Grep] pattern='SFENCE_VMA|SFENCE_W_INVAL|SFENCE_INVAL_IR'
[20:21:45] [spechunter] [Grep] pattern='case class XSDecode'
[20:21:45] [spechunter] [Grep] pattern='SFENCE_VMA'
[20:21:57] [spechunter] [Read] /home/yzs/riscv/XiangShan/src/main/scala/xiangshan/backend/decode/DecodeUnit.scala
[20:21:57] [spechunter] [Grep] pattern='def SFENCE_VMA|SFENCE_VMA.*='
[20:22:00] [spechunter] [text] ```json {   "locations": [     {       "file_path": "sys/riscv/include/cpufunc.h",       "function_name": null,       "l...
[20:22:06] [spechunter] [TodoWrite] 6 items
[20:22:16] [spechunter] [Grep] pattern='SFENCE_VMA|sfence_vma'
[20:22:19] [spechunter] [text] Now let me check the fence instruction decode format to understand how fence.hpd would be encoded, and also look at the ...
[20:22:19] [spechunter] [Read] /home/yzs/riscv/qemu/target/riscv/insn32.decode
[20:22:19] [spechunter] [Grep] pattern='MSTATUS_TVM|MSTATUS_TW'
[20:22:19] [spechunter] [Grep] pattern='read_mstatus|write_mstatus'
[20:22:22] [spechunter] [Grep] pattern='SFENCE_VMA|SFENCE_INVAL_IR|SFENCE_W_INVAL'
[20:22:22] [spechunter] [Grep] pattern='flushOut'
[20:22:29] [spechunter] [Grep] pattern='flushOut|robFlush'
[20:22:29] [spechunter] [Read] /home/yzs/riscv/XiangShan/src/main/scala/xiangshan/backend/rob/Rob.scala
[20:22:29] [spechunter] [Read] /home/yzs/riscv/XiangShan/src/main/scala/xiangshan/cache/mmu/MMUBundle.scala
[20:22:39] [spechunter] [Read] /home/yzs/riscv/qemu/target/riscv/insn_trans/trans_rvi.c.inc
[20:22:39] [spechunter] [Grep] pattern='MSTATUS_TSR|HSTATUS_VTSR'
[20:23:03] [spechunter] [Grep] pattern='SATP_ASID|SATP_PPN|SATP_MODE|SATP.*SHIFT|SATP.*MASK'
[20:23:03] [spechunter] [Read] /home/yzs/riscv/freebsd-src/sys/riscv/vmm/vmm_fence.h
[20:23:03] [spechunter] [Grep] pattern='has_hyp|has_sstc|has_|cpu_features|identify_cpu'
[20:23:04] [spechunter] [Grep] pattern='redirect|flushPipe|flushOut|robFlush'
[20:23:04] [spechunter] [Read] /home/yzs/riscv/XiangShan/src/main/scala/xiangshan/frontend/Frontend.scala
[20:23:04] [spechunter] [Read] /home/yzs/riscv/XiangShan/src/main/scala/xiangshan/frontend/Frontend.scala
[20:23:14] [spechunter] [Grep] pattern='zisb|isb\\.adoc'
[20:23:14] [spechunter] [Grep] pattern='fence.*pred|pred.*succ|FENCE_PRED|FENCE_SUCC|trans_fence'
[20:23:14] [spechunter] [Grep] pattern='fence.*pred|pred.*succ|FENCE_PRED|FENCE_SUCC|arg_fence'
[20:23:38] [spechunter] [text] Now let me compile the comprehensive JSON report.  
[20:23:38] [spechunter] [Write] /home/yzs/riscv/linux/output_PR101.json
[20:23:42] [spechunter] [text] Let me check the instruction encoding for fence.hpd and look for any additional context
[20:23:42] [spechunter] [Grep] pattern='FENCE_HPD|fence_hpd|0x0.*hpd|hpd.*fence'
[20:23:42] [spechunter] [Grep] pattern='Zihpd|zihpd'
[20:23:42] [spechunter] [Grep] pattern='VMID|vmid|HGATP_VMID|hgatp.*VMID'
[20:23:42] [spechunter] [Grep] pattern='HGATP'
[20:23:43] [spechunter] [Read] /home/yzs/riscv/XiangShan/src/main/scala/xiangshan/frontend/Frontend.scala
[20:23:43] [spechunter] [Read] /home/yzs/riscv/XiangShan/src/main/scala/xiangshan/frontend/Frontend.scala
[20:23:54] [spechunter] [Read] /home/yzs/riscv/linux/output_PR101.json
[20:24:02] [spechunter] [Grep] pattern='vmid|VMID|pm_satp|hgatp|satp'
[20:24:02] [spechunter] [Read] /home/yzs/riscv/freebsd-src/sys/riscv/vmm/riscv.h
[20:24:28] [spechunter] [text] Let me check the RISC-V spec for the fence encoding details and the user's PR more carefully.  
[20:24:28] [spechunter] [Grep] pattern='fence.*tso|fence_tso'
[20:24:28] [spechunter] [Read] /home/yzs/riscv/qemu/target/riscv/pmp.c
[20:24:28] [spechunter] [Grep] pattern='MIP_SEIP|MIP_VSEIP|sip.*sip|mie.*mie'
[20:25:30] [spechunter] [text] The predictor tagging and CSR agents failed due to prompt length. Let me run focused searches now.  
[20:25:30] [spechunter] [TodoWrite] 5 items
[20:25:57] [spechunter] [text] Now let me look at the mstatus write function to see how TSR is handled as writable, and also check the vmstate migratio...
[20:25:57] [spechunter] [Read] /home/yzs/riscv/qemu/target/riscv/csr.c
[20:25:57] [spechunter] [Grep] pattern='vmstate.*hstatus|hstatus.*vmstate|vmstate_riscv_cpu'
[20:26:22] [spechunter] [Bash] List BPU source files
[20:26:22] [spechunter] [Bash] List predictor/prefetch directories
[20:26:22] [spechunter] [Grep] pattern='asid|ASID|vmid|VMID'
[20:26:22] [spechunter] [Grep] pattern='mstatus.*TSR|TSR|VTSR|hstatus'
[20:26:32] [spechunter] [Read] /home/yzs/riscv/XiangShan/src/main/scala/xiangshan/frontend/bpu/Abstracts.scala
[20:26:32] [spechunter] [Read] /home/yzs/riscv/XiangShan/src/main/scala/xiangshan/frontend/bpu/Types.scala
[20:26:32] [spechunter] [Read] /home/yzs/riscv/XiangShan/src/main/scala/xiangshan/frontend/bpu/Bundles.scala
[20:26:54] [spechunter] [text] Now let me look at the vmstate for hstatus/mstatus and also check how fence variants are distinguished
[20:26:54] [spechunter] [Read] /home/yzs/riscv/qemu/target/riscv/machine.c
[20:26:54] [spechunter] [Read] /home/yzs/riscv/qemu/target/riscv/insn_trans/trans_svinval.c.inc
[20:27:13] [spechunter] [text] Now let me look at the key predictor table structures and CSR definitions.  
[20:27:13] [spechunter] [Read] /home/yzs/riscv/XiangShan/src/main/scala/xiangshan/frontend/bpu/tage/Tage.scala
[20:27:13] [spechunter] [Read] /home/yzs/riscv/XiangShan/src/main/scala/xiangshan/frontend/bpu/sc/Sc.scala
[20:27:13] [spechunter] [Read] /home/yzs/riscv/XiangShan/src/main/scala/xiangshan/frontend/bpu/history/commonhr/Bundles.scala
[20:27:13] [spechunter] [Read] /home/yzs/riscv/XiangShan/src/main/scala/xiangshan/frontend/bpu/history/phr/Bundles.scala
[20:27:24] [spechunter] [Grep] pattern='TSR|VTSR|hstatus'
[20:27:24] [spechunter] [Grep] pattern='asid|ASID|vmid|VMID|domain|DOMAIN'
[20:27:24] [spechunter] [Glob] **/mem/prefetch/**/*.scala
[20:27:28] [spechunter] [Grep] pattern='mstatus|hstatus'
[20:27:28] [spechunter] [Grep] pattern='mstatus|hstatus|TSR'
[20:27:46] [spechunter] [text] Now let me read the critical files for predictor tag formation and CSR definitions.  
[20:27:46] [spechunter] [Read] /home/yzs/riscv/XiangShan/src/main/scala/xiangshan/frontend/bpu/tage/Tage.scala
[20:27:46] [spechunter] [Read] /home/yzs/riscv/XiangShan/src/main/scala/xiangshan/frontend/bpu/tage/Bundles.scala
[20:27:46] [spechunter] [Read] /home/yzs/riscv/XiangShan/src/main/scala/xiangshan/backend/fu/NewCSR/HypervisorLevel.scala
[20:27:46] [spechunter] [Read] /home/yzs/riscv/XiangShan/src/main/scala/xiangshan/backend/fu/NewCSR/MachineLevel.scala
[20:27:55] [spechunter] [text] Now let me look at the critical tag computation functions, the stride prefetcher, and the CSR privilege/permission modul...
[20:27:55] [spechunter] [Read] /home/yzs/riscv/XiangShan/src/main/scala/xiangshan/frontend/bpu/tage/Helpers.scala
[20:27:55] [spechunter] [Read] /home/yzs/riscv/XiangShan/src/main/scala/xiangshan/mem/prefetch/L1StridePrefetcher.scala
[20:27:55] [spechunter] [Read] /home/yzs/riscv/XiangShan/src/main/scala/xiangshan/mem/prefetch/SMSPrefetcher.scala
[20:28:12] [spechunter] [Grep] pattern='load.value.predictor|LVP|lvp|LoadValuePredict'
[20:28:12] [spechunter] [Grep] pattern='FtqEntry|FTBEntry|ftb.*tag|ftq.*tag'
[20:28:12] [spechunter] [Grep] pattern='priv.*mode|privilege|isModeV|isModeS|isModeU|isModeM|isModeH'
[20:28:12] [spechunter] [Grep] pattern='hash_pc|pc_hash|setIdx.*pc|getSetIdx|hashTag'
[20:28:32] [spechunter] [Grep] pattern='fence\\.hpd|FENCE_HPD|MATCH_FENCE|MASK_FENCE|fence_i'
[20:28:32] [spechunter] [Grep] pattern='SATP_ASID'
[20:28:50] [spechunter] [text] Let me look at the `write_hstatus` function more carefully for VTSR field handling and also the machine.c vmstate for ms...
[20:28:50] [spechunter] [Read] /home/yzs/riscv/qemu/target/riscv/machine.c
[20:28:50] [spechunter] [Read] /home/yzs/riscv/qemu/target/riscv/csr.c
[20:28:57] [spechunter] [Read] /home/yzs/riscv/XiangShan/src/main/scala/xiangshan/frontend/ftq/Bundles.scala
[20:28:57] [spechunter] [Read] /home/yzs/riscv/XiangShan/src/main/scala/xiangshan/mem/mdp/WaitTable.scala
[20:28:57] [spechunter] [Read] /home/yzs/riscv/XiangShan/src/main/scala/xiangshan/mem/mdp/StoreSet.scala
[20:29:09] [spechunter] [text] Now I have enough information. Let me update the task list and cross-validate my findings.  
[20:29:09] [spechunter] [TodoWrite] 4 items
[20:29:10] [spechunter] [Read] /home/yzs/riscv/XiangShan/src/main/scala/xiangshan/mem/prefetch/L1StreamPrefetcher.scala
[20:29:10] [spechunter] [Read] /home/yzs/riscv/XiangShan/src/main/scala/xiangshan/backend/fu/NewCSR/HypervisorLevel.scala
[20:29:10] [spechunter] [Read] /home/yzs/riscv/XiangShan/src/main/scala/xiangshan/backend/fu/NewCSR/CSREvents/TrapEntryHSEvent.scala
[20:29:15] [spechunter] [text] Let me check where mstatus/hstatus are in the vmstate and also understand the fence instruction format more carefully.  
[20:29:15] [spechunter] [Grep] pattern='VMSTATE.*mstatus|VMSTATE.*hstatus|env\\.mstatus|env\\.hstatus'
[20:29:15] [spechunter] [Read] /home/yzs/riscv/qemu/target/riscv/machine.c
[20:29:37] [spechunter] [text] Prompt is too long
[20:29:54] [spechunter] [text] Let me verify one more piece — the `hstatus.VTSR` and `mstatus.TSR` references, and whether there's any CSR-level mitiga...
[20:29:54] [spechunter] [Grep] pattern='TSR|VTSR|mstatus.*TSR|hstatus.*VTSR'
[20:29:54] [spechunter] [Grep] pattern='SSTATUS_TSR|HSTATUS_VTSR'
[20:29:54] [spechunter] [Read] /home/yzs/riscv/freebsd-src/sys/riscv/riscv/pmap.c
[20:29:56] [spechunter] [text] Now let me look at the write_mstatus function more carefully and also understand what the `vsstatus`/`mstatus_hs` looks ...
[20:29:56] [spechunter] [Read] /home/yzs/riscv/qemu/target/riscv/op_helper.c
[20:29:56] [spechunter] [Read] /home/yzs/riscv/qemu/target/riscv/op_helper.c
[20:29:56] [spechunter] [Read] /home/yzs/riscv/qemu/target/riscv/op_helper.c
[20:30:22] [spechunter] [Write] /home/yzs/riscv/linux/output_PR101.json
[20:30:38] [spechunter] [Bash] Validate JSON output
[20:30:39] [spechunter] [text] Let me verify the reported locations against the actual source code.  
[20:30:39] [spechunter] [Read] /home/yzs/riscv/qemu/target/riscv/insn32.decode
[20:30:39] [spechunter] [Read] /home/yzs/riscv/qemu/target/riscv/insn_trans/trans_rvi.c.inc
[20:30:39] [spechunter] [Read] /home/yzs/riscv/qemu/target/riscv/op_helper.c
[20:30:39] [spechunter] [Read] /home/yzs/riscv/qemu/target/riscv/cpu_bits.h
[20:30:39] [spechunter] [Read] /home/yzs/riscv/qemu/target/riscv/cpu_bits.h
[20:30:43] [spechunter] [text] Let me verify what's actually in the codebase for Zihpd/Zifencehpd to cross-validate properly
[20:30:43] [spechunter] [Agent] description, prompt
[20:30:55] [spechunter] [TodoWrite] 6 items
[20:31:03] [spechunter] [Read] /home/yzs/riscv/qemu/target/riscv/csr.c
[20:31:03] [spechunter] [Grep] pattern='zihpd|zifencehpd|fence_hpd|FENCE_HPD'
[20:31:03] [spechunter] [Grep] pattern='ext_zihpd|ext_zifencehpd'
[20:31:03] [spechunter] [Grep] pattern='ISA_EXT_DATA_ENTRY.*zifence|MULTI_EXT_CFG_BOOL.*zifence'
[20:31:21] [spechunter] [text] Report written to `output_PR101.json`. Here's the summary:  ## Key Finding: ZERO fence.hpd instances in the entire kerne...
[20:31:22] [spechunter] [Read] /home/yzs/riscv/qemu/disas/riscv.c
[20:31:22] [spechunter] [Read] /home/yzs/riscv/qemu/target/riscv/cpu.c
[20:31:22] [spechunter] [Read] /home/yzs/riscv/qemu/target/riscv/cpu.c
[20:31:22] [spechunter] [Read] /home/yzs/riscv/qemu/target/riscv/cpu_cfg_fields.h.inc
[20:31:42] [spechunter] [text] Now I have a complete understanding of the code. Let me produce the final report.  
[20:31:42] [spechunter] [Write] /home/yzs/riscv/freebsd-src/Zihpd_fence_hpd_audit.json
[20:32:11] [spechunter] [text] Let me first understand what Zihpd and Zifencehpd actually entail.  
[20:32:11] [spechunter] [WebSearch] RISC-V Zihpd Zifencehpd extension fence.hpd specification
[20:32:12] [spechunter] [Grep] pattern='(?i)(zihpd|zifencehpd|hpd)'
[20:32:12] [spechunter] [Grep] pattern='(?i)prediction\\.domain'
[20:32:12] [spechunter] [Read] /home/yzs/riscv/XiangShan/src/main/scala/xiangshan/backend/fu/NewCSR/MachineLevel.scala
[20:32:12] [spechunter] [Read] /home/yzs/riscv/XiangShan/src/main/scala/xiangshan/backend/fu/NewCSR/HypervisorLevel.scala
[20:32:12] [spechunter] [Read] /home/yzs/riscv/XiangShan/src/main/scala/xiangshan/backend/fu/NewCSR/CSRPermitModule.scala
[20:32:12] [spechunter] [Grep] pattern='(?i)hfence'
[20:32:12] [spechunter] [Grep] pattern='(?i)(V?TSR)'
[20:32:13] [spechunter] [TodoWrite] 4 items
[20:32:35] [spechunter] [text] Let me understand what Zihpd/Zifencehpd actually requires to judge the fast-path locations.  
[20:32:35] [spechunter] [WebSearch] RISC-V "fence.hpd" instruction "Zihpd" "Zifencehpd" page table descriptor
[20:32:38] [spechunter] [Grep] pattern='BOOL_FIELD.*ext_zifencei'
[20:32:38] [spechunter] [Grep] pattern='ext_zihintntl'
[20:32:38] [spechunter] [Grep] pattern='ext_zihintpause'
[20:32:50] [spechunter] [Read] /home/yzs/riscv/XiangShan/src/main/scala/xiangshan/backend/fu/NewCSR/CSRPermitModule.scala
[20:32:50] [spechunter] [Grep] pattern='(?i)hfence.*pd|hfence_pd|HPD'
[20:32:50] [spechunter] [Grep] pattern='(?i)(status.*tsr|tsr.*status|vtsr.*status|status.*vtsr)'
[20:32:50] [spechunter] [Grep] pattern='FenceOpType'
[20:32:51] [spechunter] [text] Let me look at the actual source context for this PR to understand what Zihpd and Zifencehpd entail.    
[20:32:51] [spechunter] [Bash] Check recent commits for context
[20:33:11] [spechunter] [text] Audit complete. Report saved to `Zihpd_fence_hpd_audit.json`.  ## Summary  **Overall: CRITICAL** — `fence.hpd` does not ...
[20:33:12] [spechunter] [Grep] pattern='FenceOpType|object FenceOpType'
[20:33:12] [spechunter] [Grep] pattern='FenceOpType|hfence_g|hfence_v|pd'
[20:33:27] [spechunter] [Read] /home/yzs/riscv/XiangShan/zihpd_hpd_isolation_gap_locations.json
[20:33:27] [spechunter] [Read] /home/yzs/riscv/XiangShan/zihpd_hpd_isolation_gap_locations.json
[20:33:27] [spechunter] [Read] /home/yzs/riscv/XiangShan/zihpd_hpd_isolation_gap_locations.json
[20:33:30] [spechunter] [text] Now let me verify the exact line for `cpu_cfg_fields.h.inc` where a new `BOOL_FIELD` would be inserted.  
[20:33:30] [spechunter] [Read] /home/yzs/riscv/qemu/target/riscv/cpu_cfg_fields.h.inc
[20:33:33] [spechunter] [Agent] description, prompt
[20:34:05] [spechunter] [Grep] pattern='fence_hpd|hfence|hpd'
[20:34:05] [spechunter] [Bash] Check if audit JSON file exists
[20:34:05] [spechunter] [Read] /home/yzs/riscv/freebsd-src/sys/riscv/include/cpufunc.h
[20:34:05] [spechunter] [Read] /home/yzs/riscv/freebsd-src/sys/riscv/riscv/pmap.c
[20:34:05] [spechunter] [Read] /home/yzs/riscv/freebsd-src/sys/riscv/riscv/pmap.c
[20:34:05] [spechunter] [Read] /home/yzs/riscv/freebsd-src/sys/riscv/vmm/vmm_riscv.c
[20:34:05] [spechunter] [Read] /home/yzs/riscv/freebsd-src/sys/riscv/vmm/vmm_riscv.c
[20:34:05] [spechunter] [Read] /home/yzs/riscv/freebsd-src/sys/riscv/include/riscvreg.h
[20:34:05] [spechunter] [Read] /home/yzs/riscv/freebsd-src/sys/riscv/vmm/vmm_fence.c
[20:34:05] [spechunter] [Read] /home/yzs/riscv/freebsd-src/sys/riscv/vmm/riscv.h
[20:34:05] [spechunter] [Read] /home/yzs/riscv/freebsd-src/sys/riscv/include/sbi.h
[20:34:26] [spechunter] [text] Let me check what the current codebase knows about fence.hpd and understand Zihpd requirements.  
[20:34:26] [spechunter] [Grep] pattern='fence\\.hpd|Zihpd|Zifencehpd|FENCE_HPD|fence_hpd'
[20:34:26] [spechunter] [Read] /home/yzs/riscv/linux/arch/riscv/mm/context.c
[20:34:26] [spechunter] [Read] /home/yzs/riscv/linux/arch/riscv/mm/context.c
[20:34:37] [spechunter] [Read] /home/yzs/riscv/freebsd-src/Zihpd_fence_hpd_audit.json
[20:34:37] [spechunter] [Read] /home/yzs/riscv/freebsd-src/sys/riscv/include/cpufunc.h
[20:34:37] [spechunter] [Read] /home/yzs/riscv/freebsd-src/sys/riscv/include/riscvreg.h
[20:34:37] [spechunter] [Grep] pattern='HSTATUS_HUPV|henvcfg|hstatus.*HUPV'
[20:34:37] [spechunter] [Grep] pattern='HFENCE_GVMA_VMID|HFENCE_VVMA'
[20:34:37] [spechunter] [Grep] pattern='HSTATUS'
[20:34:37] [spechunter] [Grep] pattern='fence_hpd|FENCE_HPD|Zihpd|hpd'
[20:34:46] [spechunter] [Read] /home/yzs/riscv/qemu/target/riscv/cpu.c
[20:34:50] [spechunter] [Grep] pattern='VMM_RISCV_FENCE_VMA|VMM_RISCV_FENCE'
[20:34:50] [spechunter] [Read] /home/yzs/riscv/freebsd-src/sys/riscv/vmm/vmm_riscv.c
[20:34:50] [spechunter] [Read] /home/yzs/riscv/freebsd-src/sys/riscv/riscv/identcpu.c
[20:34:50] [spechunter] [Read] /home/yzs/riscv/freebsd-src/sys/riscv/include/sbi.h
[20:34:54] [spechunter] [Read] /home/yzs/riscv/linux/output_PR101.json
[20:35:12] [spechunter] [Read] /home/yzs/riscv/freebsd-src/sys/riscv/vmm/riscv.h
[20:35:12] [spechunter] [Grep] pattern='has_hyp|has_sstc|has_zicbom'
[20:35:12] [spechunter] [Grep] pattern='PCPU_MD_FEATURES'
[20:35:12] [spechunter] [Read] /home/yzs/riscv/freebsd-src/sys/riscv/vmm/vmm_fence.c
[20:35:42] [spechunter] [Read] /home/yzs/riscv/freebsd-src/sys/riscv/riscv/identcpu.c
[20:35:42] [spechunter] [Read] /home/yzs/riscv/freebsd-src/sys/riscv/include/md_var.h
[20:35:42] [spechunter] [Grep] pattern='Z_ZICBOM|Z_ZICBOZ|Z_ZICBOP'
[20:35:42] [spechunter] [Read] /home/yzs/riscv/freebsd-src/sys/riscv/vmm/vmm_fence.c
[20:35:42] [spechunter] [Read] /home/yzs/riscv/freebsd-src/sys/riscv/vmm/vmm_sbi.c
[20:35:50] [spechunter] [text] Let me read the actual code to validate each fast-path location.  
[20:35:50] [spechunter] [Read] /home/yzs/riscv/linux/arch/riscv/kvm/mmu.c
[20:35:50] [spechunter] [Read] /home/yzs/riscv/linux/arch/riscv/kvm/vcpu.c
[20:35:50] [spechunter] [Read] /home/yzs/riscv/linux/arch/riscv/kvm/tlb.c
[20:35:50] [spechunter] [Read] /home/yzs/riscv/linux/arch/riscv/kvm/vmid.c
[20:36:00] [spechunter] [text] Now let me also check if `cpu_cfg_fields.h.inc` line 1 is a meaningful anchor, and verify the disassembler context
[20:36:00] [spechunter] [Read] /home/yzs/riscv/qemu/target/riscv/cpu_cfg_fields.h.inc
[20:36:00] [spechunter] [Grep] pattern='rv_op_fence'
[20:36:00] [spechunter] [Grep] pattern='TSR|VTSR|fence'
[20:36:03] [spechunter] [text] Let me verify the remaining locations from the fast-path list
[20:36:03] [spechunter] [Read] /home/yzs/riscv/linux/arch/riscv/kvm/vcpu.c
[20:36:03] [spechunter] [Read] /home/yzs/riscv/linux/arch/riscv/kvm/vmid.c
[20:36:03] [spechunter] [Read] /home/yzs/riscv/linux/arch/riscv/mm/context.c
[20:36:03] [spechunter] [Read] /home/yzs/riscv/linux/arch/riscv/kernel/suspend.c
[20:36:08] [spechunter] [Read] /home/yzs/riscv/freebsd-src/sys/riscv/riscv/identcpu.c
[20:36:08] [spechunter] [Read] /home/yzs/riscv/freebsd-src/sys/riscv/riscv/identcpu.c
[20:36:08] [spechunter] [Read] /home/yzs/riscv/freebsd-src/sys/riscv/riscv/identcpu.c
[20:36:19] [spechunter] [Read] /home/yzs/riscv/freebsd-src/sys/riscv/vmm/vmm_riscv.c
[20:36:19] [spechunter] [Read] /home/yzs/riscv/freebsd-src/sys/riscv/vmm/vmm_riscv.c
[20:36:26] [spechunter] [text] Now let me cross-validate the key source files directly.  
[20:36:26] [spechunter] [Grep] pattern='(zihpd|zifencehpd|HFENCE\\.PD|SINVAL\\.PD|hpd|prediction.domain)'
[20:36:26] [spechunter] [Read] /home/yzs/riscv/XiangShan/src/main/scala/xiangshan/backend/fu/NewCSR/MachineLevel.scala
[20:36:26] [spechunter] [Read] /home/yzs/riscv/XiangShan/src/main/scala/xiangshan/backend/fu/NewCSR/HypervisorLevel.scala
[20:36:26] [spechunter] [Read] /home/yzs/riscv/XiangShan/src/main/scala/xiangshan/backend/fu/NewCSR/CSRPermitModule.scala
[20:37:19] [spechunter] [text] Now let me verify a few more of the cited locations against the actual code.  
[20:37:19] [spechunter] [Read] /home/yzs/riscv/XiangShan/src/main/scala/xiangshan/backend/decode/DecodeUnit.scala
[20:37:19] [spechunter] [Read] /home/yzs/riscv/XiangShan/src/main/scala/xiangshan/backend/decode/DecodeUnit.scala
[20:37:19] [spechunter] [Read] /home/yzs/riscv/XiangShan/src/main/scala/xiangshan/backend/fu/NewCSR/NewCSR.scala
[20:37:19] [spechunter] [Read] /home/yzs/riscv/XiangShan/src/main/scala/xiangshan/backend/fu/NewCSR/CSRPermitModule.scala
[20:38:08] [spechunter] [text] Now I have a clear picture. Let me do one more check to confirm the Zifencehpd infrastructure doesn't exist.  
[20:38:08] [spechunter] [Read] /home/yzs/riscv/XiangShan/src/main/scala/xiangshan/backend/fu/Fence.scala
[20:38:26] [spechunter] [text] Now I have all the data needed to cross-validate. Let me compile the final review.  ---  ## Cross-validation findings  *...
[20:38:53] [spechunter] [Agent] description, prompt
[20:38:53] [spechunter] [Agent] description, prompt
[20:39:13] [spechunter] [Bash] List top-level contents of spec_ref directory
[20:39:13] [spechunter] [Grep] pattern='Zihpd|Zifencehpd'
[20:39:13] [spechunter] [Grep] pattern='fence\\.hpd|HPD'
[20:39:13] [spechunter] [Grep] pattern='VTSR|hstatus\\.VTSR|mstatus\\.TSR'
[20:39:13] [spechunter] [Glob] **/*.adoc
[20:39:13] [spechunter] [Glob] **/*.pdf
[20:39:22] [spechunter] [Grep] pattern='fence\\.hpd|FENCE_HPD|fence_hpd'
[20:39:22] [spechunter] [Grep] pattern='zihpd|Zihpd|ZIHPD'
[20:39:22] [spechunter] [Grep] pattern='zifencehpd|Zifencehpd|ZIFENCEHPD'
[20:39:22] [spechunter] [Grep] pattern='VTSR|vtsr'
[20:39:22] [spechunter] [Grep] pattern='TSR.*fence|fence.*TSR|mstatus.*TSR'
[20:39:22] [spechunter] [Grep] pattern='hpd|HPD'
[20:39:47] [spechunter] [Read] /home/yzs/riscv/qemu/target/riscv/op_helper.c
[20:39:47] [spechunter] [Read] /home/yzs/riscv/qemu/target/riscv/cpu_bits.h
[20:39:47] [spechunter] [Grep] pattern='fence\\.hpd|zihpd|zifencehpd'
[20:39:47] [spechunter] [Grep] pattern='HSTATUS_VTSR|MSTATUS_TSR'
[20:39:47] [spechunter] [Grep] pattern='HSTATUS_VTSR|MSTATUS_TSR'
[20:40:10] [spechunter] [Grep] pattern='Zihpd|Zifencehpd|fence\\.hpd|hypervisor.*page.*disk|hypervisor.*disk.*page'
[20:40:10] [spechunter] [Grep] pattern='Zihpd|Zifencehpd|fence\\.hpd'
[20:40:10] [spechunter] [Grep] pattern='HPD'
[20:40:10] [spechunter] [Read] /home/yzs/riscv/rv-isa-sec/spec_ref/riscv-isa-manual/src/priv/hypervisor.adoc
[20:40:10] [spechunter] [Grep] pattern='VTSR|hstatus\\.VTSR'
[20:40:10] [spechunter] [Grep] pattern='TSR|mstatus\\.TSR'
[20:40:10] [spechunter] [Grep] pattern='fence\\.hpd|Zihpd|Zifencehpd'
[20:40:12] [spechunter] [Grep] pattern='fence'
[20:40:12] [spechunter] [Grep] pattern='fence'
[20:40:12] [spechunter] [Glob] target/riscv/**/*.decode
[20:40:12] [spechunter] [Grep] pattern='helper_sret|helper_mret'
[20:40:12] [spechunter] [Grep] pattern='vmstate.*hstatus|hstatus.*vmstate'
[20:40:12] [spechunter] [Grep] pattern='vmstate|migration'
[20:40:18] [spechunter] [text] Let me verify a few locations I'm uncertain about before producing the final set
[20:40:18] [spechunter] [Read] /home/yzs/riscv/freebsd-src/sys/riscv/riscv/pmap.c
[20:40:18] [spechunter] [Read] /home/yzs/riscv/freebsd-src/sys/riscv/riscv/locore.S
[20:40:18] [spechunter] [Read] /home/yzs/riscv/freebsd-src/sys/riscv/riscv/locore.S
[20:40:18] [spechunter] [Read] /home/yzs/riscv/freebsd-src/sys/riscv/vmm/vmm_switch.S
[20:40:18] [spechunter] [Read] /home/yzs/riscv/freebsd-src/sys/riscv/include/riscvreg.h
[20:40:18] [spechunter] [Read] /home/yzs/riscv/freebsd-src/sys/riscv/riscv/pmap.c
[20:40:18] [spechunter] [Read] /home/yzs/riscv/freebsd-src/sys/riscv/riscv/pmap.c
[20:40:23] [spechunter] [text] Now I have all the data needed for cross-validation. Let me compile the final analysis.  **Key findings:**  1. **Zihpd/Z...
[20:40:23] [spechunter] [Write] /home/yzs/riscv/XiangShan/PR_zihpd_zifencehpd_review_locations.json
[20:40:30] [spechunter] [Grep] pattern='trans_fence|fence_i'
[20:40:30] [spechunter] [Grep] pattern='trans_fence|OP_FENCE|op_fence'
[20:40:30] [spechunter] [Read] /home/yzs/riscv/qemu/target/riscv/op_helper.c
[20:40:30] [spechunter] [Read] /home/yzs/riscv/qemu/target/riscv/machine.c
[20:40:30] [spechunter] [Grep] pattern='ZIFENCEI|Zifencei'
[20:40:34] [spechunter] [Grep] pattern='hypervisor.*fence|page.*fence|disk.*fence|page.*invalida'
[20:40:34] [spechunter] [Grep] pattern='fence'
[20:40:34] [spechunter] [Grep] pattern='Zih|Zifence|Zi.*hpd|hypervisor.*extension'
[20:40:34] [spechunter] [Grep] pattern='hpd'
[20:40:51] [spechunter] [text] ## Cross-Validation Results  ### Summary  **Zihpd/Zifencehpd are NOT implemented** in the XiangShan codebase at this tim...
[20:41:12] [spechunter] [Read] /home/yzs/riscv/qemu/target/riscv/insn_trans/trans_rvi.c.inc
[20:41:12] [spechunter] [text] I need to find the code locations file first, then read and analyze each location. Let me start by locating the relevant...
[20:41:12] [spechunter] [Glob] PR_zihpd_zifencehpd_review_locations.json
[20:41:12] [spechunter] [Read] /home/yzs/riscv/qemu/target/riscv/insn32.decode
[20:41:12] [spechunter] [Grep] pattern='hpd|HPD'
[20:41:12] [spechunter] [Grep] pattern='hpd|HPD'
[20:41:12] [spechunter] [Grep] pattern='MSTATUS_TSR'
[20:41:12] [spechunter] [Glob] **/Zihpd*
[20:41:12] [spechunter] [Glob] **/fence*hpd*
[20:41:12] [spechunter] [Grep] pattern='\\bHPD\\b|hypervisor.*page|hypervisor.*disk'
[20:41:12] [spechunter] [Bash] Exhaustive find+grep for HPD in adoc files
[20:41:12] [spechunter] [Bash] Exhaustive find+grep for HPD in non-adoc files
[20:41:12] [spechunter] [Grep] pattern='Zicsr|Zifencei'
[20:41:12] [spechunter] [Grep] pattern='fence\\.hpd|Zihpd|Zifencehpd'
[20:41:19] [spechunter] [Read] /home/yzs/riscv/freebsd-src/sys/riscv/vmm/riscv.h
[20:41:19] [spechunter] [Read] /home/yzs/riscv/freebsd-src/sys/riscv/include/sbi.h
[20:41:29] [spechunter] [Read] /home/yzs/riscv/XiangShan/PR_zihpd_zifencehpd_review_locations.json
[20:41:43] [spechunter] [text] Now let me check a few more things for thorough cross-validation
[20:41:43] [spechunter] [Grep] pattern='hfence_gvma_vmid_gpa'
[20:41:43] [spechunter] [Read] /home/yzs/riscv/linux/arch/riscv/kvm/tlb.c
[20:41:43] [spechunter] [Read] /home/yzs/riscv/linux/arch/riscv/kvm/gstage.c
[20:41:49] [spechunter] [Grep] pattern='MSTATUS_TSR|HSTATUS_VTSR'
[20:41:49] [spechunter] [Grep] pattern='hpd|HPD|Zihpd|ZIFENCEHPD'
[20:41:49] [spechunter] [Grep] pattern='pred|succ'
[20:41:49] [spechunter] [Read] /home/yzs/riscv/qemu/target/riscv/insn32.decode
[20:41:57] [spechunter] [Read] /home/yzs/riscv/rv-isa-sec/spec_ref/riscv-isa-manual/src/unpriv/zi.adoc
[20:41:57] [spechunter] [Grep] pattern='HPD'
[20:41:57] [spechunter] [Grep] pattern='fence\\.hpd|hpd|HPD|Zihpd|Zifencehpd'
[20:41:57] [spechunter] [Read] /home/yzs/riscv/rv-isa-sec/spec_ref/riscv-cheri/src/cheri/csv/CHERI_ISA.csv
[20:41:57] [spechunter] [Read] /home/yzs/riscv/rv-isa-sec/spec_ref/riscv-isa-manual/src/priv/hypervisor.adoc
[20:41:57] [spechunter] [Read] /home/yzs/riscv/rv-isa-sec/spec_ref/riscv-isa-manual/src/priv/hypervisor.adoc
[20:41:59] [spechunter] [text] Let me read all the relevant RTL source files
[20:41:59] [spechunter] [Read] /home/yzs/riscv/XiangShan/src/main/scala/xiangshan/backend/fu/NewCSR/MachineLevel.scala
[20:41:59] [spechunter] [Read] /home/yzs/riscv/XiangShan/src/main/scala/xiangshan/backend/fu/NewCSR/HypervisorLevel.scala
[20:41:59] [spechunter] [Read] /home/yzs/riscv/XiangShan/src/main/scala/xiangshan/backend/fu/NewCSR/NewCSR.scala
[20:41:59] [spechunter] [Read] /home/yzs/riscv/XiangShan/src/main/scala/xiangshan/backend/fu/NewCSR/CSRPermitModule.scala
[20:41:59] [spechunter] [Read] /home/yzs/riscv/XiangShan/src/main/scala/xiangshan/backend/fu/NewCSR/CSRPermitModule.scala
[20:41:59] [spechunter] [Read] /home/yzs/riscv/XiangShan/src/main/scala/xiangshan/backend/fu/NewCSR/NewCSR.scala
[20:42:16] [spechunter] [Grep] pattern='pred|succ|fence'
[20:42:16] [spechunter] [Glob] target/riscv/insn_trans/trans_rvi.c.inc
[20:42:16] [spechunter] [Grep] pattern='ext_zifencei|cfg.*zifencei|zifencei'
[20:42:16] [spechunter] [Grep] pattern='fence_hpd|fencehpd|FENCE_HPD|FENCEHPD'
[20:42:16] [spechunter] [Bash] Search git log for HPD-related commits
[20:42:18] [spechunter] [Grep] pattern='Zihint|Zifence|Zihpm|hypervisor.*fence|fence.*hypervisor'
[20:42:18] [spechunter] [Grep] pattern='Zicsr|Zifencei|Zihintntl|Zihintpause|Zihpm|Zicntr|Zimop|Ziccif|Ziccrse|Ziccamoa|Ziccamoc|Zicclsm|Zic64b|Zicond|Zilsd'
[20:42:18] [spechunter] [Bash] Find all non-adoc, non-csv files in spec_ref
[20:42:18] [spechunter] [Grep] pattern='svinval|sinval\\.vma|hinval\\.vma'
[20:42:29] [spechunter] [Read] /home/yzs/riscv/XiangShan/src/main/scala/xiangshan/package.scala
[20:42:29] [spechunter] [Read] /home/yzs/riscv/XiangShan/src/main/scala/xiangshan/backend/decode/DecodeUnit.scala
[20:42:29] [spechunter] [Read] /home/yzs/riscv/XiangShan/src/main/scala/xiangshan/backend/decode/DecodeUnit.scala
[20:42:29] [spechunter] [Read] /home/yzs/riscv/XiangShan/src/main/scala/xiangshan/backend/fu/Fence.scala
[20:42:29] [spechunter] [Read] /home/yzs/riscv/XiangShan/src/main/scala/xiangshan/backend/fu/CSR.scala
[20:42:29] [spechunter] [Read] /home/yzs/riscv/XiangShan/src/main/scala/xiangshan/backend/fu/CSR.scala
[20:42:31] [spechunter] [text] Now I have the full picture. Here's the final cross-validated location set:  ```json {   "locations": [     {       "fil...
[20:42:41] [spechunter] [Grep] pattern='fence\\.hpd|hpd|Zihpd|Zifencehpd'
[20:42:41] [spechunter] [Grep] pattern='Zihpd|Zifencehpd|fence.tso|pause|ntl'
[20:42:41] [spechunter] [Grep] pattern='Zihpd|Zifencehpd|fence.tso|fence\\\\.tso'
[20:42:41] [spechunter] [Bash] List all directories under spec_ref
[20:42:41] [spechunter] [Grep] pattern='TSR.*illegal|illegal.*TSR|TSR.*trap'
[20:42:45] [spechunter] [Grep] pattern='&fence|arg_fence'
[20:42:45] [spechunter] [Grep] pattern='fence_tso|fence\\.tso'
[20:42:45] [spechunter] [Grep] pattern='priv.*PRV_M|PRV_S|PRV_U'
[20:42:45] [spechunter] [Read] /home/yzs/riscv/qemu/target/riscv/op_helper.c
[20:42:45] [spechunter] [Grep] pattern='ext_zihintntl|zihint'
[20:42:55] [spechunter] [text] Now let me check the spec reference files and understand the Fence FSM more completely
[20:42:55] [spechunter] [Glob] **/*
[20:42:55] [spechunter] [Read] /home/yzs/riscv/XiangShan/src/main/scala/xiangshan/backend/fu/Fence.scala
[20:43:05] [spechunter] [text] I'll start by searching for the relevant code and spec documents. The code locations are empty (`:0-0`), so I need to fi...
[20:43:05] [spechunter] [Agent] description, subagent_type
[20:43:05] [spechunter] [Agent] description, subagent_type
[20:43:06] [spechunter] [Read] /home/yzs/riscv/rv-isa-sec/spec_ref/riscv-isa-manual/src/priv/machine.adoc
[20:43:06] [spechunter] [Read] /home/yzs/riscv/rv-isa-sec/spec_ref/riscv-isa-manual/src/priv/hypervisor.adoc
[20:43:06] [spechunter] [Grep] pattern='fence.*trap|trap.*fence|SFENCE.*trap|SFENCE.*VTSR|SFENCE.*TSR|fence.*virtual|fence.*ill'
[20:43:06] [spechunter] [Grep] pattern='H_virtinst_vs_sfence|virtinst_vs_sfence'
[20:43:14] [spechunter] [Grep] pattern='pred|succ|&fence'
[20:43:14] [spechunter] [Read] /home/yzs/riscv/qemu/target/riscv/insn32.decode
[20:43:14] [spechunter] [Read] /home/yzs/riscv/qemu/target/riscv/insn32.decode
[20:43:19] [spechunter] [Grep] pattern='hpd|fence.*hpd|hypervisor.*page.*disk'
[20:43:19] [spechunter] [Grep] pattern='hpd|fence.*hpd|hypervisor.*page.*disk'
[20:43:19] [spechunter] [Grep] pattern='fence\\.hpd|Zih|Zifence'
[20:43:19] [spechunter] [Grep] pattern='fence\\.hpd|HPD|hypervisor.*page.*disk|hypervisor.*disk.*page'
[20:43:30] [spechunter] [text] Now let me verify the one fast-path location that looks suspicious — the `gvma_vmid_gpa` claim.  
[20:43:30] [spechunter] [Read] /home/yzs/riscv/linux/arch/riscv/kvm/tlb.c
[20:43:35] [spechunter] [Grep] pattern='pmap_activate'
[20:43:35] [spechunter] [Grep] pattern='ASID|asid'
[20:43:35] [spechunter] [Grep] pattern='sfence\\.vma|sfence_vma|SFENCE_VMA'
[20:43:35] [spechunter] [Grep] pattern='fence\\.hpd|fence_hpd|FENCE_HPD'
[20:43:35] [spechunter] [Grep] pattern='Zihpd|Zifencehpd|zihpd|zifencehpd'
[20:43:35] [spechunter] [Grep] pattern='hgatp|HGATP'
[20:43:37] [spechunter] [Bash] List directory structure of spec_ref
[20:43:37] [spechunter] [Grep] pattern='(?i)hpd'
[20:43:37] [spechunter] [Grep] pattern='(?i)fence'
[20:43:37] [spechunter] [Grep] pattern='(?i)sfence'
[20:43:37] [spechunter] [Grep] pattern='(?i)(asid|vmid|address.?translation)'
[20:43:39] [spechunter] [text] Let me search for the Zihpd and Zifencehpd spec references  
[20:43:39] [spechunter] [Grep] pattern='zihpd|Zihpd|ZI?HPD'
[20:43:39] [spechunter] [Grep] pattern='fence_hpd|FENCE_HPD|hfence\\.pd|HFENCE\\.PD'
[20:43:39] [spechunter] [Grep] pattern='TSR|tsr|Trap SRET|trap.*sret'
[20:43:54] [spechunter] [Grep] pattern='TSR|Trap SRET'
[20:43:54] [spechunter] [Grep] pattern='VTSR|VTW|VTVM'
[20:43:54] [spechunter] [Grep] pattern='Zihpd|Zifencehpd|zihpd|zifencehpd'
[20:44:01] [spechunter] [Grep] pattern='(?i)(hfence|hfence\\.gvma|hfence\\.vvma|hypervisor.*fence|fence.*hypervisor)'
[20:44:01] [spechunter] [Grep] pattern='(?i)(predictor|branch.?prediction|indirect.?branch|BHT|BTB|RAS|return.?address.?stack)'
[20:44:01] [spechunter] [Grep] pattern='(?i)(zihpd|zifencehpd|Zihpd|Zifencehpd)'
[20:44:01] [spechunter] [Grep] pattern='(?i)(fence\\.hpd|fencehpd)'
[20:44:01] [spechunter] [Bash] List spec_ref directory subdirectories
[20:44:03] [spechunter] [Read] /home/yzs/riscv/freebsd-src/sys/riscv/riscv/pmap.c
[20:44:03] [spechunter] [Read] /home/yzs/riscv/freebsd-src/sys/riscv/riscv/pmap.c
[20:44:03] [spechunter] [Read] /home/yzs/riscv/freebsd-src/sys/riscv/riscv/pmap.c
[20:44:03] [spechunter] [Read] /home/yzs/riscv/freebsd-src/sys/riscv/vmm/vmm_riscv.c
[20:44:03] [spechunter] [Read] /home/yzs/riscv/freebsd-src/sys/riscv/vmm/vmm_fence.c
[20:44:03] [spechunter] [Read] /home/yzs/riscv/freebsd-src/sys/riscv/include/cpufunc.h
[20:44:03] [spechunter] [Read] /home/yzs/riscv/freebsd-src/sys/riscv/vmm/vmm_sbi.c
[20:44:19] [spechunter] [Read] /home/yzs/riscv/rv-isa-sec/spec_ref/riscv-isa-manual/normative_rule_defs/hypervisor.yaml
[20:44:19] [spechunter] [Read] /home/yzs/riscv/rv-isa-sec/spec_ref/riscv-isa-manual/src/priv/hypervisor.adoc
[20:44:19] [spechunter] [Read] /home/yzs/riscv/rv-isa-sec/spec_ref/riscv-isa-manual/src/priv/images/wavedrom/hypv-mm-fence.edn
[20:44:19] [spechunter] [Read] /home/yzs/riscv/rv-isa-sec/spec_ref/riscv-isa-manual/src/priv/machine.adoc
[20:44:32] [spechunter] [Grep] pattern='pm_satp'
[20:44:32] [spechunter] [Grep] pattern='VMID|vmid'
[20:44:32] [spechunter] [Grep] pattern='has_hyp|has_sstc|has_svpbmt|has_zicbom|has_zicboz'
[20:44:32] [spechunter] [Grep] pattern='hstatus|HSTATUS'
[20:44:32] [spechunter] [Grep] pattern='vsatp|VSATP'
[20:44:32] [spechunter] [Grep] pattern='vmm_switch|vmmops'
[20:44:32] [spechunter] [Grep] pattern='VTSR'
[20:44:42] [spechunter] [text] Now let me check whether there's any Zihpd/Zifencehpd config gating or the Fence FSM states more thoroughly.  
[20:44:42] [spechunter] [Grep] pattern='HasZihpd|HasZifencehpd|hasZihpd|hasZifencehpd|Zihpd|Zifencehpd'
[20:44:42] [spechunter] [Read] /home/yzs/riscv/XiangShan/src/main/scala/xiangshan/backend/fu/Fence.scala
[20:44:42] [spechunter] [Grep] pattern='fence_hpd|HFENCE_PD|hfence_pd|hfencePd|sinval_pd|SINVAL_PD|sinvalPd'
[20:44:50] [spechunter] [text] Let me also look at the predictor structures and the other reference file mentioned, and check the MstatusBundle bit pos...
[20:44:50] [spechunter] [Read] /home/yzs/riscv/XiangShan/zihpd_hpd_isolation_gap_locations.json
[20:44:50] [spechunter] [Grep] pattern='predictor.*tag|FTB.*tag|tage.*tag|branch.*predictor|load.*value.*predict'
[20:44:50] [spechunter] [Grep] pattern='TSR'
[20:45:02] [spechunter] [text] Now let me verify my conclusions by checking if there's anything HPD-related in the current branch's commits or pending ...
[20:45:02] [spechunter] [Bash] Check recent commits for HPD-related changes
[20:45:02] [spechunter] [Bash] Check files changed in the most recent commit
[20:45:05] [spechunter] [text] Let me check the TSR bit position in the spec and verify against the RTL
[20:45:05] [spechunter] [Grep] pattern='mstatus.*register|WPRI.*TSR|TSR.*bit|bit.*22|bit.*TSR'
[20:45:05] [spechunter] [Grep] pattern='menvcfg.*WPRI|TSR.*22|bit 22.*TSR'
[20:45:08] [spechunter] [Grep] pattern='(?i)(hfence\\.vvma|hfence\\.gvma)'
[20:45:08] [spechunter] [Grep] pattern='(?i)(sfence\\.vma|sfence)'
[20:45:08] [spechunter] [Grep] pattern='(?i)(sfence\\.vma|sfence)'
[20:45:08] [spechunter] [Grep] pattern='(?i)(sfence|fence|hfence|asid|vmid)'
[20:45:08] [spechunter] [Grep] pattern='(?i)(hpd|predictor.*fence|fence.*predictor|indirect.?branch.*fence|fence.*indirect)'
[20:45:08] [spechunter] [Grep] pattern='(?i)(sfence|fence\\.vma|hfence|asid|vmid)'
[20:45:11] [spechunter] [Read] /home/yzs/riscv/freebsd-src/sys/riscv/riscv/pmap.c
[20:45:11] [spechunter] [Read] /home/yzs/riscv/freebsd-src/sys/riscv/riscv/identcpu.c
[20:45:11] [spechunter] [Read] /home/yzs/riscv/freebsd-src/sys/riscv/riscv/identcpu.c
[20:45:11] [spechunter] [Read] /home/yzs/riscv/freebsd-src/sys/riscv/vmm/vmm_switch.S
[20:45:11] [spechunter] [Read] /home/yzs/riscv/freebsd-src/sys/riscv/include/riscvreg.h
[20:45:11] [spechunter] [Read] /home/yzs/riscv/freebsd-src/sys/riscv/vmm/vmm_riscv.c
[20:45:11] [spechunter] [Read] /home/yzs/riscv/freebsd-src/sys/riscv/vmm/vmm_riscv.c
[20:45:16] [spechunter] [text] Let me check the wavedrom file that shows mstatus register layout to verify the TSR bit position
[20:45:16] [spechunter] [Read] /home/yzs/riscv/rv-isa-sec/spec_ref/riscv-isa-manual/src/priv/images/wavedrom/mstatusreg.edn
[20:45:16] [spechunter] [Read] /home/yzs/riscv/rv-isa-sec/spec_ref/riscv-isa-manual/src/priv/machine.adoc
[20:45:26] [spechunter] [Bash] Check for any HPD-related branches or stashes
[20:45:26] [spechunter] [Bash] Check for any staged/unstaged changes
[20:45:34] [spechunter] [Read] /home/yzs/riscv/freebsd-src/sys/riscv/vmm/riscv.h
[20:45:34] [spechunter] [Grep] pattern='vmid_generation'
[20:45:34] [spechunter] [Grep] pattern='MATCH_FENCE|MASK_FENCE|DECLARE_INSN\\(fence'
[20:45:34] [spechunter] [Grep] pattern='satp|SATP'
[20:45:34] [spechunter] [Grep] pattern='pmap_satp_mode|SATP_MODE'
[20:45:34] [spechunter] [Grep] pattern='pm_satp|pm_stage|pmap_stage|PM_STAGE'
[20:45:36] [spechunter] [text] Now I have all the code evidence. Let me cross-validate the fast-path list against the actual source. I found several is...
[20:45:36] [spechunter] [Read] /home/yzs/riscv/linux/arch/riscv/kvm/tlb.c
[20:45:36] [spechunter] [Read] /home/yzs/riscv/linux/arch/riscv/kernel/hibernate-asm.S
[20:45:36] [spechunter] [Read] /home/yzs/riscv/linux/arch/riscv/include/asm/csr.h
[20:45:36] [spechunter] [Read] /home/yzs/riscv/linux/tools/arch/riscv/include/asm/csr.h
[20:45:50] [spechunter] [Read] /home/yzs/riscv/rv-isa-sec/spec_ref/riscv-isa-manual/src/priv/hypervisor.adoc
[20:45:50] [spechunter] [Grep] pattern='(?i)(hpd|branch.?predict|fence\\.hpd|fencehpd|predictor.*flush|flush.*predictor|indirect.?branch.*barrier|barrier.*indirect)'
[20:45:50] [spechunter] [Grep] pattern='(?i)(hpd|branch.?predict|fence\\.hpd|fencehpd)'
[20:45:50] [spechunter] [Grep] pattern='(?i)hfence'
[20:45:50] [spechunter] [Grep] pattern='(?i)(zihpd|zifencehpd|fence\\.hpd|fencehpd)'
[20:45:53] [spechunter] [Read] /home/yzs/riscv/freebsd-src/sys/riscv/include/pmap.h
[20:45:53] [spechunter] [Grep] pattern='fence\\.hpd|hfence\\.gvma_vmid|HFENCE_GVMA_VMID'
[20:45:53] [spechunter] [Grep] pattern='FENCE_HPD|fence\\.hpd'
[20:45:53] [spechunter] [Grep] pattern='pm_invalidate_all'
[20:46:13] [spechunter] [text] Now let me verify the current FENCE translation to confirm it doesn't distinguish pred/succ encodings at all.  
[20:46:13] [spechunter] [Read] /home/yzs/riscv/qemu/target/riscv/insn_trans/trans_rvi.c.inc
[20:46:13] [spechunter] [Read] /home/yzs/riscv/qemu/target/riscv/insn32.decode
[20:46:38] [spechunter] [Grep] pattern='(?i)(zihpd|zifencehpd|fence\\.hpd|fencehpd)'
[20:46:38] [spechunter] [Grep] pattern='(?i)(zihpd|zifencehpd)'
[20:46:38] [spechunter] [Grep] pattern='(?i)(zihpd|zifencehpd|fence\\.hpd|fencehpd|predictor.*fence)'
[20:46:38] [spechunter] [Glob] **/fast-interrupt/**
[20:46:38] [spechunter] [Grep] pattern='(?i)hypervisor.*fence|fence.*hypervisor|hfence\\.vvma|hfence\\.gvma'
[20:46:38] [spechunter] [Grep] pattern='(?i)hfence'
[20:46:39] [spechunter] [Grep] pattern='gen|generation|wrap|reclaim|recycle'
[20:46:39] [spechunter] [Read] /home/yzs/riscv/freebsd-src/sys/riscv/riscv/pmap.c
[20:46:39] [spechunter] [Read] /home/yzs/riscv/freebsd-src/sys/riscv/riscv/pmap.c
[20:46:39] [spechunter] [Grep] pattern='asid|ASID'
[20:46:39] [spechunter] [Grep] pattern='|HFENCE|hfence\\.gvma_vmid'
[20:46:50] [spechunter] [Read] /home/yzs/riscv/freebsd-src/sys/riscv/riscv/locore.S
[20:46:50] [spechunter] [Read] /home/yzs/riscv/freebsd-src/sys/riscv/riscv/locore.S
[20:46:50] [spechunter] [Grep] pattern='pmap_release'
[20:46:50] [spechunter] [Read] /home/yzs/riscv/freebsd-src/sys/riscv/vmm/vmm_riscv.c
[20:46:50] [spechunter] [Grep] pattern='FENCE_HPD|fence_hpd|fence\\.hpd'
[20:46:58] [spechunter] [Read] /home/yzs/riscv/rv-isa-sec/spec_ref/riscv-isa-manual/src/priv/svinval.adoc
[20:46:58] [spechunter] [Grep] pattern='(?i)(hinval\\.vvma|hinval\\.gvma|sfence\\.w\\.inval|sfence\\.inval\\.ir)'
[20:46:58] [spechunter] [Grep] pattern='(?i)(fence\\.hpd|fencehpd|zihpd|zifencehpd)'
[20:46:58] [spechunter] [Grep] pattern='(?i)fence\\.i\\b'
[20:47:11] [spechunter] [text] Now let me also verify the Fence FSM's state machine more fully and check what `FenceOpType` values exist versus what's ...
[20:47:11] [spechunter] [Grep] pattern='FenceOpType\\.'
[20:47:11] [spechunter] [Grep] pattern='HFENCE_GVMA|HFENCE_VVMA|HINVAL_GVMA|HINVAL_VVMA'
[20:47:20] [spechunter] [text] Let me check where the BitPat definitions for hypervisor instructions live  
[20:47:20] [spechunter] [Grep] pattern='HFENCE_GVMA.*BitPat|def HFENCE_PD|def HFENCE'
[20:47:20] [spechunter] [Grep] pattern='def HFENCE_GVMA|def HFENCE_VVMA|HFENCE_PD'
[20:47:26] [spechunter] [Grep] pattern='HFENCE_GVMA'
[20:47:30] [spechunter] [Grep] pattern='(?i)(zihpd|zifencehpd|fence\\.hpd|fencehpd)'
[20:47:30] [spechunter] [Grep] pattern='(?i)Zih'
[20:47:30] [spechunter] [Grep] pattern='(?i)(zihpd|zifencehpd)'
[20:47:30] [spechunter] [Grep] pattern='(?i)(predict|branch.*barrier|barrier.*branch)'
[20:47:31] [spechunter] [Grep] pattern='HFENCE_GVMA|HFENCE_VVMA|HINVAL'
[20:47:33] [spechunter] [text] Now I have all the data needed for cross-validation. Let me produce the final location set.  ```json {   "locations": [ ...
[20:47:38] [spechunter] [Read] /home/yzs/riscv/rv-isa-sec/spec_ref/riscv-isa-manual/src/priv/hypervisor.adoc
[20:47:38] [spechunter] [Read] /home/yzs/riscv/rv-isa-sec/spec_ref/riscv-isa-manual/src/profiles/rva23.adoc
[20:47:38] [spechunter] [Read] /home/yzs/riscv/rv-isa-sec/spec_ref/riscv-isa-manual/src/profiles/rva22.adoc
[20:47:43] [spechunter] [text] Now let me verify there are no HPD extension flags or Zifencehpd-related CPU properties.  
[20:47:43] [spechunter] [Grep] pattern='zihpd|zifencehpd|ext_zihpd|ext_zifencehpd'
[20:47:43] [spechunter] [Grep] pattern='fence.*hpd|FENCE.*HPD|hpd.*fence|HPD.*FENCE'
[20:47:50] [spechunter] [Read] /home/yzs/riscv/rv-isa-sec/spec_ref/riscv-isa-manual/src/profiles/rva23.adoc
[20:47:50] [spechunter] [Read] /home/yzs/riscv/rv-isa-sec/spec_ref/riscv-isa-manual/src/profiles/rva22.adoc
[20:47:50] [spechunter] [Grep] pattern='(?i)(predictor|mispredict|BHT|BTB|RAS|branch.*target|indirect.*branch)'
[20:47:50] [spechunter] [Grep] pattern='(?i)(predictor|mispredict|speculative|BHT|BTB)'
[20:47:53] [spechunter] [Read] /home/yzs/riscv/freebsd-src/sys/riscv/riscv/pmap.c
[20:47:53] [spechunter] [Grep] pattern='pmap_invalidate_all'
[20:47:53] [spechunter] [Grep] pattern='userret|userret_syscall'
[20:47:53] [spechunter] [Grep] pattern='SATP_MODE|SATP_ASID'
[20:47:53] [spechunter] [Read] /home/yzs/riscv/freebsd-src/sys/riscv/include/encoding.h
[20:47:53] [spechunter] [Grep] pattern='MATCH_HFENCE|MASK_HFENCE|DECLARE_INSN\\(h'
[20:47:57] [spechunter] [TodoWrite] 5 items
[20:48:19] [spechunter] [text] Let me first examine the spec and then search the kernel code systematically
[20:48:19] [spechunter] [Glob] **/*
[20:48:19] [spechunter] [Grep] pattern='fence\\.hpd|fence_hpd|Zihpd|Zifencehpd'
[20:48:19] [spechunter] [Grep] pattern='csr_write.*satp|csr_set.*satp|write_satp|set_satp|__asm__.*satp'
[20:48:19] [spechunter] [Grep] pattern='csr_write.*hgatp|csr_set.*hgatp|write_hgatp|set_hgatp|__asm__.*hgatp'
[20:48:42] [spechunter] [text] Now let me verify what the RISC-V privileged spec actually says about TSR trapping for fence instructions, since the exp...
[20:48:42] [spechunter] [Read] /home/yzs/riscv/rv-isa-sec/spec_ref/riscv-isa-manual/src/priv/machine.adoc
[20:48:42] [spechunter] [Read] /home/yzs/riscv/rv-isa-sec/spec_ref/riscv-isa-manual/src/priv/hypervisor.adoc
[20:48:55] [spechunter] [text] No `fence.hpd` or `Zihpd`/`Zifencehpd` references found in the kernel at all. Let me read the spec and the key code loca...
[20:48:55] [spechunter] [Glob] **/*hpd*
[20:48:55] [spechunter] [Read] /home/yzs/riscv/linux/arch/riscv/mm/context.c
[20:48:55] [spechunter] [Read] /home/yzs/riscv/linux/arch/riscv/kvm/vcpu.c
[20:48:55] [spechunter] [Read] /home/yzs/riscv/linux/arch/riscv/kvm/mmu.c
[20:49:06] [spechunter] [Grep] pattern='class CSR |extends.*Module|newCSR|NewCSR|useNewCSR'
[20:49:06] [spechunter] [Grep] pattern='new CSR|CSRWrapper|CsrBlock|NewCSR'
[20:49:27] [spechunter] [text] Now let me also check if there are any HPD-related spec files elsewhere
[20:49:27] [spechunter] [Glob] **/*hpd*
[20:49:27] [spechunter] [Glob] **/*HPD*
[20:49:36] [spechunter] [Grep] pattern='hpd|Zihpd|hypervisor.*predictor|hardware.*predictor'
[20:49:36] [spechunter] [Read] /home/yzs/riscv/linux/arch/riscv/kvm/tlb.c
[20:49:36] [spechunter] [Grep] pattern='switch_to|switch_mm|__switch_to'
[20:49:46] [spechunter] [text] Let me check the spec reference and more code details
[20:49:46] [spechunter] [Grep] pattern='hpd'
[20:49:46] [spechunter] [Read] /home/yzs/riscv/linux/arch/riscv/include/asm/switch_to.h
[20:49:46] [spechunter] [Read] /home/yzs/riscv/linux/arch/riscv/kernel/suspend.c
[20:49:58] [spechunter] [text] Let me look for the Zihpd spec more carefully and also check the remaining code locations (KVM VMID, gstage_vmid changes...
[20:49:58] [spechunter] [Grep] pattern='hypervisor.prediction|hardware.predictor|fence\\.hpd|hpd'
[20:49:58] [spechunter] [Glob] **/*hpd*
[20:49:58] [spechunter] [Glob] **/*predict*
[20:50:07] [spechunter] [text] Here is my analysis.  ## Analysis Summary  **Zihpd and Zifencehpd are not implemented in this QEMU codebase.** There are...
[20:50:42] [spechunter] [text] Let me search more broadly in the ISA manual repo for the Zihpd spec and also look at the KVM VMID management.  
[20:50:42] [spechunter] [Bash] Check recent commits in riscv-isa-manual repo
[20:50:42] [spechunter] [Grep] pattern='hpd|Zihpd'
[20:50:42] [spechunter] [Read] /home/yzs/riscv/linux/arch/riscv/kvm/tlb.c
[20:50:42] [spechunter] [stderr] 
Shell cwd was reset to /home/yzs/riscv/linux
[20:50:52] [spechunter] [text] The spec files for Zihpd/Zifencehpd aren't in the local spec reference. Let me search more broadly and also check the in...
[20:50:52] [spechunter] [Bash] List adoc spec files in spec_ref
[20:50:52] [spechunter] [Grep] pattern='csr_write.*CSR_SATP'
[20:50:52] [spechunter] [Read] /home/yzs/riscv/linux/arch/riscv/mm/init.c
[20:51:10] [spechunter] [text] Now I have complete context. Let me verify one more detail about the Fence FSM to check if there's a predictor flush pat...
[20:51:10] [spechunter] [Read] /home/yzs/riscv/XiangShan/src/main/scala/xiangshan/backend/fu/Fence.scala
[20:51:10] [spechunter] [Grep] pattern='TVM|TW|TSR|bit 20|bit 21|bit 22'
[20:51:13] [spechunter] [Grep] pattern='csr_write.*CSR_SATP'
[20:51:13] [spechunter] [Grep] pattern='csr_write.*CSR_SATP'
[20:51:13] [spechunter] [Grep] pattern='gstage_vmid_update|gstage_vmid_ver_changed'
[20:51:13] [spechunter] [Grep] pattern='ncsr_write.*CSR_HGATP|csr_write.*CSR_HGATP'
[20:52:01] [spechunter] [Read] /home/yzs/riscv/linux/arch/riscv/kvm/vmid.c
[20:52:01] [spechunter] [Read] /home/yzs/riscv/linux/arch/riscv/kvm/gstage.c
[20:52:01] [spechunter] [Read] /home/yzs/riscv/linux/arch/riscv/include/asm/kvm_vmid.h
[20:52:09] [spechunter] [text] Now let me read the key code files to confirm the findings with accurate line numbers.  
[20:52:09] [spechunter] [Read] /home/yzs/riscv/freebsd-src/sys/riscv/riscv/pmap.c
[20:52:09] [spechunter] [Read] /home/yzs/riscv/freebsd-src/sys/riscv/riscv/pmap.c
[20:52:09] [spechunter] [Read] /home/yzs/riscv/freebsd-src/sys/riscv/riscv/pmap.c
[20:52:09] [spechunter] [Read] /home/yzs/riscv/freebsd-src/sys/riscv/vmm/vmm_riscv.c
[20:52:17] [spechunter] [TodoWrite] 5 items
[20:52:17] [spechunter] [Read] /home/yzs/riscv/freebsd-src/sys/riscv/vmm/vmm_riscv.c
[20:52:17] [spechunter] [Read] /home/yzs/riscv/freebsd-src/sys/riscv/vmm/vmm_switch.S
[20:52:17] [spechunter] [Read] /home/yzs/riscv/freebsd-src/sys/riscv/vmm/vmm_fence.c
[20:52:17] [spechunter] [Read] /home/yzs/riscv/freebsd-src/sys/riscv/include/cpufunc.h
[20:52:21] [spechunter] [Read] /home/yzs/riscv/freebsd-src/sys/riscv/vmm/vmm_fence.c
[20:52:21] [spechunter] [Read] /home/yzs/riscv/freebsd-src/sys/riscv/vmm/vmm_riscv.c
[20:52:57] [spechunter] [text] Let me also check the existing audit file and the SBI fence code
[20:52:57] [spechunter] [Read] /home/yzs/riscv/freebsd-src/Zihpd_fence_hpd_audit.json
[20:52:57] [spechunter] [Read] /home/yzs/riscv/freebsd-src/sys/riscv/riscv/sbi.c
[20:53:43] [spechunter] [text] Let me check the remaining satp write locations in init.c and kasan_init.c.  
[20:53:43] [spechunter] [Read] /home/yzs/riscv/linux/arch/riscv/mm/init.c
[20:53:43] [spechunter] [Read] /home/yzs/riscv/linux/arch/riscv/mm/init.c
[20:53:43] [spechunter] [Read] /home/yzs/riscv/linux/arch/riscv/mm/kasan_init.c
[20:54:27] [spechunter] [text] Now I have a comprehensive picture. Let me also search for any existing `fence` instruction definitions to confirm the a...
[20:54:27] [spechunter] [Grep] pattern='fence\\.hpd|FENCE_HPD|fence_hpd'
[20:54:27] [spechunter] [Grep] pattern='Zihpd|Zifencehpd|hpd|HPD'
[20:54:27] [spechunter] [Grep] pattern='FENCE_I|SFENCE_VMA|fence\\.i|hfence\\.gvma|hfence\\.vvma'
[20:55:12] [spechunter] [text] Now I have all the information needed. Let me produce the complete audit.  ```json {   "findings": [     {       "file_p...
[20:55:40] [spechunter] [Grep] pattern='INVALID_INSTR|SelImm.INVALID'
[20:55:40] [spechunter] [Grep] pattern='SelImm.INVALID_INSTR|decode.*default|XDecode.*default'
[20:56:49] [spechunter] [text] Now I have all the information needed. Let me finalize the analysis.  
[20:56:49] [spechunter] [TodoWrite] 5 items
[20:58:01] [spechunter] [text] Now I have all the information needed to produce the final audit. Here is the analysis:  ```json {   "findings": [     {...
[21:01:51] [spechunter] [Grep] pattern='zihpd|Zihpd|ZIHPD|zifencehpd|Zifencehpd|ZIFENCEHPD'
[21:01:51] [spechunter] [Grep] pattern='fence_hpd|FENCE_HPD|hfence\\.pd|HFENCE\\.PD|HPD'
[21:03:37] [spechunter] [text] Now I have comprehensive understanding of all the code. Let me verify one final detail about the old CSR module's active...
[21:03:37] [spechunter] [Grep] pattern='SPELP|spelp|bit 23|bit 24|SDT.*24|TSR.*23|TSR.*bit'
[21:03:37] [spechunter] [Read] /home/yzs/riscv/rv-isa-sec/spec_ref/riscv-isa-manual/src/priv/machine.adoc
