[10:25:41] [spechunter] PR loaded: #169 riscv-non-isa/riscv-iopmp — "Move instruction fetch permission to baseline specification"
[10:25:41] [spechunter]   diff: 41362 chars  body: 436 chars  reviews: 1
[10:25:41] [spechunter] Global pre-filter running...
[10:25:48] [spechunter] [text] {"should_skip": false}
[10:25:50] [spechunter] pre-filter: should_skip=False reason=""
[10:26:00] [spechunter] [Grep] pattern='iopmp'
[10:26:04] [spechunter] [text] {"should_skip": true, "skip_reason": "IOPMP (IO Physical Memory Protection) spec changes affect I/O device memory access...
[10:26:10] [spechunter] [text] {"should_skip": true, "skip_reason": "IOPMP is a hardware I/O memory protection spec not currently supported by FreeBSD'...
[10:26:12] [spechunter] [text] {"should_skip": true, "skip_reason": "QEMU does not implement IOPMP (I/O Physical Memory Protection); this is a separate...
[10:26:13] [spechunter] [text] {"should_skip": true, "skip_reason": "IOPMP (IO Physical Memory Protection) is a platform-level IOMMU-like component for...
[10:26:14] [spechunter] [text] {"should_skip": false}
[10:27:03] [spechunter] [text] ```json {   "violation_condition": "Linux kernel or M-mode firmware constructs ENTRY_CFG values without explicitly setti...
[10:27:18] [spechunter] [TodoWrite] 4 items
[10:27:19] [spechunter] [Grep] pattern='ENTRY_CFG'
[10:27:19] [spechunter] [Grep] pattern='SRCMD_X'
[10:27:19] [spechunter] [Grep] pattern='SRCMD_PERM'
[10:27:19] [spechunter] [Grep] pattern='HWCFG2'
[10:27:27] [spechunter] [Grep] pattern='IOPMP|iopmp|ENTRY_CFG|SRCMD'
[10:27:27] [spechunter] [Grep] pattern='ENTRY_CFG|SRCMD|entry_cfg|srcmd'
[10:27:27] [spechunter] [Grep] pattern='chk_x|chkx|HWCFG2'
[10:27:41] [spechunter] [Grep] pattern='entry_cfg|ENTRY_CFG'
[10:27:41] [spechunter] [Grep] pattern='sps|iopmp'
[10:27:41] [spechunter] [Grep] pattern='chk_x|chk_r|chk_w'
[10:27:41] [spechunter] [Grep] pattern='SRCMD'
[10:27:49] [spechunter] [Grep] pattern='iopmp|IOPMP'
[10:27:49] [spechunter] [Grep] pattern='riscv.*pmp|pmp.*riscv|RISCV_PMP|sbi.*pmp|pmp.*sbi'
[10:27:49] [spechunter] [Glob] **/iopmp*
[10:27:49] [spechunter] [Glob] **/pmp*
[10:28:00] [spechunter] [Grep] pattern='iopmp'
[10:28:00] [spechunter] [Grep] pattern='ENTRY_CFG|SRCMD_X|SRCMD_PERM|chk_x'
[10:28:00] [spechunter] [Grep] pattern='ENTRY_CFG|SRCMD_X|SRCMD_PERM|chk_x'
[10:28:00] [spechunter] [Grep] pattern='ENTRY_CFG|SRCMD_X|SRCMD_PERM|chk_x'
[10:28:02] [spechunter] [Glob] **/pmp*
[10:28:02] [spechunter] [Glob] **/pmp*
[10:28:02] [spechunter] [Grep] pattern='pmp|PMP'
[10:28:02] [spechunter] [Grep] pattern='iopmp|IOPMP'
[10:28:18] [spechunter] [Grep] pattern='iopmp|sps_entry|sps_srcmd|srmcd|entry_cfg'
[10:28:18] [spechunter] [Grep] pattern='iopmp|sps_entry|sps_srcmd'
[10:28:18] [spechunter] [Grep] pattern='iopmp|sps_entry|sps_srcmd'
[10:28:18] [spechunter] [Glob] arch/riscv/**/*iopmp*
[10:28:28] [spechunter] [Grep] pattern='iopmp'
[10:28:28] [spechunter] [Grep] pattern='iopmp'
[10:28:28] [spechunter] [Grep] pattern='iopmp'
[10:28:29] [spechunter] [Read] /home/yzs/riscv/linux/arch/riscv/include/asm/csr.h
[10:28:29] [spechunter] [Read] /home/yzs/riscv/linux/drivers/clk/thead/clk-th1520-ap.c
[10:28:29] [spechunter] [Read] /home/yzs/riscv/linux/include/dt-bindings/clock/thead,th1520-clk-ap.h
[10:28:48] [spechunter] [text] ```json {   "locations": [] } ```  **Summary**: No references to any of the affected entities (`ENTRY_CFG`, `ENTRY_CFG.x...
[10:29:29] [spechunter] [text] Now let me search for semantically related code — PMP configuration, SBI calls related to memory protection, and any fir...
[10:29:29] [spechunter] [Grep] pattern='PMP_R|PMP_W|PMP_X|PMP_A|PMP_L'
[10:29:29] [spechunter] [Grep] pattern='pmp_set|pmpcfg|__pmp|set_pmp|write_pmp'
[10:29:29] [spechunter] [Grep] pattern='SBI_EXT_IOPMP|sbi_iopmp|iopmp_sbi'
[10:29:35] [spechunter] [Read] /home/yzs/riscv/linux/arch/riscv/kernel/head.S
[10:29:35] [spechunter] [Grep] pattern='pmp|PMP|cpu_pm|suspend|resume|mseccfg|SECCFG'
[10:29:43] [spechunter] [TodoWrite] 4 items
[10:29:49] [spechunter] [text] Now let me read the semantically related files — suspend, hibernate, and KVM paths that save/restore CSR state.  
[10:29:49] [spechunter] [Read] /home/yzs/riscv/linux/arch/riscv/kernel/suspend.c
[10:29:49] [spechunter] [Read] /home/yzs/riscv/linux/arch/riscv/kernel/suspend_entry.S
[10:29:49] [spechunter] [Read] /home/yzs/riscv/linux/arch/riscv/kernel/hibernate.c
[10:29:49] [spechunter] [Read] /home/yzs/riscv/linux/arch/riscv/kernel/hibernate-asm.S
[10:30:01] [spechunter] [Read] /home/yzs/riscv/linux/arch/riscv/kvm/vcpu_switch.S
[10:30:01] [spechunter] [Read] /home/yzs/riscv/linux/arch/riscv/include/asm/suspend.h
[10:30:16] [spechunter] [Read] /home/yzs/riscv/linux/arch/riscv/include/asm/assembler.h
[10:30:16] [spechunter] [Grep] pattern='iopmp|IOPMP|ENTRY_CFG|SRCMD|srcmd_reduction'
[10:30:16] [spechunter] [Grep] pattern='csr.*entry_cfg|csr.*ENTRY_CFG|mentry|MENTRY'
[10:30:41] [spechunter] [Grep] pattern='iopmp|IOPMP|sps.*permission|srcmd'
[10:30:41] [spechunter] [Grep] pattern='iopmp|IOPMP'
[10:30:41] [spechunter] [Grep] pattern='iopmp'
[10:31:21] [spechunter] [Read] /home/yzs/riscv/linux/include/dt-bindings/reset/thead,th1520-reset.h
[10:31:21] [spechunter] [Grep] pattern='pmp_set|pmpcfg_write|pmpaddr|__pmp_set|set_pmp_entry|pmp_entry'
[10:32:07] [spechunter] [text] Let me search more thoroughly for any IOPMP driver code, related firmware headers, and DT bindings.  
[10:32:07] [spechunter] [Grep] pattern='iopmp|IOPMP'
[10:32:07] [spechunter] [Grep] pattern='riscv.*iopmp|iopmp.*compatible|thead.*iopmp'
[10:32:07] [spechunter] [Glob] **/Documentation/**/iopmp*
[10:32:07] [spechunter] [Glob] **/Documentation/**/*pm*protection*
[10:32:52] [spechunter] [text] Prompt is too long
[10:33:13] [spechunter] [Grep] pattern='iopmp|IOPMP|sps|SRCMD'
[10:33:13] [spechunter] [Glob] **/iopmp*
[10:33:13] [spechunter] [Glob] **/sps*
[10:33:27] [spechunter] [Grep] pattern='iopmp|IOPMP'
[10:33:27] [spechunter] [Grep] pattern='SRCMD'
[10:33:27] [spechunter] [Grep] pattern='instruction.fetch|instruction.fetch.permission|fetch.permission'
[10:33:45] [spechunter] [text] Both the fast-path and slow-path location sets are empty. I've independently searched the tree for IOPMP, SPS, SRCMD, an...
[10:33:58] [spechunter] [text] I'll start by finding and reading the relevant code locations related to IOPMP ENTRY_CFG.  
[10:33:58] [spechunter] [Grep] pattern='ENTRY_CFG'
[10:33:58] [spechunter] [Grep] pattern='iopmp'
[10:34:09] [spechunter] [Grep] pattern='iopmp|IOPMP'
[10:34:09] [spechunter] [Grep] pattern='ENTRY_CFG|entry_cfg|entry_cfg'
[10:34:09] [spechunter] [Grep] pattern='iopmp|IOPMP'
[10:34:23] [spechunter] [text] The ENTRY_CFG hits are in the freescale DPAA2 switch driver, which is unrelated to IOPMP. Let me verify the code locatio...
[10:34:23] [spechunter] [Grep] pattern='entry_cfg'
[10:34:23] [spechunter] [Grep] pattern='iopmp|IOPMP'
[10:34:23] [spechunter] [Glob] **/iopmp/**
[10:34:37] [spechunter] [text] Let me do one more thorough search to ensure no IOPMP driver or entry configuration code exists in this tree.  
[10:34:37] [spechunter] [Grep] pattern='iopmp|IOPMP'
[10:34:37] [spechunter] [Grep] pattern='ENTRY_CFG|entry_cfg'
[10:34:37] [spechunter] [Glob] **/iopmp*
[10:35:24] [spechunter] [text] Here is my analysis based on thorough code review of this kernel tree (Linux 7.0-rc5).  **Summary of investigation:**  1...
[23:49:57] [spechunter] PR loaded: #169 riscv-non-isa/riscv-iopmp — "Move instruction fetch permission to baseline specification"
[23:49:57] [spechunter]   diff: 41362 chars  body: 436 chars  reviews: 1
[23:49:57] [spechunter] Global pre-filter running...
[23:50:07] [spechunter] [text] {"should_skip": false}
[23:50:10] [spechunter] pre-filter: should_skip=False reason=""
[23:50:24] [spechunter] [text] {"should_skip": true, "skip_reason": "IOPMP (I/O Physical Memory Protection) is a hardware IP block for I/O device memor...
[23:50:30] [spechunter] [text] {"should_skip": true, "skip_reason": "IOPMP is a hardware I/O PMP spec not currently supported by FreeBSD; the PR only r...
[23:50:30] [spechunter] [text] ```json {"should_skip": false} ```
[23:50:38] [spechunter] [text] {"should_skip": true, "skip_reason": "IOPMP is a non-ISA hardware spec for I/O memory protection; these changes to instr...
[23:50:43] [spechunter] [text] ```json {"should_skip": true, "skip_reason": "IOPMP (I/O Physical Memory Protection) is a hardware-level bus-master prot...
[23:51:19] [spechunter] [text] ```json {   "violation_condition": "IOPMP hardware checker RTL implemented against the pre-PR spec where instruction fet...
[23:51:47] [spechunter] [TodoWrite] 5 items
[23:51:59] [spechunter] [Grep] pattern='HWCFG2|hwcfg2|Hwcfg2'
[23:51:59] [spechunter] [Grep] pattern='ENTRY_CFG|entry_cfg|EntryCfg'
[23:51:59] [spechunter] [Grep] pattern='ERR_INFO|err_info|ErrInfo'
[23:51:59] [spechunter] [Grep] pattern='chk_x|SRCMD_X|fetch.*permission|inst.*fetch.*check'
[23:52:12] [spechunter] [Agent] description, prompt
[23:52:12] [spechunter] [Agent] description, prompt
[23:52:16] [spechunter] [Grep] pattern='IOPMP|iopmp|IoPmp'
[23:52:16] [spechunter] [Grep] pattern='SPS|sps|srcmd|SRCMD'
[23:52:16] [spechunter] [Grep] pattern='chk_x|chkX|CHK_X'
[23:52:16] [spechunter] [Glob] **/iopmp/**/*.scala
[23:52:37] [spechunter] [Grep] pattern='HWCFG2|hwcfg2|Hwcfg2'
[23:52:37] [spechunter] [Grep] pattern='ENTRY_CFG|entry_cfg|EntryCfg'
[23:52:37] [spechunter] [Grep] pattern='ERR_INFO|err_info|ErrInfo'
[23:52:37] [spechunter] [Grep] pattern='chk_x|chkX|CHK_X|SRCMD_X|srcmd_x|chk_r|chk_w|CHK_R|CHK_W'
[23:52:37] [spechunter] [Glob] **/*.scala
[23:52:49] [spechunter] [Grep] pattern='chk_x|chkX|chk_x_'
[23:52:49] [spechunter] [Grep] pattern='HWCFG2|hwcfg2|hw_cfg2'
[23:52:49] [spechunter] [Grep] pattern='bit\\s+26|\\[26\\]'
[23:52:49] [spechunter] [Grep] pattern='inst_fetch|instruction\\.fetch|fetch_check'
[23:52:49] [spechunter] [Grep] pattern='no_x|SRCMD_X|SRCMD_XH'
[23:52:50] [spechunter] [Grep] pattern='ttype|etype|ERR|err_info'
[23:52:50] [spechunter] [Read] /home/yzs/riscv/XiangShan/ChiselIOPMP/src/main/scala/IopmpChecker.scala
[23:52:50] [spechunter] [Read] /home/yzs/riscv/XiangShan/ChiselIOPMP/src/main/scala/IopmpChecker.scala
[23:52:59] [spechunter] [Glob] **/*iopmp*
[23:52:59] [spechunter] [Glob] **/*IOPMP*
[23:52:59] [spechunter] [Glob] **/*pmp*
[23:52:59] [spechunter] [Glob] **/*sps*
[23:52:59] [spechunter] [Glob] **/*srcmd*
[23:52:59] [spechunter] [Glob] **/*srcmd*
[23:52:59] [spechunter] [Glob] **/*hwcfg*
[23:53:07] [spechunter] [Read] /home/yzs/riscv/XiangShan/ChiselIOPMP/src/main/scala/IopmpChecker.scala
[23:53:07] [spechunter] [Read] /home/yzs/riscv/XiangShan/ChiselIOPMP/src/main/scala/IopmpChecker.scala
[23:53:07] [spechunter] [Read] /home/yzs/riscv/XiangShan/ChiselIOPMP/src/main/scala/IopmpChecker.scala
[23:53:07] [spechunter] [Read] /home/yzs/riscv/XiangShan/ChiselIOPMP/src/main/scala/IopmpChecker.scala
[23:53:13] [spechunter] [Grep] pattern='bit\\s+26|bit26'
[23:53:13] [spechunter] [Grep] pattern='SRCMD_X|SRCMD_XH|srcmd_x'
[23:53:13] [spechunter] [Grep] pattern='inst_fetch|instruction.fetch|fetch_check'
[23:53:13] [spechunter] [Grep] pattern='chkX|chk_x|CHK_X'
[23:53:13] [spechunter] [Grep] pattern='hwcfg2|HWCFG2|hw_cfg2|HW_CFG2'
[23:53:16] [spechunter] [text] Now let me check for additional references in the other IOPMP files and also look for the `sps_en` / SPS references rela...
[23:53:16] [spechunter] [Grep] pattern='HWCFG|hwcfg|ENTRY_CFG|entry_cfg|ERR_INFO|err_info|ttype|etype|chk_x|SRCMD|srcmd'
[23:53:16] [spechunter] [Grep] pattern='HWCFG|hwcfg|ENTRY_CFG|entry_cfg|ERR_INFO|err_info|ttype|etype|chk_x|SRCMD|srcmd'
[23:53:21] [spechunter] [text] Now let me look for how `chk_x` and `no_x` are actually used in the access check logic, and also look at how instruction...
[23:53:21] [spechunter] [Grep] pattern='no_x|chk_x|o_reg_hwcfg0'
[23:53:21] [spechunter] [Read] /home/yzs/riscv/XiangShan/ChiselIOPMP/src/main/scala/IopmpChecker.scala
[23:53:28] [spechunter] [Read] /home/yzs/riscv/XiangShan/ChiselIOPMP/src/main/scala/IopmpChecker.scala
[23:53:28] [spechunter] [Grep] pattern='IopmpParams'
[23:53:28] [spechunter] [Grep] pattern='chk_x|no_x|no_w|stall_en|peis|pees|mfr_en|prient_prog|rrid_transl'
[23:53:33] [spechunter] [text] Let me also check if the main XiangShan core references IOPMP or has any related CSR/instruction-fetch permission logic....
[23:53:33] [spechunter] [Grep] pattern='Iopmp|iopmp'
[23:53:33] [spechunter] [Grep] pattern='w_hit_x|x_hit|x_entry|chk_x|no_x'
[23:53:33] [spechunter] [Grep] pattern='EntryAttribute'
[23:53:34] [spechunter] [Glob] **/Iopmp.scala
[23:53:34] [spechunter] [Grep] pattern='object IopmpParams|class IopmpParams'
[23:53:41] [spechunter] [Read] /home/yzs/riscv/XiangShan/ChiselIOPMP/src/main/scala/IopmpChecker.scala
[23:53:41] [spechunter] [Read] /home/yzs/riscv/XiangShan/ChiselIOPMP/src/main/scala/IopmpBridge.scala
[23:53:42] [spechunter] [Glob] **/*.scala
[23:53:42] [spechunter] [Glob] **/*.v
[23:53:42] [spechunter] [Glob] **/*.sv
[23:53:42] [spechunter] [Grep] pattern='class\\s+.*[Ii][Oo][Pp][Mm][Pp]'
[23:53:42] [spechunter] [Grep] pattern='module\\s+.*[Ii][Oo][Pp][Mm][Pp]'
[23:53:42] [spechunter] [Bash] List top-level ChiselIOPMP directory
[23:53:49] [spechunter] [Read] /home/yzs/riscv/XiangShan/ChiselIOPMP/src/main/scala/IopmpChecker.scala
[23:53:49] [spechunter] [Read] /home/yzs/riscv/XiangShan/ChiselIOPMP/src/main/scala/IopmpChecker.scala
[23:53:55] [spechunter] [Read] /home/yzs/riscv/XiangShan/ChiselIOPMP/src/main/scala/IopmpChecker.scala
[23:53:55] [spechunter] [Grep] pattern='chk_x|no_x|chkX|no_x'
[23:53:55] [spechunter] [Grep] pattern='SRCMD'
[23:53:55] [spechunter] [Grep] pattern='hwcfg0|HWCFG0|RegHwcfg0'
[23:54:08] [spechunter] [text] Now let me also check the findings JSON files for additional context on HWCFG2
[23:54:08] [spechunter] [Read] /home/yzs/riscv/XiangShan/iopmp_hwcfg_v081_findings.json
[23:54:08] [spechunter] [Read] /home/yzs/riscv/XiangShan/iopmp_hwcfg_reorg_findings.json
[23:54:08] [spechunter] [Read] /home/yzs/riscv/XiangShan/hwcfg2_bit_reassignment_findings.json
[23:54:15] [spechunter] [Read] /home/yzs/riscv/XiangShan/hwcfg2_bit_reassignment_findings.json
[23:54:15] [spechunter] [Read] /home/yzs/riscv/XiangShan/iopmp_hwcfg_v081_findings.json
[23:54:15] [spechunter] [Read] /home/yzs/riscv/XiangShan/errcfg_stall_violation_en_findings.json
[23:54:15] [spechunter] [Grep] pattern='IopmpChecker|IopmpBridge|Iopmp'
[23:54:18] [spechunter] [Glob] **/*
[23:54:18] [spechunter] [Grep] pattern='HWCFG2|hwcfg2|Hwcfg2'
[23:54:18] [spechunter] [Grep] pattern='SPS|sps'
[23:54:18] [spechunter] [Grep] pattern='SRCMD|SrcMd|srcmd|src_md'
[23:54:18] [spechunter] [Grep] pattern='HWCFG2|hwcfg2|Hwcfg2'
[23:54:18] [spechunter] [Glob] **/*hwcfg*.*
[23:54:41] [spechunter] [Read] /home/yzs/riscv/XiangShan/ChiselIOPMP/src/main/scala/Iopmp.scala
[23:54:41] [spechunter] [Grep] pattern='chk_x|no_x|no_w|stall_en|peis|pees|prient_prog|rrid_transl|hwcfg|HWCFG'
[23:54:41] [spechunter] [Read] /home/yzs/riscv/XiangShan/src/test/scala/top/SimMMIO.scala
[23:54:45] [spechunter] [Grep] pattern='IOPMP|iopmp|Iopmp'
[23:54:45] [spechunter] [Read] /home/yzs/riscv/XiangShan/ChiselIOPMP/src/main/scala/IopmpChecker.scala
[23:54:45] [spechunter] [Read] /home/yzs/riscv/XiangShan/ChiselIOPMP/src/main/scala/Iopmp.scala
[23:54:45] [spechunter] [Read] /home/yzs/riscv/XiangShan/ChiselIOPMP/src/main/scala/IopmpBridge.scala
[23:54:45] [spechunter] [Read] /home/yzs/riscv/XiangShan/ChiselIOPMP/README.md
[23:54:53] [spechunter] [Grep] pattern='chk_x|no_x|no_w|stall_en|peis|pees|prient_prog|rrid_transl|hwcfg|HWCFG|Iopmp'
[23:54:53] [spechunter] [Grep] pattern='Iopmp'
[23:54:58] [spechunter] [text] Now I have a comprehensive picture. Here are all the references found across the codebase.  ```json {   "locations": [  ...
[23:55:29] [spechunter] [Glob] **/utility/**
[23:55:29] [spechunter] [Grep] pattern='import iopmp'
[23:55:29] [spechunter] [Grep] pattern='LazyModule\\(new Iopmp'
[23:55:29] [spechunter] [Read] /home/yzs/riscv/XiangShan/ChiselIOPMP/src/main/scala/IopmpChecker.scala
[23:55:29] [spechunter] [Read] /home/yzs/riscv/XiangShan/ChiselIOPMP/src/main/scala/IopmpChecker.scala
[23:55:56] [spechunter] [Read] /home/yzs/riscv/XiangShan/ChiselIOPMP/build.sc
[23:55:56] [spechunter] [Read] /home/yzs/riscv/XiangShan/ChiselIOPMP/Makefile
[23:55:56] [spechunter] [Bash] List ChiselIOPMP utility directory
[23:55:56] [spechunter] [Bash] List ChiselIOPMP rocket-chip directory
[23:55:56] [spechunter] [Read] /home/yzs/riscv/XiangShan/ChiselIOPMP/.gitmodules
[23:55:56] [spechunter] [Grep] pattern='IOPMP|iopmp|Iopmp'
[23:56:19] [spechunter] [Grep] pattern='^(class |object |// )'
[23:56:19] [spechunter] [Read] /home/yzs/riscv/XiangShan/src/test/scala/top/SimMMIO.scala
[23:56:19] [spechunter] [Read] /home/yzs/riscv/XiangShan/ChiselIOPMP/src/main/scala/IopmpChecker.scala
[23:56:19] [spechunter] [Read] /home/yzs/riscv/XiangShan/ChiselIOPMP/src/main/scala/IopmpChecker.scala
[23:56:19] [spechunter] [Read] /home/yzs/riscv/XiangShan/ChiselIOPMP/src/main/scala/IopmpChecker.scala
[23:56:19] [spechunter] [Read] /home/yzs/riscv/XiangShan/ChiselIOPMP/src/main/scala/IopmpChecker.scala
[23:56:19] [spechunter] [Read] /home/yzs/riscv/XiangShan/ChiselIOPMP/src/main/scala/IopmpChecker.scala
[23:57:14] [spechunter] [Read] /home/yzs/riscv/XiangShan/ChiselIOPMP/src/main/scala/Iopmp.scala
[23:57:14] [spechunter] [Read] /home/yzs/riscv/XiangShan/ChiselIOPMP/src/main/scala/IopmpChecker.scala
[23:57:29] [spechunter] [Grep] pattern='IOPMP|iopmp|Iopmp'
[23:57:29] [spechunter] [Read] /home/yzs/riscv/XiangShan/ChiselIOPMP/src/main/scala/IopmpChecker.scala
[23:57:29] [spechunter] [Read] /home/yzs/riscv/XiangShan/ChiselIOPMP/src/main/scala/IopmpChecker.scala
[23:58:45] [spechunter] [TodoWrite] 5 items
[23:59:09] [spechunter] [text] Let me now read the critical sections of the checker to trace the x-permission datapath end-to-end
[23:59:09] [spechunter] [Read] /home/yzs/riscv/XiangShan/ChiselIOPMP/src/main/scala/IopmpChecker.scala
[23:59:09] [spechunter] [Read] /home/yzs/riscv/XiangShan/ChiselIOPMP/src/main/scala/IopmpChecker.scala
[23:59:09] [spechunter] [Read] /home/yzs/riscv/XiangShan/ChiselIOPMP/src/main/scala/IopmpChecker.scala
[23:59:29] [spechunter] [text] Now let me trace the x-permission checking datapath and Ctrl FSM  
[23:59:29] [spechunter] [Read] /home/yzs/riscv/XiangShan/ChiselIOPMP/src/main/scala/IopmpChecker.scala
[23:59:29] [spechunter] [Read] /home/yzs/riscv/XiangShan/ChiselIOPMP/src/main/scala/IopmpChecker.scala
[23:59:35] [spechunter] [Read] /home/yzs/riscv/XiangShan/ChiselIOPMP/src/main/scala/IopmpChecker.scala
[00:01:15] [spechunter] [text] Now let me read the critical state machine matching logic more carefully and check for any x-permission gating
[00:01:15] [spechunter] [Read] /home/yzs/riscv/XiangShan/ChiselIOPMP/src/main/scala/IopmpChecker.scala
[00:01:15] [spechunter] [Read] /home/yzs/riscv/XiangShan/ChiselIOPMP/src/main/scala/IopmpChecker.scala
[00:04:06] [spechunter] [text] Let me also check how the EntryTable maps SRAM data to the EntryAttribute Bundle on port B  
[00:04:06] [spechunter] [Read] /home/yzs/riscv/XiangShan/ChiselIOPMP/src/main/scala/IopmpChecker.scala
[00:04:06] [spechunter] [Read] /home/yzs/riscv/XiangShan/ChiselIOPMP/src/main/scala/IopmpChecker.scala
[00:05:25] [spechunter] [TodoWrite] 5 items
[00:06:26] [spechunter] [text] Now let me also verify there are no SPS or SRCMD_X related files I might have missed  
[00:06:26] [spechunter] [Grep] pattern='SRCMD_X|srcmd_x|sps_ext|SPS_EXT|SpsExt'
[00:06:26] [spechunter] [Grep] pattern='entry_attribute\\.x|entry_attribute\\.sexe|entry_attribute\\.sixe'
[00:07:00] [spechunter] [text] Let me also check how `entry_attribute.x` is used (or not used) in the Ctrl matching logic
[00:07:00] [spechunter] [Grep] pattern='entry_attribute'
[00:07:00] [spechunter] [Grep] pattern='chk_x|no_x'
[00:08:28] [spechunter] [text] Now I have a complete picture. Let me compile the findings into the JSON report
[00:08:28] [spechunter] [Write] /home/yzs/riscv/XiangShan/iopmp_chk_x_baseline_findings.json
[00:08:49] [spechunter] [Bash] Validate JSON syntax
[00:08:52] [spechunter] [text] Let me also cross-reference with the existing audit files for completeness
[00:08:52] [spechunter] [Read] /home/yzs/riscv/XiangShan/hwcfg2_bit_reassignment_findings.json
[00:09:20] [spechunter] [TodoWrite] 5 items
[00:09:39] [spechunter] [text] Done. The report has been written to `iopmp_chk_x_baseline_findings.json` with 19 locations across 2 files.  ## Executiv...
[00:09:53] [spechunter] [text] Let me read the actual source file to cross-validate the fast-path locations against the code.  
[00:09:53] [spechunter] [Read] /home/yzs/riscv/XiangShan/ChiselIOPMP/src/main/scala/IopmpChecker.scala
[00:10:54] [spechunter] [text] Let me also check for other relevant files that might be related to the SRCMD_X/SRCMD_XH registers mentioned in the PR
[00:10:54] [spechunter] [Grep] pattern='SRCMD_X|srcmd_x|sps_en|chk_x|no_x'
[00:10:54] [spechunter] [Glob] ChiselIOPMP/src/main/scala/**/*.scala
[00:11:00] [spechunter] [text] Let me check for any SRCMD register definitions and the SPS extension code.  
[00:11:00] [spechunter] [Read] /home/yzs/riscv/XiangShan/ChiselIOPMP/src/main/scala/Iopmp.scala
[00:11:00] [spechunter] [Grep] pattern='SRCMD|srcmd|sps|SPS'
[00:11:28] [spechunter] [text] Now let me also check for any `SRCMD_X` or `SRCMD_XH` related code, as mentioned in the PR description  
[00:11:28] [spechunter] [Grep] pattern='SRCMD_X|SRCMD_XH|srcmd_x|srcmd_xh'
[00:13:20] [spechunter] [text] Now I have a thorough understanding of the code. Let me produce the cross-validated, deduplicated, and ranked location s...
[00:13:20] [spechunter] [Write] /home/yzs/riscv/XiangShan/iopmp_chk_x_baseline_locations.json
[00:13:42] [spechunter] [text] Cross-validation complete. Here's the summary:  **22 fast-path locations → 18 validated + 7 removed + 2 newly discovered...
[00:14:04] [spechunter] [Agent] description, prompt
[00:14:26] [spechunter] [Glob] **/*iopmp*
[00:14:26] [spechunter] [Glob] **/*IOPMP*
[00:14:26] [spechunter] [Grep] pattern='chk_x'
[00:14:26] [spechunter] [Grep] pattern='HWCFG2.*26|HWCFG2.*0x04000000|bit.*26.*HWCFG2|hwcfg2.*26'
[00:14:26] [spechunter] [Grep] pattern='chk_x'
[00:14:42] [spechunter] [Read] /home/yzs/riscv/XiangShan/ChiselIOPMP/src/main/scala/IopmpChecker.scala
[00:14:42] [spechunter] [Glob] ChiselIOPMP/**/*.scala
[00:14:42] [spechunter] [Grep] pattern='IOPMP'
[00:14:42] [spechunter] [Grep] pattern='hwcfg2|HWCFG2'
[00:14:55] [spechunter] [Read] /home/yzs/riscv/XiangShan/ChiselIOPMP/src/main/scala/Iopmp.scala
[00:14:55] [spechunter] [Read] /home/yzs/riscv/XiangShan/ChiselIOPMP/src/main/scala/IopmpBridge.scala
[00:14:55] [spechunter] [Glob] ChiselIOPMP/**/*.v
[00:14:55] [spechunter] [Grep] pattern='chk_x'
[00:14:55] [spechunter] [Read] /home/yzs/riscv/XiangShan/iopmp_chk_x_baseline_findings.json
[00:14:55] [spechunter] [Read] /home/yzs/riscv/XiangShan/iopmp_chk_x_baseline_locations.json
[00:15:19] [spechunter] [Glob] ChiselIOPMP/build/**/*.v
[00:15:19] [spechunter] [Grep] pattern='ChiselIOPMP|IopmpChecker|IopmpLazy'
[00:15:19] [spechunter] [Grep] pattern='hwcfg2|HWCFG2|HWCFG0|hwcfg0|prio_entry|rrid_transl'
[00:15:19] [spechunter] [Grep] pattern='x|sixe|sexe|no_x|check_fail|cf_'
[00:15:19] [spechunter] [Read] /home/yzs/riscv/XiangShan/iopmp_hwcfg_v081_findings.json
[00:15:35] [spechunter] [Read] /home/yzs/riscv/XiangShan/src/test/scala/top/SimMMIO.scala
[00:15:35] [spechunter] [Grep] pattern='iopmp|Iopmp|IOPMP'
[00:15:35] [spechunter] [Grep] pattern='\\.x\\b|sixe|sexe|instruction.fetch|fetch|cf_x|check.*x'
[00:15:35] [spechunter] [Grep] pattern='sMatching'
[00:17:16] [spechunter] [text] Let me verify the key RTL locations directly.  
[00:17:16] [spechunter] [Read] /home/yzs/riscv/XiangShan/ChiselIOPMP/src/main/scala/IopmpChecker.scala
[00:17:16] [spechunter] [Read] /home/yzs/riscv/XiangShan/ChiselIOPMP/src/main/scala/IopmpChecker.scala
[00:17:16] [spechunter] [Read] /home/yzs/riscv/XiangShan/ChiselIOPMP/src/main/scala/IopmpChecker.scala
[00:17:24] [spechunter] [Read] /home/yzs/riscv/XiangShan/ChiselIOPMP/src/main/scala/IopmpChecker.scala
[00:17:24] [spechunter] [Read] /home/yzs/riscv/XiangShan/ChiselIOPMP/src/main/scala/IopmpChecker.scala
[00:17:24] [spechunter] [Read] /home/yzs/riscv/XiangShan/ChiselIOPMP/src/main/scala/IopmpChecker.scala
[00:17:36] [spechunter] [text] Now let me check the spec reference for the IOPMP HWCFG2 layout to confirm what the post-PR spec says about chk_x
[00:17:36] [spechunter] [Glob] **/*iopmp*
[00:17:36] [spechunter] [Glob] **/*IOPMP*
[00:17:46] [spechunter] [Grep] pattern='chk_x|HWCFG2|hwcfg2'
[00:18:13] [spechunter] [Grep] pattern='hwcfg|chk|instruction.fetch|fetch|inst_fetch|HWCFG|x_perm|no_x|cf_x|sixe|sexe|ttype'
[00:18:29] [spechunter] [Read] /home/yzs/riscv/rv-isa-sec/spec_ref/riscv-iopmp/iopmp.adoc
[00:18:53] [spechunter] [Grep] pattern='chk_x|no_x|HWCFG2|chk|cf_x|sixe|sexe|fetch|CFG2|hwcfg2'
[00:18:53] [spechunter] [Grep] pattern='chk_x|fetch|cf_x|ttype|x_perm|inst'
[00:19:04] [spechunter] [Read] /home/yzs/riscv/rv-isa-sec/spec_ref/riscv-iopmp/iopmp_ref_model/include/iopmp_registers.h
[00:19:04] [spechunter] [Read] /home/yzs/riscv/rv-isa-sec/spec_ref/riscv-iopmp/iopmp_ref_model/include/iopmp_registers.h
[00:21:12] [spechunter] [text] Now let me check the spec reference model for ENTRY_CFG.x and the exact HWCFG3 layout to confirm the post-PR baseline re...
[00:21:12] [spechunter] [Read] /home/yzs/riscv/rv-isa-sec/spec_ref/riscv-iopmp/iopmp_ref_model/include/iopmp_registers.h
[00:21:12] [spechunter] [Read] /home/yzs/riscv/rv-isa-sec/spec_ref/riscv-iopmp/iopmp_ref_model/include/iopmp_registers.h
[00:23:30] [spechunter] [text] Now I have a complete picture. Let me produce the analysis.  The RTL at `IopmpChecker.scala` reveals the situation clear...
[00:23:30] [spechunter] [Write] /home/yzs/riscv/XiangShan/iopmp_hwcfg_chkx_postpr_findings.json
[00:24:35] [spechunter] [text] The audit is complete. Here is the final JSON result:  ```json {   "findings": [     {       "file_path": "ChiselIOPMP/s...
