[05:44:48] [spechunter] PR loaded: #148 riscv-non-isa/riscv-iopmp — "Merge spec reorg"
[05:44:48] [spechunter]   diff: 218130 chars  body: 1038 chars  reviews: 0
[05:44:48] [spechunter] Global pre-filter running...
[05:45:07] [spechunter] [text] {"should_skip": false}
[05:45:08] [spechunter] pre-filter: should_skip=False reason=""
[05:45:20] [spechunter] [text] {"should_skip": true, "skip_reason": "IOPMP (I/O PMP) is a hardware-level I/O memory protection spec, not implemented or...
[05:45:27] [spechunter] [text] {"should_skip": true, "skip_reason": "Pure spec reorganization (chapter restructuring, appendix consolidation) with no n...
[05:45:28] [spechunter] [text] {"should_skip": false}
[05:45:39] [spechunter] [text] {"should_skip": true, "skip_reason": "Spec document reorganization only — chapters restructured and HWCFG register layou...
[05:46:29] [spechunter] [text] ```json {   "violation_condition": "QEMU emulates the pre-reorg IOPMP register map (HWCFG0 at 0x0008 holding no_w[12], n...
[05:46:52] [spechunter] [Grep] pattern='HWCFG0'
[05:46:52] [spechunter] [Grep] pattern='HWCFG2'
[05:46:52] [spechunter] [Grep] pattern='HWCFG3'
[05:46:52] [spechunter] [Grep] pattern='ENTRYOFFSET'
[05:46:52] [spechunter] [Grep] pattern='no_w'
[05:46:52] [spechunter] [Grep] pattern='no_x'
[05:46:52] [spechunter] [Grep] pattern='chk_x'
[05:47:03] [spechunter] [Grep] pattern='iopmp|IOPMP'
[05:47:03] [spechunter] [Grep] pattern='HWCFG0|HWCFG2|HWCFG3|ENTRYOFFSET'
[05:47:03] [spechunter] [Grep] pattern='no_w|no_x|chk_x'
[05:47:07] [spechunter] [text] {"should_skip": false}
[05:47:13] [spechunter] [Grep] pattern='iopmp|IOPMP'
[05:47:13] [spechunter] [Grep] pattern='ENTRYOFFSET|entryoffset|entry_offset'
[05:47:13] [spechunter] [Grep] pattern='hwcfg'
[05:47:13] [spechunter] [Grep] pattern='hwcfg'
[05:47:26] [spechunter] [Grep] pattern='iommu'
[05:47:26] [spechunter] [Glob] **/riscv*iopmp*
[05:47:26] [spechunter] [Glob] **/riscv*iommu*
[05:47:33] [spechunter] [Grep] pattern='iopmp|IOPMP|RISC-V IO PMP'
[05:47:33] [spechunter] [Grep] pattern='riscv.*iommu|riscv_iommu'
[05:47:33] [spechunter] [Grep] pattern='no_w|no_x|chk_x'
[05:47:52] [spechunter] [Grep] pattern='iopmp|IOPMP|io_pmp|io_pmp'
[05:47:52] [spechunter] [Grep] pattern='appendix_a1|appendix.a1'
[05:47:52] [spechunter] [Grep] pattern='IOMMU_PM|IOPM|entry_offset|ENTRY_OFFSET'
[05:48:03] [spechunter] [Grep] pattern='HWCFG|hwcfg|capability|CAPS'
[05:48:03] [spechunter] [Grep] pattern='HWCFG|hwcfg|capability|CAPS'
[05:48:03] [spechunter] [Grep] pattern='HWCFG|hwcfg|capability|CAPS'
[05:48:03] [spechunter] [Grep] pattern='no_w|no_x|chk|ENTRY|OFFSET'
[05:48:04] [spechunter] [text] ```json {   "violation_condition": "XiangShan RTL implements IOPMP HWCFG0/HWCFG2/HWCFG3 CSR registers with hardcoded bit...
[05:48:12] [spechunter] [Bash] Search git history for IOPMP references
[05:48:12] [spechunter] [Bash] Search git history for IO PMP references
[05:48:12] [spechunter] [Grep] pattern='riscv.*pmp|pmp.*riscv'
[05:48:20] [spechunter] [Grep] pattern='HWCFG0|hwcfg0'
[05:48:20] [spechunter] [Grep] pattern='HWCFG2|hwcfg2'
[05:48:20] [spechunter] [Grep] pattern='HWCFG3|hwcfg3'
[05:48:20] [spechunter] [Grep] pattern='ENTRY_CFG|entry_cfg'
[05:48:28] [spechunter] [Grep] pattern='REG_CAP|capabilities|CAPABILITIES'
[05:48:28] [spechunter] [Grep] pattern='REG_CAP|capabilities|CAPABILITIES'
[05:48:28] [spechunter] [Grep] pattern='REG_CAP|capabilities|CAPABILITIES'
[05:48:38] [spechunter] [Bash] Search for commits mentioning both PMP and IO
[05:48:38] [spechunter] [Bash] Search for IOPMP commits across all branches
[05:48:38] [spechunter] [Bash] List all branches
[05:48:42] [spechunter] [text] No matches in the Chisel source tree. Let me search more broadly across the entire repo.  
[05:48:42] [spechunter] [Grep] pattern='hwcfg0|HWCFG0'
[05:48:42] [spechunter] [Grep] pattern='hwcfg2|HWCFG2'
[05:48:42] [spechunter] [Grep] pattern='hwcfg3|HWCFG3'
[05:48:42] [spechunter] [Grep] pattern='entry_cfg|ENTRY_CFG'
[05:48:43] [spechunter] [Grep] pattern='RISCV_IOMMU_CAP|capabilities|CAP_'
[05:48:43] [spechunter] [Grep] pattern='cap|CAP'
[05:48:43] [spechunter] [Grep] pattern='iopmp|HWCFG|ENTRYOFFSET|no_w|no_x|chk_x'
[05:48:43] [spechunter] [Grep] pattern='iopmp|HWCFG|ENTRYOFFSET|no_w|no_x|chk_x'
[05:48:57] [spechunter] [TodoWrite] 5 items
[05:48:59] [spechunter] [text] Good, I found the key source file. Now let me read the actual RTL definitions in detail.  
[05:48:59] [spechunter] [Read] /home/yzs/riscv/XiangShan/ChiselIOPMP/src/main/scala/IopmpChecker.scala
[05:48:59] [spechunter] [Read] /home/yzs/riscv/XiangShan/ChiselIOPMP/src/main/scala/IopmpChecker.scala
[05:48:59] [spechunter] [Read] /home/yzs/riscv/XiangShan/ChiselIOPMP/src/main/scala/IopmpChecker.scala
[05:48:59] [spechunter] [Read] /home/yzs/riscv/XiangShan/ChiselIOPMP/src/main/scala/IopmpChecker.scala
[05:49:01] [spechunter] [Bash] Check if IOPMP files were ever added in git history
[05:49:01] [spechunter] [Grep] pattern='0x0008|0x0010|0x0014|0x002C'
[05:49:01] [spechunter] [Grep] pattern='hwcfg|HWCFG|Hwcfg'
[05:49:04] [spechunter] [text] Based on my exhaustive search across the entire QEMU tree, none of the targeted IOPMP-related entities exist in this cod...
[05:49:09] [spechunter] [text] Now let me check the IopmpParams file for the parameter definitions and the Ctrl module for HWCFG2/3 signal usage.  
[05:49:09] [spechunter] [Grep] pattern='mdcfg_fmt|srcmd_fmt|chk_x|no_w|no_x|peis|pees|stall_en|mfr_en|md_entry_num|sps_en|prient_prog'
[05:49:09] [spechunter] [Grep] pattern='RegHwcfg|o_reg_hwcfg|reg_hwcfg'
[05:49:12] [spechunter] [Glob] **/IopmpParams*
[05:49:12] [spechunter] [Glob] **/IopmpCtrl*
[05:49:17] [spechunter] [Read] /home/yzs/riscv/qemu/hw/riscv/riscv-iommu-bits.h
[05:49:17] [spechunter] [Read] /home/yzs/riscv/qemu/hw/riscv/riscv-iommu.h
[05:49:25] [spechunter] [Grep] pattern='object IopmpParams|class IopmpParams'
[05:49:25] [spechunter] [Grep] pattern='o_reg_hwcfg|IopmpParams'
[05:49:25] [spechunter] [Glob] ChiselIOPMP/src/main/scala/*.scala
[05:49:28] [spechunter] [Grep] pattern='entryoffset|entry_offset|ENTRYOFFSET'
[05:49:28] [spechunter] [Bash] Search for files ever added relating to IOPMP/IOMMU
[05:49:28] [spechunter] [Bash] Search for PMP-related commits excluding IOMMU
[05:49:41] [spechunter] [Read] /home/yzs/riscv/XiangShan/ChiselIOPMP/src/main/scala/IopmpChecker.scala
[05:49:41] [spechunter] [Grep] pattern='o_reg_hwcfg|reg_hwcfg|HWCFG|hwcfg'
[05:49:41] [spechunter] [Grep] pattern='o_reg_hwcfg|reg_hwcfg|HWCFG|hwcfg'
[05:49:50] [spechunter] [text] Now let me check the Ctrl module for HWCFG-related signals and confirm there's no HWCFG3 anywhere.  
[05:49:50] [spechunter] [Grep] pattern='o_reg_hwcfg|reg_hwcfg|hwcfg'
[05:49:50] [spechunter] [Grep] pattern='hwcfg'
[05:49:50] [spechunter] [Grep] pattern='hwcfg3|HWCFG3'
[05:49:53] [spechunter] [Bash] Search git history for IOPMP
[05:49:53] [spechunter] [Bash] Search for IO Physical Memory Protection in git
[05:49:53] [spechunter] [Grep] pattern='IOPMP|iopmp|io_pmp|HWCFG|hwcfg|entry_offset|entryoffset'
[05:50:09] [spechunter] [text] Let me also check the Ctrl module and the `Iopmp.scala` integration for HWCFG signal wiring.  
[05:50:09] [spechunter] [Grep] pattern='class Ctrl|o_reg_hwcfg|hwcfg0_enable|hwcfg0_no_w|hwcfg2_prio_entry|hwcfg1_rrid_num'
[05:50:09] [spechunter] [Read] /home/yzs/riscv/XiangShan/ChiselIOPMP/src/main/scala/Iopmp.scala
[05:50:13] [spechunter] [Agent] description, prompt
[05:50:13] [spechunter] [Agent] description, prompt
[05:50:13] [spechunter] [Glob] **/*iopmp*/**
[05:50:22] [spechunter] [Glob] **/*iopmp*
[05:50:22] [spechunter] [Glob] **/*IOPMP*
[05:50:22] [spechunter] [Grep] pattern='HWCFG0|HWCFG2|HWCFG3'
[05:50:22] [spechunter] [Grep] pattern='ENTRY_CFG'
[05:50:26] [spechunter] [Grep] pattern='class Ctrl'
[05:50:26] [spechunter] [Read] /home/yzs/riscv/XiangShan/ChiselIOPMP/src/main/scala/IopmpChecker.scala
[05:50:30] [spechunter] [Bash] Show diff for modified riscv-iommu.c
[05:50:30] [spechunter] [Bash] Recent commits modifying riscv-iommu.c
[05:50:31] [spechunter] [Glob] **/ChiselIOPMP/**
[05:50:31] [spechunter] [Grep] pattern='IOPMP|iopmp'
[05:50:31] [spechunter] [Bash] List top-level directory contents
[05:50:33] [spechunter] [text] Now let me see the Ctrl module where HWCFG signals are consumed.    
[05:50:33] [spechunter] [Read] /home/yzs/riscv/XiangShan/ChiselIOPMP/src/main/scala/IopmpChecker.scala
[05:50:38] [spechunter] [Read] /home/yzs/riscv/XiangShan/ChiselIOPMP/src/main/scala/IopmpChecker.scala
[05:50:51] [spechunter] [Read] /home/yzs/riscv/XiangShan/ChiselIOPMP/src/main/scala/Iopmp.scala
[05:50:51] [spechunter] [Read] /home/yzs/riscv/XiangShan/ChiselIOPMP/src/main/scala/IopmpChecker.scala
[05:50:51] [spechunter] [Read] /home/yzs/riscv/XiangShan/ChiselIOPMP/src/main/scala/IopmpBridge.scala
[05:50:51] [spechunter] [Grep] pattern='IOPMP|iopmp|Iopmp'
[05:50:51] [spechunter] [Grep] pattern='IOPMP|iopmp'
[05:50:54] [spechunter] [Grep] pattern='class IopmpChecker|class EntryTable|class RegMap\\b|\\.enable\\b|\\.rs\\b|int'
[05:50:54] [spechunter] [Grep] pattern='o_reg_hwcfg2_prio_entry|o_reg_hwcfg0_enable|o_reg_hwcfg0_no_w'
[05:51:00] [spechunter] [Grep] pattern='o_reg_hwcfg'
[05:51:00] [spechunter] [Read] /home/yzs/riscv/XiangShan/ChiselIOPMP/src/main/scala/IopmpChecker.scala
[05:51:10] [spechunter] [Grep] pattern='chk_x|chkX'
[05:51:10] [spechunter] [Grep] pattern='no_w|noW'
[05:51:10] [spechunter] [Grep] pattern='no_x|noX'
[05:51:10] [spechunter] [Grep] pattern='sps_en|spsEn'
[05:51:10] [spechunter] [Grep] pattern='stall_en|stallEn'
[05:51:10] [spechunter] [Grep] pattern='peis|pees'
[05:51:10] [spechunter] [Grep] pattern='mfr_en|mfrEn'
[05:51:10] [spechunter] [Grep] pattern='mdcfg_fmt|mdcfgFmt'
[05:51:10] [spechunter] [Grep] pattern='srcmd_fmt|srcmdFmt'
[05:51:10] [spechunter] [Grep] pattern='md_entry_num|mdEntryNum'
[05:51:10] [spechunter] [Grep] pattern='HWCFG0'
[05:51:10] [spechunter] [Grep] pattern='HWCFG2'
[05:51:10] [spechunter] [Grep] pattern='HWCFG3'
[05:51:10] [spechunter] [Grep] pattern='ENTRY_CFG'
[05:51:10] [spechunter] [Grep] pattern='W1SS'
[05:51:15] [spechunter] [Read] /home/yzs/riscv/XiangShan/ChiselIOPMP/README.md
[05:51:15] [spechunter] [Read] /home/yzs/riscv/XiangShan/ChiselIOPMP/Makefile
[05:51:15] [spechunter] [Glob] **/rtl/*Iopmp*
[05:51:15] [spechunter] [Glob] **/rtl/*iopmp*
[05:51:15] [spechunter] [Read] /home/yzs/riscv/XiangShan/src/test/scala/top/SimMMIO.scala
[05:51:15] [spechunter] [text] Now let me look at the RISC-V IOMMU register read/write paths to understand the register map that could semantically ove...
[05:51:15] [spechunter] [Grep] pattern='riscv_iommu_mmio_read|riscv_iommu_mmio_write|case RISCV_IOMMU_REG'
[05:51:15] [spechunter] [Grep] pattern='EN_ATS|EN_PRI|EN_MSI|ioatc|IOATC|tranlsation.*control|dma.*permit|dma.*deny|dma.*check'
[05:51:22] [spechunter] [Grep] pattern='IOPMP|iopmp'
[05:51:22] [spechunter] [Grep] pattern='IOPMP|iopmp'
[05:51:22] [spechunter] [Read] /home/yzs/riscv/XiangShan/ChiselIOPMP/build.sc
[05:51:31] [spechunter] [Grep] pattern='HWCFG1'
[05:51:31] [spechunter] [Grep] pattern='ENTRY_CFG'
[05:51:31] [spechunter] [Grep] pattern='W1SS'
[05:51:31] [spechunter] [Grep] pattern='HWCFG0|HWCFG2|hwcfg0|hwcfg2'
[05:51:33] [spechunter] [Bash] Search for IOPMP across entire repo including binary files
[05:51:33] [spechunter] [Bash] Search for riscv_iopmp in any branch
[05:51:33] [spechunter] [Bash] Check if there are any branches related to IOPMP
[05:51:34] [spechunter] [text] Now let me verify there are no other source files in the broader XiangShan tree that reference these entities.  
[05:51:34] [spechunter] [Grep] pattern='hwcfg|HWCFG|entry_cfg|ENTRY_CFG'
[05:51:34] [spechunter] [Read] /home/yzs/riscv/XiangShan/ChiselIOPMP/src/main/scala/IopmpChecker.scala
[05:51:42] [spechunter] [Grep] pattern='hwcfg|HWCFG'
[05:51:42] [spechunter] [Grep] pattern='W1SS'
[05:51:49] [spechunter] [Grep] pattern='hwcfg3|HWCFG3|Hwcfg3'
[05:51:49] [spechunter] [Grep] pattern='ENTRY_CFG'
[05:51:55] [spechunter] [text] Let me verify the IopmpChecker IO wiring of the enable/rs outputs.  
[05:51:55] [spechunter] [Read] /home/yzs/riscv/XiangShan/ChiselIOPMP/src/main/scala/IopmpChecker.scala
[05:51:55] [spechunter] [Grep] pattern='class IopmpChecker\\b'
[05:52:03] [spechunter] [Read] /home/yzs/riscv/XiangShan/iopmp_security_audit.json
[05:52:03] [spechunter] [Read] /home/yzs/riscv/XiangShan/iopmp_hwcfg_v081_findings.json
[05:52:03] [spechunter] [Read] /home/yzs/riscv/XiangShan/hwcfg2_bit_reassignment_findings.json
[05:52:06] [spechunter] [text] Let me look deeper at the IOMMU MMIO dispatch and any semantically related code.  
[05:52:06] [spechunter] [Read] /home/yzs/riscv/qemu/hw/riscv/riscv-iommu.c
[05:52:06] [spechunter] [Grep] pattern='0x0008|0x0010|0x0014|0x002C'
[05:52:13] [spechunter] [Read] /home/yzs/riscv/XiangShan/ChiselIOPMP/src/main/scala/IopmpChecker.scala
[05:52:39] [spechunter] [text] Let me look at the RISC-V virt machine setup and the PMP infrastructure for semantic connections.  
[05:52:39] [spechunter] [Grep] pattern='RISCV_IOMMU_REG_FCTL|RISCV_IOMMU_REG_DDTP'
[05:52:39] [spechunter] [Bash] Search for PMP security extensions
[05:52:39] [spechunter] [Grep] pattern='mseccfg|MSECCFG|Smepmp|smepmp|Smpmpmt|smpmpmt|PMP.*entry|pmp.*entry|mhpmevent'
[05:53:05] [spechunter] [text] Now let me look at the broader picture for what would be affected in QEMU for IOPMP semantics.  
[05:53:05] [spechunter] [Grep] pattern='SRIOMP|sriomp|SRCMD|MDCFG|srcmd|mdcfg'
[05:53:05] [spechunter] [Grep] pattern='virt.*iommu|iommu.*virt|VIRT_IOMMU|virt_iommu'
[05:53:05] [spechunter] [Read] /home/yzs/riscv/qemu/hw/riscv/riscv-iommu.c
[05:53:05] [spechunter] [text] Here are the comprehensive results:  ```json {   "locations": [     {       "file_path": "ChiselIOPMP/src/main/scala/Iop...
[05:53:33] [spechunter] [text] Now let me read the critical file sections to get exact bit positions in the `Cat` chain.  
[05:53:33] [spechunter] [Read] /home/yzs/riscv/XiangShan/ChiselIOPMP/src/main/scala/IopmpChecker.scala
[05:53:33] [spechunter] [Read] /home/yzs/riscv/XiangShan/ChiselIOPMP/src/main/scala/IopmpChecker.scala
[05:53:33] [spechunter] [Read] /home/yzs/riscv/XiangShan/ChiselIOPMP/src/main/scala/IopmpChecker.scala
[05:53:33] [spechunter] [Read] /home/yzs/riscv/XiangShan/ChiselIOPMP/src/main/scala/IopmpChecker.scala
[05:53:55] [spechunter] [text] Now let me read the existing findings files and the entry attribute/entry_cfg SRAM definitions for completeness.  
[05:53:55] [spechunter] [Read] /home/yzs/riscv/XiangShan/hwcfg2_bit_reassignment_findings.json
[05:53:55] [spechunter] [Read] /home/yzs/riscv/XiangShan/iopmp_hwcfg_v081_findings.json
[05:53:55] [spechunter] [Read] /home/yzs/riscv/XiangShan/ChiselIOPMP/src/main/scala/IopmpChecker.scala
[05:53:58] [spechunter] [text] Let me look at the virt machine setup for IOMMU/IOPMP-related device creation and any potential integration point.  
[05:53:58] [spechunter] [Grep] pattern='iommu|IOMMU'
[05:54:06] [spechunter] [text] Now let me read additional details - the RegMapIO port definition, the Ctrl no_w consumer, and any spec file.  
[05:54:06] [spechunter] [Read] /home/yzs/riscv/XiangShan/ChiselIOPMP/src/main/scala/IopmpChecker.scala
[05:54:06] [spechunter] [Read] /home/yzs/riscv/XiangShan/ChiselIOPMP/src/main/scala/IopmpChecker.scala
[05:54:06] [spechunter] [Read] /home/yzs/riscv/XiangShan/ChiselIOPMP/src/main/scala/IopmpChecker.scala
[05:54:06] [spechunter] [Glob] **/appendix_a1*
[05:54:14] [spechunter] [Read] /home/yzs/riscv/XiangShan/ChiselIOPMP/src/main/scala/IopmpChecker.scala
[05:54:14] [spechunter] [Read] /home/yzs/riscv/XiangShan/ChiselIOPMP/src/main/scala/IopmpChecker.scala
[05:54:28] [spechunter] [text] Now let me look at the complete register access pathway and any PMP-related code in the IOMMU subsystem.  
[05:54:28] [spechunter] [Read] /home/yzs/riscv/qemu/hw/riscv/riscv-iommu.c
[05:54:28] [spechunter] [Grep] pattern='reg_addr|regb|reg.*offset|offset.*reg'
[05:54:39] [spechunter] [TodoWrite] 5 items
[05:54:51] [spechunter] [Grep] pattern='IOPMP|iopmp|IO_PMP|io.pmp|physical memory.*protect|PMP.*entry|pmp_entry'
[05:54:51] [spechunter] [Read] /home/yzs/riscv/qemu/hw/riscv/riscv-iommu.c
[05:55:17] [spechunter] [text] Let me explore the complete register dispatch mechanism and look for any existing IOPMP-related infrastructure.  
[05:55:17] [spechunter] [Read] /home/yzs/riscv/qemu/hw/riscv/riscv-iommu.c
[05:55:17] [spechunter] [Bash] Search for riscv-iommu register region allocation
[05:55:49] [spechunter] [Grep] pattern='vmstate|VMSTATE|VMState'
[05:55:49] [spechunter] [Read] /home/yzs/riscv/qemu/target/riscv/pmp.h
[05:56:07] [spechunter] [Bash] Show diff of modified riscv-iommu.c
[05:56:07] [spechunter] [Bash] Check file size
[05:56:37] [spechunter] [text] ## Code-Location Review  ### Cross-Validation  | Source | Locations | |--------|-----------| | Fast-path (entity-index) ...
[05:56:53] [spechunter] [text] Let me first find the IOPMP-related code in the QEMU repository.  
[05:56:53] [spechunter] [Grep] pattern='IOPMP|iopmp'
[05:56:53] [spechunter] [Glob] **/riscv_iopmp*
[05:57:10] [spechunter] [Grep] pattern='iopmp|IOPMP'
[05:57:10] [spechunter] [Grep] pattern='HWCFG|hwcfg'
[05:57:10] [spechunter] [Read] /home/yzs/riscv/qemu/hw/riscv/riscv-iommu.c
[05:57:23] [spechunter] [Bash] Check current git diff for modified IOMMU file
[05:57:23] [spechunter] [Grep] pattern='iopmp|IOPMP|io_pmp'
[05:57:43] [spechunter] [Grep] pattern='ENTRYOFFSET|no_w|no_x|chk_x'
[05:57:43] [spechunter] [Grep] pattern='io_pmp|iopmp|IO_PMP'
[05:57:43] [spechunter] [Read] /home/yzs/riscv/qemu/riscv-iommu-bits.h
[05:57:45] [spechunter] [text] Now I have all the data needed. Let me compile the comprehensive findings JSON.  
[05:57:45] [spechunter] [Write] /home/yzs/riscv/XiangShan/iopmp_hwcfg_reorg_findings.json
[05:57:51] [spechunter] [Glob] **/riscv-iommu-bits*
[05:57:51] [spechunter] [Grep] pattern='no_w|no_x|chk_x|HWCFG|ENTRYOFFSET|hwcfg'
[05:57:52] [spechunter] [TodoWrite] 5 items
[05:57:59] [spechunter] [Read] /home/yzs/riscv/qemu/hw/riscv/riscv-iommu-bits.h
[05:57:59] [spechunter] [Read] /home/yzs/riscv/qemu/hw/riscv/riscv-iommu.h
[05:58:11] [spechunter] [text] Let me search more broadly for IOPMP-related code.  
[05:58:11] [spechunter] [Grep] pattern='iopmp|IOPMP|io_pmp'
[05:58:11] [spechunter] [Glob] **/*iopmp*
[05:58:11] [spechunter] [Glob] **/*io_pmp*
[05:58:15] [spechunter] [text] Findings written to `iopmp_hwcfg_reorg_findings.json`. Here's a summary:  ## Core finding  The IOPMP RTL in `ChiselIOPMP...
[05:58:19] [spechunter] [text] Let me look at recent commits related to the merge and any IOPMP-related content.  
[05:58:19] [spechunter] [Bash] Check recent commit history
[05:58:19] [spechunter] [Grep] pattern='iopmp|io_pmp|IO_PMP'
[05:58:29] [spechunter] [Grep] pattern='pmp|PMP'
[05:58:29] [spechunter] [Grep] pattern='iommu|IOMMU'
[05:58:29] [spechunter] [Grep] pattern='hwcfg|HWCFG|entryoffset|ENTRYOFFSET'
[05:58:37] [spechunter] [Grep] pattern='pmp'
[05:58:45] [spechunter] [text] Let me read the relevant source files to cross-validate the locations against the PR context.  
[05:58:45] [spechunter] [Read] /home/yzs/riscv/XiangShan/ChiselIOPMP/src/main/scala/IopmpChecker.scala
[05:58:45] [spechunter] [Read] /home/yzs/riscv/XiangShan/ChiselIOPMP/src/main/scala/IopmpChecker.scala
[05:58:45] [spechunter] [Read] /home/yzs/riscv/XiangShan/ChiselIOPMP/src/main/scala/IopmpChecker.scala
[05:58:52] [spechunter] [Grep] pattern='IO_PMP|io_pmp|iopmp|IOPMP'
[05:58:52] [spechunter] [Glob] **/*pmp*
[05:58:52] [spechunter] [Glob] **/*pmp*
[05:58:52] [spechunter] [Read] /home/yzs/riscv/XiangShan/ChiselIOPMP/src/main/scala/IopmpChecker.scala
[05:58:52] [spechunter] [Read] /home/yzs/riscv/XiangShan/ChiselIOPMP/src/main/scala/IopmpChecker.scala
[05:58:58] [spechunter] [Read] /home/yzs/riscv/XiangShan/ChiselIOPMP/src/main/scala/Iopmp.scala
[05:59:12] [spechunter] [text] Based on my thorough analysis of the QEMU repository, here are my findings:  This QEMU codebase does **not** contain any...
[06:00:05] [spechunter] [text] Now let me verify the Ctrl signal outputs and the IopmpChecker top-level wiring to confirm my removal decisions.  
[06:00:05] [spechunter] [Read] /home/yzs/riscv/XiangShan/ChiselIOPMP/src/main/scala/IopmpChecker.scala
[06:00:26] [spechunter] [text] Now let me verify the EntryTable relevance more carefully by checking what the PR's MDCFG/SRCMD reorg implies.  
[06:00:26] [spechunter] [Read] /home/yzs/riscv/XiangShan/ChiselIOPMP/src/main/scala/IopmpChecker.scala
[06:01:38] [spechunter] [text] Now let me finalize my cross-validation analysis.  
[06:01:38] [spechunter] [Grep] pattern='hwcfg3|HWCFG3|hwcfg_3|Hwcfg3'
[06:01:38] [spechunter] [Read] /home/yzs/riscv/XiangShan/ChiselIOPMP/src/main/scala/IopmpChecker.scala
[06:03:36] [spechunter] [text] Now I have all the data needed. Let me cross-validate each fast-path location against the PR context (HWCFG0 layout upda...
[06:03:49] [spechunter] [Grep] pattern='HWCFG0|HWCFG2|HWCFG3|hwcfg0|hwcfg2|hwcfg3'
[06:03:49] [spechunter] [Grep] pattern='IOPMP|iopmp'
[06:04:06] [spechunter] [Read] /home/yzs/riscv/XiangShan/ChiselIOPMP/src/main/scala/IopmpChecker.scala
[06:04:06] [spechunter] [Read] /home/yzs/riscv/XiangShan/ChiselIOPMP/src/main/scala/Iopmp.scala
[06:04:06] [spechunter] [Read] /home/yzs/riscv/XiangShan/ChiselIOPMP/src/main/scala/IopmpBridge.scala
[06:05:09] [spechunter] [text] Now let me examine the entry configuration bits and check for additional relevant files.  
[06:05:09] [spechunter] [Grep] pattern='chk_x|no_w|no_x|mdcfg_fmt|srcmd_fmt|md_entry_num|sps_en|stall_en|peis|pees|mfr_en'
[06:05:09] [spechunter] [Grep] pattern='HWCFG3|hwcfg3'
[06:06:25] [spechunter] [text] Now let me also check how the entry_cfg `x` bit behaves when `chk_x=0`, and look for any existing HWCFG3 or additional H...
[06:06:25] [spechunter] [Grep] pattern='ENTRY_CFG|x.*hardwired|entry_cfg'
[06:06:53] [spechunter] [text] Now let me also verify the entry_cfg `x` bit behavior relative to `chk_x` and check the `specver` field.  
[06:06:53] [spechunter] [Read] /home/yzs/riscv/XiangShan/ChiselIOPMP/src/main/scala/IopmpChecker.scala
[06:06:53] [spechunter] [Read] /home/yzs/riscv/XiangShan/ChiselIOPMP/src/main/scala/IopmpChecker.scala
[06:07:25] [spechunter] [text] Now I have a thorough understanding of the IOPMP RTL. Let me compute the exact HWCFG0 bit positions from the `toUInt` co...
[06:07:25] [spechunter] [Read] /home/yzs/riscv/XiangShan/ChiselIOPMP/src/main/scala/IopmpChecker.scala
[06:07:25] [spechunter] [Read] /home/yzs/riscv/XiangShan/ChiselIOPMP/src/main/scala/IopmpChecker.scala
[06:09:18] [spechunter] [text] Now I have a complete picture of the RTL. Let me verify the HWCFG0 bit layout precisely by computing the `Cat` expansion...
[06:09:18] [spechunter] [Write] /home/yzs/riscv/XiangShan/iopmp_hwcfg_reorg_findings.json
[06:09:21] [spechunter] [Read] /home/yzs/riscv/XiangShan/iopmp_hwcfg_reorg_findings.json
[06:10:34] [spechunter] [text] Good, I've now read all the relevant RTL. Let me produce my analysis in the required format.  
[06:10:34] [spechunter] [Write] /home/yzs/riscv/XiangShan/iopmp_hwcfg_reorg_findings.json
[06:10:52] [spechunter] [text] ## IOPMP HWCFG Spec Reorganization Audit — Summary  **Overall Severity: `potential_risk`** — The RTL is internally consi...
