[10:28:22] [spechunter] PR loaded: #2793 riscv/riscv-isa-manual — "Minor fixes to the Profiles volume"
[10:28:22] [spechunter]   diff: 3326 chars  body: 99 chars  reviews: 1
[10:28:22] [spechunter] Global pre-filter running...
[10:28:40] [spechunter] [text] {"should_skip": false}
[10:28:42] [spechunter] pre-filter: should_skip=False reason=""
[10:28:51] [spechunter] [text] {"should_skip": true, "skip_reason": "Documentation cleanup in the Profiles volume with no M-mode, SBI, or firmware-rele...
[10:28:56] [spechunter] [text] {"should_skip": true, "skip_reason": "Documentation-only changes to profile naming/description text; no CSR, instruction...
[10:28:59] [spechunter] [text] {"should_skip": true, "skip_reason": "Documentation-only cleanup in the Profiles volume — updates descriptive text, adds...
[10:29:09] [spechunter] [text] {"should_skip": true, "skip_reason": "Editorial cleanup to the Profiles volume introduction text with no changes to CSR ...
[10:29:09] [spechunter] [text] {"should_skip": true, "skip_reason": "Documentation-only editorial fixes to the Profiles volume (intro text rewordings, ...
[07:57:01] [spechunter] PR loaded: #2793 riscv/riscv-isa-manual — "Minor fixes to the Profiles volume"
[07:57:01] [spechunter]   diff: 3326 chars  body: 99 chars  reviews: 1
[07:57:01] [spechunter] Global pre-filter running...
[07:57:19] [spechunter] [text] API Error: 400 {"detail":"Error code: 400 - {'detail': 'Rate limit exceeded for team: AI_PRD_SELF-ygOCagDg1IJPqSZyFTZ2lU...
[07:57:20] [spechunter] pre-filter: should_skip=False reason=""
[07:57:21] [spechunter] [text] API Error: 400 {"detail":"Error code: 400 - {'detail': 'Rate limit exceeded for team: AI_PRD_SELF-ygOCagDg1IJPqSZyFTZ2lU...
[07:57:21] [spechunter] [text] API Error: 400 {"detail":"Error code: 400 - {'detail': 'Rate limit exceeded for team: AI_PRD_SELF-ygOCagDg1IJPqSZyFTZ2lU...
[07:57:21] [spechunter] [text] API Error: 400 {"detail":"Error code: 400 - {'detail': 'Rate limit exceeded for team: AI_PRD_SELF-ygOCagDg1IJPqSZyFTZ2lU...
[07:57:22] [spechunter] [text] API Error: 400 {"detail":"Error code: 400 - {'detail': 'Rate limit exceeded for team: AI_PRD_SELF-ygOCagDg1IJPqSZyFTZ2lU...
[07:57:25] [spechunter] [text] API Error: 400 {"detail":"Error code: 400 - {'detail': 'Rate limit exceeded for team: AI_PRD_SELF-ygOCagDg1IJPqSZyFTZ2lU...
[07:57:26] [spechunter] [text] API Error: 400 {"detail":"Error code: 400 - {'detail': 'Rate limit exceeded for team: AI_PRD_SELF-ygOCagDg1IJPqSZyFTZ2lU...
[07:57:28] [spechunter] [text] API Error: 400 {"detail":"Error code: 400 - {'detail': 'Rate limit exceeded for team: AI_PRD_SELF-ygOCagDg1IJPqSZyFTZ2lU...
[07:57:44] [spechunter] [text] {"should_skip": true, "skip_reason": "Pure documentation cleanup in the Profiles volume introduction — no M-mode CSR, SB...
[07:57:56] [spechunter] [text] {"should_skip": true, "skip_reason": "Minor documentation text edits to the Profiles volume with no changes to CSR defin...
[07:58:06] [spechunter] [text] I don't see specific entities to search for in this query. Let me check the audit files for context on what's being inve...
[07:58:06] [spechunter] [Bash] List audit JSON files for context
[07:58:07] [spechunter] [Grep] pattern='[Pp]rofile'
[07:58:07] [spechunter] [Grep] pattern='RVA\\d'
[07:58:07] [spechunter] [Grep] pattern='menvcfg|MENVCFG|shenvcfg|henvcfg|SENVCFG|HENVCFG'
[07:58:08] [spechunter] [text] I'll investigate the codebase for profile-related RTL code, starting with the spec file and then tracing into the hardwa...
[07:58:08] [spechunter] [Bash] Check if spec profiles dir exists
[07:58:08] [spechunter] [Grep] pattern='profile|Profile|PROFILE'
[07:58:08] [spechunter] [Grep] pattern='isProfile|profileString|ProfileName|profileCheck|mandatory|optionalExtension'
[07:58:10] [spechunter] [text] I'll search for RISC-V profile-related references across the kernel tree.  
[07:58:10] [spechunter] [Grep] pattern='profile'
[07:58:10] [spechunter] [Grep] pattern='profile'
[07:58:10] [spechunter] [Grep] pattern='profile'
[07:58:10] [spechunter] [Grep] pattern='profile'
[07:58:14] [spechunter] [text] I'll search the Linux kernel codebase for code related to RISC-V profiles and any security-relevant patterns. Let me sta...
[07:58:14] [spechunter] [Grep] pattern='profile'
[07:58:14] [spechunter] [Grep] pattern='profile'
[07:58:14] [spechunter] [Glob] **/intro.adoc
[07:58:14] [spechunter] [Glob] **/profiles/**
[07:58:22] [spechunter] [Glob] **/intro*
[07:58:22] [spechunter] [Glob] Documentation/**/*.adoc
[07:58:22] [spechunter] [Grep] pattern='profiles'
[07:58:25] [spechunter] [Bash] Check an audit file for expected format context
[07:58:28] [spechunter] [Grep] pattern='RVA|RVB|RVM|RVI.*Profile|profile.*RVA|profile.*RVM'
[07:58:28] [spechunter] [Grep] pattern='isProfile|isaString|IsaString|ISAString|extensionCheck|requiredExt'
[07:58:28] [spechunter] [Grep] pattern='misalignedAtomic|ZTIM|ZCMOP|Zicond|Zcb'
[07:58:30] [spechunter] [Grep] pattern='DTE|STCE|PBMTE|ADUE|CBZE|CBCFE'
[07:58:30] [spechunter] [Grep] pattern='EnvCfg|ENVCFG|MEnvCfg|HEnvCfg|SEnvCfg'
[07:58:30] [spechunter] [Grep] pattern='Zicond|Zicbop|Zicboz|Zicsr|Zifencei|Zihint|Svnapot|Svpbmt|Svinval'
[07:58:30] [spechunter] [Grep] pattern='PMODE|NA4|NAPOT|Sv39|Sv48|Sv57'
[07:58:34] [spechunter] [text] The "profile" search is too broad. Let me search specifically for RISC-V ISA profiles (RVA, RVB, RVM, etc.) and the isa-...
[07:58:34] [spechunter] [Grep] pattern='RISCV_ISA|riscv_isa|riscv,isa|RISCV_EXT|__riscv_isa'
[07:58:34] [spechunter] [Grep] pattern='RISCV_ISA|riscv_isa|riscv,isa'
[07:58:45] [spechunter] [Read] /home/yzs/riscv/XiangShan/src/main/scala/xiangshan/backend/fu/NewCSR/CSRBundles.scala
[07:58:45] [spechunter] [Grep] pattern='class (MEnvCfg|HEnvCfg|SEnvCfg)'
[07:58:49] [spechunter] [text] I see — the task references a PR about "Profiles volume" fixes in the RISC-V spec. Let me search for RISC-V profile-rela...
[07:58:49] [spechunter] [Grep] pattern='profile'
[07:58:49] [spechunter] [Grep] pattern='isalist|isa_list|riscv.*ext|hart.*ext|ext.*bits'
[07:58:49] [spechunter] [Grep] pattern='profile'
[07:58:53] [spechunter] [Read] /home/yzs/riscv/XiangShan/src/main/scala/xiangshan/backend/fu/NewCSR/MachineLevel.scala
[07:58:53] [spechunter] [Read] /home/yzs/riscv/XiangShan/src/main/scala/xiangshan/backend/fu/NewCSR/HypervisorLevel.scala
[07:58:53] [spechunter] [Read] /home/yzs/riscv/XiangShan/src/main/scala/xiangshan/backend/fu/NewCSR/SupervisorLevel.scala
[07:58:58] [spechunter] [text] Let me search more specifically for RISC-V ISA profiles and extension handling
[07:58:58] [spechunter] [Grep] pattern='profile|Profile'
[07:58:58] [spechunter] [Grep] pattern='riscv_isa_ext|RISCV_ISA_EXT|hweight|hwprobe|hw_cap'
[07:58:58] [spechunter] [Grep] pattern='profile'
[07:58:58] [spechunter] [Glob] arch/riscv/kernel/cpufeature*
[07:58:58] [spechunter] [Grep] pattern='isaString|IsaString|misalignedAtomic'
[07:58:58] [spechunter] [Grep] pattern='isaString|IsaString|isProfile|mandatoryExtension'
[07:58:58] [spechunter] [Grep] pattern='misalignedAtomic|ZEICSR|ZEM|ZEP|ZIA|ZCB|ZCD|ZCF|ZCL'
[07:59:03] [spechunter] [Read] /home/yzs/riscv/XiangShan/src/main/scala/xiangshan/backend/fu/NewCSR/CSRDefines.scala
[07:59:03] [spechunter] [Grep] pattern='CSRConfig\\.EXT_SSTC|CSRConfig\\.EXT_DBLTRP|CSRConfig\\.EXT_'
[07:59:03] [spechunter] [Grep] pattern='shenvcfg|senvcfg|SENVCFG'
[07:59:06] [spechunter] [text] Let me understand the current branch context and the commit being worked on
[07:59:06] [spechunter] [Bash] Show recent commits
[07:59:06] [spechunter] [Bash] Show files changed vs master
[07:59:06] [spechunter] [Bash] Show commits ahead of master
[07:59:07] [spechunter] [text] Let me search more specifically for RISC-V ISA extension/profiles handling, which is distinct from `profile.h` (gprof su...
[07:59:07] [spechunter] [Grep] pattern='riscv_get_isa|isa_str|isa_info|harts'
[07:59:07] [spechunter] [Grep] pattern='misa|mvendorid|marchid|mimpid'
[07:59:07] [spechunter] [Grep] pattern='RVA[0-9]|RV[A-Z][0-9]|riscv.*profile|isa.*string|sysctl.*hw.*riscv'
[07:59:10] [spechunter] [Grep] pattern='senvcfg'
[07:59:10] [spechunter] [Read] /home/yzs/riscv/XiangShan/src/main/scala/xiangshan/backend/fu/NewCSR/SupervisorLevel.scala
[07:59:10] [spechunter] [Read] /home/yzs/riscv/XiangShan/src/main/scala/xiangshan/backend/fu/NewCSR/NewCSR.scala
[07:59:16] [spechunter] [text] Let me search more specifically for RISC-V ISA Profiles (RVA20, RVA22, etc.) and related extension handling.  
[07:59:16] [spechunter] [Grep] pattern='RVA[0-9]|RVM[0-9]|RVB[0-9]|profile.*ISA|ISA.*profile'
[07:59:16] [spechunter] [Grep] pattern='riscv_isa_ext|RISCV_ISA_EXT'
[07:59:16] [spechunter] [Glob] arch/riscv/include/asm/hwcap*
[07:59:16] [spechunter] [Glob] arch/riscv/include/asm/isa*
[07:59:17] [spechunter] [Grep] pattern='profile|Profile'
[07:59:21] [spechunter] [text] Let me read the actual commit and related code.  
[07:59:21] [spechunter] [Bash] Show the full diff of the commit
[07:59:21] [spechunter] [Read] /home/yzs/riscv/linux/arch/riscv/kernel/module.c
[07:59:26] [spechunter] [Grep] pattern='isa.*ext|ext.*isa|hwcap|HWCAP|ISA_PREFIX|isa.*parse|parse.*isa|riscv.*hw|hw.*riscv'
[07:59:26] [spechunter] [Grep] pattern='hw\\.machdep'
[07:59:29] [spechunter] [text] API Error: 400 {"detail":"Error code: 400 - {'detail': 'Rate limit exceeded for team: AI_PRD_SELF-ygOCagDg1IJPqSZyFTZ2lU...
[07:59:33] [spechunter] [Grep] pattern='senvcfg'
[07:59:33] [spechunter] [Read] /home/yzs/riscv/linux/arch/riscv/include/asm/hwcap.h
[07:59:33] [spechunter] [Grep] pattern='profile'
[07:59:33] [spechunter] [Grep] pattern='profile'
[07:59:37] [spechunter] [Read] /home/yzs/riscv/XiangShan/rocket-chip/src/main/scala/rocket/CSR.scala
[07:59:37] [spechunter] [Read] /home/yzs/riscv/XiangShan/rocket-chip/src/main/scala/rocket/CSR.scala
[07:59:37] [spechunter] [Read] /home/yzs/riscv/XiangShan/rocket-chip/src/main/scala/tile/BaseTile.scala
[07:59:38] [spechunter] [text] Given the PR context about "Profiles volume" fixes in the RISC-V spec, let me search for all relevant ISA extension/prof...
[07:59:38] [spechunter] [Read] /home/yzs/riscv/freebsd-src/sys/riscv/riscv/identcpu.c
[07:59:39] [spechunter] [text] API Error: 400 {"detail":"Error code: 400 - {'detail': 'Rate limit exceeded for team: AI_PRD_SELF-ygOCagDg1IJPqSZyFTZ2lU...
[07:59:41] [spechunter] [text] API Error: 400 {"detail":"Error code: 400 - {'detail': 'Rate limit exceeded for team: AI_PRD_SELF-ygOCagDg1IJPqSZyFTZ2lU...
[07:59:42] [spechunter] [text] API Error: 400 {"detail":"Error code: 400 - {'detail': 'Rate limit exceeded for team: AI_PRD_SELF-ygOCagDg1IJPqSZyFTZ2lU...
[07:59:43] [spechunter] [text] API Error: 400 {"detail":"Error code: 400 - {'detail': 'Rate limit exceeded for team: AI_PRD_SELF-ygOCagDg1IJPqSZyFTZ2lU...
[07:59:45] [spechunter] [text] API Error: 400 {"detail":"Error code: 400 - {'detail': 'Rate limit exceeded for team: AI_PRD_SELF-ygOCagDg1IJPqSZyFTZ2lU...
[07:59:47] [spechunter] [text] API Error: 400 {"detail":"Error code: 400 - {'detail': 'Rate limit exceeded for team: AI_PRD_SELF-ygOCagDg1IJPqSZyFTZ2lU...
[07:59:47] [spechunter] [text] API Error: 400 {"detail":"Error code: 400 - {'detail': 'Rate limit exceeded for team: AI_PRD_SELF-ygOCagDg1IJPqSZyFTZ2lU...
[07:59:49] [spechunter] [text] API Error: 400 {"detail":"Error code: 400 - {'detail': 'Rate limit exceeded for team: AI_PRD_SELF-ygOCagDg1IJPqSZyFTZ2lU...
[07:59:56] [spechunter] [text] API Error: 400 {"detail":"Error code: 400 - {'detail': 'Rate limit exceeded for team: AI_PRD_SELF-ygOCagDg1IJPqSZyFTZ2lU...
[07:59:56] [spechunter] [text] API Error: 400 {"detail":"Error code: 400 - {'detail': 'Rate limit exceeded for team: AI_PRD_SELF-ygOCagDg1IJPqSZyFTZ2lU...
