[23:23:12] [spechunter] PR loaded: #873 riscv/riscv-cheri — "restrict YBNDSWI to 8-bits (anticipating a smaller immediate following ARC review)"
[23:23:12] [spechunter]   diff: 1828 chars  body: 263 chars  reviews: 0
[23:23:12] [spechunter] Global pre-filter running...
[23:23:26] [spechunter] [text] {"should_skip": false}
[23:23:27] [spechunter] pre-filter: should_skip=False reason=""
[23:23:46] [spechunter] [text] {"should_skip": true, "skip_reason": "CHERI extension is not supported in mainline Linux kernel; this is an instruction ...
[23:23:48] [spechunter] [text] {"should_skip": true, "skip_reason": "CHERI instruction encoding change (SCBNDSI immediate width) is an ISA-level hardwa...
[23:23:55] [spechunter] [text] {"should_skip": false, "skip_reason": "CHERI capability bounds-setting instruction (SCBNDSI) encoding change is security...
[23:24:37] [spechunter] [text] ```json {   "violation_condition": "FreeBSD kernel code (e.g., in capability-aware copyin/copyout, signal frame setup, o...
[23:24:49] [spechunter] [Grep] pattern='SCBNDSI'
[23:24:49] [spechunter] [Grep] pattern='scbndsi'
[23:24:49] [spechunter] [Grep] pattern='scbnds'
[23:24:53] [spechunter] [TodoWrite] 6 items
[23:25:04] [spechunter] [text] No direct matches. Let me broaden the search for CHERI-related bounds instructions, `.4byte` encodings, and capability n...
[23:25:04] [spechunter] [Grep] pattern='bndsi'
[23:25:04] [spechunter] [Grep] pattern='\\.4byte'
[23:25:04] [spechunter] [Grep] pattern='cheri.*narrow|narrow.*cap|cap.*bound.*set|set.*bound.*cap'
[23:25:04] [spechunter] [Grep] pattern='cheri.*copyin|copyin.*cheri|cheri.*copyout|copyout.*cheri'
[23:25:10] [spechunter] [Grep] pattern='SCBNDSI|scbndsi|scbnds_32bit'
[23:25:10] [spechunter] [Grep] pattern='\\.4byte.*0x[0-9a-fA-F]+'
[23:25:10] [spechunter] [Grep] pattern='scbnds|scbnd'
[23:25:10] [spechunter] [Glob] **/cheri/**
[23:25:17] [spechunter] [text] No direct SCBNDSI references anywhere. Let me check for CHERI-specific directories and the broader capability instructio...
[23:25:17] [spechunter] [Grep] pattern='cheri'
[23:25:17] [spechunter] [Glob] **/cheri/**
[23:25:17] [spechunter] [Glob] **/cheri/**
[23:25:17] [spechunter] [Grep] pattern='SCBNDS|scbnds|C\\.SCBNDS|c\\.scbnds'
[23:25:25] [spechunter] [Grep] pattern='CHERI|cheri|capability'
[23:25:25] [spechunter] [Grep] pattern='scbndsi|SCBNDSI|scbnds|SCBNDS'
[23:25:25] [spechunter] [Bash] Check if src/cheri spec directory exists
[23:25:30] [spechunter] [text] No CHERI infrastructure at all. Let me verify there's no raw encoding of these instructions (as `.4byte` or `.word` dire...
[23:25:30] [spechunter] [Grep] pattern='\\.4byte|\\.word|\\.insn'
[23:25:30] [spechunter] [Grep] pattern='\\.4byte|\\.word|\\.insn'
[23:25:30] [spechunter] [Grep] pattern='\\.4byte|\\.word|\\.insn'
[23:25:30] [spechunter] [Bash] List RISC-V machine-dependent directory
[23:25:43] [spechunter] [text] No CHERI infrastructure or capability instructions exist in this codebase. Let me do a final comprehensive sweep to conf...
[23:25:43] [spechunter] [Grep] pattern='CHERI'
[23:25:43] [spechunter] [Grep] pattern='CHERI'
[23:25:43] [spechunter] [Grep] pattern='CHERI'
[23:25:43] [spechunter] [Grep] pattern='bndsi|bnds |bnds,'
[23:25:49] [spechunter] [Grep] pattern='CHERI|cheri'
[23:25:49] [spechunter] [Bash] Check for CHERI-related directories
[23:25:49] [spechunter] [Bash] Check for any adoc spec files
[23:25:58] [spechunter] [text] Let me check the sys/ CHERI references for any bounds-setting instruction usage.  
[23:25:58] [spechunter] [Grep] pattern='cheri|CHERI'
[23:25:58] [spechunter] [Grep] pattern='cheri|CHERI'
[23:25:58] [spechunter] [Grep] pattern='cheri|CHERI'
[23:26:09] [spechunter] [Grep] pattern='copyin|copyout'
[23:26:09] [spechunter] [Grep] pattern='signal|sigframe|trampoline'
[23:26:09] [spechunter] [Grep] pattern='bounds|bnd|BND'
[23:26:09] [spechunter] [Bash] List sys/riscv directory structure
[23:26:11] [spechunter] [text] No SCBNDSI or C.SCBNDSI instructions exist anywhere in this FreeBSD kernel tree. The CHERI references present are only t...
[23:26:24] [spechunter] [Grep] pattern='SCBNDS|scbnds'
[23:26:24] [spechunter] [Grep] pattern='cheriabi'
[23:26:24] [spechunter] [Grep] pattern='capability.*bound|bound.*narrow|setbounds|setboundsexact'
[23:26:40] [spechunter] [Read] /home/yzs/riscv/freebsd-src/sys/riscv/riscv/copyinout.S
[23:26:40] [spechunter] [Read] /home/yzs/riscv/freebsd-src/sys/riscv/riscv/sigtramp.S
[23:26:40] [spechunter] [Read] /home/yzs/riscv/freebsd-src/sys/riscv/riscv/elf_machdep.c
[23:27:05] [spechunter] [Read] /home/yzs/riscv/freebsd-src/sys/riscv/riscv/exec_machdep.c
[23:27:05] [spechunter] [Read] /home/yzs/riscv/freebsd-src/sys/riscv/riscv/uio_machdep.c
[23:27:05] [spechunter] [Read] /home/yzs/riscv/freebsd-src/sys/riscv/riscv/vm_machdep.c
[23:27:05] [spechunter] [Read] /home/yzs/riscv/freebsd-src/sys/riscv/include/riscvreg.h
[23:27:23] [spechunter] [Read] /home/yzs/riscv/freebsd-src/sys/riscv/include/encoding.h
[23:27:23] [spechunter] [Read] /home/yzs/riscv/freebsd-src/sys/riscv/riscv/trap.c
[23:27:23] [spechunter] [Read] /home/yzs/riscv/freebsd-src/sys/riscv/riscv/swtch.S
[23:27:42] [spechunter] [text] Now let me search more broadly for any CHERI/capability-related code, bounds-widening, and the pmap layer.  
[23:27:42] [spechunter] [Grep] pattern='CHERI|CHERIABI|__CHERI__|__cheri'
[23:27:42] [spechunter] [Grep] pattern='csr_write|csr_read|csr_set|csr_clear|csr_swap'
[23:27:42] [spechunter] [Grep] pattern='SCBNDS|scbnds|\\.4byte'
[23:27:42] [spechunter] [Grep] pattern='copyin|copyout|copyinstr|copyinstr|copyoutstr'
[23:27:51] [spechunter] [Read] /home/yzs/riscv/freebsd-src/sys/sys/elf_common.h
[23:27:51] [spechunter] [Grep] pattern='CHERI|cheri|PT_CHERI|CHERIABI'
[23:27:51] [spechunter] [Grep] pattern='CHERI|cheri|PT_CHERI|CHERIABI'
[23:27:51] [spechunter] [Read] /home/yzs/riscv/freebsd-src/sys/riscv/riscv/pmap.c
[23:28:15] [spechunter] [text] Prompt is too long
[23:28:34] [spechunter] [Grep] pattern='BNDSWI|bndswi|YBNDSWI'
[23:28:34] [spechunter] [Grep] pattern='bnds.*imm|bounds.*set.*width.*imm'
[23:28:44] [spechunter] [Grep] pattern='bnds|setbounds.*imm'
[23:28:44] [spechunter] [Grep] pattern='BNDSW'
[23:28:44] [spechunter] [Grep] pattern='set.bounds'
[23:28:54] [spechunter] [Grep] pattern='CHERI|cheri'
[23:28:54] [spechunter] [Grep] pattern='riscv.*bnd|bnd.*riscv'
[23:28:54] [spechunter] [Glob] **/*riscv*cheri*
[23:28:54] [spechunter] [Glob] **/*cheri*riscv*
[23:29:16] [spechunter] [Grep] pattern='YBNDSWI|y_bnds_wi'
[23:29:16] [spechunter] [Grep] pattern='BNDSWI|bndswi'
[23:29:16] [spechunter] [Grep] pattern='set.bounds.*imm|bounds.*set.*imm'
[23:29:36] [spechunter] [Grep] pattern='CHERI'
[23:29:36] [spechunter] [Grep] pattern='cheri'
[23:29:36] [spechunter] [Glob] **/riscv/**/*cheri*
[23:29:48] [spechunter] [Glob] sys/riscv/**/*bnd*
[23:29:48] [spechunter] [Glob] sys/riscv/**/*cap*
[23:29:48] [spechunter] [Glob] sys/riscv/**/*cheri*
[23:29:48] [spechunter] [Bash] List riscv sys directory
[23:30:00] [spechunter] [Grep] pattern='cheri|CHERI'
[23:30:00] [spechunter] [Grep] pattern='bndsw|setbounds|set_bounds'
[23:30:00] [spechunter] [Bash] Search git history for BNDSWI
[23:30:18] [spechunter] [Grep] pattern='cheri|CHERI'
[23:30:18] [spechunter] [Bash] Search git history for CHERI
[23:30:18] [spechunter] [Bash] Search for CHERI branches
[23:30:29] [spechunter] [Grep] pattern='BNDSW'
[23:30:29] [spechunter] [Glob] **/*.td
[23:30:29] [spechunter] [Bash] Find RISCV .td files in LLVM
[23:30:40] [spechunter] [Grep] pattern='bndsw|setbnds|bounds.*set|set.*bounds'
[23:30:40] [spechunter] [Grep] pattern='CHERI|Morello|cheri'
[23:31:13] [spechunter] [Grep] pattern='bndsw|setbnds|bounds.*set|set.*bounds'
[23:31:13] [spechunter] [Grep] pattern='BNDSW'
[23:31:13] [spechunter] [Grep] pattern='BNDSWI'
[23:31:26] [spechunter] [Grep] pattern='bnds|csetbounds|set.bounds'
[23:31:26] [spechunter] [Bash] Search git history for related instructions
[23:31:26] [spechunter] [Bash] Search git history for CHERI
[23:31:50] [spechunter] [text] ```json {   "locations": [],   "removed_locations": [],   "merge_notes": "YBNDSWI (set-bounds-immediate) is a CHERI RISC...
[23:32:05] [spechunter] [Grep] pattern='SCBNDSI|scbndsi|scbnds'
[23:32:05] [spechunter] [Grep] pattern='cheri_bounds_set|cheri_setbounds|bounds.*narrow|narrow.*bounds'
[23:32:05] [spechunter] [Grep] pattern='\\.4byte.*scbndsi|SCBNDSI_IMM|\\.insn'
[23:32:26] [spechunter] [Grep] pattern='scbnds|SCBNDS'
[23:32:26] [spechunter] [Grep] pattern='cheri.*bound|setbounds|bounds.*set'
[23:32:26] [spechunter] [Grep] pattern='cheri.*bound|setbounds|bounds.*set'
[23:32:46] [spechunter] [Grep] pattern='CHERI|cheri'
[23:32:46] [spechunter] [Grep] pattern='SCBNDSI|scbndsi'
[23:32:46] [spechunter] [Grep] pattern='copyin|copyout'
[23:32:53] [spechunter] [Read] /home/yzs/riscv/freebsd-src/sys/riscv/riscv/copyinout.S
[23:32:53] [spechunter] [Grep] pattern='bounds|capability|CHERI|csetbounds|csetboundsexact'
[23:33:14] [spechunter] [Grep] pattern='SET_FAULT_HANDLER|ENTER_USER_ACCESS|EXIT_USER_ACCESS'
[23:33:14] [spechunter] [Grep] pattern='\\.4byte'
[23:33:14] [spechunter] [Grep] pattern='csetbounds|csetboundsexact|scbnds|set_bounds|cheri_bounds'
[23:33:28] [spechunter] [Read] /home/yzs/riscv/freebsd-src/sys/riscv/include/asm.h
[23:33:28] [spechunter] [Grep] pattern='CHERI|cheri|capability|csetbounds|setbounds|scbnds|SCBNDS'
[23:33:37] [spechunter] [text] Let me search more broadly for CHERI-related instructions and any signal frame setup that might narrow bounds.  
[23:33:37] [spechunter] [Grep] pattern='scbndsi|SCBNDSI|scbnds|SCBNDS'
[23:33:37] [spechunter] [Grep] pattern='csetbounds|csetboundsexact'
[23:33:37] [spechunter] [Grep] pattern='\\.4byte\\s+0x'
[23:33:48] [spechunter] [Grep] pattern='bound|cheri|cap|signal|tramp'
[23:33:48] [spechunter] [Read] /home/yzs/riscv/freebsd-src/sys/riscv/riscv/exec_machdep.c
[23:34:10] [spechunter] [Grep] pattern='morello|MORELLO|Morello'
[23:34:10] [spechunter] [Grep] pattern='CHERI|capsicum-cap|cheriabi'
[23:34:10] [spechunter] [Grep] pattern='send|sig|tramp|frame|context|bound|cap'
[23:34:32] [spechunter] [text] Let me also check the broader architecture-agnostic CHERI infrastructure and any capability bounds narrowing in common c...
[23:34:32] [spechunter] [Read] /home/yzs/riscv/freebsd-src/sys/sys/_types.h
[23:34:32] [spechunter] [Grep] pattern='uintcap|__cheri|csetbounds|setcap|cheribsd'
[23:34:32] [spechunter] [Grep] pattern='sigcode|sigtramp|trampoline'
[23:34:47] [spechunter] [Read] /home/yzs/riscv/freebsd-src/sys/riscv/riscv/sigtramp.S
[23:34:47] [spechunter] [Read] /home/yzs/riscv/freebsd-src/sys/riscv/riscv/uio_machdep.c
[23:35:03] [spechunter] [text] Now let me look for any CHERI-specific macros or helpers in the architecture-independent code, and check for signal fram...
[23:35:03] [spechunter] [Grep] pattern='ptraddr_t|capability|__has_feature.*capabilities'
[23:35:03] [spechunter] [Grep] pattern='sig|tramp|sigcode|PROC_SIGCODE|sv_sigcode|szsigcode'
[23:35:03] [spechunter] [Read] /home/yzs/riscv/freebsd-src/sys/riscv/riscv/vm_machdep.c
[23:35:21] [spechunter] [Grep] pattern='cheri|CHERI|cap|ptr'
[23:35:21] [spechunter] [Grep] pattern='cheri|CHERI|morello'
[23:35:21] [spechunter] [Grep] pattern='__has_feature.*capabilities|__CHERI_CAPABILITY__|__cheri_addr'
[23:35:39] [spechunter] [Grep] pattern='CHERI|cheri'
[23:35:39] [spechunter] [Grep] pattern='cheribsdtest|cheri_test|cheritest'
[23:35:39] [spechunter] [Grep] pattern='hybridabi|hybrid|CHERIABI'
[23:35:55] [spechunter] [text] Let me also check the `sendsig` function more carefully for bounds operations and the `sigframe` structure.  
[23:35:55] [spechunter] [Read] /home/yzs/riscv/freebsd-src/sys/riscv/riscv/exec_machdep.c
[23:35:55] [spechunter] [Grep] pattern='struct sigframe'
[23:36:11] [spechunter] [Grep] pattern='sigframe|SF_UC|bounds|CHERI'
[23:36:11] [spechunter] [Read] /home/yzs/riscv/freebsd-src/sys/riscv/include/frame.h
[23:36:40] [spechunter] [Grep] pattern='YBNDSWI|ybndswi|bndswi'
[23:36:40] [spechunter] [Grep] pattern='X_BOUND|RISCV.*bound|custom.*bound'
[23:37:34] [spechunter] [text] After a thorough search across the entire FreeBSD source tree for SCBNDSI/SCBNDS/csetbounds and the YBNDSWI operand patt...
