[12:01:48] [spechunter] PR loaded: #2976 riscv/riscv-isa-manual — "Clarify that mscratch, mepc, mcause, mtval must be implemented"
[12:01:48] [spechunter]   diff: 2408 chars  body: 1 chars  reviews: 0
[12:01:48] [spechunter] Global pre-filter running...
[12:02:12] [spechunter] [text] {"should_skip": false}
[12:02:13] [spechunter] pre-filter: should_skip=False reason=""
[12:02:17] [spechunter] [text] {"should_skip": false}
[12:02:25] [spechunter] [text] {"should_skip": true, "skip_reason": "Clarifies that M-mode CSRs must be implemented—all real hardware already provides ...
[12:02:33] [spechunter] [text] {"should_skip": false}
[12:02:34] [spechunter] [text] {"should_skip": true, "skip_reason": "Documentation clarification that M-mode CSRs (mscratch, mepc, mcause, mtval) must ...
[12:02:42] [spechunter] [text] {"should_skip": true, "skip_reason": "Pure spec clarification that mscratch/mepc/mcause/mtval must be implemented — QEMU...
[12:02:46] [spechunter] [text] ```json {   "violation_condition": "In XiangShan RTL, if any of mscratch, mepc, mcause, or mtval CSR registers is not in...
[12:03:04] [spechunter] [text] ```json {   "violation_condition": "OpenSBI HSM suspend/resume handler fails to save/restore mscratch, mepc, mcause, or ...
[12:03:09] [spechunter] [Agent] description, subagent_type
[12:03:19] [spechunter] [Grep] pattern='mscratch'
[12:03:19] [spechunter] [Grep] pattern='mepc'
[12:03:19] [spechunter] [Grep] pattern='mcause'
[12:03:19] [spechunter] [Grep] pattern='mtval'
[12:03:26] [spechunter] [Grep] pattern='mscratch|MSCRATCH'
[12:03:26] [spechunter] [Grep] pattern='mepc|MEPC'
[12:03:26] [spechunter] [Grep] pattern='mcause|MCAUSE'
[12:03:26] [spechunter] [Grep] pattern='mtval|MTVAL'
[12:03:26] [spechunter] [Grep] pattern='\\b0x340\\b|\\b0x341\\b|\\b0x342\\b|\\b0x343\\b'
[12:03:26] [spechunter] [Grep] pattern='\\bmret\\b|MRET'
[12:03:30] [spechunter] [Agent] description, prompt
[12:03:31] [spechunter] [Agent] description, prompt
[12:03:34] [spechunter] [Bash] List top-level Scala source directories
[12:03:34] [spechunter] [Glob] src/main/scala/**/*.scala
[12:03:34] [spechunter] [Grep] pattern='mscratch|mepc|mcause|mtval'
[12:03:34] [spechunter] [Glob] src/main/scala/**/CSR*.scala
[12:03:34] [spechunter] [Glob] src/main/scala/**/Trap*.scala
[12:03:34] [spechunter] [text] Let me read the key files to get precise function contexts.  
[12:03:34] [spechunter] [Read] /home/yzs/riscv/opensbi/firmware/fw_base.S
[12:03:34] [spechunter] [Read] /home/yzs/riscv/opensbi/firmware/fw_base.S
[12:03:34] [spechunter] [Read] /home/yzs/riscv/opensbi/firmware/fw_base.S
[12:03:34] [spechunter] [Read] /home/yzs/riscv/opensbi/lib/sbi/sbi_trap.c
[12:03:34] [spechunter] [Read] /home/yzs/riscv/opensbi/lib/sbi/sbi_domain_context.c
[12:03:46] [spechunter] [text] Let me also search the test directories and for additional patterns.  
[12:03:46] [spechunter] [Grep] pattern='mscratch|mepc|mcause|mtval|mret'
[12:03:46] [spechunter] [Grep] pattern='writeMepc|writeMcause|writeMtval|writeMscratch'
[12:03:46] [spechunter] [Grep] pattern='CSRs\\.(mscratch|mepc|mcause|mtval)\\b'
[12:03:46] [spechunter] [Grep] pattern='MaskedRegMap\\(M(scratch|epc|cause|tval)'
[12:03:52] [spechunter] [Read] /home/yzs/riscv/XiangShan/src/main/scala/xiangshan/backend/fu/CSR.scala
[12:03:52] [spechunter] [Read] /home/yzs/riscv/XiangShan/src/main/scala/xiangshan/backend/fu/NewCSR/NewCSR.scala
[12:03:52] [spechunter] [Read] /home/yzs/riscv/XiangShan/src/main/scala/xiangshan/backend/fu/NewCSR/MachineLevel.scala
[12:03:52] [spechunter] [Read] /home/yzs/riscv/XiangShan/src/main/scala/xiangshan/backend/fu/NewCSR/CSREvents/TrapEntryMEvent.scala
[12:03:52] [spechunter] [Read] /home/yzs/riscv/XiangShan/src/main/scala/xiangshan/backend/fu/NewCSR/CSREvents/MretEvent.scala
[12:03:52] [spechunter] [Read] /home/yzs/riscv/XiangShan/src/main/scala/xiangshan/backend/decode/isa/CSRs.scala
[12:04:00] [spechunter] [text] Let me also check for related CSR address constant definitions and the difftest interface.  
[12:04:00] [spechunter] [Grep] pattern='Mscratch|Mepc|Mcause|Mtval'
[12:04:00] [spechunter] [Grep] pattern='mscratch|mepc|mcause|mtval'
[12:04:05] [spechunter] [text] Let me also check the trap handler entry point for the full CSR save path and the HSM suspend path.  
[12:04:05] [spechunter] [Read] /home/yzs/riscv/opensbi/firmware/fw_base.S
[12:04:05] [spechunter] [Read] /home/yzs/riscv/opensbi/firmware/fw_base.S
[12:04:05] [spechunter] [Grep] pattern='CSR_MSCRATCH|CSR_MEPC|CSR_MCAUSE|CSR_MTVAL'
[12:04:05] [spechunter] [Grep] pattern='sbi_hsm_hart_suspend|hart_suspend'
[12:04:09] [spechunter] [text] Now let me also check the difftest interface definitions and the top-level integration.  
[12:04:09] [spechunter] [Grep] pattern='diffCSRState\\.m(scratch|epc|cause|tval)|diffCSRState\\.m(tval2|status)'
[12:04:09] [spechunter] [Grep] pattern='\\.mscratch\\b|\\.mepc\\b|\\.mcause\\b|\\.mtval\\b'
[12:04:16] [spechunter] [Read] /home/yzs/riscv/opensbi/lib/sbi/sbi_hsm.c
[12:04:16] [spechunter] [Grep] pattern='__sbi_hsm_suspend_non_ret_save|__sbi_hsm_suspend_non_ret_restore'
[12:04:18] [spechunter] [Glob] **/lib/sbi/sbi_hsm.c
[12:04:18] [spechunter] [Glob] **/firmware/fw_base.S
[12:04:18] [spechunter] [Grep] pattern='__sbi_hsm_suspend'
[12:04:18] [spechunter] [Grep] pattern='sbi_hsm_hart_resume_start'
[12:04:18] [spechunter] [Grep] pattern='sbi_hsm_hart_resume_finish'
[12:04:18] [spechunter] [Grep] pattern='sbi_hart_switch_mode'
[12:04:19] [spechunter] [Grep] pattern='_trap_handler|trap_handler'
[12:04:19] [spechunter] [Grep] pattern='_trap_handler|trap_handler'
[12:04:19] [spechunter] [Grep] pattern='mscratch|mepc|mcause|mtval'
[12:04:19] [spechunter] [Grep] pattern='mscratch|mepc|mcause|mtval'
[12:04:19] [spechunter] [Glob] **/fw_base.S
[12:04:19] [spechunter] [Glob] **/sbi_trap.*
[12:04:19] [spechunter] [Glob] **/sbi_init.c
[12:04:21] [spechunter] [Read] /home/yzs/riscv/opensbi/lib/sbi/sbi_hsm.c
[12:04:21] [spechunter] [Read] /home/yzs/riscv/opensbi/firmware/fw_base.S
[12:04:24] [spechunter] [Read] /home/yzs/riscv/XiangShan/src/main/scala/xiangshan/backend/fu/NewCSR/CSRBundles.scala
[12:04:24] [spechunter] [Read] /home/yzs/riscv/XiangShan/src/main/scala/xiangshan/backend/fu/NewCSR/CSRBundle.scala
[12:04:24] [spechunter] [Read] /home/yzs/riscv/XiangShan/src/main/scala/xiangshan/backend/fu/NewCSR/CSREvents/CSREvent.scala
[12:04:24] [spechunter] [Grep] pattern='mscratch|mepc|mcause|mtval'
[12:04:24] [spechunter] [Grep] pattern='class ScratchBundle|class XtvalBundle|class CauseBundle|class OneFieldBundle'
[12:04:32] [spechunter] [text] Let me also check for the `_trap_handler` save of mcause/mtval in the trap info path, and look at how mscratch is used i...
[12:04:32] [spechunter] [Grep] pattern='MCAUSE|MTVAL'
[12:04:32] [spechunter] [Grep] pattern='mscratch|MSCRATCH'
[12:04:32] [spechunter] [Grep] pattern='mscratch|MSCRATCH'
[12:04:32] [spechunter] [Read] /home/yzs/riscv/opensbi/include/sbi/sbi_trap.h
[12:04:35] [spechunter] [Grep] pattern='mscratch|mepc|mcause|mtval'
[12:04:35] [spechunter] [Read] /home/yzs/riscv/XiangShan/src/main/scala/xiangshan/backend/fu/NewCSR/CSRModule.scala
[12:04:35] [spechunter] [Read] /home/yzs/riscv/XiangShan/src/main/scala/xiangshan/backend/fu/NewCSR/TrapTvalMod.scala
[12:04:35] [spechunter] [Grep] pattern='mepc|mscratch|mcause|mtval'
[12:04:35] [spechunter] [Read] /home/yzs/riscv/XiangShan/src/main/scala/xiangshan/backend/fu/wrapper/CSR.scala
[12:04:36] [spechunter] [Read] /home/yzs/riscv/opensbi/lib/sbi/sbi_hsm.c
[12:04:36] [spechunter] [Read] /home/yzs/riscv/opensbi/firmware/fw_base.S
[12:04:36] [spechunter] [Read] /home/yzs/riscv/opensbi/include/sbi/sbi_hsm.h
[12:04:42] [spechunter] [Read] /home/yzs/riscv/opensbi/firmware/fw_base.S
[12:04:42] [spechunter] [Read] /home/yzs/riscv/opensbi/firmware/fw_base.S
[12:04:42] [spechunter] [Read] /home/yzs/riscv/opensbi/include/sbi/sbi_trap.h
[12:04:42] [spechunter] [Read] /home/yzs/riscv/opensbi/lib/sbi/sbi_trap.c
[12:04:49] [spechunter] [Grep] pattern='struct sbi_trap_context'
[12:04:49] [spechunter] [Grep] pattern='SBI_TRAP_REGS_OFFSET'
[12:04:49] [spechunter] [Grep] pattern='sbi_hart_switch_mode'
[12:04:49] [spechunter] [Grep] pattern='sbi_hsm_hart_resume_start|sbi_hsm_hart_resume_finish'
[12:04:59] [spechunter] [Read] /home/yzs/riscv/opensbi/include/sbi/sbi_trap.h
[12:04:59] [spechunter] [Read] /home/yzs/riscv/opensbi/lib/sbi/sbi_hart.c
[12:04:59] [spechunter] [Read] /home/yzs/riscv/opensbi/lib/sbi/sbi_init.c
[12:05:09] [spechunter] [text] Here is the complete location report:  ```json {   "locations": [     {       "file_path": "src/main/scala/xiangshan/bac...
[12:05:10] [spechunter] [Read] /home/yzs/riscv/opensbi/firmware/fw_base.S
[12:05:10] [spechunter] [Read] /home/yzs/riscv/opensbi/firmware/fw_base.S
[12:05:10] [spechunter] [Read] /home/yzs/riscv/opensbi/lib/sbi/sbi_double_trap.c
[12:05:10] [spechunter] [Read] /home/yzs/riscv/opensbi/lib/sbi/sbi_init.c
[12:05:20] [spechunter] [text] Here is the comprehensive JSON report:  ```json {   "locations": [     {       "file_path": "firmware/fw_base.S",       ...
[12:05:24] [spechunter] [Read] /home/yzs/riscv/opensbi/lib/sbi/sbi_init.c
[12:05:24] [spechunter] [Grep] pattern='misa_extension'
[12:05:24] [spechunter] [Grep] pattern='CSR_MSCRATCH|CSR_MEPC|CSR_MCAUSE|CSR_MTVAL'
[12:05:24] [spechunter] [Grep] pattern='init_coldboot|init_warm_startup|init_warm_resume'
[12:05:43] [spechunter] [Read] /home/yzs/riscv/opensbi/lib/sbi/sbi_init.c
[12:05:43] [spechunter] [Read] /home/yzs/riscv/opensbi/lib/sbi/sbi_init.c
[12:05:43] [spechunter] [Grep] pattern='int misa_extension_imp'
[12:05:43] [spechunter] [Grep] pattern='TRAP_VS_ENTRY|TRAP_S_ENTRY|_trap_vs|_trap_s'
[12:05:43] [spechunter] [Grep] pattern='have_mstatush|have_h_extension'
[12:05:53] [spechunter] [Grep] pattern='int misa_extension_imp'
[12:05:53] [spechunter] [Read] /home/yzs/riscv/opensbi/lib/sbi/sbi_init.c
[12:05:53] [spechunter] [Read] /home/yzs/riscv/opensbi/include/sbi/riscv_encoding.h
[12:05:53] [spechunter] [Grep] pattern='csr_read.*CSR_MSCRATCH|csr_write.*CSR_MSCRATCH|csrr.*mscratch|csrw.*mscratch'
[12:05:53] [spechunter] [Grep] pattern='MEDELEG|MEDELEG_MASK'
[12:05:59] [spechunter] [Grep] pattern='int sbi_hart_reinit'
[12:06:11] [spechunter] [Read] /home/yzs/riscv/opensbi/lib/sbi/sbi_hart.c
[12:06:26] [spechunter] [Read] /home/yzs/riscv/opensbi/lib/sbi/sbi_init.c
[12:06:26] [spechunter] [Grep] pattern='mstatus_init|sbi_hart_reinit'
[12:06:26] [spechunter] [Read] /home/yzs/riscv/opensbi/lib/sbi/sbi_hsm.c
[12:06:26] [spechunter] [Grep] pattern='sbi_trap_redirect'
[12:06:26] [spechunter] [Grep] pattern='mstatus_init'
[12:06:26] [spechunter] [Grep] pattern='saved_mie|saved_mip|saved_medeleg|saved_mideleg|saved_menvcfg'
[12:06:40] [spechunter] [Read] /home/yzs/riscv/opensbi/lib/sbi/sbi_hart.c
[12:06:40] [spechunter] [Read] /home/yzs/riscv/opensbi/lib/sbi/sbi_init.c
[12:06:40] [spechunter] [Read] /home/yzs/riscv/opensbi/lib/sbi/sbi_init.c
[12:06:40] [spechunter] [Read] /home/yzs/riscv/opensbi/lib/sbi/sbi_hart.c
[12:06:40] [spechunter] [Read] /home/yzs/riscv/opensbi/lib/sbi/sbi_hart.c
[12:06:50] [spechunter] [text] Let me now gather the specific file paths and line numbers for all the locations found.  
[12:06:50] [spechunter] [Grep] pattern='mscratch|Mscratch|MSCRATCH'
[12:06:52] [spechunter] [Grep] pattern='delegate_traps'
[12:06:52] [spechunter] [Read] /home/yzs/riscv/opensbi/lib/sbi/sbi_hart.c
[12:06:52] [spechunter] [Grep] pattern='sbi_hsm_hart_start_finish|SBI_HSM_STATE_START_PENDING'
[12:07:01] [spechunter] [Grep] pattern='mepc|Mepc|MEPC'
[12:07:16] [spechunter] [Grep] pattern='mcause|Mcause|MCAUSE'
[12:07:21] [spechunter] [Grep] pattern='mtval|Mtval|MTVAL'
[12:07:26] [spechunter] [Read] /home/yzs/riscv/opensbi/lib/sbi/sbi_init.c
[12:07:26] [spechunter] [Read] /home/yzs/riscv/opensbi/platform/generic/thead/thead_c9xx_tlb_trap_handler.S
[12:07:26] [spechunter] [Grep] pattern='CLEAR_MDT|CSR_MDT'
[12:07:26] [spechunter] [Grep] pattern='sbi_scratch_thishart_ptr'
[12:07:27] [spechunter] [Read] /home/yzs/riscv/XiangShan/src/main/scala/xiangshan/backend/fu/NewCSR/MachineLevel.scala
[12:07:33] [spechunter] [text] Now let me read the critical trap entry and mret logic files.  
[12:07:33] [spechunter] [Read] /home/yzs/riscv/XiangShan/src/main/scala/xiangshan/backend/fu/NewCSR/CSREvents/TrapEntryMEvent.scala
[12:07:35] [spechunter] [Read] /home/yzs/riscv/opensbi/firmware/fw_base.S
[12:07:35] [spechunter] [Read] /home/yzs/riscv/opensbi/firmware/fw_base.S
[12:07:35] [spechunter] [Read] /home/yzs/riscv/opensbi/lib/sbi/sbi_hart.c
[12:07:35] [spechunter] [Grep] pattern='csr_read.*CSR_MTVAL|csr_read.*CSR_MCAUSE|csr_read.*CSR_MEPC'
[12:07:51] [spechunter] [Read] /home/yzs/riscv/XiangShan/src/main/scala/xiangshan/backend/fu/NewCSR/CSREvents/MretEvent.scala
[12:07:54] [spechunter] [Read] /home/yzs/riscv/opensbi/firmware/fw_base.S
[12:07:54] [spechunter] [Read] /home/yzs/riscv/opensbi/firmware/fw_base.S
[12:07:54] [spechunter] [Read] /home/yzs/riscv/opensbi/include/sbi/riscv_asm.h
[12:08:01] [spechunter] [text] Now let me read the CSR bundle definitions and the CSR number mapping.  
[12:08:01] [spechunter] [Read] /home/yzs/riscv/XiangShan/src/main/scala/xiangshan/backend/decode/isa/CSRs.scala
[12:08:09] [spechunter] [Grep] pattern='class ScratchBundle|class Epc |class CauseBundle|class XtvalBundle|class OneFieldBundle|class TrapEntryEventInput'
[12:08:16] [spechunter] [Read] /home/yzs/riscv/XiangShan/src/main/scala/xiangshan/backend/fu/NewCSR/CSRBundles.scala
[12:08:21] [spechunter] [Read] /home/yzs/riscv/XiangShan/src/main/scala/xiangshan/backend/fu/NewCSR/MachineLevel.scala
[12:08:35] [spechunter] [Read] /home/yzs/riscv/opensbi/firmware/fw_base.S
[12:08:35] [spechunter] [Grep] pattern='TRAP_VS_ENTRY|TRAP_S_ENTRY|trap_entry|_trap_vs|_trap_guest'
[12:08:35] [spechunter] [Grep] pattern='sbi_trap_context'
[12:08:41] [spechunter] [text] Now I have all the information needed. Let me read the remaining key files for the difftest/connection layer and the leg...
[12:08:41] [spechunter] [Read] /home/yzs/riscv/XiangShan/src/main/scala/xiangshan/backend/fu/NewCSR/NewCSR.scala
[12:08:45] [spechunter] [Read] /home/yzs/riscv/XiangShan/src/main/scala/xiangshan/backend/fu/CSR.scala
[12:08:49] [spechunter] [Read] /home/yzs/riscv/XiangShan/src/main/scala/xiangshan/backend/fu/NewCSR/CSREvents/CSREvent.scala
[12:08:58] [spechunter] [Grep] pattern='trap_context'
[12:08:58] [spechunter] [Grep] pattern='struct sbi_scratch'
[12:08:58] [spechunter] [Read] /home/yzs/riscv/opensbi/lib/utils/serial/semihosting.c
[12:09:53] [spechunter] [text] Now I have all the data to produce the final audit report.  ```json {   "violation": "mscratch/mepc/mcause/mtval missing...
[12:11:21] [spechunter] [text] ## Cross-Validation Analysis  **PR intent**: Clarify that `mscratch`, `mepc`, `mcause`, `mtval` are mandatory machine-le...
[12:11:37] [spechunter] [text] I'll systematically search for each of the four mandatory M-mode CSRs in the XiangShan RTL. Let me start by locating the...
[12:11:37] [spechunter] [Agent] description, prompt
[12:11:48] [spechunter] [Glob] **/*CSR*.scala
[12:11:48] [spechunter] [Glob] **/*Csr*.scala
[12:11:48] [spechunter] [Grep] pattern='0x340|0x341|0x342|0x343'
[12:11:48] [spechunter] [Grep] pattern='mscratch|mepc|mcause|mtval'
[12:12:22] [spechunter] [text] Let me now read the key source files to confirm exact line numbers and code for the findings.  
[12:12:22] [spechunter] [Read] /home/yzs/riscv/opensbi/lib/sbi/sbi_hsm.c
[12:12:22] [spechunter] [Read] /home/yzs/riscv/opensbi/lib/sbi/sbi_hsm.c
[12:12:22] [spechunter] [Read] /home/yzs/riscv/opensbi/lib/sbi/sbi_hsm.c
[12:12:31] [spechunter] [Read] /home/yzs/riscv/XiangShan/src/main/scala/xiangshan/backend/decode/isa/CSRs.scala
[12:12:31] [spechunter] [Read] /home/yzs/riscv/XiangShan/rocket-chip/src/main/scala/rocket/Instructions.scala
[12:12:31] [spechunter] [Grep] pattern='mscratch|mepc|mcause|mtval'
[12:12:31] [spechunter] [Grep] pattern='mscratch|mepc|mcause|mtval'
[12:12:31] [spechunter] [Grep] pattern='mscratch|mepc|mcause|mtval'
[12:12:31] [spechunter] [Grep] pattern='mscratch|mepc|mcause|mtval'
[12:12:42] [spechunter] [Read] /home/yzs/riscv/opensbi/firmware/fw_base.S
[12:12:42] [spechunter] [Read] /home/yzs/riscv/opensbi/firmware/fw_base.S
[12:12:42] [spechunter] [Read] /home/yzs/riscv/opensbi/firmware/fw_base.S
[12:12:42] [spechunter] [Read] /home/yzs/riscv/opensbi/firmware/fw_base.S
[12:12:54] [spechunter] [text] Now let me check the HSM ecall handler and the sbi_hart_switch_mode function, plus cold/warm boot init paths.  
[12:12:54] [spechunter] [Read] /home/yzs/riscv/opensbi/lib/sbi/sbi_hart.c
[12:12:54] [spechunter] [Read] /home/yzs/riscv/opensbi/lib/sbi/sbi_init.c
[12:12:54] [spechunter] [Read] /home/yzs/riscv/opensbi/lib/sbi/sbi_init.c
[12:12:56] [spechunter] [Grep] pattern='mscratch|mepc|mcause|mtval'
[12:12:56] [spechunter] [Grep] pattern='mscratch|mepc|mcause|mtval'
[12:12:56] [spechunter] [Grep] pattern='class.*CSRModule|class.*NewCSR|class.*CSRFile|class.*CSRs'
[12:12:56] [spechunter] [Grep] pattern='Mscratch|Mepc|Mcause|Mtval'
[12:13:00] [spechunter] [text] Let me also check the HSM ecall entry point and any CSR existence checks in the codebase.  
[12:13:00] [spechunter] [Grep] pattern='SBI_EXT_HSM_HART_SUSPEND'
[12:13:00] [spechunter] [Grep] pattern='sbi_ecall_hsm_handler'
[12:13:13] [spechunter] [Grep] pattern='mscratch|mepc|mcause|mtval'
[12:13:13] [spechunter] [Read] /home/yzs/riscv/XiangShan/src/main/scala/xiangshan/backend/fu/NewCSR/NewCSR.scala
[12:13:13] [spechunter] [Read] /home/yzs/riscv/XiangShan/src/main/scala/xiangshan/backend/fu/NewCSR/NewCSR.scala
[12:13:13] [spechunter] [Glob] **/*machine*level*.scala
[12:13:13] [spechunter] [Grep] pattern='mscratch|mepc|mcause|mtval'
[12:13:22] [spechunter] [Read] /home/yzs/riscv/XiangShan/src/main/scala/xiangshan/backend/fu/NewCSR/MachineLevel.scala
[12:13:22] [spechunter] [Read] /home/yzs/riscv/XiangShan/src/main/scala/xiangshan/backend/fu/NewCSR/NewCSR.scala
[12:13:22] [spechunter] [Read] /home/yzs/riscv/XiangShan/src/main/scala/xiangshan/backend/fu/NewCSR/CSRBundles.scala
[12:13:32] [spechunter] [text] Let me check a few more paths to be thorough.  
[12:13:32] [spechunter] [Read] /home/yzs/riscv/opensbi/lib/sbi/sbi_init.c
[12:13:32] [spechunter] [Read] /home/yzs/riscv/opensbi/lib/sbi/sbi_hsm.c
[12:13:36] [spechunter] [Read] /home/yzs/riscv/XiangShan/src/main/scala/xiangshan/backend/decode/isa/CSRs.scala
[12:13:36] [spechunter] [Grep] pattern='Mscratch|Mepc|Mcause|Mtval'
[12:13:36] [spechunter] [Read] /home/yzs/riscv/XiangShan/src/main/scala/xiangshan/backend/fu/NewCSR/MachineLevel.scala
[12:13:36] [spechunter] [Read] /home/yzs/riscv/XiangShan/src/main/scala/xiangshan/backend/fu/NewCSR/NewCSR.scala
[12:14:20] [spechunter] [text] Now let me verify the cold boot entry path for completeness.  
[12:14:20] [spechunter] [Read] /home/yzs/riscv/opensbi/firmware/fw_base.S
[12:15:10] [spechunter] [text] Now let me read the actual RTL implementation at the key locations to verify correctness.  
[12:15:10] [spechunter] [Read] /home/yzs/riscv/XiangShan/src/main/scala/xiangshan/backend/fu/NewCSR/MachineLevel.scala
[12:15:12] [spechunter] [text] Now I have all the data. Let me synthesize the findings into the JSON output.  
[12:15:12] [spechunter] [Read] /home/yzs/riscv/opensbi/lib/sbi/sbi_init.c
[12:15:27] [spechunter] [text] Good. All four CSRs are instantiated. Let me check the trap entry mechanism and the bundle definitions.  
[12:15:27] [spechunter] [Read] /home/yzs/riscv/XiangShan/src/main/scala/xiangshan/backend/fu/NewCSR/CSREvents/TrapEntryMEvent.scala
[12:15:27] [spechunter] [Read] /home/yzs/riscv/XiangShan/src/main/scala/xiangshan/backend/fu/NewCSR/CSRBundles.scala
[12:15:27] [spechunter] [Read] /home/yzs/riscv/XiangShan/src/main/scala/xiangshan/backend/fu/NewCSR/CSREvents/MretEvent.scala
[12:15:50] [spechunter] [text] Let me check the Epc bundle and how mepc/wiring works, plus verify the CSR module's R/W handling.  
[12:15:50] [spechunter] [Grep] pattern='class Epc'
[12:15:50] [spechunter] [Read] /home/yzs/riscv/XiangShan/src/main/scala/xiangshan/backend/fu/NewCSR/NewCSR.scala
[12:15:50] [spechunter] [Read] /home/yzs/riscv/XiangShan/src/main/scala/xiangshan/backend/decode/isa/CSRs.scala
[12:16:05] [spechunter] [text] Let me verify a few more key details about the CSR definitions and the register map registry.  
[12:16:05] [spechunter] [Grep] pattern='class CSRDefines|object CSRDefines|CSRRWField|CSRWARLField'
[12:16:16] [spechunter] [text] Let me check how the ScratchBundle handles writes and verify the CSR module framework includes mscratch's write path.  
[12:16:16] [spechunter] [Grep] pattern='CSRRWField|class CSRField|sealed class.*Field'
[12:16:30] [spechunter] [text] Let me check how the CSRModule handles the ScratchBundle (which has RW(63, 0) - a full read-write field) to ensure mscra...
[12:16:30] [spechunter] [Grep] pattern='class CSRModule[^P]'
[12:16:55] [spechunter] [Read] /home/yzs/riscv/XiangShan/src/main/scala/xiangshan/backend/fu/NewCSR/CSRModule.scala
[12:17:22] [spechunter] [text] Now let me verify the registration of all four CSRs in the CSR module sequence and check one more detail.  
[12:17:22] [spechunter] [Read] /home/yzs/riscv/XiangShan/src/main/scala/xiangshan/backend/fu/NewCSR/MachineLevel.scala
[12:17:35] [spechunter] [text] Let me verify the mscratch read path in NewCSR.scala.  
[12:17:35] [spechunter] [Grep] pattern='mscratch\\.rdata|mscratch\\.regOut|mscratch\\.addr'
[12:17:40] [spechunter] [text] Now I have a thorough understanding across the codebase. Here is the JSON findings output:  ```json {   "findings": [   ...
[12:17:53] [spechunter] [Grep] pattern='mscratch.*map|mscratch.*read|csrMap.*mscratch|readMap.*mscratch'
[12:18:10] [spechunter] [Grep] pattern='machineLevelCSRMods|csrModuleMap|allCSRMod'
[12:18:18] [spechunter] [Grep] pattern='machineLevelCSROutMap|machineLevelCSRMods\\.foreach|\\.addr\\s*->'
[12:18:23] [spechunter] [Grep] pattern='machineLevelCSROutMap|def.*csrMap|allCSRMod'
[12:19:04] [spechunter] [text] Now I have all the information needed. Let me produce the final analysis.  Based on thorough review of the RTL:  **mscra...
[12:19:04] [spechunter] [Read] /home/yzs/riscv/XiangShan/src/main/scala/xiangshan/backend/fu/NewCSR/NewCSR.scala
[12:19:32] [spechunter] [text] I'll cross-validate the fast-path locations against the PR context — a spec clarification that mscratch, mepc, mcause, a...
[12:19:36] [spechunter] [text] ```json {   "findings": [     {       "file_path": "src/main/scala/xiangshan/backend/fu/NewCSR/MachineLevel.scala",     ...
[12:19:55] [spechunter] [Agent] description, prompt
[12:20:19] [spechunter] [Grep] pattern='mscratch'
[12:20:19] [spechunter] [Grep] pattern='mepc'
[12:20:19] [spechunter] [Grep] pattern='mcause'
[12:20:19] [spechunter] [Grep] pattern='mtval'
[12:20:19] [spechunter] [Grep] pattern='suspend'
[12:20:19] [spechunter] [Grep] pattern='(save|restore).*csr|csr.*(save|restore)'
[12:20:44] [spechunter] [Read] /home/yzs/riscv/opensbi/lib/sbi/sbi_hsm.c
[12:20:44] [spechunter] [Read] /home/yzs/riscv/opensbi/firmware/fw_base.S
[12:20:44] [spechunter] [Read] /home/yzs/riscv/opensbi/include/sbi/sbi_trap.h
[12:20:44] [spechunter] [Read] /home/yzs/riscv/opensbi/lib/sbi/sbi_trap.c
[12:20:44] [spechunter] [Grep] pattern='suspend.*(save|restore)|(save|restore).*suspend'
[12:20:44] [spechunter] [Grep] pattern='__sbi_hsm_suspend'
[12:21:08] [spechunter] [Read] /home/yzs/riscv/opensbi/lib/sbi/sbi_init.c
[12:21:08] [spechunter] [Read] /home/yzs/riscv/opensbi/lib/sbi/sbi_system.c
[12:21:08] [spechunter] [Read] /home/yzs/riscv/opensbi/include/sbi/sbi_hsm.h
[12:23:42] [spechunter] [text] Now let me read the key code in detail to make a precise assessment.  
[12:23:42] [spechunter] [Read] /home/yzs/riscv/opensbi/lib/sbi/sbi_hsm.c
[12:23:42] [spechunter] [Read] /home/yzs/riscv/opensbi/firmware/fw_base.S
[12:23:42] [spechunter] [Read] /home/yzs/riscv/opensbi/firmware/fw_base.S
[12:24:11] [spechunter] [text] Let me trace the warm resume path to understand whether mscratch/mepc need saving.  
[12:24:11] [spechunter] [Read] /home/yzs/riscv/opensbi/lib/sbi/sbi_init.c
[12:24:11] [spechunter] [Read] /home/yzs/riscv/opensbi/lib/sbi/sbi_hsm.c
[12:25:03] [spechunter] [Grep] pattern='sbi_hart_switch_mode'
[12:25:21] [spechunter] [Grep] pattern='sbi_hart_switch_mode'
[12:25:29] [spechunter] [Read] /home/yzs/riscv/opensbi/lib/sbi/sbi_hart.c
[12:25:34] [spechunter] [Read] /home/yzs/riscv/opensbi/lib/sbi/sbi_hart.c
[12:26:42] [spechunter] [text] Now let me check the warm boot path to understand how mscratch is re-established on resume.  
[12:26:42] [spechunter] [Read] /home/yzs/riscv/opensbi/firmware/fw_base.S
[12:26:42] [spechunter] [Read] /home/yzs/riscv/opensbi/lib/sbi/sbi_hsm.c
[12:27:46] [spechunter] [Read] /home/yzs/riscv/opensbi/lib/sbi/sbi_domain_context.c
[12:27:46] [spechunter] [Grep] pattern='misa_extension.*S|misa.*S.*extension|scratc|mepc|mcause|mtval'
[12:28:14] [spechunter] [Read] /home/yzs/riscv/opensbi/firmware/fw_base.S
[12:28:14] [spechunter] [Read] /home/yzs/riscv/opensbi/firmware/fw_base.S
[12:29:12] [spechunter] [text] Let me check the H-extension trap handler for any conditional CSR access patterns.  
[12:29:12] [spechunter] [Read] /home/yzs/riscv/opensbi/firmware/fw_base.S
[12:29:58] [spechunter] [Read] /home/yzs/riscv/opensbi/lib/sbi/sbi_init.c
[12:31:07] [spechunter] [text] Now let me verify one more important detail about the warm boot entry point.  
[12:31:07] [spechunter] [Read] /home/yzs/riscv/opensbi/firmware/fw_base.S
[12:31:07] [spechunter] [Grep] pattern='misa_extension|misa_check|CSR_MSCRATCH|CSR_MEPC|CSR_MCAUSE|CSR_MTVAL'
[12:32:11] [spechunter] [text] Let me also check the C-level trap handling for any conditional CSR access patterns.  
[12:32:11] [spechunter] [Read] /home/yzs/riscv/opensbi/lib/sbi/sbi_trap.c
[12:33:35] [spechunter] [text] Now I have a thorough understanding of the code. Let me synthesize my analysis.  ---  ## Security Audit Analysis  ### Ba...
[12:33:35] [spechunter] [Write] /home/yzs/riscv/opensbi/mscratch_mepc_mcause_mtval_audit.json
[12:33:44] [spechunter] [text] ## Audit Result: **COMPLIANT**  All 9 findings are marked `compliant`. Here's the summary:  ### Why no violation exists ...
