[10:59:12] [spechunter] PR loaded: #199 riscv-non-isa/riscv-iopmp — "Reference Model: Refine interrupt and bus error suppression"
[10:59:12] [spechunter]   diff: 29299 chars  body: 136 chars  reviews: 0
[10:59:12] [spechunter] Global pre-filter running...
[10:59:27] [spechunter] [text] {"should_skip": false}
[10:59:28] [spechunter] pre-filter: should_skip=False reason=""
[10:59:40] [spechunter] [text] {"should_skip": true, "skip_reason": "IOPMP reference model internal bug fix (interrupt suppression logic in C model cod...
[10:59:41] [spechunter] [text] {"should_skip": true, "skip_reason": "Reference model internal bug fix (iopmp_ref_model/) — not a specification change a...
[10:59:45] [spechunter] [text] {"should_skip": true, "skip_reason": "Reference model implementation bug fix only; no IOPMP specification change that af...
[10:59:45] [spechunter] [text] {"should_skip": false}
[10:59:55] [spechunter] [text] {"should_skip": true, "skip_reason": "Reference model (iopmp_ref_model) internal bug fix for IOPMP interrupt/error suppr...
[11:00:13] [spechunter] [Read] /home/yzs/riscv/XiangShan/iopmp_hwcfg_v081_findings.json
[11:00:56] [spechunter] [Grep] pattern='intrpt_suppress|error_suppress|gen_intrpt|gen_buserr|peis|pees'
[11:01:01] [spechunter] [Grep] pattern='intrpt_suppress|error_suppress|gen_intrpt|gen_buserr|peis|pees|sire|siwe|sixe|sere|sewe|sexe'
[11:02:06] [spechunter] [Read] /home/yzs/riscv/XiangShan/ChiselIOPMP/src/main/scala/IopmpChecker.scala
[11:02:06] [spechunter] [Read] /home/yzs/riscv/XiangShan/ChiselIOPMP/src/main/scala/IopmpChecker.scala
[11:02:06] [spechunter] [Read] /home/yzs/riscv/XiangShan/ChiselIOPMP/src/main/scala/IopmpChecker.scala
[11:03:25] [spechunter] [Read] /home/yzs/riscv/XiangShan/ChiselIOPMP/src/main/scala/IopmpChecker.scala
[11:04:25] [spechunter] [Read] /home/yzs/riscv/XiangShan/ChiselIOPMP/src/main/scala/IopmpChecker.scala
[11:05:13] [spechunter] [Grep] pattern='RegMapIO|RegCfgIO|o_reg_hwcfg|o_reg_errcfg'
[11:06:45] [spechunter] [text] Now let me read the critical error capture section in the Ctrl FSM and the interrupt-suppression logic:  
[11:06:45] [spechunter] [Read] /home/yzs/riscv/XiangShan/ChiselIOPMP/src/main/scala/IopmpChecker.scala
[11:06:45] [spechunter] [Read] /home/yzs/riscv/XiangShan/ChiselIOPMP/src/main/scala/IopmpChecker.scala
[11:06:45] [spechunter] [Read] /home/yzs/riscv/XiangShan/ChiselIOPMP/src/main/scala/IopmpChecker.scala
[11:07:22] [spechunter] [Read] /home/yzs/riscv/XiangShan/ChiselIOPMP/src/main/scala/IopmpChecker.scala
[11:09:03] [spechunter] [text] Now let me verify the exact error capture condition by reading the `sErr` state transition logic more carefully.  
[11:09:03] [spechunter] [Read] /home/yzs/riscv/XiangShan/ChiselIOPMP/src/main/scala/IopmpChecker.scala
[11:10:15] [spechunter] [text] ```json {   "violation_condition": "In the XiangShan IOPMP Ctrl FSM (IopmpChecker.scala:1144-1155), the sErr state uncon...
[11:10:40] [spechunter] [Agent] description, prompt
[11:10:42] [spechunter] [Grep] pattern='ERR_INFO'
[11:10:42] [spechunter] [Grep] pattern='ERR_CFG'
[11:10:42] [spechunter] [Grep] pattern='HWCFG0'
[11:10:42] [spechunter] [Grep] pattern='ENTRY_CFG'
[11:10:42] [spechunter] [Grep] pattern='iopmp'
[11:11:08] [spechunter] [Grep] pattern='iopmp'
[11:11:08] [spechunter] [Grep] pattern='err_info|errinfo|err_cfg|err_ie|buserr|gen_buserr'
[11:11:08] [spechunter] [Grep] pattern='peis|pees|sire|siwe|sere|sewe|sexe'
[11:11:08] [spechunter] [Grep] pattern='hwcfg0|hwcfg2|hwcfg_'
[11:11:13] [spechunter] [Glob] **/*Iopmp*
[11:11:13] [spechunter] [Glob] **/*iopmp*
[11:11:13] [spechunter] [Glob] **/*IOPMP*
[11:11:13] [spechunter] [Grep] pattern='IOPMP|iopmp|Iopmp'
[11:11:13] [spechunter] [Grep] pattern='errinfo|errcfg|ERR_INFO|ERR_CFG'
[11:11:13] [spechunter] [Grep] pattern='entry_cfg|ENTRY_CFG'
[11:11:13] [spechunter] [Grep] pattern='hwcfg|HWCFG|HW_CFG'
[11:11:13] [spechunter] [Grep] pattern='sire|siwe|sere|sewe|sexe'
[11:11:14] [spechunter] [Read] /home/yzs/riscv/XiangShan/ChiselIOPMP/src/main/scala/IopmpChecker.scala
[11:11:14] [spechunter] [Read] /home/yzs/riscv/XiangShan/ChiselIOPMP/src/main/scala/Iopmp.scala
[11:11:29] [spechunter] [Glob] **/*
[11:11:29] [spechunter] [Grep] pattern='iopmp|IOPMP|Iopmp'
[11:11:29] [spechunter] [Grep] pattern='iopmp|IOPMP|Iopmp'
[11:11:29] [spechunter] [Grep] pattern='errinfo|errcfg|ERR_INFO|ERR_CFG'
[11:11:29] [spechunter] [Grep] pattern='hwcfg|HWCFG'
[11:11:46] [spechunter] [Grep] pattern='errinfo_v|errinfo_ttype|errinfo_etype|gen_intrpt|gen_buserr'
[11:11:46] [spechunter] [Grep] pattern='\\.rs\\b|errcfg_rs|errcfg_ie'
[11:11:46] [spechunter] [Grep] pattern='sere|sewe|sexe|sire|siwe'
[11:11:46] [spechunter] [Read] /home/yzs/riscv/XiangShan/ChiselIOPMP/src/main/scala/IopmpBridge.scala
[11:11:49] [spechunter] [Read] /home/yzs/riscv/XiangShan/ChiselIOPMP/src/main/scala/IopmpChecker.scala
[11:11:49] [spechunter] [Read] /home/yzs/riscv/XiangShan/ChiselIOPMP/src/main/scala/Iopmp.scala
[11:11:49] [spechunter] [Read] /home/yzs/riscv/XiangShan/ChiselIOPMP/src/main/scala/IopmpBridge.scala
[11:11:49] [spechunter] [Read] /home/yzs/riscv/XiangShan/src/test/scala/top/SimMMIO.scala
[11:11:49] [spechunter] [Read] /home/yzs/riscv/XiangShan/ChiselIOPMP/build.sc
[11:11:49] [spechunter] [Read] /home/yzs/riscv/XiangShan/ChiselIOPMP/Makefile
[11:11:49] [spechunter] [Read] /home/yzs/riscv/XiangShan/ChiselIOPMP/README.md
[11:12:02] [spechunter] [Read] /home/yzs/riscv/XiangShan/iopmp_hwcfg_v081_findings.json
[11:12:02] [spechunter] [Read] /home/yzs/riscv/XiangShan/hwcfg2_msi_en_findings.json
[11:12:02] [spechunter] [Read] /home/yzs/riscv/XiangShan/smidctrl_threshold_findings.json
[11:12:14] [spechunter] [Grep] pattern='IOPMP|iopmp|Iopmp'
[11:12:14] [spechunter] [Grep] pattern='IOPMP|iopmp|Iopmp'
[11:12:14] [spechunter] [Grep] pattern='IOPMP|iopmp|Iopmp'
[11:12:14] [spechunter] [Grep] pattern='IOPMP|iopmp|Iopmp'
[11:12:14] [spechunter] [Grep] pattern='IOPMP|iopmp|Iopmp'
[11:12:14] [spechunter] [Grep] pattern='IOPMP|iopmp|Iopmp'
[11:12:14] [spechunter] [Grep] pattern='IOPMP|iopmp|Iopmp'
[11:12:21] [spechunter] [Grep] pattern='peis|pees'
[11:12:21] [spechunter] [Grep] pattern='errinfo_v|gen_intrpt|gen_buserr|sErr.*capture|err.*suppress'
[11:12:21] [spechunter] [Read] /home/yzs/riscv/XiangShan/notrace_security_trace_findings.json
[11:12:43] [spechunter] [Glob] **/IOPMP*.sv
[11:12:43] [spechunter] [Glob] **/Iopmp*.sv
[11:12:43] [spechunter] [Read] /home/yzs/riscv/XiangShan/.gitmodules
[11:14:06] [spechunter] [text] Based on my thorough search of the XiangShan repository, here are all references to the affected IOPMP entities:  ```jso...
[11:14:09] [spechunter] [Read] /home/yzs/riscv/XiangShan/ChiselIOPMP/src/main/scala/IopmpChecker.scala
[11:14:09] [spechunter] [Read] /home/yzs/riscv/XiangShan/ChiselIOPMP/src/main/scala/IopmpChecker.scala
[11:14:09] [spechunter] [Read] /home/yzs/riscv/XiangShan/ChiselIOPMP/src/main/scala/IopmpChecker.scala
[11:14:22] [spechunter] [Read] /home/yzs/riscv/XiangShan/ChiselIOPMP/src/main/scala/IopmpChecker.scala
[11:14:22] [spechunter] [Read] /home/yzs/riscv/XiangShan/ChiselIOPMP/src/main/scala/IopmpChecker.scala
[11:14:22] [spechunter] [Read] /home/yzs/riscv/XiangShan/ChiselIOPMP/src/main/scala/IopmpChecker.scala
[11:14:43] [spechunter] [text] Now let me read the RegMapIO definition and the bridge error handling, plus check for HWCFG2 fields (peis/pees gating). ...
[11:14:43] [spechunter] [Read] /home/yzs/riscv/XiangShan/ChiselIOPMP/src/main/scala/IopmpChecker.scala
[11:14:43] [spechunter] [Read] /home/yzs/riscv/XiangShan/ChiselIOPMP/src/main/scala/IopmpBridge.scala
[11:14:43] [spechunter] [Read] /home/yzs/riscv/XiangShan/ChiselIOPMP/src/main/scala/IopmpBridge.scala
[11:14:55] [spechunter] [Read] /home/yzs/riscv/XiangShan/ChiselIOPMP/src/main/scala/IopmpChecker.scala
[11:15:08] [spechunter] [Grep] pattern='class RegMapIO|RegMapIO'
[11:15:08] [spechunter] [Grep] pattern='peis|pees'
[11:15:20] [spechunter] [Read] /home/yzs/riscv/XiangShan/ChiselIOPMP/src/main/scala/IopmpChecker.scala
[11:15:20] [spechunter] [Grep] pattern='sire|siwe|sixe|sere|sewe|sexe'
[11:15:29] [spechunter] [text] Now let me check IopmpParams defaults and the bridge error suppression logic more closely:  
[11:15:29] [spechunter] [Read] /home/yzs/riscv/XiangShan/ChiselIOPMP/src/main/scala/IopmpChecker.scala
[11:15:29] [spechunter] [Read] /home/yzs/riscv/XiangShan/ChiselIOPMP/src/main/scala/IopmpBridge.scala
[11:15:51] [spechunter] [text] Let me also check how `rs` connects from checker to bridge, and look at the reference model.  
[11:15:51] [spechunter] [Read] /home/yzs/riscv/XiangShan/ChiselIOPMP/src/main/scala/Iopmp.scala
[11:15:51] [spechunter] [Glob] **/iopmp_ref_model/**/*.h
[11:15:59] [spechunter] [Glob] **/iopmp.h
[11:15:59] [spechunter] [Grep] pattern='gen_intrpt|gen_buserr|first_record'
[11:16:07] [spechunter] [Grep] pattern='pass|cf_w|cf_r|current_rw'
[11:16:43] [spechunter] [text] Now I have a complete picture. Let me verify one more detail about what register fields are actually exposed to Ctrl.  
[11:16:43] [spechunter] [Grep] pattern='o_reg_hwcfg'
[11:17:51] [spechunter] [text] Now I have all the evidence. Let me write the findings.  
[11:17:51] [spechunter] [Write] /home/yzs/riscv/XiangShan/smnip_preempt_findings.json
[11:18:12] [spechunter] [Read] /home/yzs/riscv/XiangShan/smnip_preempt_findings.json
[11:18:19] [spechunter] [text] This is the existing smnip findings file. I need to write the IOPMP findings to the correct file. Let me check what IOPM...
[11:18:19] [spechunter] [Glob] *iopmp*findings*.json
[11:18:27] [spechunter] [Read] /home/yzs/riscv/XiangShan/iopmp_hwcfg_v081_findings.json
[11:20:21] [spechunter] [text] Now I have all the evidence from the codebase. Here is the complete findings report:  ---  **Findings Report: IOPMP Ctrl...
[11:20:41] [spechunter] [Bash] Check recent IOPMP-related commits
[11:20:45] [spechunter] [Glob] **/ChiselIOPMP/src/main/scala/*.scala
[11:20:55] [spechunter] [text] Let me read the key source files to cross-validate the fast-path locations.  
[11:20:55] [spechunter] [Read] /home/yzs/riscv/XiangShan/ChiselIOPMP/src/main/scala/IopmpChecker.scala
[11:20:55] [spechunter] [WebFetch] https://github.com/riscv-non-isa/iopmp-spec/issues/198
[11:21:12] [spechunter] [Bash] Fetch GitHub issue #198 from iopmp-spec repo
[11:21:12] [spechunter] [Read] /home/yzs/riscv/XiangShan/ChiselIOPMP/src/main/scala/IopmpChecker.scala
[11:21:19] [spechunter] [Read] /home/yzs/riscv/XiangShan/ChiselIOPMP/src/main/scala/IopmpChecker.scala
[11:21:19] [spechunter] [Read] /home/yzs/riscv/XiangShan/ChiselIOPMP/src/main/scala/IopmpChecker.scala
[11:21:35] [spechunter] [Read] /home/yzs/riscv/XiangShan/ChiselIOPMP/src/main/scala/IopmpChecker.scala
[11:21:35] [spechunter] [Read] /home/yzs/riscv/XiangShan/ChiselIOPMP/src/main/scala/IopmpBridge.scala
[11:22:55] [spechunter] [Read] /home/yzs/riscv/XiangShan/ChiselIOPMP/src/main/scala/Iopmp.scala
[11:24:18] [spechunter] [text] Now I have all the information needed. Let me read the FSM interrupt generation once more to confirm a key detail, then ...
[11:24:18] [spechunter] [Read] /home/yzs/riscv/XiangShan/ChiselIOPMP/src/main/scala/IopmpChecker.scala
[11:26:03] [spechunter] [text] Now I have a complete picture of all three source files. Let me produce the cross-validated location set.  ---  ## Analy...
[11:26:26] [spechunter] [text] I need to find the actual source files mentioned in the security spec. Let me locate them.  
[11:26:26] [spechunter] [Glob] **/IopmpChecker.scala
[11:26:26] [spechunter] [Glob] **/IopmpCtrl*.scala
[11:26:26] [spechunter] [Glob] **/iopmp/**/*.scala
[11:26:33] [spechunter] [text] Let me read the relevant sections of the IOPMP checker file.  
[11:26:33] [spechunter] [Bash] Count lines in IopmpChecker.scala
[11:26:48] [spechunter] [Read] /home/yzs/riscv/XiangShan/ChiselIOPMP/src/main/scala/IopmpChecker.scala
[11:26:48] [spechunter] [Read] /home/yzs/riscv/XiangShan/ChiselIOPMP/src/main/scala/IopmpChecker.scala
[11:27:14] [spechunter] [text] Let me read more of the relevant context - the entry attributes, HWCFG registers, and the full interrupt/error generatio...
[11:27:14] [spechunter] [Read] /home/yzs/riscv/XiangShan/ChiselIOPMP/src/main/scala/IopmpChecker.scala
[11:27:14] [spechunter] [Read] /home/yzs/riscv/XiangShan/ChiselIOPMP/src/main/scala/IopmpChecker.scala
[11:27:14] [spechunter] [Read] /home/yzs/riscv/XiangShan/ChiselIOPMP/src/main/scala/IopmpChecker.scala
[11:27:28] [spechunter] [text] Let me read more of the relevant structures.  
[11:27:28] [spechunter] [Grep] pattern='class EntryAttribute'
[11:27:28] [spechunter] [Grep] pattern='EntryAttribute'
[11:27:28] [spechunter] [Grep] pattern='hwcfg0|hwcfg2|peis|pees'
[11:27:43] [spechunter] [Grep] pattern='class EntryAttribute|EntryAttribute|sire|siwe|sere|sewe|sexe'
[11:27:43] [spechunter] [Grep] pattern='hwcfg|peis|pees|peis'
[11:28:04] [spechunter] [text] Let me read the full EntryAttribute class and HWCFG register definitions.  
[11:28:04] [spechunter] [Read] /home/yzs/riscv/XiangShan/ChiselIOPMP/src/main/scala/IopmpChecker.scala
[11:28:04] [spechunter] [Read] /home/yzs/riscv/XiangShan/ChiselIOPMP/src/main/scala/IopmpChecker.scala
[11:28:04] [spechunter] [Grep] pattern='o_reg_hwcfg0_peis|o_reg_hwcfg0_pees'
[11:28:15] [spechunter] [Read] /home/yzs/riscv/XiangShan/ChiselIOPMP/src/main/scala/IopmpChecker.scala
[11:28:15] [spechunter] [Read] /home/yzs/riscv/XiangShan/ChiselIOPMP/src/main/scala/IopmpChecker.scala
[11:28:23] [spechunter] [Read] /home/yzs/riscv/XiangShan/ChiselIOPMP/src/main/scala/IopmpChecker.scala
[11:28:23] [spechunter] [Read] /home/yzs/riscv/XiangShan/ChiselIOPMP/src/main/scala/IopmpChecker.scala
[11:28:34] [spechunter] [Grep] pattern='o_reg_hwcfg0'
[11:28:34] [spechunter] [Read] /home/yzs/riscv/XiangShan/ChiselIOPMP/src/main/scala/IopmpChecker.scala
[11:28:50] [spechunter] [text] Let me also check if the HWCFG0.peis/pees fields are exported from RegMap to the Ctrl module, since the spec claims they...
[11:28:50] [spechunter] [Read] /home/yzs/riscv/XiangShan/ChiselIOPMP/src/main/scala/IopmpChecker.scala
[11:28:50] [spechunter] [Grep] pattern='o_reg_hwcfg'
[11:29:35] [spechunter] [text] Now I have a thorough understanding of the RTL. Let me compile the findings.  
[11:29:35] [spechunter] [Bash] Check if peis/pees are exported from RegMapIO
[11:31:25] [spechunter] [text] Now I have all the information needed for the analysis. Here is the security audit:  ```json {   "findings": [     {    ...
