[03:09:28] [spechunter] PR loaded: #9 riscv/integrated-matrix-extension — "unprivileged/integrated-matrix: Disallow vector masking for multiply-accumulate"
[03:09:28] [spechunter]   diff: 5379 chars  body: 522 chars  reviews: 1
[03:09:28] [spechunter] Global pre-filter running...
[03:10:03] [spechunter] [text] {"should_skip": false, "skip_reason": "ISA encoding change reserving vm=0 as illegal-instruction on matrix multiply-accu...
[03:10:04] [spechunter] pre-filter: should_skip=False reason="ISA encoding change reserving vm=0 as illegal-instruction on matrix multiply-accumulate — defines trap conditions and hardware exception boundaries directly relevant to correctness and security analysis."
[03:10:15] [spechunter] [text] {"should_skip": true, "skip_reason": "Vector matrix extension instruction encoding change (vm bit reservation) with no i...
[03:10:21] [spechunter] [text] {"should_skip": false}
[03:10:22] [spechunter] [Grep] pattern='integrated.matrix|Zvvfmm|Zvvmtls|vmmacc|vfmmacc|vwmmacc|vqwmmacc|vfwmmacc|vfqwmmacc|integrated.matrix'
[03:10:30] [spechunter] [text] ```json {"should_skip": true, "skip_reason": "Integrated Matrix extension is not supported by the Linux kernel and this ...
[03:10:33] [spechunter] [text] {"should_skip": true, "skip_reason": "Integrated matrix extension (IME) is not supported by FreeBSD; spec clarification ...
[03:10:38] [spechunter] [text] {"should_skip": true, "skip_reason": "XiangShan does not implement the integrated-matrix extension (Zvvfmm/Zvvmtls/Zvvm)...
[03:10:44] [spechunter] [text] Let me check if QEMU already has any implementation of these integrated matrix instructions.  
[03:10:44] [spechunter] [Grep] pattern='vmmacc|vfmmacc|vwmmacc|vqwmmacc|vfqwmmacc|vfwmmacc'
[03:10:44] [spechunter] [Grep] pattern='integrated.matrix|zvfmm|zvvfmm|zvvmtls|zvqmm|zvwmm'
[03:10:58] [spechunter] [Grep] pattern='vm.*=.*0.*illegal|vext_set_vm|require_vm|vm.*reserved|require_align'
[03:10:58] [spechunter] [Grep] pattern='OPIVV|OPFVV'
[03:11:08] [spechunter] [Grep] pattern='require_vm|vm.*=.*0.*gen_exception|illegal.*vm|vm.*illegal|vext_check_isa_reg_mask'
[03:11:08] [spechunter] [Grep] pattern='vext_check_isa|require_align'
[03:11:25] [spechunter] [Read] /home/yzs/riscv/qemu/target/riscv/insn_trans/trans_rvv.c.inc
[03:11:25] [spechunter] [Grep] pattern='integrated.matrix|matrix.*multiply|vmmacc|vfmmacc'
[03:11:51] [spechunter] [text] {   "violation_condition": "In QEMU TCG, when implementing the integrated-matrix multiply-accumulate instructions (vmmac...
[03:12:05] [spechunter] [Grep] pattern='vmmacc|vwmmacc|vqwmmacc|vfmmacc|vfwmmacc|vfqwmmacc'
[03:12:05] [spechunter] [Grep] pattern='require_vm'
[03:12:05] [spechunter] [Glob] target/riscv/insn32/**
[03:12:08] [spechunter] [Grep] pattern='vmmacc|vwmmacc|vqwmmacc|vfmmacc|vfwmmacc|vfqwmmacc'
[03:12:08] [spechunter] [Grep] pattern='require_vm'
[03:12:08] [spechunter] [Grep] pattern='integrated.matrix|integrated_matrix|imat'
[03:12:25] [spechunter] [Bash] Check recent git commits
[03:12:25] [spechunter] [Grep] pattern='vmmacc|integrated.matrix|matrix.*multiply|zfmm'
[03:12:25] [spechunter] [Glob] target/riscv/insn_trans/**
[03:12:27] [spechunter] [text] No matches found for the six matrix multiply-accumulate instructions in QEMU source code. Let me verify by also searchin...
[03:12:27] [spechunter] [Grep] pattern='mmacc'
[03:12:27] [spechunter] [Grep] pattern='mmacc'
[03:12:27] [spechunter] [Grep] pattern='require_vm'
[03:12:27] [spechunter] [Grep] pattern='integrated_matrix|integrated.matrix|imat'
[03:12:35] [spechunter] [Glob] target/riscv/insn32/**
[03:12:35] [spechunter] [Grep] pattern='vmacc|vmadd'
[03:12:36] [spechunter] [text] The matrix multiply-accumulate instructions don't seem to exist yet in this QEMU version. Let me search more broadly for...
[03:12:36] [spechunter] [Grep] pattern='matrix|vmm|wmm|qfmm'
[03:12:36] [spechunter] [Grep] pattern='require_vm'
[03:12:36] [spechunter] [Grep] pattern='zfmm|Zfmm|Zvma|Zvm'
[03:12:58] [spechunter] [Read] /home/yzs/riscv/qemu/target/riscv/insn_trans/trans_rvv.c.inc
[03:12:58] [spechunter] [Grep] pattern='OPIVV|OPFVV|OPMVV|OPIVX|OPFVF'
[03:12:58] [spechunter] [Grep] pattern='ext_icsr|ext_ifcm|ext_imte|ext_sm'
[03:13:00] [spechunter] [text] Here are the findings. The six matrix multiply-accumulate instructions (`vmmacc`, `vwmmacc`, `vqwmmacc`, `vfmmacc`, `vfw...
[03:13:16] [spechunter] [Grep] pattern='OPIVV|OPFVV|OPMVV'
[03:13:16] [spechunter] [Grep] pattern='opivv_trans|opfvv_trans|opmvx_trans|opmv_trans'
[03:13:16] [spechunter] [Grep] pattern='gen_helper_vmacc|gen_helper_vwmacc'
[03:13:40] [spechunter] [Read] /home/yzs/riscv/qemu/target/riscv/insn_trans/trans_rvv.c.inc
[03:13:40] [spechunter] [Grep] pattern='OPFVV|OPMVV|OPMVX'
[03:13:40] [spechunter] [Grep] pattern='opivv_trans|opmv_trans'
[03:13:50] [spechunter] [Glob] **/decode*
[03:13:50] [spechunter] [Glob] **/*.decode
[03:13:50] [spechunter] [Grep] pattern='OPIVV|OPFVV|OPMVV'
[03:13:59] [spechunter] [Grep] pattern='OPIVV|OPFVV|OPMVV|OPIVX|OPFVF|OPMVX'
[03:13:59] [spechunter] [Grep] pattern='vadd_vv|vwadd|vfadd|vmadd|vwmacc|vfmacc|vfmadd'
[03:14:16] [spechunter] [Grep] pattern='vmacc_vv|nmsub_vv|vmadd_vv'
[03:14:16] [spechunter] [Grep] pattern='vwmaccu_vv|vwmacc_vv|opivv_widen_check'
[03:14:16] [spechunter] [Grep] pattern='vfmacc_vv|vfmadd_vv|vfnmsub|vfnmacc'
[03:15:23] [spechunter] [Grep] pattern='vext_check_sss|vext_check_ds'
[03:15:23] [spechunter] [Grep] pattern='static bool opivv_check|static bool opfvv_check|static bool opivv_overwrite'
[03:15:23] [spechunter] [Grep] pattern='GEN_OPIVV_TRANS\\(vmacc|GEN_OPIVV_WIDEN_TRANS\\(vwmacc'
[03:15:38] [spechunter] [Read] /home/yzs/riscv/qemu/target/riscv/insn_trans/trans_rvv.c.inc
[03:15:38] [spechunter] [Read] /home/yzs/riscv/qemu/target/riscv/insn_trans/trans_rvv.c.inc
[03:15:38] [spechunter] [Read] /home/yzs/riscv/qemu/target/riscv/insn_trans/trans_rvv.c.inc
[03:15:38] [spechunter] [Read] /home/yzs/riscv/qemu/target/riscv/insn_trans/trans_rvv.c.inc
[03:15:47] [spechunter] [text] Now let me trace the full call chain for how `vm` validation works.  
[03:15:47] [spechunter] [Grep] pattern='static bool vext_check_ss\\b'
[03:15:47] [spechunter] [Grep] pattern='static bool vext_check_input_eew'
[03:15:53] [spechunter] [Read] /home/yzs/riscv/qemu/target/riscv/insn_trans/trans_rvv.c.inc
[03:15:53] [spechunter] [Read] /home/yzs/riscv/qemu/target/riscv/insn_trans/trans_rvv.c.inc
[03:15:53] [spechunter] [Read] /home/yzs/riscv/qemu/target/riscv/insn_trans/trans_rvv.c.inc
[03:16:29] [spechunter] [Grep] pattern='vext_wide_check_common'
[03:16:29] [spechunter] [Grep] pattern='GEN_OPFVF_TRANS|GEN_OPFVV_TRANS|GEN_OPFVV_WIDEN'
[03:16:44] [spechunter] [Read] /home/yzs/riscv/qemu/target/riscv/insn_trans/trans_rvv.c.inc
[03:16:44] [spechunter] [Grep] pattern='@r_vm'
[03:17:20] [spechunter] [text] Now let me look at how the `@r_vm_1` pattern works for instructions that hardwire vm=1, and the overall translator macro...
[03:17:20] [spechunter] [Read] /home/yzs/riscv/qemu/target/riscv/insn32.decode
[03:17:20] [spechunter] [Grep] pattern='@r_vm_1'
[03:17:20] [spechunter] [Grep] pattern='trans_vadc_vvm|GEN_OPIVV_TRANS\\(vadc'
[03:17:37] [spechunter] [text] Now let me look at how the `@r_vm` decode format vs `@r_vm_1` differ, and understand what would happen if someone added ...
[03:17:37] [spechunter] [Read] /home/yzs/riscv/qemu/target/riscv/insn_trans/trans_rvv.c.inc
[03:17:37] [spechunter] [Read] /home/yzs/riscv/qemu/target/riscv/insn_trans/trans_rvv.c.inc
[03:17:45] [spechunter] [Grep] pattern='vfmacc_vv|vfwmacc_vv|vfnmacc_vv|vfwnmacc_vv|vfwmsac_vv|vfwnmsac_vv'
[03:17:45] [spechunter] [Read] /home/yzs/riscv/qemu/target/riscv/insn_trans/trans_rvv.c.inc
[03:17:45] [spechunter] [Read] /home/yzs/riscv/qemu/target/riscv/insn_trans/trans_rvv.c.inc
[03:18:13] [spechunter] [text] Now let me check the CPU feature/CSR infrastructure and any other potential affected areas.  
[03:18:13] [spechunter] [Grep] pattern='ext_zv|ext_zf|ext_zvbb|ext_zvbc|ext_zvk'
[03:18:13] [spechunter] [Grep] pattern='ext_zv|ext_zf'
[03:18:13] [spechunter] [Grep] pattern='MULTI_EXT_CFG_BOOL'
[03:18:35] [spechunter] [text] Now let me trace how VM=0 creates TCG masked-execution paths in the helper code.  
[03:18:35] [spechunter] [Grep] pattern='vext_set_elem_mask|vext_vma|VDATA'
[03:18:35] [spechunter] [Grep] pattern='VDATA|VM|VMA'
[03:18:57] [spechunter] [text] Let me verify the actual code at the cited locations to cross-validate against the PR context.  
[03:18:57] [spechunter] [Read] /home/yzs/riscv/qemu/target/riscv/insn_trans/trans_rvv.c.inc
[03:18:57] [spechunter] [Read] /home/yzs/riscv/qemu/target/riscv/insn_trans/trans_rvv.c.inc
[03:18:57] [spechunter] [Grep] pattern='matrix|mmacc|integrated.matrix|vfmmacc|vfwmmacc|vqwmmacc|vwmmacc'
[03:19:04] [spechunter] [text] No matrix multiply-accumulate code exists in QEMU yet. Let me verify this is truly unimplemented across the full tree.  
[03:19:04] [spechunter] [Grep] pattern='vfmmacc|vfwmmacc|vqwmmacc|vmmacc|vwmmacc|integrated.matrix|smfmmacc'
[03:19:04] [spechunter] [Grep] pattern='require_vm'
[03:19:39] [spechunter] [text] Let me also check the decode/disassembly for any matrix instruction definitions.  
[03:19:39] [spechunter] [Grep] pattern='matrix|mmacc|smfmmacc'
[03:19:39] [spechunter] [Grep] pattern='vmacc|vmadd|vnmsac|vnmsub'
[03:20:06] [spechunter] [text] Now I have the complete picture. Here's the cross-validated result:  ```json {   "locations": [     {       "file": "tar...
[03:20:20] [spechunter] [Grep] pattern='vmmacc|vwmmacc|vqwmmacc|vfmmacc|vfwmmacc|vfqwmmacc'
[03:20:20] [spechunter] [Grep] pattern='require_vm'
[03:20:47] [spechunter] [Grep] pattern='vmmacc|vwmmacc|vqwmmacc|vfmmacc|vfwmmacc|vfqwmmacc'
[03:20:47] [spechunter] [Grep] pattern='integrated.matrix|imatrix|vmmacc|vwmmacc|vqwmmacc'
[03:20:47] [spechunter] [Grep] pattern='mmacc|macc'
[03:21:01] [spechunter] [Grep] pattern='mmacc|macc'
[03:21:01] [spechunter] [Grep] pattern='mmacc|macc'
[03:21:12] [spechunter] [Grep] pattern='mmacc|imatrix|integrated.matrix|zimov|zvim'
[03:21:12] [spechunter] [Read] /home/yzs/riscv/qemu/analysis_integrated_matrix_arith.json
[03:21:12] [spechunter] [Read] /home/yzs/riscv/qemu/analysis_integrated_matrix_cmul_alignment.json
[03:21:55] [spechunter] [Grep] pattern='vmmacc|vwmmacc|vqwmmacc|vfmmacc|vfwmmacc|vfqwmmacc|integrated.matrix|imatrix|zvinm'
[03:21:55] [spechunter] [Grep] pattern='mmacc|macc'
[03:22:09] [spechunter] [text] Now let me verify by checking the current diff in `hw/riscv/riscv-iommu.c` and confirming the full scope of the codebase...
[03:22:09] [spechunter] [Grep] pattern='zvinm|zvim'
[03:22:43] [spechunter] [text] Based on my thorough analysis of the QEMU codebase, here are my findings:  ```json {   "findings": [],   "overall_severi...
