[06:03:37] [spechunter] PR loaded: #175 riscv-non-isa/riscv-iopmp — "Reference Model: Improve error capture and interrupt generation"
[06:03:37] [spechunter]   diff: 10717 chars  body: 289 chars  reviews: 1
[06:03:37] [spechunter] Global pre-filter running...
[06:03:46] [spechunter] [text] {"should_skip": false}
[06:03:48] [spechunter] pre-filter: should_skip=False reason=""
[06:04:01] [spechunter] [text] {"should_skip": true, "skip_reason": "IOPMP (I/O PMP) reference model changes are not related to OpenSBI's M-mode firmwa...
[06:04:09] [spechunter] [text] {"should_skip": true, "skip_reason": "Reference model code cleanup and documentation improvements only; no spec semantic...
[06:04:10] [spechunter] [text] {"should_skip": true, "skip_reason": "Reference model internal refactoring (dead code removal, comment cleanup, logic re...
[06:04:15] [spechunter] [text] {"should_skip": true, "skip_reason": "Reference model code cleanup (dead code removal, comment improvements, refactoring...
[06:04:38] [spechunter] [text] {"should_skip": false, "skip_reason": "IOPMP error capture and interrupt generation logic changes in the reference model...
[06:05:22] [spechunter] [Bash] Check recent commits for context
[06:08:03] [spechunter] [Bash] Quick repo context check
[06:09:11] [spechunter] [text] ```json {   "violation_condition": "In XiangShan IOPMP RTL, the wired interrupt output signal (iopmp_intr) and MSI write...
[06:09:37] [spechunter] [text] Searching the XiangShan codebase for all affected entities from the IOPMP reference model PR.  
[06:09:37] [spechunter] [Grep] pattern='msi_en'
[06:09:37] [spechunter] [Grep] pattern='msi_werr'
[06:09:37] [spechunter] [Grep] pattern='iopmp_intrpt'
[06:09:37] [spechunter] [Grep] pattern='MSI_write_FSM'
[06:09:37] [spechunter] [Grep] pattern='err_cfg'
[06:09:41] [spechunter] [Agent] description, prompt
[06:09:51] [spechunter] [Glob] **/src/**/*iopmp*
[06:09:51] [spechunter] [Glob] **/src/**/*IOPMP*
[06:09:51] [spechunter] [Grep] pattern='iopmp|IOPMP'
[06:09:52] [spechunter] [text] Let me dig deeper into the main file and search for additional variations.  
[06:09:52] [spechunter] [Read] /home/yzs/riscv/XiangShan/ChiselIOPMP/src/main/scala/IopmpChecker.scala
[06:09:52] [spechunter] [Grep] pattern='intrpt'
[06:09:52] [spechunter] [Grep] pattern='MSI_write'
[06:09:52] [spechunter] [Grep] pattern='err_info'
[06:09:52] [spechunter] [Grep] pattern='msi_trigger'
[06:10:00] [spechunter] [Glob] **/*iopmp*
[06:10:00] [spechunter] [Glob] **/*IOPMP*
[06:10:00] [spechunter] [Grep] pattern='IOPMP|iopmp'
[06:10:13] [spechunter] [text] Let me search for additional related patterns and check the directory structure.  
[06:10:13] [spechunter] [Glob] ChiselIOPMP/**/*.scala
[06:10:13] [spechunter] [Grep] pattern='io\\.int'
[06:10:13] [spechunter] [Grep] pattern='suppress'
[06:10:13] [spechunter] [Grep] pattern='MSI'
[06:10:28] [spechunter] [Read] /home/yzs/riscv/XiangShan/ChiselIOPMP/src/main/scala/Iopmp.scala
[06:10:28] [spechunter] [Read] /home/yzs/riscv/XiangShan/ChiselIOPMP/src/main/scala/IopmpBridge.scala
[06:10:48] [spechunter] [Grep] pattern='io_intrpt|msi_trigger'
[06:10:48] [spechunter] [Grep] pattern='errcfg_ie|errcfg_msi|errinfo_v'
[06:11:31] [spechunter] [text] Here are all the references found in the XiangShan codebase for the affected entities:  ```json {   "locations": [     {...
[06:12:12] [spechunter] [Read] /home/yzs/riscv/XiangShan/ChiselIOPMP/src/main/scala/Iopmp.scala
[06:12:12] [spechunter] [Read] /home/yzs/riscv/XiangShan/ChiselIOPMP/src/main/scala/IopmpChecker.scala
[06:12:12] [spechunter] [Read] /home/yzs/riscv/XiangShan/ChiselIOPMP/src/main/scala/IopmpBridge.scala
[06:12:42] [spechunter] [Grep] pattern='msi_en|msi_werr|error_capture|err_cfg|err_info'
[06:12:42] [spechunter] [Grep] pattern='MSI|msi|intrpt'
[06:12:42] [spechunter] [Grep] pattern='intrpt|msi_intrpt'
[06:13:10] [spechunter] [Glob] /home/yzs/riscv/XiangShan/ChiselIOPMP/**/*
[06:13:10] [spechunter] [Grep] pattern='msi_en|msi_werr|err_cfg|err_info|intrpt'
[06:13:15] [spechunter] [Read] /home/yzs/riscv/XiangShan/hwcfg2_msi_en_findings.json
[06:13:15] [spechunter] [Read] /home/yzs/riscv/XiangShan/errcfg_stall_violation_en_findings.json
[06:13:56] [spechunter] [Grep] pattern='o_reg_errcfg_msi_en'
[06:13:56] [spechunter] [Grep] pattern='msi_en|msi_sel|o_reg_errcfg'
[06:14:23] [spechunter] [Grep] pattern='io\\.reg\\.o_reg_errcfg|io\\.int|int\\s*<>'
[06:14:23] [spechunter] [Grep] pattern='msi_en|msi_sel'
[06:15:43] [spechunter] [text] Let me verify the key code locations directly.  
[06:15:43] [spechunter] [Read] /home/yzs/riscv/XiangShan/ChiselIOPMP/src/main/scala/IopmpChecker.scala
[06:15:43] [spechunter] [Read] /home/yzs/riscv/XiangShan/ChiselIOPMP/src/main/scala/IopmpChecker.scala
[06:15:43] [spechunter] [Read] /home/yzs/riscv/XiangShan/ChiselIOPMP/src/main/scala/IopmpChecker.scala
[06:15:43] [spechunter] [Read] /home/yzs/riscv/XiangShan/ChiselIOPMP/src/main/scala/IopmpChecker.scala
[06:15:50] [spechunter] [Read] /home/yzs/riscv/XiangShan/ChiselIOPMP/src/main/scala/IopmpChecker.scala
[06:15:50] [spechunter] [Read] /home/yzs/riscv/XiangShan/ChiselIOPMP/src/main/scala/IopmpChecker.scala
[06:16:12] [spechunter] [text] Let me also check the top-level Iopmp.scala and the Ctrl FSM's error state for completeness.  
[06:16:12] [spechunter] [Read] /home/yzs/riscv/XiangShan/ChiselIOPMP/src/main/scala/Iopmp.scala
[06:16:12] [spechunter] [Read] /home/yzs/riscv/XiangShan/ChiselIOPMP/src/main/scala/IopmpChecker.scala
[06:16:12] [spechunter] [Grep] pattern='msi_en'
[06:16:20] [spechunter] [text] Let me check the reference model and look for any MSI write FSM implementation.  
[06:16:20] [spechunter] [Grep] pattern='msi_werr|msi_write|MSI_write|msi_trigger'
[06:16:20] [spechunter] [Grep] pattern='msi_en.*intrpt|intrpt.*msi_en|mutual|exclusion|wired.*msi|msi.*wired'
[06:16:20] [spechunter] [Glob] **/iopmp_ref_model/**/*.{c,h}
[06:16:43] [spechunter] [text] Let me check the reference model and the parameter defaults.  
[06:16:43] [spechunter] [Glob] **/iopmp_ref_model/**
[06:16:43] [spechunter] [Read] /home/yzs/riscv/XiangShan/ChiselIOPMP/src/main/scala/IopmpChecker.scala
[06:16:43] [spechunter] [Read] /home/yzs/riscv/XiangShan/ChiselIOPMP/src/main/scala/IopmpChecker.scala
[06:17:49] [spechunter] [text] Now I have a complete picture. Let me write the finding.  
[06:17:49] [spechunter] [Write] /home/yzs/riscv/XiangShan/iopmp_intr_msi_mutex_findings.json
[06:17:59] [spechunter] [text] Report written to `iopmp_intr_msi_mutex_findings.json`. Here's the summary:  ---  ### Key Finding: Mutual Exclusion Does...
[06:18:12] [spechunter] [text] Let me cross-validate the fast-path locations against the actual code to identify what's truly relevant to this PR.  
[06:18:12] [spechunter] [Bash] Check recent commits for PR-related changes
[06:18:12] [spechunter] [Bash] Check recent IOPMP file changes
[06:18:19] [spechunter] [text] Let me validate the actual file locations against the code.  
[06:18:19] [spechunter] [Glob] **/IopmpChecker.scala
[06:18:19] [spechunter] [Glob] **/Iopmp.scala
[06:18:37] [spechunter] [Read] /home/yzs/riscv/XiangShan/ChiselIOPMP/src/main/scala/IopmpChecker.scala
[06:18:37] [spechunter] [Read] /home/yzs/riscv/XiangShan/ChiselIOPMP/src/main/scala/IopmpChecker.scala
[06:18:37] [spechunter] [Read] /home/yzs/riscv/XiangShan/ChiselIOPMP/src/main/scala/IopmpChecker.scala
[06:18:37] [spechunter] [Read] /home/yzs/riscv/XiangShan/ChiselIOPMP/src/main/scala/IopmpChecker.scala
[06:18:37] [spechunter] [Read] /home/yzs/riscv/XiangShan/ChiselIOPMP/src/main/scala/IopmpChecker.scala
[06:18:37] [spechunter] [Read] /home/yzs/riscv/XiangShan/ChiselIOPMP/src/main/scala/IopmpChecker.scala
[06:18:52] [spechunter] [text] Now let me check the remaining top-level locations and the interrupt generation details.  
[06:18:52] [spechunter] [Read] /home/yzs/riscv/XiangShan/ChiselIOPMP/src/main/scala/Iopmp.scala
[06:18:52] [spechunter] [Read] /home/yzs/riscv/XiangShan/ChiselIOPMP/src/main/scala/Iopmp.scala
[06:18:52] [spechunter] [Read] /home/yzs/riscv/XiangShan/ChiselIOPMP/src/main/scala/IopmpChecker.scala
[06:19:21] [spechunter] [text] Let me also check for MFR-related signals, since the PR mentions removing redundant MFR operations.  
[06:19:21] [spechunter] [Grep] pattern='mfr|MFR|mfr_en|reg_mfr'
[06:19:21] [spechunter] [Grep] pattern='svc|subsequent.*violation'
[06:19:42] [spechunter] [Read] /home/yzs/riscv/XiangShan/ChiselIOPMP/src/main/scala/IopmpChecker.scala
[06:19:42] [spechunter] [Read] /home/yzs/riscv/XiangShan/ChiselIOPMP/src/main/scala/IopmpChecker.scala
[06:20:33] [spechunter] [text] Now let me check the `IopmpParams` block for the `mfr_en` parameter (relevant to PR's "remove redundant MFR operations")...
[06:20:33] [spechunter] [Read] /home/yzs/riscv/XiangShan/ChiselIOPMP/src/main/scala/IopmpChecker.scala
[06:22:24] [spechunter] [text] Now I have a complete picture. Let me produce the final cross-validated location set.  **Cross-validation summary:**  Al...
[06:23:15] [spechunter] [Agent] description, subagent_type
[06:23:25] [spechunter] [Glob] **/IOPMP*
[06:23:25] [spechunter] [Glob] **/iopmp*
[06:23:25] [spechunter] [Glob] **/IoPmp*
[06:23:25] [spechunter] [Glob] **/*iopmp*
[06:23:25] [spechunter] [Glob] **/*IOPmp*
[06:23:38] [spechunter] [Grep] pattern='(?i)iopmp'
[06:23:38] [spechunter] [Glob] **/*Iopmp*
[06:23:38] [spechunter] [Glob] **/*{I,i}{O,o}{P,p}{M,m}{P,p}*
[06:23:39] [spechunter] [Bash] Find all files with iopmp in name (case-insensitive)
[06:23:52] [spechunter] [Read] /home/yzs/riscv/XiangShan/ChiselIOPMP/src/main/scala/Iopmp.scala
[06:23:52] [spechunter] [Read] /home/yzs/riscv/XiangShan/ChiselIOPMP/src/main/scala/IopmpChecker.scala
[06:23:52] [spechunter] [Read] /home/yzs/riscv/XiangShan/ChiselIOPMP/src/main/scala/IopmpBridge.scala
[06:23:52] [spechunter] [Grep] pattern='iopmp_intr|msi_trigger|msi_werr|err_cfg|err_info|intr_gen|interrupt'
[06:24:08] [spechunter] [Glob] **/*
[06:24:08] [spechunter] [Grep] pattern='(?i)iopmp'
[06:24:08] [spechunter] [Grep] pattern='(?i)iopmp'
[06:24:21] [spechunter] [Grep] pattern='(?i)iopmp'
[06:24:21] [spechunter] [Grep] pattern='(?i)iopmp|ChiselIOPMP'
[06:24:21] [spechunter] [Grep] pattern='(?i)iopmp'
[06:24:21] [spechunter] [Read] /home/yzs/riscv/XiangShan/ChiselIOPMP/README.md
[06:24:26] [spechunter] [Read] /home/yzs/riscv/XiangShan/ChiselIOPMP/build.sc
[06:24:26] [spechunter] [Read] /home/yzs/riscv/XiangShan/ChiselIOPMP/Makefile
[06:24:26] [spechunter] [Grep] pattern='ChiselIOPMP'
[06:25:27] [spechunter] [text] Let me now read the critical interrupt generation logic and MSI-related code in detail.  
[06:25:27] [spechunter] [Read] /home/yzs/riscv/XiangShan/ChiselIOPMP/src/main/scala/IopmpChecker.scala
[06:25:27] [spechunter] [Read] /home/yzs/riscv/XiangShan/ChiselIOPMP/src/main/scala/IopmpChecker.scala
[06:25:27] [spechunter] [Read] /home/yzs/riscv/XiangShan/ChiselIOPMP/src/main/scala/IopmpChecker.scala
[06:25:51] [spechunter] [text] Let me also look at the error capture FSM and any MSI-related logic more carefully.  
[06:25:51] [spechunter] [Read] /home/yzs/riscv/XiangShan/ChiselIOPMP/src/main/scala/IopmpChecker.scala
[06:25:51] [spechunter] [Read] /home/yzs/riscv/XiangShan/ChiselIOPMP/src/main/scala/IopmpChecker.scala
[06:25:51] [spechunter] [Grep] pattern='msi'
[06:26:02] [spechunter] [text] Let me also read the top-level Iopmp.scala and check the existing audit findings.  
[06:26:02] [spechunter] [Read] /home/yzs/riscv/XiangShan/ChiselIOPMP/src/main/scala/Iopmp.scala
[06:26:02] [spechunter] [Read] /home/yzs/riscv/XiangShan/iopmp_intr_msi_mutex_findings.json
[06:26:02] [spechunter] [Read] /home/yzs/riscv/XiangShan/ChiselIOPMP/src/main/scala/IopmpChecker.scala
[06:26:19] [spechunter] [text] Let me verify the Ctrl module's RegIO interface to confirm `msi_en` is accessible but unused.  
[06:26:19] [spechunter] [Read] /home/yzs/riscv/XiangShan/ChiselIOPMP/src/main/scala/IopmpChecker.scala
[06:26:19] [spechunter] [Read] /home/yzs/riscv/XiangShan/ChiselIOPMP/src/main/scala/IopmpChecker.scala
[06:26:38] [spechunter] [text] Now I have a thorough understanding of the code. Let me verify one more thing — the Ctrl module's gating of `msi_en`.  
[06:26:38] [spechunter] [Grep] pattern='msi'
[06:27:01] [spechunter] [text] Now I have a complete picture of all the IOPMP interrupt/MSI code paths. Let me also verify the Ctrl module's internal m...
[06:27:01] [spechunter] [Grep] pattern='msi'
[06:27:59] [spechunter] [text] Now I have a complete understanding. Let me compile the analysis.  
[06:27:59] [spechunter] [Read] /home/yzs/riscv/XiangShan/ChiselIOPMP/src/main/scala/IopmpChecker.scala
[06:29:17] [spechunter] [text] I have now read all the relevant IOPMP interrupt and MSI logic. Here is the complete security audit.  ```json {   "findi...
