[14:02:20] [spechunter] PR loaded: #80 riscv/riscv-memory-tagging — "src/mte_tag: remove asynchronous mode from specification"
[14:02:20] [spechunter]   diff: 3090 chars  body: 144 chars  reviews: 0
[14:02:20] [spechunter] Global pre-filter running...
[14:02:28] [spechunter] [text] {"should_skip": false}
[14:02:31] [spechunter] pre-filter: should_skip=False reason=""
[14:02:43] [spechunter] [text] {"should_skip": false}
[14:02:55] [spechunter] [text] {"should_skip": false}
[14:03:06] [spechunter] [text] {"should_skip": false, "skip_reason": "Modifies mseccfg CSR bit layout (removes MT_ASYNC bit), an M-mode CSR that OpenSB...
[14:03:08] [spechunter] [text] {"should_skip": false}
[14:03:10] [spechunter] [text] {"should_skip": false}
[14:03:36] [spechunter] [text] ```json {   "violation_condition": "Kernel explicitly clears or modifies bit 36 (former MT_ASYNC) in senvcfg/henvcfg/men...
[14:03:38] [spechunter] [text] ```json {   "violation_condition": "QEMU still emulates the MT_ASYNC bit (bit 36 in menvcfg/senvcfg/henvcfg; or the remo...
[14:03:40] [spechunter] [Grep] pattern='envcfg|mseccfg|MT_ASYNC|MT_MODE|memory.tag|memtag|mte_tag'
[14:03:40] [spechunter] [Grep] pattern='software.check|tag.check|tag.mismatch|SIGSEGV.*tag|SEGV_MTE'
[14:03:40] [spechunter] [Grep] pattern='envcfg'
[14:03:41] [spechunter] [text] {  
[14:03:41] [spechunter] [Write] /home/yzs/riscv/XiangShan/mte_tag_async_removal_findings.json
[14:03:53] [spechunter] [text] ```json {   "violation_condition": "XiangShan RTL retains the MT_ASYNC bit (bit 36 in xenvcfg; former bit adjacent to MT...
[14:03:56] [spechunter] [Bash] Check if OpenSBI codebase references MTE async bits
[14:03:56] [spechunter] [Bash] Check if OpenSBI references MTE-related CSRs/fields
[14:03:58] [spechunter] [TodoWrite] 6 items
[14:04:00] [spechunter] [Agent] description, subagent_type
[14:04:04] [spechunter] [Grep] pattern='menvcfg'
[14:04:04] [spechunter] [Grep] pattern='senvcfg'
[14:04:04] [spechunter] [Grep] pattern='henvcfg'
[14:04:04] [spechunter] [Grep] pattern='mseccfg'
[14:04:04] [spechunter] [Grep] pattern='MTE|mte_tag|tag_check|MT_ASYNC|mt_async|async.*mte|mte.*async'
[14:04:09] [spechunter] [Grep] pattern='senvcfg|henvcfg|menvcfg'
[14:04:09] [spechunter] [Grep] pattern='MT_ASYNC|mte_tag|__enable_mte|__disable_mte'
[14:04:09] [spechunter] [Grep] pattern='mseccfg'
[14:04:10] [spechunter] [Agent] description, subagent_type
[14:04:10] [spechunter] [Grep] pattern='senvcfg'
[14:04:10] [spechunter] [Grep] pattern='henvcfg'
[14:04:10] [spechunter] [Grep] pattern='menvcfg'
[14:04:10] [spechunter] [Grep] pattern='mseccfg'
[14:04:10] [spechunter] [Grep] pattern='envcfg.*MT_ASYNC|MT_ASYNC.*envcfg|BIT.*36.*envcfg|__enable_mte|__disable_mte|csr_write.*envcfg.*mask'
[14:04:10] [spechunter] [Grep] pattern='sencfg.*36|hencfg.*36|ENVCFG.*ASYNC|MTE.*async|async.*MTE|ADUE|menvcfg'
[14:04:10] [spechunter] [Grep] pattern='CSR_SENVCFG|CSR_HENVCFG|CSR_MENVCFG|CSR_MSECCFG'
[14:04:17] [spechunter] [Grep] pattern='MT_ASYNC|mt_async|MteAsync|async_tag_check|deferred_tag_exception|tag_mismatch_async'
[14:04:17] [spechunter] [Grep] pattern='menvcfg'
[14:04:17] [spechunter] [Grep] pattern='senvcfg'
[14:04:17] [spechunter] [Grep] pattern='henvcfg'
[14:04:17] [spechunter] [Grep] pattern='mseccfg'
[14:04:17] [spechunter] [Grep] pattern='tag_check_fsm|store_tag_check'
[14:04:21] [spechunter] [text] Let me search for more specific MTE async-related patterns and the envcfg bit definitions.  
[14:04:21] [spechunter] [Grep] pattern='async|ASYN|ASYNC'
[14:04:21] [spechunter] [Grep] pattern='MENVCFG|SENVCFG|HENVCFG'
[14:04:21] [spechunter] [Grep] pattern='WPRI|wpri'
[14:04:21] [spechunter] [Grep] pattern='MSECCFG'
[14:04:21] [spechunter] [Grep] pattern='MENVCFG|SENVCFG|HENVCFG|MSECCFG'
[14:04:21] [spechunter] [Grep] pattern='MENVCFG|SENVCFG|HENVCFG|MSECCFG'
[14:04:29] [spechunter] [Grep] pattern='MT_ASYNC|mt_async|MTE_ASYNC|mte_async'
[14:04:29] [spechunter] [Grep] pattern='envcfg.*(?:bit\\s*36|36\\s*bit)|bit\\s*36.*envcfg'
[14:04:29] [spechunter] [Grep] pattern='mseccfg'
[14:04:29] [spechunter] [Grep] pattern='tag_check|tag.check'
[14:04:29] [spechunter] [Grep] pattern='WPRI.*envcfg|envcfg.*WPRI'
[14:04:29] [spechunter] [Grep] pattern='async'
[14:04:31] [spechunter] [text] Let me search for MTE-specific async/immediate mode references and the tag check configuration CSR fields.  
[14:04:31] [spechunter] [Grep] pattern='tag_check|tag.*check|tcf|TCF'
[14:04:31] [spechunter] [Grep] pattern='mmte|smte|umte|MTE|SMTE|UMTE'
[14:04:31] [spechunter] [Grep] pattern='mmte|smte|umte'
[14:04:33] [spechunter] [Grep] pattern='SEGV_MTE|tag_check|tag.check|mte|memory.tag'
[14:04:33] [spechunter] [Grep] pattern='menvcfg|senvcfg|henvcfg|uenvcfg|mseccfg'
[14:04:45] [spechunter] [Grep] pattern='SENVCFG|HENVCFG|MENVCFG|senvcfg|henvcfg|menvcfg'
[14:04:45] [spechunter] [Grep] pattern='MSECCFG|mseccfg'
[14:04:49] [spechunter] [Grep] pattern='MT_ASYNC|mt_async|MteAsync'
[14:04:49] [spechunter] [Grep] pattern='async_tag|deferred_tag|tag_mismatch_async|AsyncTag|async_mode'
[14:04:49] [spechunter] [Grep] pattern='mte_tag|tag_check|store_tag_check|tag_fsm|tagFsm'
[14:04:49] [spechunter] [Grep] pattern='menvcfg|senvcfg|henvcfg|mseccfg'
[14:04:49] [spechunter] [Grep] pattern='xenvcfg|envcfg'
[14:04:55] [spechunter] [Grep] pattern='ENVCFG_'
[14:04:55] [spechunter] [Grep] pattern='csr_write.*envcfg|csr_write.*ENVCFG|CSR_ENVCFG'
[14:04:55] [spechunter] [Grep] pattern='envcfg'
[14:04:57] [spechunter] [Grep] pattern='async'
[14:04:57] [spechunter] [Grep] pattern='MTE|MT_ASYNC|tag_check'
[14:04:57] [spechunter] [Grep] pattern='envcfg'
[14:04:57] [spechunter] [Grep] pattern='envcfg'
[14:04:57] [spechunter] [Glob] target/riscv/kvm/**
[14:05:01] [spechunter] [Grep] pattern='ENVCFG_'
[14:05:01] [spechunter] [Grep] pattern='MSECCFG'
[14:05:01] [spechunter] [Grep] pattern='ENVCFG_ADUE|ENVCFG_PBMTE|ENVCFG_STCE|ENVCFG_CBIE|ENVCFG_CBCFE|ENVCFG_CBZE|ENVCFG_PMM|ENVCFG_SSE'
[14:05:01] [spechunter] [Grep] pattern='ENVCFG_ADUE|ENVCFG_PBMTE|ENVCFG_STCE|ENVCFG_CBIE|ENVCFG_CBCFE|ENVCFG_CBZE|ENVCFG_PMM|ENVCFG_SSE'
[14:05:01] [spechunter] [Grep] pattern='menvcfg'
[14:05:02] [spechunter] [Read] /home/yzs/riscv/freebsd-src/sys/riscv/include/riscvreg.h
[14:05:02] [spechunter] [Grep] pattern='WPRI|wpri'
[14:05:04] [spechunter] [Grep] pattern='ENVCFG_MT|ENVCFG_.*MTE|MT_ASYNC|MT_MODE'
[14:05:04] [spechunter] [Grep] pattern='ENVCFG_DTE|ENVCFG_CBZE|ENVCFG_CBCFE|ENVCFG_PBMTE|ENVCFG_STCE|ENVCFG_CDE|ENVCFG_ADUE|ENVCFG_LPE|ENVCFG_SSE'
[14:05:04] [spechunter] [Grep] pattern='mseccfg'
[14:05:04] [spechunter] [Grep] pattern='STCE|stce|ADUE|adue|DTE|dte'
[14:05:04] [spechunter] [Grep] pattern='bit.*36|36.*bit|_MASK.*36|36.*_MASK'
[14:05:04] [spechunter] [Grep] pattern='mte|tag.*ext|memory.*tag|pointer.*mask'
[14:05:04] [spechunter] [Grep] pattern='mte|tag.*ext|memory.*tagging|zicmte|Smte|ssmte|Sspmt'
[14:05:12] [spechunter] [Grep] pattern='MTE|mte|MemoryTag|memory_tag|tag_check|TagCheck|tagchk|TagChk'
[14:05:12] [spechunter] [Grep] pattern='xenvcfg|senvcfg|menvcfg|henvcfg'
[14:05:12] [spechunter] [Grep] pattern='MTE|mte|MemoryTag|memory_tag|tag_check|TagCheck|tagchk|TagChk|tag_mismatch|TagMismatch'
[14:05:12] [spechunter] [Grep] pattern='Async|async|deferred|Deferred'
[14:05:13] [spechunter] [text] Let me also search for any MTE-related implementation that might exist under different names.  
[14:05:13] [spechunter] [Grep] pattern='mte_tag|MTETag|mte_Tag|tag_check|tagCheck|MemTag|mem_tag'
[14:05:13] [spechunter] [Grep] pattern='mte_tag|MTETag|mte_Tag'
[14:05:13] [spechunter] [Grep] pattern='async.*tag|tag.*async|deferred.*tag|tag.*deferred'
[14:05:13] [spechunter] [Grep] pattern='mte|MTE'
[14:05:17] [spechunter] [Read] /home/yzs/riscv/linux/arch/riscv/include/asm/switch_to.h
[14:05:17] [spechunter] [Read] /home/yzs/riscv/linux/arch/riscv/kvm/vcpu.c
[14:05:17] [spechunter] [Read] /home/yzs/riscv/linux/arch/riscv/kvm/vcpu_sbi_fwft.c
[14:05:22] [spechunter] [Read] /home/yzs/riscv/linux/arch/riscv/kernel/usercfi.c
[14:05:22] [spechunter] [Read] /home/yzs/riscv/linux/arch/riscv/kernel/process.c
[14:05:22] [spechunter] [Read] /home/yzs/riscv/linux/arch/riscv/kvm/vcpu_onereg.c
[14:05:22] [spechunter] [Grep] pattern='envcfg'
[14:05:22] [spechunter] [Grep] pattern='MSECCFG|mseccfg'
[14:05:22] [spechunter] [Grep] pattern='MSECCFG|mseccfg'
[14:05:22] [spechunter] [Grep] pattern='menvcfg|MENVCFG'
[14:05:22] [spechunter] [Grep] pattern='envcfg.*prctl|prctl.*envcfg|ENVCFG.*prctl|prctl.*ENVCFG|PR_MTE_TCF'
[14:05:29] [spechunter] [text] Let me now read the critical CSR write function areas where the mask for menvcfg/senvcfg/henvcfg is defined, and also ch...
[14:05:29] [spechunter] [Read] /home/yzs/riscv/qemu/target/riscv/cpu_bits.h
[14:05:29] [spechunter] [Read] /home/yzs/riscv/qemu/target/riscv/csr.c
[14:05:29] [spechunter] [Grep] pattern='ext_ssmte|ext_smte|ext_zicmte|sspmp|ext_sspmp|pointer_mask|pmask'
[14:05:32] [spechunter] [Grep] pattern='MENVCFG_|SENVCFG_|HENVCFG_'
[14:05:32] [spechunter] [Grep] pattern='mseccfg|MSECCFG'
[14:05:32] [spechunter] [Grep] pattern='memory.tag|Memory.Tag|MEMORY_TAG|memory_tag'
[14:05:32] [spechunter] [Grep] pattern='bit.*36|36.*bit|BIT.*36|36.*BIT'
[14:05:32] [spechunter] [Grep] pattern='Zjpm|zixpm|jpm|pointer_masking'
[14:05:42] [spechunter] [Grep] pattern='context.switch|save.*envcfg|restore.*envcfg|envcfg.*save|envcfg.*restore'
[14:05:42] [spechunter] [Grep] pattern='bhyve.*envcfg|envcfg.*bhyve|menvcfg|senvcfg|henvcfg'
[14:05:42] [spechunter] [text] ```json {   "violation_condition": "OpenSBI reads menvcfg CSR, then writes it back verbatim (e.g., HSM save/restore or m...
[14:05:46] [spechunter] [Read] /home/yzs/riscv/linux/tools/include/uapi/linux/prctl.h
[14:05:46] [spechunter] [Grep] pattern='MTE|mte_tag'
[14:05:46] [spechunter] [Grep] pattern='envcfg_update_bits|envcfg'
[14:05:46] [spechunter] [Grep] pattern='riscv_setup_vm|CSR_MENVCFG|menvcfg.*ADR|ADR.*menvcfg|mseccfg.*write|csr_write.*mseccfg'
[14:05:46] [spechunter] [Grep] pattern='CSR_MENVCFG|CSR_MSECCFG|mseccfg|menvcfg'
[14:05:46] [spechunter] [Read] /home/yzs/riscv/qemu/target/riscv/csr.c
[14:05:46] [spechunter] [Read] /home/yzs/riscv/qemu/target/riscv/pmp.c
[14:05:46] [spechunter] [Grep] pattern='CSR_MSE|CSR_MMT|CSR_SMT|CSR_UMT|CSR_SMPT|CSR_SSMPT|mseccfgh|MSECCFG'
[14:05:46] [spechunter] [Grep] pattern='menvcfg|senvcfg|henvcfg|mseccfg'
[14:05:52] [spechunter] [Read] /home/yzs/riscv/linux/arch/riscv/kernel/process.c
[14:05:52] [spechunter] [Read] /home/yzs/riscv/linux/arch/riscv/kernel/usercfi.c
[14:05:52] [spechunter] [Read] /home/yzs/riscv/linux/arch/riscv/kernel/suspend.c
[14:05:53] [spechunter] [Grep] pattern='async|envcfg|tag|MTE|mte|MSECCFG'
[14:05:53] [spechunter] [Grep] pattern='async|envcfg|tag|MTE|mte|mseccfg'
[14:05:53] [spechunter] [Grep] pattern='async|envcfg|MTE|mte|tag_check|WPRI|36'
[14:05:53] [spechunter] [Grep] pattern='WPRI'
[14:05:53] [spechunter] [Read] /home/yzs/riscv/qemu/target/riscv/csr.c
[14:05:54] [spechunter] [Grep] pattern='mte|MTE|tag_chk|tagchk|TagChk|tag_check|TagCheck|MemoryTag'
[14:05:54] [spechunter] [Grep] pattern='mte|MTE|tag_chk|tagchk|TagChk|tag_check|TagCheck|MemoryTag'
[14:05:54] [spechunter] [Grep] pattern='mte|MTE|tag_chk|tagchk|TagChk|tag_check|TagCheck|MemoryTag'
[14:05:54] [spechunter] [Grep] pattern='mte|MTE|tag_chk|tagchk|TagChk|tag_check|TagCheck|MemoryTag'
[14:05:54] [spechunter] [Grep] pattern='mte|MTE|tag_chk|tagchk|TagChk|tag_check|TagCheck|MemoryTag'
[14:05:54] [spechunter] [Grep] pattern='mte|MTE|tag_chk|tagchk|TagChk|tag_check|TagCheck|MemoryTag'
[14:05:54] [spechunter] [Grep] pattern='mte|MTE|tag_chk|tagchk|TagChk|tag_check|TagCheck|MemoryTag'
[14:05:54] [spechunter] [Grep] pattern='mte|MTE|tag_chk|tagchk|TagChk|tag_check|TagCheck|MemoryTag'
[14:05:55] [spechunter] [text] Let me check the MEnvCfg and Mseccfg bundle definitions for any MTE-related fields, and also the findings file for more ...
[14:05:55] [spechunter] [Grep] pattern='class MEnvCfg|class Mseccfg|class CSRBundle.*mseccfg'
[14:05:55] [spechunter] [Read] /home/yzs/riscv/XiangShan/mte_tag_async_removal_findings.json
[14:05:57] [spechunter] [Grep] pattern='CSR_MENVCFG'
[14:05:57] [spechunter] [Grep] pattern='menvcfg'
[14:06:00] [spechunter] [text] Now let me look at the KVM vcpu_onereg.c for how senvcfg is handled in get/set one_reg, and the kvm_host.h for the data ...
[14:06:00] [spechunter] [Grep] pattern='senvcfg|henvcfg|menvcfg|ENVCFG'
[14:06:00] [spechunter] [Grep] pattern='senvcfg|henvcfg|menvcfg|envcfg'
[14:06:05] [spechunter] [Grep] pattern='menvcfg|MENVCFG'
[14:06:05] [spechunter] [Grep] pattern='csr_read.*menvcfg|csr_write.*menvcfg|csr_read.*MENVCFG|csr_write.*MENVCFG'
[14:06:12] [spechunter] [text] Let me check a few more specific patterns to ensure comprehensive coverage.  
[14:06:12] [spechunter] [Grep] pattern='PMM_FIELD_RESERVED|pmm_field'
[14:06:12] [spechunter] [Grep] pattern='immediate|sync.*tag|tag.*sync|tag.*mode'
[14:06:12] [spechunter] [Grep] pattern='MENVCFG|SENVCFG|HENVCFG|MSECCFG'
[14:06:12] [spechunter] [Read] /home/yzs/riscv/qemu/target/riscv/csr.c
[14:06:13] [spechunter] [Grep] pattern='tag|Tag'
[14:06:13] [spechunter] [Grep] pattern='menvcfg|senvcfg|henvcfg|xenvcfg'
[14:06:13] [spechunter] [Grep] pattern='mseccfg|Mseccfg'
[14:06:13] [spechunter] [Grep] pattern='menvcfg|senvcfg|henvcfg'
[14:06:13] [spechunter] [Grep] pattern='store.*tag|tag.*store|tagCheck|tag_check|tagCmp|tagCompare'
[14:06:16] [spechunter] [Grep] pattern='bit 36|BIT_36|<< 36|1UL << 36'
[14:06:16] [spechunter] [Grep] pattern='vcpulist|vcpu.*save|vcpu.*restore|vm_exitcode|vm_run'
[14:06:20] [spechunter] [text] Let me read the key source files to determine precise line ranges and function names.  
[14:06:20] [spechunter] [Read] /home/yzs/riscv/opensbi/lib/sbi/sbi_hart.c
[14:06:20] [spechunter] [Read] /home/yzs/riscv/opensbi/lib/sbi/sbi_hsm.c
[14:06:20] [spechunter] [Read] /home/yzs/riscv/opensbi/lib/sbi/sbi_fwft.c
[14:06:22] [spechunter] [Read] /home/yzs/riscv/linux/arch/riscv/include/asm/kvm_host.h
[14:06:22] [spechunter] [Grep] pattern='senvcfg|SENVCFG'
[14:06:28] [spechunter] [text] Let me read the key source files to understand the exact read/write patterns.  
[14:06:28] [spechunter] [Read] /home/yzs/riscv/opensbi/lib/sbi/sbi_hart.c
[14:06:28] [spechunter] [Read] /home/yzs/riscv/opensbi/lib/sbi/sbi_hsm.c
[14:06:28] [spechunter] [Read] /home/yzs/riscv/opensbi/lib/sbi/sbi_fwft.c
[14:06:28] [spechunter] [Read] /home/yzs/riscv/opensbi/lib/sbi/sbi_hsm.c
[14:06:31] [spechunter] [Grep] pattern='MT_ASYNC|mt_async|async.*envcfg|envcfg.*async|tag.*check|mte.*async|memory.*tag'
[14:06:31] [spechunter] [Grep] pattern='async.*envcfg|envcfg.*async|tag.*check|MT_ASYNC|memory.tag'
[14:06:31] [spechunter] [Read] /home/yzs/riscv/qemu/target/riscv/gdbstub.c
[14:06:31] [spechunter] [Grep] pattern='async|tag_check|MTE|memory_tag|MT_ASYNC'
[14:06:31] [spechunter] [Read] /home/yzs/riscv/qemu/target/riscv/cpu_bits.h
[14:06:31] [spechunter] [Read] /home/yzs/riscv/freebsd-src/sys/riscv/vmm/vmm_riscv.c
[14:06:31] [spechunter] [Read] /home/yzs/riscv/freebsd-src/sys/riscv/vmm/riscv.h
[14:06:38] [spechunter] [Grep] pattern='counteren|scounteren|senvcfg|SENVCFG'
[14:06:39] [spechunter] [text] Let me do a final comprehensive search for any memory tagging extension (MTE) related code in the entire QEMU tree.  
[14:06:39] [spechunter] [Grep] pattern='memory.*tagging|mte_tag|tag.*granule|allocation.*tag|physical.*tag'
[14:06:39] [spechunter] [Grep] pattern='ext_smte|ext_ssmte|ext_umte|ext_smmtt|ext_smtt|ext_sumte'
[14:06:39] [spechunter] [Grep] pattern='tcfg|TCFG|tcf|stcf|htcf'
[14:06:41] [spechunter] [Read] /home/yzs/riscv/XiangShan/src/main/scala/xiangshan/backend/fu/NewCSR/CSRBundles.scala
[14:06:41] [spechunter] [Grep] pattern='envcfg|Envcfg|ENVCFG'
[14:06:41] [spechunter] [Grep] pattern='exceptionVec|Exception|exceptionVec|storePageFault|storeAccessFault|storeGuestPageFault'
[14:06:41] [spechunter] [Grep] pattern='fault_store|store_fault|StoreTag|store_tag'
[14:06:41] [spechunter] [text] Let me also check the base EnvCfg class to be thorough.  
[14:06:41] [spechunter] [Grep] pattern='class EnvCfg|class SEnvCfg|class HEnvCfg'
[14:06:41] [spechunter] [Grep] pattern='class EnvCfg'
[14:06:44] [spechunter] [text] Let me get the function context for each location.  
[14:06:44] [spechunter] [Grep] pattern='^static.*mstatus_init|^void.*mstatus_init|^int.*mstatus_init'
[14:06:44] [spechunter] [Grep] pattern='static.*__sbi_hsm_suspend_non_ret_save'
[14:06:44] [spechunter] [Read] /home/yzs/riscv/opensbi/lib/sbi/sbi_hsm.c
[14:06:44] [spechunter] [Grep] pattern='static.*fwft_set_pmlen|static int fwft_set_pmlen'
[14:06:44] [spechunter] [Read] /home/yzs/riscv/opensbi/lib/sbi/sbi_hart.c
[14:06:52] [spechunter] [Grep] pattern='senvcfg'
[14:06:53] [spechunter] [text] Now let me also check the selftest and any PMP/mseccfg-related code in the kernel proper.  
[14:06:53] [spechunter] [Grep] pattern='CSR_MSECCFG|CSR_MENVCFG'
[14:06:53] [spechunter] [Grep] pattern='envcfg|ENVCFG|senvcfg|SENVCFG'
[14:06:53] [spechunter] [Grep] pattern='ENVCFG|menvcfg|mseccfg'
[14:06:53] [spechunter] [Grep] pattern='ENVCFG|menvcfg|mseccfg|senvcfg'
[14:06:53] [spechunter] [Grep] pattern='ASYNC|async'
[14:06:55] [spechunter] [Grep] pattern='0x348|0x349|0x34A|0x34B|CSR_.*MT|CSR_.*TAG|CSR_.*MEMTAG'
[14:06:55] [spechunter] [Grep] pattern='mseccfg.*mask|mask.*mseccfg'
[14:06:55] [spechunter] [Read] /home/yzs/riscv/qemu/target/riscv/pmp.c
[14:06:55] [spechunter] [Grep] pattern='KVM.*envcfg|KVM.*mseccfg|KVM.*async|KVM.*tag|KVM.*MTE'
[14:06:55] [spechunter] [Grep] pattern='memory.tagging|memory.*tag_ext|tag_extension|MemTag|memtag'
[14:06:57] [spechunter] [Grep] pattern='KVM_REG_RISCV_CSR|CSR_REG|kvm_riscv_vcpu_csr'
[14:06:57] [spechunter] [TodoWrite] 7 items
[14:07:00] [spechunter] [Grep] pattern='__sbi_hsm_suspend_non_ret_save'
[14:07:00] [spechunter] [Grep] pattern='fwft_menvcfg_set_bit|fwft_menvcfg_read_bit'
[14:07:02] [spechunter] [Read] /home/yzs/riscv/linux/arch/riscv/kvm/vcpu_onereg.c
[14:07:03] [spechunter] [Read] /home/yzs/riscv/XiangShan/src/main/scala/xiangshan/backend/fu/NewCSR/MachineLevel.scala
[14:07:03] [spechunter] [Grep] pattern='MEnvCfg|SEnvCfg|HEnvCfg'
[14:07:03] [spechunter] [Grep] pattern='MEnvCfg|SEnvCfg|HEnvCfg|class.*EnvCfg'
[14:07:03] [spechunter] [Grep] pattern='exceptionVec|pageFault|accessFault|breakpoint'
[14:07:06] [spechunter] [Grep] pattern='struct kvm_riscv_csr'
[14:07:08] [spechunter] [Grep] pattern='envcfg|ENVCFG'
[14:07:08] [spechunter] [Grep] pattern='ENVCFG|menvcfg|MSECCFG|mseccfg'
[14:07:08] [spechunter] [Grep] pattern='ENVCFG|menvcfg|MSECCFG|mseccfg'
[14:07:09] [spechunter] [text] Let me also check the Mseccfg definition and search for any MTE-related CSR addresses in the full codebase.  
[14:07:09] [spechunter] [Read] /home/yzs/riscv/XiangShan/src/main/scala/xiangshan/backend/fu/NewCSR/MachineLevel.scala
[14:07:09] [spechunter] [Grep] pattern='0x747|0x757|mseccfg'
[14:07:09] [spechunter] [Grep] pattern='Smtag|smtag|SmTag|mem_tag|memtag'
[14:07:10] [spechunter] [Read] /home/yzs/riscv/linux/arch/riscv/include/uapi/asm/kvm.h
[14:07:12] [spechunter] [Grep] pattern='senvcfg|csr_read.*senvcfg|csr_write.*senvcfg'
[14:07:12] [spechunter] [Grep] pattern='senvcfg|csr_read.*senvcfg|csr_write.*senvcfg'
[14:07:13] [spechunter] [Read] /home/yzs/riscv/linux/tools/arch/riscv/include/asm/csr.h
[14:07:13] [spechunter] [Grep] pattern='ENVCFG|envcfg'
[14:07:14] [spechunter] [Read] /home/yzs/riscv/opensbi/lib/sbi/sbi_fwft.c
[14:07:15] [spechunter] [text] Now let me read the PMM fallback path in sbi_fwft.c more closely and check the ENVCFG bit definitions.  
[14:07:15] [spechunter] [Read] /home/yzs/riscv/opensbi/lib/sbi/sbi_fwft.c
[14:07:15] [spechunter] [Grep] pattern='ENVCFG_'
[14:07:15] [spechunter] [Read] /home/yzs/riscv/XiangShan/src/main/scala/xiangshan/backend/fu/NewCSR/MachineLevel.scala
[14:07:15] [spechunter] [Read] /home/yzs/riscv/XiangShan/src/main/scala/xiangshan/backend/fu/NewCSR/HypervisorLevel.scala
[14:07:15] [spechunter] [Read] /home/yzs/riscv/XiangShan/src/main/scala/xiangshan/backend/fu/NewCSR/SupervisorLevel.scala
[14:07:15] [spechunter] [Read] /home/yzs/riscv/XiangShan/src/main/scala/xiangshan/package.scala
[14:07:15] [spechunter] [Grep] pattern='class EnvCfg'
[14:07:21] [spechunter] [Read] /home/yzs/riscv/qemu/analysis_mte_async_info_leak.json
[14:07:21] [spechunter] [Glob] analysis_mte*
[14:07:21] [spechunter] [Grep] pattern='Smnmte|Ssnmt|SSMTE|Smme|Ssme|spmp|memtag|MemoryTag'
[14:07:21] [spechunter] [Grep] pattern='0x747|0x757|CSR_MSECCFG'
[14:07:21] [spechunter] [Grep] pattern='SMTE|smte|Smme|ssme|Sspmm'
[14:07:27] [spechunter] [Grep] pattern='MTE|mte|MemoryTagging|memory_tagging|Svmt|svmt'
[14:07:27] [spechunter] [Read] /home/yzs/riscv/XiangShan/src/main/scala/xiangshan/backend/fu/NewCSR/ExceptionBundle.scala
[14:07:27] [spechunter] [Grep] pattern='softwareCheck|softWareCheck|softWare|SWC|swc'
[14:07:27] [spechunter] [Grep] pattern='PBMTE'
[14:07:35] [spechunter] [text] Let me check for any mseccfg writes in the kernel and for the head.S reference from the memory.  
[14:07:35] [spechunter] [Grep] pattern='MSECCFG|mseccfg'
[14:07:35] [spechunter] [Grep] pattern='0x747|0x757|mseccfg|MSECCFG'
[14:07:35] [spechunter] [Grep] pattern='CSR_MENVCFG|CSR_MSECCFG'
[14:07:35] [spechunter] [Grep] pattern='BIT.*36'
[14:07:48] [spechunter] [text] Here is the complete report of every `menvcfg`/`CSR_MENVCFG` reference in the OpenSBI source tree:  ```json {   "locatio...
[14:07:58] [spechunter] [text] Now let me look at the low-level context switch to see if envcfg is saved anywhere during the switch.  
[14:07:58] [spechunter] [Grep] pattern='__switch_to'
[14:08:05] [spechunter] [text] 经过全面搜索，以下是发现结果的总结：  **XiangShan 代码库中不存在 MTE（内存标记扩展）实现。** 漏洞声明的比特/逻辑在任何地方都不存在。  以下是相关 CSR 实体的位置（它们存在，但**没有**任何与 MTE 相关的字段...
[14:08:06] [spechunter] [Grep] pattern='__switch_to|envcfg|ENVCFG'
[14:08:08] [spechunter] [Grep] pattern='envcfg|senvcfg|menvcfg|uenvcfg'
[14:08:08] [spechunter] [Grep] pattern='mseccfg'
[14:08:08] [spechunter] [Grep] pattern='mseccfg|Mseccfg'
[14:08:08] [spechunter] [Grep] pattern='envcfg|Envcfg|menvcfg|senvcfg|henvcfg'
[14:08:08] [spechunter] [Read] /home/yzs/riscv/XiangShan/src/main/scala/xiangshan/cache/mmu/TLB.scala
[14:08:08] [spechunter] [Grep] pattern='tag|Tag|TLBPage|PTE.*tag|tag.*pte'
[14:08:08] [spechunter] [Read] /home/yzs/riscv/XiangShan/scripts/xiangshan.py
[14:08:09] [spechunter] [Read] /home/yzs/riscv/linux/arch/riscv/kernel/entry.S
[14:08:18] [spechunter] [text] Let me check the `csr_read_clear` macro definition and also see the full save/restore context.  
[14:08:18] [spechunter] [Grep] pattern='csr_read_clear'
[14:08:18] [spechunter] [Read] /home/yzs/riscv/opensbi/lib/sbi/sbi_hart.c
[14:08:18] [spechunter] [Read] /home/yzs/riscv/opensbi/lib/sbi/sbi_hart.c
[14:08:22] [spechunter] [Grep] pattern='csr_read_clear'
[14:08:25] [spechunter] [Read] /home/yzs/riscv/qemu/analysis_mte_tag_hlv_hsv.json
[14:08:25] [spechunter] [Grep] pattern='BIT.*36|36.*BIT|bit 36'
[14:08:25] [spechunter] [Grep] pattern='envcfg'
[14:08:25] [spechunter] [Grep] pattern='CSR.*env|env.*CSR|menvcfg|senvcfg|henvcfg'
[14:08:25] [spechunter] [Grep] pattern='envcfg.*mask|mask.*envcfg|envcfg.*write|write.*envcfg'
[14:08:33] [spechunter] [Grep] pattern='0x3a|bit.*36|field.*36'
[14:08:33] [spechunter] [Grep] pattern='mt_mode|MT_MODE|tag_mode|TAG_MODE'
[14:08:33] [spechunter] [Grep] pattern='Svmt|svmt|smstateen.*tag|mstateen.*tag|hstateen.*tag'
[14:08:33] [spechunter] [Grep] pattern='scause|medeleg|medeleg|hedeleg|sedeleg'
[14:08:33] [spechunter] [Grep] pattern='softwareCheck|EX_SWC|software_check|softWareCheck'
[14:08:36] [spechunter] [text] Now let me trace how `thread.envcfg` gets its initial value and check for any CSR_ENVCFG read-at-init patterns.  
[14:08:36] [spechunter] [Grep] pattern='thread\\.envcfg|envcfg.*='
[14:08:46] [spechunter] [text] ```json {   "locations": [     {       "file_path": "target/riscv/cpu_bits.h",       "function_name": null,       "line_...
[14:08:47] [spechunter] [Read] /home/yzs/riscv/linux/arch/riscv/kernel/cpufeature.c
[14:08:47] [spechunter] [Read] /home/yzs/riscv/linux/arch/riscv/kernel/cpufeature.c
[14:08:57] [spechunter] [Read] /home/yzs/riscv/XiangShan/src/main/scala/xiangshan/backend/fu/NewCSR/TrapHandleModule.scala
[14:08:57] [spechunter] [Grep] pattern='FSM|fsm|finite_state|state.*machine'
[14:08:57] [spechunter] [Grep] pattern='defer|Defer|stall_irq|irq_stall|irqStall|irqstall|mie.*SEIP|mie.*SGEIP'
[14:08:57] [spechunter] [Grep] pattern='irq_timer|irq_instr|irq_mem|irq_pm'
[14:08:57] [spechunter] [Grep] pattern='31|32|33|34|35|36|37|38|39'
[14:09:17] [spechunter] [text] Now let me also check the `csr_read_clear` macro definition.  
[14:09:17] [spechunter] [Read] /home/yzs/riscv/opensbi/include/sbi/riscv_asm.h
[14:09:23] [spechunter] [Grep] pattern='senvcfg|csr_read.*envcfg|csr_write.*envcfg'
[14:09:32] [spechunter] [Grep] pattern='envcfg'
[14:09:38] [spechunter] [Read] /home/yzs/riscv/XiangShan/src/main/scala/xiangshan/backend/fu/NewCSR/StateEnBundle.scala
[14:09:38] [spechunter] [Grep] pattern='s_idle|s_req|s_wait|s_resp|s_tag|tagValid|tag_valid|tag_check|TagCheck|tagCheck'
[14:09:38] [spechunter] [Read] /home/yzs/riscv/XiangShan/src/main/scala/xiangshan/backend/fu/NewCSR/NewCSR.scala
[14:09:38] [spechunter] [Grep] pattern='class.*CSRModule|CSRModule|CSRBundle'
[14:09:38] [spechunter] [Grep] pattern='store_addr|storeaddr|addrValid|addr_valid|hasException'
[14:09:54] [spechunter] [text] Here is the comprehensive search result:  ```json {   "locations": [     {       "file_path": "arch/riscv/include/asm/cs...
[14:09:54] [spechunter] [text] ```json {   "violation_condition": "In the FreeBSD kernel, if a future Zimt (memory tagging) implementation or bhyve VMM...
[14:09:58] [spechunter] [text] Let me verify a few key files directly to confirm the findings.  
[14:09:58] [spechunter] [Grep] pattern='MT_ASYNC|mt_async|MTE_ASYNC|mte_async'
[14:09:58] [spechunter] [Grep] pattern='MT_ASYNC|mt_async|MTE_ASYNC|mte_async'
[14:09:58] [spechunter] [Grep] pattern='MT_ASYNC|mt_async|MTE_ASYNC|mte_async'
[14:09:58] [spechunter] [Read] /home/yzs/riscv/qemu/target/riscv/cpu_bits.h
[14:10:01] [spechunter] [text] Let me check the mte_tag spec file mentioned in the PR, and also look for any MT_ASYNC or MTE-related bit definitions.  
[14:10:01] [spechunter] [Glob] **/mte_tag*
[14:10:01] [spechunter] [Grep] pattern='MTE|MT_ASYNC|menvcfg.*36|bit.*36'
[14:10:01] [spechunter] [Read] /home/yzs/riscv/opensbi/lib/sbi/sbi_fwft.c
[14:10:14] [spechunter] [Grep] pattern='menvcfg|senvcfg|henvcfg|uenvcfg|mseccfg'
[14:10:14] [spechunter] [Grep] pattern='csr_write\\(.*envcfg|csr_set\\(.*envcfg|csr_clear\\(.*envcfg|\\benvcfg\\b.*=.*0x[0-9a-fA-F]*[1-9a-fA-F]|<<\\s*36\\b'
[14:10:14] [spechunter] [Grep] pattern='envcfg'
[14:10:14] [spechunter] [Grep] pattern='seccfg'
[14:10:15] [spechunter] [TodoWrite] 6 items
[14:10:15] [spechunter] [Grep] pattern='EnvPMM'
[14:10:15] [spechunter] [Grep] pattern='wNoEffect|wNoFilter|CSREnum|CSRDefines'
[14:10:15] [spechunter] [Read] /home/yzs/riscv/XiangShan/src/main/scala/xiangshan/backend/fu/NewCSR/CSRBundles.scala
[14:10:15] [spechunter] [Grep] pattern='EnvPMM'
[14:10:18] [spechunter] [text] Let me also check the mseccfg fields and the envcfg write mask for completeness.  
[14:10:18] [spechunter] [Read] /home/yzs/riscv/qemu/target/riscv/pmp.h
[14:10:18] [spechunter] [Grep] pattern='write_menvcfg|write_senvcfg|write_henvcfg'
[14:10:24] [spechunter] [Grep] pattern='csr_write.*0x10a|csr_write.*0x60a|csr_write.*0x30a|csr_write.*CSR_SENVCFG|csr_write.*CSR_HENVCFG|csr_write.*CSR_MENVCFG|csr_write.*CSR_ENVCFG'
[14:10:24] [spechunter] [Grep] pattern='csr_swap.*SENVCFG|csr_swap.*ENVCFG|csr_set.*ENVCFG|csr_clear.*ENVCFG'
[14:10:27] [spechunter] [Read] /home/yzs/riscv/XiangShan/rocket-chip/src/main/scala/rocket/CSR.scala
[14:10:27] [spechunter] [Grep] pattern='mseccfg|Mseccfg|mseccfgh'
[14:10:27] [spechunter] [Grep] pattern='CSRConfig'
[14:10:32] [spechunter] [Read] /home/yzs/riscv/qemu/target/riscv/csr.c
[14:10:32] [spechunter] [Read] /home/yzs/riscv/qemu/target/riscv/csr.c
[14:10:34] [spechunter] [Grep] pattern='envcfg'
[14:10:34] [spechunter] [Grep] pattern='mseccfg'
[14:10:34] [spechunter] [Grep] pattern='senvcfg'
[14:10:34] [spechunter] [Grep] pattern='hypcsr|hyp_csr'
[14:10:37] [spechunter] [text] Let me check if there are any other indirect paths that could write menvcfg with unpreserved bits.  
[14:10:37] [spechunter] [Read] /home/yzs/riscv/opensbi/lib/sbi/sbi_hsm.c
[14:10:37] [spechunter] [Grep] pattern='csr_write.*MENVCFG|csr_write64.*MENVCFG'
[14:10:37] [spechunter] [Grep] pattern='csr_set.*MENVCFG|csr_clear.*MENVCFG|csr_read.*MENVCFG'
[14:10:39] [spechunter] [text] Let me read the key kernel files for detailed context.  
[14:10:39] [spechunter] [Read] /home/yzs/riscv/freebsd-src/sys/riscv/vmm/vmm_riscv.c
[14:10:39] [spechunter] [Read] /home/yzs/riscv/freebsd-src/sys/riscv/vmm/riscv.h
[14:10:49] [spechunter] [Read] /home/yzs/riscv/qemu/target/riscv/csr.c
[14:10:51] [spechunter] [Read] /home/yzs/riscv/freebsd-src/sys/riscv/vmm/riscv.h
[14:10:51] [spechunter] [Read] /home/yzs/riscv/freebsd-src/sys/riscv/vmm/vmm_riscv.c
[14:10:58] [spechunter] [text] Now let me verify the mseccfg write path and the migration/serialization code.  
[14:10:58] [spechunter] [Grep] pattern='mseccfg_csr_write|mseccfg.*mask|MSECCFG.*write'
[14:10:58] [spechunter] [Read] /home/yzs/riscv/qemu/target/riscv/machine.c
[14:11:06] [spechunter] [text] Let me also check for `senvcfg` usage and the `HENVCFG_STCE` definition.  
[14:11:06] [spechunter] [Grep] pattern='senvcfg|HENVCFG_STCE|HENVCFG'
[14:11:06] [spechunter] [Grep] pattern='senvcfg|HENVCFG|menvcfg|uenvcfg'
[14:11:06] [spechunter] [Grep] pattern='senvcfg|HENVCFG|menvcfg|uenvcfg'
[14:11:06] [spechunter] [Grep] pattern='senvcfg|HENVCFG|menvcfg|uenvcfg'
[14:11:19] [spechunter] [Grep] pattern='MTE|ASYNC|mte|async'
[14:11:19] [spechunter] [Grep] pattern='ENVCFG.*BIT\\(3[0-9]\\)|BIT\\(3[0-9]\\)|_MTE|ASYNC'
[14:11:19] [spechunter] [Grep] pattern='0x10a|0x60a|0x30a|SENVCFG|HENVCFG|MENVCFG'
[14:11:22] [spechunter] [text] Let me also check `lib/libpmc/` and look deeper at the VMM code for `senvcfg` write operations.  
[14:11:22] [spechunter] [Grep] pattern='envcfg|seccfg'
[14:11:22] [spechunter] [Grep] pattern='senvcfg'
[14:11:22] [spechunter] [Read] /home/yzs/riscv/freebsd-src/sys/riscv/include/riscvreg.h
[14:11:25] [spechunter] [text] Now let me search for the CSR register definitions and usage patterns.  
[14:11:25] [spechunter] [Grep] pattern='henvcfg|HENVCFG'
[14:11:25] [spechunter] [Grep] pattern='menvcfg|MENVCFG'
[14:11:25] [spechunter] [Grep] pattern='senvcfg|SENVCFG'
[14:11:25] [spechunter] [Grep] pattern='csr_write.*senvcfg|csr_read.*senvcfg|csr_write.*henvcfg|csr_read.*henvcfg|csr_write.*menvcfg|csr_read.*menvcfg'
[14:11:36] [spechunter] [text] Let me check for any `senvcfg` CSR writes/reads in the VMM code and search more broadly for the csr operations pattern. ...
[14:11:36] [spechunter] [Grep] pattern='csr_write\\(senvcfg|csr_read\\(senvcfg|csr_set\\(senvcfg|csr_clear\\(senvcfg'
[14:11:36] [spechunter] [Grep] pattern='senvcfg'
[14:11:46] [spechunter] [Grep] pattern='#define __check_priv'
[14:11:51] [spechunter] [Grep] pattern='PR_MTE|MTE_TCF'
[14:11:51] [spechunter] [Grep] pattern='PR_MTE|MTE_TCF'
[14:11:51] [spechunter] [Grep] pattern='memory.tagging|memory_tagging|tagged_addr|mte_tag'
[14:11:52] [spechunter] [Grep] pattern='csr_read_allowed'
[14:12:00] [spechunter] [Grep] pattern='csr_read_allowed'
[14:12:11] [spechunter] [Grep] pattern='hypcsr\\.senvcfg|hypctx.*senvcfg|senvcfg.*save|senvcfg.*restore|save.*senvcfg|restore.*senvcfg'
[14:12:11] [spechunter] [Grep] pattern='envcfg|seccfg'
[14:12:14] [spechunter] [Read] /home/yzs/riscv/freebsd-src/sys/riscv/include/riscvreg.h
[14:12:14] [spechunter] [Glob] **/sys/riscv/riscv/swtch.S
[14:12:14] [spechunter] [Glob] **/sys/riscv/riscv/trap.c
[14:12:19] [spechunter] [Grep] pattern='csr_read_allowed'
[14:12:28] [spechunter] [text] Let me check the VMM code more fully for the context and how `senvcfg` in `hypcsr` is used.  
[14:12:28] [spechunter] [Grep] pattern='\\.senvcfg'
[14:12:28] [spechunter] [Read] /home/yzs/riscv/freebsd-src/sys/riscv/vmm/vmm_riscv.c
[14:12:28] [spechunter] [Grep] pattern='struct hypcsr|hypcsr_init|hypcsr_'
[14:12:31] [spechunter] [text] The exploration confirms that **XiangShan does not implement MTE (Memory Tagging Extension)** in its RTL. The `MT_ASYNC`...
[14:12:31] [spechunter] [Write] /home/yzs/riscv/XiangShan/mte_tag_async_removal_findings.json
[14:12:31] [spechunter] [Read] /home/yzs/riscv/freebsd-src/sys/riscv/vmm/vmm_riscv.c
[14:12:35] [spechunter] [Read] /home/yzs/riscv/XiangShan/mte_tag_async_removal_findings.json
[14:12:40] [spechunter] [Read] /home/yzs/riscv/qemu/target/riscv/pmp.c
[14:12:55] [spechunter] [Read] /home/yzs/riscv/freebsd-src/sys/riscv/riscv/swtch.S
[14:12:55] [spechunter] [Read] /home/yzs/riscv/freebsd-src/sys/riscv/riscv/trap.c
[14:12:58] [spechunter] [text] Now I have the full picture. Let me compile the results.  ```json {   "locations": [     {       "file_path": "sys/riscv...
[14:13:04] [spechunter] [TodoWrite] 6 items
[14:13:07] [spechunter] [text] Now let me cross-reference the fast-path locations against what the PR is actually about — the RISC-V MTE specification ...
[14:13:07] [spechunter] [Grep] pattern='BIT\\(36\\)|_MTE|0x10.*ENVCFG'
[14:13:07] [spechunter] [Grep] pattern='PR_MTE|PR_TAGGED_ADDR'
[14:13:24] [spechunter] [text] Now let me check the mseccfg migration/serialization and any KVM paths.  
[14:13:24] [spechunter] [Grep] pattern='mseccfg|MSECCFG'
[14:13:24] [spechunter] [Grep] pattern='mseccfg|MSECCFG'
[14:13:24] [spechunter] [Grep] pattern='mseccfg|MSECCFG'
[14:13:24] [spechunter] [Write] /home/yzs/riscv/XiangShan/mte_tag_async_removal_findings.json
[14:13:37] [spechunter] [text] Now let me trace the VMM switch assembly and exception handling to understand CSR save/restore.  
[14:13:37] [spechunter] [Glob] **/sys/riscv/riscv/vmm_switch.S
[14:13:37] [spechunter] [Glob] **/sys/riscv/riscv/exception.S
[14:13:37] [spechunter] [Glob] **/sys/riscv/riscv/*.S
[14:13:42] [spechunter] [text] Conclusion: This QEMU RISC-V codebase has **no MTE (Memory Tagging Extension) implementation at all**. The async mode th...
[14:13:43] [spechunter] [Grep] pattern='csr_write_allowed|csr_read_allowed'
[14:13:43] [spechunter] [Read] /home/yzs/riscv/opensbi/lib/sbi/sbi_hart.c
[14:13:46] [spechunter] [Glob] **/sys/riscv/vmm/*.S
[14:13:46] [spechunter] [Read] /home/yzs/riscv/freebsd-src/sys/riscv/riscv/exception.S
[14:13:50] [spechunter] [text] ## Result: NO_VIOLATION_FOUND  **XiangShan does not implement MTE (Memory Tagging Extension / Svmt) at all.** There is n...
[14:14:07] [spechunter] [text] Now let me verify the prctl.h context — whether the `PR_MTE_TCF_ASYNC` is under arm64 guard or applicable to RISC-V.  
[14:14:07] [spechunter] [Read] /home/yzs/riscv/linux/include/uapi/linux/prctl.h
[14:14:20] [spechunter] [Read] /home/yzs/riscv/XiangShan/src/main/scala/xiangshan/backend/fu/NewCSR/CSRBundles.scala
[14:14:20] [spechunter] [Read] /home/yzs/riscv/XiangShan/src/main/scala/xiangshan/backend/fu/NewCSR/MachineLevel.scala
[14:14:20] [spechunter] [Read] /home/yzs/riscv/XiangShan/src/main/scala/xiangshan/backend/fu/NewCSR/MachineLevel.scala
[14:14:20] [spechunter] [Read] /home/yzs/riscv/XiangShan/src/main/scala/xiangshan/backend/fu/NewCSR/HypervisorLevel.scala
[14:14:23] [spechunter] [Read] /home/yzs/riscv/freebsd-src/sys/riscv/vmm/vmm_switch.S
[14:14:43] [spechunter] [Read] /home/yzs/riscv/XiangShan/src/main/scala/xiangshan/backend/fu/NewCSR/SupervisorLevel.scala
[14:14:43] [spechunter] [Read] /home/yzs/riscv/XiangShan/src/main/scala/xiangshan/backend/fu/NewCSR/NewCSR.scala
[14:14:43] [spechunter] [Read] /home/yzs/riscv/XiangShan/src/main/scala/xiangshan/backend/decode/isa/CSRs.scala
[14:14:43] [spechunter] [Grep] pattern='mte_tag|MTE_TAG|MTE.ASYNC|MT_ASYNC'
[14:14:43] [spechunter] [Glob] **/mte*
[14:14:43] [spechunter] [Read] /home/yzs/riscv/opensbi/lib/sbi/sbi_hsm.c
[14:14:50] [spechunter] [Grep] pattern='sbi_hart_reinit'
[14:14:57] [spechunter] [text] Now let me check locore.S for any envcfg initialization, and look for any context-switch paths that might touch envcfg C...
[14:14:57] [spechunter] [Grep] pattern='envcfg|menvcfg|senvcfg|henvcfg'
[14:14:57] [spechunter] [Grep] pattern='scounteren|senvcfg|henvcfg|stce|SSTC'
[14:14:57] [spechunter] [Grep] pattern='envcfg|scounteren|SSTC|stce'
[14:14:59] [spechunter] [text] Now let me search for any existing MTE-related code that this PR would affect.  
[14:14:59] [spechunter] [Grep] pattern='(?i)mte|MT_ASYNC|MT_MODE|memory.?tag'
[14:15:06] [spechunter] [Read] /home/yzs/riscv/freebsd-src/sys/riscv/riscv/genassym.c
[14:15:06] [spechunter] [Grep] pattern='senvcfg|CSR_SENVCFG'
[14:15:25] [spechunter] [Grep] pattern='ENVCFG|envcfg|SENVCFG|MENVCFG|HENVCFG'
[14:15:25] [spechunter] [Grep] pattern='CSR_SECCFG|MSECCFG|mseccfg'
[14:15:39] [spechunter] [Grep] pattern='henvcfg|HENVCFG|CSR_HENVCFG'
[14:15:39] [spechunter] [Grep] pattern='DECLARE_CSR.*envcfg|DECLARE_CSR.*ENVCFG'
[14:15:40] [spechunter] [text] Now let me check if the CSR address constant is actually relevant by confirming there are no MTE-specific CSR addresses ...
[14:15:40] [spechunter] [Grep] pattern='(?i)mte|menvcfg|mseccfg|mt_tag'
[14:15:50] [spechunter] [Grep] pattern='DECLARE_CSR'
[14:15:50] [spechunter] [Grep] pattern='DECLARE_CSR.*scounteren|DECLARE_CSR.*SCOUNTEREN'
[14:15:51] [spechunter] [text] Now let me verify a few key locations to confirm the fast-path findings before producing the final set.  
[14:15:51] [spechunter] [Read] /home/yzs/riscv/qemu/target/riscv/cpu_bits.h
[14:15:51] [spechunter] [Read] /home/yzs/riscv/qemu/target/riscv/csr.c
[14:15:51] [spechunter] [Read] /home/yzs/riscv/qemu/target/riscv/cpu_bits.h
[14:16:28] [spechunter] [text] Now let me read the init paths to trace the full call graph.  
[14:16:28] [spechunter] [Read] /home/yzs/riscv/opensbi/lib/sbi/sbi_init.c
[14:16:28] [spechunter] [Read] /home/yzs/riscv/opensbi/lib/sbi/sbi_init.c
[14:16:30] [spechunter] [text] Now let me also verify whether MTE async mode might be referenced in a non-direct way (e.g., CSR field bit definitions a...
[14:16:30] [spechunter] [Grep] pattern='Async|MTE|async_mode|tag.?(check|mode)'
[14:16:30] [spechunter] [Grep] pattern='(?i)menvcfg|mseccfg'
[14:16:31] [spechunter] [text] Let me check the locore.S boot code and search for CSR initialization patterns.  
[14:16:31] [spechunter] [Grep] pattern='csr_write|csrw|csrs|csrc'
[14:16:31] [spechunter] [Grep] pattern='has_sstc|sstc|stce|STCE'
[14:16:35] [spechunter] [text] Now I have enough context. Let me cross-validate systematically.  The PR is about the RISC-V MTE specification removing ...
[14:16:50] [spechunter] [Grep] pattern='henvcfg|hgatp|hstatus|hcounteren|hvip|vsstatus|vsie|vstvec|vsscratch|vsepc|vscause|vstval|vsatp|hie|hideleg|hedeleg'
[14:17:01] [spechunter] [text] Now let me verify what, if any, Memory Tagging Extension code exists in QEMU currently:  
[14:17:01] [spechunter] [Grep] pattern='memory.tag|mte_tag|ext_mte|MEMTAG|memtag'
[14:17:01] [spechunter] [Grep] pattern='MTE.*async|async.*MTE|MTE_ASYNC|MTE_SYNC|mte_async|mte_sync'
[14:17:08] [spechunter] [Grep] pattern='CSR_HENVCFG|CSR_HGATP|henvcfg'
[14:17:08] [spechunter] [Grep] pattern='has_hyp|H_extension'
[14:17:11] [spechunter] [Agent] description, prompt
[14:17:20] [spechunter] [text] ## Analysis  Based on my thorough review:  **Key finding:** XiangShan has **zero MTE implementation**. No MTE fields (MT...
[14:17:26] [spechunter] [Grep] pattern='0x60a|0x60A|0x10a|0x10A|0x30a|0x30A|0x747|0x74a|0x60a'
[14:17:26] [spechunter] [Grep] pattern='menvcfg|senvcfg|henvcfg|0x30a|0x10a|0x60a'
[14:17:28] [spechunter] [text] Let me also check if there are any CSR definitions or references to the MTE extension specifically.  
[14:17:28] [spechunter] [Grep] pattern='ext_smmt|ext_smmtt|smmtt|Smmtt|Smmt'
[14:17:28] [spechunter] [Grep] pattern='mte_tag|sm_mte|smmte|Sm_mte'
[14:17:40] [spechunter] [Grep] pattern='MT_ASYNC|mt_async|MteAsync|async_tag_check|deferred_tag_exception|tag_mismatch_async'
[14:17:40] [spechunter] [Grep] pattern='mte_tag|MteTag|MTETag|mte_tag_check'
[14:17:40] [spechunter] [Grep] pattern='xenvcfg|mseccfg'
[14:17:52] [spechunter] [Grep] pattern='MT_ASYNC'
[14:17:52] [spechunter] [Grep] pattern='__enable_mte|__disable_mte'
[14:17:52] [spechunter] [Grep] pattern='senvcfg'
[14:17:52] [spechunter] [Grep] pattern='henvcfg'
[14:17:52] [spechunter] [Grep] pattern='menvcfg'
[14:17:52] [spechunter] [Grep] pattern='mseccfg'
[14:17:52] [spechunter] [Grep] pattern='BIT.*36'
[14:17:52] [spechunter] [Grep] pattern='csr_write.*senvcfg|csr_write.*henvcfg'
[14:17:52] [spechunter] [Grep] pattern='sencfg'
[14:17:52] [spechunter] [Grep] pattern='MTE|mte'
[14:17:52] [spechunter] [Grep] pattern='MTE|mte'
[14:17:59] [spechunter] [text] Now let me verify the PR context more carefully — this is a specification document change, not a QEMU code change.  
[14:17:59] [spechunter] [Grep] pattern='ext_smmtt|ext_mte_tag|mte_tag'
[14:17:59] [spechunter] [Read] /home/yzs/riscv/qemu/target/riscv/cpu_bits.h
[14:18:00] [spechunter] [Grep] pattern='MT_ASYNC|mt_async|MteAsync|async.*tag|tag.*async|deferred'
[14:18:00] [spechunter] [Glob] **/mte*/**/*.scala
[14:18:00] [spechunter] [Grep] pattern='mte'
[14:18:05] [spechunter] [Read] /home/yzs/riscv/opensbi/lib/sbi/sbi_hart.c
[14:18:24] [spechunter] [text] No specific code locations were provided (all are `:0-0`). Let me search broadly for MTE (Memory Tagging Extension) supp...
[14:18:24] [spechunter] [Grep] pattern='MTE|Memory.Tag|memtag|MemTag'
[14:18:24] [spechunter] [Grep] pattern='tag_check|tagcheck|TagCheck|store.*tag|tag.*store'
[14:18:24] [spechunter] [Grep] pattern='xenvcfg|menvcfg|senvcfg'
[14:18:28] [spechunter] [text] Now let me also check the `mctrctl` MTE bit context to confirm it's unrelated.  
[14:18:28] [spechunter] [Read] /home/yzs/riscv/qemu/target/riscv/cpu_bits.h
[14:18:37] [spechunter] [Grep] pattern='ENVCFG_'
[14:18:37] [spechunter] [Grep] pattern='BIT.*36|_ULL.*36'
[14:18:37] [spechunter] [Grep] pattern='Memory.Tagging|memory.tagging|MTE|mte'
[14:18:37] [spechunter] [Grep] pattern='envcfg|ENVCFG|senvcfg|henvcfg|menvcfg'
[14:18:37] [spechunter] [Grep] pattern='Memory.Tagging|memory.tagging'
[14:18:37] [spechunter] [Grep] pattern='hgatp|henvcfg|hcounteren|hvip|hstatus|hie|hideleg|hedeleg'
[14:18:37] [spechunter] [Grep] pattern='DECLARE_CSR'
[14:18:38] [spechunter] [text] Let me do more targeted searches for MTE-related CSR fields and tag checking logic.  
[14:18:38] [spechunter] [Grep] pattern='Envcfg|MEnvCfg|envcfg'
[14:18:38] [spechunter] [Grep] pattern='mseccfg|Mseccfg|MSECCFG'
[14:18:38] [spechunter] [Glob] **/CSRBundles.scala
[14:18:58] [spechunter] [Read] /home/yzs/riscv/XiangShan/src/main/scala/xiangshan/backend/fu/NewCSR/CSRBundles.scala
[14:18:58] [spechunter] [Read] /home/yzs/riscv/XiangShan/src/main/scala/xiangshan/backend/fu/NewCSR/MachineLevel.scala
[14:19:12] [spechunter] [Grep] pattern='smmtt|SMMTT|Smtt|SMTT'
[14:19:12] [spechunter] [Grep] pattern='1 << 36|BIT.*36|_ULL\\(36\\)'
[14:19:12] [spechunter] [Grep] pattern='tagging|tagged.mem'
[14:19:12] [spechunter] [Grep] pattern='envcfg|ENVCFG'
[14:19:12] [spechunter] [Grep] pattern='csr_swap.*SENVCFG|csr_swap.*HENVCFG|csr_write.*ENVCFG'
[14:19:12] [spechunter] [Grep] pattern='KVM_RISCV_ISA_EXT.*ENVCFG|KVM_RISCV_ISA_EXT.*MTE|KVM_RISCV_ISA_EXT.*mem.*tag'
[14:19:15] [spechunter] [text] Now let me search more broadly for any MTE-related code, including in the store unit and TLB where tag checking would oc...
[14:19:15] [spechunter] [Grep] pattern='MTE|memory.tagging|MemTag|PointerMasking|tag.*extension'
[14:19:15] [spechunter] [Grep] pattern='async.*mode|asynchronous.*tag|tag.*asynchronous'
[14:19:15] [spechunter] [Grep] pattern='bit 36|bit_36|BIT36|36.*envcfg|envcfg.*36'
[14:19:24] [spechunter] [text] ## Cross-validation Analysis  **PR Context**: The PR removes "asynchronous mode" from the MTE (Memory Tagging Extension)...
[14:19:25] [spechunter] [text] Now I have a complete picture. Let me verify there are no other indirect paths I might have missed.  
[14:19:25] [spechunter] [Grep] pattern='mstatus_init'
[14:19:25] [spechunter] [Grep] pattern='sbi_hart_init\\b'
[14:19:30] [spechunter] [Grep] pattern='^int sbi_hart_init\\b'
[14:19:36] [spechunter] [text] Let me search more precisely - the "MTE" substring matches in earlier results were false positives matching "Template", ...
[14:19:36] [spechunter] [Grep] pattern='\\bMTE\\b|mte_tag|MteTag|memory_tag|mem_tag'
[14:19:36] [spechunter] [Grep] pattern='src/mte_tag|mte_tag'
[14:19:36] [spechunter] [Bash] Search git history for MTE-related commits
[14:19:46] [spechunter] [Read] /home/yzs/riscv/linux/arch/riscv/include/asm/csr.h
[14:19:46] [spechunter] [Read] /home/yzs/riscv/linux/arch/riscv/include/asm/csr.h
[14:19:46] [spechunter] [Read] /home/yzs/riscv/linux/arch/riscv/include/asm/csr.h
[14:19:46] [spechunter] [Read] /home/yzs/riscv/linux/arch/riscv/include/asm/csr.h
[14:19:46] [spechunter] [Grep] pattern='isa_ext|KVM_RISCV_ISA_EXT'
[14:20:10] [spechunter] [Grep] pattern='envcfg'
[14:20:10] [spechunter] [Grep] pattern='envcfg'
[14:20:10] [spechunter] [Grep] pattern='envcfg'
[14:20:10] [spechunter] [Grep] pattern='__x__envcfg|mseccfg'
[14:20:11] [spechunter] [Grep] pattern='mte|memory.*tag|tag.*check|pointer.*mask'
[14:20:11] [spechunter] [Grep] pattern='mte|memory.*tag|tag.*check|pointer.*mask'
[14:20:11] [spechunter] [Grep] pattern='Zpnm|zicfiss|zicfilp|shadow.stack|landing.pad'
[14:20:18] [spechunter] [Read] /home/yzs/riscv/freebsd-src/sys/riscv/vmm/vmm_riscv.c
[14:20:18] [spechunter] [Read] /home/yzs/riscv/freebsd-src/sys/riscv/vmm/riscv.h
[14:20:24] [spechunter] [text] Let me check the cold boot path to see if mstatus_init is also called there.  
[14:20:24] [spechunter] [Read] /home/yzs/riscv/opensbi/lib/sbi/sbi_init.c
[14:20:24] [spechunter] [Grep] pattern='__sbi_hsm_suspend_non_ret_save|__sbi_hsm_suspend_non_ret_restore'
[14:20:27] [spechunter] [text] Here is the cross-validated, deduplicated review.  ## Key Finding  **QEMU has no RISC-V Memory Tagging Extension (MTE) i...
[14:20:28] [spechunter] [text] Now let me find where the `senvcfg` field is saved/restored during VMM context switches, and how the host handles envcfg...
[14:20:28] [spechunter] [Grep] pattern='senvcfg'
[14:20:28] [spechunter] [Grep] pattern='menvcfg|HENVCFG'
[14:20:39] [spechunter] [Grep] pattern='MTE|mte|ADUE|DTE'
[14:20:39] [spechunter] [Grep] pattern='ENVCFG_ADUE|ENVCFG_DTE|ENVCFG_MTE'
[14:20:41] [spechunter] [text] Now let me confirm by checking the TLB and store pipeline for any memory-tagging-related logic.  
[14:20:41] [spechunter] [Grep] pattern='mte|MTE|tag_check|TagCheck|mem_tag|MemTag'
[14:20:41] [spechunter] [Grep] pattern='mte|MTE|tag_check|TagCheck|mem_tag|MemTag|async'
[14:20:41] [spechunter] [Grep] pattern='mte|MTE|tag_check|TagCheck|mem_tag|MemTag|async|deferred'
[14:20:43] [spechunter] [Grep] pattern='vmmops_vcpu_restore_csrs|vmmops_vcpu_save_csrs|senvcfg|hypcsr'
[14:20:51] [spechunter] [Grep] pattern='MENVCFG|menvcfg'
[14:20:51] [spechunter] [Grep] pattern='MTE|mte_tag|memory.tag'
[14:20:53] [spechunter] [text] I'll search the QEMU codebase for all MTE async-related code patterns to determine if the removed MT_ASYNC bit is still ...
[14:20:53] [spechunter] [Grep] pattern='MT_ASYNC|MTE_ASYNC|mt_async|tag_check.*async|async.*tag'
[14:20:53] [spechunter] [Grep] pattern='envcfg.*bit.*36|bit.*36.*envcfg|WPRI.*36'
[14:20:53] [spechunter] [Grep] pattern='menvcfg|senvcfg|henvcfg'
[14:20:53] [spechunter] [Grep] pattern='mseccfg'
[14:21:07] [spechunter] [text] Let me focus on the RISC-V target directory since this is a RISC-V PR.  
[14:21:07] [spechunter] [Grep] pattern='MTE|mte'
[14:21:07] [spechunter] [Grep] pattern='menvcfg|senvcfg|henvcfg'
[14:21:07] [spechunter] [Grep] pattern='mseccfg'
[14:21:14] [spechunter] [text] Let me check for any additional menvcfg/senvcfg CSR writes and whether `senvcfg` is ever actually accessed in the save/r...
[14:21:14] [spechunter] [Grep] pattern='csr_write.*envcfg|csr_read.*envcfg|csr_set.*envcfg|csr_clear.*envcfg'
[14:21:14] [spechunter] [Read] /home/yzs/riscv/freebsd-src/sys/riscv/vmm/vmm_riscv.c
[14:21:14] [spechunter] [Read] /home/yzs/riscv/freebsd-src/sys/riscv/include/riscvreg.h
[14:21:20] [spechunter] [Read] /home/yzs/riscv/qemu/target/riscv/cpu_bits.h
[14:21:20] [spechunter] [Grep] pattern='MSECCFG'
[14:21:20] [spechunter] [Grep] pattern='mseccfg_csr_(read|write)'
[14:21:28] [spechunter] [text] Now let me check for MTE/Zimt-related code and bhyve's envcfg handling more broadly.  
[14:21:28] [spechunter] [Grep] pattern='mte|zimt|memory.tag|memtag'
[14:21:28] [spechunter] [Grep] pattern='senvcfg|menvcfg'
[14:21:28] [spechunter] [Grep] pattern='senvcfg|menvcfg|henvcfg'
[14:21:33] [spechunter] [Read] /home/yzs/riscv/qemu/target/riscv/pmp.c
[14:21:33] [spechunter] [Read] /home/yzs/riscv/qemu/target/riscv/csr.c
[14:21:33] [spechunter] [Grep] pattern='MSECCFG_'
[14:21:46] [spechunter] [Grep] pattern='MSECCFG_'
[14:21:46] [spechunter] [Bash] Check git history for cpu_bits.h changes
[14:21:46] [spechunter] [Bash] Check git history for csr.c changes
[14:21:52] [spechunter] [text] Based on a thorough search of the XiangShan RTL codebase, here is the analysis:  The codebase contains **no MTE (Memory ...
[14:21:55] [spechunter] [text] Let me verify there's no existing MTE-specific code in this tree.  
[14:21:55] [spechunter] [Grep] pattern='SBI_HART_EXT_MTE|MTE_TAG|ENVCFG_MTE'
[14:21:55] [spechunter] [Grep] pattern='fwft_mte|mte_supported|mte_set|mte_get'
[14:21:55] [spechunter] [Read] /home/yzs/riscv/opensbi/include/sbi/riscv_encoding.h
[14:22:06] [spechunter] [Grep] pattern='MENVCFG|SENVCFG|UENVCFG|mseccfg'
[14:22:06] [spechunter] [Grep] pattern='csr_write|csr_read|csr_set|csr_clear'
[14:22:10] [spechunter] [text] Now let me read the actual code to verify how `henvcfg` is constructed and `senvcfg` is handled.  
[14:22:10] [spechunter] [Read] /home/yzs/riscv/linux/arch/riscv/kvm/vcpu.c
[14:22:10] [spechunter] [Read] /home/yzs/riscv/linux/arch/riscv/kvm/vcpu.c
[14:22:19] [spechunter] [text] Let me also check how `senvcfg` is initialized for the guest.  
[14:22:19] [spechunter] [Read] /home/yzs/riscv/linux/arch/riscv/kvm/vcpu_onereg.c
[14:22:19] [spechunter] [Read] /home/yzs/riscv/linux/arch/riscv/kvm/vcpu_sbi_fwft.c
[14:22:22] [spechunter] [text] Now let me check bhyve user-space for envcfg handling and search for any WPRI masking patterns.  
[14:22:22] [spechunter] [Grep] pattern='envcfg'
[14:22:22] [spechunter] [Grep] pattern='WPRI|wpri'
[14:22:22] [spechunter] [Grep] pattern='envcfg'
[14:22:30] [spechunter] [text] Let me check how `henvcfg` is initialized and whether `senvcfg` reads from hardware before swapping.  
[14:22:30] [spechunter] [Grep] pattern='henvcfg\\s*='
[14:22:30] [spechunter] [Grep] pattern='senvcfg\\s*='
[14:22:38] [spechunter] [text] Now I have a clear picture. Let me verify the actual MTE relevance by checking if any MTE-related definitions or code ex...
[14:22:38] [spechunter] [Read] /home/yzs/riscv/opensbi/lib/sbi/sbi_hart.c
[14:22:38] [spechunter] [Read] /home/yzs/riscv/opensbi/lib/sbi/sbi_fwft.c
[14:22:55] [spechunter] [text] Let me also check if there are any envcfg references in boot/locore code.  
[14:22:55] [spechunter] [Grep] pattern='envcfg'
[14:22:55] [spechunter] [Grep] pattern='envcfg'
[14:23:14] [spechunter] [text] Now let me verify whether MTE has any presence in this codebase at all.  
[14:23:14] [spechunter] [Grep] pattern='SBI_HART_EXT.*MTE|memory.tagging|SSMTE'
[14:23:14] [spechunter] [Grep] pattern='SBI_HART_EXT'
[14:23:15] [spechunter] [text] Let me verify how VCPU structures are allocated to confirm zero-initialization.  
[14:23:15] [spechunter] [Grep] pattern='kvm_arch_vcpu_create|kzalloc.*kvm_vcpu'
[14:23:21] [spechunter] [Grep] pattern='csr_read.*SENVCFG|csr_read.*senvcfg'
[14:23:21] [spechunter] [Grep] pattern='kvm_riscv_vcpu_csr_init|csr.*senvcfg|guest_csr.*senvcfg'
[14:23:32] [spechunter] [text] Let me also check the write_senvcfg and write_henvcfg paths, plus the VMState migration and any remaining async behavior...
[14:23:32] [spechunter] [Read] /home/yzs/riscv/qemu/target/riscv/csr.c
[14:23:32] [spechunter] [Read] /home/yzs/riscv/qemu/target/riscv/csr.c
[14:23:32] [spechunter] [Grep] pattern='menvcfg|senvcfg|henvcfg|mseccfg'
[14:23:32] [spechunter] [Read] /home/yzs/riscv/qemu/hw/riscv/riscv-iommu.c
[14:23:49] [spechunter] [text] Let me check the iommu diff and also look for any remaining async tag-check pathway.  
[14:23:49] [spechunter] [Bash] Check git diff for riscv-iommu.c
[14:23:49] [spechunter] [Grep] pattern='tag_check|tag.*fault|MTE|async.*tag|deferred.*tag|mte'
[14:23:49] [spechunter] [Grep] pattern='stval2|htval2|mtval3'
[14:23:55] [spechunter] [text] Now I have a complete picture. Let me compile the analysis.  
[14:23:55] [spechunter] [Write] /home/yzs/riscv/freebsd-src/envcfg_wpri_audit.json
[14:24:07] [spechunter] [text] Here is the cross-validation result:  ## Analysis  **PR context**: Removing "asynchronous mode" from MTE (Memory Tagging...
[14:24:18] [spechunter] [text] ## Analysis Summary  ### Scope I searched the entire FreeBSD RISC-V kernel (`sys/riscv/`), VMM (`sys/riscv/vmm/`), bhyve...
[14:24:18] [spechunter] [text] I'll start by searching for all code locations that read or write the `menvcfg` CSR.  
[14:24:18] [spechunter] [Grep] pattern='menvcfg'
[14:24:18] [spechunter] [Grep] pattern='CSR_MENVCFG'
[14:24:35] [spechunter] [text] Let me read the relevant code sections from each file.  
[14:24:35] [spechunter] [Read] /home/yzs/riscv/opensbi/lib/sbi/sbi_hsm.c
[14:24:35] [spechunter] [Read] /home/yzs/riscv/opensbi/lib/sbi/sbi_hart.c
[14:24:35] [spechunter] [Read] /home/yzs/riscv/opensbi/lib/sbi/sbi_fwft.c
[14:24:35] [spechunter] [Read] /home/yzs/riscv/opensbi/lib/sbi/sbi_fwft.c
[14:24:35] [spechunter] [Read] /home/yzs/riscv/opensbi/include/sbi/riscv_encoding.h
[14:25:07] [spechunter] [text] Let me check the KVM synchronization path and reset values.  
[14:25:07] [spechunter] [Grep] pattern='menvcfg|senvcfg|henvcfg|mseccfg'
[14:25:07] [spechunter] [Read] /home/yzs/riscv/qemu/target/riscv/cpu.c
[14:25:07] [spechunter] [Bash] Search git history for MTE tag async related commits
[14:25:07] [spechunter] [Grep] pattern='bit.*36|BIT.*36|1ULL.*<<.*36'
[14:25:29] [spechunter] [Grep] pattern='csr_swap.*SENVCFG|csr_write.*SENVCFG|switch_to.*senvcfg|__switch_to.*senvcfg'
[14:25:29] [spechunter] [Grep] pattern='SENVCFG|senvcfg'
[14:25:57] [spechunter] [text] Let me verify one more thing — whether bit 36 is used for any envcfg purpose.  
[14:25:57] [spechunter] [Grep] pattern='1ULL\\s*<<\\s*36|BIT.*36.*ENVCFG|ENVCFG.*36|BIT_ULL\\(36\\)|<< 36'
[14:25:57] [spechunter] [Read] /home/yzs/riscv/qemu/target/riscv/cpu_bits.h
[14:26:02] [spechunter] [text] Let me also check if there are any WPRI mask definitions or ENVCFG bit definitions for bit 36.  
[14:26:02] [spechunter] [Grep] pattern='ENVCFG.*36|WPRI|bit.*36'
[14:26:02] [spechunter] [Read] /home/yzs/riscv/opensbi/include/sbi/riscv_encoding.h
[14:26:02] [spechunter] [Read] /home/yzs/riscv/opensbi/lib/sbi/sbi_hart.c
[14:26:04] [spechunter] [text] Let me check vcpu_put to see how host envcfg values are restored.  
[14:26:04] [spechunter] [Grep] pattern='kvm_arch_vcpu_put'
[14:26:17] [spechunter] [Read] /home/yzs/riscv/linux/arch/riscv/kvm/vcpu.c
[14:27:09] [spechunter] [text] Now I have a complete picture. Let me also verify the `csr->senvcfg` initialization path for the guest's first VM-enter....
[14:27:09] [spechunter] [Read] /home/yzs/riscv/linux/arch/riscv/kvm/vcpu.c
[14:27:09] [spechunter] [Read] /home/yzs/riscv/linux/arch/riscv/include/asm/csr.h
[14:27:14] [spechunter] [text] Now let me check what `csr_read_clear` does to confirm the fwft.c PMM path analysis.  
[14:27:14] [spechunter] [Grep] pattern='#define csr_read_clear'
[14:27:18] [spechunter] [Read] /home/yzs/riscv/opensbi/include/sbi/riscv_asm.h
[14:27:29] [spechunter] [text] Let me check if there are any existing analysis findings and verify that bit 36 truly doesn't exist in any envcfg path. ...
[14:27:29] [spechunter] [Read] /home/yzs/riscv/qemu/analysis_mte_async_info_leak.json
[14:27:29] [spechunter] [Grep] pattern='gen_tag|tag_check|check_tag|stval2|htval2|mtval3|tag_fault'
[14:27:29] [spechunter] [Grep] pattern='async'
[14:28:50] [spechunter] [text] Now I have all the information needed. Here is the complete analysis:  ```json {   "findings": [     {       "file_path"...
[14:29:10] [spechunter] [text] Now I have a complete picture of the codebase. Here is the analysis:  ```json {   "findings": [     {       "file_path":...
[14:29:28] [spechunter] [text] Now I have all the code I need. Let me compile the analysis.  Here is the security audit for the `menvcfg` CSR bit 36 (f...
[14:29:28] [spechunter] [Write] /home/yzs/riscv/opensbi/semantic_finding_menvcfg_wpri.json
[14:29:42] [spechunter] [text] ## Summary  The audit found **1 confirmed bug** and **2 potential-risk locations** across 3 files:  ### Confirmed Bug: `...
[11:32:32] [spechunter] PR loaded: #80 riscv/riscv-memory-tagging — "src/mte_tag: remove asynchronous mode from specification"
[11:32:32] [spechunter]   diff: 3090 chars  body: 144 chars  reviews: 0
[11:32:32] [spechunter] Global pre-filter running...
[11:32:48] [spechunter] [text] {"should_skip": false}
[11:32:49] [spechunter] pre-filter: should_skip=False reason=""
[11:32:58] [spechunter] [text] {"should_skip": false}
[11:33:04] [spechunter] [text] {"should_skip": true, "skip_reason": "Zimt (memory tagging) extension is not yet supported by the Linux kernel; no kerne...
[11:33:10] [spechunter] [text] {"should_skip": true, "skip_reason": "Memory Tagging Extension (Zimt) is not supported by FreeBSD; removal of async mode...
[11:33:16] [spechunter] [text] {"should_skip": true, "skip_reason": "Memory Tagging Extension (Zimt) is not yet ratified and XiangShan does not impleme...
[11:33:28] [spechunter] [text] {"should_skip": true, "skip_reason": "MTE (Memory Tagging Extension) is a feature used by S/U-mode software, not by M-mo...
[11:33:38] [spechunter] [Grep] pattern='MT_ASYNC|mt_async|MTE.*async|mte_tag'
[11:33:38] [spechunter] [Grep] pattern='mseccfg'
[11:34:04] [spechunter] [Grep] pattern='MT_ASYNC|mt_async|MTE_ASYNC|mte_async'
[11:34:04] [spechunter] [Grep] pattern='MSECCFG|mseccfg'
[11:34:10] [spechunter] [Grep] pattern='zimt|zicfilp|mte_tag|memory.tag|MT_MODE'
[11:34:10] [spechunter] [Read] /home/yzs/riscv/qemu/target/riscv/csr.c
[11:35:12] [spechunter] [Grep] pattern='WPRI|wpri'
[11:38:29] [spechunter] [Grep] pattern='TPRI|tpri|WPRI|wpri|WARL|warl|WLRL|wlrl'
[11:38:29] [spechunter] [Grep] pattern='envcfg|env_cfg'
[11:38:52] [spechunter] [Read] /home/yzs/riscv/qemu/target/riscv/csr.c
[11:38:52] [spechunter] [Grep] pattern='mseccfg_csr_read|mseccfg_csr_write'
[11:39:23] [spechunter] [Grep] pattern='mseccfg_csr_write|mseccfg_csr_read'
[11:39:24] [spechunter] [text] API Error: 400 {"detail":"Error code: 400 - {'detail': 'Rate limit exceeded for team: AI_PRD_SELF-ygOCagDg1IJPqSZyFTZ2lU...
[11:39:25] [spechunter] [text] API Error: 400 {"detail":"Error code: 400 - {'detail': 'Rate limit exceeded for team: AI_PRD_SELF-ygOCagDg1IJPqSZyFTZ2lU...
[11:39:59] [spechunter] [Agent] description, prompt
[11:39:59] [spechunter] [Grep] pattern='mte[_\\s]?tag|memtag|memory.tag'
[11:39:59] [spechunter] [Grep] pattern='mtecfg|mte_config|MTE_CFG'
[11:40:26] [spechunter] [Grep] pattern='mte'
[11:40:26] [spechunter] [Grep] pattern='mte'
[11:40:26] [spechunter] [Grep] pattern='mte'
[11:40:26] [spechunter] [Grep] pattern='tag.*check|check.*tag'
[11:40:26] [spechunter] [Grep] pattern='async'
[11:40:26] [spechunter] [Glob] **/target/riscv/**/*mte*
[11:40:26] [spechunter] [Grep] pattern='mtecfg|mtetcf|mte_cfg|mtet_cfg'
[11:40:46] [spechunter] [Grep] pattern='mte'
[11:40:46] [spechunter] [Grep] pattern='async'
[11:40:46] [spechunter] [Grep] pattern='tag.*check|check.*tag'
[11:40:46] [spechunter] [Read] /home/yzs/riscv/qemu/target/riscv/cpu_bits.h
[11:40:46] [spechunter] [Grep] pattern='tag'
[11:41:17] [spechunter] [Grep] pattern='memory.tag'
[11:41:17] [spechunter] [Grep] pattern='synchronous|sync.*mode|async.*mode'
[11:41:17] [spechunter] [Grep] pattern='tag.addr|tagg|tdata|mtag'
[11:41:17] [spechunter] [Read] /home/yzs/riscv/qemu/target/riscv/cpu_bits.h
[11:41:17] [spechunter] [Grep] pattern='mmte|smte|umte'
[11:41:17] [spechunter] [Grep] pattern='ssmtt|memtag|tag_chec|tagcheck|pointer.tag'
[11:42:05] [spechunter] [Grep] pattern='svmtt|smpt|ssmpt|stagg|mem_addres.tag|pointer_mas'
[11:42:05] [spechunter] [Grep] pattern='pm_enable|pm_current|pm_insn|pointer_mas|pm_xs'
[11:42:05] [spechunter] [Grep] pattern='smmpm|ssnpm'
[11:42:05] [spechunter] [Grep] pattern='memory.tagging|memtag'
[11:42:21] [spechunter] [Read] /home/yzs/riscv/qemu/analysis_mte_tag_hlv_hsv.json
[11:42:21] [spechunter] [Read] /home/yzs/riscv/qemu/analysis_mte_async_info_leak.json
[11:42:21] [spechunter] [Read] /home/yzs/riscv/qemu/analysis_mte_tag_elide.json
[11:42:21] [spechunter] [Grep] pattern='smnpm|smnpm'
[11:42:21] [spechunter] [Grep] pattern='pointer.?mask|pm_enable|pm_current|pm_insn'
[11:42:40] [spechunter] [Grep] pattern='zitagelide|mtag_i|MT_ASYNC|menvcfg.*tag|tag.*menvcfg'
[11:42:40] [spechunter] [Grep] pattern='pmm|PMM'
[11:42:40] [spechunter] [Read] /home/yzs/riscv/qemu/target/riscv/cpu_helper.c
[11:42:40] [spechunter] [Grep] pattern='mseccfg.*PM|mseccfg.*tag|smtag'
[11:43:07] [spechunter] [Grep] pattern='mte|tag|mtt'
[11:43:07] [spechunter] [Grep] pattern='memory.*tagg|tagg.*memory|tag_chk|tagchk'
[11:43:07] [spechunter] [Grep] pattern='mseccfg.*MT|MT_ASYNC|mt_asyn'
[11:43:07] [spechunter] [Read] /home/yzs/riscv/qemu/target/riscv/cpu_bits.h
[11:43:50] [spechunter] [Grep] pattern='^#define PM_ENABLE|^#define PM_CURRENT|^#define PM_INSN'
[11:43:50] [spechunter] [Grep] pattern='CSR_MMTE|CSR_SMTE|CSR_UMTE|CSR_MTE'
[11:43:50] [spechunter] [Grep] pattern='CSR_MMTE|CSR_SMTE|CSR_UMTE|CSR_MTE'
[11:43:50] [spechunter] [Glob] **/poc/**
[11:44:57] [spechunter] [Read] /home/yzs/riscv/qemu/poc/poc.c
[11:44:57] [spechunter] [Grep] pattern='PM_ENABLE|PM_CURRENT|PM_INSN'
[11:44:57] [spechunter] [Grep] pattern='MENVCFG_CBIE|MENVCFG_CBCFE|MENVCFG_CBZE|MENVCFG_FIOM'
[11:44:57] [spechunter] [Grep] pattern='MT_ASYNC'
[11:45:10] [spechunter] [Grep] pattern='#define PM_ENABLE|#define PM_CURRENT|#define PM_INSN'
[11:45:10] [spechunter] [Grep] pattern='#define PM_ENABLE|#define PM_CURRENT|#define PM_INSN'
[11:45:10] [spechunter] [Read] /home/yzs/riscv/qemu/target/riscv/cpu_bits.h
[11:45:43] [spechunter] [Grep] pattern='#define PM_ENABLE\\b|#define PM_CURRENT\\b|#define PM_INSN\\b'
[11:45:43] [spechunter] [Grep] pattern='pmm_field_disabled|pmm_field_reserved|pmm_field_pmlen'
[11:46:24] [spechunter] [Grep] pattern='PM_ENABLE|PM_CURRENT|PM_INSN'
[11:46:24] [spechunter] [Read] /home/yzs/riscv/qemu/target/riscv/cpu_bits.h
[11:47:08] [spechunter] [Grep] pattern='#define PM_ENABLE\\b|#define PM_CURRENT\\b|#define PM_INSN\\b'
[11:47:08] [spechunter] [Grep] pattern='#define PM_ENABLE\\b|#define PM_CURRENT\\b|#define PM_INSN\\b'
[11:48:12] [spechunter] [Bash] Preprocess cpu_bits.h to find PM_ENABLE definition
[11:48:12] [spechunter] [Grep] pattern='define PM_ENABLE|define PM_CURRENT|define PM_INSN'
[11:48:56] [spechunter] [Grep] pattern='mmte|smte|umte'
[11:48:56] [spechunter] [Grep] pattern='CSR_MMTE|CSR_SMTE|CSR_UMTE|#define CSR_.*MTE'
[11:48:56] [spechunter] [Grep] pattern='MMTE_MASK|SMTE_MASK|UMTE_MASK'
[11:48:56] [spechunter] [Grep] pattern='CSR_MMTE|CSR_SMTE|CSR_UMTE'
[11:49:03] [spechunter] [Grep] pattern='async'
[11:49:03] [spechunter] [Grep] pattern='async'
[11:51:11] [spechunter] [text] Let me dig deeper into the current branch changes and look for any code that might be semantically affected by removing ...
[11:51:11] [spechunter] [Bash] Check recent commits and branch diff
[11:51:11] [spechunter] [Grep] pattern='TAG_CHECK|tag.check|tag_check|tagcheck'
[11:51:11] [spechunter] [Grep] pattern='async.*fault|ASYNC|mte_sync|mte_async|tag_fault|tag_fail|TAG_FAULT'
[11:51:11] [spechunter] [Grep] pattern='zicfilp|zicfiss|zicfil|cfi'
[11:52:10] [spechunter] [text] Let me now look at the actual code changes on the current branch and trace the full semantic picture.  
[11:52:10] [spechunter] [Bash] See the exact diff on the current branch
[11:52:10] [spechunter] [Grep] pattern='tcg_gen_qemu_ld|tcg_gen_qemu_st|gen_load|gen_store|check_mem'
[11:52:10] [spechunter] [Grep] pattern='ACCESS_FAULT|TRANSLATE_FAIL'
[11:52:40] [spechunter] [text] Let me look more closely at the mseccfg implementation and the ARM MTE pattern for comparison.  
[11:52:40] [spechunter] [Read] /home/yzs/riscv/qemu/target/riscv/csr.c
[11:52:40] [spechunter] [Read] /home/yzs/riscv/qemu/target/riscv/pmp.c
[11:52:40] [spechunter] [Read] /home/yzs/riscv/qemu/target/riscv/pmp.h
[11:52:40] [spechunter] [Read] /home/yzs/riscv/qemu/analysis_mte_async_info_leak.json
[11:53:14] [spechunter] [text] Let me look more broadly at the infrastructure where MTE tag-check mode would be implemented, and the full CSR wiring.  
[11:53:14] [spechunter] [Read] /home/yzs/riscv/qemu/target/riscv/csr.c
[11:53:14] [spechunter] [Read] /home/yzs/riscv/qemu/target/riscv/cpu.c
[11:53:14] [spechunter] [Read] /home/yzs/riscv/qemu/target/riscv/machine.c
[11:53:14] [spechunter] [Read] /home/yzs/riscv/qemu/target/riscv/cpu_helper.c
[11:53:45] [spechunter] [text] Let me look deeper at the ARM MTE async pattern (as the reference implementation) and the RISC-V infrastructure that wou...
[11:53:45] [spechunter] [Read] /home/yzs/riscv/qemu/target/arm/tcg/mte_helper.c
[11:53:45] [spechunter] [Read] /home/yzs/riscv/qemu/target/arm/cpu.h
[11:53:45] [spechunter] [Grep] pattern='.*'
[11:53:45] [spechunter] [Grep] pattern='mseccfg|MSECCFG'
[11:53:54] [spechunter] [text] Let me check the analysis files for MTE-related gaps and look at how the trap infrastructure would need to handle tag-ch...
[11:53:54] [spechunter] [Read] /home/yzs/riscv/qemu/analysis_mte_tag_elide.json
[11:53:54] [spechunter] [Read] /home/yzs/riscv/qemu/analysis_mte_tag_hlv_hsv.json
[11:54:28] [spechunter] [text] Let me trace the ARM MTE async pattern more fully as the reference implementation, and also look at how the ARM TCG tran...
[11:54:28] [spechunter] [Grep] pattern='TFSR|tfsr_el|TFSR_EL'
[11:54:28] [spechunter] [Grep] pattern='MTE_ACTIVE|mte_active|tag_check|TAG_CHECK|mte_tcheck|MTEDESC'
[11:54:28] [spechunter] [Grep] pattern='TCF|tcf_async|ASYNC_FAULT'
[11:56:49] [spechunter] [text] Now let me look at how TB flags would host MTE tag state, and how the ARM reference pattern maps to RISC-V infrastructur...
[11:56:49] [spechunter] [Read] /home/yzs/riscv/qemu/target/riscv/cpu.h
[11:56:49] [spechunter] [Read] /home/yzs/riscv/qemu/target/riscv/tcg/tcg-cpu.c
[11:56:49] [spechunter] [Read] /home/yzs/riscv/qemu/target/riscv/translate.c
[11:56:49] [spechunter] [Read] /home/yzs/riscv/qemu/target/arm/cpu.h
[11:58:19] [spechunter] [text] Now let me look at the ARM MTE migration code (as reference pattern for how MTAG state would be serialized) and the full...
[11:58:38] [spechunter] [Grep] pattern='mte|MTE|memory.*tag'
[11:58:38] [spechunter] [Grep] pattern='async.*mte|mte.*async|async.*tag|tag.*async'
[11:58:38] [spechunter] [Grep] pattern='menvcfg.*mte|mte.*menvcfg|MTE_ASYNC|tag_check|stag|mtag'
[11:58:50] [spechunter] [Grep] pattern='mte_tag|smte|ssmte|menvcfg.*tag|tag.*menvcfg|MTE_ASYNC|MTE_TCF|tag_check|tag_fault'
[11:58:50] [spechunter] [Grep] pattern='riscv.*mte|mte.*riscv|memory.tagging|extension.*tag'
[11:58:50] [spechunter] [Grep] pattern='Svmt|svmt|ssmt'
[11:59:00] [spechunter] [Read] /home/yzs/riscv/qemu/target/riscv/cpu_bits.h
[11:59:00] [spechunter] [Grep] pattern='smte|ssmte|smte|Ssmt|ext_smte'
[11:59:00] [spechunter] [Grep] pattern='MTE|mte|tag.*ext|ext.*tag'
[11:59:21] [spechunter] [Grep] pattern='smtdeleg|mte_tag|envcfg.*mte|mte.*envcfg|STCE|ADUE'
[11:59:21] [spechunter] [Grep] pattern='ext_smte|ext_ssmte|smte'
[12:00:11] [spechunter] [Grep] pattern='smtdeleg|CSR_SMTDELEG|smetag|mtag|menvcfg.*PM|menvcfg\\.PMM|PMM_FIELD|MENVCFG_PMM'
[12:00:11] [spechunter] [Grep] pattern='MENVCFG_PMM|PMM_FIELD|PM_XS|PM_ENABLE|PM_CURRENT|PM_INSN|MMTE|mmte'
[12:00:54] [spechunter] [Grep] pattern='tag.*sync|sync.*tag|tag.*mode|tag.*fault|tcf|tcf_sync|tcf_async|mmte_sync|smte_sync|umte_sync'
[12:00:54] [spechunter] [Grep] pattern='mte_tag|src/mte'
[12:00:54] [spechunter] [Grep] pattern='CSR_MMTE|CSR_SMTE|CSR_UMTE|csr_smtdeleg'
[12:01:12] [spechunter] [Grep] pattern='CSR_MTE|CSR_SMTE|CSR_UMTE|CSR_MMTE|CSR_VSMTE|0x3C|0x1C.*mte|mte.*csr'
[12:01:12] [spechunter] [Grep] pattern='mte|memory.tag'
[12:01:35] [spechunter] [Grep] pattern='smte|ssmte|Ssmt'
[12:01:35] [spechunter] [Grep] pattern='pbmte|PBMTE|svpbmt'
[12:02:25] [spechunter] [text] Now let me look at what the existing codebase has for Memory Tagging Extension CSRs beyond just the bit field definition...
[12:02:25] [spechunter] [Grep] pattern='PM_ENABLE|PM_CURRENT|PM_INSN|PM_OFFSET|EXT_STATUS'
[12:02:25] [spechunter] [Grep] pattern='mmte|smte|umte|smtdeleg|mteleg'
[12:03:09] [spechunter] [text] Now let me verify that these are the *pointer masking* tag CSRs within the Memory Tagging Extension, and check if there ...
[12:03:09] [spechunter] [Read] /home/yzs/riscv/qemu/target/riscv/cpu_bits.h
[12:03:09] [spechunter] [Grep] pattern='CSR_MTE|CSR_SMT|CSR_MMT|CSR_UMT|CSR_VSMT|vsmt|vmte'
[12:03:48] [spechunter] [Grep] pattern='#define PM_ENABLE|#define PM_CURRENT|#define PM_INSN'
[12:03:48] [spechunter] [Grep] pattern='mmte|smte|umte|smtdeleg'
[12:04:03] [spechunter] [Grep] pattern='PM_ENABLE|PM_CURRENT|PM_INSN'
[12:04:03] [spechunter] [Grep] pattern='pm_enable|pm_current|pm_insn|PM_ENABLE|PM_CURRENT|PM_INSN'
[12:04:29] [spechunter] [Grep] pattern='\\"PM_ENABLE\\"|PM_ENABLE.*BIT|BIT.*PM_ENABLE|define.*PM_ENABLE'
[12:04:29] [spechunter] [Grep] pattern='#define PM_ENABLE|#define PM_CURRENT|#define PM_INSN'
[12:05:15] [spechunter] [text] Let me check if there are extension flags already defined for SMTE/SSMTE, and look for the CSR numbers.  
[12:05:15] [spechunter] [Grep] pattern='ext_smte|ext_ssmte'
[12:05:15] [spechunter] [Grep] pattern='CSR_.*MTE|0x[0-9A-Fa-f].*mte|mte.*0x[0-9A-Fa-f]'
[12:06:01] [spechunter] [Grep] pattern='define PM_ENABLE|define PM_CURRENT|define PM_INSN'
[12:06:01] [spechunter] [Grep] pattern='PM_ENABLE|PM_CURRENT|PM_INSN'
[12:06:26] [spechunter] [Grep] pattern='"#define PM_ENABLE|#define PM_CURRENT|#define PM_INSN"'
[12:06:26] [spechunter] [Grep] pattern='mte|Mte|tag|Tag'
[12:06:42] [spechunter] [Grep] pattern='mte|MTE|memory.*tag'
[12:06:42] [spechunter] [Grep] pattern='src/mte_tag|mte_tag'
[12:06:58] [spechunter] [Bash] Check recent commits touching cpu_bits.h for MTE context
[12:06:58] [spechunter] [Bash] Check current diff for MTE-related changes
[12:08:10] [spechunter] [text] Let me check the actual changes on this branch
[12:08:10] [spechunter] [Bash] Check what changes are on this branch
[12:08:10] [spechunter] [Bash] Check commits on current branch
[12:08:30] [spechunter] [Bash] Check full diff for iommu change
[12:08:30] [spechunter] [Grep] pattern='#define PM_ENABLE|#define PM_CURRENT|#define PM_INSN|PM_ENABLE\\b|PM_CURRENT\\b|PM_INSN\\b'
[12:08:53] [spechunter] [Bash] Show diff stats for current changes
[12:08:53] [spechunter] [Bash] Show full diff for current changes
[12:09:09] [spechunter] [Read] /home/yzs/riscv/qemu/hw/riscv/riscv-iommu.c
[12:09:09] [spechunter] [Agent] description, prompt
[12:09:20] [spechunter] [Bash] List the spec_ref directory contents
[12:09:20] [spechunter] [Glob] **/*
[12:09:20] [spechunter] [Grep] pattern='[iI][oO][mM][mM][uU]'
[12:09:36] [spechunter] [Grep] pattern='[iI][oO][mM][mM][uU]'
[12:09:36] [spechunter] [Grep] pattern='GATP|gatp'
[12:09:36] [spechunter] [Grep] pattern='MSIPTP|msiptp|Msiptp'
[12:09:36] [spechunter] [Grep] pattern='[Bb][Aa][Rr][Ee]'
[12:09:36] [spechunter] [Grep] pattern='device.context|device_context|device-context'
[12:10:05] [spechunter] [Read] /home/yzs/riscv/rv-isa-sec/spec_ref/riscv-iopmp/intro.adoc
[12:10:05] [spechunter] [Read] /home/yzs/riscv/rv-isa-sec/spec_ref/riscv-iopmp/chapter2.adoc
[12:10:05] [spechunter] [Read] /home/yzs/riscv/rv-isa-sec/spec_ref/riscv-iopmp/example.bib
[12:10:05] [spechunter] [Grep] pattern='MSI.*translat|translat.*MSI|MSI.*page|MSI.*table'
[12:10:05] [spechunter] [Glob] **/*iommu*
[12:10:05] [spechunter] [Glob] **/*IOMMU*
[12:10:38] [spechunter] [Grep] pattern='MSI'
[12:10:38] [spechunter] [Grep] pattern='RWLV|RWLS|MISIOPP|MSI.*page.*table|MSI_PTE'
[12:10:38] [spechunter] [Grep] pattern='device.context|process_soft'
[12:10:38] [spechunter] [Grep] pattern='distinct.process'
[12:10:38] [spechunter] [Bash] List full iopmp directory
[12:10:38] [spechunter] [Glob] **/*
[12:10:53] [spechunter] [Read] /home/yzs/riscv/rv-isa-sec/spec_ref/riscv-iopmp/extensions/msi.adoc
[12:10:53] [spechunter] [Read] /home/yzs/riscv/rv-isa-sec/spec_ref/riscv-iopmp/extensions/registers.adoc
[12:10:53] [spechunter] [Read] /home/yzs/riscv/rv-isa-sec/spec_ref/riscv-iopmp/extensions.adoc
[12:10:53] [spechunter] [Read] /home/yzs/riscv/rv-isa-sec/spec_ref/riscv-iopmp/chapter3.adoc
[12:10:53] [spechunter] [Read] /home/yzs/riscv/rv-isa-sec/spec_ref/riscv-iopmp/chapter4.adoc
[12:12:58] [spechunter] [Grep] pattern='[iI][oO][mM][mM][uU]'
[12:12:58] [spechunter] [Grep] pattern='GATP|MSI|BARE|msiptp'
[12:12:58] [spechunter] [Bash] List ISA manual priv directory
[12:12:58] [spechunter] [Bash] List parent directory for any IOMMU spec
[12:13:11] [spechunter] [Bash] Check spec directory for IOMMU spec
[12:13:11] [spechunter] [Grep] pattern='BARE|Bare'
[12:13:11] [spechunter] [Read] /home/yzs/riscv/rv-isa-sec/spec_ref/riscv-isa-manual/src/priv/shgatpa.adoc
[12:13:11] [spechunter] [Grep] pattern='MSIPTP|msiptp'
[12:13:19] [spechunter] [Bash] List IOMMU spec directory
[12:13:19] [spechunter] [Grep] pattern='MSIPTP|msiptp|Msiptp'
[12:13:19] [spechunter] [Grep] pattern='GATP|gatp|BARE|Bare'
[12:13:39] [spechunter] [Bash] List IOMMU PR 699 directory
[12:13:39] [spechunter] [Bash] List IOMMU PR 617 directory
[12:13:39] [spechunter] [Glob] **/*.adoc
[12:14:00] [spechunter] [Read] /home/yzs/riscv/rv-isa-sec/spec/riscv-iommu/pr-699/diff.patch
[12:14:00] [spechunter] [Read] /home/yzs/riscv/rv-isa-sec/spec/riscv-iommu/pr-699/files.json
[12:14:00] [spechunter] [Read] /home/yzs/riscv/rv-isa-sec/spec/riscv-iommu/pr-617/diff.patch
[12:14:12] [spechunter] [Read] /home/yzs/riscv/rv-isa-sec/spec/riscv-iommu/pr-617/diff.patch
[12:14:12] [spechunter] [Read] /home/yzs/riscv/rv-isa-sec/spec/riscv-iommu/pr-617/logs/qemu.log
[12:14:28] [spechunter] [Grep] pattern='msiptp\\.MODE|iohgatp\\.MODE|Bare|DDT.*misconfig|device.context'
[12:14:28] [spechunter] [Read] /home/yzs/riscv/rv-isa-sec/spec/riscv-iommu/pr-694/files.json
[12:14:28] [spechunter] [Grep] pattern='device.context|DDT|iohgatp|msiptp'
[12:14:28] [spechunter] [Bash] List structure of PR 617
[12:14:45] [spechunter] [Read] /home/yzs/riscv/rv-isa-sec/spec/riscv-iommu/pr-617/logs/linux.log
[12:14:45] [spechunter] [Read] /home/yzs/riscv/rv-isa-sec/spec/riscv-iommu/pr-617/logs/freebsd-src.log
[12:14:45] [spechunter] [Grep] pattern='GATP|BARE.*MSI|device.context.*valid|process.*soft|device.*context.*valid'
[12:14:51] [spechunter] [Read] /home/yzs/riscv/rv-isa-sec/spec/riscv-iommu/pr-617/logs/opensbi.log
[12:14:51] [spechunter] [Read] /home/yzs/riscv/rv-isa-sec/output/riscv-iommu/pr-617/qemu.txt
[12:14:51] [spechunter] [Read] /home/yzs/riscv/rv-isa-sec/spec/riscv-iommu/pr-694/body.md
[12:15:54] [spechunter] [text] Let me check how the validation failure is reported to the caller
[12:15:54] [spechunter] [Grep] pattern='riscv_iommu_validate_device_ctx'
[12:16:07] [spechunter] [Read] /home/yzs/riscv/qemu/hw/riscv/riscv-iommu.c
[12:16:07] [spechunter] [Read] /home/yzs/riscv/rv-isa-sec/spec/riscv-iommu/pr-617/diff.patch
[12:16:32] [spechunter] [text] Now I have a complete picture. Let me verify the definition of the constants used and understand the full validation con...
[12:16:32] [spechunter] [Grep] pattern='RISCV_IOMMU_DC_IOHGATP_MODE_BARE|RISCV_IOMMU_DC_MSIPTP_MODE_OFF|RISCV_IOMMU_DC_MSIPTP_MODE'
[12:16:32] [spechunter] [Grep] pattern='RISCV_IOMMU_DC_IOHGATP_MODE_BARE|RISCV_IOMMU_DC_MSIPTP_MODE_OFF|RISCV_IOMMU_DC_MSIPTP_MODE'
[12:16:46] [spechunter] [Grep] pattern='RISCV_IOMMU_DC_MSIPTP_MODE|RISCV_IOMMU_DC_IOHGATP_MODE_BARE'
[12:16:49] [spechunter] [Grep] pattern='RISCV_IOMMU_DC_MSIPTP_MODE|RISCV_IOMMU_DC_IOHGATP_MODE_BARE'
[12:16:54] [spechunter] [Grep] pattern='RISCV_IOMMU_DC_MSIPTP_MODE|RISCV_IOMMU_DC_IOHGATP_MODE_BARE'
[12:17:12] [spechunter] [Read] /home/yzs/riscv/rv-isa-sec/spec/riscv-iommu/pr-617/diff.patch
[12:18:03] [spechunter] [text] 以下是该IOMMU设备上下文验证更改的审计结果。  ---  ## 分析  **PR 上下文**: PR 标题 ("src/mte_tag: remove asynchronous mode from specification") 与实际...
