[04:41:24] [spechunter] PR loaded: #2572 riscv/riscv-isa-manual — "Clarify which vstart values are reserved for whole register instructions"
[04:41:24] [spechunter]   diff: 1655 chars  body: 645 chars  reviews: 0
[04:41:24] [spechunter] Global pre-filter running...
[04:41:40] [spechunter] [text] {"should_skip": false}
[04:41:41] [spechunter] pre-filter: should_skip=False reason=""
[04:41:52] [spechunter] [text] {"should_skip": false}
[04:41:54] [spechunter] [text] {"should_skip": true, "skip_reason": "Vector extension vstart reserved-value clarification for whole-register instructio...
[04:41:56] [spechunter] [text] {"should_skip": false}
[04:42:08] [spechunter] [text] {"should_skip": true, "skip_reason": "Spec clarification on when whole-register vector instructions are reserved (vstart...
[04:42:12] [spechunter] [Grep] pattern='vector|vstart|v_ext|V-extension|riscv_v'
[04:42:12] [spechunter] [Grep] pattern='vector|vstart'
[04:42:19] [spechunter] [Grep] pattern='vstart|V-extension|vector.*extension|riscv.*v\\b'
[04:42:24] [spechunter] [Grep] pattern='whole.*register|vstart.*vlmax|vstart.*evl|vle1r|vle2r|vle4r|vle8r|vse1r|vse2r|vse4r|vse8r|vmvnr|vstart.*reserved'
[04:42:24] [spechunter] [Grep] pattern='vstart|vlmax|vext_whole|whole.*register'
[04:42:29] [spechunter] [Grep] pattern='vstart.*VLMAX|vstart.*reserved|whole.*register.*vstart|evl.*vstart'
[04:42:40] [spechunter] [Grep] pattern='vext_ld_whole|vext_st_whole|ld_whole|st_whole|vle1r|vle2r|vle4r|vle8r|vse1r|vse2r|vse4r|vse8r|vmv.nr|vmvnr|vmv1r|vmv2r|vmv4r|vmv8r'
[04:42:40] [spechunter] [Grep] pattern='vstart.*reserved|reserved.*vstart|vstart.*vlmax|vlmax.*vstart'
[04:42:41] [spechunter] [text] {"should_skip": true, "skip_reason": "FreeBSD does not currently support the RISC-V Vector extension, and this is a mino...
[04:42:50] [spechunter] [Agent] description, subagent_type
[04:42:53] [spechunter] [Read] /home/yzs/riscv/qemu/target/riscv/vector_helper.c
[04:42:53] [spechunter] [Read] /home/yzs/riscv/qemu/target/riscv/vector_internals.c
[04:43:11] [spechunter] [Grep] pattern='vstart'
[04:43:11] [spechunter] [Grep] pattern='VLMAX'
[04:43:11] [spechunter] [Grep] pattern='isWhole|wholeReg|WholeReg'
[04:43:11] [spechunter] [Grep] pattern='evl'
[04:43:11] [spechunter] [Grep] pattern='vmvnr|vmv1r|vmv2r|vmv4r|vmv8r'
[04:43:11] [spechunter] [Grep] pattern='vlre|vsr\\.v|whole.register'
[04:43:12] [spechunter] [text] Now let me look at how the TCG translator handles vstart checks for whole register instructions, and find the vmvnr/vmvN...
[04:43:12] [spechunter] [Grep] pattern='vstart|VSTART_CHECK|vstart_check|require_no_vstart|require_novstart'
[04:43:12] [spechunter] [Grep] pattern='vmv1r|vmv2r|vmv4r|vmv8r|vmvnr'
[04:43:25] [spechunter] [Grep] pattern='vmv.*r_v|whole.*move|vmv_nr|vmvnr'
[04:43:25] [spechunter] [Grep] pattern='vmv1r|vmv2r|vmv4r|vmv8r|vmv.nr|vmvnr|whole_register|VSTART_CHECK'
[04:43:33] [spechunter] [Read] /home/yzs/riscv/qemu/target/riscv/insn_trans/trans_rvv.c.inc
[04:43:33] [spechunter] [Read] /home/yzs/riscv/qemu/target/riscv/vector_helper.c
[04:43:33] [spechunter] [Read] /home/yzs/riscv/qemu/target/riscv/vector_helper.c
[04:43:35] [spechunter] [Read] /home/yzs/riscv/XiangShan/src/main/scala/xiangshan/backend/decode/VecExceptionGen.scala
[04:43:35] [spechunter] [Read] /home/yzs/riscv/XiangShan/src/main/scala/xiangshan/backend/fu/wrapper/VMove.scala
[04:43:35] [spechunter] [Read] /home/yzs/riscv/XiangShan/src/main/scala/xiangshan/backend/decode/VecDecoder.scala
[04:43:35] [spechunter] [Read] /home/yzs/riscv/XiangShan/src/main/scala/xiangshan/backend/decode/UopInfoGen.scala
[04:43:35] [spechunter] [Read] /home/yzs/riscv/XiangShan/src/main/scala/xiangshan/backend/fu/vector/ByteMaskTailGen.scala
[04:43:35] [spechunter] [Read] /home/yzs/riscv/XiangShan/src/main/scala/xiangshan/backend/VecExcpDataMergeModule.scala
[04:43:57] [spechunter] [Read] /home/yzs/riscv/XiangShan/src/main/scala/xiangshan/mem/vector/VecCommon.scala
[04:43:57] [spechunter] [Read] /home/yzs/riscv/XiangShan/src/main/scala/xiangshan/mem/vector/VecBundle.scala
[04:43:57] [spechunter] [Read] /home/yzs/riscv/XiangShan/src/main/scala/xiangshan/backend/fu/vector/Mgu.scala
[04:43:57] [spechunter] [Read] /home/yzs/riscv/XiangShan/src/main/scala/xiangshan/backend/fu/vector/NewMgu.scala
[04:43:57] [spechunter] [Read] /home/yzs/riscv/XiangShan/src/main/scala/xiangshan/backend/rob/ExceptionGen.scala
[04:44:13] [spechunter] [Grep] pattern='vstart|isWhole|isVlsr|vmvn|preInfo'
[04:44:13] [spechunter] [Read] /home/yzs/riscv/XiangShan/src/main/scala/xiangshan/backend/rob/RobBundles.scala
[04:44:13] [spechunter] [Grep] pattern='vstart|evl|isWhole|wholeReg|isVlsr'
[04:44:13] [spechunter] [Grep] pattern='vstart|VLMAX|evl|isWhole|wholeReg|isVlsr'
[04:44:40] [spechunter] [Read] /home/yzs/riscv/XiangShan/src/main/scala/xiangshan/mem/vector/VSplit.scala
[04:44:40] [spechunter] [Grep] pattern='vstart|vlmax|vlr|vsr|isWhole|isVlsr|usWholeReg|wholeReg|GenUSWhole'
[04:44:40] [spechunter] [Grep] pattern='vstart'
[04:44:40] [spechunter] [Grep] pattern='vstart|Vstart'
[04:44:40] [spechunter] [Grep] pattern='isWhole|vlr\\.|vsr\\.'
[04:45:24] [spechunter] [Grep] pattern='vstart'
[04:45:24] [spechunter] [Grep] pattern='vstart|VLMAX|reserved.*vstart|whole.*register'
[04:45:24] [spechunter] [Grep] pattern='isWhole|wholeReg|VMove.*vstart|evl'
[04:45:24] [spechunter] [Grep] pattern='vstart.*\\>=|vstart.*>=|vstart.*VLMAX|vstart.*vlmax'
[04:45:25] [spechunter] [Grep] pattern='VSTART_CHECK_EARLY_EXIT'
[04:45:25] [spechunter] [Grep] pattern='vext_page_ldst_us'
[04:45:35] [spechunter] [Read] /home/yzs/riscv/qemu/target/riscv/vector_internals.h
[04:45:35] [spechunter] [Grep] pattern='gen_helper_vl.*re.*_v|gen_helper_vs.*r_v'
[04:45:42] [spechunter] [Grep] pattern='vl1re|vl2re|vl4re|vl8re|vs1r_v|vs2r_v|vs4r_v|vs8r_v|trans_vl.*re|trans_vs.*r_v|WHOLE|ld_whole|st_whole'
[04:45:42] [spechunter] [Read] /home/yzs/riscv/XiangShan/src/main/scala/xiangshan/backend/decode/VecExceptionGen.scala
[04:45:42] [spechunter] [Read] /home/yzs/riscv/XiangShan/src/main/scala/xiangshan/backend/fu/wrapper/VMove.scala
[04:45:56] [spechunter] [Read] /home/yzs/riscv/qemu/target/riscv/insn_trans/trans_rvv.c.inc
[04:47:08] [spechunter] [text] Now let me check how FuType classifies these instructions.  
[04:47:08] [spechunter] [Grep] pattern='isVArith|isVArithMem|FuType\\.vmove'
[04:47:08] [spechunter] [Grep] pattern='def isVArith|def isVArithMem|val vmove|FuType\\.vmove'
[04:47:25] [spechunter] [text] Now let me look at the page ldst function and the vstart CSR handling to complete the analysis.  
[04:47:25] [spechunter] [Read] /home/yzs/riscv/qemu/target/riscv/vector_helper.c
[04:47:25] [spechunter] [Read] /home/yzs/riscv/qemu/target/riscv/vector_helper.c
[04:47:32] [spechunter] [text] Let me check the FuType definitions more precisely and look for how whole register load/stores handle vstart.  
[04:47:32] [spechunter] [Grep] pattern='vecArith\\b|vecArithOrMem'
[04:47:32] [spechunter] [Grep] pattern='vstart.*whole|whole.*vstart|vlre|vsre|vs1r|vl1re|vs1r_v|vl8re'
[04:48:48] [spechunter] [Grep] pattern='vstart|whole'
[04:48:53] [spechunter] [Read] /home/yzs/riscv/qemu/target/riscv/csr.c
[04:48:53] [spechunter] [Grep] pattern='vstart'
[04:49:24] [spechunter] [text] Now I have a complete picture. Let me verify one more thing about how whole register loads/stores handle vstart at execu...
[04:49:24] [spechunter] [Grep] pattern='vstart|whole'
[04:49:24] [spechunter] [Grep] pattern='lsWholeInst|whole|vstart'
[04:49:53] [spechunter] [text] ```json {   "violation_condition": "When a whole-register vector instruction (vl1re*, vl2re*, vl4re*, vl8re*, vs1r, vs2r...
[04:50:16] [spechunter] [Grep] pattern='ldst_whole_trans|vext_ldst_whole|GEN_LDST_WHOLE_TRANS|GEN_VMV_WHOLE_TRANS'
[04:50:16] [spechunter] [Grep] pattern='HELPER\\(vmvr_v\\)'
[04:50:16] [spechunter] [Grep] pattern='vstart'
[04:50:16] [spechunter] [Grep] pattern='ldst_whole_trans'
[04:50:16] [spechunter] [Grep] pattern='vext_ldst_whole'
[04:50:16] [spechunter] [Grep] pattern='GEN_LDST_WHOLE_TRANS'
[04:50:16] [spechunter] [Grep] pattern='GEN_VMV_WHOLE_TRANS'
[04:50:16] [spechunter] [Grep] pattern='HELPER\\(vmvr_v\\)'
[04:50:25] [spechunter] [Read] /home/yzs/riscv/qemu/target/riscv/insn_trans/trans_rvv.c.inc
[04:50:25] [spechunter] [Read] /home/yzs/riscv/qemu/target/riscv/insn_trans/trans_rvv.c.inc
[04:50:31] [spechunter] [Grep] pattern='GEN_LDST_WHOLE_TRANS|GEN_VMV_WHOLE_TRANS|ldst_whole_trans'
[04:50:31] [spechunter] [Grep] pattern='vext_ldst_whole|HELPER\\(vmvr_v\\)|ldst_whole'
[04:50:41] [spechunter] [text] Now let me also read the `vmvr_v` helper and the `finalize_rvv_inst` function to understand how vstart is checked.  
[04:50:41] [spechunter] [Read] /home/yzs/riscv/qemu/target/riscv/vector_helper.c
[04:50:41] [spechunter] [Grep] pattern='finalize_rvv_inst'
[04:50:41] [spechunter] [Grep] pattern='vstart_eq_zero'
[04:50:46] [spechunter] [text] Now I have a complete picture of how XiangShan handles vstart for whole register instructions. Let me check one more thi...
[04:50:46] [spechunter] [Grep] pattern='whole|vstart|vlr|vsr'
[04:50:53] [spechunter] [Read] /home/yzs/riscv/qemu/target/riscv/insn_trans/trans_rvv.c.inc
[04:50:53] [spechunter] [Read] /home/yzs/riscv/qemu/target/riscv/vector_helper.c
[04:50:53] [spechunter] [Read] /home/yzs/riscv/qemu/target/riscv/insn_trans/trans_rvv.c.inc
[04:50:53] [spechunter] [Read] /home/yzs/riscv/qemu/target/riscv/vector_helper.c
[04:50:54] [spechunter] [Read] /home/yzs/riscv/qemu/target/riscv/vector_helper.c
[04:50:54] [spechunter] [Grep] pattern='finalize_rvv_inst'
[04:51:04] [spechunter] [Glob] **/wrapper/*Load*
[04:51:04] [spechunter] [Glob] **/wrapper/*Store*
[04:51:14] [spechunter] [text] Let me also check for the instruction decode definitions and any other references to these whole register instructions. ...
[04:51:14] [spechunter] [Grep] pattern='vl1re8_v|vl2re8_v|vl4re8_v|vl8re8_v|vs1r_v|vs2r_v|vs4r_v|vs8r_v|vmv1r_v|vmv2r_v'
[04:51:14] [spechunter] [Grep] pattern='vstart.*evl|evl.*vstart|vstart.*reserved|reserved.*vstart'
[04:51:16] [spechunter] [text] Now let me look at the CSR write handlers for `vstart` and the migration code.  
[04:51:16] [spechunter] [Grep] pattern='vstart'
[04:51:16] [spechunter] [Grep] pattern='vstart'
[04:51:16] [spechunter] [Grep] pattern='vstart'
[04:51:21] [spechunter] [text] Let me check the remaining instruction decode entries and helper declarations.  
[04:51:21] [spechunter] [Read] /home/yzs/riscv/qemu/target/riscv/insn32.decode
[04:51:21] [spechunter] [Read] /home/yzs/riscv/qemu/target/riscv/insn32.decode
[04:51:21] [spechunter] [Read] /home/yzs/riscv/qemu/target/riscv/helper.h
[04:51:24] [spechunter] [text] Now let me look at the full `vmvr_v` helper, the `vext_check_isa_ill` function, and the `vstart_eq_zero` handling:  
[04:51:24] [spechunter] [Read] /home/yzs/riscv/qemu/target/riscv/vector_helper.c
[04:51:24] [spechunter] [Grep] pattern='vext_check_isa_ill'
[04:51:24] [spechunter] [Grep] pattern='vstart_eq_zero'
[04:51:37] [spechunter] [Grep] pattern='VSTART_EQ_ZERO|vstart_eq_zero'
[04:51:37] [spechunter] [Grep] pattern='vstart.*=.*0|vstart.*reset'
[04:51:45] [spechunter] [text] Let me check the disassembler and the remaining references.  
[04:51:45] [spechunter] [Grep] pattern='vmvr_v'
[04:51:45] [spechunter] [Grep] pattern='vl[1248]re|vs[1248]r_v|vmv[1248]r_v'
[04:51:45] [spechunter] [Grep] pattern='gen_helper_vmvr_v'
[04:51:49] [spechunter] [Read] /home/yzs/riscv/qemu/target/riscv/tcg/tcg-cpu.c
[04:51:49] [spechunter] [Grep] pattern='vstart'
[04:51:53] [spechunter] [text] Now I have a thorough understanding of the implementation. Let me check one final detail about whole register load/store...
[04:51:53] [spechunter] [Grep] pattern='whole|vstart'
[04:52:02] [spechunter] [text] Now let me look at the GDB stub and the KVM path for vstart, plus the KVM CSR register definitions:  
[04:52:02] [spechunter] [Grep] pattern='vstart'
[04:52:02] [spechunter] [Grep] pattern='RISCV_VECTOR_CSR_REG|vstart'
[04:52:02] [spechunter] [Grep] pattern='RISCV_VECTOR_CSR_REG'
[04:52:12] [spechunter] [Grep] pattern='evl'
[04:52:12] [spechunter] [Grep] pattern='require_rvv|vext_check_isa_ill'
[04:52:12] [spechunter] [Read] /home/yzs/riscv/qemu/target/riscv/vector_helper.c
[04:52:13] [spechunter] [text] Let me check for any illegal-instruction raising mechanism related to vstart and the GDB stub for vector CSRs.  
[04:52:13] [spechunter] [Grep] pattern='mac_illegal_instruction|riscv_raise_exception|generate_exception.*ILLEGAL'
[04:52:13] [spechunter] [Grep] pattern='vector.*reg|vreg|CSR_VSTART'
[04:52:13] [spechunter] [Grep] pattern='riscv_cpu_reset|vstart'
[04:52:19] [spechunter] [Read] /home/yzs/riscv/qemu/target/riscv/cpu.c
[04:52:19] [spechunter] [Read] /home/yzs/riscv/qemu/target/riscv/kvm/kvm-cpu.c
[04:52:28] [spechunter] [Grep] pattern='vstart'
[04:52:28] [spechunter] [Grep] pattern='vstart'
[04:52:28] [spechunter] [Grep] pattern='vstart'
[04:52:32] [spechunter] [Read] /home/yzs/riscv/qemu/target/riscv/insn_trans/trans_rvv.c.inc
[04:52:32] [spechunter] [Read] /home/yzs/riscv/qemu/target/riscv/insn_trans/trans_rvv.c.inc
[04:52:32] [spechunter] [Grep] pattern='VSTART_CHECK_EARLY_EXIT'
[04:52:45] [spechunter] [text] Let me also look at the finalize_rvv_inst and the overall flow for how vector instructions check vstart.  
[04:52:45] [spechunter] [Read] /home/yzs/riscv/qemu/target/riscv/vector_internals.h
[04:52:45] [spechunter] [Grep] pattern='vl1re|vl2re|vl4re|vl8re|vs1r|vs2r|vs4r|vs8r|vmv1r|vmv2r|vmv4r|vmv8r'
[04:52:45] [spechunter] [Grep] pattern='vstart'
[04:52:46] [spechunter] [Grep] pattern='VSTART_CHECK_EARLY_EXIT'
[04:52:48] [spechunter] [text] I now have sufficient understanding. Here's my analysis:  **The PR clarifies that for whole register instructions** (who...
[04:52:51] [spechunter] [text] Let me also check the KVM vector register get/put code more carefully — and look for how `vstart` is handled in context ...
[04:52:51] [spechunter] [Read] /home/yzs/riscv/qemu/target/riscv/kvm/kvm-cpu.c
[04:52:51] [spechunter] [Read] /home/yzs/riscv/qemu/target/riscv/machine.c
[04:53:03] [spechunter] [Grep] pattern='gen_helper_ldst_whole'
[04:53:05] [spechunter] [Grep] pattern='vstart'
[04:53:05] [spechunter] [Grep] pattern='VecExceptionGen'
[04:53:05] [spechunter] [Grep] pattern='vmv[1248]r\\.v|vl[1248]re[0-9]+\\.v|vs[1248]r\\.v'
[04:53:05] [spechunter] [Grep] pattern='isWholeInst|lsWholeInst|vmvWholeInst|vstartIllegal'
[04:53:13] [spechunter] [Grep] pattern='vl[1248]re16_v|vl[1248]re32_v|vl[1248]re64_v'
[04:53:21] [spechunter] [Grep] pattern='vstartIllegal|vstart.*illegal|illegal.*vstart|isWholeInst|lsWholeInst|vmvWholeInst'
[04:53:21] [spechunter] [Read] /home/yzs/riscv/XiangShan/src/main/scala/xiangshan/backend/decode/VecExceptionGen.scala
[04:53:21] [spechunter] [Read] /home/yzs/riscv/XiangShan/src/main/scala/xiangshan/backend/fu/vector/VecNonPipedFuncUnit.scala
[04:53:22] [spechunter] [TodoWrite] 6 items
[04:53:31] [spechunter] [Read] /home/yzs/riscv/XiangShan/src/main/scala/xiangshan/backend/fu/FuncUnit.scala
[04:53:31] [spechunter] [Grep] pattern='VMV1R_V|VMV2R_V|VMV4R_V|VMV8R_V|VL1RE8_V|VL2RE|VL4RE|VL8RE|VS1R_V|VS2R_V|VS4R_V|VS8R_V'
[04:53:31] [spechunter] [Grep] pattern='isVArith|def isVArith'
[04:53:39] [spechunter] [Grep] pattern='vecArith'
[04:53:39] [spechunter] [Grep] pattern='VL1RE|VL2RE|VL4RE|VL8RE|VS1R_V|VS2R_V|VS4R_V|VS8R_V|VMV1R_V|VMV2R_V|VMV4R_V|VMV8R_V'
[04:53:42] [spechunter] [Grep] pattern='VecExceptionGen'
[04:53:42] [spechunter] [Grep] pattern='vstartIllegal'
[04:53:42] [spechunter] [Grep] pattern='isVArith'
[04:53:42] [spechunter] [Grep] pattern='Todo.*vstart.*reserved|vstart.*reserved.*Todo'
[04:53:54] [spechunter] [text] Now I have a complete picture. Let me also verify whether there's any existing vstart-related exception-checking infrast...
[04:53:54] [spechunter] [Grep] pattern='RISCV_EXCP_ILLEGAL_INST|riscv_raise_exception.*ILLEGAL'
[04:53:54] [spechunter] [Grep] pattern='riscv_raise_exception.*ILLEGAL_INST'
[04:53:55] [spechunter] [Read] /home/yzs/riscv/XiangShan/src/main/scala/xiangshan/backend/decode/VecExceptionGen.scala
[04:53:55] [spechunter] [Read] /home/yzs/riscv/XiangShan/src/main/scala/xiangshan/backend/fu/NewCSR/Unprivileged.scala
[04:53:55] [spechunter] [Read] /home/yzs/riscv/XiangShan/src/main/scala/xiangshan/backend/fu/FuType.scala
[04:54:01] [spechunter] [text] Now let me check the VMove wrapper and which function units handle the whole-register load/stores.  
[04:54:01] [spechunter] [Read] /home/yzs/riscv/XiangShan/src/main/scala/xiangshan/backend/fu/wrapper/VMove.scala
[04:54:01] [spechunter] [Grep] pattern='vecMove|vmove'
[04:54:01] [spechunter] [Grep] pattern='vstart.*reserved|Todo.*vstart|vstart.*whole|whole.*vstart'
[04:54:12] [spechunter] [text] Now let me trace the connections to see how this propagates.  
[04:54:12] [spechunter] [Read] /home/yzs/riscv/XiangShan/src/main/scala/xiangshan/backend/decode/DecodeUnitComp.scala
[04:54:12] [spechunter] [Grep] pattern='VecExceptionGen'
[04:54:12] [spechunter] [Grep] pattern='vmvWholeInst|vmove|vmove'
[04:54:19] [spechunter] [Read] /home/yzs/riscv/XiangShan/src/main/scala/xiangshan/backend/fu/NewCSR/Unprivileged.scala
[04:54:19] [spechunter] [Grep] pattern='VL1RE8_V|VL2RE8_V|VL4RE8_V|VL8RE8_V|VS1R_V|VS2R_V|VS4R_V|VS8R_V'
[04:54:19] [spechunter] [Grep] pattern='VMV1R_V|VMV2R_V|VMV4R_V|VMV8R_V'
[04:54:35] [spechunter] [text] Now let me look at how VecExceptionGen connects in the decode stage and trace the vldu/vstu datapath for vstart handling...
[04:54:35] [spechunter] [Read] /home/yzs/riscv/XiangShan/src/main/scala/xiangshan/backend/decode/DecodeUnitComp.scala
[04:54:35] [spechunter] [Grep] pattern='vstart'
[04:54:35] [spechunter] [Grep] pattern='VecExceptionGen|vecException'
[04:54:35] [spechunter] [text] Now I have a complete picture of all references. Here is the JSON output:  ```json {   "locations": [     {       "file_...
[04:54:37] [spechunter] [Grep] pattern='VL1RE8_V|VL2RE8_V|VL4RE8_V|VL8RE8_V|VS1R_V|VS2R_V|VS4R_V|VS8R_V|VMV1R_V|VMV2R_V|VMV4R_V|VMV8R_V'
[04:54:37] [spechunter] [Grep] pattern='exceptionOut'
[04:54:43] [spechunter] [Grep] pattern='vmove|Vmldst|VlduType.vlr|VstuType.vsr|wholeReg|WholeReg'
[04:54:43] [spechunter] [Grep] pattern='VlduType|vlr|vlwhole|isVlr|isVsr'
[04:54:45] [spechunter] [text] Now I have a complete picture. Let me compile the findings.  Here is the full structural trace of the violation:  ---  #...
[04:55:08] [spechunter] [Grep] pattern='VlduType|object VlduType|vlr|vlwhole'
[04:55:08] [spechunter] [Grep] pattern='exceptionOut|illegalInstr'
[04:55:10] [spechunter] [text] Let me read the key source files to cross-validate the fast-path locations against the actual code.  
[04:55:10] [spechunter] [Read] /home/yzs/riscv/qemu/target/riscv/vector_helper.c
[04:55:10] [spechunter] [Read] /home/yzs/riscv/qemu/target/riscv/vector_helper.c
[04:55:10] [spechunter] [Read] /home/yzs/riscv/qemu/target/riscv/insn_trans/trans_rvv.c.inc
[04:55:14] [spechunter] [text] Now let me look at the vmove functional unit and the vldu/vstu datapath for vstart handling.  
[04:55:14] [spechunter] [Grep] pattern='vstart'
[04:55:14] [spechunter] [Grep] pattern='vstart'
[04:55:14] [spechunter] [Grep] pattern='vstart'
[04:55:20] [spechunter] [Grep] pattern='VlduCfg|VstuCfg|Vsegldu|Vsegstu'
[04:55:20] [spechunter] [Grep] pattern='object VlduType|vlr|vlwhole|vstart.*vl|vstartGeVl|vstart.*evl'
[04:55:23] [spechunter] [Read] /home/yzs/riscv/qemu/target/riscv/insn_trans/trans_rvv.c.inc
[04:55:23] [spechunter] [Read] /home/yzs/riscv/qemu/target/riscv/vector_internals.h
[04:55:28] [spechunter] [Read] /home/yzs/riscv/XiangShan/src/main/scala/xiangshan/backend/fu/vector/VecPipedFuncUnit.scala
[04:55:28] [spechunter] [Grep] pattern='VMV1R_V|VMV2R_V|VMV4R_V|VMV8R_V|VL1RE8_V|VS1R_V'
[04:55:28] [spechunter] [Grep] pattern='us_whole_reg|isWholeReg|wholeReg|vsew.*vlr|vlr.*vsew'
[04:55:37] [spechunter] [TodoWrite] 6 items
[04:55:53] [spechunter] [text] Now let me look at how the vmove (vmv whole register) instructions are decoded and their datapath, and the vldu/vstu pat...
[04:55:53] [spechunter] [Grep] pattern='VMV1R_V|VMV2R_V|VMV4R_V|VMV8R_V|vmvWhole|vmvwhole|vmove'
[04:55:53] [spechunter] [Grep] pattern='VL1RE8_V|VL1RE16_V|VS1R_V|VL2RE8_V|lrWhole|lsWhole|wholeReg'
[04:55:53] [spechunter] [Grep] pattern='vstartIllegal|vstartIllegal'
[04:56:08] [spechunter] [Read] /home/yzs/riscv/XiangShan/src/main/scala/xiangshan/backend/fu/FuConfig.scala
[04:56:08] [spechunter] [Grep] pattern='exceptionOut'
[04:56:20] [spechunter] [text] Now let me check how vstart is handled in the CSR module and the vector pipeline for whole-register instructions.  
[04:56:20] [spechunter] [Read] /home/yzs/riscv/XiangShan/src/main/scala/xiangshan/backend/fu/NewCSR/Unprivileged.scala
[04:56:20] [spechunter] [Grep] pattern='VMV1R_V|VMV2R_V|VMV4R_V|VMV8R_V|vl1re|vl2re|vl4re|vl8re|vs1r_v|vs2r_v|vs4r_v|vs8r_v'
[04:56:20] [spechunter] [Grep] pattern='vstart.*CSR|CSR.*vstart|CSRs\\.vstart|vstart'
[04:56:33] [spechunter] [text] Important finding — there's a second vstartIllegal check in the functional unit. Let me trace which FUs reach VecNonPipe...
[04:56:33] [spechunter] [Grep] pattern='VecNonPipedFuncUnit|VecPipedFuncUnit'
[04:56:33] [spechunter] [Grep] pattern='exceptionOut'
[04:56:49] [spechunter] [Grep] pattern='exceptionOut'
[04:56:49] [spechunter] [Grep] pattern='vmove|VmoveCfg|VMove'
[04:57:08] [spechunter] [text] Now I have all the data. Let me cross-validate.  The PR clarifies that for whole-register instructions, **`vstart >= evl...
[04:57:09] [spechunter] [Read] /home/yzs/riscv/XiangShan/src/main/scala/xiangshan/backend/fu/FuConfig.scala
[04:57:09] [spechunter] [Grep] pattern='VecNonPipedFuncUnit|VecPipedFuncUnit'
[04:57:25] [spechunter] [Grep] pattern='ldst_whole_trans|vext_ldst_whole|GEN_VMV_WHOLE_TRANS|GEN_LDST_WHOLE_TRANS|vmvr_v'
[04:57:25] [spechunter] [Grep] pattern='ldst_whole_trans|vext_ldst_whole|GEN_VMV_WHOLE_TRANS|GEN_LDST_WHOLE_TRANS|vmvr_v'
[04:57:41] [spechunter] [Grep] pattern='ldst_whole_trans|vext_ldst_whole|vmvr_v|GEN_VMV_WHOLE_TRANS|GEN_LDST_WHOLE_TRANS'
[04:57:41] [spechunter] [Grep] pattern='ldst_whole_trans|GEN_LDST_WHOLE_TRANS|GEN_VMV_WHOLE_TRANS'
[04:57:55] [spechunter] [text] Let me look at the vldu/vstu implementations more closely and check VmoveCfg's full config.  
[04:57:55] [spechunter] [Read] /home/yzs/riscv/XiangShan/src/main/scala/xiangshan/backend/fu/FuConfig.scala
[04:57:55] [spechunter] [Grep] pattern='class VlduU|class VstuU|class Vldu\\b|class Vstu\\b'
[04:57:55] [spechunter] [Grep] pattern='isVArith\\b'
[04:57:55] [spechunter] [Read] /home/yzs/riscv/qemu/target/riscv/vector_helper.c
[04:57:55] [spechunter] [Read] /home/yzs/riscv/qemu/target/riscv/vector_helper.c
[04:58:11] [spechunter] [text] Now let me look at the translator side to check if `vstart` validation is done before dispatching to helpers.  
[04:58:11] [spechunter] [Grep] pattern='ldst_whole_trans|GEN_LDST_WHOLE_TRANS|GEN_VMV_WHOLE_TRANS|vmvr_v'
[04:58:22] [spechunter] [text] Now I have all the information needed. Let me compile the comprehensive locations report.  ```json {   "locations": [   ...
[04:58:26] [spechunter] [Grep] pattern='vl1re|vl2re|vl4re|vl8re|vs1r|vs2r|vs4r|vs8r|vmv1r|vmv2r|vmv4r|vmv8r'
[04:58:26] [spechunter] [Grep] pattern='vl1re|vl2re|vl4re|vl8re|vs1r|vs2r|vs4r|vs8r|vmv1r|vmv2r|vmv4r|vmv8r'
[04:58:33] [spechunter] [text] Now let me look at the VMove functional unit and check if there's vstart handling in vldu/vstu datapath.    
[04:58:33] [spechunter] [Grep] pattern='class VMove'
[04:58:33] [spechunter] [Grep] pattern='class Vldu\\b|class Vstu\\b|class VlduU|class VstuU'
[04:58:34] [spechunter] [Grep] pattern='ldst_whole_trans|GEN_LDST_WHOLE_TRANS|GEN_VMV_WHOLE_TRANS|vmvr|vmv1r|vmv2r|vmv4r|vmv8r|vl1re|vl2re|vl4re|vl8re|vs1r|vs2r|vs4r|vs8r'
[04:58:37] [spechunter] [Grep] pattern='class VMove'
[04:58:37] [spechunter] [Grep] pattern='class VlduU|class VstuU|class Vldu\\W|class Vstu\\W'
[04:58:44] [spechunter] [Read] /home/yzs/riscv/qemu/target/riscv/insn_trans/trans_rvv.c.inc
[04:58:44] [spechunter] [Read] /home/yzs/riscv/qemu/target/riscv/insn_trans/trans_rvv.c.inc
[04:58:48] [spechunter] [Read] /home/yzs/riscv/XiangShan/src/main/scala/xiangshan/backend/fu/wrapper/VMove.scala
[04:58:48] [spechunter] [Glob] **/fu/vector/**/Vldu*
[04:58:48] [spechunter] [Glob] **/fu/vector/**/Vstu*
[04:58:53] [spechunter] [Grep] pattern='class VlduU|class VstuU|class.*Vldu.*Module|class.*Vstu.*Module'
[04:58:53] [spechunter] [Glob] **/backend/fu/**/Vl*U*
[04:58:53] [spechunter] [Glob] **/backend/fu/**/Vs*U*
[04:58:58] [spechunter] [Grep] pattern='vldu|vstu'
[04:58:58] [spechunter] [Glob] **/backend/fu/vector/**/*ldu*
[04:58:58] [spechunter] [Glob] **/backend/fu/vector/**/*stu*
[04:59:04] [spechunter] [Grep] pattern='vldu|vstu'
[04:59:04] [spechunter] [Glob] **/backend/fu/*ldu*
[04:59:04] [spechunter] [Glob] **/backend/fu/*stu*
[04:59:16] [spechunter] [Grep] pattern='target_ulong vstart'
[04:59:16] [spechunter] [Grep] pattern='vstart_eq_zero'
[04:59:20] [spechunter] [Grep] pattern='vldu|vstu'
[04:59:28] [spechunter] [Grep] pattern='vstart|vldu|vstu|VlduU|VstuU'
[04:59:28] [spechunter] [Read] /home/yzs/riscv/XiangShan/src/main/scala/xiangshan/mem/vector/VSplit.scala
[04:59:40] [spechunter] [Grep] pattern='vext_page_ldst_us'
[05:00:28] [spechunter] [text] Let me cross-validate the fast-path locations by reading the key files to verify claims.  
[05:00:28] [spechunter] [Read] /home/yzs/riscv/XiangShan/src/main/scala/xiangshan/backend/decode/VecExceptionGen.scala
[05:00:28] [spechunter] [Read] /home/yzs/riscv/XiangShan/src/main/scala/xiangshan/backend/decode/VecExceptionGen.scala
[05:00:28] [spechunter] [Read] /home/yzs/riscv/XiangShan/src/main/scala/xiangshan/backend/decode/VecExceptionGen.scala
[05:00:28] [spechunter] [Read] /home/yzs/riscv/XiangShan/src/main/scala/xiangshan/backend/decode/VecExceptionGen.scala
[05:00:31] [spechunter] [text] Let me also check how vstart is validated on write and what the RISC-V spec requires for whole register instructions wit...
[05:00:31] [spechunter] [Grep] pattern='vstart'
[05:00:31] [spechunter] [Grep] pattern='vstart'
[05:00:53] [spechunter] [text] Now let me check the FuncUnit vstartIllegal path and FuType definitions.  
[05:00:53] [spechunter] [Read] /home/yzs/riscv/XiangShan/src/main/scala/xiangshan/backend/fu/FuncUnit.scala
[05:00:53] [spechunter] [Read] /home/yzs/riscv/XiangShan/src/main/scala/xiangshan/backend/fu/FuType.scala
[05:00:53] [spechunter] [Read] /home/yzs/riscv/XiangShan/src/main/scala/xiangshan/backend/fu/wrapper/VMove.scala
[05:00:53] [spechunter] [Read] /home/yzs/riscv/XiangShan/src/main/scala/xiangshan/backend/fu/FuConfig.scala
[05:00:55] [spechunter] [Read] /home/yzs/riscv/qemu/target/riscv/vector_helper.c
[05:01:10] [spechunter] [text] Let me verify the remaining claims about FuConfig, Unprivileged, and VSplit.  
[05:01:10] [spechunter] [Read] /home/yzs/riscv/XiangShan/src/main/scala/xiangshan/backend/fu/FuConfig.scala
[05:01:10] [spechunter] [Read] /home/yzs/riscv/XiangShan/src/main/scala/xiangshan/backend/fu/NewCSR/Unprivileged.scala
[05:01:10] [spechunter] [Read] /home/yzs/riscv/XiangShan/src/main/scala/xiangshan/mem/vector/VSplit.scala
[05:01:10] [spechunter] [Read] /home/yzs/riscv/XiangShan/src/main/scala/xiangshan/backend/fu/NewCSR/CSRDefs.scala
[05:01:55] [spechunter] [text] Now let me look at the `probe_pages` function to understand the severity of the wrap at line 854.  
[05:01:55] [spechunter] [Grep] pattern='probe_pages'
[05:03:07] [spechunter] [text] Now I have all the code needed for analysis. Let me examine the `write_vstart` handler to understand the full picture.  
[05:03:07] [spechunter] [Read] /home/yzs/riscv/qemu/target/riscv/csr.c
[05:03:07] [spechunter] [Read] /home/yzs/riscv/qemu/target/riscv/vector_helper.c
[05:03:33] [spechunter] [text] Let me check a few more files and verify some specific claims.  
[05:03:33] [spechunter] [Glob] **/CSRDefs*.scala
[05:03:33] [spechunter] [Grep] pattern='vstart'
[05:03:33] [spechunter] [Grep] pattern='vstart'
[05:03:33] [spechunter] [Read] /home/yzs/riscv/XiangShan/src/main/scala/xiangshan/backend/decode/isa/CSRs.scala
[05:04:19] [spechunter] [text] Now let me verify the VecNonPipedFuncUnit vstart check and do a final validation of `isVArith` usage.  
[05:04:19] [spechunter] [Read] /home/yzs/riscv/XiangShan/src/main/scala/xiangshan/backend/fu/vector/VecNonPipedFuncUnit.scala
[05:04:19] [spechunter] [Grep] pattern='isVArith'
[05:04:55] [spechunter] [Grep] pattern='isVArithMem|isVls'
[05:05:10] [spechunter] [text] Now I have all the code needed. Let me compile the analysis.  ```json {   "findings": [     {       "file_path": "target...
[05:06:19] [spechunter] [text] Now let me verify the remaining fast-path claims that would determine removals.  
[05:06:19] [spechunter] [Grep] pattern='isVArithMem'
[05:06:19] [spechunter] [Read] /home/yzs/riscv/XiangShan/src/main/scala/xiangshan/backend/decode/VecDecoder.scala
[05:06:19] [spechunter] [Read] /home/yzs/riscv/XiangShan/src/main/scala/xiangshan/backend/decode/VecDecoder.scala
[05:08:26] [spechunter] [text] Now let me verify the DecodeUnit isVlsr claim to confirm it's generic infrastructure.  
[05:08:26] [spechunter] [Grep] pattern='isVlsr'
[05:10:19] [spechunter] [text] Now I have all the verified data. Let me construct the final cross-validated location set.  ```json {   "locations": [  ...
[05:10:37] [spechunter] [Agent] description, subagent_type
[05:11:08] [spechunter] [Grep] pattern='vstartIllegal'
[05:11:08] [spechunter] [Grep] pattern='isVArith'
[05:11:08] [spechunter] [Grep] pattern='vstart.*[Rr]eserved'
[05:11:08] [spechunter] [Grep] pattern='FuType\\.(vmove|vldu|vstu|vsegldu|vsegstu)'
[05:11:08] [spechunter] [Glob] **/Vldu.scala
[05:11:08] [spechunter] [Glob] **/Vstu.scala
[05:11:08] [spechunter] [Glob] **/VecExceptionGen.scala
[05:11:08] [spechunter] [Grep] pattern='vmv|vlre|vsr'
[05:11:48] [spechunter] [Read] /home/yzs/riscv/XiangShan/src/main/scala/xiangshan/backend/decode/VecExceptionGen.scala
[05:11:48] [spechunter] [Read] /home/yzs/riscv/XiangShan/src/main/scala/xiangshan/backend/decode/VecExceptionGen.scala
[05:11:48] [spechunter] [Read] /home/yzs/riscv/XiangShan/src/main/scala/xiangshan/backend/fu/FuType.scala
[05:11:48] [spechunter] [Read] /home/yzs/riscv/XiangShan/src/main/scala/xiangshan/backend/fu/NewCSR/Unprivileged.scala
[05:11:48] [spechunter] [Glob] **/vldu/**/*.scala
[05:11:48] [spechunter] [Glob] **/vstu/**/*.scala
[05:11:48] [spechunter] [Grep] pattern='vstart'
[05:11:48] [spechunter] [Grep] pattern='vstart'
[05:11:48] [spechunter] [Read] /home/yzs/riscv/XiangShan/src/main/scala/xiangshan/backend/fu/FuType.scala
[05:11:48] [spechunter] [Read] /home/yzs/riscv/XiangShan/src/main/scala/xiangshan/backend/decode/VecExceptionGen.scala
[05:11:48] [spechunter] [Read] /home/yzs/riscv/XiangShan/src/main/scala/xiangshan/backend/decode/VecDecoder.scala
[05:11:48] [spechunter] [Read] /home/yzs/riscv/XiangShan/src/main/scala/xiangshan/backend/decode/VecExceptionGen.scala
[05:12:09] [spechunter] [Grep] pattern='vecArith'
[05:12:09] [spechunter] [Glob] **/vector/Vldu*.scala
[05:12:09] [spechunter] [Glob] **/vector/Vstu*.scala
[05:12:09] [spechunter] [Glob] **/vldu/*.scala
[05:12:09] [spechunter] [Glob] **/vstu/*.scala
[05:12:09] [spechunter] [Grep] pattern='vstart'
[05:12:09] [spechunter] [Grep] pattern='vstart'
[05:12:25] [spechunter] [Read] /home/yzs/riscv/XiangShan/src/main/scala/xiangshan/backend/fu/FuType.scala
[05:12:25] [spechunter] [Glob] **/vector/*ldu*.scala
[05:12:25] [spechunter] [Glob] **/vector/*stu*.scala
[05:12:25] [spechunter] [Grep] pattern='vldu|Vldu'
[05:12:25] [spechunter] [Grep] pattern='vstu|Vstu'
[05:12:43] [spechunter] [Glob] **/*Vldu*.scala
[05:12:43] [spechunter] [Glob] **/*Vstu*.scala
[05:12:43] [spechunter] [Grep] pattern='class\\s+Vldu|class\\s+VLdU|class\\s+VectorLoad'
[05:12:43] [spechunter] [Grep] pattern='class\\s+Vstu|class\\s+VStU|class\\s+VectorStore'
[05:12:56] [spechunter] [Grep] pattern='vstart'
[05:12:56] [spechunter] [Glob] **/mem/vector/*.scala
[05:12:56] [spechunter] [Grep] pattern='vstart'
[05:13:10] [spechunter] [Grep] pattern='class\\s+Vldu|object\\s+Vldu|class\\s+Vstu|object\\s+Vstu'
[05:13:10] [spechunter] [Grep] pattern='vlre|VLR|vsre|VSR'
[05:13:10] [spechunter] [Grep] pattern='vstart'
[05:13:10] [spechunter] [Grep] pattern='vstart'
[05:13:23] [spechunter] [Read] /home/yzs/riscv/XiangShan/src/main/scala/xiangshan/package.scala
[05:13:23] [spechunter] [Glob] **/wrapper/VL*.scala
[05:13:23] [spechunter] [Glob] **/wrapper/VS*.scala
[05:13:23] [spechunter] [Read] /home/yzs/riscv/XiangShan/src/main/scala/xiangshan/backend/decode/VecDecoder.scala
[05:13:23] [spechunter] [Read] /home/yzs/riscv/XiangShan/src/main/scala/xiangshan/backend/decode/VecExceptionGen.scala
[05:13:40] [spechunter] [Glob] **/wrapper/Vec*.scala
[05:13:40] [spechunter] [Glob] **/wrapper/VMem*.scala
[05:13:40] [spechunter] [Glob] *.scala
[05:13:40] [spechunter] [Read] /home/yzs/riscv/XiangShan/src/main/scala/xiangshan/backend/fu/wrapper/VMove.scala
[05:13:59] [spechunter] [Read] /home/yzs/riscv/XiangShan/src/main/scala/xiangshan/backend/fu/FuncUnit.scala
[05:13:59] [spechunter] [Read] /home/yzs/riscv/XiangShan/src/main/scala/xiangshan/backend/fu/vector/VecNonPipedFuncUnit.scala
[05:13:59] [spechunter] [Read] /home/yzs/riscv/XiangShan/src/main/scala/xiangshan/backend/decode/VecExceptionGen.scala
[05:15:50] [spechunter] [text] Let me read the key code locations to verify the exact source.  
[05:15:50] [spechunter] [Read] /home/yzs/riscv/XiangShan/src/main/scala/xiangshan/backend/decode/VecExceptionGen.scala
[05:15:50] [spechunter] [Read] /home/yzs/riscv/XiangShan/src/main/scala/xiangshan/backend/decode/VecExceptionGen.scala
[05:15:50] [spechunter] [Read] /home/yzs/riscv/XiangShan/src/main/scala/xiangshan/backend/fu/NewCSR/Unprivileged.scala
[05:16:06] [spechunter] [text] Let me also read the VMove.scala vstart handling and the VecNonPipedFuncUnit secondary check.  
[05:16:06] [spechunter] [Read] /home/yzs/riscv/XiangShan/src/main/scala/xiangshan/backend/fu/wrapper/VMove.scala
[05:16:06] [spechunter] [Read] /home/yzs/riscv/XiangShan/src/main/scala/xiangshan/backend/fu/vector/VecNonPipedFuncUnit.scala
[05:16:14] [spechunter] [text] Let me also check the memory pipeline's vstart gating and the FuType definitions more precisely.  
[05:16:14] [spechunter] [Read] /home/yzs/riscv/XiangShan/src/main/scala/xiangshan/mem/vector/VSplit.scala
[05:16:14] [spechunter] [Read] /home/yzs/riscv/XiangShan/src/main/scala/xiangshan/backend/fu/FuType.scala
[05:16:14] [spechunter] [Read] /home/yzs/riscv/XiangShan/src/main/scala/xiangshan/backend/fu/FuncUnit.scala
[05:16:36] [spechunter] [text] Now let me verify the VecPipedFuncUnit inheritance chain to see if the FuncUnit secondary check covers VMove.  
[05:16:36] [spechunter] [Read] /home/yzs/riscv/XiangShan/src/main/scala/xiangshan/backend/fu/vector/VecPipedFuncUnit.scala
[05:16:36] [spechunter] [Read] /home/yzs/riscv/XiangShan/src/main/scala/xiangshan/mem/vector/VSplit.scala
[05:17:09] [spechunter] [text] Let me check one more critical detail — whether VMove's FuConfig has `exceptionOut` set, which determines if the FuncUni...
[05:17:09] [spechunter] [Grep] pattern='vmove.*exceptionOut|VmoveCfg|vmove.*VmoveCfg'
[05:17:09] [spechunter] [Grep] pattern='isUsWholeReg|whole.*reg.*vstart|vstart.*whole'
[05:17:24] [spechunter] [Grep] pattern='VmoveCfg|exceptionOut.*vmove|vmove.*exception'
[05:17:24] [spechunter] [Grep] pattern='exceptionOut|VmoveCfg|vmove'
[05:17:27] [spechunter] [Read] /home/yzs/riscv/XiangShan/src/main/scala/xiangshan/backend/fu/FuConfig.scala
[05:18:26] [spechunter] [text] Now I have all the data needed. Let me produce the comprehensive analysis.  
[05:18:26] [spechunter] [Grep] pattern='def GenFlowMask'
[05:18:40] [spechunter] [Grep] pattern='GenFlowMask'
[05:18:48] [spechunter] [Grep] pattern='GenFlowMask'
[05:21:33] [spechunter] [text] Now I have a complete picture of the code. Let me produce the analysis.  ```json {   "findings": [     {       "file_pat...
