[08:19:22] [spechunter] PR loaded: #1380 riscv/riscv-unified-db — "feat: add Smepmp extension definition"
[08:19:22] [spechunter]   diff: 2585 chars  body: 1274 chars  reviews: 1
[08:19:22] [spechunter] Global pre-filter running...
[08:19:34] [spechunter] [text] {"should_skip": false}
[08:19:35] [spechunter] pre-filter: should_skip=False reason=""
[08:19:42] [spechunter] [text] ```json {"should_skip": false} ```
[08:19:44] [spechunter] [text] {"should_skip": false}
[08:19:48] [spechunter] [text] {"should_skip": false}
[08:19:52] [spechunter] [text] {"should_skip": false}
[08:20:04] [spechunter] [text] Let me first check XiangShan's current PMP and mseccfg implementation to ground the analysis
[08:20:04] [spechunter] [Grep] pattern='mseccfg'
[08:20:04] [spechunter] [Grep] pattern='Smepmp|smepmp'
[08:20:04] [spechunter] [Grep] pattern='pmpcfg.*L|L.*locked|MML|MMWP|RLB'
[08:20:12] [spechunter] [text] {"should_skip": true, "skip_reason": "Smepmp is an M-mode-only PMP enhancement; FreeBSD runs in S-mode and does not dire...
[08:20:13] [spechunter] [text] ```json {   "violation_condition": "OpenSBI sets pmpcfg.L on PMP entries to enforce domain isolation or region locking, ...
[08:20:21] [spechunter] [Read] /home/yzs/riscv/XiangShan/src/main/scala/xiangshan/backend/fu/NewCSR/MachineLevel.scala
[08:20:21] [spechunter] [Grep] pattern='mseccfg|Mseccfg'
[08:20:21] [spechunter] [Grep] pattern='class PMP|class Pmp|pm_check|PmpChecker|object PMP'
[08:20:24] [spechunter] [Agent] description, subagent_type
[08:20:26] [spechunter] [text] ```json {   "violation_condition": "QEMU TCG performs PMP access checks without evaluating mseccfg.MML and mseccfg.MMWP ...
[08:20:34] [spechunter] [Read] /home/yzs/riscv/XiangShan/src/main/scala/xiangshan/backend/fu/NewCSR/MachineLevel.scala
[08:20:34] [spechunter] [Read] /home/yzs/riscv/XiangShan/src/main/scala/xiangshan/backend/fu/PMP.scala
[08:20:34] [spechunter] [Read] /home/yzs/riscv/XiangShan/src/main/scala/xiangshan/backend/fu/NewCSR/CSRPMP.scala
[08:20:39] [spechunter] [TodoWrite] 5 items
[08:20:42] [spechunter] [Grep] pattern='mseccfg'
[08:20:42] [spechunter] [Grep] pattern='pmpcfg'
[08:20:42] [spechunter] [Grep] pattern='pmpaddr'
[08:20:42] [spechunter] [Grep] pattern='mseccfgh'
[08:20:42] [spechunter] [Grep] pattern='MML|MMWP|RLB'
[08:20:42] [spechunter] [Grep] pattern='pmp_set|pmp_lock|CSR_TBL_L'
[08:20:46] [spechunter] [text] Let me check the existing Smepmp audit findings and the PMP checker's use of the `mode` field and `L` bit semantics
[08:20:46] [spechunter] [Read] /home/yzs/riscv/XiangShan/smepmp_audit_findings.json
[08:20:46] [spechunter] [Grep] pattern='pmp_match_res|mode.*pmp|pmp.*mode|passThrough|mode.*M-mode|Machine'
[08:20:47] [spechunter] [Grep] pattern='CSR_TBL_L|PMP_L'
[08:20:47] [spechunter] [Grep] pattern='LOCK'
[08:20:47] [spechunter] [Grep] pattern='pmp_lock'
[08:20:47] [spechunter] [Grep] pattern='pmp_set'
[08:20:47] [spechunter] [Grep] pattern='mseccfg'
[08:20:47] [spechunter] [Grep] pattern='MML|RLB|MMWP'
[08:20:47] [spechunter] [Grep] pattern='pmpcfg'
[08:20:47] [spechunter] [Glob] lib/sbi/*pmp*
[08:20:47] [spechunter] [Glob] include/**/riscv_encoding.h
[08:20:47] [spechunter] [Grep] pattern='mseccfg'
[08:20:47] [spechunter] [Grep] pattern='mseccfgh'
[08:20:47] [spechunter] [Grep] pattern='pmp_hart_has_privs|pmp_is_locked|mseccfg_write|CSR_MSEECFG|MMWP.*mseccfg|pmpcfg.*L.*locked'
[08:20:47] [spechunter] [Grep] pattern='CSR_MSEECFG|CSR_MSECCFG'
[08:20:47] [spechunter] [Grep] pattern='MML|MMWP|RLB|Smepmp|smepmp|SMEPMP'
[08:20:50] [spechunter] [Grep] pattern='pmp_hart_has_privs'
[08:20:50] [spechunter] [Grep] pattern='mseccfg'
[08:20:50] [spechunter] [Grep] pattern='pmp_is_locked|pmp_is_range_in_tlb'
[08:20:50] [spechunter] [Grep] pattern='case CSR_MSEECFG'
[08:20:52] [spechunter] [Grep] pattern='mseccfg'
[08:20:56] [spechunter] [Grep] pattern='CSR_MSEECFG|csr_mseccfg|mseccfg_write|mseccfg_read'
[08:20:56] [spechunter] [Grep] pattern='MML|MMWP|RLB'
[08:21:04] [spechunter] [Read] /home/yzs/riscv/linux/arch/riscv/include/asm/csr.h
[08:21:04] [spechunter] [Grep] pattern='MSECCFG|mseccfg'
[08:21:07] [spechunter] [text] The XiangShan RTL already has extensive known gaps here (the `smepmp_audit_findings.json` confirms all MML, MMWP, RLB fi...
[08:21:07] [spechunter] [text] Good, the code already has MML/MMWP/RLB macros. Let me now read the key functions in detail.  
[08:21:07] [spechunter] [Read] /home/yzs/riscv/qemu/target/riscv/pmp.c
[08:21:07] [spechunter] [Read] /home/yzs/riscv/qemu/target/riscv/pmp.h
[08:21:08] [spechunter] [text] Let me now search only in the source code files (excluding the JSON audit findings).  
[08:21:08] [spechunter] [Grep] pattern='mseccfg'
[08:21:08] [spechunter] [Grep] pattern='mseccfg'
[08:21:08] [spechunter] [Grep] pattern='mseccfg'
[08:21:08] [spechunter] [Grep] pattern='pmpcfg'
[08:21:08] [spechunter] [Grep] pattern='pmpcfg'
[08:21:08] [spechunter] [Grep] pattern='pmpaddr'
[08:21:08] [spechunter] [Grep] pattern='pmpaddr'
[08:21:08] [spechunter] [Grep] pattern='pmp_set|pmp_lock|__pmp_lock'
[08:21:08] [spechunter] [Grep] pattern='MSECCFG|PMP_L|PMP_A'
[08:21:10] [spechunter] [Read] /home/yzs/riscv/opensbi/lib/sbi/sbi_hart_pmp.c
[08:21:10] [spechunter] [Read] /home/yzs/riscv/opensbi/include/sbi/riscv_encoding.h
[08:21:10] [spechunter] [Grep] pattern='__pmp_lock|pmp_lock_hart|pmp_disable|pmp_cfg_write|pmp_addr_write|pmp_set_pmpaddr|_pmp_set'
[08:21:10] [spechunter] [Grep] pattern='MSECCFG|CSR_MSECCFG'
[08:21:10] [spechunter] [Grep] pattern='PMP_CFG|PMPCFG|pmpcfg'
[08:21:10] [spechunter] [Grep] pattern='smepmp|SMEPMP|sbi_hart_smepmp'
[08:21:15] [spechunter] [text] Now let me read the core PMP check function and the mseccfg CSR write handler
[08:21:15] [spechunter] [Read] /home/yzs/riscv/qemu/target/riscv/pmp.c
[08:21:15] [spechunter] [Read] /home/yzs/riscv/qemu/target/riscv/pmp.c
[08:21:15] [spechunter] [Read] /home/yzs/riscv/qemu/target/riscv/pmp.c
[08:21:15] [spechunter] [Grep] pattern='CSR_MSECCFG'
[08:21:15] [spechunter] [Grep] pattern='pmpcfg.*L|locks?.*PMP|PMP.*lock'
[08:21:20] [spechunter] [text] Let me now read the key source files to get precise function names and line ranges
[08:21:20] [spechunter] [Read] /home/yzs/riscv/opensbi/lib/sbi/sbi_hart_pmp.c
[08:21:20] [spechunter] [Read] /home/yzs/riscv/opensbi/lib/sbi/riscv_asm.c
[08:21:20] [spechunter] [Read] /home/yzs/riscv/opensbi/include/sbi/riscv_encoding.h
[08:21:20] [spechunter] [Read] /home/yzs/riscv/opensbi/lib/sbi/sbi_domain.c
[08:21:20] [spechunter] [Read] /home/yzs/riscv/opensbi/lib/sbi/sbi_hart.c
[08:21:20] [spechunter] [Read] /home/yzs/riscv/opensbi/include/sbi/sbi_domain.h
[08:21:22] [spechunter] [Grep] pattern='mseccfg'
[08:21:22] [spechunter] [Grep] pattern='mseccfgh'
[08:21:22] [spechunter] [Grep] pattern='pmpcfg'
[08:21:22] [spechunter] [Grep] pattern='MML|MMWP|RLB'
[08:21:22] [spechunter] [Grep] pattern='PMP'
[08:21:25] [spechunter] [text] Now let me read the rest of `pmp_hart_has_privs` and check the CSR registration in csr.c
[08:21:25] [spechunter] [Read] /home/yzs/riscv/qemu/target/riscv/pmp.c
[08:21:25] [spechunter] [Grep] pattern='mseccfg|pmpcfg|pmpaddr'
[08:21:25] [spechunter] [Grep] pattern='pmp_hart_has_privs'
[08:21:26] [spechunter] [TodoWrite] 6 items
[08:21:32] [spechunter] [text] Let me also check for trace events and the disassembler.  
[08:21:32] [spechunter] [Grep] pattern='mseccfg|pmp_hart_has_privs|pmp_is_locked|smepmp'
[08:21:32] [spechunter] [Grep] pattern='mseccfg|smepmp|pmp_hart_has_privs'
[08:21:32] [spechunter] [Grep] pattern='mseccfg|smepmp|pmp_hart_has_privs'
[08:21:32] [spechunter] [Grep] pattern='mseccfg'
[08:21:34] [spechunter] [text] Let me also check for PMPCFG/PMPADDR CSR definitions and any platform-level references
[08:21:34] [spechunter] [Read] /home/yzs/riscv/opensbi/include/sbi/riscv_encoding.h
[08:21:34] [spechunter] [Grep] pattern='PMP_COUNT|PMP_SHIFT|CSR_PMPCFG|CSR_PMPADDR'
[08:21:34] [spechunter] [Grep] pattern='mseccfg|MSECCFG|pmpcfg|PMPCFG|pmpaddr|PMPADDR|Smepmp|SMEPMP'
[08:21:34] [spechunter] [Grep] pattern='mseccfg|MSECCFG|pmpcfg|PMPCFG|pmpaddr|PMPADDR|Smepmp|SMEPMP'
[08:21:34] [spechunter] [Grep] pattern='MML|MMWP|RLB'
[08:21:40] [spechunter] [Grep] pattern='mseccfg'
[08:21:40] [spechunter] [Grep] pattern='PMP\\.scala'
[08:21:40] [spechunter] [Glob] **/PMP.scala
[08:21:40] [spechunter] [Glob] **/MachineLevel.scala
[08:21:40] [spechunter] [Read] /home/yzs/riscv/opensbi/lib/sbi/riscv_asm.c
[08:21:40] [spechunter] [Read] /home/yzs/riscv/opensbi/lib/sbi/sbi_domain.c
[08:21:40] [spechunter] [Read] /home/yzs/riscv/opensbi/platform/generic/eswin/eic770x.c
[08:21:40] [spechunter] [Read] /home/yzs/riscv/opensbi/platform/generic/eswin/eic770x.c
[08:21:40] [spechunter] [Read] /home/yzs/riscv/opensbi/lib/sbi/sbi_hart.c
[08:21:40] [spechunter] [Read] /home/yzs/riscv/opensbi/lib/sbi/sbi_hart.c
[08:21:40] [spechunter] [Read] /home/yzs/riscv/opensbi/lib/sbi/sbi_hart.c
[08:21:40] [spechunter] [Read] /home/yzs/riscv/opensbi/include/sbi/sbi_domain.h
[08:21:40] [spechunter] [Read] /home/yzs/riscv/opensbi/include/sbi/riscv_asm.h
[08:21:41] [spechunter] [text] Let me get precise line ranges for the key functions.  
[08:21:41] [spechunter] [Read] /home/yzs/riscv/qemu/target/riscv/pmp.h
[08:21:41] [spechunter] [Read] /home/yzs/riscv/qemu/target/riscv/pmp.c
[08:21:41] [spechunter] [Read] /home/yzs/riscv/qemu/target/riscv/machine.c
[08:21:41] [spechunter] [Read] /home/yzs/riscv/qemu/target/riscv/csr.c
[08:21:41] [spechunter] [Read] /home/yzs/riscv/qemu/target/riscv/cpu.c
[08:21:41] [spechunter] [text] Let me check a few more locations for completeness.  
[08:21:41] [spechunter] [Read] /home/yzs/riscv/opensbi/lib/sbi/sbi_domain.c
[08:21:41] [spechunter] [Read] /home/yzs/riscv/opensbi/platform/generic/sifive/sifive_dev_platform.c
[08:21:41] [spechunter] [Grep] pattern='SBI_HART_EXT_SMEPMP'
[08:21:47] [spechunter] [text] Now let me check how the kernel actually uses these CSRs and any PMP-related virtualization code
[08:21:47] [spechunter] [Grep] pattern='pmp'
[08:21:47] [spechunter] [Grep] pattern='mseccfg|MSECCFG'
[08:21:48] [spechunter] [Read] /home/yzs/riscv/opensbi/lib/sbi/sbi_domain.c
[08:21:48] [spechunter] [Read] /home/yzs/riscv/opensbi/include/sbi/sbi_hart.h
[08:21:48] [spechunter] [Grep] pattern='sbi_platform_pmp_set|sbi_platform_pmp_disable'
[08:21:50] [spechunter] [Read] /home/yzs/riscv/qemu/target/riscv/pmp.c
[08:21:50] [spechunter] [Read] /home/yzs/riscv/qemu/target/riscv/pmp.c
[08:21:50] [spechunter] [Read] /home/yzs/riscv/qemu/target/riscv/pmp.c
[08:21:50] [spechunter] [Read] /home/yzs/riscv/qemu/target/riscv/pmp.c
[08:21:50] [spechunter] [Read] /home/yzs/riscv/XiangShan/src/main/scala/xiangshan/backend/fu/NewCSR/MachineLevel.scala
[08:21:50] [spechunter] [Read] /home/yzs/riscv/XiangShan/src/main/scala/xiangshan/backend/fu/PMP.scala
[08:21:50] [spechunter] [Grep] pattern='mseccfg'
[08:21:58] [spechunter] [text] Let me now read the key implementation files in detail.  
[08:21:58] [spechunter] [Read] /home/yzs/riscv/XiangShan/src/main/scala/xiangshan/backend/fu/NewCSR/MachineLevel.scala
[08:21:58] [spechunter] [Read] /home/yzs/riscv/XiangShan/src/main/scala/xiangshan/backend/fu/NewCSR/NewCSR.scala
[08:21:58] [spechunter] [Read] /home/yzs/riscv/XiangShan/src/main/scala/xiangshan/backend/fu/NewCSR/NewCSR.scala
[08:21:58] [spechunter] [Read] /home/yzs/riscv/XiangShan/src/main/scala/xiangshan/backend/fu/NewCSR/NewCSR.scala
[08:21:58] [spechunter] [Read] /home/yzs/riscv/XiangShan/src/main/scala/xiangshan/backend/fu/NewCSR/CSRPMP.scala
[08:21:58] [spechunter] [Read] /home/yzs/riscv/XiangShan/src/main/scala/xiangshan/backend/fu/PMP.scala
[08:21:58] [spechunter] [Read] /home/yzs/riscv/XiangShan/src/main/scala/xiangshan/PMParameters.scala
[08:21:59] [spechunter] [TodoWrite] 5 items
[08:21:59] [spechunter] [Grep] pattern='pmpcfg|PMPCFG'
[08:21:59] [spechunter] [Grep] pattern='CSR_MSECCFG|MSECCFG_PMM'
[08:22:09] [spechunter] [text] Now let me trace more details about the CSR write-back mechanism and how RO fields are handled.  
[08:22:09] [spechunter] [Grep] pattern='class CSRModule|def RO\\(|def regOut|w\\.wen'
[08:22:09] [spechunter] [Grep] pattern='mseccfgh|mseccfg.*addr|setAddr.*mseccfg'
[08:22:09] [spechunter] [Grep] pattern='mseccfg'
[08:22:11] [spechunter] [Read] /home/yzs/riscv/XiangShan/src/main/scala/xiangshan/backend/fu/PMP.scala
[08:22:11] [spechunter] [Read] /home/yzs/riscv/XiangShan/src/main/scala/xiangshan/cache/mmu/TLB.scala
[08:22:11] [spechunter] [Grep] pattern='pmp_check|pmpCheck|pmp_match|pmp_hit|pmpHit'
[08:22:11] [spechunter] [Read] /home/yzs/riscv/XiangShan/src/main/scala/xiangshan/Bundle.scala
[08:22:11] [spechunter] [Read] /home/yzs/riscv/XiangShan/src/main/scala/xiangshan/backend/fu/NewCSR/CSRPMP.scala
[08:22:15] [spechunter] [text] Let me check the remaining key locations
[08:22:15] [spechunter] [Read] /home/yzs/riscv/qemu/target/riscv/pmp.c
[08:22:15] [spechunter] [Read] /home/yzs/riscv/qemu/target/riscv/pmp.c
[08:22:15] [spechunter] [Read] /home/yzs/riscv/qemu/target/riscv/cpu_bits.h
[08:22:15] [spechunter] [Read] /home/yzs/riscv/qemu/target/riscv/csr.c
[08:22:15] [spechunter] [Read] /home/yzs/riscv/qemu/target/riscv/csr.c
[08:22:15] [spechunter] [Read] /home/yzs/riscv/qemu/target/riscv/cpu_helper.c
[08:22:17] [spechunter] [text] Now let me check the predicate, migration, CPU init/reset, and KVM/GDB paths.  
[08:22:17] [spechunter] [Read] /home/yzs/riscv/qemu/target/riscv/csr.c
[08:22:17] [spechunter] [Read] /home/yzs/riscv/qemu/target/riscv/machine.c
[08:22:17] [spechunter] [Grep] pattern='mseccfg|pmp_state|pmp_unlock_entries'
[08:22:17] [spechunter] [Read] /home/yzs/riscv/XiangShan/src/main/scala/xiangshan/backend/fu/NewCSR/CSRModule.scala
[08:22:17] [spechunter] [Read] /home/yzs/riscv/XiangShan/src/main/scala/xiangshan/backend/fu/NewCSR/CSRFields.scala
[08:22:25] [spechunter] [text] Let me now check the CPU reset code, KVM paths, and GDB exposure.  
[08:22:25] [spechunter] [Read] /home/yzs/riscv/qemu/target/riscv/cpu.c
[08:22:25] [spechunter] [Grep] pattern='mseccfg'
[08:22:25] [spechunter] [Grep] pattern='mseccfg'
[08:22:34] [spechunter] [text] Let me look at the PMP checker logic that performs the actual permission checks
[08:22:34] [spechunter] [Grep] pattern='pmp_check|pmpCheck|PMPChecker|pmpcheck'
[08:22:34] [spechunter] [Grep] pattern='class PMP|def check|pmpReq|PMPReq|pmpResp|PMPResp'
[08:22:34] [spechunter] [Read] /home/yzs/riscv/XiangShan/src/main/scala/xiangshan/backend/fu/PMP.scala
[08:22:36] [spechunter] [text] Let me get the remaining locations
[08:22:36] [spechunter] [Read] /home/yzs/riscv/qemu/target/riscv/csr.c
[08:22:36] [spechunter] [Read] /home/yzs/riscv/qemu/target/riscv/cpu_helper.c
[08:22:36] [spechunter] [Read] /home/yzs/riscv/qemu/target/riscv/cpu_helper.c
[08:22:36] [spechunter] [Read] /home/yzs/riscv/qemu/target/riscv/tcg/tcg-cpu.c
[08:22:36] [spechunter] [Read] /home/yzs/riscv/qemu/target/riscv/cpu.c
[08:22:36] [spechunter] [Read] /home/yzs/riscv/qemu/target/riscv/cpu.c
[08:22:41] [spechunter] [TodoWrite] 7 items
[08:22:42] [spechunter] [Read] /home/yzs/riscv/opensbi/platform/generic/sifive/sifive_dev_platform.c
[08:22:42] [spechunter] [Read] /home/yzs/riscv/opensbi/include/sbi/sbi_hart_pmp.h
[08:22:42] [spechunter] [Grep] pattern='CSR_PMPADDR'
[08:22:42] [spechunter] [Grep] pattern='csr_set|csr_clear|csr_write'
[08:22:43] [spechunter] [text] Let me verify the trace events and KVM file for completeness
[08:22:43] [spechunter] [Grep] pattern='mseccfg|smepmp'
[08:22:43] [spechunter] [Grep] pattern='mseccfg|smepmp'
[08:22:43] [spechunter] [Grep] pattern='mseccfg'
[08:22:44] [spechunter] [Grep] pattern='mseccfg|pmp_hart_has_privs|pmp_is_locked'
[08:22:44] [spechunter] [Grep] pattern='mseccfg|pmp_is_locked|pmp_hart_has_privs'
[08:22:44] [spechunter] [Grep] pattern='pmp_hart_has_privs|pmp_is_locked|mseccfg'
[08:22:44] [spechunter] [Read] /home/yzs/riscv/linux/arch/riscv/kernel/head.S
[08:22:44] [spechunter] [Read] /home/yzs/riscv/linux/arch/riscv/include/asm/csr.h
[08:22:49] [spechunter] [text] Now I have a complete picture. Here is the JSON output:  ```json {   "locations": [     {       "file_path": "include/sb...
[08:22:51] [spechunter] [text] Now let me check if `misa` has a Smepmp extension bit and whether the PMP config write (`write_cfg_vec`) handles MML-gat...
[08:22:51] [spechunter] [Grep] pattern='Smepmp|smepmp|SMPMP|smpmp'
[08:22:51] [spechunter] [Grep] pattern='misa.*Bundle|class.*Misa|MisaBundle'
[08:22:56] [spechunter] [Read] /home/yzs/riscv/XiangShan/src/main/scala/xiangshan/backend/fu/PMP.scala
[08:22:56] [spechunter] [Read] /home/yzs/riscv/XiangShan/src/main/scala/xiangshan/cache/mmu/TLB.scala
[08:22:56] [spechunter] [Read] /home/yzs/riscv/XiangShan/src/main/scala/xiangshan/backend/fu/NewCSR/PMPEntryModule.scala
[08:22:59] [spechunter] [Grep] pattern='class MisaBundle|misa.*=.*Module'
[08:22:59] [spechunter] [Grep] pattern='Smpmp|Smepmp|smepmp|mseccfg.*regOut|mseccfg\\.regOut'
[08:23:04] [spechunter] [text] Let me check KVM-related CSR handling and the TCG translation path
[08:23:04] [spechunter] [Grep] pattern='pmp_hart_has_privs'
[08:23:04] [spechunter] [Grep] pattern='MMU_STAGE|get_physical_address_pmp'
[08:23:04] [spechunter] [Grep] pattern='get_field'
[08:23:19] [spechunter] [Read] /home/yzs/riscv/qemu/target/riscv/cpu_helper.c
[08:23:19] [spechunter] [Read] /home/yzs/riscv/qemu/target/riscv/csr.c
[08:23:19] [spechunter] [Read] /home/yzs/riscv/qemu/target/riscv/csr.c
[08:23:33] [spechunter] [text] ```json {   "violation_condition": "Linux kernel writes PMP configuration registers (e.g., head.S:239-240) and any futur...
[08:23:37] [spechunter] [Read] /home/yzs/riscv/XiangShan/src/main/scala/xiangshan/backend/fu/NewCSR/MachineLevel.scala
[08:23:37] [spechunter] [Read] /home/yzs/riscv/XiangShan/src/main/scala/xiangshan/backend/fu/NewCSR/NewCSR.scala
[08:23:37] [spechunter] [Grep] pattern='smepmp|Smepmp|SMEPMP'
[08:23:37] [spechunter] [Read] /home/yzs/riscv/XiangShan/src/main/scala/xiangshan/backend/fu/PMP.scala
[08:23:37] [spechunter] [Grep] pattern='pmp_check|pmp\\.req|pmp\\.resp'
[08:23:37] [spechunter] [Grep] pattern='pmp_check|pmp\\.req|pmp\\.resp'
[08:23:37] [spechunter] [text] Let me check the CSR_MSEECFG constant and the ext_smepmp cfg flag, plus the KVM path.  
[08:23:37] [spechunter] [Grep] pattern='CSR_MSEECFG|ext_smepmp'
[08:23:37] [spechunter] [Grep] pattern='ext_smepmp|mseccfg'
[08:23:37] [spechunter] [Grep] pattern='pmp_priv_to_page_prot'
[08:23:49] [spechunter] [Grep] pattern='mseccfg'
[08:23:49] [spechunter] [Grep] pattern='mseccfgh'
[08:23:49] [spechunter] [Grep] pattern='pmpcfg\\d|pmpcfg[0-9]'
[08:23:49] [spechunter] [Grep] pattern='pmpaddr\\d|pmpaddr[0-9]'
[08:23:49] [spechunter] [Grep] pattern='csrw\\s+CSR_PMPCFG|write_pmpcfg|pmpcfg.*write|pmp_set|__kvm_riscv.*pmp'
[08:23:49] [spechunter] [Grep] pattern='MSEECFG|MSECCFG'
[08:23:49] [spechunter] [Grep] pattern='ext_smepmp'
[08:23:53] [spechunter] [Grep] pattern='ext_smepmp'
[08:23:55] [spechunter] [text] Now I have a complete picture. Here is the full location report:  ```json {   "locations": [     {       "file_path": "t...
[08:23:58] [spechunter] [TodoWrite] 6 items
[08:24:00] [spechunter] [Grep] pattern='PMP'
[08:24:00] [spechunter] [Read] /home/yzs/riscv/XiangShan/src/main/scala/xiangshan/backend/decode/isa/CSRs.scala
[08:24:00] [spechunter] [Read] /home/yzs/riscv/XiangShan/src/main/scala/xiangshan/backend/fu/NewCSR/MachineLevel.scala
[08:24:00] [spechunter] [Read] /home/yzs/riscv/XiangShan/src/main/scala/xiangshan/cache/mmu/MMUBundle.scala
[08:24:06] [spechunter] [text] Now let me also check test files for PMP/Smepmp references
[08:24:06] [spechunter] [Grep] pattern='mseccfg|Smepmp|smepmp|PMP|pmpcfg'
[08:24:06] [spechunter] [Grep] pattern='mseccfg'
[08:24:07] [spechunter] [text] Let me dig deeper into the actual kernel source files, filtering out the audit/report JSON files and irrelevant drivers....
[08:24:07] [spechunter] [Grep] pattern='mseccfg'
[08:24:07] [spechunter] [Grep] pattern='mseccfg'
[08:24:07] [spechunter] [Grep] pattern='MSECCFG'
[08:24:07] [spechunter] [Grep] pattern='CSR_PMP|CSR_MSECCFG|pmpaddr|pmpcfg'
[08:24:12] [spechunter] [text] Let me also check the seed CSR functions that depend on mseccfg, and the TCG validation    
[08:24:12] [spechunter] [Read] /home/yzs/riscv/qemu/target/riscv/csr.c
[08:24:12] [spechunter] [Read] /home/yzs/riscv/qemu/target/riscv/tcg/tcg-cpu.c
[08:24:12] [spechunter] [Read] /home/yzs/riscv/qemu/target/riscv/pmp.c
[08:24:12] [spechunter] [Grep] pattern='CSR_PMPCFG|pmpcfg|write_pmpcfg|pmp_set|__kvm_riscv.*pmp'
[08:24:12] [spechunter] [Grep] pattern='mseccfg|MSECCFG|mseccfgh'
[08:24:12] [spechunter] [Grep] pattern='csrw.*pmp|pmpaddr'
[08:24:12] [spechunter] [Grep] pattern='RISCV_PMP|CONFIG_RISCV_PMP'
[08:24:24] [spechunter] [Grep] pattern='CSR_PMPCFG|pmpcfg'
[08:24:24] [spechunter] [Grep] pattern='mseccfg|MSECCFG'
[08:24:24] [spechunter] [Grep] pattern='CSR_PMPADDR|pmpaddr'
[08:24:34] [spechunter] [Read] /home/yzs/riscv/linux/arch/riscv/kernel/head.S
[08:24:34] [spechunter] [Read] /home/yzs/riscv/linux/arch/riscv/include/asm/csr.h
[08:24:34] [spechunter] [Read] /home/yzs/riscv/linux/arch/riscv/include/asm/csr.h
[08:24:48] [spechunter] [TodoWrite] 6 items
[08:24:48] [spechunter] [Read] /home/yzs/riscv/linux/arch/riscv/include/asm/csr.h
[08:24:48] [spechunter] [Read] /home/yzs/riscv/linux/arch/riscv/include/asm/csr.h
[08:24:48] [spechunter] [Read] /home/yzs/riscv/linux/arch/riscv/kernel/head.S
[08:24:48] [spechunter] [Grep] pattern='CSR_MSECCFG|CSR_PMPCFG|CSR_PMPADDR|MSECCFG_'
[08:24:48] [spechunter] [Grep] pattern='CSR_MSECCFG|CSR_PMPCFG|CSR_PMPADDR|MSECCFG_'
[08:24:57] [spechunter] [Grep] pattern='CSR_MSECCFG|CSR_MSECCFGH'
[08:24:57] [spechunter] [Grep] pattern='PMP_A_|PMP_R|PMP_W|PMP_X|PMP_L'
[08:24:57] [spechunter] [Grep] pattern='pmp|PMP'
[08:25:06] [spechunter] [Read] /home/yzs/riscv/opensbi/lib/sbi/sbi_hart_pmp.c
[08:25:06] [spechunter] [Read] /home/yzs/riscv/opensbi/lib/sbi/sbi_domain.c
[08:25:07] [spechunter] [Grep] pattern='MSECCFG|mseccfg'
[08:25:07] [spechunter] [Grep] pattern='pmp_set|write_pmp|pmp_write|PMP_A_|pmp_region'
[08:25:07] [spechunter] [Grep] pattern='pmp_set|write_pmp|pmp_write|PMP_A_|pmp_region'
[08:25:07] [spechunter] [Read] /home/yzs/riscv/linux/tools/arch/riscv/include/asm/csr.h
[08:25:11] [spechunter] [text] Now let me search deeper — checking for any actual MSECCFG CSR access (reads/writes, not just definitions), context-swit...
[08:25:11] [spechunter] [Grep] pattern='csr[rws].*0x747|csr[rws].*0x757|MSECCFG'
[08:25:11] [spechunter] [Grep] pattern='pmp'
[08:25:11] [spechunter] [Read] /home/yzs/riscv/linux/arch/riscv/include/asm/csr.h
[08:25:14] [spechunter] [Grep] pattern='pmp_match_res|PMPChecker|PMPChec|new PMPChecker'
[08:25:14] [spechunter] [Grep] pattern='\\.mode\\b.*UInt|mode.*=.*Wire|mode.*:=|mode\\s*=\\s*Mux'
[08:25:16] [spechunter] [text] Let me trace deeper into the warm boot path and CSR write emulation.  
[08:25:16] [spechunter] [Read] /home/yzs/riscv/opensbi/lib/sbi/sbi_hart.c
[08:25:16] [spechunter] [Read] /home/yzs/riscv/opensbi/lib/sbi/sbi_hart.c
[08:25:16] [spechunter] [Read] /home/yzs/riscv/opensbi/lib/sbi/riscv_asm.c
[08:25:21] [spechunter] [Grep] pattern='pmp'
[08:25:21] [spechunter] [Grep] pattern='CSR_PMP|CSR_MSECCFG'
[08:25:23] [spechunter] [text] Now let me check for the CSRRW/CSRRS emulation path and the eic770x platform code.  
[08:25:23] [spechunter] [Grep] pattern='sbi_mseccfg_write|mseccfg.*write|mseccfg.*sbi'
[08:25:23] [spechunter] [Read] /home/yzs/riscv/opensbi/platform/generic/eswin/eic770x.c
[08:25:23] [spechunter] [Grep] pattern='cold_boot|coldboot|warm_boot|warmboot'
[08:25:24] [spechunter] [Grep] pattern='PMPCheck|\\.mode\\b|pmp_check|pmp_match_res'
[08:25:25] [spechunter] [Grep] pattern='MML|MMWP|RLB|Smepmp|smepmp|SmePMP'
[08:25:25] [spechunter] [Grep] pattern='mseccfg'
[08:25:25] [spechunter] [Grep] pattern='__switch_to|switch_to|context_switch|kvm.*vcpu.*run|kvm_arch_vcpu'
[08:25:29] [spechunter] [Grep] pattern='CSR_MSECCFG|mseccfg'
[08:25:29] [spechunter] [Read] /home/yzs/riscv/opensbi/lib/sbi/sbi_hart.c
[08:25:32] [spechunter] [Read] /home/yzs/riscv/XiangShan/src/main/scala/xiangshan/cache/mmu/TLB.scala
[08:25:32] [spechunter] [Grep] pattern='\\.mode\\b|check_env\\.mode|PMPChec'
[08:25:46] [spechunter] [Read] /home/yzs/riscv/XiangShan/src/main/scala/xiangshan/cache/mmu/L2TLB.scala
[08:25:46] [spechunter] [Grep] pattern='\\.mode\\b'
[08:26:00] [spechunter] [text] Now let me verify the full picture by reading the PMP bit definitions and checking for PMP references in the KVM area
[08:26:00] [spechunter] [Read] /home/yzs/riscv/linux/arch/riscv/include/asm/csr.h
[08:26:00] [spechunter] [Read] /home/yzs/riscv/linux/tools/arch/riscv/include/asm/csr.h
[08:26:00] [spechunter] [Grep] pattern='CSR_PMPCFG|CSR_PMPADDR'
[08:26:00] [spechunter] [Grep] pattern='CSR_PMPCFG|CSR_PMPADDR'
[08:26:00] [spechunter] [Grep] pattern='CSR_PMPCFG|CSR_PMPADDR'
[08:26:03] [spechunter] [Read] /home/yzs/riscv/linux/arch/riscv/kvm/vcpu_switch.S
[08:26:03] [spechunter] [Grep] pattern='__switch_to|switch_to'
[08:26:03] [spechunter] [TodoWrite] 7 items
[08:26:07] [spechunter] [text] Let me also check for PMP references in KVM and other arch/riscv subdirectories more broadly.  
[08:26:07] [spechunter] [Grep] pattern='pmp|PMP|pmpcfg|pmpaddr'
[08:26:07] [spechunter] [Grep] pattern='CONFIG_RISCV_M_MODE'
[08:26:14] [spechunter] [Grep] pattern='PMPChecker|check_env|\\.mode\\b.*PM|\\.mode\\b.*:=|mode\\s*:=\\s*Mode'
[08:26:14] [spechunter] [Grep] pattern='PMPChecker|check_env|\\.mode\\b'
[08:26:14] [spechunter] [Grep] pattern='mseccfg.*PMP|PMP.*mseccfg|mseccfg.*mode|mode.*mseccfg'
[08:26:15] [spechunter] [Grep] pattern='PMPCFG|PMPADDR|pmpcfg|pmpaddr'
[08:26:15] [spechunter] [Grep] pattern='PMPCFG|PMPADDR|pmpcfg|pmpaddr|PMP|pmp'
[08:26:15] [spechunter] [Grep] pattern='PMPCFG|PMPADDR|pmpcfg|pmpaddr|PMP|pmp'
[08:26:15] [spechunter] [Read] /home/yzs/riscv/linux/arch/riscv/kvm/vcpu.c
[08:26:17] [spechunter] [text] Now let me look at the `get_physical_address_pmp` caller context in cpu_helper.c to trace the full call chain.  
[08:26:17] [spechunter] [Read] /home/yzs/riscv/qemu/target/riscv/cpu_helper.c
[08:26:17] [spechunter] [Read] /home/yzs/riscv/qemu/target/riscv/cpu_helper.c
[08:26:22] [spechunter] [Read] /home/yzs/riscv/qemu/target/riscv/cpu_helper.c
[08:26:22] [spechunter] [Grep] pattern='pmp|mseccfg'
[08:26:29] [spechunter] [text] Let me look at how the mode signal is passed to the PMP checker in Frontend and MemBlock.  
[08:26:29] [spechunter] [Read] /home/yzs/riscv/XiangShan/src/main/scala/xiangshan/frontend/Frontend.scala
[08:26:29] [spechunter] [Read] /home/yzs/riscv/XiangShan/src/main/scala/xiangshan/mem/MemBlock.scala
[08:26:43] [spechunter] [Grep] pattern='PMPCFG|PMPADDR|pmpcfg|pmpaddr|0x3a0|0x3b0'
[08:26:43] [spechunter] [Grep] pattern='kvm_riscv_vcpu_csr|kvm_arch_vcpu_ioctl_set_sregs|kvm_arch_vcpu_ioctl_get_sregs'
[08:26:43] [spechunter] [Read] /home/yzs/riscv/linux/arch/riscv/kvm/vcpu.c
[08:26:54] [spechunter] [text] Now let me check the KVM CSR emulation and the NACL CSR sync paths for PMP-related handling, plus search for any kernel-...
[08:26:54] [spechunter] [Grep] pattern='PMPCFG|PMPADDR|pmpcfg|pmpaddr|0x3a0|0x3b0'
[08:26:54] [spechunter] [Grep] pattern='pmp|PMP'
[08:26:54] [spechunter] [Grep] pattern='pmp|PMP|mseccfg|MSECCFG'
[08:26:54] [spechunter] [Grep] pattern='csr_read|csr_write|csr_swap|CSR_PMP|CSR_MSECCFG'
[08:26:56] [spechunter] [text] Now let me check the rocket-chip PMP for comparison, and also look at the `write_cfg_vec` lock behavior (whether it gate...
[08:26:56] [spechunter] [Read] /home/yzs/riscv/XiangShan/rocket-chip/src/main/scala/rocket/PMP.scala
[08:27:00] [spechunter] [Grep] pattern='CSR_MSECCFG|CSR_MSECCFGH'
[08:27:00] [spechunter] [Read] /home/yzs/riscv/opensbi/lib/sbi/riscv_asm.c
[08:27:08] [spechunter] [Read] /home/yzs/riscv/XiangShan/rocket-chip/src/main/scala/rocket/PMP.scala
[08:27:15] [spechunter] [Grep] pattern='CSR_MSECCFG|mseccfg'
[08:27:15] [spechunter] [Grep] pattern='CSR_MSECCFG|mseccfg'
[08:27:15] [spechunter] [Grep] pattern='CSR_MSECCFG|mseccfg'
[08:27:15] [spechunter] [text] Now let me look at how the CSR DistributedCSR write path handles the mseccfg module, and check the CSRSpec YAML file
[08:27:15] [spechunter] [Grep] pattern='class DistributedCSRIO|DistributedCSRIO'
[08:27:15] [spechunter] [Glob] **/mseccfg.yaml
[08:27:15] [spechunter] [Grep] pattern='misa.*smepmp|Smepmp|smepmp'
[08:27:43] [spechunter] [Read] /home/yzs/riscv/XiangShan/src/main/scala/xiangshan/backend/fu/NewCSR/MachineLevel.scala
[08:27:43] [spechunter] [Grep] pattern='object ModeM|object ModeS|object ModeU|ModeM\\s*=|ModeS\\s*=|ModeH\\s*='
[08:27:57] [spechunter] [Glob] lib/sbi/sbi_ecall*
[08:27:57] [spechunter] [Glob] **/illegal*
[08:27:57] [spechunter] [Grep] pattern='mseccfg'
[08:28:01] [spechunter] [Grep] pattern='nacl_csr_write_table|nacl_csr_table|csr_table'
[08:28:01] [spechunter] [Grep] pattern='kvm_riscv_vcpu_setup_isa|reset_vcpu'
[08:28:01] [spechunter] [Read] /home/yzs/riscv/linux/arch/riscv/kvm/main.c
[08:28:01] [spechunter] [Grep] pattern='mseccfg'
[08:28:07] [spechunter] [Glob] **/sbi_trap*.c
[08:28:07] [spechunter] [Grep] pattern='mseccfg'
[08:28:12] [spechunter] [text] Now let me look at the existing audit reports for comprehensive findings and check SBI paths for PMP awareness
[08:28:12] [spechunter] [Read] /home/yzs/riscv/linux/smepmp_sbi_audit.json
[08:28:12] [spechunter] [Grep] pattern='pmp|PMP|mseccfg|MSECCFG'
[08:28:22] [spechunter] [text] Now I have a complete picture. Here is the JSON with all locations found:  ```json {   "locations": [     {       "file_...
[08:28:26] [spechunter] [Grep] pattern='MSECCFGH'
[08:28:26] [spechunter] [Grep] pattern='mseccfg_csr_read|mseccfg_csr_write|pmp_hart_has_privs|pmp_hart_has_privs_default|pmp_is_locked|pmp_is_readonly|pmp_is_invalid_smepmp_cfg|pmp_get_smepmp_operation|pmp_write_cfg|pmpcfg_csr_write|pmp_unlock_entries'
[08:28:35] [spechunter] [text] Let me check a few more things - KVM CSR instruction emulation and the NACL CSR table to confirm PMP CSRs are truly abse...
[08:28:35] [spechunter] [Read] /home/yzs/riscv/linux/arch/riscv/kvm/vcpu_insn.c
[08:28:35] [spechunter] [Grep] pattern='nacl_csr_write_table|csr_table|synced_csr|synced_csrs'
[08:28:35] [spechunter] [Grep] pattern='nacl_sync_csr|kvm_riscv_nacl_sync_csr'
[08:28:39] [spechunter] [Read] /home/yzs/riscv/linux/arch/riscv/kvm/nacl.c
[08:28:39] [spechunter] [Read] /home/yzs/riscv/linux/arch/riscv/kvm/vcpu_insn.c
[08:28:46] [spechunter] [Grep] pattern='csr_funcs'
[08:28:48] [spechunter] [text] Let me check for the MSECCFGH CSR registration and the RV32 support.  
[08:28:48] [spechunter] [Grep] pattern='MSECCFG|mseccfg'
[08:28:48] [spechunter] [Grep] pattern='mseccfg'
[08:28:57] [spechunter] [Read] /home/yzs/riscv/opensbi/semantic_finding_smepmp_mseccfg_lock.json
[08:28:59] [spechunter] [Bash] Check recent commits on current branch
[08:28:59] [spechunter] [Bash] See what files changed vs master
[08:29:06] [spechunter] [Grep] pattern='csr_funcs'
[08:29:14] [spechunter] [Bash] View actual diff of the branch changes
[08:29:29] [spechunter] [text] Now let me trace the initialization order to understand the cold/warm boot paths
[08:29:29] [spechunter] [Grep] pattern='final_init|cold_boot|warm_boot|hart_protection_configure|init_warm'
[08:29:29] [spechunter] [Read] /home/yzs/riscv/opensbi/lib/sbi/sbi_hsm.c
[08:29:36] [spechunter] [TodoWrite] 6 items
[08:29:45] [spechunter] [Read] /home/yzs/riscv/opensbi/lib/sbi/sbi_init.c
[08:29:53] [spechunter] [Read] /home/yzs/riscv/opensbi/lib/sbi/sbi_init.c
[08:29:53] [spechunter] [Grep] pattern='#define MSECCFG'
[08:29:55] [spechunter] [text] Now let me verify a few key locations to cross-validate the fast-path entries.  
[08:29:55] [spechunter] [Read] /home/yzs/riscv/qemu/target/riscv/machine.c
[08:29:55] [spechunter] [Read] /home/yzs/riscv/qemu/target/riscv/cpu.h
[08:29:55] [spechunter] [Read] /home/yzs/riscv/qemu/target/riscv/pmp.h
[08:30:00] [spechunter] [text] Now let me check for CSR write emulation paths that could touch mseccfg, and verify the eic770x final_init ordering rela...
[08:30:00] [spechunter] [Grep] pattern='MSECCFG|mseccfg|0x747'
[08:30:00] [spechunter] [Glob] **/sbi_ecall_csr*
[08:30:00] [spechunter] [Grep] pattern='CSR_MSECCFG|mseccfg'
[08:31:12] [spechunter] [text] Now I have a clear picture. The actual PR diff is a single file change: adding `mseccfg` to the VMStateDescription for l...
[08:31:25] [spechunter] [text] Let me first find the relevant code locations for Smepmp/mseccfg/PMP handling in the QEMU RISC-V codebase.  
[08:31:25] [spechunter] [Agent] description, prompt
[08:31:43] [spechunter] [text] Now let me read the domain context switch code, the sbi_hart_reinit for warm resume, and the eic770x code for the PMP lo...
[08:31:43] [spechunter] [Read] /home/yzs/riscv/opensbi/lib/sbi/sbi_domain_context.c
[08:31:43] [spechunter] [Read] /home/yzs/riscv/opensbi/lib/sbi/sbi_hart.c
[08:31:43] [spechunter] [Read] /home/yzs/riscv/opensbi/platform/generic/eswin/eic770x.c
[08:31:46] [spechunter] [text] ```json {   "locations": [     {       "file_path": "src/main/scala/xiangshan/backend/fu/NewCSR/MachineLevel.scala",    ...
[08:31:48] [spechunter] [Grep] pattern='mseccfg'
[08:31:48] [spechunter] [Grep] pattern='pmp_hart_has_privs'
[08:31:48] [spechunter] [Grep] pattern='pmp_is_locked'
[08:31:48] [spechunter] [Grep] pattern='MML|MMWP|RLB'
[08:31:48] [spechunter] [Grep] pattern='smepmp|Smepmp|SMEPMP'
[08:31:48] [spechunter] [Grep] pattern='CSR_MSEECFG'
[08:31:53] [spechunter] [text] Now I have all findings. Let me compile the comprehensive semantic analysis report
[08:31:53] [spechunter] [Write] /home/yzs/riscv/linux/output_PR101.json
[08:32:06] [spechunter] [Grep] pattern='mseccfg|smepmp|pmp|Smepmp'
[08:32:06] [spechunter] [Grep] pattern='mseccfg|pmp|smepmp'
[08:32:06] [spechunter] [Grep] pattern='mseccfg'
[08:32:06] [spechunter] [Grep] pattern='pmp_hart_has_privs|pmp_is_locked'
[08:32:06] [spechunter] [text] Let me verify the key files to cross-validate the location entries.  
[08:32:06] [spechunter] [Read] /home/yzs/riscv/XiangShan/src/main/scala/xiangshan/backend/fu/NewCSR/MachineLevel.scala
[08:32:06] [spechunter] [Read] /home/yzs/riscv/XiangShan/src/main/scala/xiangshan/backend/fu/NewCSR/MachineLevel.scala
[08:32:06] [spechunter] [Read] /home/yzs/riscv/XiangShan/src/main/scala/xiangshan/backend/decode/isa/CSRs.scala
[08:32:06] [spechunter] [Read] /home/yzs/riscv/XiangShan/src/main/scala/xiangshan/backend/decode/isa/CSRs.scala
[08:32:16] [spechunter] [Bash] List KVM directory contents
[08:32:16] [spechunter] [Grep] pattern='pmp'
[08:32:16] [spechunter] [Grep] pattern='mseccfg'
[08:32:16] [spechunter] [Read] /home/yzs/riscv/qemu/target/riscv/pmp.h
[08:32:28] [spechunter] [Read] /home/yzs/riscv/qemu/target/riscv/pmp.c
[08:32:28] [spechunter] [Read] /home/yzs/riscv/qemu/target/riscv/pmp.c
[08:32:28] [spechunter] [Read] /home/yzs/riscv/qemu/target/riscv/pmp.c
[08:32:28] [spechunter] [Read] /home/yzs/riscv/qemu/target/riscv/pmp.c
[08:32:28] [spechunter] [Read] /home/yzs/riscv/qemu/target/riscv/csr.c
[08:32:28] [spechunter] [Read] /home/yzs/riscv/qemu/target/riscv/csr.c
[08:32:28] [spechunter] [Read] /home/yzs/riscv/XiangShan/src/main/scala/xiangshan/backend/decode/isa/CSRs.scala
[08:32:28] [spechunter] [Read] /home/yzs/riscv/XiangShan/src/main/scala/xiangshan/backend/decode/isa/CSRs.scala
[08:32:28] [spechunter] [Read] /home/yzs/riscv/XiangShan/src/main/scala/xiangshan/backend/fu/NewCSR/NewCSR.scala
[08:32:28] [spechunter] [Read] /home/yzs/riscv/XiangShan/src/main/scala/xiangshan/backend/fu/NewCSR/NewCSR.scala
[08:32:33] [spechunter] [Read] /home/yzs/riscv/linux/arch/riscv/include/asm/csr.h
[08:32:33] [spechunter] [Read] /home/yzs/riscv/linux/arch/riscv/include/asm/csr.h
[08:32:33] [spechunter] [Read] /home/yzs/riscv/linux/arch/riscv/include/asm/csr.h
[08:32:33] [spechunter] [Read] /home/yzs/riscv/linux/arch/riscv/kernel/head.S
[08:32:43] [spechunter] [Read] /home/yzs/riscv/qemu/target/riscv/csr.c
[08:32:43] [spechunter] [Read] /home/yzs/riscv/qemu/target/riscv/machine.c
[08:32:43] [spechunter] [Read] /home/yzs/riscv/qemu/target/riscv/machine.c
[08:32:43] [spechunter] [Read] /home/yzs/riscv/qemu/target/riscv/cpu_helper.c
[08:32:43] [spechunter] [Read] /home/yzs/riscv/qemu/target/riscv/cpu_helper.c
[08:32:43] [spechunter] [Read] /home/yzs/riscv/qemu/target/riscv/cpu_helper.c
[08:32:43] [spechunter] [Read] /home/yzs/riscv/qemu/target/riscv/cpu.c
[08:32:43] [spechunter] [Read] /home/yzs/riscv/qemu/target/riscv/cpu.h
[08:32:52] [spechunter] [Read] /home/yzs/riscv/XiangShan/src/main/scala/xiangshan/backend/fu/PMP.scala
[08:32:52] [spechunter] [Read] /home/yzs/riscv/XiangShan/src/main/scala/xiangshan/backend/fu/PMP.scala
[08:32:52] [spechunter] [Read] /home/yzs/riscv/XiangShan/src/main/scala/xiangshan/backend/fu/PMP.scala
[08:32:52] [spechunter] [Read] /home/yzs/riscv/qemu/target/riscv/pmp.c
[08:32:52] [spechunter] [Read] /home/yzs/riscv/qemu/target/riscv/csr.c
[08:32:52] [spechunter] [Read] /home/yzs/riscv/qemu/target/riscv/tcg/tcg-cpu.c
[08:32:52] [spechunter] [Read] /home/yzs/riscv/qemu/target/riscv/cpu.c
[08:32:52] [spechunter] [Read] /home/yzs/riscv/qemu/target/riscv/cpu.c
[08:33:06] [spechunter] [text] Now let me verify one of the tools copy locations to confirm completeness
[08:33:06] [spechunter] [Read] /home/yzs/riscv/linux/tools/arch/riscv/include/asm/csr.h
[08:33:06] [spechunter] [Read] /home/yzs/riscv/linux/tools/arch/riscv/include/asm/csr.h
[08:33:12] [spechunter] [Read] /home/yzs/riscv/XiangShan/src/main/scala/xiangshan/cache/mmu/TLB.scala
[08:33:12] [spechunter] [Read] /home/yzs/riscv/XiangShan/src/main/scala/xiangshan/cache/mmu/TLB.scala
[08:33:12] [spechunter] [Read] /home/yzs/riscv/XiangShan/src/main/scala/xiangshan/Bundle.scala
[08:33:22] [spechunter] [text] Now I have a thorough understanding of the codebase. Let me compile the final findings.  
[08:33:22] [spechunter] [Write] /home/yzs/riscv/opensbi/locations/smepmp_mseccfg_reintegration.json
[08:33:30] [spechunter] [Read] /home/yzs/riscv/opensbi/locations/smepmp_mseccfg_reintegration.json
[08:33:50] [spechunter] [Read] /home/yzs/riscv/XiangShan/src/main/scala/xiangshan/cache/mmu/TLB.scala
[08:34:22] [spechunter] [text] Now let me also check the tools copy for completeness on the missing CSR_MSECCFG gap.  I've now cross-validated all loca...
[08:34:35] [spechunter] [text] I'll start by searching for the relevant code locations related to PMP configuration writes and Smepmp handling in the L...
[08:34:35] [spechunter] [Grep] pattern='csrw\\s+CSR_PMPCFG|write_pmpcfg|pmpcfg.*write|pmp_set|__kvm_riscv.*pmp'
[08:34:35] [spechunter] [Grep] pattern='mseccfg|MSECCFG|MML|Smepmp|smepmp'
[08:34:35] [spechunter] [Grep] pattern='pmp_set|pmpcfg'
[08:34:39] [spechunter] [Write] /home/yzs/riscv/opensbi/locations/smepmp_mseccfg_reintegration.json
[08:34:56] [spechunter] [text] Let me read the critical code files for the security audit.  
[08:34:56] [spechunter] [Read] /home/yzs/riscv/qemu/target/riscv/pmp.c
[08:34:56] [spechunter] [Read] /home/yzs/riscv/qemu/target/riscv/pmp.c
[08:34:56] [spechunter] [Read] /home/yzs/riscv/qemu/target/riscv/pmp.c
[08:34:56] [spechunter] [Read] /home/yzs/riscv/qemu/target/riscv/pmp.c
[08:34:56] [spechunter] [text] Let me read the key files to understand the PMP setup in head.S and check for Smepmp/MML awareness.  
[08:34:56] [spechunter] [Read] /home/yzs/riscv/linux/arch/riscv/kernel/head.S
[08:34:56] [spechunter] [Read] /home/yzs/riscv/linux/arch/riscv/include/asm/csr.h
[08:34:56] [spechunter] [Grep] pattern='MSECCFG|mseccfg'
[08:35:08] [spechunter] [text] Let me look at the PMP definitions and check for any MML handling.  
[08:35:08] [spechunter] [Grep] pattern='PMP_A_NAPOT|PMP_R|PMP_W|PMP_X|PMP_L'
[08:35:08] [spechunter] [Grep] pattern='MML|Smepmp|smepmp'
[08:35:08] [spechunter] [Read] /home/yzs/riscv/linux/arch/riscv/include/asm/csr.h
[08:35:13] [spechunter] [text] Let me also verify CSRDocDump for the mseccfg documentation entry.  
[08:35:13] [spechunter] [Grep] pattern='mseccfg'
[08:35:13] [spechunter] [Read] /home/yzs/riscv/XiangShan/src/main/scala/xiangshan/backend/fu/NewCSR/NewCSR.scala
[08:35:13] [spechunter] [Read] /home/yzs/riscv/XiangShan/src/main/scala/xiangshan/backend/fu/NewCSR/NewCSR.scala
[08:35:14] [spechunter] [text] Here is a summary of the semantic findings across the codebase:  ## Core Violation: pmpcfg.L semantic corruption under m...
[08:35:24] [spechunter] [text] Let me check KVM PMP emulation and the full PMP definitions in csr.h
[08:35:24] [spechunter] [Read] /home/yzs/riscv/linux/arch/riscv/include/asm/csr.h
[08:35:24] [spechunter] [Grep] pattern='pmp|PMP'
[08:35:24] [spechunter] [Grep] pattern='CSR_MSECCFG|mseccfg'
[08:35:31] [spechunter] [text] Let me cross-validate the fast-path locations against the actual PR diff.  
[08:35:31] [spechunter] [Bash] Check recent commits for Smepmp PR
[08:35:31] [spechunter] [Bash] Find Smepmp-related commits
[08:35:44] [spechunter] [text] Now let me read the CSR registration, vmstate, and the spec reference documents
[08:35:44] [spechunter] [Read] /home/yzs/riscv/qemu/target/riscv/csr.c
[08:35:44] [spechunter] [Read] /home/yzs/riscv/qemu/target/riscv/csr.c
[08:35:44] [spechunter] [Read] /home/yzs/riscv/qemu/target/riscv/machine.c
[08:35:44] [spechunter] [Read] /home/yzs/riscv/qemu/target/riscv/cpu.c
[08:35:44] [spechunter] [Read] /home/yzs/riscv/qemu/target/riscv/cpu_helper.c
[08:35:50] [spechunter] [text] Let me check the actual Smepmp-related commits to understand what was added
[08:35:50] [spechunter] [Bash] All Smepmp commits
[08:35:50] [spechunter] [Bash] Git log for epmp/mseccfg commits
[08:36:01] [spechunter] [text] Now let me read the spec reference and also look for the have_mseccfg predicate and CSR registration with definedBy  
[08:36:01] [spechunter] [Read] /home/yzs/riscv/qemu/target/riscv/csr.c
[08:36:01] [spechunter] [Bash] List spec reference files
[08:36:01] [spechunter] [Grep] pattern='mseccfg'
[08:36:10] [spechunter] [text] Now let me check for CSR_MSECCFGH registration and the "definedBy" field, as well as the spec reference.  
[08:36:10] [spechunter] [Grep] pattern='CSR_MSECCFGH'
[08:36:10] [spechunter] [Grep] pattern='definedBy|defined_by|def_by'
[08:36:10] [spechunter] [Grep] pattern='mseccfg.*smepmp|ePMP|Smepmp'
[08:36:11] [spechunter] [text] Now let me verify the CSRDocDump and PMP write method entries since they appeared in the fast-path set but need cross-va...
[08:36:11] [spechunter] [Grep] pattern='mseccfg|Smepmp|Smmpm|pmpcfg'
[08:36:11] [spechunter] [Read] /home/yzs/riscv/XiangShan/src/main/scala/xiangshan/backend/fu/PMP.scala
[08:36:11] [spechunter] [Read] /home/yzs/riscv/XiangShan/src/main/scala/xiangshan/backend/fu/PMP.scala
[08:36:14] [spechunter] [Bash] Files changed in initial Smepmp commit
[08:36:14] [spechunter] [Bash] All Smepmp-related changes across commits
[08:36:17] [spechunter] [text] Let me check the spec reference for Smepmp/MML definitions, and also look for any mseccfg write paths.  
[08:36:17] [spechunter] [Bash] List spec reference directories
[08:36:17] [spechunter] [Grep] pattern='CSR_MSECCFG|write.*mseccfg|mseccfg.*write|MSECCFG_MML|MML'
[08:36:17] [spechunter] [Grep] pattern='mseccfg|MSECCFG'
[08:36:20] [spechunter] [Bash] Smepmp-related commits
[08:36:30] [spechunter] [text] Let me look at the Smepmp spec and also check for any Smepmp-related Kconfig or extension definitions in this PR.  
[08:36:30] [spechunter] [Grep] pattern='Smepmp|smepmp|MML'
[08:36:30] [spechunter] [Bash] Check git log for Smepmp-related commits on current branch
[08:36:30] [spechunter] [Grep] pattern='Smepmp|smepmp|Sme?pmp'
[08:36:30] [spechunter] [Read] /home/yzs/riscv/rv-isa-sec/spec_ref/riscv-isa-manual/src/priv/smepmp.adoc
[08:36:30] [spechunter] [Read] /home/yzs/riscv/rv-isa-sec/spec_ref/riscv-isa-manual/normative_rule_defs/smepmp.yaml
[08:36:34] [spechunter] [text] Now let me check which files were introduced/changed in the core Smepmp commits and verify the locations against the act...
[08:36:34] [spechunter] [Bash] Initial Smepmp detection commit scope
[08:36:34] [spechunter] [Bash] Core Smepmp support commit scope
[08:36:34] [spechunter] [Bash] When was sbi_hart_pmp.c created
[08:36:35] [spechunter] [text] Let me read the Smepmp spec and the mseccfg definition to understand the MML encoding
[08:36:35] [spechunter] [Read] /home/yzs/riscv/rv-isa-sec/spec_ref/riscv-isa-manual/src/priv/smepmp.adoc
[08:36:35] [spechunter] [Read] /home/yzs/riscv/rv-isa-sec/spec_ref/riscv-isa-manual/normative_rule_defs/smepmp.yaml
[08:36:36] [spechunter] [Read] /home/yzs/riscv/rv-isa-sec/spec_ref/riscv-isa-manual/src/priv/machine.adoc
[08:36:36] [spechunter] [Grep] pattern='mseccfg|MML|MMWP|RLB|MSECCFG'
[08:36:51] [spechunter] [text] Now let me check the machine.adoc for the mseccfg CSR definition with the MML bit location.  
[08:36:51] [spechunter] [Grep] pattern='MML|mseccfg|RLB|MMWP'
[08:36:51] [spechunter] [Grep] pattern='CONFIG_RISCV_M_MODE'
[08:36:51] [spechunter] [Grep] pattern='Smepmp|smepmp|smepmp'
[08:36:59] [spechunter] [text] Let me check if any PMP code references Smepmp or mseccfg, and verify a few more entries
[08:36:59] [spechunter] [Grep] pattern='mseccfg|Smepmp|MML|MMWP'
[08:36:59] [spechunter] [Grep] pattern='mseccfg|Smepmp|MML|MMWP|RLB'
[08:36:59] [spechunter] [Grep] pattern='mseccfg|Smepmp|MML|MMWP'
[08:36:59] [spechunter] [Grep] pattern='mseccfg|Smepmp|MML|MMWP'
[08:37:06] [spechunter] [Bash] Check when PMP was factored into separate sources
[08:37:06] [spechunter] [Bash] Trace sbi_hart_pmp.c history
[08:37:12] [spechunter] [Read] /home/yzs/riscv/rv-isa-sec/spec_ref/riscv-isa-manual/src/priv/machine.adoc
[08:37:12] [spechunter] [Read] /home/yzs/riscv/rv-isa-sec/spec_ref/riscv-isa-manual/src/priv/machine.adoc
[08:37:21] [spechunter] [Bash] Check for YAML schema changes in Smepmp factor-out commit
[08:37:21] [spechunter] [Bash] Check YAML changes in Smepmp commits
[08:37:21] [spechunter] [Bash] Check YAML in core Smepmp commit
[08:37:21] [spechunter] [text] Now let me look at the KVM code for PMP handling and check for any other PMP-related writes.  
[08:37:21] [spechunter] [Grep] pattern='pmp|PMP'
[08:37:21] [spechunter] [Read] /home/yzs/riscv/rv-isa-sec/spec_ref/riscv-isa-manual/src/priv/machine.adoc
[08:37:33] [spechunter] [text] Now let me check the CSR MSECCFGH registration (the high 32-bit half for RV32) and the pmp_write_cfg function for Smepmp...
[08:37:33] [spechunter] [Grep] pattern='MSECCFGH'
[08:37:33] [spechunter] [Read] /home/yzs/riscv/qemu/target/riscv/pmp.c
[08:37:33] [spechunter] [Read] /home/yzs/riscv/qemu/target/riscv/pmp.h
[08:37:39] [spechunter] [Bash] Find Smepmp definition PR
[08:37:39] [spechunter] [Bash] Check for YAML definition added for Smepmp
[08:37:41] [spechunter] [Grep] pattern='CSR_MSECCFGH'
[08:37:41] [spechunter] [Grep] pattern='mseccfgh|MSECCFGH'
[08:37:41] [spechunter] [Grep] pattern='mseccfg|Smepmp|Mseccfg'
[08:37:41] [spechunter] [Grep] pattern='mseccfg|Smepmp|MML|MMWP|RLB|mseccfg'
[08:37:41] [spechunter] [Grep] pattern='mseccfg|Smepmp|MML|MMWP|RLB'
[08:37:56] [spechunter] [text] Let me also search for any other PMP-related writes in the RISC-V kernel code, and check for the SBI PMP interface.  
[08:37:56] [spechunter] [Grep] pattern='CSR_PMP|PMPADDR|PMPCFG'
[08:37:56] [spechunter] [Grep] pattern='CSR_PMP|PMPADDR|PMPCFG'
[08:37:56] [spechunter] [Read] /home/yzs/riscv/linux/arch/riscv/include/asm/csr.h
[08:38:11] [spechunter] [Glob] **/*.yaml
[08:38:11] [spechunter] [Glob] **/*.yml
[08:38:17] [spechunter] [text] Let me check the mseccfg bit positions and look at the PR context more carefully.  
[08:38:17] [spechunter] [Read] /home/yzs/riscv/rv-isa-sec/spec_ref/riscv-isa-manual/src/priv/images/wavedrom/mseccfg.edn
[08:38:17] [spechunter] [Read] /home/yzs/riscv/rv-isa-sec/spec_ref/riscv-isa-manual/src/priv/machine.adoc
[08:38:25] [spechunter] [Grep] pattern='riscv_isa_ext|riscv_isa_extension|extensions.*smepmp|Smepmp'
[08:38:25] [spechunter] [Grep] pattern='smepmp|Smepmp|Sme?pmp'
[08:38:36] [spechunter] [Bash] Check smepmp hart extensions commit
[08:38:36] [spechunter] [Bash] Check Smepmp access flags commit
[08:38:41] [spechunter] [text] Let me also check how KVM handles mseccfg, and check the Smepmp spec for what happens with L=0, RWX=111 under MML=1.  
[08:38:41] [spechunter] [Grep] pattern='mseccfg|MSECCFG'
[08:38:41] [spechunter] [Read] /home/yzs/riscv/linux/arch/riscv/kernel/head.S
[08:38:41] [spechunter] [Read] /home/yzs/riscv/rv-isa-sec/spec_ref/riscv-isa-manual/src/priv/machine.adoc
[08:39:13] [spechunter] [text] Now let me verify the pmp_write_cfg function and check for the CSR_MSECCFGH registration issue  
[08:39:13] [spechunter] [Read] /home/yzs/riscv/qemu/target/riscv/pmp.c
[08:39:13] [spechunter] [Grep] pattern='MSECCFGH|0x757'
[08:39:16] [spechunter] [text] Now let me also check how the kernel handles the post-PMP-done path (where PMP setup is skipped) and look for any mseccf...
[08:39:16] [spechunter] [Read] /home/yzs/riscv/linux/arch/riscv/kernel/head.S
[08:39:16] [spechunter] [Read] /home/yzs/riscv/linux/arch/riscv/kernel/head.S
[08:39:19] [spechunter] [Grep] pattern='EnvPMM'
[08:39:19] [spechunter] [Grep] pattern='mseccfg'
[08:39:56] [spechunter] [text] Now let me also verify the PMP definitions include L bit value:  
[08:39:56] [spechunter] [Read] /home/yzs/riscv/linux/arch/riscv/include/asm/csr.h
[08:39:56] [spechunter] [Read] /home/yzs/riscv/linux/arch/riscv/kernel/head.S
[08:39:59] [spechunter] [text] Now let me verify the key code locations match the actual files.  
[08:39:59] [spechunter] [Read] /home/yzs/riscv/opensbi/include/sbi/sbi_hart.h
[08:39:59] [spechunter] [Read] /home/yzs/riscv/opensbi/include/sbi/riscv_encoding.h
[08:39:59] [spechunter] [Read] /home/yzs/riscv/opensbi/include/sbi/sbi_domain.h
[08:40:05] [spechunter] [text] Now let me verify some of the fast-path line number claims
[08:40:05] [spechunter] [Read] /home/yzs/riscv/opensbi/lib/sbi/sbi_hart_pmp.c
[08:40:05] [spechunter] [Read] /home/yzs/riscv/opensbi/lib/sbi/sbi_hart.c
[08:40:05] [spechunter] [Read] /home/yzs/riscv/opensbi/lib/sbi/sbi_hart.c
[08:40:37] [spechunter] [text] Now let me verify a few more locations before finalizing
[08:40:37] [spechunter] [Read] /home/yzs/riscv/opensbi/include/sbi/riscv_encoding.h
[08:40:37] [spechunter] [Read] /home/yzs/riscv/opensbi/include/sbi/sbi_platform.h
[08:40:37] [spechunter] [Read] /home/yzs/riscv/opensbi/lib/sbi/sbi_domain.c
[08:40:38] [spechunter] [text] Now let me verify a few more referenced locations to be thorough
[08:40:38] [spechunter] [Read] /home/yzs/riscv/XiangShan/src/main/scala/xiangshan/backend/fu/NewCSR/CSRDefines.scala
[08:40:38] [spechunter] [Read] /home/yzs/riscv/XiangShan/src/main/scala/xiangshan/cache/mmu/TLB.scala
[08:40:38] [spechunter] [Read] /home/yzs/riscv/XiangShan/src/main/scala/xiangshan/cache/mmu/TLB.scala
[08:40:43] [spechunter] [Read] /home/yzs/riscv/opensbi/lib/sbi/sbi_hart_pmp.c
[08:40:43] [spechunter] [Read] /home/yzs/riscv/opensbi/lib/sbi/sbi_hart_pmp.c
[08:40:47] [spechunter] [text] Now I have a complete picture. Let me compile the analysis.  The kernel at `arch/riscv/kernel/head.S:239-240` writes `CS...
[08:40:47] [spechunter] [Read] /home/yzs/riscv/rv-isa-sec/spec_ref/riscv-isa-manual/src/priv/smepmp.adoc
[08:41:41] [spechunter] [text] Here is the complete security audit:  ```json {   "findings": [     {       "file_path": "arch/riscv/kernel/head.S",    ...
[08:41:47] [spechunter] [text] Now let me check the initial Smepmp definition commits to understand what "extension definition" means vs. the full impl...
[08:41:47] [spechunter] [Bash] Check Smepmp access flags commit (first definition commit)
[08:41:47] [spechunter] [Bash] Commits between definition and implementation
[08:41:47] [spechunter] [Bash] When mseccfg USEED/SSEED were added
[08:42:30] [spechunter] [text] Now let me check the remaining areas - whether `pmp_write_cfg` properly validates in the MML set case, and also verify t...
[08:42:30] [spechunter] [Read] /home/yzs/riscv/qemu/target/riscv/csr.c
[08:42:30] [spechunter] [Grep] pattern='ext_zicfilp'
[08:42:30] [spechunter] [Read] /home/yzs/riscv/rv-isa-sec/spec_ref/riscv-isa-manual/src/priv/machine.adoc
[08:42:51] [spechunter] [text] Now I have all the data needed to produce the cross-validated output. Key findings:  1. **CSRDocDump entries are false p...
[08:43:07] [spechunter] [Agent] description, prompt
[08:43:07] [spechunter] [Agent] description, prompt
[08:43:14] [spechunter] [text] Now I have all the context needed. Let me do a final verification on a couple of the borderline entries.  
[08:43:14] [spechunter] [Read] /home/yzs/riscv/opensbi/platform/generic/mips/boston.c
[08:43:14] [spechunter] [Read] /home/yzs/riscv/opensbi/platform/generic/mips/eyeq7h.c
[08:43:14] [spechunter] [Read] /home/yzs/riscv/opensbi/platform/generic/sifive/sifive_dev_platform.c
[08:43:19] [spechunter] [Bash] List top-level contents of spec_ref directory
[08:43:19] [spechunter] [Bash] List full directory tree under spec_ref
[08:43:19] [spechunter] [Grep] pattern='(?i)(smepmp|mseccfg|MML|MMWP|RLB)'
[08:43:22] [spechunter] [Glob] **/MachineLevel.scala
[08:43:22] [spechunter] [Glob] **/PMP.scala
[08:43:22] [spechunter] [Grep] pattern='mseccfg'
[08:43:22] [spechunter] [Grep] pattern='MML|MMWP|RLB'
[08:43:22] [spechunter] [Grep] pattern='Smepmp|smepmp'
[08:43:43] [spechunter] [Read] /home/yzs/riscv/rv-isa-sec/spec_ref/riscv-isa-manual/src/priv/smepmp.adoc
[08:43:43] [spechunter] [Read] /home/yzs/riscv/rv-isa-sec/spec_ref/riscv-isa-manual/src/priv/images/wavedrom/mseccfg.edn
[08:43:43] [spechunter] [Read] /home/yzs/riscv/rv-isa-sec/spec_ref/riscv-isa-manual/normative_rule_defs/smepmp.yaml
[08:43:43] [spechunter] [Read] /home/yzs/riscv/rv-isa-sec/spec_ref/riscv-isa-manual/normative_rule_defs/machine.yaml
[08:43:43] [spechunter] [Read] /home/yzs/riscv/rv-isa-sec/spec_ref/riscv-cheri/src/smepmp.adoc
[08:43:43] [spechunter] [Read] /home/yzs/riscv/rv-isa-sec/spec_ref/riscv-cheri/src/images/wavedrom/mseccfg.edn
[08:43:44] [spechunter] [Read] /home/yzs/riscv/XiangShan/src/main/scala/xiangshan/backend/fu/NewCSR/MachineLevel.scala
[08:43:44] [spechunter] [Read] /home/yzs/riscv/XiangShan/src/main/scala/xiangshan/backend/fu/PMP.scala
[08:43:44] [spechunter] [Read] /home/yzs/riscv/XiangShan/src/main/scala/xiangshan/backend/fu/NewCSR/NewCSR.scala
[08:43:44] [spechunter] [Read] /home/yzs/riscv/XiangShan/src/main/scala/xiangshan/backend/decode/isa/CSRs.scala
[08:43:44] [spechunter] [Read] /home/yzs/riscv/XiangShan/src/main/scala/xiangshan/Bundle.scala
[08:43:44] [spechunter] [Grep] pattern='mseccfg'
[08:43:44] [spechunter] [Grep] pattern='mseccfg'
[08:43:44] [spechunter] [Grep] pattern='mseccfg'
[08:43:44] [spechunter] [Grep] pattern='mseccfg'
[08:43:44] [spechunter] [Grep] pattern='mseccfg'
[08:44:09] [spechunter] [Grep] pattern='MML|MMWP|RLB|smepmp|Smepmp'
[08:44:09] [spechunter] [Grep] pattern='mseccfg'
[08:44:09] [spechunter] [Read] /home/yzs/riscv/XiangShan/rocket-chip/src/main/scala/rocket/PMP.scala
[08:44:09] [spechunter] [Grep] pattern='MML|MMWP|RLB|smepmp|Smepmp|pmm'
[08:44:09] [spechunter] [Read] /home/yzs/riscv/XiangShan/src/main/scala/xiangshan/backend/decode/isa/CSRs.scala
[08:44:09] [spechunter] [Grep] pattern='mseccfg'
[08:44:09] [spechunter] [Read] /home/yzs/riscv/XiangShan/src/main/scala/xiangshan/backend/fu/NewCSR/NewCSR.scala
[08:44:09] [spechunter] [Read] /home/yzs/riscv/XiangShan/src/main/scala/xiangshan/backend/fu/NewCSR/NewCSR.scala
[08:44:09] [spechunter] [Read] /home/yzs/riscv/XiangShan/src/main/scala/xiangshan/backend/fu/NewCSR/MachineLevel.scala
[08:44:27] [spechunter] [text] Now I have all the context to cross-validate. Let me verify a few more items before producing the final output.  
[08:44:27] [spechunter] [Bash] Check if MSEECCFG was added before Smepmp
[08:44:27] [spechunter] [Bash] Check when CSR_MSECCFG was added
[08:44:31] [spechunter] [Grep] pattern='smepmp|Smepmp|mseccfg|MML|MMWP|RLB'
[08:44:31] [spechunter] [Grep] pattern='mseccfg'
[08:44:31] [spechunter] [Grep] pattern='EnvPMM'
[08:44:41] [spechunter] [Read] /home/yzs/riscv/XiangShan/src/main/scala/xiangshan/backend/fu/NewCSR/CSRDefines.scala
[08:44:41] [spechunter] [Grep] pattern='mseccfg|pmm'
[08:45:01] [spechunter] [text] Now let me also check the `pmm_field_reserved` constant and verify the RLB sticky behavior more carefully
[08:45:01] [spechunter] [Grep] pattern='PMM_FIELD_RESERVED'
[08:45:01] [spechunter] [Grep] pattern='get_field'
[08:45:01] [spechunter] [Read] /home/yzs/riscv/rv-isa-sec/spec_ref/riscv-isa-manual/src/priv/machine.adoc
[08:45:01] [spechunter] [Read] /home/yzs/riscv/rv-isa-sec/spec_ref/riscv-isa-manual/src/priv/machine.adoc
[08:45:03] [spechunter] [Bash] When was mseccfg CSR added
[08:45:05] [spechunter] [Grep] pattern='(?i)(M-?mode.*pass.?through|MML.*qualif|ignore.*M.?mode|Machine mode has unlimited|pmpcfg\\.L.*M.?mode|default.*denied)'
[08:45:05] [spechunter] [Grep] pattern='(?i)(mseccfg\\.MML|mseccfg\\.MMWP|mseccfg\\.RLB|mseccfg_csr)'
[08:45:05] [spechunter] [Grep] pattern='(?i)(pmp.*L.*bit|locked.*rule|locked.*enforced|pmpcfg.*ignored|S.?U.?mode.*denied)'
[08:45:05] [spechunter] [Read] /home/yzs/riscv/rv-isa-sec/spec_ref/riscv-isa-manual/src/priv/zpm.adoc
[08:45:41] [spechunter] [Read] /home/yzs/riscv/rv-isa-sec/spec_ref/riscv-isa-manual/src/priv/machine.adoc
[08:45:41] [spechunter] [Read] /home/yzs/riscv/rv-isa-sec/spec_ref/riscv-isa-manual/src/priv/rationale.adoc
[08:45:41] [spechunter] [Read] /home/yzs/riscv/rv-isa-sec/spec_ref/riscv-isa-manual/ref/riscv-spec-norm-tags.json
[08:45:41] [spechunter] [Read] /home/yzs/riscv/rv-isa-sec/spec_ref/riscv-isa-manual/modules/priv/nav.adoc
[08:46:16] [spechunter] [Bash] Smepmp access flags added to sbi_domain.h
[08:46:16] [spechunter] [Bash] Smepmp hart extension enum commit details
[08:46:17] [spechunter] [Read] /home/yzs/riscv/qemu/target/riscv/csr.c
[08:46:17] [spechunter] [Grep] pattern='seed_csr|seed\\(|CSR_SEED'
[08:47:13] [spechunter] [text] Now let me read the specific RTL files to get exact line numbers and verify the code details.  
[08:47:13] [spechunter] [Read] /home/yzs/riscv/XiangShan/src/main/scala/xiangshan/backend/fu/NewCSR/MachineLevel.scala
[08:47:13] [spechunter] [Read] /home/yzs/riscv/XiangShan/src/main/scala/xiangshan/backend/fu/PMP.scala
[08:47:13] [spechunter] [Read] /home/yzs/riscv/XiangShan/src/main/scala/xiangshan/backend/fu/PMP.scala
[08:47:22] [spechunter] [Read] /home/yzs/riscv/XiangShan/src/main/scala/xiangshan/backend/fu/PMP.scala
[08:47:22] [spechunter] [Read] /home/yzs/riscv/XiangShan/src/main/scala/xiangshan/backend/fu/PMP.scala
[08:47:35] [spechunter] [text] Now let me check the CSR infrastructure to understand how RO fields handle writes, and the CSR address definitions for m...
[08:47:35] [spechunter] [Grep] pattern='mseccfgh'
[08:47:35] [spechunter] [Grep] pattern='def RO\\b'
[08:47:35] [spechunter] [Grep] pattern='class CSRModule'
[08:47:37] [spechunter] [text] Now I have enough context to cross-validate. Let me verify one more thing — whether the Smepmp domain flag macros are in...
[08:47:37] [spechunter] [Read] /home/yzs/riscv/opensbi/include/sbi/sbi_domain.h
[08:47:52] [spechunter] [Grep] pattern='sbi_mseccfg_write|pmp_set.*LOCK|pmpcfg.*CSR_TBL_L|mseccfg|pmp_lock_hart|__pmp_lock'
[08:47:52] [spechunter] [Bash] Find spec reference adoc files
[08:47:57] [spechunter] [Read] /home/yzs/riscv/XiangShan/src/main/scala/xiangshan/backend/fu/NewCSR/CSRFields.scala
[08:47:57] [spechunter] [Read] /home/yzs/riscv/XiangShan/src/main/scala/xiangshan/backend/fu/NewCSR/CSRModule.scala
[08:48:21] [spechunter] [Read] /home/yzs/riscv/opensbi/locations/smepmp_mseccfg_reintegration.json
[08:48:21] [spechunter] [Grep] pattern='mseccfg|MML|RLB|pmp_lock_hart|__pmp_lock'
[08:48:37] [spechunter] [text] Let me now read the actual source code at each location to verify these findings.  
[08:48:37] [spechunter] [Read] /home/yzs/riscv/opensbi/lib/sbi/sbi_hart_pmp.c
[08:48:37] [spechunter] [Read] /home/yzs/riscv/opensbi/lib/sbi/sbi_domain.c
[08:48:37] [spechunter] [Read] /home/yzs/riscv/opensbi/lib/sbi/sbi_hsm.c
[08:48:39] [spechunter] [Grep] pattern='definedBy'
[08:48:39] [spechunter] [Grep] pattern='Smepmp'
[08:48:41] [spechunter] [text] Let me verify the vmstate subsection is properly included, and also check one more code path.  
[08:48:41] [spechunter] [Grep] pattern='vmstate_mseccfg'
[08:48:41] [spechunter] [Bash] Check recent git history
[08:48:50] [spechunter] [Grep] pattern='mseccfgh|mseccfg'
[08:48:50] [spechunter] [Grep] pattern='mseccfg'
[08:48:54] [spechunter] [Read] /home/yzs/riscv/opensbi/lib/sbi/riscv_asm.c
[08:48:54] [spechunter] [Read] /home/yzs/riscv/opensbi/lib/sbi/sbi_hart.c
[08:48:54] [spechunter] [Read] /home/yzs/riscv/opensbi/lib/sbi/sbi_hart.c
[08:48:54] [spechunter] [Read] /home/yzs/riscv/opensbi/include/sbi/riscv_encoding.h
[08:49:02] [spechunter] [Read] /home/yzs/riscv/opensbi/lib/sbi/sbi_domain_context.c
[08:49:02] [spechunter] [Grep] pattern='eswin_eic770x_final_init|pmp_set.*PMP_RESERVED|PMP_L.*PMP_RESERVED'
[08:49:02] [spechunter] [Bash] Find Smepmp/mseccfg spec files
[08:49:06] [spechunter] [Read] /home/yzs/riscv/rv-isa-sec/spec_ref/riscv-isa-manual/modules/priv/pages/smepmp.adoc
[08:49:06] [spechunter] [Read] /home/yzs/riscv/rv-isa-sec/spec_ref/riscv-isa-manual/src/priv/smepmp.adoc
[08:49:49] [spechunter] [Grep] pattern='sbi_hart_protection_configure|mstatus_init|init_warm_resume'
[08:49:49] [spechunter] [Grep] pattern='mseccfg|MSECCFG'
[08:49:49] [spechunter] [Read] /home/yzs/riscv/opensbi/platform/generic/eswin/eic770x.c
[08:49:59] [spechunter] [text] Let me check the exact code for `init_warm_resume` and `sbi_hart_reinit` to understand the mseccfg restore path
[08:49:59] [spechunter] [Read] /home/yzs/riscv/opensbi/lib/sbi/sbi_init.c
[08:49:59] [spechunter] [Read] /home/yzs/riscv/opensbi/lib/sbi/sbi_hart.c
[08:49:59] [spechunter] [text] Now let me verify a few remaining edge cases in the code
[08:49:59] [spechunter] [Read] /home/yzs/riscv/qemu/target/riscv/machine.c
[08:49:59] [spechunter] [Grep] pattern='ext_zicfilp'
[08:50:19] [spechunter] [text] Let me also find more spec detail on mseccfg locking behavior
[08:50:19] [spechunter] [Grep] pattern='RLB|MML|MMWP|mseccfg|locked when'
[08:50:19] [spechunter] [Grep] pattern='mseccfg|MML|RLB|MMWP'
[08:50:19] [spechunter] [Bash] Find mseccfg register spec in privileged spec
[08:50:25] [spechunter] [Grep] pattern='mseccfg|MSECCFG|RLB|MML|MMWP|locked'
[08:50:25] [spechunter] [Read] /home/yzs/riscv/rv-isa-sec/spec_ref/riscv-isa-manual/normative_rule_defs/smepmp.yaml
[08:50:49] [spechunter] [text] Now let me read the spec references for exact citations
[08:50:49] [spechunter] [Read] /home/yzs/riscv/rv-isa-sec/spec_ref/riscv-isa-manual/src/priv/machine.adoc
[08:50:49] [spechunter] [Read] /home/yzs/riscv/rv-isa-sec/spec_ref/riscv-isa-manual/src/priv/smepmp.adoc
[08:51:44] [spechunter] [text] Now let me verify one more detail - the pmp_match_res function's behavior for understanding the `ignore` mechanism
[08:51:44] [spechunter] [Read] /home/yzs/riscv/XiangShan/src/main/scala/xiangshan/backend/fu/PMP.scala
[08:51:44] [spechunter] [Grep] pattern='class ROType|case.*ROType|RWType|WARLType|WLRLType'
[08:51:59] [spechunter] [Grep] pattern='class ROType|case object ROType|ROType'
[08:52:10] [spechunter] [Read] /home/yzs/riscv/XiangShan/src/main/scala/xiangshan/backend/fu/NewCSR/CSRFields.scala
[08:52:10] [spechunter] [Read] /home/yzs/riscv/XiangShan/src/main/scala/xiangshan/backend/fu/NewCSR/CSRFields.scala
[08:53:33] [spechunter] [text] Now let me verify the MLPE handling code more closely.  
[08:53:33] [spechunter] [Read] /home/yzs/riscv/qemu/target/riscv/pmp.c
[08:53:33] [spechunter] [Grep] pattern='ext_zicfilp'
[08:53:48] [spechunter] [text] Now I have all the code and spec references I need. Let me compile the comprehensive analysis.  ```json {   "findings": ...
[08:54:04] [spechunter] [text] Now I have all the information I need. Let me compile the security audit findings.  ```json {   "findings": [     {     ...
[08:56:20] [spechunter] [text] Let me also look at the cpu_helper.c MLPE usage for context on the potential security impact.  
[08:56:20] [spechunter] [Read] /home/yzs/riscv/qemu/target/riscv/cpu_helper.c
[08:56:20] [spechunter] [Grep] pattern='MSECCFG_USEED|MSECCFG_SSEED|MSECCFG_MLPE'
[08:57:21] [spechunter] [text] Let me check a few more critical code paths before compiling the final analysis.  
[08:57:21] [spechunter] [Grep] pattern='pmpaddr_csr_write'
[08:59:44] [spechunter] [text] Now let me verify one more code path regarding the pmpaddr_csr_write and its Smepmp interaction  
[08:59:44] [spechunter] [Read] /home/yzs/riscv/qemu/target/riscv/pmp.c
