[03:24:05] [spechunter] PR loaded: #869 riscv/riscv-cheri — "nwf/20251128 last-minute notes"
[03:24:05] [spechunter]   diff: 3460 chars  body: 69 chars  reviews: 0
[03:24:05] [spechunter] Global pre-filter running...
[03:24:12] [spechunter] [text] ```json {"should_skip": false} ```
[03:24:13] [spechunter] pre-filter: should_skip=False reason=""
[03:24:20] [spechunter] [text] {"should_skip": true, "skip_reason": "CHERI capability extension changes; XiangShan does not implement the CHERI extensi...
[03:24:24] [spechunter] [text] {"should_skip": true, "skip_reason": "Documentation clarifications for CHERI capability instructions (LoadCapPerms, YSEA...
[03:24:25] [spechunter] [text] {"should_skip": true, "skip_reason": "CHERI capability extension is not supported by FreeBSD's RISC-V kernel port; these...
[03:24:32] [spechunter] [text] {"should_skip": true, "skip_reason": "CHERI spec clarification notes (NOTEs) only; no CSR/privilege/ABI changes, and CHE...
[03:24:43] [spechunter] [text] {"should_skip": false}
[03:24:56] [spechunter] [text] {  
[03:24:56] [spechunter] [Read] /home/yzs/riscv/qemu/hw/riscv/riscv-iommu.c
[03:25:17] [spechunter] [text] ```json {   "violation_condition": "QEMU TCG incorrectly applies capability integrity checks (e.g., canonicalization, re...
[03:25:31] [spechunter] [TodoWrite] 5 items
[03:25:37] [spechunter] [Grep] pattern='LOAD_CAP'
[03:25:37] [spechunter] [Grep] pattern='CL[BHWD]_C|CLB_C|CLH_C|CLW_C|CLD_C'
[03:25:37] [spechunter] [Grep] pattern='\\bCS1\\b'
[03:25:37] [spechunter] [Grep] pattern='\\bCD\\b'
[03:25:37] [spechunter] [Grep] pattern='cap_load.*tag.*==.*0|ctag.*zero.*integrity|load_cap.*canonicaliz|tag.*clear.*reserved|cap_decode.*tag'
[03:25:46] [spechunter] [Agent] description, subagent_type
[03:25:46] [spechunter] [Grep] pattern='LOAD_CAP|CL[BHWD]_C|load_cap|cap_load|CLOAD|CLC'
[03:25:46] [spechunter] [Glob] target/riscv/**/*cheri*
[03:25:52] [spechunter] [text] Let me refine the search. These look like CHERI capability-related entities. Let me search more specifically in RISC-V p...
[03:25:52] [spechunter] [Grep] pattern='LOAD_CAP|CLB_C|CLH_C|CLW_C|CLD_C'
[03:25:52] [spechunter] [Grep] pattern='LOAD_CAP|CLB_C|CLH_C|CLW_C|CLD_C'
[03:25:52] [spechunter] [Grep] pattern='CS1|cap_reg|creg|capability'
[03:25:52] [spechunter] [Grep] pattern='cap_load|cap_tag|ctag|load_cap|cap_decode|capability'
[03:25:52] [spechunter] [Grep] pattern='cheri|CHERI'
[03:26:13] [spechunter] [text] Let me check a few more places specifically for CHERI capability-related code.  
[03:26:13] [spechunter] [Bash] List files in insn32 translation directory
[03:26:13] [spechunter] [Grep] pattern='cheri|CHERI|capabil'
[03:26:13] [spechunter] [Grep] pattern='LOAD.CAP|CL[BHWD]\\.C|CLB_C|CLH_C|CLW_C|CLD_C'
[03:26:24] [spechunter] [text] Let me search for CHERI-specific code in the RISC-V paths more broadly.  
[03:26:24] [spechunter] [Grep] pattern='cheri|CHERI|capabil'
[03:26:24] [spechunter] [Grep] pattern='cap_load|cap_store|cap_tag|cap_bounds|cap_addr|cap_otype|cap_perms'
[03:26:24] [spechunter] [Grep] pattern='cheri|CHERI'
[03:26:43] [spechunter] [text] ```json {   "locations": [] } ```  **Analysis**: This QEMU tree contains **zero references** to the affected entities. S...
[03:28:00] [spechunter] [Grep] pattern='LOAD_CAP|CL[BWHD]_C|load_cap|cap_load'
[03:28:00] [spechunter] [Grep] pattern='canonicaliz|canonicalis'
[03:28:00] [spechunter] [Grep] pattern='cap_reserved|reserved_bits|cap_tag'
[03:28:00] [spechunter] [Grep] pattern='cheri_load|help_cap|gen_helper_cap'
[03:28:00] [spechunter] [Grep] pattern='cap_decode|decode_cap'
[03:28:07] [spechunter] [Bash] List RISC-V target directory
[03:28:07] [spechunter] [Bash] List insn_trans directory
[03:28:07] [spechunter] [Bash] List tcg directory
[03:28:19] [spechunter] [Grep] pattern='cheri|CHERI'
[03:28:19] [spechunter] [Grep] pattern='cheri|CHERI|capability'
[03:28:19] [spechunter] [Bash] Check git branches for CHERI
[03:28:19] [spechunter] [Bash] Search for cap or cheri directories
[03:28:35] [spechunter] [Bash] See all branches
[03:28:35] [spechunter] [Grep] pattern='cap[_\\s]|cap$|CAP'
[03:28:35] [spechunter] [Grep] pattern='load|store'
[03:28:35] [spechunter] [Grep] pattern='CHERI|cheri'
[03:28:51] [spechunter] [Bash] Check git remote URL
[03:28:51] [spechunter] [Bash] Recent commits
[03:28:51] [spechunter] [Grep] pattern='DEF_HELPER|gen_helper'
[03:29:04] [spechunter] [Bash] Check for CHERI-specific branches
[03:29:04] [spechunter] [Grep] pattern='capability|cap_load|load_cap|cheri_cap|caph|cap_t'
[03:29:04] [spechunter] [Grep] pattern='CL[BWHD]_C|LOAD_CAP|CL[BWHD]_I|LOADCAP'
[03:29:04] [spechunter] [Read] /home/yzs/riscv/qemu/target/riscv/insn32.decode
[03:30:03] [spechunter] [text] Let me search more broadly - perhaps the CHERI capability code uses different naming in this codebase.  
[03:30:03] [spechunter] [Grep] pattern='capabilit|CAP_|cheri|CHERI|capreg|cap_reg'
[03:30:03] [spechunter] [Grep] pattern='capabilit|CAP_|cheri|CHERI|capreg|cap_reg|cap_load|load_cap'
[03:30:03] [spechunter] [Grep] pattern='tag_clear|clear_tag|settag|set_tag|tag.*zero|zero.*tag|canonicaliz|reserved_bit|reserved.bit'
[03:30:03] [spechunter] [Bash] Check recent git history for CHERI-related commits
[03:30:18] [spechunter] [text] Let me do one more thorough check to be absolutely certain there's no CHERI code hiding under different names.  
[03:30:18] [spechunter] [Grep] pattern='OPC_CAP|MATCH_LC|MATCH_SC|MATCH_CL|OPCODE_LOAD_CAP|OPCODE_LOADCAP|RISCV_CAP'
[03:30:18] [spechunter] [Grep] pattern='CHERI|cap_reg|capreg|cap_load|load_cap|cap_write|cap_data|ZCMP_CAP|capenc'
[03:30:18] [spechunter] [Bash] Search entire git history for CHERI file additions
[03:30:18] [spechunter] [Bash] List all branches
[03:30:41] [spechunter] [TodoWrite] 5 items
[03:31:12] [spechunter] [text] This is the **upstream QEMU repository** (`qemu/qemu.git`, master branch) — it does **not** contain any CHERI RISC-V cap...
[03:31:12] [spechunter] [TodoWrite] 5 items
[03:31:19] [spechunter] [text] The bottom line: this upstream QEMU repo has zero CHERI code. If you need to analyze the vulnerability described (capabi...
[03:31:29] [spechunter] [text] The location sets are both empty. Let me investigate the actual changes to determine what's relevant.  
[03:31:29] [spechunter] [Bash] Check recent commits for PR context
[03:31:29] [spechunter] [Bash] Check recent changes
[03:31:29] [spechunter] [Bash] Check diff in riscv-iommu.c
[03:31:54] [spechunter] [text] Let me look at the full function and surrounding context to identify all relevant code locations.  
[03:31:54] [spechunter] [Read] /home/yzs/riscv/qemu/hw/riscv/riscv-iommu.c
[03:31:54] [spechunter] [Grep] pattern='RISCV_IOMMU_DC_IOHGATP_MODE_BARE'
[03:31:54] [spechunter] [Grep] pattern='RISCV_IOMMU_DC_MSIPTP_MODE_OFF'
[03:31:54] [spechunter] [Grep] pattern='RISCV_IOMMU_DC_MSIPTP_MODE'
[03:32:26] [spechunter] [text] Now I have a clear understanding of the change. Let me verify the function signature and related spec definitions.  
[03:32:26] [spechunter] [Grep] pattern='static bool riscv_iommu_validate_device_ctx'
[03:32:26] [spechunter] [Read] /home/yzs/riscv/qemu/hw/riscv/riscv-iommu-bits.h
[03:32:26] [spechunter] [Read] /home/yzs/riscv/qemu/hw/riscv/riscv-iommu-bits.h
[03:33:01] [spechunter] [text] The diff in `hw/riscv/riscv-iommu.c` at lines 753–757 is the only modified code. The change adds a new validation check ...
[03:33:13] [spechunter] [text] Let me start by understanding what capability-related code exists in this QEMU codebase, since the code locations provid...
[03:33:13] [spechunter] [Grep] pattern='cap_load|load_cap|cap_decode|capability.*tag|ctag'
[03:33:13] [spechunter] [Grep] pattern='cheri|caphist|capability'
[03:33:21] [spechunter] [Grep] pattern='cheri|CHERI'
[03:33:21] [spechunter] [Grep] pattern='cheri|cap_load|cap_decode'
[03:33:36] [spechunter] [Grep] pattern='cheri|cheriot'
[03:33:36] [spechunter] [Glob] target/riscv/cap*
[03:33:36] [spechunter] [Glob] target/riscv/cheri*
[03:33:43] [spechunter] [Glob] **/cheri*
[03:33:43] [spechunter] [Glob] **/cap*.[ch]
[03:33:43] [spechunter] [Bash] Search git history for CHERI/capability related changes
[03:33:53] [spechunter] [Bash] Check for CHERI-related branches
[03:33:53] [spechunter] [Bash] Check recent commits
[03:33:53] [spechunter] [Grep] pattern='cheri|caphist'
[03:34:10] [spechunter] [text] Let me do one more thorough check to confirm there's truly no capability-related code anywhere in this tree.  
[03:34:10] [spechunter] [Grep] pattern='cap_tag|cap_metadata|cap_perms|cap_bounds|cap_otype|cap_load|cap_store|cap_decode|canonicaliz.*cap|cap.*canonicaliz'
[03:34:10] [spechunter] [Grep] pattern='CAP_SEALED|CAP_PERM|CAP_LOAD|CAP_STORE|Cload|Cstore|chks\\b|cget'
[03:34:10] [spechunter] [Grep] pattern='cheri|morellocherie|caphist|capability_register'
[03:34:27] [spechunter] [text] After exhaustive analysis of this QEMU codebase, here are my findings:  ```json {   "findings": [     {       "file_path...
