[04:24:41] [spechunter] PR loaded: #728 riscv/riscv-fast-interrupt — "Smip: Explicitly calling out depenency on Smcsps"
[04:24:41] [spechunter]   diff: 666 chars  body: 1 chars  reviews: 0
[04:24:41] [spechunter] Global pre-filter running...
[04:25:06] [spechunter] [text] {"should_skip": false}
[04:25:08] [spechunter] pre-filter: should_skip=False reason=""
[04:25:23] [spechunter] [text] ```json {"should_skip": false} ```
[04:25:24] [spechunter] [text] {"should_skip": true, "skip_reason": "Documentation-only clarification of dependency between Smip and Smcsps extensions,...
[04:25:24] [spechunter] [text] {"should_skip": false}
[04:25:25] [spechunter] [text] {"should_skip": true, "skip_reason": "Documentation-only change: explicitly stating an existing dependency between Smip ...
[04:25:32] [spechunter] [text] {"should_skip": true, "skip_reason": "Trivial documentation-only change adding a one-line dependency note between Smip a...
[04:25:44] [spechunter] [text] ```json {   "violation_condition": "QEMU advertises or enables Smip/Ssip (interrupt handler push/pop) without first vali...
[04:25:54] [spechunter] [Grep] pattern='Smip|Ssip|Smcsps|Sscsps|smip|ssip|smcsps|sscsps'
[04:26:06] [spechunter] [Agent] description, subagent_type
[04:26:11] [spechunter] [Grep] pattern='CSR_clic_base|CLIC_BASE|clictl|clic_base'
[04:26:11] [spechunter] [Grep] pattern='misa.*Smip|misa.*Ssip|Smip|Ssip'
[04:26:11] [spechunter] [Grep] pattern='Smcsps|Sscsps|mcsps|scsps|xcsps'
[04:26:11] [spechunter] [Grep] pattern='clic|CLIC'
[04:26:11] [spechunter] [Grep] pattern='clic|CLIC'
[04:26:20] [spechunter] [Grep] pattern='Smip|Ssip|Smcsps|Sscsps|smip|ssip|smcsps|sscsps'
[04:26:20] [spechunter] [Grep] pattern='SMIP|SSIP|SMCSPS|SSCSPS|smsip|sssip|smcsps|sscsps'
[04:26:23] [spechunter] [Grep] pattern='smip|ssip|smcsps|sscsps'
[04:26:23] [spechunter] [Grep] pattern='csps|xcause|SxCSP|SmCSP'
[04:26:23] [spechunter] [Grep] pattern='clic'
[04:26:23] [spechunter] [Grep] pattern='push|pop'
[04:26:23] [spechunter] [Grep] pattern='misa|MXLEN|SXLEN'
[04:26:27] [spechunter] [text] No direct hits for CLIC/Smip/Smcsps in the target directories. Let me broaden the search across the entire repo and also...
[04:26:27] [spechunter] [Grep] pattern='clic|CLIC|clictl'
[04:26:27] [spechunter] [Grep] pattern='Smip|Ssip|Smcsps|Sscsps'
[04:26:27] [spechunter] [Grep] pattern='xcause|xcause_push|mnxti|snxti|mintstatus'
[04:26:39] [spechunter] [Grep] pattern='iseries_supported|isa_ext|RISCV_ISA_EXT|riscv_isa_extension_available'
[04:26:40] [spechunter] [text] Let me verify against the RISC-V ISA extension definitions to confirm the absence definitively.  
[04:26:40] [spechunter] [Grep] pattern='EXT_|ext_defs|isa_ext|rvb|rvk'
[04:26:40] [spechunter] [Grep] pattern='multi_letter|isa_ext_data|riscv_isa_ext'
[04:26:40] [spechunter] [Glob] target/riscv/insn32/*clic*
[04:26:47] [spechunter] [Grep] pattern='smip|ssip|smcsps|sscsps'
[04:26:47] [spechunter] [Grep] pattern='clic'
[04:26:47] [spechunter] [Grep] pattern='clic|CLIC'
[04:26:47] [spechunter] [Grep] pattern='clic|CLIC'
[04:26:47] [spechunter] [Grep] pattern='xcause'
[04:26:47] [spechunter] [Grep] pattern='push|pop'
[04:26:54] [spechunter] [Grep] pattern='smip|ssip|smcsps|sscsps|clic|nxti|intstatus|smaia|ssaia|smstateen|ssstateen'
[04:26:54] [spechunter] [Grep] pattern='smip|ssip|smcsps|sscsps|clic|nxti|intstatus'
[04:26:54] [spechunter] [Grep] pattern='smip|ssip|smcsps|sscsps|clic|nxti|intstatus'
[04:27:06] [spechunter] [Grep] pattern='riscv_isa_extension_available|RISCV_ISA_EXT'
[04:27:06] [spechunter] [Grep] pattern='fast.interrupt|CLIC|clint|ipend|xnxti'
[04:27:11] [spechunter] [Grep] pattern='misa_ext_info_arr|multi_letter_exts|isa_edata_arr'
[04:27:11] [spechunter] [Grep] pattern='misa_bits\\[|MISA_EXT|RVB|RVK|RVS|RVU'
[04:27:11] [spechunter] [Grep] pattern='write_mstatus|mstatus_wpvm|mstatus_wmprv|mstatus.*write'
[04:27:14] [spechunter] [Grep] pattern='[Ss][Mm][Ii][Pp]|[Ss][Ss][Ii][Pp]'
[04:27:14] [spechunter] [Grep] pattern='[Ss][Mm][Ii][Pp]|[Ss][Ss][Ii][Pp]'
[04:27:14] [spechunter] [Grep] pattern='[Ss][Mm][Ii][Pp]|[Ss][Ss][Ii][Pp]'
[04:27:14] [spechunter] [Grep] pattern='[Ss][Mm][Ii][Pp]|[Ss][Ss][Ii][Pp]'
[04:27:14] [spechunter] [Grep] pattern='[Ss][Mm][Ii][Pp]|[Ss][Ss][Ii][Pp]'
[04:27:14] [spechunter] [Grep] pattern='mstatus|mepc|mcause|sepc|scause'
[04:27:19] [spechunter] [text] Let me verify the complete ISA extension data array and check the mstatus write function for any CLIC-related extensions...
[04:27:19] [spechunter] [Read] /home/yzs/riscv/qemu/target/riscv/cpu.c
[04:27:19] [spechunter] [Read] /home/yzs/riscv/qemu/target/riscv/csr.c
[04:27:25] [spechunter] [Grep] pattern='Smip|Ssip|Smcsps|Sscsps|push.pop|ipend|xnxti|mnxti|snxti|CS_PUSH|CS_POP'
[04:27:25] [spechunter] [Grep] pattern='smip|ssip|smcsps|sscsps|push.pop|ipend|xNxti|mnxti|snxti'
[04:27:26] [spechunter] [text] Let me also check the multi-letter extension config area and the implied ext rules for any Smip/Smcsps-related entries. ...
[04:27:26] [spechunter] [Grep] pattern='smip|smcsps|sscsps|clic'
[04:27:26] [spechunter] [Grep] pattern='smip|smcsps|sscsps|clic'
[04:27:26] [spechunter] [Grep] pattern='ext_smip|ext_ssip|ext_smcsps|ext_sscsps'
[04:27:39] [spechunter] [text] Based on exhaustive search across the entire QEMU RISC-V codebase, **none** of the affected entities (`CSR_clic_base`, `...
[04:27:39] [spechunter] [Read] /home/yzs/riscv/qemu/target/riscv/cpu_bits.h
[04:27:39] [spechunter] [Grep] pattern='MISA_EXT|SMAIA|SSAIA|SMSTATEEN|SSCOFPMF|SMCNTRPMF|CSR_MISA'
[04:27:39] [spechunter] [Grep] pattern='CSR_MSTATUS|CSR_MEPC|CSR_MCAUSE|CSR_SEPC|CSR_SCAUSE|CSR_MTVEC|CSR_STVEC'
[04:27:39] [spechunter] [Grep] pattern='clic|base'
[04:27:39] [spechunter] [Grep] pattern='smaia|ssaia|smstateen|shgatpa'
[04:27:44] [spechunter] [text] ```json {   "violation_condition": "Linux kernel probes Smip/Ssip via ISA extension discovery and enables push/pop conte...
[04:27:59] [spechunter] [TodoWrite] 6 items
[04:27:59] [spechunter] [Grep] pattern='#define RV\\w '
[04:27:59] [spechunter] [Read] /home/yzs/riscv/qemu/target/riscv/cpu_bits.h
[04:27:59] [spechunter] [Grep] pattern='push|pop|xcause|ssp'
[04:27:59] [spechunter] [Grep] pattern='push|pop'
[04:27:59] [spechunter] [Glob] **/riscv_aclint.c
[04:27:59] [spechunter] [Glob] **/riscv_*lic*
[04:28:11] [spechunter] [Grep] pattern='S(S|m)(ip|csps)'
[04:28:11] [spechunter] [Grep] pattern='CS_PUSH|CS_POP|cs_push|cs_pop'
[04:28:11] [spechunter] [Grep] pattern='miselect|siselect'
[04:28:13] [spechunter] [Grep] pattern='miselect'
[04:28:13] [spechunter] [Grep] pattern='siselect'
[04:28:13] [spechunter] [Grep] pattern='CS_PUSH'
[04:28:13] [spechunter] [Grep] pattern='CS_POP'
[04:28:13] [spechunter] [Grep] pattern='RISCV_ISA_EXT_SMIP'
[04:28:13] [spechunter] [Grep] pattern='RISCV_ISA_EXT_SSIP'
[04:28:13] [spechunter] [Grep] pattern='RISCV_ISA_EXT_SMCSPS'
[04:28:13] [spechunter] [Grep] pattern='RISCV_ISA_EXT_SSCSPS'
[04:28:23] [spechunter] [Read] /home/yzs/riscv/qemu/target/riscv/insn_trans/trans_rvzicfiss.c.inc
[04:28:23] [spechunter] [Read] /home/yzs/riscv/qemu/hw/intc/riscv_aclint.c
[04:28:23] [spechunter] [Grep] pattern='define\\s+CSR_.*PUSH|define\\s+CSR_.*POP|define\\s+CSR_.*CSP'
[04:28:23] [spechunter] [Grep] pattern='RVA22|zicfiss|zicfilp|smrnmi'
[04:28:23] [spechunter] [Grep] pattern='define\\s+IS_EXT|multi_ext_cfg|ext_status'
[04:28:34] [spechunter] [Grep] pattern='smip|ssip|smcsps|sscsps'
[04:28:34] [spechunter] [Grep] pattern='riscv_isa_extension_available'
[04:28:34] [spechunter] [Grep] pattern='push.*pop|context.*save|context.*restore'
[04:28:34] [spechunter] [Grep] pattern='SBI_EXT|RISCV_ISA_EXT'
[04:28:37] [spechunter] [Read] /home/yzs/riscv/qemu/target/riscv/cpu.c
[04:28:37] [spechunter] [Read] /home/yzs/riscv/qemu/target/riscv/csr.c
[04:28:37] [spechunter] [Grep] pattern='rmw_xcause|xcpue|push_interrupt|pop_interrupt|xcause_pushen'
[04:28:37] [spechunter] [Read] /home/yzs/riscv/qemu/target/riscv/cpu_bits.h
[04:28:37] [spechunter] [Read] /home/yzs/riscv/qemu/target/riscv/cpu_helper.c
[04:28:42] [spechunter] [Grep] pattern='smip|Smip|SMIP'
[04:28:42] [spechunter] [Grep] pattern='ssip|Ssip|SSIP'
[04:28:42] [spechunter] [Grep] pattern='smcsps|Smcsps|SMCSPS|sscsps|Sscsps|SSCSPS'
[04:28:42] [spechunter] [Grep] pattern='CSR_MISELECT|CSR_SISELECT'
[04:28:42] [spechunter] [Grep] pattern='miselect|siselect'
[04:28:42] [spechunter] [Grep] pattern='CS_PUSH|CS_POP|cs_push|cs_pop'
[04:28:42] [spechunter] [Grep] pattern='CS_PUSH|CS_POP|cs_push|cs_pop'
[04:28:42] [spechunter] [Grep] pattern='CS_PUSH|CS_POP|cs_push|cs_pop'
[04:28:48] [spechunter] [Read] /home/yzs/riscv/qemu/target/riscv/cpu_helper.c
[04:28:48] [spechunter] [Read] /home/yzs/riscv/qemu/target/riscv/machine.c
[04:28:48] [spechunter] [Grep] pattern='xcause|xcpue|x_cause|xcaus'
[04:28:48] [spechunter] [Grep] pattern='CSR_.*CLIC|clicsel|clicinfo|clicsize'
[04:28:48] [spechunter] [Grep] pattern='xpush|xpop|xcauseen|xcrpush|xcrpop'
[04:28:48] [spechunter] [Grep] pattern='CLIC|clic'
[04:28:48] [spechunter] [Grep] pattern='smip'
[04:28:48] [spechunter] [Grep] pattern='smcsps|sscsps'
[04:28:48] [spechunter] [Grep] pattern='ssip'
[04:29:07] [spechunter] [Read] /home/yzs/riscv/qemu/target/riscv/csr.c
[04:29:07] [spechunter] [Grep] pattern='riscv_csr_operations\\s+csr_ops\\b'
[04:29:07] [spechunter] [Read] /home/yzs/riscv/qemu/target/riscv/insn_trans/trans_privileged.c.inc
[04:29:07] [spechunter] [Grep] pattern='riscv_cpu_do_interrupt|cpu_do_interrupt'
[04:29:07] [spechunter] [Grep] pattern='misa_ext|misa_ext_mask'
[04:29:07] [spechunter] [Read] /home/yzs/riscv/qemu/target/riscv/csr.c
[04:29:09] [spechunter] [text] Let me also check for any CSR push/pop related code and confirm the ISA extension landscape.  
[04:29:09] [spechunter] [Grep] pattern='push|pop'
[04:29:09] [spechunter] [Grep] pattern='Smip|Ssip|Smcsps|Sscsps'
[04:29:09] [spechunter] [Grep] pattern='CSR_MISELECT|CSR_SISELECT'
[04:29:12] [spechunter] [text] No direct "Smip"/"Smcsps" strings found. These are pre-upstream extensions. Let me search semantically for the relevant ...
[04:29:12] [spechunter] [Read] /home/yzs/riscv/linux/arch/riscv/kernel/entry.S
[04:29:12] [spechunter] [Read] /home/yzs/riscv/linux/arch/riscv/kernel/cpufeature.c
[04:29:12] [spechunter] [Grep] pattern='CSR_.*PUSH|CSR_.*POP|csr_push|csr_pop'
[04:29:25] [spechunter] [Read] /home/yzs/riscv/linux/arch/riscv/kernel/entry.S
[04:29:25] [spechunter] [Read] /home/yzs/riscv/linux/arch/riscv/kvm/aia.c
[04:29:25] [spechunter] [Read] /home/yzs/riscv/linux/arch/riscv/kvm/vcpu.c
[04:29:25] [spechunter] [Grep] pattern='misa_bits|MISAExtInfo'
[04:29:25] [spechunter] [Read] /home/yzs/riscv/qemu/target/riscv/cpu.c
[04:29:25] [spechunter] [Grep] pattern='helper_sret|helper_mret'
[04:29:25] [spechunter] [Grep] pattern='interrupt|trap|intr'
[04:29:25] [spechunter] [Bash] Search git log for CLIC-related commits
[04:29:25] [spechunter] [Bash] Search git log for Smip/Ssip/Smcsps/etc commits
[04:29:29] [spechunter] [text] Let me also check for CSR push/pop and any S*csrind (indirect CSR access) support, as miselect/siselect are part of that...
[04:29:29] [spechunter] [Grep] pattern='csrind|Smcsrind|Sscsrind'
[04:29:29] [spechunter] [Grep] pattern='CSR_IREG|ireg[0-9]|IREG[0-9]'
[04:29:29] [spechunter] [Grep] pattern='CSR_IREG|ireg[0-9]|IREG[0-9]'
[04:29:29] [spechunter] [Grep] pattern='MISELECT|SISELECT|miselect|siselect'
[04:29:35] [spechunter] [Read] /home/yzs/riscv/qemu/target/riscv/op_helper.c
[04:29:35] [spechunter] [Read] /home/yzs/riscv/qemu/target/riscv/cpu.c
[04:29:35] [spechunter] [Read] /home/yzs/riscv/qemu/target/riscv/cpu.c
[04:29:35] [spechunter] [Grep] pattern='riscv_cpu_interrupt|cpu_interrupt|update_mip'
[04:29:35] [spechunter] [Read] /home/yzs/riscv/qemu/target/riscv/cpu_helper.c
[04:29:42] [spechunter] [Grep] pattern='push|pop'
[04:29:42] [spechunter] [Grep] pattern='CSR_MIREG|CSR_SIREG'
[04:29:42] [spechunter] [Grep] pattern='riscv_isa_extension_available.*Sm'
[04:29:49] [spechunter] [TodoWrite] 6 items
[04:29:54] [spechunter] [Read] /home/yzs/riscv/qemu/target/riscv/cpu_helper.c
[04:29:54] [spechunter] [Read] /home/yzs/riscv/qemu/target/riscv/cpu_cfg_fields.h.inc
[04:29:54] [spechunter] [Grep] pattern='smip|smcsps|smcsp'
[04:29:54] [spechunter] [Grep] pattern='clic|cause_pushen|cause_push'
[04:29:54] [spechunter] [Grep] pattern='CPU_INTERRUPT_HARD|CPU_INTERRUPT_RNMI'
[04:29:54] [spechunter] [Bash] Search git log for push/pop related RISC-V commits
[04:30:09] [spechunter] [Read] /home/yzs/riscv/qemu/target/riscv/cpu_helper.c
[04:30:09] [spechunter] [Grep] pattern='CLIC|clic_interrupt|clicintctl|cliccfg|clichartinfo|clicinfo'
[04:30:09] [spechunter] [Grep] pattern='xnxti|xselect|smaia|ssaia|imsic|imsic_addr'
[04:30:09] [spechunter] [Grep] pattern='CPU_INTERRUPT_HARD'
[04:30:09] [spechunter] [Bash] List insn_trans directory
[04:30:09] [spechunter] [Grep] pattern='mret|sret|mnret|uret'
[04:30:15] [spechunter] [text] ```json {   "locations": [     {       "file_path": "arch/riscv/include/asm/csr.h",       "function_name": null,       "...
[04:30:22] [spechunter] [Grep] pattern='CSR_MISELECT|CSR_SISELECT|CSR_VSISELECT'
[04:30:22] [spechunter] [Grep] pattern='CSR_MIREG|CSR_SIREG|CSR_VSIREG'
[04:30:22] [spechunter] [Grep] pattern='indirect.*csr|csr.*indirect|miselect|siselect'
[04:30:29] [spechunter] [Bash] List local branches
[04:30:29] [spechunter] [Grep] pattern='hsstatus|vsie|vsip'
[04:30:29] [spechunter] [Read] /home/yzs/riscv/qemu/target/riscv/csr.c
[04:30:29] [spechunter] [Grep] pattern='mtval2|mtinst'
[04:30:29] [spechunter] [Read] /home/yzs/riscv/qemu/target/riscv/csr.c
[04:30:37] [spechunter] [Read] /home/yzs/riscv/linux/arch/riscv/kvm/vcpu_onereg.c
[04:30:37] [spechunter] [Read] /home/yzs/riscv/linux/arch/riscv/kvm/aia_imsic.c
[04:32:09] [spechunter] [text] Now let me look at the ISA extension string parsing and the `ALTERNATIVE()` usage patterns that would be the actual temp...
[04:32:09] [spechunter] [Grep] pattern='riscv_isa_ext'
[04:32:09] [spechunter] [Grep] pattern='ALTERNATIVE\\('
[04:32:18] [spechunter] [Read] /home/yzs/riscv/linux/arch/riscv/kernel/cpufeature.c
[04:32:18] [spechunter] [Grep] pattern='ALTERNATIVE\\('
[04:32:40] [spechunter] [text] 好的，探索结果显示这些扩展尚未实现。现在让我深入调查 **扩展依赖验证机制**——当添加 Smip/Smcsps 时，依赖检查的代码位置。  
[04:32:40] [spechunter] [Agent] description, prompt
[04:32:40] [spechunter] [Agent] description, prompt
[04:32:40] [spechunter] [Agent] description, prompt
[04:32:51] [spechunter] [text] Prompt is too long
[04:33:03] [spechunter] [Read] /home/yzs/riscv/qemu/target/riscv/tcg/tcg-cpu.c
[04:33:03] [spechunter] [Grep] pattern='riscv_cpu_validate_set_extensions|riscv_cpu_validate'
[04:33:03] [spechunter] [Grep] pattern='depend|depends_on|prerequisite'
[04:33:03] [spechunter] [Grep] pattern='isa_edata_arr'
[04:33:03] [spechunter] [Grep] pattern='smrnmi|smdbltrp'
[04:33:03] [spechunter] [Grep] pattern='smcsps|smip'
[04:33:03] [spechunter] [Read] /home/yzs/riscv/qemu/target/riscv/cpu_helper.c
[04:33:03] [spechunter] [Grep] pattern='riscv_cpu_do_interrupt'
[04:33:03] [spechunter] [Grep] pattern='push|pop|context.save|automatic.save'
[04:33:03] [spechunter] [Grep] pattern='nmie|rnmi|RNMI'
[04:33:03] [spechunter] [Grep] pattern='WARL|warl'
[04:33:10] [spechunter] [Grep] pattern='static int write_mcause'
[04:33:10] [spechunter] [Grep] pattern='static int write_scause'
[04:33:10] [spechunter] [Grep] pattern='MCAUSE_|SCAUSE_|mcause|scause'
[04:33:10] [spechunter] [Grep] pattern='mepc|mcause|sepc|scause|mstatus'
[04:33:10] [spechunter] [Bash] Check if gdbstub.c exists
[04:33:10] [spechunter] [Bash] List kvm directory
[04:33:10] [spechunter] [Grep] pattern='env->mcause\\s*=|riscv_cpu_set_fflags|mcause|scause'
[04:33:17] [spechunter] [Agent] description, subagent_type
[04:33:17] [spechunter] [Agent] description, subagent_type
[04:33:20] [spechunter] [Read] /home/yzs/riscv/qemu/target/riscv/cpu_helper.c
[04:33:20] [spechunter] [Grep] pattern='WARL|warl'
[04:33:27] [spechunter] [Grep] pattern='riscv_cpu_validate_set_extensions|static void.*validate'
[04:33:27] [spechunter] [Grep] pattern='isa_edata_arr'
[04:33:27] [spechunter] [Grep] pattern='ext_smrnmi|ext_smdbltrp|ext_sscofpmf|ext_smaia|ext_ssaia|ext_sstc'
[04:33:27] [spechunter] [Grep] pattern='sm.*requires|sm.*depend|S-mode.*M-mode|requires.*extension'
[04:33:27] [spechunter] [Grep] pattern='ISA_EXT_DATA_ENTRY'
[04:33:34] [spechunter] [Read] /home/yzs/riscv/qemu/target/riscv/csr.c
[04:33:34] [spechunter] [Read] /home/yzs/riscv/qemu/target/riscv/csr.c
[04:33:34] [spechunter] [Read] /home/yzs/riscv/qemu/target/riscv/csr.c
[04:33:34] [spechunter] [Read] /home/yzs/riscv/qemu/target/riscv/machine.c
[04:33:34] [spechunter] [Read] /home/yzs/riscv/qemu/target/riscv/machine.c
[04:33:34] [spechunter] [Grep] pattern='CAUSE_|mcause|scause'
[04:33:34] [spechunter] [Read] /home/yzs/riscv/qemu/target/riscv/gdbstub.c
[04:33:34] [spechunter] [Read] /home/yzs/riscv/qemu/target/riscv/kvm/kvm-cpu.c
[04:33:37] [spechunter] [Grep] pattern='riscv_do_nmi'
[04:33:37] [spechunter] [Grep] pattern='atomically|automatic'
[04:33:37] [spechunter] [Grep] pattern='xcause|mtval2|stval|mtinst|htinst'
[04:33:42] [spechunter] [Grep] pattern='smip'
[04:33:42] [spechunter] [Grep] pattern='Smip'
[04:33:42] [spechunter] [Grep] pattern='SMIP'
[04:33:42] [spechunter] [Grep] pattern='SMIP'
[04:33:42] [spechunter] [Grep] pattern='SMIP'
[04:33:42] [spechunter] [Grep] pattern='smip'
[04:33:49] [spechunter] [Grep] pattern='cause|CAUSE'
[04:33:49] [spechunter] [Grep] pattern='mcause\\s*=|env->mcause'
[04:33:49] [spechunter] [Grep] pattern='scause\\s*=|env->scause'
[04:33:49] [spechunter] [Grep] pattern='riscv_csrrw_debug'
[04:33:50] [spechunter] [Grep] pattern='Smip'
[04:33:50] [spechunter] [Grep] pattern='Smcsps'
[04:33:50] [spechunter] [Grep] pattern='SMIP'
[04:33:50] [spechunter] [Grep] pattern='SMCSPS'
[04:33:50] [spechunter] [Grep] pattern='Smip|Smcsps|smip|smcsps'
[04:33:50] [spechunter] [Bash] Search git log for commits mentioning Smip
[04:33:50] [spechunter] [Bash] Search git log for commits mentioning Smcsps
[04:33:52] [spechunter] [Read] /home/yzs/riscv/qemu/target/riscv/tcg/tcg-cpu.c
[04:33:52] [spechunter] [Read] /home/yzs/riscv/qemu/target/riscv/tcg/tcg-cpu.c
[04:33:52] [spechunter] [Grep] pattern='isa_ext_update_enabled|isa_ext_is_enabled'
[04:33:52] [spechunter] [Grep] pattern='ext_smaia|ext_ssaia|ext_sstc|ext_sscofpmf|ext_smstateen|ext_ssstateen'
[04:33:52] [spechunter] [Grep] pattern='ext_smip|ext_smcsps'
[04:33:59] [spechunter] [Read] /home/yzs/riscv/qemu/target/riscv/cpu_helper.c
[04:33:59] [spechunter] [Grep] pattern='mcause|scause'
[04:33:59] [spechunter] [Grep] pattern='write_mcause|write_scause|read_mcause|read_scause'
[04:34:00] [spechunter] [Read] /home/yzs/riscv/qemu/target/riscv/cpu_bits.h
[04:34:00] [spechunter] [Read] /home/yzs/riscv/qemu/target/riscv/cpu_helper.c
[04:34:00] [spechunter] [Read] /home/yzs/riscv/qemu/target/riscv/cpu_helper.c
[04:34:00] [spechunter] [Read] /home/yzs/riscv/qemu/target/riscv/cpu_helper.c
[04:34:00] [spechunter] [Grep] pattern='riscv_csrrw_debug'
[04:34:00] [spechunter] [Read] /home/yzs/riscv/qemu/target/riscv/cpu.c
[04:34:06] [spechunter] [Read] /home/yzs/riscv/qemu/target/riscv/csr.c
[04:34:06] [spechunter] [Grep] pattern='static RISCVException write_mstatus'
[04:34:06] [spechunter] [Grep] pattern='static RISCVException write_mepc'
[04:34:09] [spechunter] [Grep] pattern='RISCV_ISA_SM'
[04:34:09] [spechunter] [Grep] pattern='\\bSM[A-Z]'
[04:34:09] [spechunter] [Grep] pattern='\\bSM[A-Z]'
[04:34:13] [spechunter] [Read] /home/yzs/riscv/qemu/target/riscv/csr.c
[04:34:13] [spechunter] [Grep] pattern='get_xepc_mask'
[04:34:13] [spechunter] [Read] /home/yzs/riscv/qemu/target/riscv/csr.c
[04:34:15] [spechunter] [Grep] pattern='implied_rule|riscv_cpu_implied_rule|ext_implied'
[04:34:15] [spechunter] [Grep] pattern='MULTI_EXT_CFG_BOOL'
[04:34:15] [spechunter] [Grep] pattern='isa_ext_update_enabled|isa_ext_is_enabled'
[04:34:15] [spechunter] [Grep] pattern='BOOL_FIELD'
[04:34:19] [spechunter] [Read] /home/yzs/riscv/qemu/target/riscv/internals.h
[04:34:19] [spechunter] [Read] /home/yzs/riscv/linux/arch/riscv/kernel/cpufeature.c
[04:34:19] [spechunter] [Grep] pattern='RISCV_ISA_'
[04:34:19] [spechunter] [Grep] pattern='smip|SMIP|smcsps|SMCSPS|Smip|Smcsps'
[04:34:19] [spechunter] [Grep] pattern='RISCV_ISA_SM'
[04:34:19] [spechunter] [Bash] Show recent git log to gauge recency of the tree
[04:34:24] [spechunter] [Grep] pattern='TODO|FIXME|XXX|HACK'
[04:34:24] [spechunter] [Grep] pattern='get_xepc_mask'
[04:34:24] [spechunter] [Grep] pattern='riscv_cpu_set_mode'
[04:34:28] [spechunter] [Grep] pattern='s-mode memory isolation|indirect csr|smmpm|smmpm|smmtt'
[04:34:28] [spechunter] [Grep] pattern='RISC-V.*extension.*[Ss][Mm]'
[04:34:28] [spechunter] [Bash] List Documentation/riscv directory
[04:34:33] [spechunter] [Grep] pattern='RISCV_ISA_EXT_S(M|C)'
[04:34:33] [spechunter] [Grep] pattern='smip|smcsps|Smip|Smcsps|SMIP|SMCSPS'
[04:34:33] [spechunter] [Glob] **/riscv/isa-extensions*
[04:34:33] [spechunter] [Bash] Check recent changes to RISC-V Kconfig and cpufeature.c
[04:34:35] [spechunter] [Read] /home/yzs/riscv/qemu/target/riscv/tcg/tcg-cpu.c
[04:34:35] [spechunter] [Grep] pattern='riscv_multi_ext_implied_rules|riscv_misa_ext_implied_rules'
[04:34:35] [spechunter] [Grep] pattern='smaia.*ssaia|ssaia.*smaia|smstateen.*ssstateen'
[04:34:35] [spechunter] [Grep] pattern='smaia|ssaia|smstateen|ssstateen'
[04:34:39] [spechunter] [Bash] List RISC-V documentation directory
[04:34:39] [spechunter] [Grep] pattern='smmpm|smmpm|smmtt|smmpm|smcdeleg|smcntr'
[04:34:46] [spechunter] [Read] /home/yzs/riscv/linux/arch/riscv/include/asm/hwcap.h
[04:34:46] [spechunter] [Grep] pattern='config RISCV_ISA_S'
[04:34:46] [spechunter] [Grep] pattern='RISCV_ISA_EXT_SM'
[04:34:46] [spechunter] [Grep] pattern='Smip|Smcsps'
[04:34:46] [spechunter] [Bash] Check the earliest commits for RISC-V key files
[04:34:50] [spechunter] [Read] /home/yzs/riscv/qemu/target/riscv/cpu_helper.c
[04:34:50] [spechunter] [Grep] pattern='xcause'
[04:34:50] [spechunter] [Grep] pattern='write_mnepc|write_mncause|read_mnepc|read_mncause|write_mnstatus|read_mnstatus|write_mnscratch|read_mnscratch'
[04:34:50] [spechunter] [Read] /home/yzs/riscv/qemu/target/riscv/internals.h
[04:34:50] [spechunter] [Grep] pattern='legalize'
[04:34:55] [spechunter] [Grep] pattern='riscv_multi_ext_implied_rules|riscv_misa_ext_implied_rules'
[04:34:55] [spechunter] [Grep] pattern='RISCVCPUImpliedExtsRule'
[04:34:55] [spechunter] [Read] /home/yzs/riscv/qemu/target/riscv/cpu.c
[04:34:55] [spechunter] [Grep] pattern='CPU_CFG_OFFSET'
[04:34:55] [spechunter] [Bash] List all branches to check for smip/smcsps work
[04:34:55] [spechunter] [Bash] Check the specific commit this kernel is at
[04:35:01] [spechunter] [Read] /home/yzs/riscv/qemu/target/riscv/csr.c
[04:35:01] [spechunter] [Grep] pattern='riscv_cpu_swap_hypervisor_regs'
[04:35:02] [spechunter] [Read] /home/yzs/riscv/qemu/target/riscv/cpu.c
[04:35:02] [spechunter] [Read] /home/yzs/riscv/qemu/target/riscv/tcg/tcg-cpu.c
[04:35:02] [spechunter] [Grep] pattern='cpu_cfg_ext_auto_update'
[04:35:07] [spechunter] [Grep] pattern='mnret|rnmi_handler|nmi_ret'
[04:35:07] [spechunter] [Grep] pattern='sret|mret'
[04:35:13] [spechunter] [Read] /home/yzs/riscv/qemu/target/riscv/op_helper.c
[04:35:16] [spechunter] [Read] /home/yzs/riscv/qemu/target/riscv/tcg/tcg-cpu.c
[04:35:16] [spechunter] [Grep] pattern='SSTC_IMPLIED|SMAIA_IMPLIED|SSAIA_IMPLIED|SMSTATEEN_IMPLIED|SSSTATEEN_IMPLIED|SMDBLTRP_IMPLIED|SSDBLTRP_IMPLIED'
[04:35:16] [spechunter] [Grep] pattern='RISCV_IMPLIED_EXTS_RULE'
[04:35:16] [spechunter] [Grep] pattern='RISCV_IMPLIED_EXTS_RULE'
[04:35:24] [spechunter] [Grep] pattern='SSCFG_IMPLIED'
[04:35:24] [spechunter] [Read] /home/yzs/riscv/qemu/target/riscv/cpu.c
[04:35:24] [spechunter] [Grep] pattern='implied_misa_exts.*RVS|RVS.*implied'
[04:35:43] [spechunter] [Read] /home/yzs/riscv/qemu/target/riscv/cpu.c
[04:35:43] [spechunter] [Read] /home/yzs/riscv/qemu/target/riscv/tcg/tcg-cpu.c
[04:35:43] [spechunter] [Read] /home/yzs/riscv/qemu/target/riscv/cpu.c
[04:35:43] [spechunter] [Grep] pattern='MIP_IMPLIED|SMIP_IMPLIED|SMCSP_IMPLIED|SMCSPS_IMPLIED'
[04:35:56] [spechunter] [Read] /home/yzs/riscv/qemu/target/riscv/tcg/tcg-cpu.c
[04:35:56] [spechunter] [Grep] pattern='smaia.*ssaia|ssaia.*smaia'
[04:35:56] [spechunter] [Grep] pattern='smaia|ssaia'
[04:35:56] [spechunter] [Grep] pattern='smstateen.*ssstateen|ext_ssstateen.*ext_smstateen'
[04:35:56] [spechunter] [Grep] pattern='smaia'
[04:36:15] [spechunter] [Grep] pattern='smaia|ssaia'
[04:36:15] [spechunter] [Grep] pattern='cpu_cfg_ext_get_min_version'
[04:36:15] [spechunter] [Grep] pattern='smcntrpmf.*sscofpmf|sscofpmf.*smcntrpmf|smcntrpmf'
[04:36:15] [spechunter] [Grep] pattern='smcsrind.*sscsrind'
[04:36:27] [spechunter] [Grep] pattern='SMCNTRPMF_IMPLIED|SSCOFPMF_IMPLIED'
[04:36:27] [spechunter] [Grep] pattern='smip|smcsps|Smip|Smcsps'
[04:36:27] [spechunter] [Read] /home/yzs/riscv/qemu/target/riscv/tcg/tcg-cpu.c
[04:36:55] [spechunter] [Grep] pattern='riscv_cpu_add_user_properties'
[04:36:55] [spechunter] [Grep] pattern='riscv_init_max_cpu_extensions'
[04:37:06] [spechunter] [text] Based on thorough cross-validation against the PR context, here is my analysis.  ## Key Finding  **Neither "Smip" nor "S...
[04:37:18] [spechunter] [Agent] description, prompt
[04:37:42] [spechunter] [Grep] pattern='Smip|Ssip'
[04:37:42] [spechunter] [Grep] pattern='Smcsps|Sscsps'
[04:37:42] [spechunter] [Grep] pattern='CS_PUSH|CS_POP'
[04:37:42] [spechunter] [Grep] pattern='push.*pop.*csr|save.*restore.*push|context.*save.*push|context.*restore.*pop'
[04:38:06] [spechunter] [Grep] pattern='riscv_isa_extension_available'
[04:38:06] [spechunter] [Grep] pattern='RISCV_ISA_EXT'
[04:38:06] [spechunter] [Grep] pattern='CS_PUSH|CS_POP'
[04:38:06] [spechunter] [Grep] pattern='has_cs_push|has_cs_pop|csr.*push|csr.*pop|cspush|cspop'
[04:38:06] [spechunter] [Grep] pattern='__riscv_cfi|cfi_bpr|CFI_BPR|ssctch|SSCTCH|Sscp|SSCP|Smcp|SMCP|Sscf|SSCF'
[04:38:18] [spechunter] [Grep] pattern='CFI|shadow.stack|shadow_stack|zicfiss|ZICFISS|SSCSRIND|SVCRS|CSR_SSP|CSR_SCSRIND'
[04:38:18] [spechunter] [Read] /home/yzs/riscv/linux/arch/riscv/include/asm/hwcap.h
[04:38:18] [spechunter] [Read] /home/yzs/riscv/linux/arch/riscv/kernel/cpufeature.c
[04:38:19] [spechunter] [text] Now let me verify a few specific code locations to get precise line numbers.  
[04:38:19] [spechunter] [Read] /home/yzs/riscv/qemu/target/riscv/tcg/tcg-cpu.c
[04:38:19] [spechunter] [Read] /home/yzs/riscv/qemu/target/riscv/tcg/tcg-cpu.c
[04:38:19] [spechunter] [Read] /home/yzs/riscv/qemu/target/riscv/tcg/tcg-cpu.c
[04:38:27] [spechunter] [Read] /home/yzs/riscv/qemu/target/riscv/tcg/tcg-cpu.c
[04:38:27] [spechunter] [Read] /home/yzs/riscv/qemu/target/riscv/tcg/tcg-cpu.c
[04:38:32] [spechunter] [Read] /home/yzs/riscv/qemu/target/riscv/cpu.c
[04:38:32] [spechunter] [Read] /home/yzs/riscv/qemu/target/riscv/cpu.c
[04:38:32] [spechunter] [Read] /home/yzs/riscv/qemu/target/riscv/cpu_helper.c
[04:38:32] [spechunter] [Glob] arch/riscv/include/asm/usercfi.h
[04:38:32] [spechunter] [Glob] arch/riscv/kernel/*usercfi*
[04:38:32] [spechunter] [Glob] arch/riscv/kernel/*signal*
[04:38:32] [spechunter] [Grep] pattern='SSP|ssp|CSR_SSP|CSRC_SSP|_ssp'
[04:38:43] [spechunter] [Read] /home/yzs/riscv/linux/arch/riscv/include/asm/usercfi.h
[04:38:43] [spechunter] [Read] /home/yzs/riscv/linux/arch/riscv/kernel/usercfi.c
[04:38:43] [spechunter] [Read] /home/yzs/riscv/linux/arch/riscv/kernel/entry.S
[04:38:44] [spechunter] [Read] /home/yzs/riscv/qemu/target/riscv/cpu_helper.c
[04:38:44] [spechunter] [Read] /home/yzs/riscv/qemu/target/riscv/cpu_helper.c
[04:38:53] [spechunter] [Grep] pattern='CSR_SSP|CSR_SVCRS|ENVCFG_SSE|ENVCFG_LPE|SR_ELP'
[04:38:53] [spechunter] [Grep] pattern='cpu_supports_shadow_stack|cpu_supports_indirect_br_lp_instr'
[04:38:53] [spechunter] [Read] /home/yzs/riscv/linux/arch/riscv/kernel/signal.c
[04:38:54] [spechunter] [Read] /home/yzs/riscv/qemu/target/riscv/cpu_cfg_fields.h.inc
[04:38:54] [spechunter] [Read] /home/yzs/riscv/qemu/target/riscv/machine.c
[04:39:01] [spechunter] [Grep] pattern='ext_smrnmi|ext_smdbltrp|ext_ssdbltrp|ext_smctr|ext_smcdeleg'
[04:39:01] [spechunter] [Read] /home/yzs/riscv/qemu/target/riscv/tcg/tcg-cpu.c
[04:39:02] [spechunter] [Grep] pattern='TASK_TI_USER_SSP|user_cfi_state|USER_SSP'
[04:39:02] [spechunter] [Grep] pattern='RISCV_ZICFISS_MAGIC|__sc_riscv_cfi_state|ssamoswap'
[04:39:02] [spechunter] [Read] /home/yzs/riscv/linux/arch/riscv/include/asm/cpufeature.h
[04:39:02] [spechunter] [Read] /home/yzs/riscv/linux/arch/riscv/kernel/suspend.c
[04:39:06] [spechunter] [Read] /home/yzs/riscv/qemu/target/riscv/cpu.c
[04:39:06] [spechunter] [Grep] pattern='ext_ssdbltrp|ext_sscofpmf|ext_ssstateen|ext_sscsrind|ext_ssccfg'
[04:39:15] [spechunter] [Read] /home/yzs/riscv/linux/arch/riscv/include/uapi/asm/sigcontext.h
[04:39:15] [spechunter] [Read] /home/yzs/riscv/linux/arch/riscv/include/uapi/asm/ptrace.h
[04:39:15] [spechunter] [Grep] pattern='do_trap_software_check|handle_user_cfi_violation|CFI_TVAL'
[04:39:15] [spechunter] [Read] /home/yzs/riscv/linux/arch/riscv/kernel/process.c
[04:39:21] [spechunter] [Grep] pattern='ext_smcsrind'
[04:39:21] [spechunter] [Read] /home/yzs/riscv/qemu/target/riscv/csr.c
[04:39:54] [spechunter] [Grep] pattern='thread\\.envcfg|envcfg'
[04:39:54] [spechunter] [Grep] pattern='SMIP|SSIP|SMCSPS|SSCSPS'
[04:39:54] [spechunter] [Grep] pattern='pushp|popp|c\\.push|c\\.pop'
[04:40:14] [spechunter] [text] Now I have all the data needed. Let me compile the final report.  ```json {   "vulnerability": "Smip/Ssip advertised wit...
[04:40:31] [spechunter] [text] The slow-path results are all empty/null entries — no actual locations were returned. Let me investigate the codebase to...
[04:40:31] [spechunter] [Grep] pattern='smip|Smip|SMIP|smcsps|Smcsps|SMCSPS'
[04:40:31] [spechunter] [Grep] pattern='smip|Smip|SMIP'
[04:40:42] [spechunter] [Grep] pattern='Smip|smip'
[04:40:42] [spechunter] [Grep] pattern='Smcsps|smcsps'
[04:40:42] [spechunter] [Grep] pattern='smstateen|Smstateen|mstateen|sstateen|hstateen'
[04:41:07] [spechunter] [Grep] pattern='interrupt.priority|IRQ.*priority|prio.*interrupt|miph|MIPH|miph'
[04:41:07] [spechunter] [Grep] pattern='shadow.stack|ShadowStack|shadow_stack|Zicfiss|Smcsrind'
[04:41:07] [spechunter] [Grep] pattern='ext_smip|ext_smsc|smip|smscsps|Smscsps'
[04:41:19] [spechunter] [Grep] pattern='Smcsrind|Smcdeleg|Sscsrind|Smcsp|Smrnmi'
[04:41:19] [spechunter] [Grep] pattern='ext_icsr|ext_iflush|ext_sm.*='
[04:41:19] [spechunter] [Grep] pattern='\\"Smip\\"|\\"Smcsp\\"|\\"Smscsp\\"|\\"Sscsp\\"'
[04:41:34] [spechunter] [Grep] pattern='smaia|aia|iprio|interrupt.*priorit'
[04:41:34] [spechunter] [Grep] pattern='smcsrind|Smcsrind|ext_smcsrind'
[04:41:49] [spechunter] [Bash] Check recent git history for Smip/Smcsps related commits
[04:41:49] [spechunter] [Grep] pattern='aia|AIA|Smaia|Ssmaia'
[04:42:05] [spechunter] [Grep] pattern='smaia|ssaia|ext_smaia|ext_ssaia'
[04:42:05] [spechunter] [Grep] pattern='ISELECT_MASK_AIA|SMSTATEEN0_AIA|SMSTATEEN0_IMSIC'
[04:42:05] [spechunter] [Grep] pattern='interrupt.*prio|iprio.*ext|miprio|siprio|hviprio'
[04:42:08] [spechunter] [text] Let me search directly for the relevant code patterns.  
[04:42:08] [spechunter] [Grep] pattern='Smip|Ssip|Smcsps|Sscsps'
[04:42:08] [spechunter] [Grep] pattern='CS_PUSH|CS_POP'
[04:42:08] [spechunter] [Grep] pattern='Smip|Ssip|Smcsps|Sscsps'
[04:42:23] [spechunter] [text] The literal strings aren't found. Let me search for the actual code patterns that would use these extensions - the inter...
[04:42:23] [spechunter] [Grep] pattern='riscv_isa_extension_available'
[04:42:23] [spechunter] [Grep] pattern='RISCV_ISA_EXT.*[Pp]ush|[Pp]op'
[04:42:23] [spechunter] [Grep] pattern='push.*pop|pop.*push'
[04:42:23] [spechunter] [Bash] List branches for any Smip/Smcsps related branches
[04:42:23] [spechunter] [Grep] pattern='SMSTATEEN0_IMSIC|SMSTATEEN0_AIA'
[04:42:23] [spechunter] [Grep] pattern='\\"Smaia\\"|\\"Ssmaia\\"|\\"smaia\\"|\\"ssaia\\"'
[04:42:40] [spechunter] [text] Let me check for any pending changes or patches related to this PR.  
[04:42:40] [spechunter] [Bash] Check all branches recent commits
[04:42:40] [spechunter] [Bash] List all branches
[04:42:40] [spechunter] [Grep] pattern='smip|smcsps|cs_push|cs_pop|CSR_PUSH|CSR_POP'
[04:42:46] [spechunter] [text] Now let me read the key files that would be relevant for adding new RISC-V machine-level extensions (Smip/Smcsps) to und...
[04:42:46] [spechunter] [Read] /home/yzs/riscv/qemu/target/riscv/cpu_cfg_fields.h.inc
[04:42:46] [spechunter] [Read] /home/yzs/riscv/qemu/target/riscv/cpu.c
[04:42:52] [spechunter] [text] The string "smip" only matches an unrelated media driver. Let me look more carefully at the code locations that would be...
[04:42:52] [spechunter] [Bash] Check riscv-for-linus tag changes
[04:42:52] [spechunter] [Bash] Search for Smip/Smcsps in kernel git log
[04:43:01] [spechunter] [text] Let me check if there's a pending PR or recent activity around these extensions.  
[04:43:01] [spechunter] [Bash] Search commit history for Smip/Smcsps mentions
[04:43:01] [spechunter] [Bash] Search for interrupt priority related commits
[04:43:10] [spechunter] [Bash] Check linux-next for Smip/Smcsps patches
[04:43:10] [spechunter] [Bash] Check latest riscv commits in linux-next
[04:43:10] [spechunter] [Bash] Diff between mainline and linux-next for arch/riscv
[04:43:23] [spechunter] [Bash] Check for stash or uncommitted changes that could be the PR
[04:43:23] [spechunter] [Grep] pattern='RISCVCPUImpliedExtsRule'
[04:43:28] [spechunter] [text] Let me check the linux-next tree for the Smip patches that are the subject of this PR.  
[04:43:28] [spechunter] [Bash] Check linux-next cpufeature.h for Smip/Smcsps
[04:43:28] [spechunter] [Bash] Check what's pending in linux-next for asm headers
[04:43:28] [spechunter] [Bash] Check pending linux-next changes in kernel entry/traps
[04:43:35] [spechunter] [text] Let me look at the mainline code for the actual interrupt entry/exit paths and CSR save/restore patterns, since the Smip...
[04:43:35] [spechunter] [Read] /home/yzs/riscv/linux/arch/riscv/kernel/entry.S
[04:43:35] [spechunter] [Read] /home/yzs/riscv/linux/arch/riscv/kernel/traps.c
[04:43:53] [spechunter] [text] Let me check the linux-next tree for these extensions more carefully.  
[04:43:53] [spechunter] [Bash] Search linux-next hwcap.h for Smip/Smcsps
[04:43:53] [spechunter] [Bash] Search linux-next commits for Smip/Smcsps
[04:43:53] [spechunter] [Bash] Diff mainline vs linux-next for Smip keywords
[04:43:54] [spechunter] [text] Now let me verify the current state of these extensions in the codebase to understand if this is a net-new addition or a...
[04:43:54] [spechunter] [Grep] pattern='ext_smip|ext_smcsps|ext_smscps'
[04:43:54] [spechunter] [Read] /home/yzs/riscv/qemu/target/riscv/cpu.c
[04:44:10] [spechunter] [text] Let me check for the RISCV_ISA_EXT definitions to see if these extensions are defined anywhere.  
[04:44:10] [spechunter] [Bash] Check linux-next hwcap.h size
[04:44:10] [spechunter] [Bash] Check linux-next ISA ext definitions
[04:44:25] [spechunter] [text] Let me check if there are any pending patches in the tmp directory that might be relevant.  
[04:44:25] [spechunter] [Bash] List tmp directory
[04:44:25] [spechunter] [Bash] Check for patch files in tmp
[04:44:33] [spechunter] [text] Let me check the review locations file that was already generated, which should tell us which code locations to analyze....
[04:44:33] [spechunter] [Read] /home/yzs/riscv/linux/tmp/review-v2-locations.json
[04:44:33] [spechunter] [text] Since neither `ext_smip` nor `ext_smcsps` exists in the codebase yet, this PR is adding new RISC-V machine/supervisor-le...
[04:44:46] [spechunter] [text] Let me look for the Smip-related audit and patch context more specifically.  
[04:44:46] [spechunter] [Read] /home/yzs/riscv/linux/tmp/pr668_audit.json
[04:44:46] [spechunter] [Grep] pattern='smip|Smip|SMIP|smcsps|Smcsps|SMCSPS|cs_push|CS_PUSH|cs_pop|CS_POP'
[04:44:46] [spechunter] [text] I'll read all the specified code locations to perform the security audit. Let me start with the main files.  
[04:44:46] [spechunter] [Grep] pattern='Smip|Ssip|Smcsps|Sscsps|smip|ssip|smcsps|sscsps'
[04:44:46] [spechunter] [Grep] pattern='mclicbase|xcause|CLIC.*push|clic.*push|xcsps'
[04:44:57] [spechunter] [text] Let me search more broadly across the entire QEMU codebase.  
[04:44:57] [spechunter] [Grep] pattern='Smip|Ssip|Smcsps|Sscsps'
[04:44:57] [spechunter] [Grep] pattern='mclicbase|xcause|xcsps'
[04:44:57] [spechunter] [Grep] pattern='clic.*push|CLIC.*push'
[04:45:03] [spechunter] [Grep] pattern='smip|smcsps|sscsps|cs_push|cs_pop|csr_push|csr_pop'
[04:45:03] [spechunter] [Bash] Check hwcap.h commit history
[04:45:11] [spechunter] [text] Let me search for CLIC-related and interrupt push/pop related code.    
[04:45:11] [spechunter] [Grep] pattern='clic'
[04:45:11] [spechunter] [Grep] pattern='misa.*Sm|misa.*Ss'
[04:45:11] [spechunter] [Grep] pattern='ext_smip|ext_ssip|ext_smcsps|ext_sscsps'
[04:45:25] [spechunter] [text] Let me check the linux-next tree more thoroughly for these extensions and also search for any pending RISCV_ISA_EXT defi...
[04:45:25] [spechunter] [Bash] Count ISA ext definitions in linux-next
[04:45:25] [spechunter] [Bash] Search linux-next hwcap.h for Smip/Smcsps
[04:45:25] [spechunter] [Bash] Check for push/pop context save in recent commits
[04:45:27] [spechunter] [text] Let me check how RISC-V extensions are defined and enabled in QEMU, and search for any interrupt-related push/pop mechan...
[04:45:27] [spechunter] [Grep] pattern='push|pop.*CS|context.*save|context.*restore'
[04:45:27] [spechunter] [Grep] pattern='ext_icsr|icsr|ICSR|INTRCTL'
[04:45:27] [spechunter] [Grep] pattern='RISCV_CPU_CFG_REG_EXT|multi_letter.*ext|isa_ext_update|ext_S'
[04:45:36] [spechunter] [text] Let me search for the actual patch/patch series being reviewed.  
[04:45:36] [spechunter] [Bash] Search for context save/push-pop patches
[04:45:36] [spechunter] [WebSearch] linux kernel RISC-V Smip Smcsps CS_PUSH CS_POP context save restore patch 2026
[04:45:45] [spechunter] [Grep] pattern='ext_icsr|CSR_INTRCTL|CSR_MIP|interrupt.*push|irq.*push'
[04:45:45] [spechunter] [Glob] target/riscv/cpu_cfg_fields.h*
[04:45:45] [spechunter] [Grep] pattern='multi_letter_extensions|multi_ext'
[04:45:55] [spechunter] [text] Let me verify the complete absence of these extensions by checking the multi-letter extension listings and implied exten...
[04:45:55] [spechunter] [Read] /home/yzs/riscv/qemu/target/riscv/cpu_cfg_fields.h.inc
[04:45:55] [spechunter] [Grep] pattern='RISCV_IMPLIED_EXTS_RULE|implied.*multi'
[04:45:57] [spechunter] [text] Let me search for related extension dependency patterns in the kernel and look at how the extension discovery system wor...
[04:45:57] [spechunter] [Read] /home/yzs/riscv/linux/arch/riscv/include/asm/hwcap.h
[04:45:57] [spechunter] [Grep] pattern='RISCV_ISA_EXT.*_DEP|depends_on|dependency'
[04:46:04] [spechunter] [text] Now let me check the extension property tables in cpu.c for any Smip/Ssip/Smcsps references, and look at how the implied...
[04:46:04] [spechunter] [Read] /home/yzs/riscv/qemu/target/riscv/cpu.c
[04:46:04] [spechunter] [Grep] pattern='smip|ssip|smcsps|sscsps|Smip|Ssip|Smcsps|Sscsps'
[04:46:13] [spechunter] [text] Now let me examine the kernel's extension probing infrastructure and how dependencies are tracked, since the Smip/Smcsps...
[04:46:13] [spechunter] [Read] /home/yzs/riscv/linux/arch/riscv/kernel/cpufeature.c
[04:46:21] [spechunter] [text] Let me verify one final thing - the misa extension bit handling to confirm none of these extensions could be accidentall...
[04:46:21] [spechunter] [Grep] pattern='misa.*mask|MISA_|misa_ext|misa_mxl'
[04:46:21] [spechunter] [Grep] pattern='ext_smaia|ext_ssaia|ext_smctr|ext_ssctr|ext_smcdeleg|ext_ssccfg'
[04:46:44] [spechunter] [text] Now I have a complete picture of the QEMU RISC-V codebase. Let me compile the findings.  ```json {   "findings": [     {...
[04:47:46] [spechunter] [text] Now I have a thorough understanding of the codebase. Let me verify the current state of extension definitions and the ke...
[04:47:46] [spechunter] [Read] /home/yzs/riscv/linux/arch/riscv/include/asm/cpufeature-macros.h
[04:48:37] [spechunter] [text] Now I have a complete picture of the codebase. Here is my analysis:  ```json {   "findings": [     {       "file_path": ...
