[15:27:00] [spechunter] PR loaded: #46 riscv/riscv-performance-event-sampling — "Internal feedback"
[15:27:00] [spechunter]   diff: 17943 chars  body: 182 chars  reviews: 1
[15:27:00] [spechunter] Global pre-filter running...
[15:27:25] [spechunter] [text] {"should_skip": false}
[15:27:26] [spechunter] pre-filter: should_skip=False reason=""
[15:27:43] [spechunter] [text] {"should_skip": true, "skip_reason": "Performance event sampling (Smpdis/Sspdis) is a hardware profiling extension; its ...
[15:27:44] [spechunter] [text] ```json {"should_skip": true, "skip_reason": "Performance event sampling spec (Sspdis/Smpdis) is a profiling extension, ...
[15:27:44] [spechunter] [text] {"should_skip": true, "skip_reason": "Performance event sampling (Sspdis) is a profiling mechanism, not security-relevan...
[15:27:47] [spechunter] [text] {"should_skip": false}
[15:28:05] [spechunter] [text] {"should_skip": true, "skip_reason": "Performance Event Sampling (Smpdis/Sspdis) is a hardware performance monitoring ex...
[15:28:33] [spechunter] [text] ```json {   "violation_condition": "When pdisadr2 is written with a physical or guest-physical address without right-shi...
[15:28:50] [spechunter] [Agent] description, prompt
[15:28:54] [spechunter] [Grep] pattern='pdisadr2'
[15:28:54] [spechunter] [Grep] pattern='mpdisctl'
[15:28:54] [spechunter] [Grep] pattern='vspdisctl'
[15:28:54] [spechunter] [Grep] pattern='pdisadr|PDIS.*adr|PDISSampleData'
[15:29:05] [spechunter] [Grep] pattern='(?i)pdis'
[15:29:05] [spechunter] [Grep] pattern='(?i)pdisadr'
[15:29:05] [spechunter] [Grep] pattern='(?i)mpdisctl'
[15:29:05] [spechunter] [Grep] pattern='(?i)vspdisctl'
[15:29:05] [spechunter] [Grep] pattern='(?i)PDISSampleData'
[15:29:05] [spechunter] [Grep] pattern='(?i)pdisadr2'
[15:29:19] [spechunter] [text] No direct references found in RTL. Let me search broader PDIS patterns and also check the CSR directory specifically.  
[15:29:19] [spechunter] [Grep] pattern='pdis'
[15:29:19] [spechunter] [Grep] pattern='PDIS'
[15:29:19] [spechunter] [Grep] pattern='sample.*data|SampleData|Profiling'
[15:29:19] [spechunter] [Grep] pattern='pdis|PDIS'
[15:29:22] [spechunter] [Grep] pattern='(?i)pdis'
[15:29:22] [spechunter] [Grep] pattern='(?i)pdis'
[15:29:22] [spechunter] [Glob] **/docs-resources/**
[15:29:22] [spechunter] [Glob] **/*pdis*
[15:29:22] [spechunter] [Glob] **/*PDIS*
[15:29:22] [spechunter] [Grep] pattern='(?i)pdis'
[15:29:22] [spechunter] [Grep] pattern='(?i)pdis'
[15:29:38] [spechunter] [Glob] src/main/scala/xiangshan/**/*CSR*
[15:29:38] [spechunter] [Grep] pattern='0xC8[0-F]|0xC9[0-F]'
[15:29:38] [spechunter] [Grep] pattern='PDIS|pdis'
[15:29:38] [spechunter] [Glob] src/main/scala/xiangshan/**/csr/**/*.scala
[15:29:51] [spechunter] [Grep] pattern='\\bpdis\\b'
[15:29:51] [spechunter] [Grep] pattern='\\bPDIS\\b'
[15:29:51] [spechunter] [Grep] pattern='pdisadr'
[15:29:51] [spechunter] [Glob] **/docs-resources/**
[15:29:51] [spechunter] [Bash] Check if docs-resources directory exists
[15:29:51] [spechunter] [Grep] pattern='CSR|csr'
[15:29:56] [spechunter] [Grep] pattern='Profiling|profiling|Smpctl|pmpctl|sample.*data'
[15:29:56] [spechunter] [Grep] pattern='pdis|PDIS'
[15:29:56] [spechunter] [Grep] pattern='0xcc0|0xcc1|0xcc2|0xcc3|addr.*shift|DataAdr'
[15:29:56] [spechunter] [Grep] pattern='HPDIS|hpd'
[15:30:13] [spechunter] [Grep] pattern='csrind|CSRIND|indirect|IreIdx|ire.*idx'
[15:30:13] [spechunter] [Grep] pattern='sample|Sample|profiling|Profiling'
[15:30:13] [spechunter] [Grep] pattern='pmpctl|smpctl'
[15:30:15] [spechunter] [Bash] List files under docs/XSPdb
[15:30:15] [spechunter] [Grep] pattern='pdisadr2'
[15:30:15] [spechunter] [Grep] pattern='mpdisctl'
[15:30:15] [spechunter] [Grep] pattern='vspdisctl'
[15:30:15] [spechunter] [Grep] pattern='PDISSampleData'
[15:30:15] [spechunter] [Grep] pattern='Profile Data'
[15:30:28] [spechunter] [Bash] List top-level directory
[15:30:28] [spechunter] [Grep] pattern='pdisadr|mpdisct|vspdisct'
[15:30:28] [spechunter] [Grep] pattern='pdis'
[15:30:28] [spechunter] [Grep] pattern='SampleData'
[15:30:35] [spechunter] [Grep] pattern='pdis|PDIS'
[15:30:35] [spechunter] [Grep] pattern='pdis|PDIS'
[15:30:35] [spechunter] [Grep] pattern='pdis|PDIS|HPDIS|hpd'
[15:30:35] [spechunter] [Grep] pattern='pdis|PDIS'
[15:30:43] [spechunter] [Grep] pattern='pdis|PDIS'
[15:30:43] [spechunter] [Grep] pattern='pdis|PDIS'
[15:30:43] [spechunter] [Grep] pattern='pdis|PDIS'
[15:30:43] [spechunter] [Bash] Deep grep for any PDIS-related references in main scala sources
[15:30:52] [spechunter] [Bash] Check difftest contents
[15:30:52] [spechunter] [Grep] pattern='pdis|PDIS'
[15:30:52] [spechunter] [Grep] pattern='pdis|PDIS'
[15:30:52] [spechunter] [Grep] pattern='pdis|PDIS'
[15:30:52] [spechunter] [Grep] pattern='pdis|PDIS'
[15:30:52] [spechunter] [Grep] pattern='pdis|PDIS'
[15:30:52] [spechunter] [Grep] pattern='pdis|PDIS'
[15:31:12] [spechunter] [Grep] pattern='pdis|PDIS'
[15:31:12] [spechunter] [Grep] pattern='pdis|PDIS'
[15:31:12] [spechunter] [Grep] pattern='pdis|PDIS'
[15:31:12] [spechunter] [Grep] pattern='pdis|PDIS'
[15:31:12] [spechunter] [Glob] **/*.scala
[15:31:23] [spechunter] [Bash] Deep grep for PDIS with exclusions
[15:31:23] [spechunter] [Bash] Check submodule directories
[15:31:23] [spechunter] [Grep] pattern='0xcc0|0xcc8|0xcc9'
[15:31:36] [spechunter] [Grep] pattern='pdis|PDIS|Pdis|sample|Sample|shift|Shift'
[15:31:36] [spechunter] [Grep] pattern='pdis|PDIS|0x8C[01]|0x2[CD]0'
[15:31:36] [spechunter] [Grep] pattern='pdis|PDIS'
[15:31:36] [spechunter] [Grep] pattern='pdis|PDIS'
[15:31:54] [spechunter] [Read] /home/yzs/riscv/XiangShan/src/main/scala/xiangshan/backend/fu/NewCSR/CSRDefines.scala
[15:31:54] [spechunter] [Read] /home/yzs/riscv/XiangShan/src/main/scala/xiangshan/backend/fu/NewCSR/CSRCustom.scala
[15:31:54] [spechunter] [Grep] pattern='pdis'
[15:32:13] [spechunter] [Bash] List src directories
[15:32:13] [spechunter] [Grep] pattern='shift|Shift|adr|Adr|addr|Addr|pmp|PMP'
[15:32:13] [spechunter] [Grep] pattern='pdis|PDIS|sample.*data|SampleData'
[15:32:13] [spechunter] [Grep] pattern='pdis|PDIS'
[15:32:27] [spechunter] [text] ```json {   "locations": [     {       "file_path": "src/main/scala/xiangshan/backend/fu/NewCSR/CSRPermitModule.scala", ...
[15:32:48] [spechunter] [Grep] pattern='pdis|PDIS'
[15:32:48] [spechunter] [Grep] pattern='SampleData|sample.*data|smctr|ssctr|Smctr|Ssctr'
[15:32:48] [spechunter] [Grep] pattern='smctr|ssctr|Smctr|Ssctr'
[15:32:48] [spechunter] [Grep] pattern='profile|Profile'
[15:32:48] [spechunter] [Grep] pattern='pdis|PDIS|smctr|ssctr|SampleData'
[15:32:48] [spechunter] [Grep] pattern='pdis|PDIS|smctr|Ssctr|SampleData'
[15:32:57] [spechunter] [Bash] Search git log for PDIS-related commits
[15:32:57] [spechunter] [Bash] Search git diff history for PDIS
[15:32:57] [spechunter] [Grep] pattern='setAddr'
[15:33:07] [spechunter] [Read] /home/yzs/riscv/XiangShan/src/main/scala/xiangshan/backend/fu/NewCSR/SupervisorLevel.scala
[15:33:07] [spechunter] [Read] /home/yzs/riscv/XiangShan/src/main/scala/xiangshan/backend/fu/NewCSR/MachineLevel.scala
[15:33:07] [spechunter] [Read] /home/yzs/riscv/XiangShan/src/main/scala/xiangshan/backend/fu/NewCSR/VirtualSupervisorLevel.scala
[15:33:26] [spechunter] [Grep] pattern='pdis|PDIS|smctr|ssctr|Smctr|Ssctr|0x[BC].C[0-9a-fA-F]|0x2[CD][0-9a-fA-F]'
[15:33:26] [spechunter] [Read] /home/yzs/riscv/XiangShan/src/main/scala/xiangshan/backend/decode/isa/CSRs.scala
[15:33:26] [spechunter] [Grep] pattern='Smcntrpmf|Sscofpmf|lcofi|LCOFI|cofpmf|COFPMF'
[15:33:47] [spechunter] [Bash] Check recent git history
[15:33:47] [spechunter] [Grep] pattern='pdis|PDIS|smctr|ssctr|SampleData|sample.*data'
[15:33:47] [spechunter] [Grep] pattern='pdisadr|mpdisct|vspdisct'
[15:33:47] [spechunter] [Grep] pattern='csr.*0x8C0|csr.*0x8C1|0x8C0|0x8C1'
[15:33:47] [spechunter] [Grep] pattern='0x2C0|0x2C1|0x2C2'
[15:34:08] [spechunter] [Bash] Search branches for PDIS
[15:34:08] [spechunter] [Bash] Search all commits for PDIS
[15:34:08] [spechunter] [Grep] pattern='profile data interchange|PROFILE DATA INTERCHANGE'
[15:34:08] [spechunter] [Grep] pattern='pdis|PDIS|SampleData'
[15:34:08] [spechunter] [Grep] pattern='pdis|PDIS|smctr|ssctr'
[15:34:08] [spechunter] [Grep] pattern='pdis'
[15:35:23] [spechunter] [text] Let me also check the docs-resources directory for any spec documentation that references these CSRs.  
[15:35:23] [spechunter] [Glob] docs-resources/**/*
[15:35:23] [spechunter] [Grep] pattern='pdis|PDIS|Pdis'
[15:35:36] [spechunter] [Grep] pattern='0x8C[0-9A-Fa-f]|0x2C[0-9A-Fa-f]'
[15:35:36] [spechunter] [Grep] pattern='ctr|CTR'
[15:35:36] [spechunter] [Bash] Check docs directories
[15:35:53] [spechunter] [Grep] pattern='smctr|ssctr|Smctr|Ssctr|SMCTR|SSCTR|Ctr|ctrctl|ctrdata'
[15:35:53] [spechunter] [Grep] pattern='sample|profile|trace.*ctrl|ctrl.*trace|perf.*cnt|hpm.*event'
[15:36:19] [spechunter] [Bash] Find docs-resources or PDB directories
[15:36:19] [spechunter] [Grep] pattern='0x8C0|0x8C1|0x2C0|0x2C1|0xBC0|0xBC1|0x5C0|0x5C1|0x5C2|0x5C3|0x5C4|0x5C5|0x5C6|0x5C7|0x5C8|0x5C9'
[15:36:29] [spechunter] [Read] /home/yzs/riscv/XiangShan/src/main/scala/xiangshan/backend/decode/isa/CSRs.scala
[15:36:29] [spechunter] [Grep] pattern='0x[0-9A-F]{3}'
[15:36:53] [spechunter] [Read] /home/yzs/riscv/XiangShan/src/main/scala/xiangshan/backend/decode/isa/CSRs.scala
[15:36:53] [spechunter] [Grep] pattern='0x8[Cc]|0x2[Cc]|0x9[Cc]|0x[Bb][Cc]|[Mm]pdis|[Ss]pdis|[Vv]spdis|adr2|adr1|pdis'
[15:37:40] [spechunter] [text] Let me look at the related CTR extension (which PDIS builds on) and the CSR address allocation ranges.  
[15:37:40] [spechunter] [Read] /home/yzs/riscv/XiangShan/src/main/scala/xiangshan/backend/fu/NewCSR/CSRCustom.scala
[15:37:40] [spechunter] [Read] /home/yzs/riscv/XiangShan/src/main/scala/xiangshan/backend/fu/NewCSR/CSRPermitModule.scala
[15:37:40] [spechunter] [Grep] pattern='sctrctl|mctrctl|vsctrctl|Ctrctl|CtrCtl|CTRCTL|CtrStatus|ctrstatus|sctrstatus|sctrdepth'
[15:38:03] [spechunter] [text] Let me search for the CTR extension implementation, which is the foundation PDIS builds upon. Also check for any address...
[15:38:03] [spechunter] [Grep] pattern='ctrctl|ctrstatus|ctrdepth|ctrdata|CtrFrozen|CtrFreeze|ctr.*freeze|control.*transfer|sctr|Sctr'
[15:38:03] [spechunter] [Grep] pattern='sctrctl|mctrctl|vsctrctl|sctrstatus|sctrdepth'
[15:38:13] [spechunter] [Grep] pattern='sctrctl|mctrctl|vsctrctl|sctrstatus|sctrdepth|ctrctl|ctrstatus|ctrdepth'
[15:38:13] [spechunter] [Read] /home/yzs/riscv/XiangShan/src/main/scala/xiangshan/backend/decode/isa/CSRs.scala
[15:38:43] [spechunter] [text] Let me look at the PMP shift-by-2 logic and the CTR/PDIS-related parts of the Supervisor/Machine level CSR files.  
[15:38:43] [spechunter] [Read] /home/yzs/riscv/XiangShan/src/main/scala/xiangshan/backend/fu/NewCSR/CSRPMP.scala
[15:38:43] [spechunter] [Read] /home/yzs/riscv/XiangShan/src/main/scala/xiangshan/backend/fu/NewCSR/MachineLevel.scala
[15:38:43] [spechunter] [Read] /home/yzs/riscv/XiangShan/src/main/scala/xiangshan/backend/fu/NewCSR/SupervisorLevel.scala
[15:39:26] [spechunter] [text] Let me verify one more thing — the PMP address shift-by-2 logic and check if there's any CTR module implementation.  
[15:39:26] [spechunter] [Grep] pattern='PMPAddrBits|PlatformGrain|PMPSizeBits'
[15:39:26] [spechunter] [Grep] pattern='mctrctl|sctrctl|vsctrctl|Ctr|ctrctl'
[15:39:26] [spechunter] [Grep] pattern='ctr|Ctr'
[15:39:34] [spechunter] [text] Let me also check for the CTR-related CSR bundles and read sections of the MachineLevel file that define the CTR control...
[15:39:34] [spechunter] [Grep] pattern='ctr|Ctr|CTR|pdis|PDIS'
[15:39:34] [spechunter] [Read] /home/yzs/riscv/XiangShan/src/main/scala/xiangshan/backend/fu/NewCSR/MachineLevel.scala
[15:39:58] [spechunter] [text] ```json {   "entities_affected": ["pdisadr2", "mpdisctl", "vspdisctl"],   "status": "not_implemented",   "locations": []...
[15:40:20] [spechunter] [Read] /home/yzs/riscv/XiangShan/src/main/scala/xiangshan/backend/fu/NewCSR/CSRPermitModule.scala
[15:40:20] [spechunter] [Read] /home/yzs/riscv/XiangShan/src/main/scala/xiangshan/backend/fu/NewCSR/CSRPermitModule.scala
[15:41:11] [spechunter] [text] Now let me verify whether there are any actual PDIS-specific register implementations in the codebase to contextualize t...
[15:41:11] [spechunter] [Grep] pattern='pdis|PDIS|Pdis'
[15:41:11] [spechunter] [Grep] pattern='0xcc[89a]|mpdis|vspdis|pdisadr'
[15:41:37] [spechunter] [text] Now let me check if there are any actual PDIS-related definitions or implementations beyond these address range comments...
[15:41:37] [spechunter] [Grep] pattern='pdis|PDIS|0xcc[89abcdef]'
[15:41:37] [spechunter] [Grep] pattern='IndirectCSR|indirectCSR|indirect_csr'
[15:42:06] [spechunter] [Grep] pattern='IndirectCSR'
[15:42:12] [spechunter] [Read] /home/yzs/riscv/XiangShan/src/main/scala/xiangshan/backend/fu/NewCSR/CSRPermitModule.scala
[15:43:08] [spechunter] [text] Here is the cross-validation result.  The PR context ("Internal feedback" + "optional registers") is extremely vague and...
[15:43:26] [spechunter] [Grep] pattern='pdisadr2|PDISSampleData.*adr2|pdis.*adr2'
[15:43:26] [spechunter] [Grep] pattern='pdisadr|PDIS.*addr|PDisAdr'
[15:43:41] [spechunter] [Grep] pattern='pdis'
[15:43:41] [spechunter] [Grep] pattern='PDIS'
[15:43:41] [spechunter] [Grep] pattern='adr2'
[15:43:54] [spechunter] [Grep] pattern='pdis'
[15:43:54] [spechunter] [Grep] pattern='SampleData|sample.*adr|Sample.*Addr'
[15:43:54] [spechunter] [Grep] pattern='PDIS'
[15:44:26] [spechunter] [text] The PR provides no concrete code locations (`:0-0`). Let me search more broadly for any related RTL.  
[15:44:26] [spechunter] [Grep] pattern='prefetch.*dis|prefetch.*sample|DisablePrefetch|PrefetchDisable|PrefDis'
[15:44:26] [spechunter] [Grep] pattern='pdisadr|SampleD.*Adr|sample_data.*adr'
[15:44:26] [spechunter] [Grep] pattern='adr2.*shift|shift.*adr2|physical.*shift|addr.*63.*2'
[15:44:44] [spechunter] [Grep] pattern='pdisadr|pdis.*adr|PrefetchDis|DisablePref'
[15:44:44] [spechunter] [Grep] pattern='pdisadr|pdis.*adr|PrefetchDis|DisablePref'
[15:44:44] [spechunter] [Bash] Search git history for pdisadr2 references
[15:44:53] [spechunter] [Read] coupledL2/src/main/scala/coupledL2/prefetch/BestOffsetPrefetch.scala
[15:44:53] [spechunter] [Grep] pattern='PrefetchDis|DisablePref.*addr|pdis.*addr'
[15:45:09] [spechunter] [text] Let me do a broader exhaustive search to ensure I don't miss anything.  
[15:45:09] [spechunter] [Bash] Exhaustive search across all tracked files for pdisadr2 related patterns
[15:45:09] [spechunter] [Grep] pattern='addr.*63.*2|right.?shift|shift.?right.*2|shift.*by.*2|>>.*2'
[15:45:24] [spechunter] [text] Based on my exhaustive analysis of the codebase, here are the findings:  ```json {   "findings": [     {       "file_pat...
