[23:35:30] [spechunter] PR loaded: #902 riscv/riscv-cheri — "jumps not authorised by PCC in hybrid mode"
[23:35:30] [spechunter]   diff: 885 chars  body: 273 chars  reviews: 1
[23:35:30] [spechunter] Global pre-filter running...
[23:35:40] [spechunter] [text] {"should_skip": false}
[23:35:43] [spechunter] pre-filter: should_skip=False reason=""
[23:35:56] [spechunter] [text] {"should_skip": true, "skip_reason": "Documentation correction in CHERI hybrid mode spec about PCC authorization; CHERI ...
[23:36:00] [spechunter] [text] ```json {"should_skip": true, "skip_reason": "Pure documentation correction in CHERI spec repo reflecting an already-mer...
[23:36:05] [spechunter] [text] {"should_skip": true, "skip_reason": "Documentation fix in CHERI spec about PCC authorization wording; OpenSBI does not ...
[01:18:16] [spechunter] PR loaded: #902 riscv/riscv-cheri — "jumps not authorised by PCC in hybrid mode"
[01:18:16] [spechunter]   diff: 885 chars  body: 273 chars  reviews: 1
[01:18:16] [spechunter] Global pre-filter running...
[01:18:25] [spechunter] [text] {"should_skip": false}
[01:18:27] [spechunter] pre-filter: should_skip=False reason=""
[01:18:36] [spechunter] [Grep] pattern='cheri|CHERI|capability'
[01:18:37] [spechunter] [text] {"should_skip": true, "skip_reason": "CHERI extension is not supported by FreeBSD's RISC-V port (FreeBSD's CHERI work ta...
[01:18:43] [spechunter] [text] {"should_skip": false}
[01:18:43] [spechunter] [text] {"should_skip": true, "skip_reason": "Minor CHERI spec clarification about jump authorization in hybrid mode; not relate...
[01:18:53] [spechunter] [text] ```json {"should_skip": false} ```
[01:18:56] [spechunter] [text] {"should_skip": true, "skip_reason": "CHERI capability extension is not implemented by XiangShan; this is a documentatio...
[01:19:11] [spechunter] [text] {  
[01:19:11] [spechunter] [Grep] pattern='cheri|CHERI|capability|pcc|PCC|ddc|DDC|hybrid'
[01:19:22] [spechunter] [Grep] pattern='cheri|CHERI|pcc|PCC|hybrid'
[01:19:23] [spechunter] [text] ```json {   "violation_condition": "Kernel code running in CHERI hybrid mode relies on PCC bounds/permissions to trap on...
[01:19:27] [spechunter] [Grep] pattern='cheri|CHERI'
[01:19:42] [spechunter] [TodoWrite] 6 items
[01:19:43] [spechunter] [text] {  ```json {   "violation_condition": "In QEMU TCG, when translating a jump (JAL/JALR/control-flow) instruction in CHERI...
[01:20:05] [spechunter] [Grep] pattern='cheri.*hybrid|hybrid.*cheri|CHERI.*hybrid|hybrid.*CHERI'
[01:20:05] [spechunter] [Grep] pattern='PCC|pcc\\.bound|pcc_bounds|pcc_perms|cheri_pcc'
[01:20:05] [spechunter] [Grep] pattern='jalr.*cheri|cheri.*jalr|jump.*fault.*cheri|cheri.*jump.*fault'
[01:20:05] [spechunter] [Grep] pattern='cheri_fault|CHERI_FAULT|cheri_exception|CHERI_EXCEPTION'
[01:20:06] [spechunter] [Grep] pattern='PCC'
[01:20:06] [spechunter] [Grep] pattern='cheri'
[01:20:06] [spechunter] [Grep] pattern='pcc'
[01:20:08] [spechunter] [Agent] description, prompt
[01:20:08] [spechunter] [Grep] pattern='PCC'
[01:20:08] [spechunter] [Grep] pattern='PCC'
[01:20:08] [spechunter] [Grep] pattern='PCC'
[01:20:08] [spechunter] [Grep] pattern='JALR|JAL'
[01:20:23] [spechunter] [text] I've launched a background exploration agent to search for CHERI hybrid mode PCC authorization code. Let me also check d...
[01:20:23] [spechunter] [Grep] pattern='hybrid'
[01:20:23] [spechunter] [Grep] pattern='prefetch.*cheri|cheri.*prefetch|PREFETCH.*cap|cap.*PREFETCH'
[01:20:23] [spechunter] [Grep] pattern='pcc_auth|pcc_check|check_pcc|auth_jump|jump_auth'
[01:20:23] [spechunter] [Glob] target/riscv/*cheri*
[01:20:27] [spechunter] [Grep] pattern='PREFETCH\\.I|PREFETCH_I'
[01:20:27] [spechunter] [Grep] pattern='CHERI|cheri'
[01:20:27] [spechunter] [Grep] pattern='CHERI|cheri'
[01:20:27] [spechunter] [Grep] pattern='CHERI|cheri'
[01:20:27] [spechunter] [Grep] pattern='hybrid.*capab|capab.*hybrid'
[01:20:27] [spechunter] [Grep] pattern='cheri'
[01:20:27] [spechunter] [Grep] pattern='hybrid.mode'
[01:20:27] [spechunter] [Grep] pattern='PREFETCH\\.I'
[01:20:27] [spechunter] [text] The initial broad search returned mostly false positives (ACPI PCC, etc.). Let me narrow the search to RISC-V arch code ...
[01:20:27] [spechunter] [Grep] pattern='CHERI|cheri|capability.*mode|capture.*mode|sealed.*cap'
[01:20:27] [spechunter] [Grep] pattern='hybrid'
[01:20:27] [spechunter] [Grep] pattern='capture|capability|cap_mode|capability_mode'
[01:20:27] [spechunter] [Bash] Check recent RISC-V arch commits for CHERI context
[01:20:37] [spechunter] [Read] /home/yzs/riscv/linux/arch/riscv/include/asm/insn-def.h
[01:20:37] [spechunter] [Grep] pattern='PREFETCH_I'
[01:20:37] [spechunter] [Grep] pattern='PREFETCH_I'
[01:20:37] [spechunter] [Grep] pattern='capability|cheri|hybrid.*mode|captable|capmode'
[01:20:37] [spechunter] [Grep] pattern='riscv_has_capability|cpu_has_cap|capsmode|capability_mode'
[01:20:42] [spechunter] [text] No CHERI files found in `target/riscv`. Let me search more broadly
[01:20:42] [spechunter] [Grep] pattern='cheri|capability.*mode|pcc'
[01:20:42] [spechunter] [Bash] Check all branches for CHERI-related
[01:20:45] [spechunter] [text] The initial broad search shows no explicit CHERI references in the kernel. Let me look more specifically at RISC-V code ...
[01:20:45] [spechunter] [Grep] pattern='capture|captbl|cap_to|sealed'
[01:20:45] [spechunter] [Grep] pattern='capture|captbl|cap_to|sealed'
[01:20:45] [spechunter] [Grep] pattern='cheri|capture|capability|sealed|PCC|RISC_V_CAP'
[01:20:45] [spechunter] [Grep] pattern='cheri|capture|capability|CHERI|RISCV_CAP'
[01:20:56] [spechunter] [Bash] Check recent commit history for CHERI-related commits
[01:20:56] [spechunter] [Grep] pattern='capability|authorise|authorize.*jump|jump.*fault'
[01:20:56] [spechunter] [Grep] pattern='integer.mode|hybrid'
[01:20:58] [spechunter] [text] The "cheri" grep hits are likely mostly PPC "Capability" SPRs, not RISC-V CHERI. Let me verify this and check if there's...
[01:20:58] [spechunter] [Grep] pattern='cheri|CHERI'
[01:20:58] [spechunter] [Grep] pattern='PR_PURECAP|CHERI|caphybrid|capext'
[01:21:01] [spechunter] [text] ```json {   "locations": [     {       "file_path": "arch/riscv/include/asm/insn-def.h",       "function_name": "PREFETC...
[01:21:09] [spechunter] [Bash] Search git branches for CHERI/capability references
[01:21:09] [spechunter] [Grep] pattern='RISCV_ISA_EXT|riscv_isa_ext|ISA_EXT'
[01:21:09] [spechunter] [Grep] pattern='context_switch|__switch|switch_to|task_switch'
[01:21:09] [spechunter] [Grep] pattern='do_page_fault|handle_exception|handle_misaligned|trap_handler'
[01:21:13] [spechunter] [Grep] pattern='cheri|PCC|capmode|cap_perms|cap_bounds|sentry|ddc|scbnd|cload|cspecial'
[01:21:13] [spechunter] [Grep] pattern='zcheri|capability_mode|cap_mode|int_mode|integer_mode'
[01:21:13] [spechunter] [Bash] List git branches to check for CHERI branches
[01:21:25] [spechunter] [TodoWrite] 6 items
[01:21:25] [spechunter] [Bash] Check git submodules
[01:21:25] [spechunter] [Grep] pattern='prefetch'
[01:21:25] [spechunter] [Grep] pattern='PREFETCH_I|PREFETCH\\.I'
[01:21:35] [spechunter] [text] Let me dig deeper into the RISC-V architecture-specific code that could be relevant
[01:21:35] [spechunter] [Read] /home/yzs/riscv/linux/arch/riscv/kernel/entry.S
[01:21:35] [spechunter] [Read] /home/yzs/riscv/linux/arch/riscv/kernel/traps.c
[01:21:35] [spechunter] [Grep] pattern='jump|jalr|JALR|jal |JAL |epc|sepc|stval|scause'
[01:21:35] [spechunter] [Grep] pattern='CONFIG_CHERI|CONFIG_RISCV_CHERI|CONFIG_CAPABILITY|CHERI|cheri|capability'
[01:21:37] [spechunter] [text] Let me also check whether CHERI support might exist in a different branch or via some other mechanism.  
[01:21:37] [spechunter] [Bash] Check if any CHERI branches exist
[01:21:37] [spechunter] [Grep] pattern='prefetch'
[01:21:57] [spechunter] [text] The exploration agent is still running, but my direct investigation reveals the key finding: **this QEMU repository does...
[01:22:10] [spechunter] [Grep] pattern='cheri|PCC|capmode|capability|sentry|cload|cspecial|ddc|scbnd'
[01:22:10] [spechunter] [Grep] pattern='cheri|PCC|capmode|capability|sentry|cload|cspecial'
[01:22:10] [spechunter] [Grep] pattern='cheri|zcheri|capability_mode'
[01:22:13] [spechunter] [text] The kernel lacks explicit CHERI support. Let me search for code that makes implicit assumptions about how jumps are vali...
[01:22:13] [spechunter] [Grep] pattern='EXC_INST_PAGE_FAULT|INST_PAGE_FAULT|instruction_page_fault'
[01:22:13] [spechunter] [Grep] pattern='prefetch\\.i|prefetch_i|PREFETCH\\.I|__builtin_prefetch|riscv_prefetch'
[01:22:13] [spechunter] [Grep] pattern='indirect.*branch|retpoline|spectre.*v2|forward.*cfi|backward.*cfi|kcfi'
[01:22:22] [spechunter] [text] This QEMU repository is **upstream QEMU** (branch `fix-scountinhibit-cde` on top of `master`). It does **not** contain a...
[01:22:37] [spechunter] [Read] /home/yzs/riscv/linux/arch/riscv/kernel/traps.c
[01:22:37] [spechunter] [Read] /home/yzs/riscv/linux/arch/riscv/kernel/usercfi.c
[01:22:37] [spechunter] [Read] /home/yzs/riscv/linux/arch/riscv/mm/fault.c
[01:22:57] [spechunter] [Read] /home/yzs/riscv/linux/arch/riscv/mm/fault.c
[01:22:57] [spechunter] [Read] /home/yzs/riscv/linux/arch/riscv/kernel/traps_misaligned.c
[01:22:57] [spechunter] [Grep] pattern='PREFETCH_I|prefetch\\.i|prefetch_i'
[01:22:57] [spechunter] [Grep] pattern='do_page_fault|page_fault|handle_page_fault'
[01:23:46] [spechunter] [text] Let me look at the switch context code and KVM vcpu exit handling more deeply.  
[01:23:46] [spechunter] [Read] /home/yzs/riscv/linux/arch/riscv/include/asm/switch_to.h
[01:23:46] [spechunter] [Read] /home/yzs/riscv/linux/arch/riscv/kvm/vcpu_exit.c
[01:23:46] [spechunter] [Read] /home/yzs/riscv/linux/arch/riscv/kernel/process.c
[01:24:03] [spechunter] [Read] /home/yzs/riscv/linux/arch/riscv/kvm/vcpu_exit.c
[01:24:03] [spechunter] [Read] /home/yzs/riscv/linux/arch/riscv/include/asm/csr.h
[01:24:03] [spechunter] [Grep] pattern='kvm_riscv_vcpu_trap|vcpu_trap|kvm_cpu_trap'
[01:24:11] [spechunter] [TodoWrite] 6 items
[01:24:57] [spechunter] [text] Let me look more closely at the PREFETCH.I usage, instruction access fault handling, and KVM virtual instruction process...
[01:24:57] [spechunter] [Grep] pattern='PREFETCH\\.I|prefetch\\.i|PREFETCH_I'
[01:24:57] [spechunter] [Read] /home/yzs/riscv/linux/arch/riscv/kvm/vcpu_insn.c
[01:24:57] [spechunter] [Grep] pattern='EXC_INST_ACCESS|inst_access|instruction_access|INST_ACCESS'
[01:24:57] [spechunter] [Grep] pattern='kvm_riscv_vcpu_virtual_insn|virtual_insn|vcpu_insn'
[01:25:17] [spechunter] [Read] /home/yzs/riscv/linux/arch/riscv/include/asm/insn-def.h
[01:25:17] [spechunter] [Read] /home/yzs/riscv/linux/arch/riscv/kvm/vcpu_insn.c
[01:25:41] [spechunter] [text] The exploration agent confirmed my findings. Here is the final output:  ```json {   "analysis": {     "target": "qemu", ...
[01:26:04] [spechunter] [Agent] description, prompt
[01:26:04] [spechunter] [text] Now let me trace deeper into the switch context, KVM guest entry, and the instruction emulation path that would be affec...
[01:26:04] [spechunter] [Read] /home/yzs/riscv/linux/arch/riscv/kvm/vcpu_switch.S
[01:26:04] [spechunter] [Grep] pattern='__switch_to|switch_to|SAVE_|RESTORE_|context_switch'
[01:26:04] [spechunter] [Grep] pattern='sret|SRET|mret|MRET|sepc|SEPC|mepc|MEPC'
[01:26:14] [spechunter] [Read] /home/yzs/riscv/linux/arch/riscv/kernel/entry.S
[01:26:14] [spechunter] [Read] /home/yzs/riscv/linux/arch/riscv/kernel/entry.S
[01:26:14] [spechunter] [Read] /home/yzs/riscv/linux/arch/riscv/kvm/vcpu_switch.S
[01:26:22] [spechunter] [Read] /home/yzs/riscv/linux/arch/riscv/kernel/entry.S
[01:26:22] [spechunter] [Grep] pattern='do_trap_insn_fault|do_trap_insn_misaligned'
[01:26:25] [spechunter] [Grep] pattern='jump.*PCC|PCC.*jump'
[01:26:25] [spechunter] [Grep] pattern='PCC.*authori[sze]'
[01:26:25] [spechunter] [Grep] pattern='integer.mode.*jump|jump.*integer.mode'
[01:26:25] [spechunter] [Grep] pattern='hybrid.*jump|jump.*hybrid'
[01:26:25] [spechunter] [Glob] target/riscv/cheri*
[01:26:30] [spechunter] [Read] /home/yzs/riscv/linux/arch/riscv/kernel/traps.c
[01:26:30] [spechunter] [Read] /home/yzs/riscv/linux/arch/riscv/kernel/traps.c
[01:26:41] [spechunter] [Grep] pattern='PCC'
[01:26:41] [spechunter] [Grep] pattern='cap_mode|hybrid|integer.*mode'
[01:26:41] [spechunter] [Grep] pattern='cheri|CHERI'
[01:26:41] [spechunter] [Bash] Find CHERI/capability-related files in target/riscv
[01:26:53] [spechunter] [Bash] List files in target/riscv directory
[01:26:53] [spechunter] [Grep] pattern='cheri|CHERI'
[01:26:53] [spechunter] [Grep] pattern='pcc'
[01:27:10] [spechunter] [Grep] pattern='cheri|CHERI'
[01:27:10] [spechunter] [Grep] pattern='cheri|CHERI'
[01:27:10] [spechunter] [Grep] pattern='cheri|CHERI'
[01:27:23] [spechunter] [Bash] List git branches
[01:27:23] [spechunter] [Bash] Show recent git log
[01:27:41] [spechunter] [TodoWrite] 6 items
[01:27:43] [spechunter] [Bash] Check for CHERI branches or tags
[01:27:43] [spechunter] [Bash] Search git log for CHERI/PCC commits
[01:28:00] [spechunter] [Bash] Check git submodules
[01:28:00] [spechunter] [Grep] pattern='authori[sz]ed.*by.*PCC|PCC.*authori[sz]'
[01:28:00] [spechunter] [Grep] pattern='program.counter.capability|Program.Counter.Capability'
[01:28:00] [spechunter] [Grep] pattern='capability.mode|perm_exec|execute_perm|executive_permission|sealed_cap'
[01:28:14] [spechunter] [Grep] pattern='cheri|capability.*register|cap_reg|cheri_reg'
[01:28:14] [spechunter] [Grep] pattern='hybrid.mode|captable|capmode|capability.mode'
[01:28:14] [spechunter] [Bash] Check for stashed changes or worktrees
[01:28:16] [spechunter] [text] ```json {   "locations": [],   "removed_locations": [     "arch/riscv/include/asm/insn-def.h:326-328:PREFETCH_I (spec-le...
[01:28:39] [spechunter] [Grep] pattern='\\bsealed with|unseal|capability_length|cap_meta|cap_inst|cap_ddc|cap_pcc'
[01:28:39] [spechunter] [Grep] pattern='integer.*mode.*jump|jump.*integer.*mode'
[01:28:39] [spechunter] [Grep] pattern='authori[sz]es.*jump|jump.*authori[sz]'
[01:28:40] [spechunter] [Agent] description, prompt
[01:28:53] [spechunter] [Grep] pattern='morello|uclex|chkssr|capcheck|cap_load|cap_store|cjump|jalr_cap'
[01:28:53] [spechunter] [Grep] pattern='capmode|cap_perm|cap_bounds|cbuildcap|csetbounds|cgetaddr|cgetperm'
[01:29:00] [spechunter] [Grep] pattern='(?i)hybrid'
[01:29:00] [spechunter] [Grep] pattern='PCC'
[01:29:00] [spechunter] [Grep] pattern='(?i)cheri'
[01:29:00] [spechunter] [Grep] pattern='(?i)jalr'
[01:29:00] [spechunter] [Grep] pattern='(?i)capabilit'
[01:29:00] [spechunter] [Grep] pattern='(?i)cheri'
[01:29:24] [spechunter] [Grep] pattern='(?i)cheri'
[01:29:24] [spechunter] [Grep] pattern='PCC'
[01:29:24] [spechunter] [Grep] pattern='(?i)hybrid'
[01:29:24] [spechunter] [Glob] **/Kconfig*
[01:29:24] [spechunter] [Grep] pattern='(?i)bounds.*check|check.*bounds|bounds.*fault|fault.*bounds'
[01:29:24] [spechunter] [Grep] pattern='(?i)(jump.*auth|auth.*jump|call.*auth|auth.*call|branch.*auth|auth.*branch)'
[01:29:51] [spechunter] [Grep] pattern='cheri|CHERI'
[01:29:51] [spechunter] [Grep] pattern='(?i)cheri|morello|capability.*mode|purecap|hybridcap'
[01:29:51] [spechunter] [Grep] pattern='(?i)(cheri|purecap|hybridcap|morello|CHERI|capability.*mode)'
[01:29:51] [spechunter] [Grep] pattern='PCC'
[01:29:51] [spechunter] [Grep] pattern='(?i)(seal|unseal|capability|cap_|sentinel|capability\\s)|(?i)(authorize|auth.*cap|cap.*auth)'
[01:29:51] [spechunter] [Grep] pattern='(?i)(program.counter.capability|pcc|p.c.c)'
[01:29:55] [spechunter] [text] ## Review Result  ```json {   "locations": [],   "removed_locations": [],   "merge_notes": "No locations to cross-valida...
[01:30:10] [spechunter] [Grep] pattern='(?i)(cheri|CHERI)'
[01:30:10] [spechunter] [Grep] pattern='(?i)(cheri|CHERI)'
[01:30:10] [spechunter] [Grep] pattern='(?i)(morello|purecap|hybridcap|cheri|CHERI)'
[01:30:10] [spechunter] [Grep] pattern='(?i)CHERI'
[01:30:10] [spechunter] [Grep] pattern='(?i)(cheri|morello|purecap|hybridcap|capability.*hardware)'
[01:30:10] [spechunter] [Grep] pattern='(?i)(cheri|morello|purecap|PCC.*bound|program.counter)'
[01:30:10] [spechunter] [Grep] pattern='(?i)(cheri|morello|purecap|CHERI|PCC.*bound)'
[01:30:14] [spechunter] [text] I'll start by understanding the PR context and locating the relevant code. The PR is about "jumps not authorised by PCC ...
[01:30:14] [spechunter] [Bash] Recent git history
[01:30:14] [spechunter] [Bash] Search git history for CHERI/PCC/hybrid related commits
[01:30:14] [spechunter] [Grep] pattern='PCC|pcc.*bound|cap_perms|CHERI'
[01:30:25] [spechunter] [text] The CHERI/PCC search didn't find anything in target/riscv. Let me search more broadly.  
[01:30:25] [spechunter] [Grep] pattern='PCC|cheri|capability|hybrid.*mode'
[01:30:25] [spechunter] [Bash] List all branches to find CHERI/PCC branches
[01:30:43] [spechunter] [Bash] Check diff of latest commit
[01:30:43] [spechunter] [Bash] Check commits on current branch vs master
[01:30:50] [spechunter] [Read] /home/yzs/riscv/linux/Documentation/devicetree/bindings/arm/arm,morello.yaml
[01:30:50] [spechunter] [Grep] pattern='(?i)morello'
[01:30:50] [spechunter] [Grep] pattern='(?i)(purecap|hybridcap|cheriabi|cheri_purecap|cheri_hybrid)'
[01:30:50] [spechunter] [Grep] pattern='(?i)(capability.*pointer|pointer.*capability|cap.*mode|captable)'
[01:30:50] [spechunter] [Grep] pattern='(?i)(compartment|sandbox|sealed|seal|unseal|capability.*token)'
[01:31:13] [spechunter] [Grep] pattern='(?i)(cheri|morello|purecap|CHERI)'
[01:31:13] [spechunter] [Read] /home/yzs/riscv/linux/arch/riscv/kernel/entry.S
[01:31:13] [spechunter] [Read] /home/yzs/riscv/linux/arch/riscv/kernel/cfi.c
[01:31:13] [spechunter] [Grep] pattern='(?i)(target.*check|check.*target|indirect.*branch|branch.*indirect|forward.*edge|cfi|kcfi)'
[01:31:13] [spechunter] [Grep] pattern='(?i)(kcfi|cfi)'
[01:31:13] [spechunter] [text] Let me read the current commit's changes and understand the scope, then search for CHERI/PCC-related code in the reposit...
[01:31:13] [spechunter] [Bash] Full diff of latest commit
[01:31:13] [spechunter] [Bash] Recent history of csr.c around scountinhibit
[01:31:13] [spechunter] [Grep] pattern='scountinhibit|SCOUNTEREN|scounteren'
[01:31:24] [spechunter] [text] Now let me examine the actual modified code areas in detail.  
[01:31:24] [spechunter] [Read] /home/yzs/riscv/qemu/target/riscv/csr.c
[01:31:24] [spechunter] [Read] /home/yzs/riscv/qemu/target/riscv/csr.c
[01:31:24] [spechunter] [Grep] pattern='MENVCFG_CDE'
[01:31:48] [spechunter] [text] Now let me look at the existing scountinhibit related code more broadly, and the iommu code, plus relevant spec document...
[01:31:48] [spechunter] [Grep] pattern='scountinhibit'
[01:31:48] [spechunter] [Read] /home/yzs/riscv/qemu/hw/riscv/riscv-iommu.c
[01:31:48] [spechunter] [Bash] List spec reference directories
[01:32:13] [spechunter] [text] Let me examine more context around the changes and look for spec references.  
[01:32:13] [spechunter] [Read] /home/yzs/riscv/qemu/target/riscv/csr.c
[01:32:13] [spechunter] [Grep] pattern='MENVCFG|SCOUNTEREN|menvcfg'
[01:32:13] [spechunter] [Read] /home/yzs/riscv/qemu/hw/riscv/riscv-iommu.c
[01:32:13] [spechunter] [Bash] List riscv-isa-manual spec files
[01:32:27] [spechunter] [text] Now let me look at the spec references for the CDE bit and the IOMMU validation.  
[01:32:27] [spechunter] [Bash] List riscv-cheri spec files
[01:32:27] [spechunter] [Grep] pattern='scountinhibit|CDE|counter.delegat'
[01:32:41] [spechunter] [text] Let me look at the relevant spec documents
[01:32:41] [spechunter] [Read] /home/yzs/riscv/rv-isa-sec/spec_ref/riscv-isa-manual/src/priv/smcdeleg.adoc
[01:32:41] [spechunter] [Grep] pattern='scountinhibit|CDE|mcountinhibit'
[01:32:55] [spechunter] [text] Let me verify the key findings and check the spec references before producing the final report.  
[01:32:55] [spechunter] [Bash] List spec reference directories
[01:32:55] [spechunter] [Grep] pattern='(?i)cheri|purecap|hybridcap'
[01:32:55] [spechunter] [Grep] pattern='PCC|pcc_sentry|pcc_bound'
[01:33:04] [spechunter] [text] Now let me look at the IOMMU spec for the MSIPTP validation
[01:33:04] [spechunter] [Bash] Find IOMMU spec documents
[01:33:04] [spechunter] [Grep] pattern='RISCV_IOMMU_DC_IOHGATP_MODE_BARE|RISCV_IOMMU_DC_MSIPTP_MODE_OFF|MSIPTP_MODE'
[01:33:04] [spechunter] [Grep] pattern='msiptp|MSIPTP|riscv_iommu_validate_device_ctx'
[01:33:04] [spechunter] [text] Let me check if there's relevant spec documentation on this issue, and also quickly look at the arm64 Morello code.  
[01:33:04] [spechunter] [Bash] List riscv-cheri spec ref contents
[01:33:04] [spechunter] [Grep] pattern='(?i)hybrid.*pcc|pcc.*jalr|jalr.*pcc|pcc.*bound|pcc.*authori'
[01:33:10] [spechunter] [Read] /home/yzs/riscv/qemu/hw/riscv/riscv-iommu.c
[01:33:10] [spechunter] [Grep] pattern='MSIPTP_MODE|IOHGATP_MODE|RISCV_IOMMU_DC'
[01:33:12] [spechunter] [text] Let me read the key spec files about hybrid mode and JALR PCC checks
[01:33:12] [spechunter] [Read] /home/yzs/riscv/rv-isa-sec/spec_ref/riscv-cheri/src/cheri/riscv-hybrid-integration.adoc
[01:33:12] [spechunter] [Read] /home/yzs/riscv/rv-isa-sec/spec_ref/riscv-cheri/src/cheri/insns/jalr_32bit.adoc
[01:33:22] [spechunter] [Grep] pattern='RISCV_IOMMU_DC_MSIPTP_MODE'
[01:33:47] [spechunter] [text] Now I have all the information needed. Let me produce the final audit report.  ```json {   "findings": [     {       "fi...
[01:33:58] [spechunter] [text] Now let me check the include order issue and look at the full csr.c context around the iommu change.  
[01:33:58] [spechunter] [Grep] pattern='osdep.h.*must|must.*first|osdep\\.h'
[01:33:58] [spechunter] [Grep] pattern='#include \\"qemu/osdep.h\\"'
[01:33:58] [spechunter] [Bash] Check all commits in this branch
[01:34:10] [spechunter] [Grep] pattern='#include.*cpu_bits'
[01:34:10] [spechunter] [Grep] pattern='#include.*osdep\\.h"'
[01:34:28] [spechunter] [Read] /home/yzs/riscv/qemu/target/riscv/cpu_bits.h
[01:34:28] [spechunter] [Grep] pattern='#include'
[01:34:55] [spechunter] [Grep] pattern='must.*first|first.*include|before.*any'
[01:35:39] [spechunter] [text] Now I have a clear picture. Let me compile the analysis.  
[01:35:39] [spechunter] [Read] /home/yzs/riscv/qemu/target/riscv/csr.c
[01:36:42] [spechunter] [text] Now I have all the information needed. Let me provide the security audit analysis.  Based on my analysis of the code at ...
