[16:51:58] [spechunter] PR loaded: #182 riscv/riscv-p-spec — "P-ext: add Min/Max instruction definitions"
[16:51:58] [spechunter]   diff: 27848 chars  body: 340 chars  reviews: 0
[16:51:58] [spechunter] Global pre-filter running...
[16:52:03] [spechunter] [text] {"should_skip": false}
[16:52:04] [spechunter] pre-filter: should_skip=False reason=""
[16:52:13] [spechunter] [text] {"should_skip": true, "skip_reason": "P-extension packed SIMD min/max instructions are application-level ISA definitions...
[16:52:23] [spechunter] [text] {"should_skip": true, "skip_reason": "P-ext min/max instructions are pure ALU operations on X registers with no new arch...
[16:52:25] [spechunter] [text] {"should_skip": true, "skip_reason": "P-ext (packed SIMD) is an unratified draft specification that QEMU does not implem...
[16:52:29] [spechunter] [text] {"should_skip": true, "skip_reason": "P-ext Min/Max instructions are user-mode SIMD operations on existing GPRs with no ...
[16:52:32] [spechunter] [text] ```json {"should_skip": false} ```
[16:53:28] [spechunter] [text] ```json {   "violation_condition": "In XiangShan RTL, when the packed SIMD ALU in the integer execution unit uses a sing...
[16:53:45] [spechunter] [TodoWrite] 5 items
[16:53:59] [spechunter] [Agent] description, prompt
[16:54:24] [spechunter] [Grep] pattern='PMIN|PMAX'
[16:54:24] [spechunter] [Grep] pattern='pmin|pmax'
[16:54:24] [spechunter] [Grep] pattern='funct4.*min|min.*funct4|funct2.*min|min.*funct2'
[16:54:24] [spechunter] [Grep] pattern='OP-IMM-32|opImm32|OpImm32'
[16:54:24] [spechunter] [Grep] pattern='register.?[Pp]air|rd_p|rs1_p|rs2_p'
[16:54:40] [spechunter] [Bash] List Scala source files in xiangshan directory
[16:54:40] [spechunter] [Bash] List top-level xiangshan directories
[16:54:40] [spechunter] [Grep] pattern='PMIN|pmax|pmin'
[16:55:23] [spechunter] [Bash] Find decode and fu directories
[16:55:23] [spechunter] [Glob] **/decode/**/*.scala
[16:55:23] [spechunter] [Glob] **/fu/**/*.scala
[16:55:23] [spechunter] [Glob] **/fu/*.scala
[16:55:52] [spechunter] [Read] /home/yzs/riscv/XiangShan/src/main/scala/xiangshan/backend/decode/Instructions.scala
[16:55:52] [spechunter] [Read] /home/yzs/riscv/XiangShan/src/main/scala/xiangshan/backend/decode/DecodeUnit.scala
[16:55:52] [spechunter] [Grep] pattern='PMIN|PMAX|pmin|pmax|minu|maxu'
[16:55:52] [spechunter] [Grep] pattern='PMIN|PMAX|pmin|pmax|minu|maxu'
[16:56:07] [spechunter] [Agent] description, subagent_type
[16:56:27] [spechunter] [Grep] pattern='isMaxMin|isMaxMinU|MAXU|MINU|maxu|minu|MinMax|max_min'
[16:56:27] [spechunter] [Grep] pattern='isMaxMin|isMaxMinU|maxu|minu'
[16:56:27] [spechunter] [Grep] pattern='ALUOpType'
[16:56:37] [spechunter] [Grep] pattern='PMIN\\.B|PMIN\\.H|PMIN\\.W|PMINU\\.B|PMINU\\.H|PMINU\\.W|PMAX\\.B|PMAX\\.H|PMAX\\.W|PMAXU\\.B|PMAXU\\.H|PMAXU\\.W'
[16:56:37] [spechunter] [Grep] pattern='PMIN\\.DB|PMIN\\.DH|PMIN\\.DW|PMINU\\.DB|PMINU\\.DH|PMINU\\.DW|PMAX\\.DB|PMAX\\.DH|PMAX\\.DW|PMAXU\\.DB|PMAXU\\.DH|PMAXU\\.DW'
[16:56:37] [spechunter] [Grep] pattern='PMINB|PMINH|PMINW|PMINUB|PMINUH|PMINUW|PMAXB|PMAXH|PMAXW|PMAXUB|PMAXUH|PMAXUW'
[16:56:37] [spechunter] [Grep] pattern='PMIN\\.DB|PMIN\\.DH|PMIN\\.DW|PMINU\\.DB|PMINU\\.DH|PMINU\\.DW|PMAX\\.DB|PMAX\\.DH|PMAX\\.DW|PMAXU\\.DB|PMAXU\\.DH|PMAXU\\.DW'
[16:56:37] [spechunter] [Grep] pattern='PMIN\\.B|PMIN\\.H|PMIN\\.W|PMINU\\.B|PMINU\\.H|PMINU\\.W|PMAX\\.B|PMAX\\.H|PMAX\\.W|PMAXU\\.B|PMAXU\\.H|PMAXU\\.W'
[16:56:38] [spechunter] [Grep] pattern='object ALUOpType|val maxu\\b|val minu\\b|val max\\b|val min\\b'
[16:56:38] [spechunter] [Glob] **/rocket-chip/**/Instructions.scala
[16:56:38] [spechunter] [Grep] pattern='ALUOpType'
[16:57:01] [spechunter] [Read] /home/yzs/riscv/XiangShan/src/main/scala/xiangshan/package.scala
[16:57:01] [spechunter] [Grep] pattern='def MAX\\b|def MIN\\b|def MAXU\\b|def MINU\\b'
[16:57:01] [spechunter] [Read] /home/yzs/riscv/XiangShan/src/main/scala/xiangshan/backend/fu/Alu.scala
[16:57:07] [spechunter] [Grep] pattern='\\bPMIN\\b|\\bPMAX\\b'
[16:57:07] [spechunter] [Grep] pattern='\\bPMIN\\b|\\bPMAX\\b'
[16:57:07] [spechunter] [Grep] pattern='pmin|pmax'
[16:57:07] [spechunter] [Grep] pattern='pmin|pmax'
[16:57:07] [spechunter] [Grep] pattern='pmin|pmax'
[16:57:26] [spechunter] [Grep] pattern='isMaxMin|isSradd|isShadd|isAdd\\b|isSub\\b|isMisc'
[16:57:26] [spechunter] [Grep] pattern='pmax|pmin|PMax|PMin|P_MAX|P_MIN'
[16:57:26] [spechunter] [Grep] pattern='OP.?IMM.?32|opImm32|OpImm32|0x1b|OPC_OP_IMM_32'
[16:57:34] [spechunter] [Grep] pattern='PEXT|Pext|p_extension|PExt|pExt'
[16:57:34] [spechunter] [Grep] pattern='PEXT|Pext|p_extension|PExt|pExt'
[16:57:34] [spechunter] [Grep] pattern='PMIN|PMAX'
[16:57:34] [spechunter] [Grep] pattern='min\\.b|min\\.h|min\\.w|max\\.b|max\\.h|max\\.w'
[16:57:34] [spechunter] [Grep] pattern='min\\.db|min\\.dh|min\\.dw|max\\.db|max\\.dh|max\\.dw'
[16:58:06] [spechunter] [Grep] pattern='pmax|pmin'
[16:58:06] [spechunter] [Grep] pattern='pmax|pmin'
[16:58:06] [spechunter] [Read] /home/yzs/riscv/XiangShan/src/main/scala/xiangshan/backend/decode/isa/bitfield/RiscvInst.scala
[16:58:06] [spechunter] [Grep] pattern='P\\.?EXT|packed.*simd|packed.*instruction|Zpn|Zps'
[16:58:11] [spechunter] [Glob] **/Decode*.scala
[16:58:11] [spechunter] [Glob] **/decode*.scala
[16:58:11] [spechunter] [Glob] **/Alu*.scala
[16:58:11] [spechunter] [Glob] **/BunD2*.scala
[16:58:11] [spechunter] [Glob] **/*PExt*
[16:58:11] [spechunter] [Glob] **/*Simd*
[16:58:21] [spechunter] [Read] /home/yzs/riscv/XiangShan/src/main/scala/xiangshan/backend/decode/DecodeUnit.scala
[16:58:21] [spechunter] [Read] /home/yzs/riscv/XiangShan/src/main/scala/xiangshan/backend/fu/Alu.scala
[16:58:21] [spechunter] [Bash] List decode directory contents
[16:58:21] [spechunter] [Bash] List functional unit directory
[16:58:25] [spechunter] [Grep] pattern='OP_IMM_32|OP_32\\b'
[16:58:25] [spechunter] [Grep] pattern='def MAX\\b|def MAXU\\b|def MIN\\b|def MINU\\b|def OP_IMM_32|OP_32'
[16:58:25] [spechunter] [Read] /home/yzs/riscv/XiangShan/src/main/scala/xiangshan/backend/decode/DecodeUnit.scala
[16:58:42] [spechunter] [Read] /home/yzs/riscv/XiangShan/src/main/scala/xiangshan/backend/decode/Instructions.scala
[16:58:42] [spechunter] [Glob] **/isa/*
[16:58:42] [spechunter] [Glob] **/FuOpType*.scala
[16:58:42] [spechunter] [Glob] **/package*.scala
[16:58:49] [spechunter] [Read] /home/yzs/riscv/XiangShan/src/main/scala/xiangshan/package.scala
[16:58:49] [spechunter] [Grep] pattern='ALUOpType|FuOpType|isMaxMin|isSlt'
[16:59:03] [spechunter] [Grep] pattern='PMIN|PMAX'
[16:59:03] [spechunter] [Grep] pattern='pmin|pmax|pminu|pmaxu'
[16:59:03] [spechunter] [Grep] pattern='min\\.b|min\\.h|min\\.w|max\\.b|max\\.h|max\\.w'
[16:59:03] [spechunter] [Grep] pattern='min\\.db|min\\.dh|min\\.dw|max\\.db|max\\.dh|max\\.dw'
[16:59:25] [spechunter] [Grep] pattern='PMIN|PMAX|pmin|pmax|P_Ext|pExt|PExt'
[16:59:25] [spechunter] [Grep] pattern='PMIN|PMAX|pmin|pmax'
[16:59:25] [spechunter] [Grep] pattern='PMIN|PMAX|pmin|pmax|Pext|PEx'
[16:59:25] [spechunter] [Grep] pattern='PMIN|PMAX|pmin|pmax'
[16:59:34] [spechunter] [Bash] Find files related to p-ext or packed SIMD instructions
[16:59:34] [spechunter] [Grep] pattern='pmax|pmin'
[16:59:34] [spechunter] [Bash] Search for P extension files across entire repo
[16:59:52] [spechunter] [Bash] Find scala and verilog source files
[16:59:52] [spechunter] [Grep] pattern='PMIN|PMAX'
[17:00:05] [spechunter] [Grep] pattern='packed.*SIMD|reserved.*packed'
[17:00:05] [spechunter] [Read] /home/yzs/riscv/XiangShan/rocket-chip/src/main/scala/rocket/Instructions.scala
[17:00:05] [spechunter] [Grep] pattern='0x1b|001011|OP_IMM_32'
[17:00:05] [spechunter] [Bash] Find any custom instruction files
[17:00:05] [spechunter] [Grep] pattern='object FuOpType|val.*UopType|isPext|isPack'
[17:00:13] [spechunter] [Grep] pattern='PMIN|PMAX'
[17:00:13] [spechunter] [Grep] pattern='pmin|pmax'
[17:00:13] [spechunter] [Grep] pattern='pm in|pmaxu|pminu'
[17:00:13] [spechunter] [Glob] **/*rocket*
[17:00:13] [spechunter] [Glob] **/*Pext*
[17:00:13] [spechunter] [Glob] **/*pExt*
[17:00:13] [spechunter] [Glob] **/*packed*
[17:00:20] [spechunter] [Read] /home/yzs/riscv/XiangShan/rocket-chip/src/main/scala/rocket/CustomInstructions.scala
[17:00:20] [spechunter] [Grep] pattern='PMAX|PMIN|P_MIN|P_MAX|packed.*min|packed.*max'
[17:00:20] [spechunter] [Bash] Find files with min/max BitPat definitions, excluding floating-point and vector
[17:00:20] [spechunter] [Grep] pattern='OP_IMM_32|"b00_110"|OP_32\\b'
[17:00:27] [spechunter] [Read] /home/yzs/riscv/XiangShan/tval_itype_findings.json
[17:00:27] [spechunter] [Bash] Check rocket-chip submodule path
[17:00:27] [spechunter] [Grep] pattern='PMIN|PMAX|pmin|pmax'
[17:00:36] [spechunter] [Grep] pattern='MAX\\b|MIN\\b|MAXU\\b|MINU\\b|BitPat.*min|BitPat.*max'
[17:00:36] [spechunter] [Grep] pattern='vmin|vmax|minu|maxu|vredmin|vredmax'
[17:00:36] [spechunter] [Bash] Count lines in DecodeUnit.scala
[17:00:43] [spechunter] [Grep] pattern='PMIN|PMAX|P_MIN|P_MAX'
[17:00:43] [spechunter] [Grep] pattern='P\\_EXT|PExt|p_extension|PackSIMD|packed_simd'
[17:00:43] [spechunter] [Bash] Find Rocket core Scala files
[17:00:52] [spechunter] [Grep] pattern='PMIN|PMAX|pmin|pmax|P_MIN|P_MAX'
[17:00:52] [spechunter] [Grep] pattern='PMIN|PMAX|pmin|pmax'
[17:00:52] [spechunter] [Grep] pattern='PMIN|PMAX|pmin|pmax|pext|p_ext'
[17:01:09] [spechunter] [Grep] pattern='PACK|SIMD|packed|register.*pair|rd_p|rs1_p|OP_IMM_32|Zpn|Zps|PMA|pmul|psub|padd'
[17:01:09] [spechunter] [Grep] pattern='Zpn|Zpsfoperand|Zps|P_.*EXT|padd|psub|pmul|pdot'
[17:01:09] [spechunter] [Bash] Recent git commits to understand project history
[17:01:14] [spechunter] [Grep] pattern='PMIN|PMAX|pmin|pmax'
[17:01:14] [spechunter] [Bash] Find JSON config files in the main repo
[17:01:14] [spechunter] [Glob] **/*PMatch*
[17:01:14] [spechunter] [Glob] **/*pMatch*
[17:01:14] [spechunter] [Grep] pattern='PEXT|Zpn|Zps|Zbp|p.extension|packed.simd'
[17:01:24] [spechunter] [Read] /home/yzs/riscv/XiangShan/src/main/scala/xiangshan/backend/decode/DecodeUnit.scala
[17:01:24] [spechunter] [Grep] pattern='48.*bit|INST48b|inst48|64.*bit|long.*inst|wide.*inst'
[17:01:24] [spechunter] [Grep] pattern='INST48b|inst48|longInstr|longInst|48bit|extractInst'
[17:01:34] [spechunter] [Read] /home/yzs/riscv/XiangShan/src/main/scala/xiangshan/backend/decode/DecodeUnit.scala
[17:01:34] [spechunter] [Read] /home/yzs/riscv/XiangShan/src/main/scala/xiangshan/backend/decode/DecodeUnit.scala
[17:01:34] [spechunter] [Read] /home/yzs/riscv/XiangShan/src/main/scala/xiangshan/backend/decode/isa/bitfield/RiscvInst.scala
[17:01:55] [spechunter] [Grep] pattern='VMIN|VMAX|minu|maxu|min_vv|max_vv'
[17:01:55] [spechunter] [Read] /home/yzs/riscv/XiangShan/src/main/scala/xiangshan/backend/fu/wrapper/VIAluFix.scala
[17:01:55] [spechunter] [Grep] pattern='vmin|vmax|vredmin|vredmax'
[17:01:55] [spechunter] [Grep] pattern='PEXT|Zpn|Zps|Zbp|packed.simd'
[17:01:55] [spechunter] [Grep] pattern='PEXT|Zpn|Zps|Zbp|packed.simd'
[17:01:55] [spechunter] [Grep] pattern='PEXT|Zpn|Zps|Zbp|packed.simd'
[17:02:11] [spechunter] [Grep] pattern='PEXT|Zpn|Zps|Zbp|packed.simd'
[17:02:16] [spechunter] [Grep] pattern='object VialuFixType|vmin|vmax|vredmin|vredmax'
[17:02:16] [spechunter] [Glob] **/VialuFixType*
[17:02:16] [spechunter] [Glob] **/VIAluFix*
[17:02:29] [spechunter] [Grep] pattern='\\bpacked\\b'
[17:02:29] [spechunter] [Grep] pattern='PMPBit|pmpbit|BPMP'
[17:02:29] [spechunter] [Grep] pattern='min|max'
[17:02:34] [spechunter] [Read] /home/yzs/riscv/XiangShan/yunsuan/src/main/scala/yunsuan/encoding/Opcode/VialuOpcode.scala
[17:02:34] [spechunter] [Grep] pattern='VialuFixType|vmin|vmax|vredmin|vredmax'
[17:03:03] [spechunter] [Read] /home/yzs/riscv/XiangShan/yunsuan/src/main/scala/yunsuan/package.scala
[17:03:03] [spechunter] [Grep] pattern='getOpcode|isSigned|fmtIs'
[17:03:50] [spechunter] [text] ```json {   "locations": [     {       "file_path": "src/main/scala/xiangshan/backend/fu/NewCSR/MachineLevel.scala",    ...
[17:04:51] [spechunter] [TodoWrite] 5 items
[17:05:17] [spechunter] [text] Let me read the key files that are semantically closest to the violation condition patterns.  
[17:05:17] [spechunter] [Read] /home/yzs/riscv/XiangShan/src/main/scala/xiangshan/backend/fu/Alu.scala
[17:05:17] [spechunter] [Read] /home/yzs/riscv/XiangShan/src/main/scala/xiangshan/package.scala
[17:05:17] [spechunter] [Read] /home/yzs/riscv/XiangShan/src/main/scala/xiangshan/backend/decode/DecodeUnit.scala
[17:05:34] [spechunter] [text] Let me dig deeper into the instruction definitions and look for any P-ext or packed SIMD infrastructure.  
[17:05:34] [spechunter] [Read] /home/yzs/riscv/XiangShan/rocket-chip/src/main/scala/rocket/Instructions.scala
[17:05:34] [spechunter] [Grep] pattern='packed|P.ext|subword|sub.word|lane|byte.?granular|element.?wise'
[17:05:34] [spechunter] [Grep] pattern='OP_IMM_32|OpImm32|opImm32|OP_32'
[17:05:52] [spechunter] [Read] /home/yzs/riscv/XiangShan/src/main/scala/xiangshan/backend/decode/isa/bitfield/RiscvInst.scala
[17:05:52] [spechunter] [Grep] pattern='SignExt|signExt|signed.*extend|sext'
[17:05:52] [spechunter] [Grep] pattern='isMaxMin|MaxMin|maxMin|max_min'
[17:06:24] [spechunter] [TodoWrite] 6 items
[17:06:41] [spechunter] [Grep] pattern='register.?pair|rd_p|rs1_p|rs2_p|even.*register|odd.*register'
[17:06:41] [spechunter] [Grep] pattern='XLEN.*gate|RV32|RV64.*gate|illegal.*RV32|isRV32|isRV64|xlen.*check'
[17:06:41] [spechunter] [Read] /home/yzs/riscv/XiangShan/yunsuan/src/main/scala/yunsuan/vector/VectorALU/VIAluFixPointS1.scala
[17:07:07] [spechunter] [Read] /home/yzs/riscv/XiangShan/yunsuan/src/main/scala/yunsuan/vector/VectorALU/VIAluAdder.scala
[17:07:07] [spechunter] [Read] /home/yzs/riscv/XiangShan/rocket-chip/src/main/scala/rocket/ABLU.scala
[17:07:07] [spechunter] [Grep] pattern='IllegalInstr|illegal.*instruction|Illegal.*Exception|illegalInstr'
[17:07:15] [spechunter] [Read] /home/yzs/riscv/XiangShan/src/main/scala/xiangshan/backend/decode/DecodeUnit.scala
[17:07:15] [spechunter] [Read] /home/yzs/riscv/XiangShan/src/main/scala/xiangshan/backend/decode/DecodeUnit.scala
[17:07:35] [spechunter] [Read] /home/yzs/riscv/XiangShan/yunsuan/src/main/scala/yunsuan/vector/VectorALU/VIAluAdder.scala
[17:07:35] [spechunter] [Read] /home/yzs/riscv/XiangShan/yunsuan/src/main/scala/yunsuan/encoding/Opcode/VialuOpcode.scala
[17:07:54] [spechunter] [Read] /home/yzs/riscv/XiangShan/yunsuan/src/main/scala/yunsuan/package.scala
[17:07:54] [spechunter] [Read] /home/yzs/riscv/XiangShan/yunsuan/src/main/scala/yunsuan/vector/VectorALU/VIAluAdder.scala
[17:07:54] [spechunter] [Read] /home/yzs/riscv/XiangShan/src/main/scala/xiangshan/backend/decode/VecDecoder.scala
[17:08:22] [spechunter] [Read] /home/yzs/riscv/XiangShan/rocket-chip/src/main/scala/rocket/ABLU.scala
[17:08:22] [spechunter] [Read] /home/yzs/riscv/XiangShan/src/main/scala/xiangshan/backend/decode/DecodeUnit.scala
[17:08:22] [spechunter] [Grep] pattern='isRV32|isRV64|hasRV64|XLEN.*32|RV32.*illegal|illegal.*RV32'
[17:08:37] [spechunter] [Read] /home/yzs/riscv/XiangShan/yunsuan/src/main/scala/yunsuan/vector/VectorALU/VIAluAdder.scala
[17:08:37] [spechunter] [Read] /home/yzs/riscv/XiangShan/src/main/scala/xiangshan/backend/fu/NewCSR/MachineLevel.scala
[17:08:37] [spechunter] [Grep] pattern='vialuFixType|VialuFixType|getOpcode|isSigned'
[17:08:54] [spechunter] [Read] /home/yzs/riscv/XiangShan/src/main/scala/xiangshan/backend/fu/wrapper/VIAluFix.scala
[17:08:54] [spechunter] [Read] /home/yzs/riscv/XiangShan/yunsuan/src/main/scala/yunsuan/package.scala
[17:09:11] [spechunter] [Grep] pattern='object VialuFixType'
[17:09:15] [spechunter] [Read] /home/yzs/riscv/XiangShan/yunsuan/src/main/scala/yunsuan/package.scala
[17:09:29] [spechunter] [TodoWrite] 6 items
[17:12:06] [spechunter] [text] Now I have a thorough picture. Let me compile the results.  
[17:12:06] [spechunter] [Write] /home/yzs/riscv/XiangShan/pmin_pmax_packed_simd_findings.json
[17:12:30] [spechunter] [TodoWrite] 6 items
[17:12:59] [spechunter] [text] Let me verify each location against the actual code before producing the final set.  
[17:12:59] [spechunter] [Read] /home/yzs/riscv/XiangShan/src/main/scala/xiangshan/backend/fu/NewCSR/MachineLevel.scala
[17:12:59] [spechunter] [Read] /home/yzs/riscv/XiangShan/src/main/scala/xiangshan/backend/decode/DecodeUnit.scala
[17:12:59] [spechunter] [Read] /home/yzs/riscv/XiangShan/src/main/scala/xiangshan/package.scala
[17:12:59] [spechunter] [Read] /home/yzs/riscv/XiangShan/src/main/scala/xiangshan/backend/fu/Alu.scala
[17:13:17] [spechunter] [text] Let me also check the ALUOpType helper functions and search for existing P-ext min/max infrastructure.  
[17:13:17] [spechunter] [Grep] pattern='isMaxMin|isMaxMinU'
[17:13:17] [spechunter] [Grep] pattern='PMIN|PMAX|pmin|pmax'
[17:13:17] [spechunter] [Grep] pattern='isMaxMin'
[17:13:54] [spechunter] [text] Now let me also check if there's any P-ext decode infrastructure already in place that would be the actual location wher...
[17:13:54] [spechunter] [Grep] pattern='packed.SIMD|P.ext|pext|p_ext|SIMD'
[17:13:54] [spechunter] [Grep] pattern='FuType\\\\.'
[17:15:01] [spechunter] [text] Now I have all the information needed to produce the final cross-validated set. Let me summarize the analysis:  **Cross-...
[17:15:21] [spechunter] [Grep] pattern='PMIN|PMAX|PMINU|PMAXU'
[17:15:21] [spechunter] [Grep] pattern='funct4.*0x[cdef]|0x[cdef].*funct4'
[17:15:21] [spechunter] [Grep] pattern='OP-IMM-32|OP_32|0x1b'
[17:15:31] [spechunter] [Read] /home/yzs/riscv/XiangShan/pmin_pmax_packed_simd_findings.json
[17:15:31] [spechunter] [Grep] pattern='pmin|pmax|PMIN|PMAX'
[17:15:31] [spechunter] [Grep] pattern='register.pair|rd_p|rs1_p|rs2_p|register_pair|even.*register|RegisterPair'
[17:15:41] [spechunter] [text] Let me read the actual RTL source files referenced in the findings to produce an independent audit.  
[17:15:41] [spechunter] [Read] /home/yzs/riscv/XiangShan/src/main/scala/xiangshan/backend/fu/Alu.scala
[17:15:41] [spechunter] [Read] /home/yzs/riscv/XiangShan/src/main/scala/xiangshan/package.scala
[17:15:41] [spechunter] [Read] /home/yzs/riscv/XiangShan/src/main/scala/xiangshan/backend/decode/DecodeUnit.scala
[17:15:56] [spechunter] [Read] /home/yzs/riscv/XiangShan/src/main/scala/xiangshan/backend/fu/NewCSR/MachineLevel.scala
[17:15:56] [spechunter] [Read] /home/yzs/riscv/XiangShan/src/main/scala/xiangshan/backend/decode/DecodeUnit.scala
[17:15:56] [spechunter] [Read] /home/yzs/riscv/XiangShan/src/main/scala/xiangshan/backend/decode/isa/bitfield/RiscvInst.scala
[17:16:18] [spechunter] [text] Now let me verify the vector-side min/max and check if there's any P-ext configuration.  
[17:16:18] [spechunter] [Read] /home/yzs/riscv/XiangShan/yunsuan/src/main/scala/yunsuan/vector/VectorALU/VIAluFixPointS1.scala
[17:16:18] [spechunter] [Read] /home/yzs/riscv/XiangShan/yunsuan/src/main/scala/yunsuan/encoding/Opcode/VialuOpcode.scala
[17:16:18] [spechunter] [Grep] pattern='Pext|P_Ext|packed.*simd|HasPExt|EnablePExt'
[17:16:26] [spechunter] [text] Let me verify the exact instruction BitPat definitions used in the decoder for MAX/MIN and check if any OP-32 min/max pa...
[17:16:26] [spechunter] [Grep] pattern='\\bMAX\\b.*BitPat|\\bMIN\\b.*BitPat|MAXU.*BitPat|MINU.*BitPat'
[17:16:26] [spechunter] [Grep] pattern='MAX\\b.*0x3b|MAX\\b.*0x1b|OP_32.*MAX|OP_32.*MIN|OP.*32.*max|OP.*32.*min'
[17:16:33] [spechunter] [text] Let me also check for the actual BitPat definitions of the MIN/MAX instructions and the Configs.scala reference.  
[17:16:33] [spechunter] [Grep] pattern='\\bMAX\\b|\\bMIN\\b|\\bMAXU\\b|\\bMINU\\b'
[17:16:33] [spechunter] [Grep] pattern='pmin|pmax'
[17:16:41] [spechunter] [Grep] pattern='\\bMAX\\b|\\bMIN\\b|\\bMAXU\\b|\\bMINU\\b'
[17:18:32] [spechunter] [text] Now I have sufficient evidence to produce the independent audit. Let me compile the final analysis.  
[17:18:32] [spechunter] [Write] /home/yzs/riscv/XiangShan/pmin_pmax_packed_simd_findings.json
[17:18:59] [spechunter] [text] ## Audit Summary: P-ext Packed SIMD Min/Max  **Overall severity: `compliant`** — No confirmed bugs. P-ext is not impleme...
[14:45:57] [spechunter] PR loaded: #182 riscv/riscv-p-spec — "P-ext: add Min/Max instruction definitions"
[14:45:57] [spechunter]   diff: 27848 chars  body: 340 chars  reviews: 0
[14:45:57] [spechunter] Global pre-filter running...
[14:46:14] [spechunter] [text] {"should_skip": false}
[14:46:15] [spechunter] pre-filter: should_skip=False reason=""
[14:46:33] [spechunter] [text] {"should_skip": true, "skip_reason": "P-ext packed SIMD min/max instructions are user-mode computation with no CSR state...
[14:46:36] [spechunter] [text] {"should_skip": true, "skip_reason": "P-extension is an application-level packed SIMD ISA extension with no M-mode CSR, ...
[14:46:38] [spechunter] [text] {"should_skip": true, "skip_reason": "P-ext (Packed SIMD) is a draft extension not yet implemented in QEMU; these Min/Ma...
[14:46:51] [spechunter] [text] {"should_skip": true, "skip_reason": "P-extension (packed SIMD/DSP) is not implemented by XiangShan; XiangShan uses the ...
[14:46:59] [spechunter] [text] ```json {"should_skip": true, "skip_reason": "P-ext is a DSP/SIMD extension with unprivileged computational instructions...
