[04:49:35] [spechunter] PR loaded: #717 riscv/riscv-fast-interrupt — "Smivt: fixing field width in xivt"
[04:49:35] [spechunter]   diff: 658 chars  body: 1 chars  reviews: 0
[04:49:35] [spechunter] Global pre-filter running...
[04:50:00] [spechunter] [text] {"should_skip": false}
[04:50:01] [spechunter] pre-filter: should_skip=False reason=""
[04:50:15] [spechunter] [text] {"should_skip": true, "skip_reason": "Pure documentation fix correcting a diagram field-width label from XLEN-6 to XLEN-...
[04:50:16] [spechunter] [text] {"should_skip": false}
[04:50:20] [spechunter] [text] {"should_skip": true, "skip_reason": "Pure documentation diagram fix correcting a field-width label (XLEN-6 → XLEN-2) in...
[04:50:24] [spechunter] [text] {"should_skip": true, "skip_reason": "Documentation diagram fix changing reserved field width from XLEN-6 to XLEN-2 in a...
[04:50:43] [spechunter] [text] {"should_skip": true, "skip_reason": "Pure documentation diagram label fix in adoc; the xivt CSR field width label is co...
[04:50:53] [spechunter] [text] ```json {   "violation_condition": "QEMU implements the old (pre-fix) field width for the external interrupt vector tabl...
[04:51:07] [spechunter] [Grep] pattern='mteivt|steivt|mteivt|steivt'
[04:51:07] [spechunter] [Grep] pattern='xivt|eivt'
[04:51:07] [spechunter] [Grep] pattern='extract64.*ivt|extract64.*eivt'
[04:51:09] [spechunter] [Grep] pattern='mteivt|steivt'
[04:51:09] [spechunter] [Grep] pattern='extract64.*[xie]ivt|ivt.*extract64'
[04:51:09] [spechunter] [Grep] pattern='~0x3[cf].*ivt|ivt.*~0x3[cf]'
[04:51:20] [spechunter] [text] No matches found for the exact terms. Let me broaden the search to find related CSR definitions and handlers.  
[04:51:20] [spechunter] [Grep] pattern='mteivt|steivt|mteivt|steivt'
[04:51:20] [spechunter] [Grep] pattern='mtvec|stvec'
[04:51:20] [spechunter] [Grep] pattern='extract64.*val.*XLEN|xlen.*extract64'
[04:51:24] [spechunter] [Grep] pattern='aia|AIA'
[04:51:24] [spechunter] [Grep] pattern='selective_irq|eixth|eithreshold|eip'
[04:51:24] [spechunter] [Grep] pattern='eivt|xivt'
[04:51:31] [spechunter] [Grep] pattern='mvien|mvip|mclaim|sclaim'
[04:51:31] [spechunter] [Grep] pattern='hvien|hvip|hstatus|hideleg|hvictl'
[04:51:36] [spechunter] [Grep] pattern='ivil|IVT|ivt'
[04:51:36] [spechunter] [Grep] pattern='m[(]*(st|x|hv|vst)]*eivt|s[(]*(t|hv)]*eivt'
[04:51:36] [spechunter] [Grep] pattern='aia|AIA'
[04:51:43] [spechunter] [Grep] pattern='mteivt|steivt'
[04:51:43] [spechunter] [Grep] pattern='M[ST]EIVT|MTEIVT|STEIVT'
[04:51:43] [spechunter] [Grep] pattern='eievt|EIEVT|eivt|EIVT'
[04:51:50] [spechunter] [Grep] pattern='victl|VICTL|teivt|TEIVT|steivt|STEIVT|mteivt|MTEIVT'
[04:51:50] [spechunter] [Grep] pattern='vstvec|VSTVEC|mtvec|MTVEC|stvec|STVEC'
[04:51:52] [spechunter] [text] No matches for the exact entity names `mteivt`/`steivt`. Let me search more specifically in the AIA CSR area and the act...
[04:51:52] [spechunter] [Grep] pattern='eivt|EIVT'
[04:51:52] [spechunter] [Grep] pattern='xivt|XIVT'
[04:51:52] [spechunter] [Grep] pattern='aia_smode|aia_smask|smode|aia.*eivt'
[04:52:03] [spechunter] [text] Let me search for the CSR number definitions and the actual CSR handler implementations related to the AIA.  
[04:52:03] [spechunter] [Grep] pattern='0x30b|0x15b|0x309|0x105|0x2b|eixth'
[04:52:03] [spechunter] [Read] /home/yzs/riscv/qemu/target/riscv/cpu_bits.h
[04:52:09] [spechunter] [Grep] pattern='rmw_xenvcfg|write_xenvcfg|read_xenvcfg'
[04:52:09] [spechunter] [Grep] pattern='xireg|indirect.*csr|ISELECT_'
[04:52:12] [spechunter] [Read] /home/yzs/riscv/qemu/target/riscv/cpu_bits.h
[04:52:12] [spechunter] [Grep] pattern='selective_irq|SELECTIVE_IRQ|eithreshold|EITHRESHOLD'
[04:52:19] [spechunter] [Grep] pattern='eidelivery|eixth|eie|iset_ei|read_ei|write_ei'
[04:52:19] [spechunter] [Grep] pattern='ISELECT_IMSIC_EI'
[04:52:36] [spechunter] [text] Let me look at the AIA indirect register handling and find where the IVT/EIVT registers are actually defined.  
[04:52:36] [spechunter] [Read] /home/yzs/riscv/qemu/target/riscv/csr.c
[04:52:36] [spechunter] [Grep] pattern='ISELECT_IMSIC|imsic.*ivt|ivt.*base|IID_IVT'
[04:52:36] [spechunter] [Grep] pattern='ISELECT_IMSIC'
[04:52:37] [spechunter] [text] Let me look at the iselect-based indirect register access for the ACLIC registers more closely.  
[04:52:37] [spechunter] [Grep] pattern='ISELECT_IMSIC_EI[^DEX]|islect.*eivt|ivt.*base|vector.*table'
[04:52:37] [spechunter] [Grep] pattern='xIVT|mteivt|steivt|M_EIVT|S_EIVT|VS_EIVT'
[04:52:51] [spechunter] [text] The IMSIC registers are accessed indirectly via siselect/sireg, and the actual handling is delegated to machine-specific...
[04:52:51] [spechunter] [Grep] pattern='ivt|eivt|IVT|EIVT'
[04:52:51] [spechunter] [Grep] pattern='aia_ireg_rmw_fn|aia_ireg'
[04:53:02] [spechunter] [Grep] pattern='ivt|eivt|IVT|EIVT|vector.*table|vect.*base'
[04:53:02] [spechunter] [Read] /home/yzs/riscv/qemu/hw/intc/riscv_imsic.c
[04:53:06] [spechunter] [Grep] pattern='mvictl|svictl|mvicctl|sviectl'
[04:53:06] [spechunter] [Grep] pattern='smivt|SMIVT|Smivt'
[04:53:06] [spechunter] [Grep] pattern='xive|xivt'
[04:53:12] [spechunter] [Grep] pattern='imsic.*reg|imsic.*read|imsic.*write|imsic.*handle'
[04:53:12] [spechunter] [Bash] Check file length of riscv_imsic.c
[04:53:16] [spechunter] [Read] /home/yzs/riscv/qemu/hw/intc/riscv_imsic.c
[04:53:24] [spechunter] [Grep] pattern='sireg|siselect'
[04:53:24] [spechunter] [Grep] pattern='aclic|ACLIC'
[04:53:27] [spechunter] [text] The IMSIC doesn't have IVT/EIVT registers. Let me check the APLIC code, which handles the external interrupt control sid...
[04:53:27] [spechunter] [Grep] pattern='ivt|eivt|IVT|EIVT'
[04:53:27] [spechunter] [Grep] pattern='ivt|eivt|IVT|EIVT'
[04:53:36] [spechunter] [Read] /home/yzs/riscv/qemu/target/riscv/csr.c
[04:53:47] [spechunter] [text] The entities `mteivt`/`steivt` don't exist in this codebase. Let me search for the fallback pattern — the specific `extr...
[04:53:47] [spechunter] [Grep] pattern='extract64'
[04:53:47] [spechunter] [Grep] pattern='~0x3f|~0x3c|~0x3 '
[04:53:47] [spechunter] [Read] /home/yzs/riscv/qemu/hw/riscv/riscv-iommu.c
[04:53:51] [spechunter] [Read] /home/yzs/riscv/qemu/hw/intc/riscv_imsic.c
[04:53:57] [spechunter] [Read] /home/yzs/riscv/qemu/target/riscv/csr.c
[04:53:57] [spechunter] [Read] /home/yzs/riscv/qemu/target/riscv/csr.c
[04:54:09] [spechunter] [Grep] pattern='setipnum|domaincfg|IVT_BASE'
[04:54:09] [spechunter] [Grep] pattern='domaincfg|setipnum|IVT'
[04:54:11] [spechunter] [Grep] pattern='xiselect_aia|ISELECT_IMSIC_MAX|ISELECT_MASK|ISELECT.*IVT|ISELECT.*ivt'
[04:54:11] [spechunter] [Grep] pattern='select.*eivt|select.*xivt|select.*ivt'
[04:54:19] [spechunter] [text] Let me look at the modified file and search for more relevant patterns.  
[04:54:19] [spechunter] [Bash] Check what was changed in the modified file
[04:54:19] [spechunter] [Grep] pattern='extract64|sextract64'
[04:54:19] [spechunter] [Grep] pattern='xivt|XIVT|smivt|SMIVT'
[04:54:26] [spechunter] [Grep] pattern='aplic|APLIC'
[04:54:26] [spechunter] [Read] /home/yzs/riscv/qemu/target/riscv/csr.c
[04:54:26] [spechunter] [Read] /home/yzs/riscv/qemu/target/riscv/cpu_bits.h
[04:54:28] [spechunter] [Grep] pattern='ISELECT_MASK_AIA|ISELECT_MASK'
[04:54:28] [spechunter] [Grep] pattern='xireg_aia|rmw_xireg'
[04:54:35] [spechunter] [Read] /home/yzs/riscv/qemu/target/riscv/csr.c
[04:54:54] [spechunter] [Grep] pattern='extract64.*2.*XLEN|extract64.*6.*XLEN|~0x3f.*ivt|~0x3.*ivt|BASE.*58|BASE.*62'
[04:54:54] [spechunter] [Grep] pattern='ACLINT|aclint|ACLINT'
[04:55:01] [spechunter] [Glob] **/riscv_aclint*
[04:55:10] [spechunter] [Grep] pattern='0xbc|0xc0|0x1b80|ivt|eivt|vector.*table'
[04:55:10] [spechunter] [Bash] Check if xivt/eivt CSRs exist anywhere in entire repo
[04:55:40] [spechunter] [Grep] pattern='interrupt.*vector.*table|ivt_base|IVT_BASE'
[04:55:40] [spechunter] [Grep] pattern='aplic.*ivt|ivt.*aplic|file.*base|imsic.*addr|aplic.*addr'
[04:55:40] [spechunter] [Bash] Full grep for ivt/eivt anywhere in tree
[04:56:12] [spechunter] [Read] /home/yzs/riscv/qemu/hw/intc/riscv_aclint.c
[04:56:12] [spechunter] [Grep] pattern='ivt|IVT|eivt|EIVT|xivt|XIVT|ntable|NTABLE'
[04:56:17] [spechunter] [text] Let me search for CSR 0xBC and 0xC0 definitions, and for the field width pattern more specifically.  
[04:56:17] [spechunter] [Grep] pattern='0x[bB][cC]|0x[cC]0'
[04:56:17] [spechunter] [Grep] pattern='CSR_MTEIVT|CSR_STEIVT|CSR_MTVEC|CSR_STVEC'
[04:56:17] [spechunter] [Grep] pattern='read_stvec|write_stvec|read_mtvec|write_mtvec'
[04:56:30] [spechunter] [Grep] pattern='ISELECT_IMSIC_EIDELIVERY|ISELECT_IMSIC_EITHRESHOLD|ISELECT_IMSIC_TOPEI|ISELECT_IMSIC_EIP|ISELECT_IMSIC_EIE'
[04:56:30] [spechunter] [Read] /home/yzs/riscv/qemu/target/riscv/csr.c
[04:56:43] [spechunter] [Read] /home/yzs/riscv/qemu/target/riscv/csr.c
[04:56:43] [spechunter] [Read] /home/yzs/riscv/qemu/target/riscv/csr.c
[04:56:55] [spechunter] [Agent] description, prompt
[04:57:19] [spechunter] [Grep] pattern='smivt|SMIVT'
[04:57:19] [spechunter] [Grep] pattern='xivt|XIVT'
[04:57:19] [spechunter] [Grep] pattern='external.interrupt.vector|interrupt.virtualization'
[04:57:19] [spechunter] [Bash] Show uncommitted diff in riscv-iommu.c
[04:57:19] [spechunter] [Bash] Show staged diff in riscv-iommu.c
[04:57:42] [spechunter] [Bash] Check recent git log
[04:57:42] [spechunter] [Bash] Check all branches
[04:57:42] [spechunter] [Bash] Check stash list
[04:58:09] [spechunter] [Bash] List all RISC-V IOMMU and interrupt-related files
[04:58:09] [spechunter] [Bash] List all RISC-V IOMMU and interrupt-related include files
[04:58:09] [spechunter] [Bash] List RISC-V target interrupt-related files
[04:58:09] [spechunter] [Grep] pattern='vector.table|vector_table|vect.*table|interrupt.*file|imsic'
[04:58:09] [spechunter] [Grep] pattern='MSIPTP|msiptp'
[04:58:26] [spechunter] [Read] /home/yzs/riscv/qemu/hw/riscv/riscv-iommu-bits.h
[04:58:26] [spechunter] [Read] /home/yzs/riscv/qemu/hw/riscv/riscv-iommu.c
[04:58:26] [spechunter] [Read] /home/yzs/riscv/qemu/hw/riscv/riscv-iommu.h
[04:58:26] [spechunter] [Grep] pattern='interrupt.file|interrupt_file|int_file|file_id|vector_table|vector\\.table|XIVT|SMIVT|msi_vector'
[04:58:51] [spechunter] [Bash] RISC-V interrupt controller files
[04:58:51] [spechunter] [Bash] List RISC-V target directory
[04:58:51] [spechunter] [Bash] List RISC-V spec-related docs
[04:58:51] [spechunter] [Grep] pattern='SMIVT|smivt|mivt|MIVT|imsic.*vector|vector.*imsic|intr_file|intrfile|eixth|SMSTATEEN.*ivt|mvien|mvip|MVIEN|MVIP'
[04:58:51] [spechunter] [Grep] pattern='interrupt_file|interrupt_identity|eidelivery|eithreshold|interrupt_file_num'
[04:59:08] [spechunter] [Read] /home/yzs/riscv/qemu/target/riscv/cpu_bits.h
[04:59:08] [spechunter] [Grep] pattern='mvien|MVIP|mvip|MVIEN|mvien|snie|SNIE|sisle|SISLE|hvien|HVIP|hvip|HVIEN|hstickte|sscte|SMSTATEEN|siselect|sireg'
[04:59:08] [spechunter] [Grep] pattern='interrupt.*file|file.*number|eidelivery|eithreshold|topi|TOPI|IREG|ireg'
[04:59:08] [spechunter] [Read] /home/yzs/riscv/qemu/include/hw/intc/riscv_imsic.h
[04:59:08] [spechunter] [Read] /home/yzs/riscv/qemu/docs/specs/riscv-aia.rst
[04:59:21] [spechunter] [Grep] pattern='MTOP|stopi|vst|vstopi|hvictl|HVICTL|hvip|hviprio|HIPRIO'
[04:59:21] [spechunter] [Bash] Search git log for smivt/xivt/interrupt virtualization
[04:59:21] [spechunter] [Bash] Check remotes
[04:59:21] [spechunter] [Grep] pattern='hvictl|hviprio|HI|SIELE|stopei|stopei|eie|IE'
[04:59:43] [spechunter] [Grep] pattern='interrupt.identit|intp._file|file_num|MAX.*file|iid|IID'
[04:59:43] [spechunter] [Grep] pattern='intp._file|file_num|MAX.*file|iid|IID|eidelivery|eithreshold'
[04:59:43] [spechunter] [Grep] pattern='num_irqs|num_ids|interrupt.*file|file.*width|iid|IID|IDENT'
[04:59:43] [spechunter] [Read] /home/yzs/riscv/qemu/hw/intc/riscv_imsic.c
[05:00:09] [spechunter] [Read] /home/yzs/riscv/qemu/hw/riscv/riscv-iommu-pci.c
[05:00:09] [spechunter] [Grep] pattern='interrupt.*file.*num|intr.*file.*num|file.*num|MRIF.*NID|mrif.*nid|MSI.*MRIF'
[05:00:09] [spechunter] [Grep] pattern='NID|nid|nppn|NPPN'
[05:00:09] [spechunter] [Read] /home/yzs/riscv/qemu/hw/riscv/riscv-iommu.c
[05:00:37] [spechunter] [Grep] pattern='IMSIC|TOPEI|IID|EIE|EIP'
[05:00:37] [spechunter] [Grep] pattern='intp|vstopei|hidely|hviprio'
[05:00:37] [spechunter] [Read] /home/yzs/riscv/qemu/target/riscv/cpu_bits.h
[05:00:37] [spechunter] [Grep] pattern='IRQ_S_EXT|IRQ_VS_EXT|IRQ_M_EXT|ext.*interrupt|S_EXT'
[05:01:02] [spechunter] [Grep] pattern='hvictl|hviprio|hideleg.*ext|vs_ext|VS_EXT|ext.*intr|external.*interrupt|virtual.*intr'
[05:01:02] [spechunter] [Grep] pattern='vstopei|VSTOPEI|VS_TOPEI|vstopi|VSTOPI'
[05:01:02] [spechunter] [Grep] pattern='hvictl|hviprio[12]'
[05:01:02] [spechunter] [Grep] pattern='hvictl|HVICTL|hviprio|HIPRIO'
[05:01:44] [spechunter] [Bash] List analysis JSON files
[05:01:44] [spechunter] [Read] /home/yzs/riscv/qemu/analysis_normative_rules_review.json
[05:01:44] [spechunter] [Bash] Check all branches for smivt/xivt
[05:01:44] [spechunter] [Grep] pattern='SMIVT|smivt|xivt|XIVT|vector.*table.*interrupt|interrupt.*vector.*table|svictl|svicntl|external.*int.*trap|ext.*int.*vector|virtual.*trap'
[05:02:27] [spechunter] [Grep] pattern='hvien|hvip|hgeie|hgeip'
[05:02:27] [spechunter] [Grep] pattern='0x7ff|2047|2048|0xfff|4095|4096|11.bit|12.bit|10.bit|field.width|IID.*SHIFT|IID.*MASK'
[05:02:27] [spechunter] [Read] /home/yzs/riscv/qemu/hw/riscv/riscv-iommu.c
[05:02:27] [spechunter] [Grep] pattern='ivec|MSI.*flat|MSI.*table|0x7ff|2047|GISX|gsiv|gisv|gisvt|ext_intr|eixth'
[05:02:47] [spechunter] [Grep] pattern='IID.*HVICTL|HVICTL.*IID|IRQ_S_EXT.*hv|external.*hvictl|VS_EXTER|VS_EXT|vsext|VSEXI'
[05:02:47] [spechunter] [Grep] pattern='riscv_cpu_do_interrupt|ext.*intr|external.*int|SEIP.*virtual|hvictl.*VTI'
[05:02:47] [spechunter] [Bash] Check remotes and their URLs
[05:02:47] [spechunter] [Bash] Check remote tracking branches
[05:03:02] [spechunter] [Bash] Check all branches for recent commits
[05:03:02] [spechunter] [Grep] pattern='SMIVT|smivt'
[05:03:02] [spechunter] [Grep] pattern='vector.*table.*width|width.*field.*xivt|field.*width.*xivt|xivt.*fix|fixing.*field.*width'
[05:03:02] [spechunter] [Grep] pattern='flatten_cst|eidt|eIDT|EIDT|flatten.*hdt|flatten.*sdt|GIS|gsiv|gisv|virtual.*ext.*int|external.*int.*virtual'
[05:03:02] [spechunter] [Read] /home/yzs/riscv/qemu/hw/riscv/riscv-iommu.c
[05:04:38] [spechunter] [text] ## Review Result  Both fast-path and slow-path location sets are empty, and exhaustive codebase exploration confirms tha...
[05:04:51] [spechunter] [Read] /home/yzs/riscv/qemu/hw/riscv/riscv-iommu.c
[05:04:51] [spechunter] [Bash] Show the diff of the modified file
[05:05:14] [spechunter] [text] Let me read more context around the modified function to understand the full validation flow.  
[05:05:14] [spechunter] [Read] /home/yzs/riscv/qemu/hw/riscv/riscv-iommu.c
[05:05:14] [spechunter] [Grep] pattern='RISCV_IOMMU_DC_IOHGATP_MODE_BARE|RISCV_IOMMU_DC_MSIPTP_MODE'
[05:06:01] [spechunter] [text] Now let me search for the xivt/eivt CSR field width handling that the PR title refers to.  
[05:06:01] [spechunter] [Grep] pattern='xivt|eivt'
[05:06:01] [spechunter] [Grep] pattern='extract64.*XLEN'
[05:06:17] [spechunter] [Grep] pattern='xivt|eivt|_ivt'
[05:06:32] [spechunter] [text] The PR title mentions "xivt" but the actual diff is in `riscv-iommu.c`. Let me search for the vector table field width c...
[05:06:32] [spechunter] [Grep] pattern='xvirt|XIVT|smivt|SMIvT'
[05:06:32] [spechunter] [Grep] pattern='wait_for_interrupt|interrupt.*vector.*table|vector.*base.*addr'
[05:06:45] [spechunter] [text] Let me look at the actual diff more carefully and check if there are related changes to what the PR title describes.  
[05:06:45] [spechunter] [Grep] pattern='SMIvT|smivt|xi_vt|xivt|_IVT|ivt.*mask|ivt.*base'
[05:06:45] [spechunter] [Grep] pattern='MSIPTP|msiptp|MSI_PTP'
[05:06:56] [spechunter] [text] Let me look at the IOMMU bits definitions and the spec checks being validated.  
[05:06:56] [spechunter] [Read] /home/yzs/riscv/qemu/hw/riscv/riscv-iommu-bits.h
[05:06:56] [spechunter] [Read] /home/yzs/riscv/qemu/hw/riscv/riscv-iommu.c
[05:06:56] [spechunter] [Read] /home/yzs/riscv/qemu/hw/riscv/riscv-iommu.c
[05:07:43] [spechunter] [Grep] pattern='RISCV_IOMMU_ATP_MODE_FIELD|get_field|RISCV_IOMMU_DC_MSIPTP_PPN|MSIPTP_PPN'
[05:07:43] [spechunter] [Read] /home/yzs/riscv/qemu/hw/riscv/riscv-iommu-bits.h
[05:07:59] [spechunter] [text] Now let me check the RISC-V IOMMU spec to understand the validation rule being added.  
[05:07:59] [spechunter] [Read] /home/yzs/riscv/qemu/hw/riscv/riscv-iommu.c
[05:07:59] [spechunter] [Grep] pattern='riscv_iommu_validate_device_ctx'
[05:08:24] [spechunter] [text] Now let me look at the calling context and verify the full validation chain.  
[05:08:24] [spechunter] [Read] /home/yzs/riscv/qemu/hw/riscv/riscv-iommu.c
[05:08:24] [spechunter] [Read] /home/yzs/riscv/qemu/hw/riscv/riscv-iommu-bits.h
[05:08:43] [spechunter] [text] Now I have a thorough understanding of the code. This PR adds a validation rule to `riscv_iommu_validate_device_ctx`. Le...
[05:08:43] [spechunter] [Read] /home/yzs/riscv/qemu/hw/riscv/riscv-iommu-bits.h
[05:09:41] [spechunter] [text] Now I have a thorough understanding of the code. Let me produce the analysis.  ```json {   "findings": [     {       "fi...
