[11:10:29] [spechunter] PR loaded: #218 riscv-non-isa/riscv-iopmp — "Reference Model: Fix NAPOT range not consider entry granularity"
[11:10:29] [spechunter]   diff: 1742 chars  body: 269 chars  reviews: 0
[11:10:29] [spechunter] Global pre-filter running...
[11:10:48] [spechunter] [text] {"should_skip": false}
[11:10:49] [spechunter] pre-filter: should_skip=False reason=""
[11:11:00] [spechunter] [text] {"should_skip": true, "skip_reason": "Fix targets only the IOPMP reference model (verification tooling), not the IOPMP s...
[11:11:04] [spechunter] [Grep] pattern='iopmp'
[11:11:12] [spechunter] [text] {"should_skip": true, "skip_reason": "Reference model implementation fix in a non-ISA test tool, not a spec change nor a...
[11:11:14] [spechunter] [text] {"should_skip": true, "skip_reason": "IOPMP reference model bugfix for NAPOT granularity; IOPMP is a separate I/O memory...
[11:11:20] [spechunter] [text] {"should_skip": false}
[11:11:23] [spechunter] [text] {"should_skip": true, "skip_reason": "Reference model code fix (not a spec change) in riscv-non-isa/riscv-iopmp; QEMU do...
[11:11:39] [spechunter] [Grep] pattern='iopmp|IOPMP'
[11:11:39] [spechunter] [Grep] pattern='NAPOT|napot'
[11:11:50] [spechunter] [Read] /home/yzs/riscv/XiangShan/ChiselIOPMP/src/main/scala/IopmpChecker.scala
[11:11:50] [spechunter] [Read] /home/yzs/riscv/XiangShan/ChiselIOPMP/src/main/scala/Iopmp.scala
[11:13:15] [spechunter] [text] Let me look for how granularity is handled in the IOPMP implementation.  
[11:13:15] [spechunter] [Grep] pattern='granularity|G_mask|gen_granularity'
[11:13:15] [spechunter] [Grep] pattern='hwcfg0|HWCFG0'
[11:15:11] [spechunter] [text] Now let me look at the specific NAPOT address construction logic and the granularity handling more carefully.  
[11:15:11] [spechunter] [Read] /home/yzs/riscv/XiangShan/ChiselIOPMP/src/main/scala/IopmpChecker.scala
[11:15:11] [spechunter] [Read] /home/yzs/riscv/XiangShan/ChiselIOPMP/src/main/scala/IopmpChecker.scala
[11:16:11] [spechunter] [text] ```json {   "violation_condition": "In ChiselIOPMP's Ctrl module (IopmpChecker.scala:1238-1239), when constructing the N...
[11:16:27] [spechunter] [Grep] pattern='iopmp|IOPMP'
[11:16:27] [spechunter] [Grep] pattern='NAPOTDecoder|NapotDecoder|napot_decoder|NAPOT'
[11:16:27] [spechunter] [Grep] pattern='HWCFG|hwcfg|HWCFG0|hwcfg0|granularity'
[11:16:27] [spechunter] [Grep] pattern='entry_addr|entryAddr|EntryAddr|entry\\.addr'
[11:16:34] [spechunter] [Agent] description, prompt
[11:16:36] [spechunter] [Glob] **/*opmp*
[11:16:36] [spechunter] [Glob] **/*IOPMP*
[11:16:36] [spechunter] [Grep] pattern='NapotDecoder|NAPOTDecoder'
[11:16:45] [spechunter] [Glob] **/*iopmp*
[11:16:45] [spechunter] [Glob] **/*IOPMP*
[11:16:45] [spechunter] [Glob] **/*Napot*
[11:16:45] [spechunter] [Glob] **/*napot*
[11:16:45] [spechunter] [Read] /home/yzs/riscv/XiangShan/ChiselIOPMP/src/main/scala/Iopmp.scala
[11:16:45] [spechunter] [Read] /home/yzs/riscv/XiangShan/ChiselIOPMP/src/main/scala/IopmpChecker.scala
[11:16:45] [spechunter] [Read] /home/yzs/riscv/XiangShan/ChiselIOPMP/src/main/scala/IopmpBridge.scala
[11:17:05] [spechunter] [Bash] Find IOPMP-related directories
[11:17:05] [spechunter] [Bash] Find all IOPMP-related files
[11:17:05] [spechunter] [Bash] Find all PMP-related files
[11:17:05] [spechunter] [Grep] pattern='iopmp|IOPMP|Iopmp'
[11:17:07] [spechunter] [text] Now let me also check for any granularity-related fields and the NAPOT entry address construction more closely.  
[11:17:07] [spechunter] [Grep] pattern='granularity|G_|g_field|entry_addr_gran'
[11:17:07] [spechunter] [Grep] pattern='Cat\\(.*entry\\.addr.*U\\(2\\.W\\)|Cat\\(.*entry\\.addr.*3\\.U'
[11:17:07] [spechunter] [Grep] pattern='HWCFG0|hwcfg0|Hwcfg0'
[11:17:12] [spechunter] [Read] /home/yzs/riscv/XiangShan/ChiselIOPMP/src/main/scala/Iopmp.scala
[11:17:12] [spechunter] [Read] /home/yzs/riscv/XiangShan/ChiselIOPMP/src/main/scala/IopmpChecker.scala
[11:17:12] [spechunter] [Read] /home/yzs/riscv/XiangShan/ChiselIOPMP/src/main/scala/IopmpBridge.scala
[11:17:13] [spechunter] [text] Let me also check the findings file and any test files related to IOPMP.  
[11:17:13] [spechunter] [Glob] **/*test*
[11:17:13] [spechunter] [Glob] **/*.scala
[11:17:16] [spechunter] [Read] /home/yzs/riscv/XiangShan/iopmp_hwcfg_v081_findings.json
[11:17:28] [spechunter] [Grep] pattern='Cat\\(.*entry\\.addr|Cat\\(.*entry_addr.*U\\(2|Cat\\(.*addr.*U\\(2\\.W\\)'
[11:17:28] [spechunter] [Grep] pattern='napot|NAPOT|Napot'
[11:17:28] [spechunter] [Grep] pattern='NA4|na4'
[11:17:28] [spechunter] [Grep] pattern='trailing_ones|trailing.ones'
[11:17:37] [spechunter] [text] Now let me verify a key detail about the Ctrl FSM priority state and the NAPOT address construction with granularity.  
[11:17:37] [spechunter] [Grep] pattern='sPriority|pri_hit|pri_part_hit|addr_start|addr_end'
[11:17:37] [spechunter] [Grep] pattern='G_|g_field|entryG|granule'
[11:17:54] [spechunter] [Bash] Find generated Verilog output files in build directory
[11:17:54] [spechunter] [Grep] pattern='granularity|grain|GRANULARITY|GRAIN|hwcfg0_g'
[11:17:54] [spechunter] [Grep] pattern='Cat\\(.*1\\.U\\(2\\.W\\)|Cat\\(.*3\\.U\\(2\\.W\\)|Cat\\(.*2\\.U.*W\\)'
[11:17:54] [spechunter] [Grep] pattern='entry_addr.*Cat|Cat.*entry.addr|Cat.*io\\.entry'
[11:18:23] [spechunter] [Read] /home/yzs/riscv/XiangShan/iopmp_hwcfg_v081_findings.json
[11:18:23] [spechunter] [Grep] pattern='iopmp|IOPMP|Iopmp'
[11:18:23] [spechunter] [Grep] pattern='iopmp|IOPMP|Iopmp'
[11:18:23] [spechunter] [Grep] pattern='soc_addr_width|entry\\.addr|entry_addr'
[11:18:37] [spechunter] [text] Here is the comprehensive location report:  ```json {   "locations": [     {       "file_path": "ChiselIOPMP/src/main/sc...
[11:18:53] [spechunter] [Read] /home/yzs/riscv/XiangShan/src/main/scala/xiangshan/backend/fu/PMP.scala
[11:18:53] [spechunter] [Read] /home/yzs/riscv/XiangShan/src/main/scala/xiangshan/backend/fu/NewCSR/CSRPMP.scala
[11:18:53] [spechunter] [Read] /home/yzs/riscv/XiangShan/src/test/scala/top/SimMMIO.scala
[11:18:53] [spechunter] [Grep] pattern='set_low_bits|clear_low_bits|napotAligned|napotMatch'
[11:19:42] [spechunter] [Bash] Check if build directory has any generated Verilog
[11:19:42] [spechunter] [Grep] pattern='PlatformGrain'
[11:19:42] [spechunter] [Bash] List all source files in ChiselIOPMP directory tree
[11:19:42] [spechunter] [Grep] pattern='0x2\\.U|0x3\\.U|a === 2|a === 3'
[11:19:56] [spechunter] [Bash] Check git history for IOPMP submodule
[11:19:56] [spechunter] [Grep] pattern='ChiselIOPMP|IOPMP_checker|iopmp_checker'
[11:19:56] [spechunter] [Read] /home/yzs/riscv/XiangShan/ChiselIOPMP/src/main/scala/IopmpChecker.scala
[11:21:41] [spechunter] [text] Let me read the specific code to confirm the findings.  
[11:21:41] [spechunter] [Read] /home/yzs/riscv/XiangShan/ChiselIOPMP/src/main/scala/IopmpChecker.scala
[11:21:41] [spechunter] [Read] /home/yzs/riscv/XiangShan/ChiselIOPMP/src/main/scala/IopmpChecker.scala
[11:21:41] [spechunter] [Read] /home/yzs/riscv/XiangShan/ChiselIOPMP/src/main/scala/IopmpChecker.scala
[11:21:41] [spechunter] [Read] /home/yzs/riscv/XiangShan/ChiselIOPMP/src/main/scala/IopmpChecker.scala
[11:21:51] [spechunter] [text] Let me also check the reference model fix and the entry address width declaration.  
[11:21:51] [spechunter] [Grep] pattern='granularity|G >= 2|G-2'
[11:21:51] [spechunter] [Read] /home/yzs/riscv/XiangShan/ChiselIOPMP/src/main/scala/IopmpChecker.scala
[11:21:51] [spechunter] [Read] /home/yzs/riscv/XiangShan/ChiselIOPMP/src/main/scala/IopmpChecker.scala
[11:21:57] [spechunter] [Glob] **/iopmp_ref_model/**/*.c
[11:21:57] [spechunter] [Grep] pattern='entry_addr_width'
[11:22:13] [spechunter] [Grep] pattern='iopmp_ref_model|iopmp-ref'
[11:22:13] [spechunter] [Bash] Check if iopmp_ref_model dir exists
[11:23:11] [spechunter] [text] Now I have all the evidence. Let me compile the findings into the required JSON format.  
[11:23:11] [spechunter] [Write] /home/yzs/riscv/XiangShan/iopmp_hwcfg_v081_findings.json
[11:23:23] [spechunter] [Read] /home/yzs/riscv/XiangShan/iopmp_hwcfg_v081_findings.json
[11:26:34] [spechunter] [Write] /home/yzs/riscv/XiangShan/iopmp_hwcfg_v081_findings.json
[11:26:41] [spechunter] [text] Findings written to `iopmp_hwcfg_v081_findings.json`.  **Summary of the bug chain** in `ChiselIOPMP/src/main/scala/Iopmp...
[11:26:57] [spechunter] [Read] /home/yzs/riscv/XiangShan/ChiselIOPMP/src/main/scala/IopmpChecker.scala
[11:26:57] [spechunter] [Read] /home/yzs/riscv/XiangShan/ChiselIOPMP/src/main/scala/IopmpChecker.scala
[11:26:57] [spechunter] [Read] /home/yzs/riscv/XiangShan/ChiselIOPMP/src/main/scala/IopmpChecker.scala
[11:27:14] [spechunter] [Read] /home/yzs/riscv/XiangShan/ChiselIOPMP/src/main/scala/IopmpChecker.scala
[11:27:14] [spechunter] [Read] /home/yzs/riscv/XiangShan/ChiselIOPMP/src/main/scala/IopmpChecker.scala
[11:27:14] [spechunter] [Read] /home/yzs/riscv/XiangShan/ChiselIOPMP/src/main/scala/IopmpChecker.scala
[11:28:21] [spechunter] [text] Now let me also read the Iopmp.scala top-level for completeness.  
[11:28:21] [spechunter] [Read] /home/yzs/riscv/XiangShan/ChiselIOPMP/src/main/scala/Iopmp.scala
[11:29:59] [spechunter] [text] Now I have a thorough understanding of the code. Let me cross-validate each fast-path location against the PR context.  ...
[11:29:59] [spechunter] [Read] /home/yzs/riscv/XiangShan/ChiselIOPMP/src/main/scala/IopmpChecker.scala
[11:31:52] [spechunter] [text] Now let me cross-validate each location against the actual PR fix needs.  The PR is about a **narrow, specific bug**: at...
[11:32:35] [spechunter] [text] Let me read the relevant code at each location.  
[11:32:35] [spechunter] [Grep] pattern='Cat\\(io\\.entry\\.addr.*3\\.U'
[11:32:35] [spechunter] [Grep] pattern='IopmpChecker'
[11:32:35] [spechunter] [Grep] pattern='NAPOT.*entry.*addr|entry_addr.*NAPOT'
[11:32:54] [spechunter] [text] Let me read the actual source code at the relevant locations.  
[11:32:54] [spechunter] [Read] /home/yzs/riscv/XiangShan/ChiselIOPMP/src/main/scala/IopmpChecker.scala
[11:32:54] [spechunter] [Read] /home/yzs/riscv/XiangShan/ChiselIOPMP/src/main/scala/IopmpChecker.scala
[11:32:54] [spechunter] [Read] /home/yzs/riscv/XiangShan/ChiselIOPMP/src/main/scala/IopmpChecker.scala
[11:33:12] [spechunter] [text] Let me also check the HWCFG0 register definition and the `soc_addr_width` parameter, and the overall context of how gran...
[11:33:12] [spechunter] [Grep] pattern='hwcfg0.*granularity|granularity.*G|RegHwcfg0'
[11:33:12] [spechunter] [Grep] pattern='soc_addr_width'
[11:33:12] [spechunter] [Read] /home/yzs/riscv/XiangShan/ChiselIOPMP/src/main/scala/IopmpChecker.scala
[11:33:32] [spechunter] [text] Let me search for the granularity field specifically in the IOPMP RTL and spec context.    
[11:33:32] [spechunter] [Grep] pattern='granularity|hwcfg3|HWCFG3'
[11:33:32] [spechunter] [Grep] pattern='soc_addr_width|addr_width'
[11:33:32] [spechunter] [Read] /home/yzs/riscv/XiangShan/ChiselIOPMP/src/main/scala/IopmpChecker.scala
[11:34:50] [spechunter] [text] Now let me also verify the overall structure — whether the FSM state names and the IopmpParams import confirm the analys...
[11:34:50] [spechunter] [Read] /home/yzs/riscv/XiangShan/ChiselIOPMP/src/main/scala/IopmpChecker.scala
[11:34:50] [spechunter] [Read] /home/yzs/riscv/XiangShan/ChiselIOPMP/src/main/scala/IopmpChecker.scala
[11:35:04] [spechunter] [text] Let me check the FSM states around sPriority to see if the priority check logic is properly structured.  
[11:35:04] [spechunter] [Read] /home/yzs/riscv/XiangShan/ChiselIOPMP/src/main/scala/IopmpChecker.scala
[11:35:04] [spechunter] [Read] /home/yzs/riscv/XiangShan/ChiselIOPMP/src/main/scala/IopmpChecker.scala
[11:35:29] [spechunter] [text] Now I have all the information needed. Let me produce the security analysis.  
[11:35:29] [spechunter] [Read] /home/yzs/riscv/XiangShan/ChiselIOPMP/src/main/scala/IopmpChecker.scala
[11:36:20] [spechunter] [text] Now I have a complete picture of the RTL. Let me produce the security audit.  ```json {   "findings": [     {       "fil...
[01:16:09] [spechunter] PR loaded: #218 riscv-non-isa/riscv-iopmp — "Reference Model: Fix NAPOT range not consider entry granularity"
[01:16:09] [spechunter]   diff: 1742 chars  body: 269 chars  reviews: 0
[01:16:09] [spechunter] Global pre-filter running...
[01:16:22] [spechunter] [text] {"should_skip": false}
[01:16:23] [spechunter] pre-filter: should_skip=False reason=""
[01:16:41] [spechunter] [text] {"should_skip": true, "skip_reason": "Fix in IOPMP reference model tooling only — the spec itself is unchanged, and Free...
[01:16:42] [spechunter] [text] {"should_skip": true, "skip_reason": "Reference model implementation bug fix with no spec text or software-visible inter...
[01:16:45] [spechunter] [text] {"should_skip": true, "skip_reason": "IOPMP is a hardware I/O memory protection IP block not emulated by QEMU; this PR f...
[01:16:46] [spechunter] [text] {"should_skip": true, "skip_reason": "IOPMP reference model bugfix in a testing/simulation tool, not a spec change affec...
[01:16:53] [spechunter] [Grep] pattern='iopmp|IOPMP'
[01:17:27] [spechunter] [text] {"should_skip": false}
[01:18:03] [spechunter] [text] ```json {   "violation_condition": "In XiangShan IOPMP hardware checker, when computing the NAPOT address range for an e...
[01:18:29] [spechunter] [Agent] description, prompt
[01:18:42] [spechunter] [Grep] pattern='IOPMP_addr_checker|IOPMP_NAPOT_range_calc'
[01:18:42] [spechunter] [Grep] pattern='iopmpaddr'
[01:18:42] [spechunter] [Grep] pattern='iopmpcfg'
[01:18:42] [spechunter] [Grep] pattern='NAPOT.*range|napot.*mask|G_mask|G_minus'
[01:18:42] [spechunter] [Grep] pattern='addr_range|addr_check'
[01:18:48] [spechunter] [Grep] pattern='iopmp'
[01:18:48] [spechunter] [Grep] pattern='napot'
[01:18:48] [spechunter] [Grep] pattern='IOPMP'
[01:18:48] [spechunter] [Glob] **/*opmp*
[01:18:48] [spechunter] [Glob] **/*OPMP*
[01:18:58] [spechunter] [Grep] pattern='IOPMP|iopmp'
[01:18:58] [spechunter] [Grep] pattern='NAPOT'
[01:18:58] [spechunter] [Glob] **/*opmp*
[01:18:58] [spechunter] [Grep] pattern='IOPMP|iopmp'
[01:19:11] [spechunter] [Read] /home/yzs/riscv/XiangShan/ChiselIOPMP/src/main/scala/IopmpChecker.scala
[01:19:11] [spechunter] [Read] /home/yzs/riscv/XiangShan/ChiselIOPMP/src/main/scala/Iopmp.scala
[01:19:11] [spechunter] [Read] /home/yzs/riscv/XiangShan/ChiselIOPMP/src/main/scala/IopmpBridge.scala
[01:19:11] [spechunter] [Read] /home/yzs/riscv/XiangShan/iopmp_security_audit.json
[01:19:11] [spechunter] [Read] /home/yzs/riscv/XiangShan/iopmp_application_note_findings.json
[01:19:25] [spechunter] [Read] /home/yzs/riscv/XiangShan/ChiselIOPMP/src/main/scala/IopmpChecker.scala
[01:19:25] [spechunter] [Read] /home/yzs/riscv/XiangShan/ChiselIOPMP/src/main/scala/Iopmp.scala
[01:19:25] [spechunter] [Read] /home/yzs/riscv/XiangShan/ChiselIOPMP/src/main/scala/IopmpBridge.scala
[01:19:48] [spechunter] [text] Now let me search for the specific NAPOT range calculation patterns relevant to the PR.  
[01:19:48] [spechunter] [Grep] pattern='NAPOT|napot|Napot'
[01:19:48] [spechunter] [Grep] pattern='granularity|G_mask|G_minus|trailing_ones|addr_start|addr_end'
[01:19:48] [spechunter] [Grep] pattern='NAPOTDecoder|NA4|attribute\\.a'
[01:19:48] [spechunter] [Glob] **/ChiselIOPMP/**/*.scala
[01:19:57] [spechunter] [Read] /home/yzs/riscv/XiangShan/iopmp_hwcfg_v081_findings.json
[01:19:57] [spechunter] [Read] /home/yzs/riscv/XiangShan/iopmp_chk_x_baseline_findings.json
[01:19:57] [spechunter] [Grep] pattern='granularity'
[01:19:57] [spechunter] [Grep] pattern='entry_addr|addr_range|addr_start|addr_end|NAPOT'
[01:19:57] [spechunter] [text] Let me also check for any test files and the SimMMIO reference.  
[01:19:57] [spechunter] [Grep] pattern='IOPMP|iopmp'
[01:19:57] [spechunter] [Glob] **/*iopmp*
[01:19:57] [spechunter] [Glob] **/*Iopmp*
[01:20:02] [spechunter] [Read] /home/yzs/riscv/XiangShan/rocket-chip/src/main/scala/rocket/PMP.scala
[01:20:02] [spechunter] [Read] /home/yzs/riscv/XiangShan/iopmp_hwcfg_v081_layout_findings.json
[01:20:20] [spechunter] [Read] /home/yzs/riscv/XiangShan/ChiselIOPMP/src/main/scala/IopmpChecker.scala
[01:20:20] [spechunter] [Read] /home/yzs/riscv/XiangShan/ChiselIOPMP/src/main/scala/IopmpChecker.scala
[01:20:20] [spechunter] [Read] /home/yzs/riscv/XiangShan/ChiselIOPMP/src/main/scala/IopmpChecker.scala
[01:20:23] [spechunter] [text] Let me check if the entry_cfg includes a G/granularity field.  
[01:20:23] [spechunter] [Read] /home/yzs/riscv/XiangShan/ChiselIOPMP/src/main/scala/IopmpChecker.scala
[01:20:23] [spechunter] [Read] /home/yzs/riscv/XiangShan/ChiselIOPMP/src/main/scala/IopmpChecker.scala
[01:21:12] [spechunter] [text] Here is the comprehensive location report:  ```json {   "locations": [     {       "file_path": "ChiselIOPMP/src/main/sc...
[01:21:27] [spechunter] [text] Let me verify the critical code locations directly before producing the final report
[01:21:27] [spechunter] [Read] /home/yzs/riscv/XiangShan/ChiselIOPMP/src/main/scala/IopmpChecker.scala
[01:21:27] [spechunter] [Read] /home/yzs/riscv/XiangShan/ChiselIOPMP/src/main/scala/IopmpChecker.scala
[01:21:27] [spechunter] [Read] /home/yzs/riscv/XiangShan/ChiselIOPMP/src/main/scala/IopmpChecker.scala
[01:21:50] [spechunter] [Read] /home/yzs/riscv/XiangShan/ChiselIOPMP/src/main/scala/IopmpChecker.scala
[01:21:50] [spechunter] [Read] /home/yzs/riscv/XiangShan/ChiselIOPMP/src/main/scala/IopmpChecker.scala
[01:21:50] [spechunter] [Read] /home/yzs/riscv/XiangShan/ChiselIOPMP/src/main/scala/IopmpChecker.scala
[01:21:58] [spechunter] [Grep] pattern='hwcfg.*G|granularity|o_reg_hwcfg'
[01:21:58] [spechunter] [Grep] pattern='RegHwcfg|class.*Hwcfg'
[01:22:24] [spechunter] [Read] /home/yzs/riscv/XiangShan/ChiselIOPMP/src/main/scala/IopmpChecker.scala
[01:22:24] [spechunter] [Read] /home/yzs/riscv/XiangShan/ChiselIOPMP/src/main/scala/IopmpChecker.scala
[01:22:30] [spechunter] [text] Now let me check the reference model fix and existing findings for cross-reference.  
[01:22:30] [spechunter] [Grep] pattern='NAPOT|napot|G_minus|granularity.*G|entry.*addr.*mask'
[01:22:30] [spechunter] [Read] /home/yzs/riscv/XiangShan/iopmp_hwcfg_v081_findings.json
[01:23:10] [spechunter] [Glob] **/iopmp_rule_analyzer*
[01:23:10] [spechunter] [Glob] **/iopmp_ref_model/**
[01:23:10] [spechunter] [Grep] pattern='G.*>=.*2.*napot|addr\\[G-2:0\\]|G-2.*napot|NAPOT.*G_2'
[01:23:15] [spechunter] [Read] /home/yzs/riscv/XiangShan/src/main/scala/xiangshan/backend/fu/NewCSR/PMPEntryModule.scala
[01:23:15] [spechunter] [Grep] pattern='NAPOT|napot|G_minus|granularity|addr_mask|readAddr'
[01:23:32] [spechunter] [Read] /home/yzs/riscv/XiangShan/src/main/scala/xiangshan/backend/fu/NewCSR/PMPEntryModule.scala
[01:23:38] [spechunter] [text] Now let me check the PMP.scala for the correct reference implementation
[01:23:38] [spechunter] [Grep] pattern='NAPOT|napot|readAddr|computeMask|granularity|G_minus|G.*>=.*2'
[01:23:48] [spechunter] [text] Let me check for any additional relevant files
[01:23:48] [spechunter] [Glob] ChiselIOPMP/src/main/scala/**/*.scala
[01:24:05] [spechunter] [text] Let me confirm a few more parameter definitions for completeness.  
[01:24:05] [spechunter] [Read] /home/yzs/riscv/XiangShan/ChiselIOPMP/src/main/scala/IopmpChecker.scala
[01:25:03] [spechunter] [text] Now I have all the information needed. Here is the final output:  ```json {   "finding": "ChiselIOPMP Ctrl module hardco...
[01:25:20] [spechunter] [Read] /home/yzs/riscv/XiangShan/ChiselIOPMP/src/main/scala/IopmpChecker.scala
[01:25:20] [spechunter] [Read] /home/yzs/riscv/XiangShan/ChiselIOPMP/src/main/scala/IopmpChecker.scala
[01:25:20] [spechunter] [Read] /home/yzs/riscv/XiangShan/ChiselIOPMP/src/main/scala/IopmpChecker.scala
[01:25:33] [spechunter] [Read] /home/yzs/riscv/XiangShan/ChiselIOPMP/src/main/scala/IopmpChecker.scala
[01:25:33] [spechunter] [Read] /home/yzs/riscv/XiangShan/ChiselIOPMP/src/main/scala/IopmpChecker.scala
[01:26:28] [spechunter] [text] Now let me check the register definitions for any G/granularity field.  
[01:26:28] [spechunter] [Grep] pattern='granularity|granu|\\.G\\b|val G'
[01:26:28] [spechunter] [Grep] pattern='RegHwcfg|RegEntryoffset|iopmpcfg|class Reg\\w+'
[01:26:36] [spechunter] [Read] /home/yzs/riscv/XiangShan/ChiselIOPMP/src/main/scala/IopmpChecker.scala
[01:26:36] [spechunter] [Grep] pattern='granularity|iopmpcfg.*G|entry_gran|entrygran'
[01:27:00] [spechunter] [text] Let me check if there's a reference model implementation in this repo, as the PR title says "Reference Model."  
[01:27:00] [spechunter] [Grep] pattern='NAPOT|napot|granularity|iopmpcfg.*G'
[01:27:00] [spechunter] [Glob] **/iopmp*ref*
[01:27:00] [spechunter] [Glob] **/iopmp*model*
[01:27:00] [spechunter] [Grep] pattern='NAPOT|napot|granularity|entry_addr|addr_start|addr_end'
[01:27:06] [spechunter] [Grep] pattern='iopmp.*reference|reference.*iopmp|iopmpref|ref.*iopmp'
[01:27:06] [spechunter] [Glob] **/IopmpRef*
[01:27:06] [spechunter] [Glob] **/iopmp/**/*.py
[01:27:24] [spechunter] [Grep] pattern='IopmpParams'
[01:27:27] [spechunter] [Grep] pattern='IopmpParams'
[01:27:33] [spechunter] [Grep] pattern='object IopmpParams|case class IopmpParams|trait.*IopmpParam'
[01:27:33] [spechunter] [Glob] **/*.scala
[01:27:44] [spechunter] [Grep] pattern='object IopmpParams|IopmpParams'
[01:27:48] [spechunter] [Read] /home/yzs/riscv/XiangShan/ChiselIOPMP/src/main/scala/IopmpChecker.scala
[01:28:39] [spechunter] [Grep] pattern='iopmp.*napot|napot.*iopmp|granularity.*G.*NAPOT|entry.*granularity'
[01:28:39] [spechunter] [Grep] pattern='reference.*model.*iopmp|iopmp.*reference.*model'
[01:30:07] [spechunter] [text] Now I have enough context to cross-validate. Let me verify whether a reference model exists in this repo
[01:30:07] [spechunter] [Grep] pattern='NAPOT.*range|napot.*start_addr|napot.*end_addr|napot.*granularity|entry_addr.*0b11|G.*NAPOT'
[01:30:07] [spechunter] [Grep] pattern='checker|module.*Imp|IopmpChecker'
[01:35:21] [spechunter] [text] Now I have enough data to cross-validate. Here's my analysis:  The PR is titled "Reference Model: Fix NAPOT range not co...
[01:35:35] [spechunter] [Agent] description, prompt
[01:35:54] [spechunter] [Grep] pattern='iopmpaddr|IOPMPADDR|iopmp_addr'
[01:35:54] [spechunter] [Grep] pattern='napot_mask|NAPOT_mask'
[01:35:54] [spechunter] [Grep] pattern='gen_granularity_napot|granularity.*napot|napot.*granularity'
[01:35:54] [spechunter] [Grep] pattern='addr_range.*napot|napot.*addr_range'
[01:35:54] [spechunter] [Grep] pattern='IOPMP|iopmp'
[01:35:54] [spechunter] [Grep] pattern='G_mask'
[01:36:08] [spechunter] [Read] /home/yzs/riscv/XiangShan/ChiselIOPMP/src/main/scala/IopmpChecker.scala
[01:36:08] [spechunter] [Read] /home/yzs/riscv/XiangShan/ChiselIOPMP/src/main/scala/Iopmp.scala
[01:36:08] [spechunter] [Read] /home/yzs/riscv/XiangShan/ChiselIOPMP/src/main/scala/IopmpBridge.scala
[01:36:08] [spechunter] [Grep] pattern='napot|NAPOT|addr_mask|gen_napot|napot_mask'
[01:36:38] [spechunter] [Read] /home/yzs/riscv/XiangShan/rocket-chip/src/main/scala/rocket/PMP.scala
[01:36:38] [spechunter] [Glob] **/build/**/*IOPMP*
[01:36:38] [spechunter] [Glob] **/*.v
[01:36:38] [spechunter] [Glob] **/*.sv
[01:36:38] [spechunter] [Grep] pattern='G_mask|granularity.*napot|napot.*granularity|gen_granularity'
[01:36:57] [spechunter] [Glob] **/build/rtl/**
[01:36:57] [spechunter] [Grep] pattern='NAPOT|napot'
[01:36:57] [spechunter] [Read] /home/yzs/riscv/XiangShan/rocket-chip/src/main/scala/rocket/PMP.scala
[01:37:18] [spechunter] [Read] /home/yzs/riscv/XiangShan/iopmp_hwcfg_v081_findings.json
[01:37:18] [spechunter] [Glob] **/build/**/*iopmp*
[01:37:18] [spechunter] [Glob] **/iopmp*findings*
[01:38:31] [spechunter] [text] Let me read the specific code sections and the spec reference documents.  
[01:38:31] [spechunter] [Read] /home/yzs/riscv/XiangShan/ChiselIOPMP/src/main/scala/IopmpChecker.scala
[01:38:31] [spechunter] [Read] /home/yzs/riscv/XiangShan/ChiselIOPMP/src/main/scala/IopmpChecker.scala
[01:38:31] [spechunter] [Read] /home/yzs/riscv/XiangShan/ChiselIOPMP/src/main/scala/IopmpChecker.scala
[01:38:51] [spechunter] [text] Now let me check the IOPMP spec for the correct NAPOT behavior with granularity
[01:38:51] [spechunter] [Bash] List IOPMP spec reference files
[01:38:51] [spechunter] [Grep] pattern='soc_addr_width|entry_num|IopmpParams'
[01:39:28] [spechunter] [text] Let me look at the spec for the NAPOT granularity requirements and check if there's any G parameter in the IOPMP configu...
[01:39:28] [spechunter] [Grep] pattern='granularity|NAPOT|napot|G >=|G>=|entry_addr.*G_|lower.*bits.*one|addr.*G-2'
[01:39:28] [spechunter] [Grep] pattern='granularity|G_minus|G_|entry_gran'
[01:40:09] [spechunter] [Read] /home/yzs/riscv/rv-isa-sec/spec_ref/riscv-iopmp/chapter4.adoc
[01:40:09] [spechunter] [Read] /home/yzs/riscv/rv-isa-sec/spec_ref/riscv-iopmp/chapter3.adoc
[01:40:20] [spechunter] [Grep] pattern='NAPOT|addr|entry.*addr|granularity|ENTRY_ADDR'
[01:40:20] [spechunter] [Grep] pattern='NAPOT|granularity'
[01:40:30] [spechunter] [Read] /home/yzs/riscv/rv-isa-sec/spec_ref/riscv-iopmp/chapter2.adoc
[01:40:30] [spechunter] [Glob] **/iopmp_ref_model/**/*.{c,h,py}
[01:40:50] [spechunter] [Grep] pattern='NAPOT|napot|granularity|G_'
[01:40:50] [spechunter] [Grep] pattern='NAPOT|napot|granularity'
[01:40:56] [spechunter] [text] Now let me read the reference model's NAPOT handling and the granularity-related code in detail.  
[01:40:56] [spechunter] [Read] /home/yzs/riscv/rv-isa-sec/spec_ref/riscv-iopmp/iopmp_ref_model/src/iopmp_rule_analyzer.c
[01:40:56] [spechunter] [Grep] pattern='gen_granularity_napot_mask|get_granularity_G'
[01:41:01] [spechunter] [text] Now let me read the granularity-related functions in the reference model
[01:41:01] [spechunter] [Read] /home/yzs/riscv/rv-isa-sec/spec_ref/riscv-iopmp/iopmp_ref_model/include/iopmp.h
[01:41:01] [spechunter] [Read] /home/yzs/riscv/rv-isa-sec/spec_ref/riscv-iopmp/iopmp_ref_model/src/iopmp_reg.c
[01:41:08] [spechunter] [text] Let me also check the PR context - the reference model register read path and any recent commits that may address the NA...
[01:41:08] [spechunter] [Read] /home/yzs/riscv/rv-isa-sec/spec_ref/riscv-iopmp/iopmp_ref_model/src/iopmp_reg.c
[01:41:08] [spechunter] [Bash] Recent commits in xiangshan repo
[01:43:50] [spechunter] [text] Now let me check the IopmpParams definition for any granularity parameter and read the full NAPOT entry construction con...
[01:43:50] [spechunter] [Read] /home/yzs/riscv/XiangShan/ChiselIOPMP/src/main/scala/IopmpChecker.scala
[01:44:16] [spechunter] [text] Now let me check where the IOPMP specification explicitly defines NAPOT behavior with granularity
[01:44:16] [spechunter] [Grep] pattern='granularity.*NAPOT|NAPOT.*granularity|bits.*G-2.*all ones|read as all ones|force.*set.*ones'
[01:44:16] [spechunter] [Read] /home/yzs/riscv/rv-isa-sec/spec_ref/riscv-iopmp/iopmp_ref_model/src/iopmp_reg.c
[01:44:32] [spechunter] [text] Let me check the IOPMP spec for the granularity specification in the normative text
[01:44:32] [spechunter] [Grep] pattern='granularity|ENTRY_ADDR.*G|addr.*G-2|0x3.*NAPOT.*entries'
[01:44:42] [spechunter] [text] Let me check the RISC-V privileged spec for PMP NAPOT encoding requirements  
[01:44:42] [spechunter] [Grep] pattern='NAPOT.*granularity|granularity.*NAPOT|G-2.*all ones|pmpaddr.*ones|bits.*G-1.*0.*read'
[01:44:51] [spechunter] [Read] /home/yzs/riscv/rv-isa-sec/spec_ref/riscv-isa-manual/src/priv/machine.adoc
[01:44:51] [spechunter] [Read] /home/yzs/riscv/rv-isa-sec/spec_ref/riscv-iopmp/iopmp_ref_model/src/iopmp_reg.c
[01:46:29] [spechunter] [text] Now let me check the existing findings document for context on this issue
[01:46:29] [spechunter] [Read] /home/yzs/riscv/XiangShan/iopmp_hwcfg_v081_findings.json
[01:46:47] [spechunter] [text] Now I have a thorough picture. Let me verify one more thing — the entry address register width vs. the constructed addre...
[01:46:47] [spechunter] [Read] /home/yzs/riscv/XiangShan/ChiselIOPMP/src/main/scala/IopmpChecker.scala
[01:47:03] [spechunter] [text] Now I have a complete picture of the vulnerability. Let me cite the exact spec references.  
[01:47:03] [spechunter] [Read] /home/yzs/riscv/rv-isa-sec/spec_ref/riscv-iopmp/iopmp_ref_model/src/iopmp_rule_analyzer.c
[01:47:57] [spechunter] [text] Now I have all the information needed to produce the final audit. Let me compile the findings.  
[01:47:57] [spechunter] [Write] /home/yzs/riscv/XiangShan/iopmp_napot_granularity_audit.json
