[14:29:42] [spechunter] PR loaded: #81 riscv/riscv-memory-tagging — "src/mte_tagelide: remove zitagelide"
[14:29:42] [spechunter]   diff: 7260 chars  body: 114 chars  reviews: 0
[14:29:42] [spechunter] Global pre-filter running...
[14:30:06] [spechunter] [text] {"should_skip": false}
[14:30:07] [spechunter] pre-filter: should_skip=False reason=""
[14:30:21] [spechunter] [text] {"should_skip": false}
[14:30:23] [spechunter] [text] {"should_skip": true, "skip_reason": "Removing a non-ratified compiler optimization extension (Zitagelide) from the memo...
[14:30:25] [spechunter] [Grep] pattern='mte|tagelide|Zimt|zitagelide|memory.tag'
[14:30:26] [spechunter] [text] {"should_skip": true, "skip_reason": "Memory Tagging Extension (MTE) is not supported by FreeBSD on RISC-V, and this rem...
[14:30:36] [spechunter] [text] {"should_skip": false}
[14:30:40] [spechunter] [Grep] pattern='Zimt|zitagelide|MTE|tagelide|tag.check.elide|TTCD|nietc'
[14:30:40] [spechunter] [Grep] pattern='Zimt|zitagelide|tagelide'
[14:30:54] [spechunter] [Grep] pattern='pbmte|Menvcfg|menvcfg|Senvcfg|senvcfg|henvcfg'
[14:30:54] [spechunter] [Grep] pattern='Zimt|memory.tag|mte|pbmte'
[14:31:00] [spechunter] [Grep] pattern='tagelide|nietc|TTCD|tag.check.elide|TAG_CHECK_ELIDE'
[14:31:00] [spechunter] [Grep] pattern='zitagelide|Zitagelide'
[14:31:03] [spechunter] [Grep] pattern='TTCD|nietc|TAG_CHECK_ELIDE|tag.elide|tagelide|SPTTCD|MPTTCD'
[14:31:03] [spechunter] [Grep] pattern='BIT\\(24\\).*sstatus|sstatus.*BIT\\(24\\)|_SSTATUS.*24|SSTATUS.*TTCD'
[14:31:23] [spechunter] [text] ```json {   "violation_condition": "QEMU emulates the removed Zitagelide extension: decodes the nietc instruction (C.MOP...
[14:31:39] [spechunter] [text] {"should_skip": true, "skip_reason": "Removes Zitagelide, a compiler-focused tag-check-elision extension that XiangShan ...
[14:31:39] [spechunter] [Grep] pattern='nietc|TTCD|tag_check_elide|SPTTCD|MPTTCD|tagelide|zitagelide|tag.*elide|elide.*tag|tag_check_disable'
[14:31:39] [spechunter] [Grep] pattern='mstatus.*bit.*24|bit 42.*mstatus|C\\.MOP\\.3|nietc'
[14:31:39] [spechunter] [Grep] pattern='MSTATUS_MPV|MSTATUS_MTE|0x400000000000|0x00000100'
[14:31:39] [spechunter] [Grep] pattern='TAG_CHECK|tag.check|tagged|mem.tag|MEM_TAG|Zimt|zitagelide|SPTTCD|MPTTCD'
[14:31:39] [spechunter] [Grep] pattern='TAG_CHECK|tag.check|tagged|mem.tag|MEM_TAG|Zimt|zitagelide|SPTTCD|MPTTCD'
[14:31:55] [spechunter] [Grep] pattern='c\\.mop\\.3|C\\.MOP\\.3|mop\\.3|MOP\\.3'
[14:31:55] [spechunter] [Grep] pattern='MSTATUS_MTE|mstatus.*0x1000000|0x01000000|bit 24'
[14:31:55] [spechunter] [Grep] pattern='MSTATUS_|mstatus.*mask|MSTATUS_MXR|MSTATUS_SUM'
[14:31:57] [spechunter] [Grep] pattern='nietc'
[14:31:57] [spechunter] [Grep] pattern='mstatus'
[14:31:57] [spechunter] [Grep] pattern='sstatus'
[14:31:57] [spechunter] [Grep] pattern='vsstatus'
[14:31:57] [spechunter] [Grep] pattern='elide.*tag|tag.*elide|tag_check_elide'
[14:31:57] [spechunter] [Grep] pattern='TTCD|SPTTCD|MPTTCD|tag_check_disable'
[14:31:57] [spechunter] [Grep] pattern='zitagelide|tagelide'
[14:32:28] [spechunter] [Grep] pattern='zitagelide|tagelide|tag_elide'
[14:32:28] [spechunter] [Bash] Search git history for zitagelide/nietc/TTCD related commits
[14:32:28] [spechunter] [Grep] pattern='memory_tag|mem_tag|mte_tag|memtag|MemTag|MTE_TAG'
[14:32:39] [spechunter] [Grep] pattern='mstatus.*bit.*24|bit.*24.*mstatus|MSTATUS.*24|24.*MSTATUS'
[14:32:39] [spechunter] [Grep] pattern='mstatus.*bit.*42|bit.*42.*mstatus|MSTATUS.*42|42.*MSTATUS'
[14:32:39] [spechunter] [Grep] pattern='C\\.MOP|cmop|CMOP'
[14:32:39] [spechunter] [Grep] pattern='mstatus|sstatus|vsstatus'
[14:33:05] [spechunter] [text] Let me look more carefully at mstatus write masks and CSR handling for the affected bit positions.  
[14:33:05] [spechunter] [Grep] pattern='mstatus.*wmask|wmask.*mstatus|mstatus_mask|mstatus_writable|write_mstatus'
[14:33:05] [spechunter] [Grep] pattern='MSTATUS_SDT|MSTATUS_MDT|Smdbltrp'
[14:33:05] [spechunter] [Grep] pattern='0x01000000|MSTATUS_MPELP|MSTATUS_GVA|MSTATUS_MDT'
[14:33:10] [spechunter] [text] Now let me check the main CSR handling functions for mstatus, sstatus, vsstatus.  
[14:33:10] [spechunter] [Grep] pattern='rmw_mstatus|write_mstatus|read_mstatus|rmw_sstatus|write_sstatus|read_sstatus|rmw_vsstatus|write_vsstatus|read_vsstatus'
[14:33:10] [spechunter] [Grep] pattern='CSR_MSTATUS|CSR_SSTATUS|CSR_VSSTATUS'
[14:33:10] [spechunter] [Grep] pattern='MSTATUS_SDT|MSTATUS_MDT|MSTATUS_SPELP|MSTATUS_MPELP|SSTATUS_SDT|SSTATUS_SPELP'
[14:33:10] [spechunter] [Grep] pattern='S.*stateen|stateen.*S|mte|MTE'
[14:33:10] [spechunter] [Grep] pattern='sdt|mdt|spelp|mpelp|zicfilp|Smdbltrp'
[14:33:27] [spechunter] [Read] /home/yzs/riscv/qemu/disas/riscv.c
[14:33:27] [spechunter] [Grep] pattern='c\\.mop|cmop|C_MOP|mop_3|MOP_3'
[14:33:27] [spechunter] [Grep] pattern='\\.'
[14:33:40] [spechunter] [Grep] pattern='sstatus|mstatus'
[14:33:40] [spechunter] [Grep] pattern='context_switch|cpu_switch|switch_to|__switch_to|SR_|STATUS_'
[14:33:40] [spechunter] [Grep] pattern='SPTTCD|MPTTCD|TTCD|TAG_CHECK|nietc|tag.elide|tagelide|Zimt'
[14:33:49] [spechunter] [text] Let me read the key CSR handler functions for precise line numbers.  
[14:33:49] [spechunter] [Read] /home/yzs/riscv/qemu/target/riscv/csr.c
[14:33:49] [spechunter] [Read] /home/yzs/riscv/qemu/target/riscv/csr.c
[14:33:49] [spechunter] [Read] /home/yzs/riscv/qemu/target/riscv/csr.c
[14:33:49] [spechunter] [Read] /home/yzs/riscv/qemu/target/riscv/csr.c
[14:33:49] [spechunter] [Read] /home/yzs/riscv/qemu/target/riscv/cpu_bits.h
[14:34:06] [spechunter] [text] Let me also check the remaining relevant areas — mctrctl/MTE references in the context of tag checking, and the riscv-io...
[14:34:06] [spechunter] [Grep] pattern='MCTRCTL_MTE|tag_check|MTE|mctrctl'
[14:34:06] [spechunter] [Grep] pattern='mctrctl|MCTRCTL'
[14:34:06] [spechunter] [Grep] pattern='mctrctl|MCTRCTL|XCTRCTL|SCTRCTL'
[14:34:06] [spechunter] [Grep] pattern='MCTRCTL_MTE|mctrctl.*MTE'
[14:34:10] [spechunter] [Read] /home/yzs/riscv/qemu/target/riscv/insn_trans/trans_rvzcmop.c.inc
[14:34:10] [spechunter] [Read] /home/yzs/riscv/qemu/target/riscv/insn16.decode
[14:34:10] [spechunter] [Read] /home/yzs/riscv/qemu/target/riscv/csr.c
[14:34:14] [spechunter] [text] ```json {   "violation_condition": "Kernel context-switch or trap handler writes to the now-WPRI bits 24 (SPTTCD) or 42 ...
[14:34:21] [spechunter] [Read] /home/yzs/riscv/qemu/target/riscv/cpu_helper.c
[14:34:21] [spechunter] [Grep] pattern='SMSTATEEN0_CTR|SMSTATEEN_MAX_COUNT|smstateen'
[14:34:21] [spechunter] [Read] /home/yzs/riscv/qemu/target/riscv/cpu_bits.h
[14:34:32] [spechunter] [Grep] pattern='mstatus.*TAG_CHECK_ELIDE|SPTTCD|MPTTCD|TTCD'
[14:34:32] [spechunter] [Grep] pattern='nietc'
[14:34:32] [spechunter] [Grep] pattern='TAG_CHECK_ELIDE'
[14:34:32] [spechunter] [Grep] pattern='MPTE|SPTE|mpte|spte'
[14:34:38] [spechunter] [TodoWrite] 5 items
[14:34:54] [spechunter] [Grep] pattern='mstatus'
[14:34:54] [spechunter] [Grep] pattern='sstatus'
[14:34:54] [spechunter] [Grep] pattern='vsstatus'
[14:34:54] [spechunter] [Grep] pattern='zitagelide|TAGELIDE|tagelide'
[14:34:54] [spechunter] [Grep] pattern='mem.*tag|tag.*mem|mte|MTE'
[14:35:03] [spechunter] [Grep] pattern='TTCD|SPTTCD|MPTTCD'
[14:35:03] [spechunter] [Grep] pattern='TAG_CHECK_ELIDE|tag.check.elide|tag.elide'
[14:35:03] [spechunter] [Grep] pattern='nietc'
[14:35:03] [spechunter] [Grep] pattern='mstatus.*BIT\\(24\\)|sstatus.*BIT\\(24\\)|MRTTCD|SRTTCD'
[14:35:03] [spechunter] [Grep] pattern='mstatus.*0x[0-9a-fA-F].*24|_MSTATUS_.*TAG|_SSTATUS_.*TAG'
[14:35:07] [spechunter] [text] ```json {   "locations": [     {       "file_path": "target/riscv/cpu_bits.h",       "function_name": null,       "line_...
[14:35:09] [spechunter] [Grep] pattern='vsstatus|read_sstatus|write_sstatus|read_vsstatus|write_vsstatus'
[14:35:09] [spechunter] [Grep] pattern='mstatus.*vmstate|vmstate.*mstatus|VMSTATE.*mstatus|\\.mstatus'
[14:35:09] [spechunter] [Grep] pattern='sstatus.*read|read_sstatus|write_sstatus|sstatus_write'
[14:35:24] [spechunter] [text] No direct TTCD/SPTTCD/MPTTCD matches. Let me search more broadly for RISC-V MTE tagging context and mstatus bit definiti...
[14:35:24] [spechunter] [Grep] pattern='MTE.*tag|tag.*check.*disable|TAGDIS|tag_dis'
[14:35:24] [spechunter] [Grep] pattern='memory.tag|memtag|mem.tag'
[14:35:24] [spechunter] [Grep] pattern='_MSTATUS|_SSTATUS'
[14:35:24] [spechunter] [Glob] arch/riscv/include/**/csr*.h
[14:35:35] [spechunter] [Read] /home/yzs/riscv/linux/arch/riscv/include/asm/csr.h
[14:35:36] [spechunter] [Grep] pattern='TAGELIDE|tag_elide|tag_check_elide'
[14:35:36] [spechunter] [Grep] pattern='BIT\\(24\\)'
[14:35:36] [spechunter] [Grep] pattern='BIT\\(24\\)'
[14:35:36] [spechunter] [Grep] pattern='nietc|mstatus|sstatus'
[14:35:36] [spechunter] [Grep] pattern='nietc|mstatus|sstatus|TAGELIDE'
[14:35:51] [spechunter] [Bash] Check current uncommitted changes
[14:35:51] [spechunter] [Grep] pattern='nietc|TTCD|tagelide|SPTTCD|MPTTCD|tag_check|elide'
[14:35:52] [spechunter] [TodoWrite] 4 items
[14:35:54] [spechunter] [Grep] pattern='CSR_NIETC|CSR_VSNIETC|nietc'
[14:35:54] [spechunter] [Grep] pattern='CSR_|csr_'
[14:35:54] [spechunter] [Glob] **/csr.h
[14:35:54] [spechunter] [Grep] pattern='zitagelide'
[14:36:05] [spechunter] [text] API Error: 400 {"detail":"Model not found. Please check your BIG_MODEL and SMALL_MODEL configuration."}
[14:36:34] [spechunter] [Grep] pattern='mte|memory.tag|MemTag'
[14:36:34] [spechunter] [Read] /home/yzs/riscv/qemu/target/riscv/csr.c
[14:36:42] [spechunter] [text] Now I need to trace context-switch paths where the kernel reads/modifies/writes `sstatus`/`mstatus`. The key insight is ...
[14:36:42] [spechunter] [Task] Trace context-switch sstatus paths
[14:36:42] [spechunter] [Task] Search KVM vsstatus/sstatus paths
[14:36:42] [spechunter] [Task] Search DTS/DT CPU feature flags
[14:37:07] [spechunter] [Glob] arch/riscv/kvm/vcpu*.c
[14:37:07] [spechunter] [Glob] arch/riscv/kvm/*.S
[14:37:07] [spechunter] [Glob] arch/riscv/kvm/*.c
[14:37:07] [spechunter] [Glob] arch/riscv/include/asm/kvm*
[14:37:07] [spechunter] [Grep] pattern='CSR_VSSTATUS|CSR_SSTATUS|CSR_MSTATUS|vsstatus|sstatus|mstatus'
[14:37:07] [spechunter] [Grep] pattern='CSR_VSSTATUS|CSR_SSTATUS|CSR_MSTATUS|vsstatus|sstatus|mstatus'
[14:37:11] [spechunter] [Grep] pattern='zitagelide'
[14:37:11] [spechunter] [Grep] pattern='tagelide'
[14:37:11] [spechunter] [Grep] pattern='tag_elide'
[14:37:11] [spechunter] [Grep] pattern='tag-elide'
[14:37:11] [spechunter] [Grep] pattern='nietc'
[14:37:11] [spechunter] [Grep] pattern='riscv,isa.*tag'
[14:37:11] [spechunter] [Grep] pattern='riscv,isa.*mte'
[14:37:11] [spechunter] [Grep] pattern='memory.tag'
[14:37:13] [spechunter] [Grep] pattern='CSR_SSTATUS|CSR_MSTATUS|CSR_STATUS'
[14:37:13] [spechunter] [Grep] pattern='SR_SPP|SR_SPIE|SR_SUM|SR_FS|SR_VS'
[14:37:13] [spechunter] [Grep] pattern='csr_write|csr_set|csr_clear|csr_read_set|csr_read_clear|Csr_write|Csr_set|Csr_clear'
[14:37:13] [spechunter] [Grep] pattern='__switch_to|switch_to'
[14:37:13] [spechunter] [Grep] pattern='sstatus|mstatus'
[14:37:19] [spechunter] [Read] /home/yzs/riscv/linux/arch/riscv/kvm/vcpu_switch.S
[14:37:19] [spechunter] [Read] /home/yzs/riscv/linux/arch/riscv/kvm/vcpu_exit.c
[14:37:19] [spechunter] [Read] /home/yzs/riscv/linux/arch/riscv/kvm/vcpu.c
[14:37:19] [spechunter] [Read] /home/yzs/riscv/linux/arch/riscv/include/asm/kvm_host.h
[14:37:40] [spechunter] [text] Now let me trace the specific write paths for sstatus and vsstatus to see how bit 24 (SPTTCD position) is exposed there....
[14:37:40] [spechunter] [Read] /home/yzs/riscv/qemu/target/riscv/csr.c
[14:37:40] [spechunter] [Read] /home/yzs/riscv/qemu/target/riscv/csr.c
[14:37:40] [spechunter] [Read] /home/yzs/riscv/qemu/target/riscv/cpu_helper.c
[14:37:40] [spechunter] [Grep] pattern='zte'
[14:37:40] [spechunter] [Glob] **/Documentation/**/*memory-tag*
[14:37:40] [spechunter] [Glob] **/Documentation/devicetree/bindings/**/*mte*
[14:37:40] [spechunter] [Glob] **/Documentation/devicetree/bindings/**/*tag*
[14:37:40] [spechunter] [Grep] pattern='memory-tagging'
[14:37:40] [spechunter] [Grep] pattern='tag.elid|tcm|memory.*tag.*riscv|riscv.*memory.*tag'
[14:37:40] [spechunter] [Read] /home/yzs/riscv/linux/arch/riscv/kernel/entry.S
[14:37:40] [spechunter] [Read] /home/yzs/riscv/linux/arch/riscv/kernel/process.c
[14:37:40] [spechunter] [Read] /home/yzs/riscv/linux/arch/riscv/include/asm/switch_to.h
[14:37:40] [spechunter] [Read] /home/yzs/riscv/linux/arch/riscv/include/asm/irqflags.h
[14:37:40] [spechunter] [Read] /home/yzs/riscv/linux/arch/riscv/kernel/head.S
[14:37:40] [spechunter] [Read] /home/yzs/riscv/linux/arch/riscv/kernel/traps.c
[14:37:45] [spechunter] [Read] /home/yzs/riscv/linux/arch/riscv/kvm/vcpu_onereg.c
[14:37:45] [spechunter] [Read] /home/yzs/riscv/linux/arch/riscv/kvm/vcpu_fp.c
[14:37:45] [spechunter] [Read] /home/yzs/riscv/linux/arch/riscv/kvm/vcpu_vector.c
[14:37:45] [spechunter] [Read] /home/yzs/riscv/linux/arch/riscv/kvm/vcpu_sbi.c
[14:37:45] [spechunter] [Read] /home/yzs/riscv/linux/arch/riscv/kvm/vcpu_sbi_system.c
[14:37:45] [spechunter] [Read] /home/yzs/riscv/linux/arch/riscv/kvm/vcpu_insn.c
[14:37:58] [spechunter] [Read] /home/yzs/riscv/linux/arch/riscv/kernel/signal.c
[14:37:58] [spechunter] [Read] /home/yzs/riscv/linux/arch/riscv/include/asm/vector.h
[14:37:58] [spechunter] [Read] /home/yzs/riscv/linux/arch/riscv/kernel/fpu.S
[14:37:58] [spechunter] [Read] /home/yzs/riscv/linux/arch/riscv/kernel/crash_save_regs.S
[14:37:58] [spechunter] [Read] /home/yzs/riscv/linux/arch/riscv/kernel/traps_misaligned.c
[14:37:58] [spechunter] [Read] /home/yzs/riscv/linux/arch/riscv/kernel/probes/kprobes.c
[14:37:58] [spechunter] [Read] /home/yzs/riscv/linux/arch/riscv/include/asm/uaccess.h
[14:37:58] [spechunter] [Read] /home/yzs/riscv/linux/arch/riscv/kernel/suspend_entry.S
[14:37:59] [spechunter] [Grep] pattern='zicmte|zcmte|zsmte|ssmtc'
[14:37:59] [spechunter] [Grep] pattern='mte|mem.?tag'
[14:37:59] [spechunter] [Glob] arch/riscv/boot/dts/**/*.dts*
[14:37:59] [spechunter] [Grep] pattern='memory.tag|memtag|MTE'
[14:38:08] [spechunter] [Grep] pattern='SR_(SPPTCD|MPPTCD|PTCEL|SPTCEL)'
[14:38:08] [spechunter] [Grep] pattern='define SR_'
[14:38:08] [spechunter] [Grep] pattern='ncsr_read|ncsr_write'
[14:38:08] [spechunter] [Grep] pattern='ncsr_read|ncsr_write|nacl_csr_read|nacl_csr_write'
[14:38:26] [spechunter] [Read] /home/yzs/riscv/linux/arch/riscv/include/asm/assembler.h
[14:38:26] [spechunter] [Read] /home/yzs/riscv/linux/arch/riscv/lib/uaccess.S
[14:38:26] [spechunter] [Read] /home/yzs/riscv/linux/arch/riscv/lib/uaccess_vector.S
[14:38:26] [spechunter] [Read] /home/yzs/riscv/linux/arch/riscv/kernel/kernel_mode_fpu.c
[14:38:26] [spechunter] [Read] /home/yzs/riscv/linux/arch/riscv/kvm/vcpu_switch.S
[14:38:26] [spechunter] [Read] /home/yzs/riscv/linux/arch/riscv/include/asm/csr.h
[14:38:33] [spechunter] [Read] /home/yzs/riscv/qemu/target/riscv/machine.c
[14:38:33] [spechunter] [Grep] pattern='mte|tag|mstatus|Zitagelide'
[14:38:33] [spechunter] [Grep] pattern='tag_check|TTCD|transient|tag.disable|tag.elide'
[14:38:37] [spechunter] [Grep] pattern='riscv,isa-extensions|riscv,isa'
[14:38:37] [spechunter] [Glob] Documentation/devicetree/bindings/riscv/**
[14:38:37] [spechunter] [Grep] pattern='hwuprobe|hwprobe.*tag|tag.*hwprobe'
[14:38:37] [spechunter] [Grep] pattern='PBMTE|pbmte'
[14:38:37] [spechunter] [Grep] pattern='elid|tcm'
[14:38:56] [spechunter] [Grep] pattern='tag|mte|memory.tagg'
[14:38:56] [spechunter] [Read] /home/yzs/riscv/linux/Documentation/devicetree/bindings/riscv/extensions.yaml
[14:38:56] [spechunter] [Grep] pattern='riscv,isa'
[14:39:14] [spechunter] [Grep] pattern='menvcfg.*MTE|menvcfg.*tag|tag.*check|memory_tagging|pointer_tag'
[14:39:14] [spechunter] [Grep] pattern='sstatus_v1_10_mask|sstatus_write_mask'
[14:39:14] [spechunter] [Grep] pattern='ziccamoc|moc_mte|pma_mte|memory.*tagging.*extension'
[14:39:17] [spechunter] [Grep] pattern='riscv,isa-extensions.*tag'
[14:39:17] [spechunter] [Read] /home/yzs/riscv/linux/Documentation/devicetree/bindings/riscv/extensions.yaml
[14:39:17] [spechunter] [Grep] pattern='tag'
[14:39:40] [spechunter] [Grep] pattern='const:'
[14:39:40] [spechunter] [Grep] pattern='zisslpcfi|counter_overflow|sstc'
[14:39:40] [spechunter] [Bash] Count total lines in extensions.yaml
[14:39:40] [spechunter] [Grep] pattern='memory.tag|tag.check|pointer.mask'
[14:40:05] [spechunter] [Grep] pattern='const:'
[14:40:05] [spechunter] [Grep] pattern='pointer.mask'
[14:40:05] [spechunter] [Grep] pattern='pointer.mask'
[14:40:41] [spechunter] [text] Now let me check the GDB stub and KVM paths for mstatus/sstatus exposure, and also check cpu.c reset/init code.  
[14:40:41] [spechunter] [Grep] pattern='gdb_read_register|gdb_write_register'
[14:40:41] [spechunter] [Read] /home/yzs/riscv/qemu/target/riscv/csr.c
[14:40:41] [spechunter] [Read] /home/yzs/riscv/qemu/target/riscv/cpu.c
[14:40:42] [spechunter] [Grep] pattern='0x01000000|BIT\\(24\\)|WPRI|SPTTCD|MPTTCD|tag check'
[14:40:42] [spechunter] [Grep] pattern='0x01000000|BIT\\(24\\)|BIT\\(42\\)|WPRI|SPTTCD|MPTTCD|tag check|TCD|SPTCEL'
[14:40:42] [spechunter] [Grep] pattern='KVM_ARCH_HOST_SSTATUS|KVM_ARCH_GUEST_SSTATUS'
[14:40:52] [spechunter] [Read] /home/yzs/riscv/qemu/target/riscv/gdbstub.c
[14:40:52] [spechunter] [Grep] pattern='debugger|MSTATUS_MPV.*debug|env->debugger'
[14:41:13] [spechunter] [Read] /home/yzs/riscv/linux/arch/riscv/include/asm/kvm_nacl.h
[14:41:13] [spechunter] [Read] /home/yzs/riscv/linux/arch/riscv/kernel/asm-offsets.c
[14:41:35] [spechunter] [text] Let me do a few more targeted searches to be thorough.  
[14:41:35] [spechunter] [Grep] pattern='mte_tag|memory_tagging_ext|ext_ziccamoc|Svmt|pointer_masking'
[14:41:35] [spechunter] [Grep] pattern='c\\.mop\\.3|C\\.MOP\\.3'
[14:41:35] [spechunter] [Grep] pattern='ziccamoc|Ziccamoc|ZCAMOC|zcamo'
[14:42:27] [spechunter] [text] Now let me do the final verification to be exhaustive.  
[14:42:27] [spechunter] [Grep] pattern='zitagelide|nietc|SPTTCD|MPTTCD|tag_check_elide'
[14:42:27] [spechunter] [Grep] pattern='transient.*tag|tag.*transient|tag.*elid|elid.*tag|ttcd|TTCD'
[14:42:27] [spechunter] [Bash] Check git for any MTE/tag-related RISC-V commits
[14:43:44] [spechunter] [text] Now let me verify a few key files for precise line numbers before compiling the final report.  
[14:43:44] [spechunter] [Read] /home/yzs/riscv/linux/arch/riscv/kernel/entry.S
[14:43:44] [spechunter] [Read] /home/yzs/riscv/linux/arch/riscv/kernel/entry.S
[14:43:44] [spechunter] [Read] /home/yzs/riscv/linux/arch/riscv/kernel/entry.S
[14:43:44] [spechunter] [Read] /home/yzs/riscv/linux/arch/riscv/kvm/vcpu_switch.S
[14:43:55] [spechunter] [text] Now let me do one final comprehensive sweep to be absolutely sure.  
[14:43:55] [spechunter] [Grep] pattern='MSTATUS_|SSTATUS_'
[14:43:55] [spechunter] [Grep] pattern='sstatus.*mask|mask.*sstatus|sstatus_v1_10'
[14:43:55] [spechunter] [Grep] pattern='mstatus.*read|read_mstatus|read_mstatush'
[14:44:12] [spechunter] [Read] /home/yzs/riscv/linux/arch/riscv/kvm/vcpu_switch.S
[14:44:12] [spechunter] [Read] /home/yzs/riscv/linux/arch/riscv/kvm/vcpu_switch.S
[14:44:12] [spechunter] [Read] /home/yzs/riscv/linux/arch/riscv/kvm/vcpu_switch.S
[14:44:12] [spechunter] [Read] /home/yzs/riscv/linux/arch/riscv/kvm/vcpu_switch.S
[14:44:35] [spechunter] [text] Now let me read the remaining key files for precise details.  
[14:44:35] [spechunter] [Read] /home/yzs/riscv/linux/arch/riscv/kernel/suspend_entry.S
[14:44:35] [spechunter] [Read] /home/yzs/riscv/linux/arch/riscv/include/asm/assembler.h
[14:44:35] [spechunter] [Read] /home/yzs/riscv/linux/arch/riscv/kernel/process.c
[14:44:35] [spechunter] [Read] /home/yzs/riscv/linux/arch/riscv/kernel/process.c
[14:44:51] [spechunter] [text] 经过对 QEMU RISC-V 代码库的详尽语义搜索，关键发现如下：  **未找到 Zitagelide 特定的代码：** `nietc`、`TTCD`、`SPTTCD`、`MPTTCD`、`tag_check_elide`、`zitage...
[14:44:54] [spechunter] [Read] /home/yzs/riscv/linux/arch/riscv/include/asm/vector.h
[14:44:54] [spechunter] [Read] /home/yzs/riscv/linux/arch/riscv/kernel/signal.c
[14:44:54] [spechunter] [Read] /home/yzs/riscv/linux/arch/riscv/kvm/vcpu.c
[14:44:54] [spechunter] [Read] /home/yzs/riscv/linux/arch/riscv/kvm/vcpu.c
[14:45:30] [spechunter] [text] Let me verify whether any `zitagelide`/tag-elide code actually exists in the repo, since the fast-path results look like...
[14:45:30] [spechunter] [Grep] pattern='tagelide|zitagelide|TAGELIDE|tag_elide|tag.?elid'
[14:45:30] [spechunter] [Grep] pattern='MCTRCTL_MTE|MENVCFG.*MTE|HENVCFG.*MTE|mtectl|MTECTL'
[14:45:39] [spechunter] [text] Let me also check the kexec restore path and kprobes to complete the audit.  
[14:45:39] [spechunter] [Read] /home/yzs/riscv/linux/arch/riscv/kernel/probes/kprobes.c
[14:45:39] [spechunter] [Grep] pattern='crash_save_regs|PT_STATUS.*csrw|csrw.*PT_STATUS'
[14:45:39] [spechunter] [Grep] pattern='kexec.*status|machine_kexec|relocate_kernel.*sstatus|sstatus.*kexec'
[14:45:42] [spechunter] [text] Let me check if `zitagelide` was ever referenced in git history and look at the actual memory-tagging code.  
[14:45:42] [spechunter] [Bash] Search git log for zitagelide references
[14:45:42] [spechunter] [Grep] pattern='ext_zitagelide|ext_tagelide|ZITAGELIDE|tag_elide|nietc|NETC'
[14:45:46] [spechunter] [Read] /home/yzs/riscv/linux/arch/riscv/kernel/machine_kexec.c
[14:45:46] [spechunter] [Read] /home/yzs/riscv/linux/arch/riscv/kernel/crash_save_regs.S
[14:46:00] [spechunter] [Grep] pattern='memory.?tag|mem.?tag|memtag|MEMTAG'
[14:46:01] [spechunter] [text] Let me check a couple more files for completeness.  
[14:46:01] [spechunter] [Read] /home/yzs/riscv/linux/arch/riscv/include/asm/switch_to.h
[14:46:01] [spechunter] [Read] /home/yzs/riscv/linux/arch/riscv/kvm/vcpu_exit.c
[14:46:37] [spechunter] [text] Now let me check if there's any RISC-V memory-tagging-related infrastructure at all.    
[14:46:37] [spechunter] [Grep] pattern='ext_smpte|smpte|SM_PTE'
[14:46:37] [spechunter] [Grep] pattern='mtectl|MTECTL|nietc|NETC'
[14:46:41] [spechunter] [TodoWrite] 4 items
[14:46:52] [spechunter] [text] Now let me verify the diff for `hw/riscv/riscv-iommu.c` to confirm it's unrelated.  
[14:46:52] [spechunter] [Bash] Check if riscv-iommu.c diff relates to tag elision
[14:47:24] [spechunter] [text] Based on my analysis, here is the cross-validated result:  ```json {   "locations": [],   "removed_locations": [     "ta...
[14:47:47] [spechunter] [Bash] Check what files are modified
[14:47:47] [spechunter] [Grep] pattern='nietc|TTCD|tag_check_elide|SPTTCD|MPTTCD|tagelide|zitagelide|mstatus.*bit.*24|mstatus.*bit.*42|C\\.MOP\\.3|elide.*tag|tag_check_disable'
[14:47:47] [spechunter] [Grep] pattern='tagelide|zitagelide|nietc|TTCD|SPTTCD|MPTTCD|tag_check_elide'
[14:48:09] [spechunter] [text] Let me dig deeper into the specific code locations mentioned in the security spec.  
[14:48:09] [spechunter] [Grep] pattern='nietc|TTCD|SPTTCD|MPTTCD|stagelide|ztagelide|tag_check'
[14:48:09] [spechunter] [Grep] pattern='mop\\.3|c\\.mop\\.3|MOP\\.3'
[14:48:09] [spechunter] [Grep] pattern='mstatus.*bit.*24|mstatus.*bit.*42|bit 24.*mstatus|bit 42.*mstatus|SSTATUS.*24|MSTATUS.*42'
[14:48:23] [spechunter] [text] Now I have all the data. Let me compile the final JSON report.  ```json {   "vulnerability": "zitagelide WPRI bit corrup...
[14:48:23] [spechunter] [TodoWrite] 4 items
[14:48:34] [spechunter] [Bash] View the actual diff
[14:48:34] [spechunter] [Read] /home/yzs/riscv/qemu/disas/riscv.c
[14:48:46] [spechunter] [text] ## Audit Summary  **No direct hits** for `SPTTCD`, `MPTTCD`, `TTCD`, `zitagelide`, `nietc`, or `TAG_CHECK_ELIDE` exist i...
[14:48:56] [spechunter] [Grep] pattern='nietc|STAGELIDE|tagelide|TTCD|SPTTCD|MPTTCD|tag.*check.*disab|tag.*elide'
[14:48:56] [spechunter] [Grep] pattern='c.mop.3|MOP\\.3|mop3'
[14:48:56] [spechunter] [Grep] pattern='bit 24|bit 42|BIT_ULL.*24|BIT_ULL.*42|0x01000000|0x40000000000'
[14:49:07] [spechunter] [text] Let me search the codebase for `zitagelide` and related MTE tag elision code to identify all relevant locations.  
[14:49:07] [spechunter] [Grep] pattern='zitagelide'
[14:49:07] [spechunter] [Grep] pattern='tagelide|tag.?elide|mte.*elide|elide.*tag'
[14:49:07] [spechunter] [Grep] pattern='zitag'
[14:49:19] [spechunter] [text] Let me search more broadly for the MTE tag elision mechanism.  
[14:49:19] [spechunter] [Grep] pattern='MTE.*tag|tag.*MTE|MTE_CTRL|MTE_BIT'
[14:49:19] [spechunter] [Grep] pattern='mte_tag|tag_check|tagchk|TCO'
[14:49:19] [spechunter] [Grep] pattern='elide.*check|check.*elide|skip.*tag|tag.*skip'
[14:49:25] [spechunter] [Grep] pattern='stagelide|zitagelide|nietc|TTCD|SPTTCD|MPTTCD|tag.*check'
[14:49:25] [spechunter] [Grep] pattern='mop_rr_n|mop3|mop\\.3'
[14:49:25] [spechunter] [Grep] pattern='MSTATUS_SDT|0x01000000'
[14:49:31] [spechunter] [Read] /home/yzs/riscv/linux/arch/arm64/include/asm/mte.h
[14:49:31] [spechunter] [Read] /home/yzs/riscv/linux/arch/arm64/kernel/mte.c
[14:49:58] [spechunter] [text] Let me search more broadly for this term and related concepts.  
[14:49:58] [spechunter] [Grep] pattern='tag.?elide|zitag|tag_elide'
[14:49:58] [spechunter] [Grep] pattern='zicond|zimop|zicfiss|zicfilp|zicntr'
[14:50:12] [spechunter] [text] Let me also check the MOP instruction translation to confirm there's no actual execution path.  
[14:50:12] [spechunter] [Read] /home/yzs/riscv/qemu/target/riscv/insn_trans/trans_rvzimop.c.inc
[14:50:12] [spechunter] [Read] /home/yzs/riscv/qemu/target/riscv/insn32.decode
[14:50:12] [spechunter] [Read] /home/yzs/riscv/qemu/target/riscv/cpu_bits.h
[14:50:14] [spechunter] [Grep] pattern='tag.?elide|tag_elide|mte_tagelide'
[14:50:14] [spechunter] [Bash] Search git history for zitagelide/tagelide references
[14:50:51] [spechunter] [text] Now let me verify there's no hidden execution path for `c.mop.3` in the TCG translation or CPU execution.  
[14:50:51] [spechunter] [Grep] pattern='c\\.mop|cmop|mop_c'
[14:50:51] [spechunter] [Grep] pattern='tagelide|zitagelide|nietc|TTCD|SPTTCD|MPTTCD|tag.*check.*disab|tag.*elide'
[14:50:51] [spechunter] [Grep] pattern='stagelide|zitagelide|nietc|TTCD|SPTTCD|MPTTCD|tag.*check.*disab|tag.*elide'
[14:50:55] [spechunter] [text] Based on my investigation, the term `zitagelide` does not exist anywhere in the current Linux kernel source tree. It was...
[14:51:17] [spechunter] [text] I'll search the codebase for the vulnerability patterns related to Zitagelide/TTCD bits in mstatus/sstatus.  
[14:51:17] [spechunter] [Grep] pattern='TTCD|TAG_CHECK_ELIDE|zitagelide'
[14:51:17] [spechunter] [Grep] pattern='BIT\\(24\\)|BIT\\(42\\)|0x[0-9a-fA-F]*24[0-9a-fA-F]|MPTTCD|SPTTCD|nietc'
[14:51:17] [spechunter] [Grep] pattern='mstatus|sstatus'
[14:51:18] [spechunter] [Read] /home/yzs/riscv/qemu/target/riscv/insn_trans/trans_rvzcmop.c.inc
[14:51:18] [spechunter] [Grep] pattern='c\\.mop|c_mop|cmop'
[14:51:42] [spechunter] [text] Let me focus on RISC-V specific files for the TTCD-related bits.  
[14:51:42] [spechunter] [Grep] pattern='BIT\\(24\\)|BIT\\(42\\)|_BIT\\(24\\)|_BIT\\(42\\)'
[14:51:42] [spechunter] [Grep] pattern='_BIT\\(24\\)|_BIT\\(42\\)'
[14:51:42] [spechunter] [Grep] pattern='TAG_CHECK|tag.?elide|tagelide|nietc'
[14:51:53] [spechunter] [text] Let me check the RISC-V CSR definitions and the specific files handling mstatus/sstatus.  
[14:51:53] [spechunter] [Read] /home/yzs/riscv/linux/tools/arch/riscv/include/asm/csr.h
[14:51:53] [spechunter] [Grep] pattern='mstatus|sstatus|SR_|MSTATUS'
[14:52:16] [spechunter] [text] Let me check the main RISC-V CSR header and the context-switch/trap paths.  
[14:52:16] [spechunter] [Read] /home/yzs/riscv/linux/arch/riscv/include/asm/csr.h
[14:52:16] [spechunter] [Read] /home/yzs/riscv/linux/arch/riscv/include/asm/switch_to.h
[14:52:16] [spechunter] [Read] /home/yzs/riscv/linux/arch/riscv/include/asm/processor.h
[14:52:35] [spechunter] [text] Now let me check the key code locations — the assembly context switch, trap entry/exit, and KVM paths.  
[14:52:35] [spechunter] [Glob] arch/riscv/kernel/entry.S
[14:52:35] [spechunter] [Glob] arch/riscv/kernel/*.S
[14:52:35] [spechunter] [Grep] pattern='sstatus|SR_|mstatus|MSTATUS|status'
[14:52:41] [spechunter] [Read] /home/yzs/riscv/qemu/target/riscv/insn16.decode
[14:52:41] [spechunter] [Grep] pattern='ssdbltrp|smdbltrp'
[14:52:41] [spechunter] [Read] /home/yzs/riscv/qemu/target/riscv/csr.c
[14:52:58] [spechunter] [Read] /home/yzs/riscv/linux/arch/riscv/kernel/entry.S
[14:52:58] [spechunter] [Read] /home/yzs/riscv/linux/arch/riscv/kernel/suspend_entry.S
[14:52:58] [spechunter] [Read] /home/yzs/riscv/linux/arch/riscv/kernel/kexec_relocate.S
[14:53:08] [spechunter] [text] Let me also check the KVM paths and hibernate code that handle sstatus/mstatus, plus the pt_regs structure.  
[14:53:08] [spechunter] [Read] /home/yzs/riscv/linux/arch/riscv/kvm/vcpu.c
[14:53:08] [spechunter] [Read] /home/yzs/riscv/linux/arch/riscv/kernel/hibernate-asm.S
[14:53:08] [spechunter] [Read] /home/yzs/riscv/linux/arch/riscv/include/asm/ptrace.h
[14:53:08] [spechunter] [Read] /home/yzs/riscv/linux/arch/riscv/kernel/crash_save_regs.S
[14:53:10] [spechunter] [text] Now let me verify there's no `c.mop.3` in the actual RISC-V instruction decode table.  
[14:53:10] [spechunter] [Grep] pattern='mop|011.*00001'
[14:53:21] [spechunter] [text] Let me check the KVM VCPU sched_in/sched_out paths and the kvm_host.h for guest context structures.  
[14:53:21] [spechunter] [Grep] pattern='sched_out|sched_in|vcpu_load|vcpu_put|kvm_arch_vcpu'
[14:53:21] [spechunter] [Grep] pattern='sstatus|mstatus|CSR_STATUS'
[14:53:26] [spechunter] [Read] /home/yzs/riscv/linux/arch/riscv/kvm/vcpu.c
[14:53:26] [spechunter] [Read] /home/yzs/riscv/linux/arch/riscv/kvm/vcpu_exit.c
[14:54:02] [spechunter] [text] Now I have a thorough understanding of the code. Let me check one more critical file - the `head.S` for early boot path ...
[14:54:02] [spechunter] [Grep] pattern='csr.*mstatus|csr.*sstatus|csr.*STATUS'
[14:54:02] [spechunter] [Grep] pattern='csrw.*STATUS|csrs.*STATUS|csrc.*STATUS'
[14:54:09] [spechunter] [text] Now I have a comprehensive picture. Let me compile the analysis.  
[14:54:09] [spechunter] [Write] /home/yzs/riscv/qemu/analysis_mte_tag_elide.json
[14:54:22] [spechunter] [text] Let me check the KVM switch code and assembler macros that touch status CSRs.  
[14:54:22] [spechunter] [Read] /home/yzs/riscv/linux/arch/riscv/kvm/vcpu_switch.S
[14:54:22] [spechunter] [Grep] pattern='suspend_restore_csrs|suspend_restore_regs|STATUS|status'
[14:54:48] [spechunter] [text] ## Analysis Summary  **Overall severity: `compliant`** — QEMU does **not** emulate the removed Zitagelide extension. The...
[14:56:46] [spechunter] [text] Now I have a complete picture of all RISC-V CSR manipulation paths. Let me compile the final analysis.  ```json {   "fin...
