[16:41:27] [spechunter] PR loaded: #177 riscv/riscv-p-spec — "P-ext: add Averaging Subtract instruction definitions"
[16:41:27] [spechunter]   diff: 17518 chars  body: 258 chars  reviews: 0
[16:41:27] [spechunter] Global pre-filter running...
[16:41:41] [spechunter] [text] {"should_skip": false}
[16:41:44] [spechunter] pre-filter: should_skip=False reason=""
[16:41:55] [spechunter] [text] {"should_skip": true, "skip_reason": "P-extension SIMD instructions are application-level ISA definitions with no M-mode...
[16:42:04] [spechunter] [text] {"should_skip": false}
[16:42:05] [spechunter] [Grep] pattern='P-extension|P extension|packed.*SIMD|PASUB'
[16:42:07] [spechunter] [text] ```json {"should_skip": true, "skip_reason": "P-ext (Packed SIMD) is a draft extension not supported by FreeBSD; these a...
[16:42:10] [spechunter] [text] {"should_skip": true, "skip_reason": "P-ext is an embedded SIMD extension using integer registers; Linux does not implem...
[16:42:24] [spechunter] [Grep] pattern='P-ext|Zpn|Zpsfoperand|packed_simd'
[16:42:35] [spechunter] [Grep] pattern='PASUB|pasub'
[16:42:50] [spechunter] [Grep] pattern='Zpn|Zps|Zbf|Zkb|Zks|P-ext|packed.*simd'
[16:43:08] [spechunter] [text] {"should_skip": true, "skip_reason": "XiangShan does not implement the RISC-V P-extension (packed SIMD/DSP); adding aver...
[16:43:09] [spechunter] [text] ```json {   "violation_condition": "When QEMU TCG translates any signed averaging subtract instruction (PASUB.B, PASUB.H...
[16:43:27] [spechunter] [Grep] pattern='(?i)pasub\\.?[bhdw]|asub[ub]?'
[16:43:27] [spechunter] [Grep] pattern='(?i)pasub\\.?[bhdw]|asub[ub]?'
[16:43:27] [spechunter] [Grep] pattern='(?i)pasub|asub[^t]'
[16:43:38] [spechunter] [Grep] pattern='pasub|asub|PASUB|ASUB'
[16:43:38] [spechunter] [Grep] pattern='tcg_gen_shri|tcg_gen_sari'
[16:43:38] [spechunter] [Grep] pattern='gen_helper.*pasub|gen_helper.*asub'
[16:43:44] [spechunter] [text] Now let me search specifically for the P-extension PASUB/ASUB instructions (different from the V-extension vasub).  
[16:43:44] [spechunter] [Grep] pattern='(?i)PASUB|ASUBU|ASUB'
[16:43:44] [spechunter] [Grep] pattern='(?i)PASUB|ASUBU|ASUB'
[16:43:44] [spechunter] [Grep] pattern='(?i)PASUB|ASUBU|ASUB'
[16:43:44] [spechunter] [Grep] pattern='(?i)PASUB|ASUBU|ASUB'
[16:43:50] [spechunter] [text] The MIPS files are false positives. Let me look at the RISC-V files more carefully to find P-ext averaging subtract impl...
[16:43:50] [spechunter] [Grep] pattern='PASUB|pasub'
[16:43:50] [spechunter] [Grep] pattern='ASUB|asub'
[16:44:11] [spechunter] [Grep] pattern='vasub'
[16:44:11] [spechunter] [Grep] pattern='vasub'
[16:44:11] [spechunter] [Grep] pattern='vasub'
[16:44:26] [spechunter] [Grep] pattern='(?i)pasub|asubu|asub'
[16:44:26] [spechunter] [Grep] pattern='(?i)p_ext|pext|p-ext|SIMD_B'
[16:44:26] [spechunter] [Glob] target/riscv/insn_trans/trans_rvp*
[16:44:26] [spechunter] [Grep] pattern='asub32|asub64|asubu32|asubu64'
[16:44:32] [spechunter] [text] Now let me look at the actual `asub32`/`asub64` helper implementations and check for any P-ext decode entries.  
[16:44:32] [spechunter] [Grep] pattern='asub32|asub64|asubu32|asubu64'
[16:44:32] [spechunter] [Grep] pattern='[Pp][-_\\s]*[Ee]xt|p_ext|P_EXT|zpne|ZPN'
[16:44:32] [spechunter] [Grep] pattern='pasub|PASUB|asub\\b|ASUB\\b'
[16:44:43] [spechunter] [text] Let me also verify there's no P-extension SIMD infrastructure that these would hook into.  
[16:44:43] [spechunter] [Grep] pattern='(?i)p_ext|simd_b|simd_h|simd_w'
[16:44:43] [spechunter] [Grep] pattern='(?i)p_ext|pext'
[16:44:43] [spechunter] [Bash] List insn_trans directory contents
[16:44:53] [spechunter] [text] The P-ext (Packed SIMD) instructions are scalar SIMD instructions, not vector. Let me search for their actual decode ent...
[16:44:53] [spechunter] [Grep] pattern='Zpn|Zpsfoperand|zpne|zpn|zpsf'
[16:44:53] [spechunter] [Grep] pattern='zpne|Zpn'
[16:45:07] [spechunter] [text] The search is conclusive. Let me report the results.  ```json {   "locations": [] } ```  **No matches found.** The P-ext...
[16:45:29] [spechunter] [Grep] pattern='p-ext|p_ext|packed_simd|Packed'
[16:45:29] [spechunter] [Bash] Count instruction decode entries
[16:45:42] [spechunter] [Bash] Check for any P-ext SIMD decode entries
[16:45:42] [spechunter] [Glob] target/riscv/insn_trans/trans_rvp*
[16:45:42] [spechunter] [Glob] target/riscv/*p*helper*
[16:45:53] [spechunter] [text] The P-ext scalar SIMD instructions are not present in this QEMU codebase. However, the vector extension has analogous av...
[16:45:53] [spechunter] [Read] /home/yzs/riscv/qemu/target/riscv/vector_helper.c
[16:47:02] [spechunter] [text] Now let me look at the P-ext decode files and whether any P-ext SIMD averaging subtract instructions exist.  
[16:47:02] [spechunter] [Glob] target/riscv/insn_trans/trans_rvp*
[16:47:02] [spechunter] [Glob] target/riscv/*packed*
[16:47:02] [spechunter] [Glob] target/riscv/*/*p*
[16:47:53] [spechunter] [text] Let me search more broadly for any P-ext SIMD dispatch, inline TCG helpers, and also check the `get_round` rounding logi...
[16:47:53] [spechunter] [Grep] pattern='get_round'
[16:47:53] [spechunter] [Grep] pattern='vxrm|VXRM'
[16:47:53] [spechunter] [Grep] pattern='tcg_gen_shri_i.*vaa|tcg_gen_sari_i.*vaa|tcg_gen_shri_tl.*vaa|tcg_gen_sari_tl.*vaa'
[16:48:17] [spechunter] [text] Let me look for inlined TCG implementations of vector averaging (that use TCG shift ops) and also check the `vxrm` CSR h...
[16:48:17] [spechunter] [Grep] pattern='vaadd|vaaddu|vasub|vasubu'
[16:48:17] [spechunter] [Grep] pattern='vxrm'
[16:49:21] [spechunter] [text] Let me check whether P-ext SIMD instructions exist under any other name or extension flag, and look at the `insn32.decod...
[16:49:21] [spechunter] [Bash] Count decode entries
[16:49:21] [spechunter] [Bash] Search all decode files for P-ext
[16:49:21] [spechunter] [Grep] pattern='vaadd|vasub|vaaddu|vasubu|avg|average'
[16:49:53] [spechunter] [text] Let me search for any TCG-inlined vector averaging ops and check migration code.  
[16:49:53] [spechunter] [Grep] pattern='tcg_gen_shri|tcg_gen_sari'
[16:49:53] [spechunter] [Grep] pattern='vxrm|vxsat|vasub|vaadd'
[16:49:53] [spechunter] [Grep] pattern='vxrm|vxsat'
[16:50:06] [spechunter] [Bash] List all trans files
[16:50:06] [spechunter] [Grep] pattern='vxrm|vxsat|VCSR|VXRM|VXSAT'
[16:50:29] [spechunter] [text] Let me check GDB stub, KVM, and also verify whether there could be inlined TCG averaging implementations.  
[16:50:29] [spechunter] [Grep] pattern='vxrm|vxsat'
[16:50:29] [spechunter] [Grep] pattern='vxrm|vxsat|VXRM|VXSAT'
[16:50:29] [spechunter] [Grep] pattern='read_vxrm|write_vxrm|read_vcsr|write_vcsr'
[16:50:33] [spechunter] [Read] /home/yzs/riscv/qemu/target/riscv/csr.c
[16:52:43] [spechunter] [text] Let me check if there are any scalar averaging operations and also look at the `vssra` (signed shift with rounding) whic...
[16:52:43] [spechunter] [Read] /home/yzs/riscv/qemu/target/riscv/vector_helper.c
[16:52:43] [spechunter] [Read] /home/yzs/riscv/qemu/target/riscv/vector_helper.c
[16:54:47] [spechunter] [text] Let me now check for any other averaging/halving operations and look at the `vxrm` WARL field handling more carefully.  
[16:54:47] [spechunter] [Grep] pattern='VXRM_RNU|VXRM_RNE|VXRM_RDN|VXRM_ROD'
[16:54:47] [spechunter] [Read] /home/yzs/riscv/qemu/target/riscv/vector_helper.c
[16:54:47] [spechunter] [Grep] pattern='vxrm|vxsat'
[16:56:20] [spechunter] [Grep] pattern='shr.*>>.*1|>> 1\\)|shri.*sub|sari.*sub'
[16:56:20] [spechunter] [Grep] pattern='averag|halving|halve|avg'
[16:57:12] [spechunter] [text] Let me look at existing TCG shift patterns used in translators and also check for any scalar SIMD dispatch pattern.    
[16:57:12] [spechunter] [Grep] pattern='tcg_gen_shri|tcg_gen_sari|tcg_gen_shr|tcg_gen_sar'
[16:57:12] [spechunter] [Grep] pattern='tcg_gen_shri|tcg_gen_sari'
[16:57:12] [spechunter] [Grep] pattern='tcg_gen_shri|tcg_gen_sari'
[16:57:41] [spechunter] [text] Both fast-path and slow-path location sets are empty. Let me search the codebase to find the relevant locations for P-ex...
[16:57:41] [spechunter] [Agent] description, prompt
[16:58:22] [spechunter] [Grep] pattern='PADD'
[16:58:22] [spechunter] [Grep] pattern='ASUB'
[16:58:22] [spechunter] [Grep] pattern='PASUB'
[16:58:22] [spechunter] [Grep] pattern='PADDW|PADDU'
[16:58:22] [spechunter] [Grep] pattern='AADD|AADDU'
[16:58:22] [spechunter] [Glob] target/riscv/insn32/*p*
[16:58:22] [spechunter] [Glob] target/riscv/packed*
[16:58:53] [spechunter] [Grep] pattern='PACKED|packed|psimd'
[16:58:53] [spechunter] [Grep] pattern='rvp|RVP|TARGET_RISCV_P'
[16:58:53] [spechunter] [Grep] pattern='AVERAGING|averaging|avsub'
[16:58:53] [spechunter] [Grep] pattern='PADD'
[16:58:53] [spechunter] [Grep] pattern='PADD'
[16:58:53] [spechunter] [Bash] List RISC-V instruction translation directories
[16:59:14] [spechunter] [Grep] pattern='simd|SIMD|packed_simd|Packed SIMD|P_EXT'
[16:59:14] [spechunter] [Grep] pattern='XPULP|Xthead|DSP|dsp_insn'
[16:59:14] [spechunter] [Glob] target/riscv/*helper*
[16:59:14] [spechunter] [Glob] target/riscv/*decode*
[16:59:14] [spechunter] [Bash] List all files in target/riscv
[16:59:39] [spechunter] [Read] /home/yzs/riscv/qemu/target/riscv/insn32.decode
[16:59:39] [spechunter] [Bash] List TCG helper files
[16:59:39] [spechunter] [Grep] pattern='avg|averaging|add_avg|sub_avg'
[16:59:39] [spechunter] [Bash] Check for P-ext branches
[16:59:39] [spechunter] [Bash] Check recent git history
[17:00:18] [spechunter] [Grep] pattern='vaadd|vasub'
[17:00:18] [spechunter] [Grep] pattern='vaadd|vasub'
[17:00:18] [spechunter] [Grep] pattern='vaaddu|vasubu|vaadd|vasub'
[17:00:18] [spechunter] [Grep] pattern='trans_rvm|trans_rvb|trans_rvk'
[17:00:18] [spechunter] [Grep] pattern='trans_.*\\.inc'
[17:00:18] [spechunter] [Grep] pattern='vasub|vaadd|vaaddu|vasubu'
[17:00:34] [spechunter] [Read] /home/yzs/riscv/qemu/target/riscv/translate.c
[17:00:34] [spechunter] [Read] /home/yzs/riscv/qemu/target/riscv/vector_helper.c
[17:00:34] [spechunter] [Read] /home/yzs/riscv/qemu/target/riscv/helper.h
[17:00:34] [spechunter] [Read] /home/yzs/riscv/qemu/target/riscv/insn_trans/trans_rvv.c.inc
[17:00:34] [spechunter] [Read] /home/yzs/riscv/qemu/target/riscv/meson.build
[17:00:57] [spechunter] [Read] /home/yzs/riscv/qemu/target/riscv/tcg/tcg-cpu.c
[17:00:57] [spechunter] [Read] /home/yzs/riscv/qemu/target/riscv/tcg/tcg-cpu.h
[17:00:57] [spechunter] [Grep] pattern='GEN_OPIVV_TRANS|GEN_OPIVX_TRANS|GEN_OPIVI_TRANS'
[17:00:57] [spechunter] [Grep] pattern='RVVCALL|OPIVV2_RM|OPIVV2|OPIVX2_RM|OPIVX2|GEN_VEXT_VV_RM|GEN_VEXT_VX_RM'
[17:00:57] [spechunter] [Grep] pattern='DSP|XPULP|pulp|Xpulp'
[17:00:57] [spechunter] [Grep] pattern='DSP|XPULP|pulp|Xpulp'
[17:00:57] [spechunter] [Grep] pattern='#define GEN_OPIVV_TRANS|#define GEN_OPIVX_TRANS|#define GEN_OPIVI_TRANS'
[17:01:17] [spechunter] [Read] /home/yzs/riscv/qemu/target/riscv/vector_internals.h
[17:01:17] [spechunter] [Grep] pattern='gen_helper_gen_helper|DEF_HELPER'
[17:01:17] [spechunter] [Read] /home/yzs/riscv/qemu/target/riscv/bitmanip_helper.c
[17:01:17] [spechunter] [Grep] pattern='ext_|isa_ext|multi_ext'
[17:01:17] [spechunter] [Read] /home/yzs/riscv/qemu/target/riscv/cpu_cfg_fields.h.inc
[17:01:47] [spechunter] [Read] /home/yzs/riscv/qemu/target/riscv/cpu_cfg_fields.h.inc
[17:01:47] [spechunter] [Read] /home/yzs/riscv/qemu/target/riscv/tcg/meson.build
[17:01:47] [spechunter] [Grep] pattern='vext_check_ss|opivv_check|opivx_check|saturating|averaging'
[17:01:47] [spechunter] [Read] /home/yzs/riscv/qemu/target/riscv/cpu.c
[17:01:47] [spechunter] [Grep] pattern='simd|SIMD'
[17:02:35] [spechunter] [Grep] pattern='decode_insn32|decode_xthead|decode_xmips'
[17:02:35] [spechunter] [Grep] pattern='pasub|padd_b|padd_h|padd_w|paddw|packed.*simd|psimd'
[17:02:35] [spechunter] [Grep] pattern='pasub|padd|p_ext|packed.simd'
[17:02:35] [spechunter] [Grep] pattern='OPIVV2_RM|OPIVX2_RM|GEN_VEXT_VV_RM|GEN_VEXT_VX_RM'
[17:02:35] [spechunter] [Grep] pattern='aadd32|aaddu32|asub32|asubu32'
[17:03:02] [spechunter] [Grep] pattern='OPIVV2_RM|OPIVX2_RM'
[17:03:02] [spechunter] [Grep] pattern='GEN_VEXT_VV_RM|GEN_VEXT_VX_RM'
[17:03:02] [spechunter] [Grep] pattern='get_round'
[17:03:02] [spechunter] [Bash] Search git log for P-ext related commits
[17:03:02] [spechunter] [Grep] pattern='ext_zpn|ext_zprv|ext_zpsf|ext_zdsp|ext_pext|ext_xpulp'
[17:03:02] [spechunter] [Bash] Check tcg build file
[17:03:19] [spechunter] [Grep] pattern='#define OPIVV2_RM|#define OPIVX2_RM|#define GEN_VEXT_VV_RM|GEN_VEXT_VX_RM'
[17:03:19] [spechunter] [Read] /home/yzs/riscv/qemu/target/riscv/vector_internals.h
[17:03:19] [spechunter] [Grep] pattern='xthead|XPULP|xmips|XRLExt|vendor'
[17:03:34] [spechunter] [Read] /home/yzs/riscv/qemu/target/riscv/vector_helper.c
[17:03:34] [spechunter] [Read] /home/yzs/riscv/qemu/target/riscv/cpu.c
[17:03:34] [spechunter] [Read] /home/yzs/riscv/qemu/target/riscv/cpu_cfg_fields.h.inc
[17:04:06] [spechunter] [Grep] pattern='OPIVX2_RM|GEN_VEXT_VX_RM'
[17:04:06] [spechunter] [Grep] pattern='gen_helper_opivx'
[17:04:06] [spechunter] [Read] /home/yzs/riscv/qemu/target/riscv/vector_helper.c
[17:04:06] [spechunter] [Grep] pattern='RISC-V P.extension|Packed SIMD|P-ext|packed.simd|RV32P|RV64P'
[17:04:06] [spechunter] [Bash] Check tags for any P-ext related releases
[17:04:29] [spechunter] [Grep] pattern='opivx_check'
[17:04:29] [spechunter] [Read] /home/yzs/riscv/qemu/target/riscv/insn_trans/trans_rvm.c.inc
[17:04:29] [spechunter] [Grep] pattern='opivv_check|opivx_check'
[17:06:47] [spechunter] [text] Let me verify the currently modified file and check for any existing P-ext references.  
[17:06:47] [spechunter] [Bash] Check diff of modified file
[17:06:47] [spechunter] [Grep] pattern='[Pp][-]?ext|XPULP|p_ext|ext_xpulp'
[17:06:47] [spechunter] [Grep] pattern='pasub|PASUB|asub_|ASUB_'
[17:07:12] [spechunter] [Read] /home/yzs/riscv/qemu/target/riscv/insn32.decode
[17:07:12] [spechunter] [Read] /home/yzs/riscv/qemu/target/riscv/translate.c
[17:07:12] [spechunter] [Read] /home/yzs/riscv/qemu/target/riscv/insn_trans/trans_rvv.c.inc
[17:07:12] [spechunter] [Read] /home/yzs/riscv/qemu/target/riscv/vector_helper.c
[17:07:27] [spechunter] [Read] /home/yzs/riscv/qemu/target/riscv/vector_helper.c
[17:07:27] [spechunter] [Read] /home/yzs/riscv/qemu/target/riscv/helper.h
[17:07:27] [spechunter] [Grep] pattern='PADD|padd|ave_add|avg_sub|averag'
[17:07:38] [spechunter] [text] Now let me also verify the extension registration pattern and check for any P-ext opcode constants.  
[17:07:38] [spechunter] [Grep] pattern='vendor_exts|vendor_ext'
[17:07:38] [spechunter] [Read] /home/yzs/riscv/qemu/target/riscv/meson.build
[17:07:38] [spechunter] [Glob] target/riscv/insn_trans/*.c.inc
[17:08:03] [spechunter] [text] Let me check for P-ext opcode constants and the vendor extension registration pattern more closely.  
[17:08:03] [spechunter] [Read] /home/yzs/riscv/qemu/target/riscv/cpu.c
[17:08:03] [spechunter] [Read] /home/yzs/riscv/qemu/target/riscv/cpu_cfg_fields.h.inc
[17:08:03] [spechunter] [Grep] pattern='OP_P|OP_VP|MASK_OP_P|MASK_OP_VP|0000111|0100111|1110011'
[17:09:13] [spechunter] [text] Here is the cross-validated location review:  ```json {   "locations": [     {       "file": "target/riscv/insn32.decode...
[17:09:23] [spechunter] [Grep] pattern='pasub|asub[^t]'
[17:09:23] [spechunter] [Grep] pattern='PASUB|ASUB[^T]'
[17:09:34] [spechunter] [Grep] pattern='pasub|asub'
[17:09:34] [spechunter] [Grep] pattern='averaging.subtract|avg.*sub|asub|pasub'
[17:09:55] [spechunter] [text] Let me now read the actual implementation code and also check for P-ext (packed SIMD) variants.  
[17:09:55] [spechunter] [Read] /home/yzs/riscv/qemu/target/riscv/vector_helper.c
[17:09:55] [spechunter] [Grep] pattern='PASUB|pasub|ASUB'
[17:10:16] [spechunter] [Grep] pattern='P-ext|p-ext|P_EXT|Zpn|Zpsfoperand'
[17:10:16] [spechunter] [Grep] pattern='packed_simd|p_ext|zpn|zps'
[17:10:59] [spechunter] [text] Let me check the current working state and look for any P-ext averaging subtract implementations.  
[17:10:59] [spechunter] [Bash] Check current git state and recent commits
[17:10:59] [spechunter] [Grep] pattern='PASUB|pasub_v|asub_v|ASUB_V'
[17:12:21] [spechunter] [text] Let me search for P-ext (packed SIMD) specific averaging subtract patterns.  
[17:12:21] [spechunter] [Grep] pattern='tcg_gen_shri.*pasub|tcg_gen_sari.*pasub|gen_helper.*pasub'
[17:12:21] [spechunter] [Grep] pattern='shri.*avg|sari.*avg|gen_helper.*avg'
[17:12:42] [spechunter] [Grep] pattern='ASUBB|ASUBH|ASUBW|ASUBDW|ASUBDH|ASUBDB|PASUBU'
[17:12:42] [spechunter] [Grep] pattern='ASUBB|ASUBH|ASUBW|ASUBDW|ASUBDH|ASUBDB|PASUBU'
[17:14:02] [spechunter] [text] Let me also check the existing vector averaging-add implementation for comparison, and verify the `get_round` helper.  
[17:14:02] [spechunter] [Read] /home/yzs/riscv/qemu/target/riscv/vector_helper.c
[17:14:02] [spechunter] [Grep] pattern='get_round'
[17:16:08] [spechunter] [text] Let me also check the `get_round` implementation and compare with the vector averaging-add code to fully understand the ...
[17:16:08] [spechunter] [Read] /home/yzs/riscv/qemu/target/riscv/vector_helper.c
[17:16:08] [spechunter] [Read] /home/yzs/riscv/qemu/target/riscv/vector_helper.c
[17:17:22] [spechunter] [text] Let me also check if there's any new code being added in a branch or pending changes related to P-ext.  
[17:17:22] [spechunter] [Bash] Search for any P-ext related branches or recent P-ext files
[17:17:22] [spechunter] [Grep] pattern='PASUB|pasub'
[17:19:28] [spechunter] [text] Now let me read the full comparison of the signed averaging-add to verify the pattern consistency.  
[17:19:28] [spechunter] [Read] /home/yzs/riscv/qemu/target/riscv/insn_trans/trans_rvv.c.inc
[17:19:28] [spechunter] [Grep] pattern='OP_SSS_B|OP_SSS_H|OP_SSS_W|OP_UUU_B|OP_UUU_H|OP_UUU_W'
[17:19:35] [spechunter] [Grep] pattern='OP_SSS_B|OP_SSS_H|OP_SSS_W'
[17:19:35] [spechunter] [Grep] pattern='RVVCALL.*OPIVV2_RM|RVVCALL.*OPIVX2_RM'
[17:19:54] [spechunter] [Grep] pattern='OP_SSS_B|OP_SSS_H|OP_SSS_W|OP_SSS_D'
[17:20:44] [spechunter] [text] Let me check if there's any P-ext translation infrastructure already in place.  
[17:20:44] [spechunter] [Glob] **/target/riscv/insn_trans/trans_rvp*
[17:20:44] [spechunter] [Grep] pattern='P_EXT|p_ext|Zpn'
[17:21:59] [spechunter] [text] Now I have a complete picture. Let me also verify that no new files are being introduced by checking for any pending P-e...
[17:21:59] [spechunter] [Bash] Verify no pending changes other than the known riscv-iommu.c diff
[17:23:17] [spechunter] [text] Now I have all the information needed. Let me compile the analysis.  The PR title references "P-ext: add Averaging Subtr...
[17:23:17] [spechunter] [Read] /home/yzs/riscv/qemu/target/riscv/vector_helper.c
[17:24:23] [spechunter] [text] Now I have all the information needed for a complete analysis. Here is the result:  ```json {   "findings": [     {     ...
[14:36:31] [spechunter] PR loaded: #177 riscv/riscv-p-spec — "P-ext: add Averaging Subtract instruction definitions"
[14:36:31] [spechunter]   diff: 17518 chars  body: 258 chars  reviews: 0
[14:36:31] [spechunter] Global pre-filter running...
[14:36:42] [spechunter] [text] {"should_skip": false}
[14:36:44] [spechunter] pre-filter: should_skip=False reason=""
[14:36:54] [spechunter] [text] {"should_skip": false}
[14:37:00] [spechunter] [text] {"should_skip": true, "skip_reason": "P-ext packed SIMD instructions are user/S-mode ISA features with no M-mode CSR, SB...
[14:37:07] [spechunter] [text] {"should_skip": true, "skip_reason": "P-extension (Packed SIMD) is an embedded/DSP extension that XiangShan does not imp...
[14:37:11] [spechunter] [text] {"should_skip": true, "skip_reason": "P-extension packed SIMD instructions operate on existing GPRs with no new architec...
[14:37:13] [spechunter] [text] {"should_skip": true, "skip_reason": "P-ext averaging subtract instructions are pure ALU operations within GPRs with no ...
[14:38:52] [spechunter] [text] ```json {   "violation_condition": "QEMU TCG generates a logical right shift (shri) or C division (/) instead of arithme...
[14:39:17] [spechunter] [Agent] description, prompt
[14:39:32] [spechunter] [Grep] pattern='PASUB\\.B|PASUB\\.H|PASUB\\.W|PASUB\\.DB|PASUB\\.DH|PASUB\\.DW|PASUBU\\.B|PASUBU\\.H|PASUBU\\.W|PASUBU\\.DB|PASUBU\\.DH|PASUBU\\.DW|ASUB|ASUBU'
[14:39:32] [spechunter] [Grep] pattern='pasub|asub'
[14:39:32] [spechunter] [Grep] pattern='pasub|asub'
[14:39:46] [spechunter] [Grep] pattern='(?i)pasub'
[14:39:46] [spechunter] [Grep] pattern='(?i)asub'
[14:39:46] [spechunter] [Grep] pattern='(?i)averaging'
[14:39:46] [spechunter] [Grep] pattern='(?i)avg.*sub|sub.*avg'
[14:39:46] [spechunter] [Glob] target/riscv/insn_trans/*p*
[14:39:46] [spechunter] [Glob] target/riscv/**/*packed*
[14:40:06] [spechunter] [Grep] pattern='pasub\\.b|pasub\\.h|pasub\\.w|pasub\\.db|pasub\\.dh|pasub\\.dw|pasubu\\.b|pasubu\\.h|pasubu\\.w|pasubu\\.db|pasubu\\.dh|pasubu\\.dw'
[14:40:06] [spechunter] [Grep] pattern='pasub[^u_]'
[14:40:06] [spechunter] [Grep] pattern='pasubu'
[14:40:21] [spechunter] [Glob] target/riscv/**/*simd*
[14:40:21] [spechunter] [Glob] target/riscv/**/*pxp*
[14:40:21] [spechunter] [Glob] target/riscv/**/*dsp*
[14:40:21] [spechunter] [Glob] target/riscv/insn_trans/trans_rvp*
[14:40:21] [spechunter] [Grep] pattern='(?i)p_extension|packed_simd|p-ext|rvp'
[14:40:41] [spechunter] [Glob] target/riscv/insn_trans/**/*.c.inc
[14:40:41] [spechunter] [Bash] List all insn_trans files
[14:40:41] [spechunter] [Grep] pattern='pasub|asub'
[14:40:58] [spechunter] [text] Now let me search for the averaging subtract in the disassembler and also check the vulnerability pattern
[14:40:58] [spechunter] [Grep] pattern='averag|half.?sum|avg.?sub|round.?sub|rounded.?sub'
[14:40:58] [spechunter] [Grep] pattern='averag|half.?sum|avg.?sub|round.?sub|rounded.?sub'
[14:40:58] [spechunter] [Grep] pattern='vasub'
[14:41:20] [spechunter] [Read] /home/yzs/riscv/qemu/target/riscv/vector_helper.c
[14:41:20] [spechunter] [Grep] pattern='(?i)shri|sari|shli'
[14:41:20] [spechunter] [Grep] pattern='(?i)averaging|avg|asub|pasub'
[14:41:26] [spechunter] [Grep] pattern='asub32|asub64|asubu32|asubu64'
[14:41:26] [spechunter] [Grep] pattern='tcg_gen_shri'
[14:41:26] [spechunter] [Read] /home/yzs/riscv/qemu/target/riscv/vector_helper.c
[14:41:40] [spechunter] [Grep] pattern='tcg_gen_shri_i64|tcg_gen_shri_i32|tcg_gen_sari_i64|tcg_gen_sari_i32'
[14:41:40] [spechunter] [Grep] pattern='(vaadd|vasub|vaaddu|vasubu)'
[14:41:40] [spechunter] [Glob] target/riscv/**/*
[14:41:44] [spechunter] [text] Now let me search for P-ext specific packed averaging subtract instructions (not vector). These would be in the packed S...
[14:41:44] [spechunter] [Grep] pattern='pasub|asub'
[14:41:44] [spechunter] [Glob] target/riscv/p/**/*
[14:41:44] [spechunter] [Glob] target/riscv/insn_trans/trans_rvp*
[14:41:49] [spechunter] [Glob] target/riscv/p*
[14:41:49] [spechunter] [Glob] target/riscv/insn*/trans_p*
[14:41:49] [spechunter] [Grep] pattern='packed.*simd|p-ext|P-ext|Zpn|Zpsfoperand|paverage'
[14:42:13] [spechunter] [Grep] pattern='p_extension|packed_simd|simd_packed|p-ext'
[14:42:13] [spechunter] [Grep] pattern='pasub'
[14:42:13] [spechunter] [Read] /home/yzs/riscv/qemu/target/riscv/vector_helper.c
[14:42:13] [spechunter] [Grep] pattern='>>\\s*1|res >>'
[14:42:15] [spechunter] [text] Let me search for P-ext packed SIMD subtract-related helper functions and average/AVG operations in the TCG translate la...
[14:42:15] [spechunter] [Grep] pattern='gen_helper_pasub|gen_helper_asub|gen_helper_avg|gen_helper_pavg'
[14:42:15] [spechunter] [Grep] pattern='DEF_HELPER.*pasub|DEF_HELPER.*asub[^u]|DEF_HELPER.*avg|DEF_HELPER.*pavg'
[14:42:15] [spechunter] [Grep] pattern='averaging|average|avg.*sub|sub.*avg'
[14:42:33] [spechunter] [text] Now let me search for the disassembler references and check the decode file for these instruction names. Also, let me se...
[14:42:33] [spechunter] [Grep] pattern='vasub|vaadd|vasubu|vaaddu'
[14:42:33] [spechunter] [Grep] pattern='vasub|vaadd|vasubu|vaaddu'
[14:42:33] [spechunter] [Grep] pattern='PASUB|ASUB|ASUBU|psubw|psubb|psubh|psubd'
[14:42:42] [spechunter] [text] Let me verify whether P-extension (packed SIMD) support exists at all in this QEMU version, and also do a broader search...
[14:42:42] [spechunter] [Grep] pattern='p-ext|p_extension|packed_simd|XZpn|XZpsfoperand|zpnd|zpn_'
[14:42:42] [spechunter] [Glob] target/riscv/p*.[ch]
[14:42:42] [spechunter] [Grep] pattern='DEF_HELPER.*(psubw|psubb|psubh|psubd|paddw|paddb|paddh|paddd|psraw|psrlw|psllw)'
[14:42:59] [spechunter] [Grep] pattern='asub|avg|averaging'
[14:42:59] [spechunter] [Grep] pattern='asub'
[14:42:59] [spechunter] [Grep] pattern='asub'
[14:42:59] [spechunter] [Grep] pattern='packed|simd'
[14:43:16] [spechunter] [Grep] pattern='rvp_|rv_op_p'
[14:43:16] [spechunter] [Grep] pattern='ext_zpn|ext_zpsf|ext_p|zpn|zpsf'
[14:43:16] [spechunter] [Grep] pattern='gen_helper_pasub|gen_helper_asub[^u3]|gen_helper_pavg_sub'
[14:43:27] [spechunter] [Read] /home/yzs/riscv/qemu/target/mips/tcg/lmmi_helper.c
[14:43:27] [spechunter] [Grep] pattern='get_round'
[14:43:27] [spechunter] [Bash] Check git log for any P-ext RISC-V additions
[14:43:27] [spechunter] [Bash] Check if P-extension decode file exists
[14:43:36] [spechunter] [Grep] pattern='gen_helper_va(sub|add)'
[14:43:36] [spechunter] [Grep] pattern='#define OP_SSS|#define OP_UUU|#define OPIVV2_RM|#define OPIVX2_RM'
[14:43:36] [spechunter] [Grep] pattern='(?i)pasub|asub.*packed|packed.*asub'
[14:43:41] [spechunter] [text] Now let me also verify in the TCG backend and check if there are any existing instruction definition files for P-ext in ...
[14:43:41] [spechunter] [Grep] pattern='pasub|PASUB'
[14:43:41] [spechunter] [Grep] pattern='pasub|PASUB'
[14:43:41] [spechunter] [Grep] pattern='pasub|PASUB'
[14:43:52] [spechunter] [text] Now I have a complete picture. Let me also check the vulnerability pattern for completeness
[14:43:52] [spechunter] [Grep] pattern='tcg_gen_shri.*pasub|gen_helper.*pasub[^u].*shr|sari.*shri.*averaging|>> 1.*signed.*packed|/ 2.*averaging'
[14:45:26] [spechunter] [text] ## 结果  **P-extension 平均减法指令在此 QEMU 代码库中不存在。** 经过全面搜索 `target/riscv/`、所有解码文件、TCG 翻译文件、辅助文件以及 meson 构建文件，均未找到 PASUB.B、PASU...
[14:45:43] [spechunter] [text] Here is my complete analysis. The P-ext packed SIMD averaging subtract instructions (PASUB.B, PASUB.H, etc.) do **not ye...
[14:46:40] [spechunter] [text] Based on the PR context ("P-ext: add Averaging Subtract instruction definitions" for PASUB.B/H/W, ASUB, PASUB.DB/DH/DW, ...
[14:46:40] [spechunter] [Grep] pattern='pasub|asub[^3_64u]|PASUB'
[14:46:40] [spechunter] [Grep] pattern='pasub|ASUB'
[14:47:15] [spechunter] [text] The fast-path locations all reference **V-extension** (vector) averaging subtract — a different ISA extension. The PR ad...
[14:47:15] [spechunter] [Grep] pattern='P-EXT|P_EXT|pext|P_Ext'
[14:47:15] [spechunter] [Grep] pattern='P-ext|packed.*simd|packed_simd'
[14:47:43] [spechunter] [text] All fast-path locations reference **V-extension** (vector) vasub/vasubu — a completely different ISA extension from **P-...
[14:48:28] [spechunter] [Agent] description, subagent_type
[14:48:28] [spechunter] [Agent] description, subagent_type
[14:48:43] [spechunter] [Grep] pattern='pasub|PASUB'
[14:48:43] [spechunter] [Grep] pattern='asub|ASUB'
[14:48:43] [spechunter] [Grep] pattern='averaging.subtract|avg_sub|avgsub'
[14:48:47] [spechunter] [Bash] List top-level contents of spec_ref directory
[14:48:47] [spechunter] [Bash] List all subdirectories up to 2 levels
[14:48:47] [spechunter] [Grep] pattern='P-extension|packed SIMD|Packed SIMD|P extension'
[14:48:47] [spechunter] [Grep] pattern='PASUB|averaging subtract|ASUB'
[14:49:02] [spechunter] [Bash] List all directories
[14:49:02] [spechunter] [Glob] **/*
[14:49:02] [spechunter] [Grepped] pattern, path
[14:49:09] [spechunter] [Grep] pattern='asub|ASUB'
[14:49:09] [spechunter] [Grep] pattern='asub|ASUB'
[14:49:09] [spechunter] [Grep] pattern='asub|ASUB'
[14:49:09] [spechunter] [Grep] pattern='asub|ASUB'
[14:49:09] [spechunter] [Grep] pattern='ave_sub|ave._sub|averag'
[14:49:09] [spechunter] [Glob] **/target/riscv/insn_trans/*p*
[14:49:28] [spechunter] [Grep] pattern='PASUB|ASUB|averaging|signed average'
[14:49:28] [spechunter] [Grep] pattern='arithmetic.*shift|logical.*shift|rounding|round.*toward|floor'
[14:49:28] [spechunter] [Bash] Count lines in zp.adoc
[14:49:33] [spechunter] [Grep] pattern='p-ext|P.?ext|simd.*subtract|packed.*subtract|packed.*sub'
[14:49:33] [spechunter] [Grep] pattern='zpn|zpsfoperand|P.*ext.*sub|sub.*aver'
[14:49:33] [spechunter] [Grep] pattern='ave_sub|ave_sub'
[14:49:33] [spechunter] [Grep] pattern='GEN_OPIVV_TRANS|GEN_OPIVX_TRANS'
[14:49:33] [spechunter] [Bash] List insn_trans directory contents
[14:49:47] [spechunter] [Read] /home/yzs/riscv/rv-isa-sec/spec_ref/riscv-isa-manual/src/unpriv/zp.adoc
[14:49:47] [spechunter] [Grep] pattern='PASUB|ASUB|averaging|signed average'
[14:49:47] [spechunter] [Grep] pattern='zp\\.adoc|include.*zp'
[14:49:47] [spechunter] [Grep] pattern='rounding|arithmetic.*shift|logical.*shift|floor|toward.*zero'
[14:49:56] [spechunter] [Read] /home/yzs/riscv/qemu/target/riscv/vector_helper.c
[14:49:56] [spechunter] [Grep] pattern='asub32|asub64|asubu32|asubu64'
[14:49:56] [spechunter] [Grep] pattern='GEN_OPIVV_TRANS\\(vasub|GEN_OPIVX_TRANS\\(vasub'
[14:49:56] [spechunter] [Grep] pattern='GEN_OPIVV_TRANS|GEN_OPIVX_TRANS'
[14:50:11] [spechunter] [Grep] pattern='vasub|vaadd|VASUB|VAADD'
[14:50:11] [spechunter] [Grep] pattern='vasub|VASUB|averaging'
[14:50:11] [spechunter] [Glob] **/*p-ext*
[14:50:11] [spechunter] [Glob] **/*packed*
[14:50:11] [spechunter] [Glob] **/*simd*
[14:50:11] [spechunter] [Glob] **/*Zpn*
[14:50:28] [spechunter] [Grep] pattern='roundoff_signed|roundoff_unsigned'
[14:50:28] [spechunter] [Grep] pattern='rounding|signed.*shift|arithmetic|logical'
[14:50:28] [spechunter] [Bash] Find standalone P-extension PDFs/docs
[14:50:45] [spechunter] [Grep] pattern='get_round'
[14:50:45] [spechunter] [Grep] pattern='#define RVVCALL|#define OPIVV2_RM|#define OPIVX2_RM|#define GEN_VEXT_VV_RM|#define GEN_VEXT_VX_RM'
[14:50:45] [spechunter] [Grep] pattern='#define OP_SSS_B|#define OP_SSS_H|#define OP_SSS_W|#define OP_SSS_D|#define OP_UUU_B|#define OP_UUU_H|#define OP_UUU_W|#define OP_UUU_D'
[14:50:45] [spechunter] [Grep] pattern='ZPN|zpnh|zpne|RVP|rvp|P_EXT|P_EXTENSION|zpn'
[14:50:45] [spechunter] [Grep] pattern='ZPN|zpnh|zpne|RVP|rvp'
[14:51:09] [spechunter] [Read] /home/yzs/riscv/qemu/target/riscv/vector_helper.c
[14:51:09] [spechunter] [Read] /home/yzs/riscv/qemu/target/riscv/vector_helper.c
[14:51:09] [spechunter] [Read] /home/yzs/riscv/qemu/target/riscv/insn_trans/trans_rvv.c.inc
[14:51:09] [spechunter] [Read] /home/yzs/riscv/qemu/target/riscv/insn32.decode
[14:51:09] [spechunter] [Read] /home/yzs/riscv/qemu/target/riscv/helper.h
[14:51:09] [spechunter] [Grep] pattern='#define OPIVV2_RM|#define OPIVX2_RM'
[14:51:13] [spechunter] [Read] /home/yzs/riscv/rv-isa-sec/spec_ref/riscv-isa-manual/src/unpriv/vector-common.adoc
[14:51:13] [spechunter] [Grep] pattern='signed\\(v\\)|unsigned\\(v\\)|arithmetic|logical.*right|>>|shift.*right'
[14:51:13] [spechunter] [Grep] pattern='packed.*SIMD|P extension|p-extension|Zpn|Zpsfoperand'
[14:51:23] [spechunter] [Grep] pattern='#define GEN_VEXT_VV_RM|#define GEN_VEXT_VX_RM'
[14:51:23] [spechunter] [Grep] pattern='ZPN|zpnh|zpne|P.ext'
[14:51:23] [spechunter] [Grep] pattern='vaadd_vv|vaaddu_vv'
[14:51:37] [spechunter] [Grep] pattern='p-ext|P.?ext|simd.*sub|packed.*sub'
[14:51:37] [spechunter] [Bash] List all decode files in target/riscv/
[14:52:01] [spechunter] [Read] /home/yzs/riscv/XiangShan/pmin_pmax_packed_simd_findings.json
[14:52:01] [spechunter] [Grep] pattern='signed.*>>|arithmetic.*shift|sign.*extend'
[14:52:01] [spechunter] [Grep] pattern='P-extension|Zpn|packed SIMD|subword|sub-word'
[14:52:06] [spechunter] [Grep] pattern='PASUB|asub\\b'
[14:52:06] [spechunter] [Grep] pattern='vext_vv_rm_2'
[14:52:24] [spechunter] [Grep] pattern='PASUB|asub'
[14:52:24] [spechunter] [Grep] pattern='PASUB|pasub|asub'
[14:52:39] [spechunter] [Grep] pattern='PASUB|pasub|zpn|zpnh'
[14:52:39] [spechunter] [Grep] pattern='PASUB|pasub|zpn|zpnh'
[14:52:39] [spechunter] [Grep] pattern='PASUB\\.B|PASUB\\.H|PASUB\\.W|PASUB\\.DB|PASUB\\.DH|PASUB\\.DW'
[14:54:40] [spechunter] [text] Let me do a quick verification to confirm the P-ext instructions are indeed not implemented.  
[14:54:40] [spechunter] [Grep] pattern='pasub|PASUB|asub[^u34]|ASUB[^U]'
[14:54:40] [spechunter] [Grep] pattern='GEN_OPIVV_TRANS\\(vasub|GEN_OPIVX_TRANS\\(vasub'
[14:54:56] [spechunter] [text] The search confirms there are no P-ext packed SIMD averaging subtract instructions (PASUB.B/H/W, ASUB, PASUB.DB/DH/DW) i...
