[06:29:21] [spechunter] PR loaded: #92 riscv-non-isa/riscv-iopmp — "Reference Model: Correct the values of MDCFG for improper setting"
[06:29:21] [spechunter]   diff: 1969 chars  body: 753 chars  reviews: 0
[06:29:21] [spechunter] Global pre-filter running...
[06:29:40] [spechunter] [text] {"should_skip": false}
[06:29:41] [spechunter] pre-filter: should_skip=False reason=""
[06:30:00] [spechunter] [text] {"should_skip": true, "skip_reason": "Reference model implementation change only (iopmp_ref_model C code), no CSR defini...
[06:30:05] [spechunter] [text] {"should_skip": true, "skip_reason": "Changes only affect the IOPMP reference model C code (simulation tool), not the IO...
[06:30:05] [spechunter] [text] {"should_skip": true, "skip_reason": "IOPMP reference model implementation change, unrelated to OpenSBI's PMP/ePMP confi...
[06:30:10] [spechunter] [text] {"should_skip": true, "skip_reason": "This PR only changes the IOPMP reference model C code (software), not the specific...
[06:30:16] [spechunter] [text] {"should_skip": false, "skip_reason": "IOPMP is a security-critical memory protection mechanism; this PR defines hardwar...
[06:30:32] [spechunter] [text] ```json {   "violation_condition": "QEMU IOPMP emulation accepts non-monotonically-incremental MDCFG table entries witho...
[06:30:43] [spechunter] [Grep] pattern='IOPMP_MDCFG|MDCFG'
[06:30:43] [spechunter] [Grep] pattern='MDCFG_TABLE_BASE_OFFSET'
[06:30:43] [spechunter] [Grep] pattern='iopmp|IOPMP'
[06:30:50] [spechunter] [Agent] description, subagent_type
[06:30:59] [spechunter] [text] Let me do a broader search to be thorough — checking for any IOPMP or PMP-related patterns that might be related.  
[06:30:59] [spechunter] [Grep] pattern='iopmp'
[06:30:59] [spechunter] [Grep] pattern='mdcfg'
[06:30:59] [spechunter] [Grep] pattern='MDCFG'
[06:31:06] [spechunter] [Grep] pattern='(?i)iopmp'
[06:31:06] [spechunter] [Grep] pattern='(?i)mdcfg'
[06:31:06] [spechunter] [Glob] **/iopmp*
[06:31:06] [spechunter] [Glob] **/*iopmp*
[06:31:06] [spechunter] [text] The searches confirm that **IOPMP/MDCFG is not yet implemented in this QEMU codebase**. There are zero references to `IO...
[06:31:40] [spechunter] [Grep] pattern='iopmp|IOPMP|io_pmp|io_pmp_entry|mdcfg|MDCFG|md_entry_cfg|io physical memory protection'
[06:31:40] [spechunter] [Grep] pattern='IOPMP'
[06:31:40] [spechunter] [Bash] Search git history for IOPMP/MDCFG commits
[06:31:40] [spechunter] [Grep] pattern='mdcfgs?\\d*|MDCFGS?\\d*'
[06:31:54] [spechunter] [Bash] Check for IOPMP-related branches
[06:31:54] [spechunter] [Bash] Check recent commits
[06:31:54] [spechunter] [Grep] pattern='pmp_entry|pmpcfg|pmp_cfg_entry|Physical Memory Protection'
[06:31:54] [spechunter] [Grep] pattern='pmp_entry|pmpcfg|pmp_cfg_entry'
[06:31:54] [spechunter] [Bash] List hw/riscv directory
[06:32:12] [spechunter] [Bash] Check for uncommitted or untracked files
[06:32:12] [spechunter] [Bash] Check git stash list
[06:32:12] [spechunter] [Bash] Search git log for pmp-related work
[06:32:12] [spechunter] [Bash] Check what branch we're on
[06:32:12] [spechunter] [Bash] Check all remote names
[06:32:27] [spechunter] [Bash] Show diff in modified riscv-iommu.c
[06:32:27] [spechunter] [Bash] Check untracked files for IOPMP mentions
[06:32:27] [spechunter] [Grep] pattern='(?i)iopmp|mdcfg|io_pmp'
[06:32:55] [spechunter] [Grep] pattern='MDCFG|mdcfg|iopmp|IOPMP|IO_PMP|io_pmp|IOPMPCFG'
[06:32:55] [spechunter] [Grep] pattern='0x[0-9a-fA-F]{3,4}|CSR_|MCOUNTEREN|MHPMEVENT|MHPMCOUNTER|HPMEVENT|HPMCOUNTER|MSEVENT|MSCNT'
[06:32:55] [spechunter] [Bash] Comprehensive grep for IOPMP across entire tree
[06:32:55] [spechunter] [Read] /home/yzs/riscv/qemu/target/riscv/cpu_bits.h
[06:33:26] [spechunter] [Read] /home/yzs/riscv/qemu/target/riscv/pmp.c
[06:33:26] [spechunter] [Read] /home/yzs/riscv/qemu/target/riscv/pmp.h
[06:33:26] [spechunter] [Grep] pattern='pmpcfg_write|pmpaddr_write|mseccfg_write|pmp_write_cfg|pmp_update_rule|pmp_is_locked|pmp_range'
[06:33:26] [spechunter] [Bash] Final exhaustive search for IOPMP in source files
[06:33:51] [spechunter] [Grep] pattern='iopmp|mdcfg|io_pmp|IOPMP'
[06:33:51] [spechunter] [Grep] pattern='iopmp|mdcfg|io_pmp|IOPMP'
[06:33:51] [spechunter] [Grep] pattern='iopmp|mdcfg|io_pmp|IOPMP'
[06:33:51] [spechunter] [Grep] pattern='iopmp|mdcfg|io_pmp|IOPMP'
[06:33:51] [spechunter] [Grep] pattern='pmpcfg_csr_write|pmpaddr_csr_write|mseccfg_csr_write'
[06:34:12] [spechunter] [Grep] pattern='mseccfg_csr_write|pmpcfg_csr_write|pmpaddr_csr_write'
[06:34:12] [spechunter] [Grep] pattern='MENVCFG|menvcfg|senvcfg|henvcfg|envcfg'
[06:34:12] [spechunter] [Grep] pattern='pmp_state|mseccfg|pmp_table|filter|monotonic'
[06:34:38] [spechunter] [Grep] pattern='MAX_RISCV|mseccfg|pmp_state|pmp_table|addr_width|filter'
[06:34:38] [spechunter] [Grep] pattern='RISCVIOMMUState|pmp_entry|mdcfg|entry'
[06:34:38] [spechunter] [Read] /home/yzs/riscv/qemu/target/riscv/cpu.h
[06:34:38] [spechunter] [Bash] Final verification in iommu files
[06:36:10] [spechunter] [Read] /home/yzs/riscv/qemu/hw/riscv/riscv-iommu.c
[06:36:10] [spechunter] [Grep] pattern='table|Table|TABLE|entry|Entry|ENTRY|validate|valid|monoton|enforc|clamp|correct|fix'
[06:36:19] [spechunter] [Bash] Check what modifications exist in riscv-iommu.c
[06:36:19] [spechunter] [Grep] pattern='iopmp|IOPMP|io_pmp|mdcfg|MDCFG|md_entry'
[06:36:35] [spechunter] [Grep] pattern='iopmp'
[06:37:06] [spechunter] [text] Here is my complete analysis.  ## IOPMP MDCFG Search Results  **There is no IOPMP (I/O Physical Memory Protection) or MD...
[06:37:17] [spechunter] [Grep] pattern='MDCFG|mdcfg'
[06:37:17] [spechunter] [Grep] pattern='iopmp|IOPMP'
[06:37:32] [spechunter] [text] Both fast-path and slow-path searches returned no locations. I independently confirmed there are zero matches for `MDCFG...
[06:37:42] [spechunter] [text] Let me find and read the relevant IOPMP code first.  
[06:37:42] [spechunter] [Grep] pattern='iopmp|IOPMP|mdcfg|MDCFG'
[06:37:42] [spechunter] [Grep] pattern='MDCFG|mdcfg'
[06:37:47] [spechunter] [Grep] pattern='iopmp|IOPMP|RISC_V_IOPMP'
[06:37:47] [spechunter] [Glob] **/iopmp*
[06:37:47] [spechunter] [Glob] **/io_pmp*
[06:37:53] [spechunter] [Glob] **/riscv*iommu*
[06:37:53] [spechunter] [Glob] **/riscv*pmp*
[06:37:53] [spechunter] [Bash] Check recent commits
[06:38:11] [spechunter] [text] The IOPMP files don't exist in this repo. Let me check the modified riscv-iommu.c for any MDCFG-related code and also se...
[06:38:11] [spechunter] [Grep] pattern='MDCFG|mdcfg|MD_NUM|md_num'
[06:38:11] [spechunter] [Grep] pattern='iopmp|IOPMP'
[06:38:29] [spechunter] [text] Let me check the modified riscv-iommu.c and also look at what the PR title refers to — the "Reference Model" might relat...
[06:38:29] [spechunter] [Bash] Check local diff in riscv-iommu.c
[06:38:29] [spechunter] [Grep] pattern='MDCFG|mdcfg|MD_NUM|ddcfg|DDCFG|monotonic|entry.*t'
[06:38:29] [spechunter] [Grep] pattern='mdcfg|MDCFG'
[06:38:40] [spechunter] [Grep] pattern='reference.model|ref_model|refmodel'
[06:38:40] [spechunter] [Bash] List branches
[06:39:07] [spechunter] [text] The IOPMP module and MDCFG tables don't exist in this codebase. Let me verify by examining the IOMMU code (the only rela...
[06:39:07] [spechunter] [Grep] pattern='DDCFG|ddcfg|DCTX|device.context|pdtv|PDTV'
[06:39:07] [spechunter] [Grep] pattern='validate.*ctx|ctx.*valid|validate.*device|check.*ctx'
[06:39:22] [spechunter] [Grep] pattern='memory.domain.config|mem_domain|memdomain'
[06:39:22] [spechunter] [Glob] **/riscv*pmp*.{c,h}
[06:39:22] [spechunter] [Grep] pattern='monotonic'
[06:39:40] [spechunter] [Grep] pattern='monotonic'
[06:39:40] [spechunter] [Grep] pattern='monotonic'
[06:39:50] [spechunter] [Grep] pattern='cfg|config.*table|entry.*mask|domain'
[06:39:50] [spechunter] [Bash] List all RISC-V hw files in QEMU
[06:40:09] [spechunter] [text] Let me look at the IOMMU device context write path for any analogous patterns.  
[06:40:09] [spechunter] [Grep] pattern='write.*ctx|ctx.*write|store.*ctx|mem_write|ioctl|command|cmd_process|cmd_write'
[06:40:31] [spechunter] [Read] /home/yzs/riscv/qemu/hw/riscv/riscv-iommu-bits.h
[06:40:44] [spechunter] [text] Now let me look at the full IOMMU emulation code for the write paths and any analogous config-entry validation.  
[06:40:44] [spechunter] [Read] /home/yzs/riscv/qemu/hw/riscv/riscv-iommu.c
[06:40:44] [spechunter] [Read] /home/yzs/riscv/qemu/hw/riscv/riscv-iommu.c
[06:40:56] [spechunter] [text] Let me check for any reference model or IOPMP references in the broader QEMU ecosystem and look more carefully at the co...
[06:40:56] [spechunter] [Grep] pattern='physical.memory.protection|io.pmp|iopmp'
[06:40:56] [spechunter] [Grep] pattern='MDCFG|mdcfg|domain_cfg|dom_cfg'
[06:40:56] [spechunter] [Grep] pattern='reference.model'
[06:40:56] [spechunter] [Grep] pattern='write|reg_write|mem_write|store'
[06:41:10] [spechunter] [Bash] Exhaustive search for IOPMP and MDCFG
[06:41:10] [spechunter] [Bash] Search git history for IOPMP/MDCFG references
[06:41:10] [spechunter] [Bash] Check for git submodules
[06:41:28] [spechunter] [text] Based on my thorough search of the entire QEMU codebase, I can now provide the analysis.  The IOPMP (I/O Physical Memory...
