[03:36:23] [spechunter] PR loaded: #705 riscv/riscv-fast-interrupt — "Smidctrl: Adding definition of behavior in unimplemented registers"
[03:36:23] [spechunter]   diff: 1168 chars  body: 1 chars  reviews: 0
[03:36:23] [spechunter] Global pre-filter running...
[03:36:34] [spechunter] [text] {"should_skip": false}
[03:36:35] [spechunter] pre-filter: should_skip=False reason=""
[03:36:46] [spechunter] [text] {"should_skip": false}
[03:36:51] [spechunter] [text] {"should_skip": false}
[03:36:58] [spechunter] [Grep] pattern='xiselect|miselect|siselect|xireg|mireg|sireg'
[03:36:58] [spechunter] [Grep] pattern='Smidctrl|smidctrl|SMIDCTRL'
[03:37:00] [spechunter] [text] {"should_skip": true, "skip_reason": "Minor CLIC spec clarification about reserved register behavior (raises illegal ins...
[03:37:09] [spechunter] [text] {"should_skip": true, "skip_reason": "FreeBSD does not support the RISC-V fast interrupt (CLIC/ACLIC) extension; the ker...
[03:37:11] [spechunter] [Grep] pattern='aclic|CLIC|clic|fast.interrupt'
[03:37:20] [spechunter] [text] ```json {   "violation_condition": "Linux kernel on RISC-V writes xiselect to a value in the range 0x1000–0x1100 and the...
[03:37:28] [spechunter] [text] {"should_skip": true, "skip_reason": "Smidctrl (S-mode indirect CSR access control for fast interrupts) is not implement...
[03:37:36] [spechunter] [text] ```json {   "violation_condition": "QEMU's software implementation of indirect CSR access (siselect/sireg* and miselect/...
[03:37:46] [spechunter] [Grep] pattern='xiselect|CSR_XISELECT|csr_xiselect'
[03:37:46] [spechunter] [Grep] pattern='xireg|CSR_XIREG|csr_xireg'
[03:37:52] [spechunter] [TodoWrite] 5 items
[03:37:57] [spechunter] [Grep] pattern='CSR_XISELECT|CSR_IREG|CSR_XIREG|xiselect|xireg'
[03:37:57] [spechunter] [Grep] pattern='smidctrl|smcdeleg|indirect.*csr|ISELECT|IREG'
[03:37:57] [spechunter] [Grep] pattern='0x10[0-9a-fA-F0-9]0|0x1[01][0-9a-fA-F0-9]0'
[03:38:01] [spechunter] [Grep] pattern='siselect|CSR_SISELECT|csr_siselect'
[03:38:01] [spechunter] [Grep] pattern='sireg|CSR_SIREG|csr_sireg'
[03:38:01] [spechunter] [Grep] pattern='smcntr|SSCNTR|sscntr'
[03:38:07] [spechunter] [Grep] pattern='siselect|miselect|vsiselect'
[03:38:07] [spechunter] [Grep] pattern='sireg[0-9]*|mireg[0-9]*'
[03:38:07] [spechunter] [Grep] pattern='xiselect|xireg'
[03:38:07] [spechunter] [Grep] pattern='ISELECT|IPRIO'
[03:38:11] [spechunter] [Grep] pattern='siselect|vsiselect|miselect'
[03:38:11] [spechunter] [Grep] pattern='sireg[^s]|mireg[^s]'
[03:38:11] [spechunter] [Grep] pattern='sireg2|sireg3|sireg4|sireg5|sireg6'
[03:38:11] [spechunter] [Grep] pattern='mireg2|mireg3|mireg4|mireg5|mireg6'
[03:38:11] [spechunter] [Grep] pattern='ISELECT|IPRIO|ireg.*indirect|rmw_xireg|siselect.*range|aclic.*illegal'
[03:38:11] [spechunter] [Grep] pattern='rmw_xireg|xireg[^s]'
[03:38:11] [spechunter] [Read] /home/yzs/riscv/linux/arch/riscv/include/asm/csr.h
[03:38:11] [spechunter] [Read] /home/yzs/riscv/linux/drivers/irqchip/irq-riscv-imsic-state.c
[03:38:11] [spechunter] [Read] /home/yzs/riscv/linux/arch/riscv/kvm/aia_imsic.c
[03:38:17] [spechunter] [text] Let me read the key source files to understand the implementation.  
[03:38:17] [spechunter] [Grep] pattern='ISELECT|IPRIO|xiselect|xireg'
[03:38:17] [spechunter] [Grep] pattern='siselect|miselect|sireg|mireg|rmw_xireg'
[03:38:25] [spechunter] [Grep] pattern='miselect|CSR_MISELECT|mireg|CSR_MIREG'
[03:38:25] [spechunter] [Grep] pattern='smdid|smstateen|SMSDID|SMSTATEEN'
[03:38:25] [spechunter] [Grep] pattern='smcntr|SSCNTR'
[03:38:26] [spechunter] [text] Let me get more details on key functions and definitions.  
[03:38:26] [spechunter] [Grep] pattern='CSR_SIREG|CSR_MIREG|CSR_VSIREG'
[03:38:26] [spechunter] [Grep] pattern='csrind_or_aia|csrind_any|csrind_smode|csrind_hmode'
[03:38:26] [spechunter] [Grep] pattern='smidctrl|Smidctrl|SMIDCTRL'
[03:38:26] [spechunter] [Read] /home/yzs/riscv/qemu/target/riscv/csr.c
[03:38:31] [spechunter] [Grep] pattern='IMSIC_EIP|IMSIC_EIE|IMSIC_EIDELIVERY|IMSIC_EITHRESHOLD'
[03:38:31] [spechunter] [Grep] pattern='IMSIC_EIP|IMSIC_EIE|IMSIC_EIDELIVERY|IMSIC_EITHRESHOLD'
[03:38:31] [spechunter] [Grep] pattern='CSR_VSISELECT|CSR_VSIREG|CSR_MISELECT|CSR_MIREG|CSR_SISELECT|CSR_SIREG'
[03:38:37] [spechunter] [text] Let me read the core functions in detail.  
[03:38:37] [spechunter] [Read] /home/yzs/riscv/qemu/target/riscv/csr.c
[03:38:37] [spechunter] [Read] /home/yzs/riscv/qemu/target/riscv/csr.c
[03:38:37] [spechunter] [Read] /home/yzs/riscv/qemu/target/riscv/csr.c
[03:38:39] [spechunter] [Grep] pattern='iprio|IPRIO'
[03:38:39] [spechunter] [Grep] pattern='ISELECT_MASK|iselect_mask'
[03:38:39] [spechunter] [Grep] pattern='0x1000.*iselect|iselect.*0x1000|ISELECT.*0x1000|0x1000.*ISELECT'
[03:38:43] [spechunter] [Read] /home/yzs/riscv/qemu/target/riscv/csr.c
[03:38:43] [spechunter] [Read] /home/yzs/riscv/qemu/target/riscv/csr.c
[03:38:43] [spechunter] [Read] /home/yzs/riscv/qemu/target/riscv/csr.c
[03:38:43] [spechunter] [Read] /home/yzs/riscv/linux/include/linux/irqchip/riscv-imsic.h
[03:38:43] [spechunter] [Grep] pattern='IMSIC_EIP0|IMSIC_EIE0|IMSIC_EIDELIVERY|IMSIC_EITHRESHOLD|IMSIC_EIPx_BITS|IMSIC_MAX_ID|IMSIC_MIN_ID'
[03:38:48] [spechunter] [Read] /home/yzs/riscv/linux/arch/riscv/include/asm/csr.h
[03:38:48] [spechunter] [Read] /home/yzs/riscv/linux/arch/riscv/include/asm/csr.h
[03:38:48] [spechunter] [Read] /home/yzs/riscv/linux/arch/riscv/include/asm/csr.h
[03:38:55] [spechunter] [Read] /home/yzs/riscv/linux/arch/riscv/kvm/aia_imsic.c
[03:38:55] [spechunter] [Read] /home/yzs/riscv/linux/arch/riscv/kvm/aia.c
[03:38:55] [spechunter] [Grep] pattern='sireg|ireg|SIREG|IREG'
[03:38:58] [spechunter] [Grep] pattern='csrind_smode|csrind_any|csrind_hmode|csrind_or_aia'
[03:39:02] [spechunter] [Read] /home/yzs/riscv/qemu/target/riscv/csr.c
[03:39:02] [spechunter] [Grep] pattern='aclic|smidctrl|Smidctrl|SMIDCTRL|ACLIC'
[03:39:05] [spechunter] [Read] /home/yzs/riscv/qemu/target/riscv/csr.c
[03:39:05] [spechunter] [Grep] pattern='csrind_xlate_vs_csrno'
[03:39:05] [spechunter] [Grep] pattern='SMSTATEEN0_SVSLCT'
[03:39:12] [spechunter] [Grep] pattern='smdid|SMSDID|smsdid|smideleg|SMSIDELEG|smsideleg|smidctrl|SMIDCTRL'
[03:39:12] [spechunter] [Grep] pattern='kvm_riscv_vcpu_aia_rmw_ireg'
[03:39:17] [spechunter] [Read] /home/yzs/riscv/qemu/target/riscv/csr.c
[03:39:17] [spechunter] [Read] /home/yzs/riscv/qemu/target/riscv/csr.c
[03:39:17] [spechunter] [Read] /home/yzs/riscv/qemu/target/riscv/csr.c
[03:39:17] [spechunter] [Read] /home/yzs/riscv/qemu/target/riscv/csr.c
[03:39:18] [spechunter] [Grep] pattern='sireg2|sireg3|sireg4|sireg5|sireg6|mireg2|mireg3|mireg4|mireg5|mireg6'
[03:39:18] [spechunter] [Grep] pattern='aclic|smidctrl|smcdeleg|smstateen|ACLINT|aclint'
[03:39:18] [spechunter] [Grep] pattern='CSR_.*IREG|SxIREG|xireg'
[03:39:27] [spechunter] [text] Now let me also check the stride pattern in the iprio range and any indirect-access loops in the tools directory.  
[03:39:27] [spechunter] [Grep] pattern='stride|0x2|step.*2|inc.*2'
[03:39:27] [spechunter] [Grep] pattern='CSR_IREG|CSR_ISELECT|csr_write.*ISELECT|csr_read.*IREG|csr_write.*IREG'
[03:39:32] [spechunter] [Grep] pattern='csrind_extensions_present'
[03:39:32] [spechunter] [Read] /home/yzs/riscv/qemu/target/riscv/csr.c
[03:39:41] [spechunter] [Grep] pattern='iprio|IPRIO|IPRIO_MODE|SMAIA'
[03:39:41] [spechunter] [Grep] pattern='rmw_ireg|aia_rmw_ireg|kvm_riscv_vcpu_aia_rmw'
[03:39:41] [spechunter] [Read] /home/yzs/riscv/linux/arch/riscv/include/asm/kvm_aia.h
[03:39:43] [spechunter] [Read] /home/yzs/riscv/qemu/target/riscv/csr.c
[03:39:43] [spechunter] [Read] /home/yzs/riscv/qemu/target/riscv/cpu_bits.h
[03:39:43] [spechunter] [Read] /home/yzs/riscv/qemu/target/riscv/cpu_bits.h
[03:39:43] [spechunter] [Read] /home/yzs/riscv/qemu/target/riscv/cpu_bits.h
[03:39:43] [spechunter] [Read] /home/yzs/riscv/qemu/target/riscv/cpu_bits.h
[03:40:05] [spechunter] [Grep] pattern='ext_smcsrind|ext_sscsrind'
[03:40:05] [spechunter] [Grep] pattern='ext_smctr|ext_ssctr'
[03:40:05] [spechunter] [Read] /home/yzs/riscv/qemu/target/riscv/csr.c
[03:40:15] [spechunter] [text] Now I have a comprehensive picture. Here is the final report:  ```json {   "locations": [     {       "file_path": "arch...
[03:40:18] [spechunter] [Grep] pattern='CTR_ENTRIES_FIRST|CTR_ENTRIES_LAST|SCTRDEPTH_MASK|SCTRSTATUS'
[03:40:18] [spechunter] [Grep] pattern='CSR_MIREG[^0-9]|CSR_SIREG[^0-9]|CSR_VSIREG[^0-9]'
[03:40:20] [spechunter] [Grep] pattern='ext_smcsrind|ext_sscsrind|ext_smctr|ext_ssctr|ext_smcdeleg|ext_ssccfg'
[03:40:26] [spechunter] [Grep] pattern='siselect|vsiselect|miselect|sireg|mireg'
[03:40:26] [spechunter] [Grep] pattern='siselect|vsiselect|miselect|sireg|mireg'
[03:40:42] [spechunter] [Read] /home/yzs/riscv/linux/arch/riscv/kvm/aia.c
[03:40:42] [spechunter] [Grep] pattern='iselect|ISELECT|select.*range|ISELECT_MASK'
[03:40:42] [spechunter] [Grep] pattern='ISELE|isele|smcdeleg|SMCDELEG|sscdeleg|SSCDELEG'
[03:41:01] [spechunter] [TodoWrite] 5 items
[03:41:35] [spechunter] [text] ```json {   "locations": [     {       "file_path": "target/riscv/cpu_bits.h",       "function_name": null,       "line_...
[03:43:02] [spechunter] [text] Now let me search for additional affected code paths - loops iterating over iselect/IPRIO ranges, and any error paths.  
[03:43:02] [spechunter] [Grep] pattern='vsfile_local_clear|imsic_vsfile_local_update|imsic_vsfile_local_read'
[03:43:02] [spechunter] [Grep] pattern='for.*i.*IMSIC_EIP|for.*i.*IMSIC_EIE|for.*i.*nr_eix|for.*i.*nr_hw_eix'
[03:43:02] [spechunter] [Grep] pattern='strid|STRIDE|odd.*select|even.*select|& 0x1|& 1\\)'
[03:43:47] [spechunter] [Grep] pattern='miselect|siselect|vsiselect'
[03:43:47] [spechunter] [Grep] pattern='miselect|siselect|vsiselect'
[03:45:41] [spechunter] [text] Now let me look more deeply at the KVM AIA file for CSR dispatch patterns and any host-side trap handlers.  
[03:45:41] [spechunter] [Read] /home/yzs/riscv/linux/arch/riscv/kvm/aia.c
[03:45:41] [spechunter] [Read] /home/yzs/riscv/linux/arch/riscv/kvm/aia.c
[03:45:41] [spechunter] [Grep] pattern='illegal.*trap|ILLEGAL_TRAP|illegal_insn|handle_exception|do_trap'
[03:46:01] [spechunter] [text] Let me check the exact CSR address range definitions for sireg4-sireg6 and mireg4-mireg6.  
[03:46:01] [spechunter] [Grep] pattern='CSR_MIREG[0-9]|CSR_SIREG[0-9]|CSR_VSIREG[0-9]'
[03:46:01] [spechunter] [Grep] pattern='MXL_RV32|MXL_RV64'
[03:46:08] [spechunter] [text] Let me look for deeper indirect CSR access patterns and KVM CSR dispatch.  
[03:46:08] [spechunter] [Read] /home/yzs/riscv/linux/arch/riscv/kvm/vcpu_insn.c
[03:46:08] [spechunter] [Grep] pattern='0x154|0x155|0x156|0x354|0x355|0x356|0x254|0x255|0x256'
[03:46:08] [spechunter] [Grep] pattern='smcdeleg|smcsrind|smcntrpmf|Smcdeleg|Smcsrind'
[03:47:41] [spechunter] [Grep] pattern='ISELECT_MASK|iselect_mask'
[03:47:41] [spechunter] [Grep] pattern='ISELECT_MASK|iselect_mask'
[03:47:41] [spechunter] [Read] /home/yzs/riscv/linux/arch/riscv/kvm/vcpu_insn.c
[03:47:55] [spechunter] [Grep] pattern='0x1000|0x10ff|0x1100|aclint.*iselect|smidctrl.*iselect|sswi|SSWI|sscsrind|SSCSRIND'
[03:47:55] [spechunter] [Grep] pattern='sswi|SSWI|setipnum|SETIPNUM|sscsrind|SSCSRIND'
[03:47:55] [spechunter] [Grep] pattern='THEAD.*ACLINT|thead.*aclint|c900.*aclint'
[03:48:04] [spechunter] [Grep] pattern='sscsrind|sireg2|sireg3|sireg4|sireg5|sireg6|Sscsrind|SIReg'
[03:48:04] [spechunter] [Grep] pattern='imsic_mrif_isel_check|is_valid.*isel|sanity.*isel|check.*iselect'
[03:48:04] [spechunter] [Grep] pattern='ncsr_read|ncsr_write'
[03:48:26] [spechunter] [text] Now I need to check the GDB stub for CSR exposure, the CPU init/reset code, and the KVM path.  
[03:48:26] [spechunter] [Grep] pattern='siselect|miselect|sireg|mireg|aclic|smidctrl'
[03:48:26] [spechunter] [Grep] pattern='siselect|miselect|sireg|mireg'
[03:48:26] [spechunter] [Grep] pattern='siselect|miselect|sireg|mireg'
[03:48:46] [spechunter] [Grep] pattern='miselect|siselect|vsiselect'
[03:48:46] [spechunter] [Grep] pattern='ISELECT_MASK_SXCSRIND|ISELECT_MASK_AIA'
[03:49:22] [spechunter] [Grep] pattern='sireg2|sireg3|sireg4|sireg5|sireg6|vsireg2|vsireg3|vsireg4|vsireg5|vsireg6|mireg2|mireg3|mireg4|mireg5|mireg6'
[03:49:22] [spechunter] [Grep] pattern='SSCSRIND|sscsrind|Sscsrind'
[03:49:22] [spechunter] [Grep] pattern='do_trap_insn_illegal|handle_illegal|illegal_insn|_exception'
[03:49:48] [spechunter] [Read] /home/yzs/riscv/linux/arch/riscv/kernel/traps.c
[03:49:48] [spechunter] [Read] /home/yzs/riscv/linux/arch/riscv/kernel/entry.S
[03:49:54] [spechunter] [text] Let me check the CSR write dispatch mechanism and how `wr_mask` is passed.  
[03:49:54] [spechunter] [Grep] pattern='wr_mask.*=.*\\\\(target_ulong\\\\)-1'
[03:49:54] [spechunter] [Grep] pattern='rmw_xiselect'
[03:51:40] [spechunter] [text] Now let me check if there are any direct writes to miselect/siselect/vsiselect that bypass the write mask, and also chec...
[03:51:40] [spechunter] [Grep] pattern='env->miselect|env->siselect|env->vsiselect'
[03:51:40] [spechunter] [Grep] pattern='->miselect\\s*=|->siselect\\s*=|->vsiselect\\s*='
[03:53:23] [spechunter] [Read] /home/yzs/riscv/linux/arch/riscv/include/asm/csr.h
[03:53:23] [spechunter] [Grep] pattern='aclint|aclic|smidctrl|midctrl|haveg|HAVEG|iprio.*loop|loop.*iprio|for.*is.*iprio'
[03:53:23] [spechunter] [Grep] pattern='sswi|SSWI'
[03:53:51] [spechunter] [text] Now let me check the predicate and dispatch logic more carefully.  
[03:53:51] [spechunter] [Read] /home/yzs/riscv/qemu/target/riscv/csr.c
[03:53:51] [spechunter] [Grep] pattern='SMSTATEEN0_SVSLCT|SMSTATEEN0_AIA|SMSTATEEN0_IMSIC'
[03:54:38] [spechunter] [text] Now let me look at the KVM CSR dispatch to understand the full wiring for sireg2-6 and any broader CSR handling.  
[03:54:38] [spechunter] [Grep] pattern='CSR_SIREG2|CSR_SIREG3|CSR_SIREG4|CSR_SIREG5|CSR_SIREG6\\.IR|0x152|0x153|0x154|0x155|0x156'
[03:54:38] [spechunter] [Grep] pattern='MISELECT|MIREG|SISELECT|SIREG|VSISELECT|VSIREG'
[03:54:38] [spechunter] [Read] /home/yzs/riscv/linux/arch/riscv/kvm/vcpu_insn.c
[03:56:26] [spechunter] [text] Prompt is too long
[03:56:39] [spechunter] [Read] /home/yzs/riscv/qemu/target/riscv/csr.c
[03:56:39] [spechunter] [Grep] pattern='write_mstatush|MSTATUSH'
[03:57:10] [spechunter] [text] Let me verify the key code locations to cross-validate against the PR context.  
[03:57:10] [spechunter] [Read] /home/yzs/riscv/linux/arch/riscv/kvm/aia.c
[03:57:10] [spechunter] [Read] /home/yzs/riscv/linux/arch/riscv/include/asm/csr.h
[03:58:09] [spechunter] [text] Now let me verify the KVM AIA header declaration.  
[03:58:09] [spechunter] [Read] /home/yzs/riscv/linux/arch/riscv/include/asm/kvm_aia.h
[03:58:35] [spechunter] [text] Let me look at the CSR dispatch framework to understand how predicates and handlers are invoked.  
[03:58:35] [spechunter] [Grep] pattern='riscv_csrrw\\b|riscv_csr_operations|csr_ops\\['
[03:58:35] [spechunter] [Grep] pattern='RISCVException.*csr_ops\\[\\]|csr_pred_fn'
[03:58:44] [spechunter] [text] Let me read the full `riscv_csrrw` dispatch logic and check how the CSR table is structured.  
[03:58:44] [spechunter] [Read] /home/yzs/riscv/qemu/target/riscv/csr.c
[03:58:44] [spechunter] [Read] /home/yzs/riscv/qemu/target/riscv/csr.c
[03:59:50] [spechunter] [text] ## Cross-Validation Analysis  **Key insight**: The PR ("Smidctrl: Adding definition of behavior in unimplemented registe...
[04:00:21] [spechunter] [Grep] pattern='CSR_XISELECT|XISELECT|xislect|CSR_XIREG|XIREG|xireg'
[04:00:21] [spechunter] [Grep] pattern='smaia|ssaia|SMAIA|SSAIA|aia_indirect'
[04:00:21] [spechunter] [Grep] pattern='impid|imsic|IMSIC'
[04:00:29] [spechunter] [Read] /home/yzs/riscv/qemu/target/riscv/csr.c
[04:00:29] [spechunter] [Read] /home/yzs/riscv/qemu/target/riscv/machine.c
[04:00:29] [spechunter] [Read] /home/yzs/riscv/qemu/target/riscv/machine.c
[04:00:37] [spechunter] [text] Let me search for the actual CSR access code related to the indirect register access pattern in the RISC-V AIA (IMSIC) c...
[04:00:37] [spechunter] [Grep] pattern='xiselect|XISELECT|iselect|ISELECT'
[04:00:37] [spechunter] [Grep] pattern='CSR_SISELECT|CSR_VSISELECT|CSR_XISELECT'
[04:00:37] [spechunter] [Grep] pattern='CSR_SIREG|CSR_VSIREG|CSR_XIREG'
[04:00:52] [spechunter] [Read] /home/yzs/riscv/linux/arch/riscv/include/asm/csr.h
[04:00:52] [spechunter] [Read] /home/yzs/riscv/linux/drivers/irqchip/irq-riscv-imsic-state.c
[04:01:06] [spechunter] [Read] /home/yzs/riscv/linux/drivers/irqchip/irq-riscv-imsic-state.c
[04:01:06] [spechunter] [Read] /home/yzs/riscv/linux/drivers/irqchip/irq-riscv-imsic-state.h
[04:01:25] [spechunter] [text] Let me check what `iselect` values the IMSIC code uses, and also look at any code related to the `smsdidctrl` or the 0x1...
[04:01:25] [spechunter] [Grep] pattern='IMSIC_EIP0|IMSIC_EIE0|IMSIC_EIPx|IMSIC_EIEx'
[04:01:25] [spechunter] [Grep] pattern='smsdidctrl|smdidctrl|Smsdidctrl'
[04:01:25] [spechunter] [Grep] pattern='0x1000.*iselect|iselect.*0x1000|ISELEXC|iselect_range|ISELECT_MASK'
[04:01:29] [spechunter] [Read] /home/yzs/riscv/linux/include/linux/irqchip/riscv-imsic.h
[04:01:29] [spechunter] [Read] /home/yzs/riscv/linux/arch/riscv/kvm/aia_imsic.c
[04:01:58] [spechunter] [Read] /home/yzs/riscv/linux/arch/riscv/kvm/aia_imsic.c
[04:01:58] [spechunter] [Read] /home/yzs/riscv/linux/arch/riscv/kvm/aia_imsic.c
[04:02:28] [spechunter] [text] Let me check for any other indirect register access patterns and for the specific CSR range in the security spec.  
[04:02:28] [spechunter] [Grep] pattern='0x[0-9a-fA-F]*.1000|iprio|IPRIO|smsdid|SMSDID'
[04:02:28] [spechunter] [Grep] pattern='csr_write.*ISELECT|csr_read.*IREG|csr_write.*IREG'
[04:02:28] [spechunter] [Read] /home/yzs/riscv/linux/arch/riscv/kvm/aia.c
[04:02:39] [spechunter] [text] Now let me check for additional paths like the `xiselect_aia_range` behavior with the ACLIC range and odd iselect on XLE...
[04:02:39] [spechunter] [Read] /home/yzs/riscv/qemu/target/riscv/cpu_bits.h
[04:02:39] [spechunter] [Read] /home/yzs/riscv/qemu/target/riscv/csr.c
[04:02:44] [spechunter] [text] Let me look at more relevant code paths, including the vcpu_onereg handling and how the KVM handles indirect register ac...
[04:02:44] [spechunter] [Read] /home/yzs/riscv/linux/arch/riscv/kvm/aia.c
[04:02:44] [spechunter] [Read] /home/yzs/riscv/linux/arch/riscv/kvm/vcpu_onereg.c
[04:02:55] [spechunter] [text] Let me cross-validate these locations against the actual code, focusing on the PR context about Smidctrl behavior in uni...
[04:02:55] [spechunter] [Read] /home/yzs/riscv/qemu/target/riscv/csr.c
[04:02:55] [spechunter] [Read] /home/yzs/riscv/qemu/target/riscv/csr.c
[04:02:58] [spechunter] [Grep] pattern='CSR_MISELECT|CSR_MIREG|0x350|0x351'
[04:02:58] [spechunter] [Grep] pattern='CSR_MISELECT|CSR_MIREG|mislect|mireg'
[04:03:09] [spechunter] [Read] /home/yzs/riscv/qemu/target/riscv/csr.c
[04:03:09] [spechunter] [Grep] pattern='smidctrl|xiselect_ctr_range|ISELECT_CTR'
[04:03:18] [spechunter] [Grep] pattern='xiselect_ctr_range'
[04:03:18] [spechunter] [Grep] pattern='smidctrl|midctrl'
[04:03:41] [spechunter] [Grep] pattern='MIREG4|SIREG4|VSIREG4'
[04:03:41] [spechunter] [Grep] pattern='ext_smidctrl|smidctrl|MIDCTRL'
[04:04:02] [spechunter] [text] Let me also check for any Smsdidctrl-related definitions or the CSR_XISELECT register.  
[04:04:02] [spechunter] [Grep] pattern='smdid|SMDID|supervisor.domain|domain.id'
[04:04:02] [spechunter] [Grep] pattern='CSR_XISELECT|CSR_XIREG'
[04:04:49] [spechunter] [Read] /home/yzs/riscv/linux/arch/riscv/kvm/aia.c
[04:05:11] [spechunter] [text] Now let me check for what ranges are currently "implemented" vs "unimplemented" to confirm relevance:  
[04:05:11] [spechunter] [Grep] pattern='xiselect_cd_range|ISELECT_CD_FIRST|ISELECT_CD_LAST'
[04:05:11] [spechunter] [Grep] pattern='CTR_ENTRIES_FIRST|CTR_ENTRIES_LAST'
[04:05:17] [spechunter] [text] Let me check the smidctrl or related pending changes.  
[04:05:17] [spechunter] [Grep] pattern='smidctrl|smsdid|Smsdid|SMID'
[04:05:17] [spechunter] [Bash] Check recent commits
[04:05:55] [spechunter] [text] Now I have a clear picture of the code. Let me verify one more detail about the CSR table entries and then produce the f...
[04:05:55] [spechunter] [Read] /home/yzs/riscv/qemu/target/riscv/csr.c
[04:06:32] [spechunter] [text] Now I have a thorough understanding. Let me check the predicate functions to complete the cross-validation.  
[04:06:32] [spechunter] [Read] /home/yzs/riscv/qemu/target/riscv/csr.c
[04:06:42] [spechunter] [text] Now let me check the ISELECT_MASK definition and how it interacts with potential future extensions.  
[04:06:42] [spechunter] [Read] /home/yzs/riscv/linux/arch/riscv/include/asm/csr.h
[04:06:42] [spechunter] [Read] /home/yzs/riscv/linux/drivers/irqchip/irq-riscv-imsic-state.c
[04:07:21] [spechunter] [text] Now let me check the arch Kconfig for Smsdidctrl or any SMID-related config, and also look at how CPU hotplug handles IM...
[04:07:21] [spechunter] [Grep] pattern='imsic_state_online|imsic_state_offline|imsic_starting_cpu'
[04:07:21] [spechunter] [Grep] pattern='imsic.*state|imsic.*online|imsic.*offline|imsic.*hotplug'
[04:08:11] [spechunter] [text] Now I have a complete picture for cross-validation. Here's the final location set:  ```json {   "locations": [     {    ...
[04:08:32] [spechunter] [text] Now let me verify my understanding by checking whether there are any additional IREG registers beyond the single window ...
[04:08:32] [spechunter] [Grep] pattern='IREG[2-6]|IREG2|IREG3|IREG4|IREG5|IREG6|sireg[2-6]|vireg[2-6]|mireg[2-6]|0x152|0x153|0x154|0x155|0x156|0x252|0x253|0x352|0x353'
[04:08:32] [spechunter] [Grep] pattern='kvm_riscv_vcpu_aia_imsic_rmw|kvm_riscv_vcpu_aia_imsic_load|kvm_riscv_vcpu_aia_imsic_put'
[04:08:32] [spechunter] [text] I need to find the relevant code for indirect CSR access (siselect/sireg* and miselect/mireg*). Let me search the codeba...
[04:08:32] [spechunter] [Grep] pattern='siselect|miselect'
[04:08:32] [spechunter] [Grep] pattern='rmw_xireg|xireg[4-6]|sireg[4-6]|mireg[4-6]'
[04:08:32] [spechunter] [Grep] pattern='ISELECT_IPRIO|iselect.*range|0x1000.*0x1100'
[04:08:44] [spechunter] [Grep] pattern='ISELECT_IPRIO'
[04:08:44] [spechunter] [Grep] pattern='rmw_xireg'
[04:08:44] [spechunter] [Grep] pattern='ISELECT_IPRIO|iselect.*indirect|siselect|miselect'
[04:09:05] [spechunter] [text] Now let me check the KVM IMSIC load/put mechanism for the vsfile handling.  
[04:09:05] [spechunter] [Grep] pattern='kvm_riscv_vcpu_aia_imsic_load|kvm_riscv_vcpu_aia_imsic_put'
[04:09:07] [spechunter] [text] Let me read the full functions and check the specific ranges involved.  
[04:09:07] [spechunter] [Read] /home/yzs/riscv/qemu/target/riscv/csr.c
[04:09:07] [spechunter] [Grep] pattern='ISELECT_CD_FIRST|ISELECT_CD_LAST|ISELECT_CTR_FIRST|ISELECT_CTR_LAST'
[04:09:07] [spechunter] [Grep] pattern='ISELECT_IMSIC_FIRST|ISELECT_IMSIC_LAST'
[04:09:09] [spechunter] [Read] /home/yzs/riscv/linux/arch/riscv/kvm/aia_imsic.c
[04:09:38] [spechunter] [Read] /home/yzs/riscv/qemu/target/riscv/csr.c
[04:09:38] [spechunter] [Read] /home/yzs/riscv/qemu/target/riscv/csr.c
[04:09:38] [spechunter] [Grep] pattern='ISELECT_MASK_SXCSRIND|ISELECT_MASK_AIA|ISELECT_CTR'
[04:09:53] [spechunter] [Grep] pattern='CTR_ENTRIES_FIRST|CTR_ENTRIES_LAST'
[04:09:53] [spechunter] [Grep] pattern='0x1000|0x1100'
[04:10:50] [spechunter] [text] Now I have enough context. Let me verify one final detail about the `imsic_state_online` function and confirm no additio...
[04:10:50] [spechunter] [Read] /home/yzs/riscv/linux/drivers/irqchip/irq-riscv-imsic-state.c
[04:12:13] [spechunter] [text] Now I have all the information needed to produce the analysis. Let me verify one last aspect — the exact CSR definitions...
[04:12:13] [spechunter] [Read] /home/yzs/riscv/linux/arch/riscv/include/asm/csr.h
[04:12:18] [spechunter] [text] Now let me read the full `rmw_xiselect` to check write masking, and the precise range-check logic:  
[04:12:18] [spechunter] [Read] /home/yzs/riscv/qemu/target/riscv/csr.c
[04:12:18] [spechunter] [Read] /home/yzs/riscv/qemu/target/riscv/csr.c
[04:12:18] [spechunter] [Read] /home/yzs/riscv/qemu/target/riscv/cpu_bits.h
[04:12:52] [spechunter] [text] Let me check for any recent changes related to this PR and the smidctrl extension.  
[04:12:52] [spechunter] [Bash] Check recent git commits
[04:12:52] [spechunter] [Grep] pattern='smidctrl|SMIDCTRL|midctrl|iselect.*0x1[0-1]'
[04:12:52] [spechunter] [Grep] pattern='ISEJECT.*MIDCTRL|ISEJECT.*midctrl|iselect.*midctrl'
[04:14:28] [spechunter] [Grep] pattern='CSR_MIREG|CSR_SIREG|CSR_VSIREG'
[04:14:28] [spechunter] [Grep] pattern='CSR_MIREG4|CSR_SIREG4|CSR_VSIREG4|unimplemented|unimpl|reserved.*indirect|indirect.*reserved'
[04:15:38] [spechunter] [text] Let me also check the migration state and the vmstate structures for these CSRs.  
[04:15:38] [spechunter] [Grep] pattern='siselect|miselect|vsiselect'
[04:15:38] [spechunter] [Read] /home/yzs/riscv/qemu/target/riscv/csr.c
[04:16:29] [spechunter] [text] Now let me look at the full context of `rmw_xireg_csrind` and the iselect masking logic to fully understand the code flo...
[04:16:29] [spechunter] [Read] /home/yzs/riscv/qemu/target/riscv/csr.c
[04:16:29] [spechunter] [Read] /home/yzs/riscv/qemu/target/riscv/csr.c
[04:18:38] [spechunter] [text] Now let me also verify the `sstc`/`smstateen` path that could affect access, and check if there are any existing smidctr...
[04:18:38] [spechunter] [Grep] pattern='ext_smidctrl|smidctrl'
[04:18:38] [spechunter] [Read] /home/yzs/riscv/qemu/target/riscv/csr.c
[04:19:32] [spechunter] [text] Now let me also check the `rmw_xiselect` masking path more carefully and the `xiselect_aia_range` check for edge cases a...
[04:19:32] [spechunter] [Read] /home/yzs/riscv/qemu/target/riscv/csr.c
[04:19:32] [spechunter] [Read] /home/yzs/riscv/qemu/target/riscv/csr.c
[04:20:51] [spechunter] [text] Now I have a complete picture of the code paths. Let me verify one edge case — what happens for `rmw_xireg` via CSR_SIRE...
[04:20:51] [spechunter] [Read] /home/yzs/riscv/qemu/target/riscv/csr.c
[04:21:19] [spechunter] [text] Let me check the predicate functions to ensure the full access control path.  
[04:21:19] [spechunter] [Grep] pattern='csrind_smode|csrind_or_aia_smode|csrind_any'
[04:22:31] [spechunter] [text] Now I have a complete picture of all code paths. Let me verify one more nuance — how `wr_mask` is passed down to `rmw_xi...
[04:22:31] [spechunter] [Grep] pattern='csrind_extensions_present|csrind_or_aia_extensions_present'
[04:22:31] [spechunter] [Read] /home/yzs/riscv/qemu/target/riscv/csr.c
[04:23:25] [spechunter] [Grep] pattern='miselect|siselect'
[04:23:55] [spechunter] [text] Now I have complete understanding of all code paths. Let me verify the iselect masking depth one more time to confirm th...
[04:23:55] [spechunter] [Read] /home/yzs/riscv/qemu/target/riscv/csr.c
[04:24:46] [spechunter] [text] Now I have a complete picture of all the indirect CSR access code paths. Let me verify one more detail — how `wr_mask` i...
[04:24:46] [spechunter] [Grep] pattern='RISCV_EXCP_VIRT_INSTRUCTION_FAULT'
[04:27:10] [spechunter] [text] Now I have a thorough understanding of the complete indirect CSR access code paths. Let me verify my analysis by reading...
[04:27:10] [spechunter] [Read] /home/yzs/riscv/qemu/target/riscv/csr.c
[04:27:10] [spechunter] [Read] /home/yzs/riscv/qemu/target/riscv/csr.c
[04:27:49] [spechunter] [text] Let me check whether there are any recent smidctrl-related changes or pending code that could add the 0x1000-0x1100 rang...
[04:27:49] [spechunter] [Bash] Search all branches for smidctrl commits
[04:27:49] [spechunter] [Grep] pattern='ext_smidctrl|smidctrl|SMIDCTRL'
[04:27:49] [spechunter] [Grep] pattern='iselect.*mid|MID.*iselect|ispect.*mid'
[07:06:21] [spechunter] PR loaded: #705 riscv/riscv-fast-interrupt — "Smidctrl: Adding definition of behavior in unimplemented registers"
[07:06:21] [spechunter]   diff: 1168 chars  body: 1 chars  reviews: 0
[07:06:21] [spechunter] Global pre-filter running...
[07:06:34] [spechunter] [text] {"should_skip": false}
[07:06:35] [spechunter] pre-filter: should_skip=False reason=""
[07:06:55] [spechunter] [text] {"should_skip": true, "skip_reason": "Clarifies that reserved indirect CSRs (xireg4-xireg6) trap with illegal instructio...
[07:06:57] [spechunter] [text] {"should_skip": true, "skip_reason": "Documents exception behavior for reserved/unimplemented indirect CSR access regist...
[07:07:03] [spechunter] [text] {"should_skip": false}
[07:07:19] [spechunter] [text] {"should_skip": true, "skip_reason": "Defines hardware-level exception behavior for unimplemented ACLIC indirect CSR reg...
[07:07:20] [spechunter] [text] {"should_skip": false}
[07:07:31] [spechunter] [text] ```json {   "violation_condition": "In XiangShan RTL, when the indirect CSR access logic for the APLIC domain (xiselect/...
[07:07:51] [spechunter] [TodoWrite] 4 items
[07:08:07] [spechunter] [Grep] pattern='xiselect'
[07:08:07] [spechunter] [Grep] pattern='xireg'
[07:08:07] [spechunter] [Grep] pattern='is indirect|Indirect|indirectCSR|iselect|ireg|smidctrl|smid'
[07:08:07] [spechunter] [Grep] pattern='siselect|miselect|vsiselect|xiselect|sireg|mireg|vsireg|xireg'
[07:08:07] [spechunter] [Grep] pattern='smidctrl|Smidctrl|SMIDCTRL'
[07:08:11] [spechunter] [Grep] pattern='xiselect'
[07:08:11] [spechunter] [Grep] pattern='xireg[456]|xireg'
[07:08:11] [spechunter] [Grep] pattern='Smidctrl|smidctrl|SMIDCTRL'
[07:08:14] [spechunter] [Grep] pattern='siselect|sireg'
[07:08:21] [spechunter] [Grep] pattern='rmw_xiregi'
[07:08:23] [spechunter] [text] Let me read the key files related to indirect CSR access
[07:08:23] [spechunter] [Read] /home/yzs/riscv/XiangShan/src/main/scala/xiangshan/backend/fu/NewCSR/CSRIND.scala
[07:08:23] [spechunter] [Read] /home/yzs/riscv/XiangShan/src/main/scala/xiangshan/backend/fu/NewCSR/CSRAIA.scala
[07:08:31] [spechunter] [Read] /home/yzs/riscv/qemu/target/riscv/csr.c
[07:08:41] [spechunter] [Grep] pattern='xiselect'
[07:08:41] [spechunter] [Grep] pattern='xireg'
[07:08:41] [spechunter] [Grep] pattern='smidctrl'
[07:08:41] [spechunter] [Grep] pattern='iselect|ireg[456]'
[07:08:41] [spechunter] [Grep] pattern='SIse|siselect|Sireg|sireg|Miselect|miselect|Mireg|mireg'
[07:08:43] [spechunter] [Grep] pattern='rmw_xireg_csrind|ISELECT.*0x1000|0x1000|aclic'
[07:08:49] [spechunter] [Read] /home/yzs/riscv/qemu/target/riscv/csr.c
[07:08:54] [spechunter] [TodoWrite] 4 items
[07:09:01] [spechunter] [Read] /home/yzs/riscv/XiangShan/src/main/scala/xiangshan/backend/fu/NewCSR/CSRAIA.scala
[07:09:01] [spechunter] [Read] /home/yzs/riscv/XiangShan/src/main/scala/xiangshan/backend/fu/NewCSR/CSRIND.scala
[07:09:01] [spechunter] [Read] /home/yzs/riscv/XiangShan/src/main/scala/xiangshan/backend/fu/NewCSR/CSRPermitModule.scala
[07:09:18] [spechunter] [text] Now let me trace how `isIllegal` is used and how the indirect CSR access path works
[07:09:18] [spechunter] [Grep] pattern='isIllegal'
[07:09:18] [spechunter] [Grep] pattern='inIMSICRange|illegalInstr|indirect.*illegal|illegal.*indirect'
[07:09:18] [spechunter] [Grep] pattern='xiselect_cd_range|xiselect_ctr_range'
[07:09:20] [spechunter] [text] Now let me look at the CSR address definitions (CSRs.scala) and the main NewCSR.scala file for more context.  
[07:09:20] [spechunter] [Grep] pattern='siselect|sireg[23456]?|vsiselect|vsireg|miselect|mireg[23456]?'
[07:09:20] [spechunter] [Read] /home/yzs/riscv/XiangShan/src/main/scala/xiangshan/backend/fu/NewCSR/NewCSR.scala
[07:09:20] [spechunter] [Grep] pattern='0x150|0x151|0x152|0x153|0x154|0x155|0x156|0x157|0x250|0x251|0x252|0x253|0x254|0x255|0x256|0x257'
[07:09:23] [spechunter] [Read] /home/yzs/riscv/qemu/target/riscv/csr.c
[07:09:34] [spechunter] [Grep] pattern='ISELECT_CD_FIRST|ISELECT_CD_LAST|ISELECT_CD'
[07:09:37] [spechunter] [Read] /home/yzs/riscv/XiangShan/src/main/scala/xiangshan/backend/fu/NewCSR/CSRPermitModule.scala
[07:09:37] [spechunter] [Grep] pattern='indirectPermit|iselectIllegal|isIllegal|EX_II|exIllegal|illegalInstr'
[07:09:54] [spechunter] [text] Now let me search specifically for smidctrl-related CSR definitions and iselect range validation
[07:09:54] [spechunter] [Grep] pattern='smidctrl|SmIDCtrl|SMIDCTRL|iselect.*0x100|0x100.*iselect|0x10.*iselect'
[07:09:54] [spechunter] [Grep] pattern='mireg4|mireg5|mireg6|sireg4|sireg5|sireg6|ireg4|ireg5|ireg6'
[07:09:54] [spechunter] [Grep] pattern='smidctrl|smid'
[07:09:54] [spechunter] [text] Now let me check a few more related files for completeness.  
[07:09:54] [spechunter] [Read] /home/yzs/riscv/XiangShan/src/main/scala/xiangshan/backend/decode/isa/CSRs.scala
[07:09:54] [spechunter] [Read] /home/yzs/riscv/XiangShan/src/main/scala/xiangshan/backend/decode/isa/CSRs.scala
[07:09:54] [spechunter] [Read] /home/yzs/riscv/XiangShan/src/main/scala/xiangshan/backend/decode/isa/CSRs.scala
[07:09:54] [spechunter] [Read] /home/yzs/riscv/XiangShan/src/main/scala/xiangshan/backend/decode/isa/CSRs.scala
[07:09:54] [spechunter] [Read] /home/yzs/riscv/XiangShan/src/main/scala/xiangshan/backend/decode/isa/CSRs.scala
[07:09:54] [spechunter] [Read] /home/yzs/riscv/XiangShan/src/main/scala/device/imsic_axi_top.scala
[07:09:58] [spechunter] [Grep] pattern='xiselect_aia_range|aplic|APLIC'
[07:10:02] [spechunter] [Read] /home/yzs/riscv/XiangShan/src/main/scala/xiangshan/backend/fu/NewCSR/NewCSR.scala
[07:10:02] [spechunter] [Grep] pattern='isIllegal|iselect.*illegal|iselectIsIllegal|miselectIllegal|siselectIllegal'
[07:10:04] [spechunter] [text] Let me also check the existing findings files and the CSROoORead file.  
[07:10:04] [spechunter] [Read] /home/yzs/riscv/XiangShan/smidctrl_threshold_findings.json
[07:10:04] [spechunter] [Grep] pattern='iselect|ireg|siselect|sireg|Smidctrl|smidctrl'
[07:10:04] [spechunter] [Grep] pattern='0x154|0x153|0x155|0x156|0x157|0x254|0x255|0x256|0x257|0x354|0x355|0x356|0x357'
[07:10:06] [spechunter] [Read] /home/yzs/riscv/qemu/target/riscv/csr.c
[07:10:06] [spechunter] [Grep] pattern='rmw_xireg_aia'
[07:10:39] [spechunter] [text] Now let me check the iommu file which is the only modified file according to git status.  
[07:10:39] [spechunter] [Grep] pattern='aclic|smidctrl|SMIDCTRL|ACLIC'
[07:11:18] [spechunter] [text] Let me look at how `isIllegal` output is wired in NewCSR, and check for the smidctrl threshold findings file  
[07:11:18] [spechunter] [Grep] pattern='isIllegal|isIMSIC|inIMSIC'
[07:11:18] [spechunter] [Read] /home/yzs/riscv/XiangShan/src/main/scala/xiangshan/backend/fu/NewCSR/NewCSR.scala
[07:11:22] [spechunter] [text] Now let me check whether QEMU implements any ACLIC/Smidctrl at all
[07:11:22] [spechunter] [Grep] pattern='smidctrl|Smidctrl|SMIDCTRL|aclic|ACLIC|smclic|SMCLIC'
[07:11:22] [spechunter] [Grep] pattern='ISELECT_IPRIO|ISELECT_IMSIC|0x1000'
[07:11:31] [spechunter] [Read] /home/yzs/riscv/XiangShan/src/main/scala/xiangshan/backend/fu/NewCSR/NewCSR.scala
[07:11:38] [spechunter] [text] Here is the structured security specification for PR #705 from a QEMU emulation perspective:  ```json {   "violation_con...
[07:11:46] [spechunter] [Grep] pattern='\\.isIllegal'
[07:11:46] [spechunter] [Grep] pattern='miselect\\.|siselect\\.|vsiselect\\.'
[07:12:01] [spechunter] [text] Now I have a comprehensive picture. Here is the JSON with all locations:  ```json {   "locations": [     {       "file_p...
[07:12:04] [spechunter] [Grep] pattern='sireg[4-6]?|mireg[4-6]?|vsireg[4-6]?|siselect|miselect|vsiselect'
[07:12:04] [spechunter] [Grep] pattern='sireg[4-6]?|mireg[4-6]?|vsireg[4-6]?|siselect|miselect|vsiselect'
[07:12:04] [spechunter] [Grep] pattern='sireg[4-6]?|mireg[4-6]?|vsireg[4-6]?|siselect|miselect|vsiselect'
[07:12:04] [spechunter] [Grep] pattern='sireg|mireg|vsireg|siselect|miselect|vsiselect'
[07:12:04] [spechunter] [Grep] pattern='sireg|mireg|vsireg|siselect|miselect|vsiselect'
[07:12:13] [spechunter] [TodoWrite] 5 items
[07:12:34] [spechunter] [Grep] pattern='rmw_xireg_csrind'
[07:12:34] [spechunter] [Grep] pattern='rmw_xireg'
[07:12:34] [spechunter] [Grep] pattern='smidctrl\\|Smidctrl\\|SMIDCTRL'
[07:12:34] [spechunter] [Grep] pattern='rmw_xireg|rmw_xiregi'
[07:12:34] [spechunter] [Grep] pattern='ISELECT_IMSIC|ISELECT_ACLIC|ISELECT_IPRIO|ISELECT_MASK'
[07:12:34] [spechunter] [Grep] pattern='CSR_MIREG|CSR_SIREG|CSR_VSIREG|CSR_MISELECT|CSR_SISELECT|CSR_VSISELECT'
[07:12:34] [spechunter] [Grep] pattern='sireg|mireg|vsireg|siselect|miselect|vsiselect'
[07:12:41] [spechunter] [Read] /home/yzs/riscv/qemu/target/riscv/csr.c
[07:12:41] [spechunter] [Read] /home/yzs/riscv/qemu/target/riscv/cpu_bits.h
[07:12:41] [spechunter] [Read] /home/yzs/riscv/qemu/target/riscv/cpu_bits.h
[07:12:47] [spechunter] [text] Now let me look at how `miselect.rdata` is used to select iprio registers, and the CSR read data path  
[07:12:47] [spechunter] [Read] /home/yzs/riscv/XiangShan/src/main/scala/xiangshan/backend/fu/NewCSR/NewCSR.scala
[07:12:47] [spechunter] [Read] /home/yzs/riscv/XiangShan/src/main/scala/xiangshan/backend/fu/NewCSR/NewCSR.scala
[07:12:57] [spechunter] [Read] /home/yzs/riscv/qemu/target/riscv/csr.c
[07:12:57] [spechunter] [Grep] pattern='aclic\\|ACLIC'
[07:12:57] [spechunter] [Grep] pattern='xiselect.*range\\|iselect.*range\\|xiselect_range'
[07:13:03] [spechunter] [text] Let me also check the S-mode and VS-mode CSR definitions and any additional references.  
[07:13:03] [spechunter] [Read] /home/yzs/riscv/qemu/target/riscv/cpu_bits.h
[07:13:03] [spechunter] [Read] /home/yzs/riscv/qemu/target/riscv/cpu_bits.h
[07:13:03] [spechunter] [Read] /home/yzs/riscv/qemu/target/riscv/csr.c
[07:13:03] [spechunter] [Read] /home/yzs/riscv/qemu/target/riscv/csr.c
[07:13:03] [spechunter] [Read] /home/yzs/riscv/qemu/target/riscv/csr.c
[07:13:13] [spechunter] [Grep] pattern='CTR_ENTRIES_FIRST|CTR_ENTRIES_LAST'
[07:13:13] [spechunter] [Grep] pattern='sireg|mireg|vsireg|siselect|miselect|vsiselect'
[07:13:13] [spechunter] [Grep] pattern='miselect|siselect|vsiselect'
[07:13:13] [spechunter] [text] Now let me look at the rdata path for mireg and how the iprio registers are selected
[07:13:13] [spechunter] [Read] /home/yzs/riscv/XiangShan/src/main/scala/xiangshan/backend/fu/NewCSR/NewCSR.scala
[07:13:17] [spechunter] [Read] /home/yzs/riscv/qemu/target/riscv/csr.c
[07:13:17] [spechunter] [Read] /home/yzs/riscv/qemu/target/riscv/cpu_helper.c
[07:13:31] [spechunter] [Grep] pattern='xiselect_aia_range\\|xiselect_cd_range\\|xiselect_ctr_range'
[07:13:31] [spechunter] [Grep] pattern='CSR_MIREG\\|CSR_SIREG\\|CSR_VSIREG'
[07:13:31] [spechunter] [Grep] pattern='0x1000\\|SMIDCTRL\\|smidctrl'
[07:13:36] [spechunter] [Grep] pattern='SMTSTATEEN0_SVSLCT'
[07:13:42] [spechunter] [Grep] pattern='SMSTATEEN0_SVSLCT|smstateen_acc_ok'
[07:13:42] [spechunter] [Grep] pattern='SMSTATEEN0_SVSLCT'
[07:13:51] [spechunter] [Grep] pattern='xiselect_aia_range'
[07:13:51] [spechunter] [Grep] pattern='xiselect_cd_range'
[07:13:51] [spechunter] [Grep] pattern='xiselect_ctr_range'
[07:13:51] [spechunter] [Grep] pattern='xiselect_.*range\\|iselect_range\\|aia_range'
[07:14:13] [spechunter] [Read] /home/yzs/riscv/qemu/target/riscv/csr.c
[07:14:13] [spechunter] [Grep] pattern='CSR_MIREG[^A-Z]|CSR_SIREG[^A-Z]|CSR_VSIREG[^A-Z]'
[07:14:27] [spechunter] [Grep] pattern='ISELECT_IPRIO0|ISELECT_IPRIO15|ISELECT_IMSIC_FIRST|ISELECT_IMSIC_LAST|ISELECT_CD_FIRST|ISELECT_CD_LAST|CTR_ENTRIES_FIRST|CTR_ENTRIES_LAST'
[07:14:27] [spechunter] [Grep] pattern='xlen.*odd\\|odd.*xlen\\|iselect.*0x1\\|iselect.*odd\\|xlen != 32.*iselect'
[07:14:39] [spechunter] [text] ```json {   "locations": [     {       "file_path": "target/riscv/cpu_bits.h",       "function_name": null,       "line_...
[07:14:50] [spechunter] [Read] /home/yzs/riscv/qemu/target/riscv/csr.c
[07:14:50] [spechunter] [Read] /home/yzs/riscv/qemu/target/riscv/csr.c
[07:15:02] [spechunter] [Read] /home/yzs/riscv/qemu/target/riscv/csr.c
[07:15:02] [spechunter] [Grep] pattern='CSR_MIREG4\\b.*CSR_MIREG6|CSR_SIREG4\\b.*CSR_SIREG6|MIREG4.*MIREG6'
[07:15:02] [spechunter] [Grep] pattern='miselect|siselect|vsiselect'
[07:15:25] [spechunter] [Read] /home/yzs/riscv/qemu/target/riscv/csr.c
[07:15:25] [spechunter] [TodoWrite] 5 items
[07:15:54] [spechunter] [text] Let me look at how CSRs are addressed and the IMSIC/APLIC indirect path more carefully.  
[07:15:54] [spechunter] [Grep] pattern='mireg4|mireg5|mireg6|sireg4|sireg5|sireg6|mireg2|mireg3|sireg2|sireg3|mireg\\b'
[07:15:54] [spechunter] [Grep] pattern='msised|mireg4|mireg5|mireg6|sireg4|sireg5|sireg6|APLIC|aplic|ised\\b'
[07:15:58] [spechunter] [Grep] pattern='rmw_xiregi.*csrind|CSR_MIREG.*rmw|rmw_xireg[^ic]'
[07:15:58] [spechunter] [Grep] pattern='\\[\\s*CSR_MIREG\\s*\\]|\\[\\s*CSR_SIREG\\s*\\]|\\[\\s*CSR_VSIREG\\s*\\]|\\[\\s*CSR_MIREG4\\s*\\]|\\[\\s*CSR_SIREG4\\s*\\]|\\[\\s*CSR_VSIREG4\\s*\\]'
[07:16:12] [spechunter] [text] Now let me look at the full CSR table entries for xireg2-xireg6 and check for any existing XLEN-dependent select validat...
[07:16:12] [spechunter] [Read] /home/yzs/riscv/qemu/target/riscv/csr.c
[07:16:12] [spechunter] [Read] /home/yzs/riscv/qemu/target/riscv/csr.c
[07:16:12] [spechunter] [Read] /home/yzs/riscv/qemu/target/riscv/csr.c
[07:16:30] [spechunter] [Grep] pattern='ISELECT_MASK|iselect_mask|isel_mask'
[07:16:30] [spechunter] [Grep] pattern='csrind_xlate_vs_csrno'
[07:16:30] [spechunter] [Grep] pattern='SMSTATEEN0_SVSLCT'
[07:16:54] [spechunter] [text] Now let me check the old CSR.scala module for the APLIC/xiselect reference patterns
[07:16:54] [spechunter] [Grep] pattern='smidctrl|smid|iselect.*0x1000|0x1000.*iselect|xiselect|xireg'
[07:16:54] [spechunter] [Read] /home/yzs/riscv/XiangShan/smidctrl_threshold_findings.json
[07:17:07] [spechunter] [Grep] pattern='miselect|siselect|vsiselect'
[07:17:07] [spechunter] [Grep] pattern='miselect|siselect|vsiselect'
[07:17:07] [spechunter] [Grep] pattern='miselect|siselect|vsiselect'
[07:17:18] [spechunter] [Grep] pattern='miselect|siselect|vsiselect'
[07:17:18] [spechunter] [Grep] pattern='miselect|siselect|vsiselect'
[07:17:36] [spechunter] [Read] /home/yzs/riscv/qemu/target/riscv/machine.c
[07:17:36] [spechunter] [Read] /home/yzs/riscv/qemu/target/riscv/machine.c
[07:17:36] [spechunter] [Grep] pattern='miselect.*=.*0|siselect.*=.*0|vsiselect.*=.*0|iselect.*reset|iselect.*init'
[07:17:53] [spechunter] [Grep] pattern='miselect|siselect|vsiselect'
[07:17:53] [spechunter] [Grep] pattern='rmw.*sireg(2|3|4|5|6)|rmw.*mireg(2|3|4|5|6)|rmw.*vsireg(2|3|4|5|6)'
[07:17:53] [spechunter] [Read] /home/yzs/riscv/qemu/target/riscv/csr.c
[07:17:57] [spechunter] [text] Now let me verify the WARL constraint on miselect and look at the iselect range check more carefully.  
[07:17:57] [spechunter] [Read] /home/yzs/riscv/XiangShan/src/main/scala/xiangshan/backend/fu/NewCSR/CSRPermitModule.scala
[07:17:57] [spechunter] [Read] /home/yzs/riscv/XiangShan/src/main/scala/xiangshan/backend/fu/NewCSR/CSRAIA.scala
[07:18:18] [spechunter] [Read] /home/yzs/riscv/qemu/target/riscv/csr.c
[07:18:18] [spechunter] [Grep] pattern='CSR_MIREG4 - 1|CSR_SIREG4 - 1|CSR_VSIREG4 - 1'
[07:18:18] [spechunter] [Read] /home/yzs/riscv/qemu/target/riscv/cpu_bits.h
[07:18:29] [spechunter] [Grep] pattern='riscv_cpu_mxl_bits|riscv_cpu_mxl\\('
[07:18:29] [spechunter] [Grep] pattern='xlen != 32|xlen == 64|xlen.*iselect|iselect.*xlen'
[07:18:29] [spechunter] [Read] /home/yzs/riscv/qemu/target/riscv/csr.c
[07:19:12] [spechunter] [TodoWrite] 5 items
[07:19:19] [spechunter] [TodoWrite] 4 items
[07:19:34] [spechunter] [text] Let me also look at the CSR definitions for xiselect and xireg4/5/6 in the spec, and check how XiangShan handles these
[07:19:34] [spechunter] [Grep] pattern='xiselect|xireg|xireg4|xireg5|xireg6'
[07:19:42] [spechunter] [text] Now let me check if there's any reference to these CSRs anywhere in the codebase
[07:19:42] [spechunter] [Grep] pattern='0x351.*0x354|0x355|0x356|0x357|mireg4|mireg5|mireg6'
[07:19:42] [spechunter] [Read] /home/yzs/riscv/XiangShan/src/main/scala/xiangshan/backend/decode/isa/CSRs.scala
[07:19:57] [spechunter] [Bash] Check what files were changed in the last commit
[07:19:57] [spechunter] [Bash] Recent commits for context
[07:20:12] [spechunter] [Bash] View the actual diff of uncommitted changes
[07:20:23] [spechunter] [Bash] Full uncommitted diff vs HEAD
[07:20:23] [spechunter] [Bash] Diff of csr.c in last commit
[07:20:49] [spechunter] [text] Now let me check the WARL enforcement and how miselect values propagate through the indirect path.  
[07:20:49] [spechunter] [Read] /home/yzs/riscv/XiangShan/src/main/scala/xiangshan/backend/fu/NewCSR/NewCSR.scala
[07:20:49] [spechunter] [Grep] pattern='class Miselect|miselect\\.w\\.|miselect\\.rdata|miselect\\.regOut'
[07:20:52] [spechunter] [text] Let me look at what the actual code changes are about and find the truly relevant locations
[07:20:52] [spechunter] [Grep] pattern='MENVCFG_CDE'
[07:20:52] [spechunter] [Grep] pattern='scountinhibit'
[07:21:34] [spechunter] [text] Now let me look at the relevant locations for the actual scountinhibit CDE change and understand the smcdeleg/cde contex...
[07:21:34] [spechunter] [Read] /home/yzs/riscv/qemu/target/riscv/csr.c
[07:21:34] [spechunter] [Read] /home/yzs/riscv/qemu/target/riscv/csr.c
[07:21:34] [spechunter] [Read] /home/yzs/riscv/qemu/target/riscv/csr.c
[07:21:34] [spechunter] [Read] /home/yzs/riscv/qemu/target/riscv/csr.c
[07:22:12] [spechunter] [Read] /home/yzs/riscv/XiangShan/src/main/scala/xiangshan/backend/fu/NewCSR/CSRIND.scala
[07:22:12] [spechunter] [Read] /home/yzs/riscv/XiangShan/src/main/scala/xiangshan/backend/fu/NewCSR/CSRPermitModule.scala
[07:22:29] [spechunter] [Read] /home/yzs/riscv/XiangShan/src/main/scala/xiangshan/backend/fu/NewCSR/CSRAIA.scala
[07:22:43] [spechunter] [text] Now let me verify what the current branch actually contains versus what the PR context claims
[07:22:43] [spechunter] [Read] /home/yzs/riscv/qemu/target/riscv/csr.c
[07:22:43] [spechunter] [Read] /home/yzs/riscv/qemu/target/riscv/csr.c
[07:22:43] [spechunter] [Read] /home/yzs/riscv/qemu/target/riscv/cpu_bits.h
[07:23:11] [spechunter] [text] Now let me cross-validate the key locations against the PR topic "Smidctrl: Adding definition of behavior in unimplement...
[07:23:11] [spechunter] [Read] /home/yzs/riscv/XiangShan/src/main/scala/xiangshan/backend/fu/NewCSR/CSRAIA.scala
[07:24:02] [spechunter] [text] Let me check if there's a specific `smidctrl` register referenced in the codebase.  
[07:24:02] [spechunter] [Grep] pattern='smidctrl|Smidctrl|SMIDCTRL'
[07:24:02] [spechunter] [Grep] pattern='smidctrl|SMIDCTRL'
[07:24:07] [spechunter] [Read] /home/yzs/riscv/XiangShan/smidctrl_cross_validated_locations.json
[07:24:07] [spechunter] [Read] /home/yzs/riscv/XiangShan/smidctrl_threshold_findings.json
[07:24:37] [spechunter] [text] Now I have a clear picture. Let me produce the cross-validation analysis.  ```json {   "locations": [     "target/riscv/...
[07:25:00] [spechunter] [Grep] pattern='rmw_xireg'
[07:25:00] [spechunter] [Grep] pattern='xiselect.*aclic|aclic.*xiselect'
[07:25:00] [spechunter] [Grep] pattern='0x100[0-9a-fA-F].*iselect|iselect.*0x100[0-9a-fA-F]'
[07:25:13] [spechunter] [Grep] pattern='rmw_xireg'
[07:25:13] [spechunter] [Grep] pattern='smidctrl|Smidctrl|SMIDCTRL|aclic|ACLIC|Aclic'
[07:25:13] [spechunter] [Grep] pattern='iprio'
[07:25:34] [spechunter] [Read] /home/yzs/riscv/qemu/target/riscv/csr.c
[07:25:34] [spechunter] [Read] /home/yzs/riscv/qemu/target/riscv/csr.c
[07:25:45] [spechunter] [text] Now let me verify the xiselect range functions and check for any existing ACLIC/Smidctrl handling
[07:25:45] [spechunter] [Grep] pattern='xiselect_cd_range|xiselect_ctr_range|xiselect_aia_range'
[07:25:45] [spechunter] [Glob] **/spec_ref/riscv-isa-manual/**/*.adoc
[07:25:54] [spechunter] [Grep] pattern='smidctrl|Smidctrl|SMIDCTRL|aclic|ACLIC'
[07:25:54] [spechunter] [Read] /home/yzs/riscv/qemu/target/riscv/csr.c
[07:26:03] [spechunter] [text] Now let me verify the key code locations for correctness
[07:26:03] [spechunter] [Read] /home/yzs/riscv/XiangShan/src/main/scala/xiangshan/backend/fu/NewCSR/CSRIND.scala
[07:26:03] [spechunter] [Read] /home/yzs/riscv/XiangShan/src/main/scala/xiangshan/backend/decode/isa/CSRs.scala
[07:26:03] [spechunter] [Read] /home/yzs/riscv/XiangShan/src/main/scala/xiangshan/backend/fu/NewCSR/NewCSR.scala
[07:26:24] [spechunter] [Read] /home/yzs/riscv/rv-isa-sec/spec_ref/riscv-fast-interrupt/src/aclic.adoc
[07:26:47] [spechunter] [text] Now let me check if there are any ISELECT constants defined for the ACLIC range
[07:26:47] [spechunter] [Grep] pattern='ISELECT_IPRIO|ISELECT_IMSIC|ISELECT_CD_|ISELECT_CTR'
[07:26:47] [spechunter] [Grep] pattern='ISELECT_ACLIC|ISELECT_SMIDCTRL|0x1000.*ISELECT|ACLIC.*0x100'
[07:27:06] [spechunter] [text] Let me also check the cpu_bits.h and see if there are any Smidctrl-related defines or state
[07:27:06] [spechunter] [Grep] pattern='smidctrl|aclic|ISELECT.*0x100'
[07:27:06] [spechunter] [Grep] pattern='ISELECT_MASK_AIA|0x100[0-9a-fA-F]'
[07:27:30] [spechunter] [text] Now I have all the information needed. Let me read the spec excerpt for the specific normative constraints
[07:27:30] [spechunter] [Read] /home/yzs/riscv/rv-isa-sec/spec_ref/riscv-fast-interrupt/src/aclic.adoc
[07:28:07] [spechunter] [text] Now I have a complete understanding of the codebase. Here is the analysis:  ```json {   "findings": [     {       "file_...
[07:28:31] [spechunter] [text] Now I have all the context I need. Let me produce the cross-validated location set.  The PR is "Smidctrl: Adding definit...
[07:28:50] [spechunter] [Agent] description, subagent_type
[07:29:36] [spechunter] [Grep] pattern='xiselect|XISELECT'
[07:29:36] [spechunter] [Grep] pattern='xireg|XIREG'
[07:29:36] [spechunter] [Grep] pattern='iselect|ISELECT'
[07:29:36] [spechunter] [Grep] pattern='ireg[^s]'
[07:29:36] [spechunter] [Grep] pattern='(?i)indirect.*csr|csr.*indirect'
[07:29:36] [spechunter] [Grep] pattern='APLIC|aplic'
[07:29:36] [spechunter] [Grep] pattern='Smidctrl|SmidCtrl|smidctrl'
[07:29:36] [spechunter] [Grep] pattern='0x1000|0x1100'
[07:30:02] [spechunter] [Read] /home/yzs/riscv/XiangShan/src/main/scala/xiangshan/backend/fu/NewCSR/CSRIND.scala
[07:30:02] [spechunter] [Read] /home/yzs/riscv/XiangShan/src/main/scala/xiangshan/backend/fu/NewCSR/CSRAIA.scala
[07:30:02] [spechunter] [Read] /home/yzs/riscv/XiangShan/src/main/scala/xiangshan/backend/fu/NewCSR/CSRPermitModule.scala
[07:30:02] [spechunter] [Read] /home/yzs/riscv/XiangShan/src/main/scala/xiangshan/backend/fu/NewCSR/StateEnBundle.scala
[07:30:19] [spechunter] [Grep] pattern='miselect|siselect|vsiselect'
[07:30:19] [spechunter] [Grep] pattern='mireg|sireg|vsireg'
[07:30:19] [spechunter] [Grep] pattern='illegal|Illegal|ILLEGAL|EX_II|EX_VI'
[07:30:19] [spechunter] [Grep] pattern='iselect|Iselect|ISELECT'
[07:30:41] [spechunter] [Read] /home/yzs/riscv/XiangShan/src/main/scala/xiangshan/backend/fu/NewCSR/NewCSR.scala
[07:30:41] [spechunter] [Read] /home/yzs/riscv/XiangShan/src/main/scala/xiangshan/backend/fu/NewCSR/NewCSR.scala
[07:30:41] [spechunter] [Read] /home/yzs/riscv/XiangShan/src/main/scala/xiangshan/backend/fu/NewCSR/NewCSR.scala
[07:30:41] [spechunter] [Grep] pattern='isIllegal|is_illegal|HasISelectBundle'
[07:30:54] [spechunter] [Grep] pattern='\\.isIllegal'
[07:30:54] [spechunter] [Grep] pattern='imsicIllegal|fromAIA.*illegal'
[07:30:54] [spechunter] [Grep] pattern='EX_II|EX_VI|exception|Exception|trap|Trap'
[07:30:54] [spechunter] [Read] /home/yzs/riscv/XiangShan/src/main/scala/xiangshan/backend/decode/isa/CSRs.scala
[07:31:03] [spechunter] [Read] /home/yzs/riscv/XiangShan/src/main/scala/xiangshan/backend/fu/NewCSR/NewCSR.scala
[07:31:03] [spechunter] [Grep] pattern='aiaToCSR|HasAIABundle|fromAIA'
[07:31:03] [spechunter] [Grep] pattern='imsicIllegal|imsic_EX_II|imsic_EX_VI|permitMod.*EX_II|permitMod.*EX_VI'
[07:31:09] [spechunter] [Grep] pattern='noCSRIllegal'
[07:31:09] [spechunter] [Read] /home/yzs/riscv/XiangShan/src/main/scala/xiangshan/backend/fu/NewCSR/VirtualSupervisorLevel.scala
[07:31:18] [spechunter] [Grep] pattern='illegal.*csr|csr.*illegal|Illegal.*CSR|CSR.*illegal'
[07:31:18] [spechunter] [Grep] pattern='illegalAccess|ILLEGAL_ACCESS|illegal.*instr|IllegalInstr|illegalInstruction'
[07:31:18] [spechunter] [Grep] pattern='csrIllegal|readIllegal|writeIllegal'
[07:31:37] [spechunter] [Grep] pattern='EX_II.*csr|EX_VI.*csr|csr.*EX_II|csr.*EX_VI|Exception.*csr|trap.*csr|csr.*trap|csr.*exception'
[07:31:37] [spechunter] [Grep] pattern='class CSRModule|def setAddr|def rdata|regOut'
[07:31:45] [spechunter] [Read] /home/yzs/riscv/XiangShan/src/main/scala/xiangshan/backend/fu/NewCSR/NewCSR.scala
[07:31:45] [spechunter] [Grep] pattern='csrAddrExcp|cSR_EX|csr.*Excp'
[07:31:45] [spechunter] [Grep] pattern='illegalInst'
[07:31:51] [spechunter] [Read] /home/yzs/riscv/XiangShan/indirect_csr_access_findings.json
[07:31:51] [spechunter] [Read] /home/yzs/riscv/XiangShan/aclic_v3_mmio_spec_violation.json
[07:31:59] [spechunter] [Grep] pattern='xiselect|XISELECT|xaclic|XACLIC|aclic|ACLIC'
[07:31:59] [spechunter] [Grep] pattern='0x1000|0x10[0-9A-F]0|0x1100|range.*0x'
[07:31:59] [spechunter] [Grep] pattern='reserved|Reserved|RESERVED'
[07:33:05] [spechunter] [Read] /home/yzs/riscv/XiangShan/src/main/scala/xiangshan/backend/fu/NewCSR/HypervisorLevel.scala
[07:33:05] [spechunter] [Read] /home/yzs/riscv/XiangShan/src/main/scala/xiangshan/backend/fu/NewCSR/NewCSR.scala
[07:34:55] [spechunter] [text] Let me read the key source files to verify the findings in detail.  
[07:34:55] [spechunter] [Read] /home/yzs/riscv/XiangShan/src/main/scala/xiangshan/backend/fu/NewCSR/CSRIND.scala
[07:34:55] [spechunter] [Read] /home/yzs/riscv/XiangShan/src/main/scala/xiangshan/backend/fu/NewCSR/CSRAIA.scala
[07:34:55] [spechunter] [Read] /home/yzs/riscv/XiangShan/src/main/scala/xiangshan/backend/fu/NewCSR/CSRPermitModule.scala
[07:36:09] [spechunter] [text] Let me check how `isIllegal` is wired in NewCSR.scala and look at the spec reference documents
[07:36:09] [spechunter] [Grep] pattern='isIllegal'
[07:36:09] [spechunter] [Grep] pattern='inIMSICRange'
[07:36:09] [spechunter] [Bash] List spec reference directories
[07:36:27] [spechunter] [Agent] subagent_type, description
[07:36:41] [spechunter] [Bash] List top-level contents of riscv-isa-manual
[07:36:41] [spechunter] [Bash] List top-level contents of riscv-fast-interrupt
[07:36:41] [spechunter] [Bash] List top-level contents of riscv-cheri
[07:37:18] [spechunter] [Grep] pattern='Sscsrind|sscsrind'
[07:37:18] [spechunter] [Grep] pattern='Sscsrind|sscsrind'
[07:37:18] [spechunter] [Grep] pattern='xiselect|xireg|iselect|ireg'
[07:37:18] [spechunter] [Grep] pattern='xiselect|xireg|iselect|ireg'
[07:37:18] [spechunter] [Grep] pattern='indirect.*CSR|CSR.*indirect'
[07:37:18] [spechunter] [Grep] pattern='smidctrl|smid'
[07:37:57] [spechunter] [Read] /home/yzs/riscv/rv-isa-sec/spec_ref/riscv-isa-manual/src/priv/smcsrind.adoc
[07:37:57] [spechunter] [Read] /home/yzs/riscv/rv-isa-sec/spec_ref/riscv-isa-manual/normative_rule_defs/indirect-csr.yaml
[07:37:57] [spechunter] [Grep] pattern='0x1000|0x1100|4096|4352'
[07:37:57] [spechunter] [Grep] pattern='0x1000|0x1100|4096|4352'
[07:37:57] [spechunter] [Grep] pattern='APLIC|aplic'
[07:37:57] [spechunter] [Grep] pattern='trapped|illegal.instruction|ILLEGAL_INST'
[07:38:16] [spechunter] [Grep] pattern='xiselect|xireg|iselect|ireg|indirect|smidctrl|Sscsrind|smcsrind'
[07:38:42] [spechunter] [Read] /home/yzs/riscv/rv-isa-sec/spec_ref/riscv-fast-interrupt/src/aclic.adoc
[07:38:42] [spechunter] [Read] /home/yzs/riscv/rv-isa-sec/spec_ref/riscv-fast-interrupt/src/aclic.adoc
[07:38:42] [spechunter] [Read] /home/yzs/riscv/rv-isa-sec/spec_ref/riscv-fast-interrupt/src/aclic.adoc
[07:39:03] [spechunter] [Glob] **/*aia*
[07:39:03] [spechunter] [Glob] **/*.adoc
[07:39:03] [spechunter] [Grep] pattern='xiselect|miselect|siselect|iselect'
[07:39:03] [spechunter] [Grep] pattern='reserved.*xiselect|xiselect.*reserved|illegal.instruction'
[07:39:03] [spechunter] [Grep] pattern='Smaia|Ssaia|aia'
[07:39:28] [spechunter] [Grep] pattern='xiselect|xireg'
[07:39:28] [spechunter] [Read] /home/yzs/riscv/rv-isa-sec/spec_ref/riscv-fast-interrupt/src/aclic.adoc
[07:39:28] [spechunter] [Read] /home/yzs/riscv/rv-isa-sec/spec_ref/riscv-fast-interrupt/src/aclic.adoc
[07:39:28] [spechunter] [Read] /home/yzs/riscv/rv-isa-sec/spec_ref/riscv-fast-interrupt/src/aclic.adoc
[07:39:28] [spechunter] [Read] /home/yzs/riscv/rv-isa-sec/spec_ref/riscv-fast-interrupt/src/aclic.adoc
[07:40:06] [spechunter] [Read] /home/yzs/riscv/rv-isa-sec/spec_ref/riscv-fast-interrupt/src/aclic.adoc
[07:40:06] [spechunter] [Grep] pattern='reserved|xiselect|xireg[^23456]'
[07:40:06] [spechunter] [Grep] pattern='Smaia|Ssaia|APLIC'
[07:40:06] [spechunter] [Grep] pattern='0x10[0-9A-F][0-9A-F]|0x1100'
[07:40:22] [spechunter] [Read] /home/yzs/riscv/rv-isa-sec/spec_ref/riscv-fast-interrupt/src/aclic.adoc
[07:40:22] [spechunter] [Grep] pattern='aia|AIA|select value'
[07:40:22] [spechunter] [Grep] pattern='0x0030|select value.*allocated|miselect.*alloc'
[07:40:22] [spechunter] [Grep] pattern='xiselect|miselect'
[07:40:40] [spechunter] [Read] /home/yzs/riscv/rv-isa-sec/spec_ref/riscv-isa-manual/src/priv/csrs.adoc
[07:40:40] [spechunter] [Read] /home/yzs/riscv/rv-isa-sec/spec_ref/riscv-isa-manual/src/priv/csrs.adoc
[07:40:48] [spechunter] [Grep] pattern='xiselect|xireg4|miselect|siselect'
[07:40:48] [spechunter] [Read] /home/yzs/riscv/rv-isa-sec/spec_ref/riscv-fast-interrupt/src/aclic.adoc
[07:41:06] [spechunter] [Grep] pattern='xiselect|xireg|iselect|ireg|indirect'
[07:41:06] [spechunter] [Grep] pattern='\\{xt|=\\{xiselect|=\\{xireg'
[07:41:06] [spechunter] [Read] /home/yzs/riscv/rv-isa-sec/spec_ref/riscv-fast-interrupt/src/intro.adoc
[07:41:41] [spechunter] [Grep] pattern=':xiselect:|:xireg:|:miselect:|:siselect:'
[07:41:41] [spechunter] [Grep] pattern='xiselect|:iselect:'
[07:41:41] [spechunter] [Glob] **/*.yml
[07:41:49] [spechunter] [Grep] pattern='iselect|ireg4|xireg'
[07:41:49] [spechunter] [Glob] **/global-config*
[07:41:49] [spechunter] [Grep] pattern='xiselect|xireg|iselect|ireg'
[07:41:56] [spechunter] [Grep] pattern='aia|AIA'
[07:41:56] [spechunter] [Grep] pattern='AIA|Smaia|Ssaia'
[07:41:56] [spechunter] [Grep] pattern=':xiselect|:xireg|:xie|:mie|:sie'
[07:42:04] [spechunter] [Read] /home/yzs/riscv/rv-isa-sec/spec_ref/riscv-fast-interrupt/src/aclic.adoc
[07:42:14] [spechunter] [Grep] pattern='0x10[0-9A-F][0-9A-F]'
[07:42:14] [spechunter] [Grep] pattern='xiselect|miselect|siselect|select'
[07:43:10] [spechunter] [text] Let me read the exact spec text for the relevant sections.  
[07:43:10] [spechunter] [Read] /home/yzs/riscv/rv-isa-sec/spec_ref/riscv-fast-interrupt/src/aclic.adoc
[07:43:10] [spechunter] [Read] /home/yzs/riscv/rv-isa-sec/spec_ref/riscv-fast-interrupt/src/aclic.adoc
[07:43:10] [spechunter] [Read] /home/yzs/riscv/rv-isa-sec/spec_ref/riscv-isa-manual/src/priv/smcsrind.adoc
[07:44:25] [spechunter] [text] Now let me look at the NewCSR.scala wiring for the select registers and the WARL implementation to fully verify the beha...
[07:44:25] [spechunter] [Read] /home/yzs/riscv/XiangShan/src/main/scala/xiangshan/backend/fu/NewCSR/NewCSR.scala
[07:44:25] [spechunter] [Read] /home/yzs/riscv/XiangShan/src/main/scala/xiangshan/backend/fu/NewCSR/NewCSR.scala
[07:44:32] [spechunter] [text] Let me check the WARL implementation for `ISelectField` to understand write masking behavior.  
[07:44:32] [spechunter] [Grep] pattern='class ISelectField|WARLApply|ISelectField'
[07:44:32] [spechunter] [Grep] pattern='WARLApply|warlConstraint'
[07:44:47] [spechunter] [Read] /home/yzs/riscv/XiangShan/src/main/scala/xiangshan/backend/fu/NewCSR/CSRFields.scala
[07:44:47] [spechunter] [Read] /home/yzs/riscv/XiangShan/src/main/scala/xiangshan/backend/fu/NewCSR/CSRFields.scala
[07:44:58] [spechunter] [text] Now let me check the WARL write function behavior for the ISelectField when `null` is passed as the write function
[07:44:58] [spechunter] [Read] /home/yzs/riscv/XiangShan/src/main/scala/xiangshan/backend/fu/NewCSR/CSRFields.scala
[07:44:58] [spechunter] [Grep] pattern='class WARL|def legalize|writeFn|wfn.*null|null.*wfn|WARLType'
[07:45:22] [spechunter] [Grep] pattern='def legalize|wNoFilter|WARL.*wfn|null.*write'
[07:45:22] [spechunter] [Grep] pattern='ISelectField|SISelectField|MISelectField|VSISelectField'
[07:47:25] [spechunter] [text] Now let me verify the CSR address definitions for completeness
[07:47:25] [spechunter] [Grep] pattern='mireg|sireg|vsireg|miselect|siselect|vsiselect'
[07:51:18] [spechunter] [text] Let me verify one more critical detail about the WARL write behavior and the miselect bit width  
[07:51:18] [spechunter] [Grep] pattern='def update|wdata.*legalize|WARL.*legalize|reg :=.*legalize'
[07:51:23] [spechunter] [Grep] pattern='def regWrite|regWrite|wdata.*legalize|write.*legal|\\.reg :='
[07:51:41] [spechunter] [Grep] pattern='def regRead|class CSRModule|regUpdate|when.*wen|wdata.*reg'
[07:51:54] [spechunter] [Grep] pattern='class CSRModule'
[07:51:59] [spechunter] [Read] /home/yzs/riscv/XiangShan/src/main/scala/xiangshan/backend/fu/NewCSR/CSRModule.scala
[07:53:14] [spechunter] [text] Now I have a thorough understanding of the RTL. Let me also verify the `isLegal` behavior for the ISelectField and check...
[07:53:14] [spechunter] [Grep] pattern='def isLegal|legalRange'
[07:53:14] [spechunter] [Grep] pattern='xiselect|xaclic|aclic|APLIC|Smidctrl|Ssidctrl'
[07:56:40] [spechunter] [text] Now I have a comprehensive understanding of the full codebase. Let me read the spec file one more time for exact citatio...
[07:56:40] [spechunter] [Read] /home/yzs/riscv/rv-isa-sec/spec_ref/riscv-fast-interrupt/src/aclic.adoc
[07:56:40] [spechunter] [Read] /home/yzs/riscv/rv-isa-sec/spec_ref/riscv-fast-interrupt/src/aclic.adoc
[07:58:38] [spechunter] [text] Now I have a thorough understanding of all the relevant RTL. Here's my analysis:  ---  The analysis covers three key asp...
[07:58:38] [spechunter] [Write] /home/yzs/riscv/XiangShan/smidctrl_security_audit.json
[07:59:08] [spechunter] [text] My security audit is complete. The findings JSON has been written to `smidctrl_security_audit.json`. Here's a summary:  ...
